To honour the JVM settings for this build a single-use Daemon process will be forked. For more on this, please refer to https://docs.gradle.org/9.2.1/userguide/gradle_daemon.html#sec:disabling_the_daemon in the Gradle documentation.
Daemon will be stopped at the end of the build 
Reusing configuration cache.
> Task :createMinecraftArtifacts UP-TO-DATE

> Task :compileJava
G:\Proyectos\Mods_Minecraft\the_sundering\neoforge\26.2\src\main\java\com\skd\thesundering\blockentities\AltarOfAbyss_Block_Entity.java:248: error: cannot find symbol
    protected void applyImplicitComponents(BlockEntity.DataComponentInput p_338534_) {
                                                      ^
  symbol:   class DataComponentInput
  location: class BlockEntity
G:\Proyectos\Mods_Minecraft\the_sundering\neoforge\26.2\src\main\java\com\skd\thesundering\blockentities\AltarOfFire_Block_Entity.java:251: error: cannot find symbol
    protected void applyImplicitComponents(BlockEntity.DataComponentInput p_338534_) {
                                                      ^
  symbol:   class DataComponentInput
  location: class BlockEntity
G:\Proyectos\Mods_Minecraft\the_sundering\neoforge\26.2\src\main\java\com\skd\thesundering\blockentities\AltarOfVoid_Block_Entity.java:34: error: cannot find symbol
import net.minecraft.world.entity.MobSpawnType;
                                 ^
  symbol:   class MobSpawnType
  location: package net.minecraft.world.entity
G:\Proyectos\Mods_Minecraft\the_sundering\neoforge\26.2\src\main\java\com\skd\thesundering\blockentities\Boss_Respawn_Spawner_Block_Entity.java:34: error: cannot find symbol
import com.skd.thesundering.Cataclysm;
                           ^
  symbol:   class Cataclysm
  location: package com.skd.thesundering
G:\Proyectos\Mods_Minecraft\the_sundering\neoforge\26.2\src\main\java\com\skd\thesundering\blockentities\Boss_Respawn_Spawner_Block_Entity.java:55: error: cannot find symbol
import net.minecraft.world.entity.MobSpawnType;
                                 ^
  symbol:   class MobSpawnType
  location: package net.minecraft.world.entity
G:\Proyectos\Mods_Minecraft\the_sundering\neoforge\26.2\src\main\java\com\skd\thesundering\blockentities\Cursed_tombstone_Entity.java:55: error: cannot find symbol
import net.minecraft.world.entity.MobSpawnType;
                                 ^
  symbol:   class MobSpawnType
  location: package net.minecraft.world.entity
G:\Proyectos\Mods_Minecraft\the_sundering\neoforge\26.2\src\main\java\com\skd\thesundering\blocks\Altar_Of_Abyss_Block.java:51: error: cannot find symbol
import net.minecraft.world.ItemInteractionResult;
                          ^
  symbol:   class ItemInteractionResult
  location: package net.minecraft.world
G:\Proyectos\Mods_Minecraft\the_sundering\neoforge\26.2\src\main\java\com\skd\thesundering\blocks\Altar_Of_Abyss_Block.java:73: error: cannot find symbol
import net.minecraft.world.level.block.state.properties.DirectionProperty;
                                                       ^
  symbol:   class DirectionProperty
  location: package net.minecraft.world.level.block.state.properties
G:\Proyectos\Mods_Minecraft\the_sundering\neoforge\26.2\src\main\java\com\skd\thesundering\blocks\Altar_Of_Abyss_Block.java:88: error: cannot find symbol
    public static final DirectionProperty FACING = HorizontalDirectionalBlock.FACING;
                        ^
  symbol:   class DirectionProperty
  location: class Altar_Of_Abyss_Block
G:\Proyectos\Mods_Minecraft\the_sundering\neoforge\26.2\src\main\java\com\skd\thesundering\blocks\Altar_Of_Abyss_Block.java:103: error: cannot find symbol
    public ItemInteractionResult useItemOn(ItemStack stack, BlockState state, Level worldIn, BlockPos pos, Player player, InteractionHand handIn, BlockHitResult hit) {
           ^
  symbol:   class ItemInteractionResult
  location: class Altar_Of_Abyss_Block
G:\Proyectos\Mods_Minecraft\the_sundering\neoforge\26.2\src\main\java\com\skd\thesundering\blocks\Altar_Of_Amethyst_Block.java:45: error: cannot find symbol
import net.minecraft.world.ItemInteractionResult;
                          ^
  symbol:   class ItemInteractionResult
  location: package net.minecraft.world
G:\Proyectos\Mods_Minecraft\the_sundering\neoforge\26.2\src\main\java\com\skd\thesundering\blocks\Altar_Of_Amethyst_Block.java:62: error: cannot find symbol
import net.minecraft.world.level.block.state.properties.DirectionProperty;
                                                       ^
  symbol:   class DirectionProperty
  location: package net.minecraft.world.level.block.state.properties
G:\Proyectos\Mods_Minecraft\the_sundering\neoforge\26.2\src\main\java\com\skd\thesundering\blocks\Altar_Of_Amethyst_Block.java:72: error: cannot find symbol
    public static final DirectionProperty FACING = HorizontalDirectionalBlock.FACING;
                        ^
  symbol:   class DirectionProperty
  location: class Altar_Of_Amethyst_Block
G:\Proyectos\Mods_Minecraft\the_sundering\neoforge\26.2\src\main\java\com\skd\thesundering\blocks\Altar_Of_Amethyst_Block.java:92: error: cannot find symbol
    public ItemInteractionResult useItemOn(ItemStack stack, BlockState state, Level level, BlockPos pos, Player player, InteractionHand hand, BlockHitResult hit) {
           ^
  symbol:   class ItemInteractionResult
  location: class Altar_Of_Amethyst_Block
G:\Proyectos\Mods_Minecraft\the_sundering\neoforge\26.2\src\main\java\com\skd\thesundering\blocks\Altar_Of_Fire_Block.java:37: error: cannot find symbol
import net.minecraft.world.ItemInteractionResult;
                          ^
  symbol:   class ItemInteractionResult
  location: package net.minecraft.world
G:\Proyectos\Mods_Minecraft\the_sundering\neoforge\26.2\src\main\java\com\skd\thesundering\blocks\Altar_Of_Fire_Block.java:63: error: cannot find symbol
    public ItemInteractionResult useItemOn(ItemStack stack, BlockState state, Level worldIn, BlockPos pos, Player player, InteractionHand handIn, BlockHitResult hit) {
           ^
  symbol:   class ItemInteractionResult
  location: class Altar_Of_Fire_Block
G:\Proyectos\Mods_Minecraft\the_sundering\neoforge\26.2\src\main\java\com\skd\thesundering\blocks\Boss_Respawn_Spawner_Block.java:41: error: cannot find symbol
import net.minecraft.world.ItemInteractionResult;
                          ^
  symbol:   class ItemInteractionResult
  location: package net.minecraft.world
G:\Proyectos\Mods_Minecraft\the_sundering\neoforge\26.2\src\main\java\com\skd\thesundering\blocks\Boss_Respawn_Spawner_Block.java:86: error: cannot find symbol
    protected ItemInteractionResult useItemOn(ItemStack stack, BlockState state, Level level, BlockPos pos, Player player, InteractionHand hand, BlockHitResult hitResult) {
              ^
  symbol:   class ItemInteractionResult
  location: class Boss_Respawn_Spawner_Block
G:\Proyectos\Mods_Minecraft\the_sundering\neoforge\26.2\src\main\java\com\skd\thesundering\blocks\Cursed_Tombstone_Block.java:48: error: cannot find symbol
import net.minecraft.world.ItemInteractionResult;
                          ^
  symbol:   class ItemInteractionResult
  location: package net.minecraft.world
G:\Proyectos\Mods_Minecraft\the_sundering\neoforge\26.2\src\main\java\com\skd\thesundering\blocks\Cursed_Tombstone_Block.java:67: error: cannot find symbol
import net.minecraft.world.level.block.state.properties.DirectionProperty;
                                                       ^
  symbol:   class DirectionProperty
  location: package net.minecraft.world.level.block.state.properties
G:\Proyectos\Mods_Minecraft\the_sundering\neoforge\26.2\src\main\java\com\skd\thesundering\blocks\Cursed_Tombstone_Block.java:77: error: cannot find symbol
    public static final DirectionProperty FACING = HorizontalDirectionalBlock.FACING;
                        ^
  symbol:   class DirectionProperty
  location: class Cursed_Tombstone_Block
G:\Proyectos\Mods_Minecraft\the_sundering\neoforge\26.2\src\main\java\com\skd\thesundering\blocks\Cursed_Tombstone_Block.java:108: error: cannot find symbol
    protected ItemInteractionResult useItemOn(ItemStack p_316383_, BlockState state, Level worldIn, BlockPos pos, Player player, InteractionHand p_316216_, BlockHitResult p_316827_) {
              ^
  symbol:   class ItemInteractionResult
  location: class Cursed_Tombstone_Block
G:\Proyectos\Mods_Minecraft\the_sundering\neoforge\26.2\src\main\java\com\skd\thesundering\blocks\Door_of_Seal_Block.java:63: error: cannot find symbol
import net.minecraft.world.ItemInteractionResult;
                          ^
  symbol:   class ItemInteractionResult
  location: package net.minecraft.world
G:\Proyectos\Mods_Minecraft\the_sundering\neoforge\26.2\src\main\java\com\skd\thesundering\blocks\Door_of_Seal_Block.java:89: error: cannot find symbol
import net.minecraft.world.level.block.state.properties.DirectionProperty;
                                                       ^
  symbol:   class DirectionProperty
  location: package net.minecraft.world.level.block.state.properties
G:\Proyectos\Mods_Minecraft\the_sundering\neoforge\26.2\src\main\java\com\skd\thesundering\blocks\Door_of_Seal_Block.java:104: error: cannot find symbol
    public static final DirectionProperty FACING = HorizontalDirectionalBlock.FACING;
                        ^
  symbol:   class DirectionProperty
  location: class Door_of_Seal_Block
G:\Proyectos\Mods_Minecraft\the_sundering\neoforge\26.2\src\main\java\com\skd\thesundering\blocks\Door_of_Seal_Block.java:137: error: cannot find symbol
    protected ItemInteractionResult useItemOn(ItemStack stack, BlockState state, Level level, BlockPos pos, Player player, InteractionHand hand, BlockHitResult hit) {
              ^
  symbol:   class ItemInteractionResult
  location: class Door_of_Seal_Block
G:\Proyectos\Mods_Minecraft\the_sundering\neoforge\26.2\src\main\java\com\skd\thesundering\blocks\EMP_Block.java:56: error: cannot find symbol
import net.minecraft.world.level.block.state.properties.DirectionProperty;
                                                       ^
  symbol:   class DirectionProperty
  location: package net.minecraft.world.level.block.state.properties
G:\Proyectos\Mods_Minecraft\the_sundering\neoforge\26.2\src\main\java\com\skd\thesundering\blocks\EMP_Block.java:62: error: cannot find symbol
    public static final DirectionProperty TIP_DIRECTION = BlockStateProperties.VERTICAL_DIRECTION;
                        ^
  symbol:   class DirectionProperty
  location: class EMP_Block
G:\Proyectos\Mods_Minecraft\the_sundering\neoforge\26.2\src\main\java\com\skd\thesundering\blocks\FacingBlock.java:26: error: cannot find symbol
import net.minecraft.world.level.block.state.properties.DirectionProperty;
                                                       ^
  symbol:   class DirectionProperty
  location: package net.minecraft.world.level.block.state.properties
G:\Proyectos\Mods_Minecraft\the_sundering\neoforge\26.2\src\main\java\com\skd\thesundering\blocks\FacingBlock.java:32: error: cannot find symbol
    public static final DirectionProperty FACING = HorizontalDirectionalBlock.FACING;
                        ^
  symbol:   class DirectionProperty
  location: class FacingBlock
G:\Proyectos\Mods_Minecraft\the_sundering\neoforge\26.2\src\main\java\com\skd\thesundering\blocks\FacingPillarBlock.java:36: error: cannot find symbol
import net.minecraft.world.level.block.state.properties.DirectionProperty;
                                                       ^
  symbol:   class DirectionProperty
  location: package net.minecraft.world.level.block.state.properties
G:\Proyectos\Mods_Minecraft\the_sundering\neoforge\26.2\src\main\java\com\skd\thesundering\blocks\FacingPillarBlock.java:42: error: cannot find symbol
    public static final DirectionProperty FACING = BlockStateProperties.FACING;
                        ^
  symbol:   class DirectionProperty
  location: class FacingPillarBlock
G:\Proyectos\Mods_Minecraft\the_sundering\neoforge\26.2\src\main\java\com\skd\thesundering\blocks\Ink_Mural_Block.java:33: error: cannot find symbol
import net.minecraft.Util;
                    ^
  symbol:   class Util
  location: package net.minecraft
G:\Proyectos\Mods_Minecraft\the_sundering\neoforge\26.2\src\main\java\com\skd\thesundering\blocks\Ink_Mural_Block.java:39: error: cannot find symbol
import net.minecraft.world.ItemInteractionResult;
                          ^
  symbol:   class ItemInteractionResult
  location: package net.minecraft.world
G:\Proyectos\Mods_Minecraft\the_sundering\neoforge\26.2\src\main\java\com\skd\thesundering\blocks\Ink_Mural_Block.java:73: error: cannot find symbol
    protected ItemInteractionResult useItemOn(ItemStack stack, BlockState state, Level level, BlockPos pos, Player player, InteractionHand hand, BlockHitResult hitResult) {
              ^
  symbol:   class ItemInteractionResult
  location: class Ink_Mural_Block
G:\Proyectos\Mods_Minecraft\the_sundering\neoforge\26.2\src\main\java\com\skd\thesundering\blocks\Mechanical_fusion_Anvil.java:67: error: cannot find symbol
import net.minecraft.world.level.block.state.properties.DirectionProperty;
                                                       ^
  symbol:   class DirectionProperty
  location: package net.minecraft.world.level.block.state.properties
G:\Proyectos\Mods_Minecraft\the_sundering\neoforge\26.2\src\main\java\com\skd\thesundering\blocks\Mechanical_fusion_Anvil.java:79: error: cannot find symbol
    public static final DirectionProperty FACING = HorizontalDirectionalBlock.FACING;
                        ^
  symbol:   class DirectionProperty
  location: class Mechanical_fusion_Anvil
G:\Proyectos\Mods_Minecraft\the_sundering\neoforge\26.2\src\main\java\com\skd\thesundering\blocks\PointedIcicleBlock.java:66: error: cannot find symbol
import net.minecraft.world.entity.projectile.ThrownTrident;
                                            ^
  symbol:   class ThrownTrident
  location: package net.minecraft.world.entity.projectile
G:\Proyectos\Mods_Minecraft\the_sundering\neoforge\26.2\src\main\java\com\skd\thesundering\blocks\PointedIcicleBlock.java:81: error: cannot find symbol
import net.minecraft.world.level.block.state.properties.DirectionProperty;
                                                       ^
  symbol:   class DirectionProperty
  location: package net.minecraft.world.level.block.state.properties
G:\Proyectos\Mods_Minecraft\the_sundering\neoforge\26.2\src\main\java\com\skd\thesundering\blocks\PointedIcicleBlock.java:82: error: cannot find symbol
import net.minecraft.world.level.block.state.properties.DripstoneThickness;
                                                       ^
  symbol:   class DripstoneThickness
  location: package net.minecraft.world.level.block.state.properties
G:\Proyectos\Mods_Minecraft\the_sundering\neoforge\26.2\src\main\java\com\skd\thesundering\blocks\PointedIcicleBlock.java:100: error: cannot find symbol
    public static final DirectionProperty TIP_DIRECTION = BlockStateProperties.VERTICAL_DIRECTION;
                        ^
  symbol:   class DirectionProperty
  location: class PointedIcicleBlock
G:\Proyectos\Mods_Minecraft\the_sundering\neoforge\26.2\src\main\java\com\skd\thesundering\blocks\PointedIcicleBlock.java:101: error: cannot find symbol
    public static final EnumProperty<DripstoneThickness> THICKNESS = BlockStateProperties.DRIPSTONE_THICKNESS;
                                     ^
  symbol:   class DripstoneThickness
  location: class PointedIcicleBlock
G:\Proyectos\Mods_Minecraft\the_sundering\neoforge\26.2\src\main\java\com\skd\thesundering\blocks\PointedIcicleBlock.java:304: error: cannot find symbol
    private static void createDripstone(LevelAccessor p_154088_, BlockPos p_154089_, Direction p_154090_, DripstoneThickness p_154091_) {
                                                                                                          ^
  symbol:   class DripstoneThickness
  location: class PointedIcicleBlock
G:\Proyectos\Mods_Minecraft\the_sundering\neoforge\26.2\src\main\java\com\skd\thesundering\blocks\PointedIcicleBlock.java:347: error: cannot find symbol
    private static DripstoneThickness calculateDripstoneThickness(LevelReader p_154093_, BlockPos p_154094_, Direction p_154095_, boolean p_154096_) {
                   ^
  symbol:   class DripstoneThickness
  location: class PointedIcicleBlock
G:\Proyectos\Mods_Minecraft\the_sundering\neoforge\26.2\src\main\java\com\skd\thesundering\blocks\Property\CustomNoteBlockInstrument.java:24: error: Type has private access in NoteBlockInstrument
    private final NoteBlockInstrument.Type type;
                                     ^
G:\Proyectos\Mods_Minecraft\the_sundering\neoforge\26.2\src\main\java\com\skd\thesundering\blocks\Property\CustomNoteBlockInstrument.java:26: error: Type has private access in NoteBlockInstrument
    private CustomNoteBlockInstrument(String string2, Holder sound, NoteBlockInstrument.Type type) {
                                                                                       ^
G:\Proyectos\Mods_Minecraft\the_sundering\neoforge\26.2\src\main\java\com\skd\thesundering\blocks\Property\CustomNoteBlockInstrument.java:32: error: Type has private access in NoteBlockInstrument
    public NoteBlockInstrument.Type getType() {
                              ^
G:\Proyectos\Mods_Minecraft\the_sundering\neoforge\26.2\src\main\java\com\skd\thesundering\blocks\Sandstone_Poison_Dart_Trap.java:49: error: cannot find symbol
import net.minecraft.world.level.block.state.properties.DirectionProperty;
                                                       ^
  symbol:   class DirectionProperty
  location: package net.minecraft.world.level.block.state.properties
G:\Proyectos\Mods_Minecraft\the_sundering\neoforge\26.2\src\main\java\com\skd\thesundering\blocks\Sandstone_Poison_Dart_Trap.java:55: error: cannot find symbol
    public static final DirectionProperty FACING = HorizontalDirectionalBlock.FACING;
                        ^
  symbol:   class DirectionProperty
  location: class Sandstone_Poison_Dart_Trap
G:\Proyectos\Mods_Minecraft\the_sundering\neoforge\26.2\src\main\java\com\skd\thesundering\blocks\Statue_Block.java:74: error: cannot find symbol
import net.minecraft.world.level.block.state.properties.DirectionProperty;
                                                       ^
  symbol:   class DirectionProperty
  location: package net.minecraft.world.level.block.state.properties
G:\Proyectos\Mods_Minecraft\the_sundering\neoforge\26.2\src\main\java\com\skd\thesundering\blocks\Statue_Block.java:87: error: cannot find symbol
    public static final DirectionProperty FACING = HorizontalDirectionalBlock.FACING;
                        ^
  symbol:   class DirectionProperty
  location: class Statue_Block
G:\Proyectos\Mods_Minecraft\the_sundering\neoforge\26.2\src\main\java\com\skd\thesundering\client\animation\AnimationUtils.java:27: error: cannot find symbol
import net.minecraft.client.model.HierarchicalModel;
                                 ^
  symbol:   class HierarchicalModel
  location: package net.minecraft.client.model
G:\Proyectos\Mods_Minecraft\the_sundering\neoforge\26.2\src\main\java\com\skd\thesundering\client\animation\AnimationUtils.java:47: error: cannot find symbol
    public static void animateAmplitude(HierarchicalModel<?> model, AnimationState anim, AnimationDefinition animDef, float tick, float speed, float amplitude) {
                                        ^
  symbol:   class HierarchicalModel
  location: class AnimationUtils
G:\Proyectos\Mods_Minecraft\the_sundering\neoforge\26.2\src\main\java\com\skd\thesundering\client\animation\AnimationUtils.java:52: error: cannot find symbol
    public static void animateWalkAmplitude(HierarchicalModel<?> model, AnimationDefinition animDef, float limbSwing, float limbSwingAmount, float speed, float amplitude) {
                                            ^
  symbol:   class HierarchicalModel
  location: class AnimationUtils
G:\Proyectos\Mods_Minecraft\the_sundering\neoforge\26.2\src\main\java\com\skd\thesundering\client\event\ClientEvent.java:61: error: cannot find symbol
import com.skd.thesundering.Cataclysm;
                           ^
  symbol:   class Cataclysm
  location: package com.skd.thesundering
G:\Proyectos\Mods_Minecraft\the_sundering\neoforge\26.2\src\main\java\com\skd\thesundering\client\event\ClientEvent.java:88: error: cannot find symbol
import net.minecraft.Util;
                    ^
  symbol:   class Util
  location: package net.minecraft
G:\Proyectos\Mods_Minecraft\the_sundering\neoforge\26.2\src\main\java\com\skd\thesundering\client\event\ClientEvent.java:92: error: cannot find symbol
import net.minecraft.client.gui.GuiGraphics;
                               ^
  symbol:   class GuiGraphics
  location: package net.minecraft.client.gui
G:\Proyectos\Mods_Minecraft\the_sundering\neoforge\26.2\src\main\java\com\skd\thesundering\client\event\ClientEvent.java:95: error: cannot find symbol
import net.minecraft.client.renderer.MultiBufferSource;
                                    ^
  symbol:   class MultiBufferSource
  location: package net.minecraft.client.renderer
G:\Proyectos\Mods_Minecraft\the_sundering\neoforge\26.2\src\main\java\com\skd\thesundering\client\event\ClientEvent.java:97: error: cannot find symbol
import net.minecraft.client.renderer.entity.ItemRenderer;
                                           ^
  symbol:   class ItemRenderer
  location: package net.minecraft.client.renderer.entity
G:\Proyectos\Mods_Minecraft\the_sundering\neoforge\26.2\src\main\java\com\skd\thesundering\client\event\ClientEvent.java:127: error: cannot find symbol
import top.theillusivec4.curios.api.SlotTypePreset;
                                   ^
  symbol:   class SlotTypePreset
  location: package top.theillusivec4.curios.api
G:\Proyectos\Mods_Minecraft\the_sundering\neoforge\26.2\src\main\java\com\skd\thesundering\client\event\ClientSetup.java:31: error: cannot find symbol
import com.skd.thesundering.Cataclysm;
                           ^
  symbol:   class Cataclysm
  location: package com.skd.thesundering
G:\Proyectos\Mods_Minecraft\the_sundering\neoforge\26.2\src\main\java\com\skd\thesundering\client\event\ClientSetup.java:199: error: cannot find symbol
import net.minecraft.client.model.SkullModelBase;
                                 ^
  symbol:   class SkullModelBase
  location: package net.minecraft.client.model
G:\Proyectos\Mods_Minecraft\the_sundering\neoforge\26.2\src\main\java\com\skd\thesundering\client\event\ClientSetup.java:203: error: cannot find symbol
import net.minecraft.client.renderer.item.ItemProperties;
                                         ^
  symbol:   class ItemProperties
  location: package net.minecraft.client.renderer.item
G:\Proyectos\Mods_Minecraft\the_sundering\neoforge\26.2\src\main\java\com\skd\thesundering\client\gui\CustomBossBar.java:24: error: cannot find symbol
import net.minecraft.client.gui.GuiGraphics;
                               ^
  symbol:   class GuiGraphics
  location: package net.minecraft.client.gui
G:\Proyectos\Mods_Minecraft\the_sundering\neoforge\26.2\src\main\java\com\skd\thesundering\client\gui\CustomBossBar.java:163: error: cannot find symbol
    private void drawBar(GuiGraphics guiGraphics, int x, int y, BossEvent event) {
                         ^
  symbol:   class GuiGraphics
  location: class CustomBossBar
G:\Proyectos\Mods_Minecraft\the_sundering\neoforge\26.2\src\main\java\com\skd\thesundering\client\gui\GUIWeponfusion.java:15: error: cannot find symbol
import net.minecraft.client.gui.GuiGraphics;
                               ^
  symbol:   class GuiGraphics
  location: package net.minecraft.client.gui
G:\Proyectos\Mods_Minecraft\the_sundering\neoforge\26.2\src\main\java\com\skd\thesundering\client\gui\GUIWeponfusion.java:32: error: cannot find symbol
    protected void renderErrorIcon(GuiGraphics p_282905_, int p_283237_, int p_282237_) {
                                   ^
  symbol:   class GuiGraphics
  location: class GUIWeponfusion
G:\Proyectos\Mods_Minecraft\the_sundering\neoforge\26.2\src\main\java\com\skd\thesundering\client\gui\MinistrosityInventoryScreen.java:19: error: cannot find symbol
import net.minecraft.client.gui.GuiGraphics;
                               ^
  symbol:   class GuiGraphics
  location: package net.minecraft.client.gui
G:\Proyectos\Mods_Minecraft\the_sundering\neoforge\26.2\src\main\java\com\skd\thesundering\entity\Pet\Netherite_Ministrosity_Entity.java:86: error: cannot find symbol
import net.minecraft.advancements.CriteriaTriggers;
                                 ^
  symbol:   class CriteriaTriggers
  location: package net.minecraft.advancements
G:\Proyectos\Mods_Minecraft\the_sundering\neoforge\26.2\src\main\java\com\skd\thesundering\entity\Pet\Netherite_Ministrosity_Entity.java:105: error: cannot find symbol
import net.minecraft.world.ContainerListener;
                          ^
  symbol:   class ContainerListener
  location: package net.minecraft.world
G:\Proyectos\Mods_Minecraft\the_sundering\neoforge\26.2\src\main\java\com\skd\thesundering\entity\Pet\Netherite_Ministrosity_Entity.java:130: error: cannot find symbol
import net.minecraft.world.entity.animal.Bucketable;
                                        ^
  symbol:   class Bucketable
  location: package net.minecraft.world.entity.animal
G:\Proyectos\Mods_Minecraft\the_sundering\neoforge\26.2\src\main\java\com\skd\thesundering\entity\Pet\Netherite_Ministrosity_Entity.java:149: error: cannot find symbol
implements Bucketable,
           ^
  symbol: class Bucketable
G:\Proyectos\Mods_Minecraft\the_sundering\neoforge\26.2\src\main\java\com\skd\thesundering\entity\Pet\Netherite_Ministrosity_Entity.java:150: error: cannot find symbol
ContainerListener,
^
  symbol: class ContainerListener
G:\Proyectos\Mods_Minecraft\the_sundering\neoforge\26.2\src\main\java\com\skd\thesundering\client\gui\MinistrosityInventoryScreen.java:44: error: cannot find symbol
    protected void renderBg(GuiGraphics p_282553_, float p_282998_, int p_282929_, int p_283133_) {
                            ^
  symbol:   class GuiGraphics
  location: class MinistrosityInventoryScreen
G:\Proyectos\Mods_Minecraft\the_sundering\neoforge\26.2\src\main\java\com\skd\thesundering\client\gui\MinistrosityInventoryScreen.java:52: error: cannot find symbol
    public void render(GuiGraphics p_281697_, int p_282103_, int p_283529_, float p_283079_) {
                       ^
  symbol:   class GuiGraphics
  location: class MinistrosityInventoryScreen
G:\Proyectos\Mods_Minecraft\the_sundering\neoforge\26.2\src\main\java\com\skd\thesundering\client\model\block\AptrgangrHeadModel.java:23: error: cannot find symbol
import net.minecraft.client.model.SkullModelBase;
                                 ^
  symbol:   class SkullModelBase
  location: package net.minecraft.client.model
G:\Proyectos\Mods_Minecraft\the_sundering\neoforge\26.2\src\main\java\com\skd\thesundering\client\model\block\AptrgangrHeadModel.java:37: error: cannot find symbol
extends SkullModelBase {
        ^
  symbol: class SkullModelBase
G:\Proyectos\Mods_Minecraft\the_sundering\neoforge\26.2\src\main\java\com\skd\thesundering\client\model\block\DraugrHeadModel.java:22: error: cannot find symbol
import net.minecraft.client.model.SkullModelBase;
                                 ^
  symbol:   class SkullModelBase
  location: package net.minecraft.client.model
G:\Proyectos\Mods_Minecraft\the_sundering\neoforge\26.2\src\main\java\com\skd\thesundering\client\model\block\DraugrHeadModel.java:35: error: cannot find symbol
extends SkullModelBase {
        ^
  symbol: class SkullModelBase
G:\Proyectos\Mods_Minecraft\the_sundering\neoforge\26.2\src\main\java\com\skd\thesundering\client\model\block\KobolediatorHeadModel.java:22: error: cannot find symbol
import net.minecraft.client.model.SkullModelBase;
                                 ^
  symbol:   class SkullModelBase
  location: package net.minecraft.client.model
G:\Proyectos\Mods_Minecraft\the_sundering\neoforge\26.2\src\main\java\com\skd\thesundering\client\model\block\KobolediatorHeadModel.java:35: error: cannot find symbol
extends SkullModelBase {
        ^
  symbol: class SkullModelBase
G:\Proyectos\Mods_Minecraft\the_sundering\neoforge\26.2\src\main\java\com\skd\thesundering\client\model\CMModelLayers.java:60: error: cannot find symbol
import net.minecraft.client.model.HumanoidArmorModel;
                                 ^
  symbol:   class HumanoidArmorModel
  location: package net.minecraft.client.model
G:\Proyectos\Mods_Minecraft\the_sundering\neoforge\26.2\src\main\java\com\skd\thesundering\entity\AnimationMonster\BossMonsters\Amethyst_Crab_Entity.java:95: error: cannot find symbol
import net.minecraft.world.entity.MobSpawnType;
                                 ^
  symbol:   class MobSpawnType
  location: package net.minecraft.world.entity
G:\Proyectos\Mods_Minecraft\the_sundering\neoforge\26.2\src\main\java\com\skd\thesundering\entity\AnimationMonster\BossMonsters\LLibrary_Boss_Monster.java:59: error: cannot find symbol
import net.minecraft.world.entity.MobSpawnType;
                                 ^
  symbol:   class MobSpawnType
  location: package net.minecraft.world.entity
G:\Proyectos\Mods_Minecraft\the_sundering\neoforge\26.2\src\main\java\com\skd\thesundering\entity\AnimationMonster\BossMonsters\LLibrary_Boss_Monster.java:64: error: cannot find symbol
import net.minecraft.world.level.portal.DimensionTransition;
                                       ^
  symbol:   class DimensionTransition
  location: package net.minecraft.world.level.portal
G:\Proyectos\Mods_Minecraft\the_sundering\neoforge\26.2\src\main\java\com\skd\thesundering\entity\etc\IHomeEntity.java:18: error: cannot find symbol
import com.skd.thesundering.Cataclysm;
                           ^
  symbol:   class Cataclysm
  location: package com.skd.thesundering
G:\Proyectos\Mods_Minecraft\the_sundering\neoforge\26.2\src\main\java\com\skd\thesundering\entity\AnimationMonster\BossMonsters\Amethyst_Crab_Entity.java:200: error: cannot find symbol
    public boolean checkSpawnRules(LevelAccessor worldIn, MobSpawnType spawnReasonIn) {
                                                          ^
  symbol:   class MobSpawnType
  location: class Amethyst_Crab_Entity
G:\Proyectos\Mods_Minecraft\the_sundering\neoforge\26.2\src\main\java\com\skd\thesundering\entity\AnimationMonster\BossMonsters\Amethyst_Crab_Entity.java:204: error: cannot find symbol
    public static boolean canCrabSpawnSpawnRules(EntityType<? extends Amethyst_Crab_Entity> p_219020_, LevelAccessor p_219021_, MobSpawnType p_219022_, BlockPos p_219023_, RandomSource p_219024_) {
                                                                                                                                ^
  symbol:   class MobSpawnType
  location: class Amethyst_Crab_Entity
G:\Proyectos\Mods_Minecraft\the_sundering\neoforge\26.2\src\main\java\com\skd\thesundering\entity\AnimationMonster\BossMonsters\LLibrary_Boss_Monster.java:110: error: cannot find symbol
    public SpawnGroupData finalizeSpawn(ServerLevelAccessor level, DifficultyInstance difficulty, MobSpawnType spawnType, @Nullable SpawnGroupData spawnGroupData) {
                                                                                                  ^
  symbol:   class MobSpawnType
  location: class LLibrary_Boss_Monster
G:\Proyectos\Mods_Minecraft\the_sundering\neoforge\26.2\src\main\java\com\skd\thesundering\client\model\entity\Ancient_Remnant_Rework_Model.java:28: error: cannot find symbol
import net.minecraft.client.model.HierarchicalModel;
                                 ^
  symbol:   class HierarchicalModel
  location: package net.minecraft.client.model
G:\Proyectos\Mods_Minecraft\the_sundering\neoforge\26.2\src\main\java\com\skd\thesundering\client\model\entity\Ancient_Remnant_Rework_Model.java:39: error: cannot find symbol
extends HierarchicalModel<Ancient_Remnant_Entity> {
        ^
  symbol: class HierarchicalModel
G:\Proyectos\Mods_Minecraft\the_sundering\neoforge\26.2\src\main\java\com\skd\thesundering\entity\InternalAnimationMonster\IABossMonsters\Ancient_Remnant\Ancient_Remnant_Entity.java:142: error: cannot find symbol
import net.minecraft.world.entity.MobSpawnType;
                                 ^
  symbol:   class MobSpawnType
  location: package net.minecraft.world.entity
G:\Proyectos\Mods_Minecraft\the_sundering\neoforge\26.2\src\main\java\com\skd\thesundering\entity\InternalAnimationMonster\IABossMonsters\IABoss_monster.java:39: error: cannot find symbol
import com.skd.thesundering.Cataclysm;
                           ^
  symbol:   class Cataclysm
  location: package com.skd.thesundering
G:\Proyectos\Mods_Minecraft\the_sundering\neoforge\26.2\src\main\java\com\skd\thesundering\entity\InternalAnimationMonster\IABossMonsters\IABoss_monster.java:66: error: cannot find symbol
import net.minecraft.world.entity.MobSpawnType;
                                 ^
  symbol:   class MobSpawnType
  location: package net.minecraft.world.entity
G:\Proyectos\Mods_Minecraft\the_sundering\neoforge\26.2\src\main\java\com\skd\thesundering\entity\InternalAnimationMonster\IABossMonsters\IABoss_monster.java:72: error: cannot find symbol
import net.minecraft.world.level.portal.DimensionTransition;
                                       ^
  symbol:   class DimensionTransition
  location: package net.minecraft.world.level.portal
G:\Proyectos\Mods_Minecraft\the_sundering\neoforge\26.2\src\main\java\com\skd\thesundering\entity\InternalAnimationMonster\IABossMonsters\Ancient_Remnant\Ancient_Remnant_Entity.java:320: error: cannot find symbol
    public SpawnGroupData finalizeSpawn(ServerLevelAccessor p_29678_, DifficultyInstance p_29679_, MobSpawnType p_29680_, @Nullable SpawnGroupData p_29681_) {
                                                                                                   ^
  symbol:   class MobSpawnType
  location: class Ancient_Remnant_Entity
G:\Proyectos\Mods_Minecraft\the_sundering\neoforge\26.2\src\main\java\com\skd\thesundering\entity\InternalAnimationMonster\IABossMonsters\IABoss_monster.java:133: error: cannot find symbol
    public SpawnGroupData finalizeSpawn(ServerLevelAccessor level, DifficultyInstance difficulty, MobSpawnType spawnType, @Nullable SpawnGroupData spawnGroupData) {
                                                                                                  ^
  symbol:   class MobSpawnType
  location: class IABoss_monster
G:\Proyectos\Mods_Minecraft\the_sundering\neoforge\26.2\src\main\java\com\skd\thesundering\client\model\entity\Aptrgangr_Model.java:25: error: cannot find symbol
import net.minecraft.client.model.HierarchicalModel;
                                 ^
  symbol:   class HierarchicalModel
  location: package net.minecraft.client.model
G:\Proyectos\Mods_Minecraft\the_sundering\neoforge\26.2\src\main\java\com\skd\thesundering\client\model\entity\Aptrgangr_Model.java:36: error: cannot find symbol
extends HierarchicalModel<Aptrgangr_Entity> {
        ^
  symbol: class HierarchicalModel
G:\Proyectos\Mods_Minecraft\the_sundering\neoforge\26.2\src\main\java\com\skd\thesundering\entity\InternalAnimationMonster\Draugar\Aptrgangr_Entity.java:125: error: cannot find symbol
import net.minecraft.world.entity.animal.IronGolem;
                                        ^
  symbol:   class IronGolem
  location: package net.minecraft.world.entity.animal
G:\Proyectos\Mods_Minecraft\the_sundering\neoforge\26.2\src\main\java\com\skd\thesundering\entity\InternalAnimationMonster\Draugar\Aptrgangr_Entity.java:126: error: cannot find symbol
import net.minecraft.world.entity.animal.SnowGolem;
                                        ^
  symbol:   class SnowGolem
  location: package net.minecraft.world.entity.animal
G:\Proyectos\Mods_Minecraft\the_sundering\neoforge\26.2\src\main\java\com\skd\thesundering\entity\InternalAnimationMonster\Draugar\Aptrgangr_Entity.java:131: error: cannot find symbol
import net.minecraft.world.entity.npc.AbstractVillager;
                                     ^
  symbol:   class AbstractVillager
  location: package net.minecraft.world.entity.npc
G:\Proyectos\Mods_Minecraft\the_sundering\neoforge\26.2\src\main\java\com\skd\thesundering\entity\InternalAnimationMonster\Draugar\Aptrgangr_Entity.java:136: error: cannot find symbol
import net.minecraft.world.level.GameRules;
                                ^
  symbol:   class GameRules
  location: package net.minecraft.world.level
G:\Proyectos\Mods_Minecraft\the_sundering\neoforge\26.2\src\main\java\com\skd\thesundering\client\model\entity\Ceraunus_Model.java:29: error: cannot find symbol
import net.minecraft.client.model.HierarchicalModel;
                                 ^
  symbol:   class HierarchicalModel
  location: package net.minecraft.client.model
G:\Proyectos\Mods_Minecraft\the_sundering\neoforge\26.2\src\main\java\com\skd\thesundering\client\model\entity\Ceraunus_Model.java:47: error: cannot find symbol
extends HierarchicalModel<T> {
        ^
  symbol: class HierarchicalModel
G:\Proyectos\Mods_Minecraft\the_sundering\neoforge\26.2\src\main\java\com\skd\thesundering\client\model\entity\Cindaria_Model.java:23: error: cannot find symbol
import net.minecraft.client.model.HierarchicalModel;
                                 ^
  symbol:   class HierarchicalModel
  location: package net.minecraft.client.model
G:\Proyectos\Mods_Minecraft\the_sundering\neoforge\26.2\src\main\java\com\skd\thesundering\client\model\entity\Cindaria_Model.java:34: error: cannot find symbol
extends HierarchicalModel<Cindaria_Entity> {
        ^
  symbol: class HierarchicalModel
G:\Proyectos\Mods_Minecraft\the_sundering\neoforge\26.2\src\main\java\com\skd\thesundering\client\model\entity\Clawdian_Model.java:30: error: cannot find symbol
import net.minecraft.client.model.HierarchicalModel;
                                 ^
  symbol:   class HierarchicalModel
  location: package net.minecraft.client.model
G:\Proyectos\Mods_Minecraft\the_sundering\neoforge\26.2\src\main\java\com\skd\thesundering\client\model\entity\Clawdian_Model.java:41: error: cannot find symbol
extends HierarchicalModel<Clawdian_Entity> {
        ^
  symbol: class HierarchicalModel
G:\Proyectos\Mods_Minecraft\the_sundering\neoforge\26.2\src\main\java\com\skd\thesundering\entity\InternalAnimationMonster\Coralssus_Entity.java:111: error: cannot find symbol
import net.minecraft.world.entity.MobSpawnType;
                                 ^
  symbol:   class MobSpawnType
  location: package net.minecraft.world.entity
G:\Proyectos\Mods_Minecraft\the_sundering\neoforge\26.2\src\main\java\com\skd\thesundering\entity\InternalAnimationMonster\Coralssus_Entity.java:115: error: cannot find symbol
import net.minecraft.world.entity.VariantHolder;
                                 ^
  symbol:   class VariantHolder
  location: package net.minecraft.world.entity
G:\Proyectos\Mods_Minecraft\the_sundering\neoforge\26.2\src\main\java\com\skd\thesundering\entity\InternalAnimationMonster\Coralssus_Entity.java:144: error: cannot find symbol
implements VariantHolder<Variant>,
           ^
  symbol: class VariantHolder
G:\Proyectos\Mods_Minecraft\the_sundering\neoforge\26.2\src\main\java\com\skd\thesundering\entity\InternalAnimationMonster\Coralssus_Entity.java:144: error: cannot find symbol
implements VariantHolder<Variant>,
                         ^
  symbol: class Variant
G:\Proyectos\Mods_Minecraft\the_sundering\neoforge\26.2\src\main\java\com\skd\thesundering\entity\InternalAnimationMonster\Coralssus_Entity.java:304: error: cannot find symbol
    public SpawnGroupData finalizeSpawn(ServerLevelAccessor p_29678_, DifficultyInstance p_29679_, MobSpawnType p_29680_, @Nullable SpawnGroupData p_29681_) {
                                                                                                   ^
  symbol:   class MobSpawnType
  location: class Coralssus_Entity
G:\Proyectos\Mods_Minecraft\the_sundering\neoforge\26.2\src\main\java\com\skd\thesundering\entity\Deepling\Coral_Golem_Entity.java:123: error: cannot find symbol
import net.minecraft.world.entity.MobSpawnType;
                                 ^
  symbol:   class MobSpawnType
  location: package net.minecraft.world.entity
G:\Proyectos\Mods_Minecraft\the_sundering\neoforge\26.2\src\main\java\com\skd\thesundering\entity\Deepling\Coral_Golem_Entity.java:203: error: cannot find symbol
    public boolean checkSpawnRules(LevelAccessor worldIn, MobSpawnType spawnReasonIn) {
                                                          ^
  symbol:   class MobSpawnType
  location: class Coral_Golem_Entity
G:\Proyectos\Mods_Minecraft\the_sundering\neoforge\26.2\src\main\java\com\skd\thesundering\entity\Deepling\Coral_Golem_Entity.java:218: error: cannot find symbol
    public static boolean cangolemSpawn(EntityType<? extends Coral_Golem_Entity> guardian, LevelAccessor level, MobSpawnType spawnType, BlockPos pos, RandomSource random) {
                                                                                                                ^
  symbol:   class MobSpawnType
  location: class Coral_Golem_Entity
G:\Proyectos\Mods_Minecraft\the_sundering\neoforge\26.2\src\main\java\com\skd\thesundering\entity\Deepling\Deepling_Angler_Entity.java:96: error: cannot find symbol
import net.minecraft.world.entity.MobSpawnType;
                                 ^
  symbol:   class MobSpawnType
  location: package net.minecraft.world.entity
G:\Proyectos\Mods_Minecraft\the_sundering\neoforge\26.2\src\main\java\com\skd\thesundering\entity\Deepling\AbstractDeepling.java:59: error: cannot find symbol
import net.minecraft.world.entity.SpawnReason;
                                 ^
  symbol:   class SpawnReason
  location: package net.minecraft.world.entity
G:\Proyectos\Mods_Minecraft\the_sundering\neoforge\26.2\src\main\java\com\skd\thesundering\entity\Deepling\AbstractDeepling.java:63: error: cannot find symbol
extends LLibrary_Monster
        ^
  symbol: class LLibrary_Monster
G:\Proyectos\Mods_Minecraft\the_sundering\neoforge\26.2\src\main\java\com\skd\thesundering\entity\Deepling\AbstractDeepling.java:64: error: cannot find symbol
implements ISemiAquatic,
           ^
  symbol: class ISemiAquatic
G:\Proyectos\Mods_Minecraft\the_sundering\neoforge\26.2\src\main\java\com\skd\thesundering\entity\Deepling\Deepling_Angler_Entity.java:179: error: cannot find symbol
    public boolean checkSpawnRules(LevelAccessor worldIn, MobSpawnType spawnReasonIn) {
                                                          ^
  symbol:   class MobSpawnType
  location: class Deepling_Angler_Entity
G:\Proyectos\Mods_Minecraft\the_sundering\neoforge\26.2\src\main\java\com\skd\thesundering\entity\Deepling\Deepling_Angler_Entity.java:184: error: cannot find symbol
    public SpawnGroupData finalizeSpawn(ServerLevelAccessor p_34088_, DifficultyInstance p_34089_, MobSpawnType p_34090_, @Nullable SpawnGroupData p_34091_) {
                                                                                                   ^
  symbol:   class MobSpawnType
  location: class Deepling_Angler_Entity
G:\Proyectos\Mods_Minecraft\the_sundering\neoforge\26.2\src\main\java\com\skd\thesundering\entity\Deepling\Deepling_Angler_Entity.java:200: error: cannot find symbol
    public static boolean candeeplingSpawn(EntityType<? extends Deepling_Angler_Entity> guardian, LevelAccessor level, MobSpawnType spawnType, BlockPos pos, RandomSource random) {
                                                                                                                       ^
  symbol:   class MobSpawnType
  location: class Deepling_Angler_Entity
G:\Proyectos\Mods_Minecraft\the_sundering\neoforge\26.2\src\main\java\com\skd\thesundering\entity\Deepling\AbstractDeepling.java:205: error: cannot find symbol
    protected void addAdditionalSaveData(ValueOutput output) {
                                         ^
  symbol:   class ValueOutput
  location: class AbstractDeepling
G:\Proyectos\Mods_Minecraft\the_sundering\neoforge\26.2\src\main\java\com\skd\thesundering\entity\Deepling\AbstractDeepling.java:211: error: cannot find symbol
    protected void readAdditionalSaveData(ValueInput input) {
                                          ^
  symbol:   class ValueInput
  location: class AbstractDeepling
G:\Proyectos\Mods_Minecraft\the_sundering\neoforge\26.2\src\main\java\com\skd\thesundering\entity\Deepling\Deepling_Brute_Entity.java:103: error: cannot find symbol
import net.minecraft.world.entity.MobSpawnType;
                                 ^
  symbol:   class MobSpawnType
  location: package net.minecraft.world.entity
G:\Proyectos\Mods_Minecraft\the_sundering\neoforge\26.2\src\main\java\com\skd\thesundering\entity\Deepling\Deepling_Brute_Entity.java:186: error: cannot find symbol
    public boolean checkSpawnRules(LevelAccessor worldIn, MobSpawnType spawnReasonIn) {
                                                          ^
  symbol:   class MobSpawnType
  location: class Deepling_Brute_Entity
G:\Proyectos\Mods_Minecraft\the_sundering\neoforge\26.2\src\main\java\com\skd\thesundering\entity\Deepling\Deepling_Brute_Entity.java:191: error: cannot find symbol
    public SpawnGroupData finalizeSpawn(ServerLevelAccessor p_34088_, DifficultyInstance p_34089_, MobSpawnType p_34090_, @Nullable SpawnGroupData p_34091_) {
                                                                                                   ^
  symbol:   class MobSpawnType
  location: class Deepling_Brute_Entity
G:\Proyectos\Mods_Minecraft\the_sundering\neoforge\26.2\src\main\java\com\skd\thesundering\entity\Deepling\Deepling_Brute_Entity.java:202: error: cannot find symbol
    public static boolean candeeplingSpawn(EntityType<? extends Deepling_Brute_Entity> guardian, LevelAccessor level, MobSpawnType spawnType, BlockPos pos, RandomSource random) {
                                                                                                                      ^
  symbol:   class MobSpawnType
  location: class Deepling_Brute_Entity
G:\Proyectos\Mods_Minecraft\the_sundering\neoforge\26.2\src\main\java\com\skd\thesundering\entity\Deepling\Deepling_Entity.java:99: error: cannot find symbol
import net.minecraft.world.entity.MobSpawnType;
                                 ^
  symbol:   class MobSpawnType
  location: package net.minecraft.world.entity
G:\Proyectos\Mods_Minecraft\the_sundering\neoforge\26.2\src\main\java\com\skd\thesundering\entity\Deepling\Deepling_Entity.java:181: error: cannot find symbol
    public boolean checkSpawnRules(LevelAccessor worldIn, MobSpawnType spawnReasonIn) {
                                                          ^
  symbol:   class MobSpawnType
  location: class Deepling_Entity
G:\Proyectos\Mods_Minecraft\the_sundering\neoforge\26.2\src\main\java\com\skd\thesundering\entity\Deepling\Deepling_Entity.java:186: error: cannot find symbol
    public SpawnGroupData finalizeSpawn(ServerLevelAccessor p_34088_, DifficultyInstance p_34089_, MobSpawnType p_34090_, @Nullable SpawnGroupData p_34091_) {
                                                                                                   ^
  symbol:   class MobSpawnType
  location: class Deepling_Entity
G:\Proyectos\Mods_Minecraft\the_sundering\neoforge\26.2\src\main\java\com\skd\thesundering\entity\Deepling\Deepling_Entity.java:197: error: cannot find symbol
    public static boolean candeeplingSpawn(EntityType<? extends Deepling_Entity> guardian, LevelAccessor level, MobSpawnType spawnType, BlockPos pos, RandomSource random) {
                                                                                                                ^
  symbol:   class MobSpawnType
  location: class Deepling_Entity
G:\Proyectos\Mods_Minecraft\the_sundering\neoforge\26.2\src\main\java\com\skd\thesundering\entity\Deepling\Deepling_Priest_Entity.java:90: error: cannot find symbol
import net.minecraft.world.entity.MobSpawnType;
                                 ^
  symbol:   class MobSpawnType
  location: package net.minecraft.world.entity
G:\Proyectos\Mods_Minecraft\the_sundering\neoforge\26.2\src\main\java\com\skd\thesundering\entity\Deepling\Deepling_Priest_Entity.java:168: error: cannot find symbol
    public boolean checkSpawnRules(LevelAccessor worldIn, MobSpawnType spawnReasonIn) {
                                                          ^
  symbol:   class MobSpawnType
  location: class Deepling_Priest_Entity
G:\Proyectos\Mods_Minecraft\the_sundering\neoforge\26.2\src\main\java\com\skd\thesundering\entity\Deepling\Deepling_Priest_Entity.java:178: error: cannot find symbol
    public SpawnGroupData finalizeSpawn(ServerLevelAccessor p_34088_, DifficultyInstance p_34089_, MobSpawnType p_34090_, @Nullable SpawnGroupData p_34091_) {
                                                                                                   ^
  symbol:   class MobSpawnType
  location: class Deepling_Priest_Entity
G:\Proyectos\Mods_Minecraft\the_sundering\neoforge\26.2\src\main\java\com\skd\thesundering\entity\Deepling\Deepling_Priest_Entity.java:189: error: cannot find symbol
    public static boolean candeeplingSpawn(EntityType<? extends Deepling_Priest_Entity> guardian, LevelAccessor level, MobSpawnType spawnType, BlockPos pos, RandomSource random) {
                                                                                                                       ^
  symbol:   class MobSpawnType
  location: class Deepling_Priest_Entity
G:\Proyectos\Mods_Minecraft\the_sundering\neoforge\26.2\src\main\java\com\skd\thesundering\entity\Deepling\Deepling_Warlock_Entity.java:82: error: cannot find symbol
import net.minecraft.world.entity.MobSpawnType;
                                 ^
  symbol:   class MobSpawnType
  location: package net.minecraft.world.entity
G:\Proyectos\Mods_Minecraft\the_sundering\neoforge\26.2\src\main\java\com\skd\thesundering\entity\Deepling\Deepling_Warlock_Entity.java:157: error: cannot find symbol
    public boolean checkSpawnRules(LevelAccessor worldIn, MobSpawnType spawnReasonIn) {
                                                          ^
  symbol:   class MobSpawnType
  location: class Deepling_Warlock_Entity
G:\Proyectos\Mods_Minecraft\the_sundering\neoforge\26.2\src\main\java\com\skd\thesundering\entity\Deepling\Deepling_Warlock_Entity.java:167: error: cannot find symbol
    public SpawnGroupData finalizeSpawn(ServerLevelAccessor p_34088_, DifficultyInstance p_34089_, MobSpawnType p_34090_, @Nullable SpawnGroupData p_34091_) {
                                                                                                   ^
  symbol:   class MobSpawnType
  location: class Deepling_Warlock_Entity
G:\Proyectos\Mods_Minecraft\the_sundering\neoforge\26.2\src\main\java\com\skd\thesundering\entity\Deepling\Deepling_Warlock_Entity.java:178: error: cannot find symbol
    public static boolean candeeplingSpawn(EntityType<? extends Deepling_Warlock_Entity> guardian, LevelAccessor level, MobSpawnType spawnType, BlockPos pos, RandomSource random) {
                                                                                                                        ^
  symbol:   class MobSpawnType
  location: class Deepling_Warlock_Entity
G:\Proyectos\Mods_Minecraft\the_sundering\neoforge\26.2\src\main\java\com\skd\thesundering\client\model\entity\Draugr_Model.java:28: error: cannot find symbol
import net.minecraft.client.model.HierarchicalModel;
                                 ^
  symbol:   class HierarchicalModel
  location: package net.minecraft.client.model
G:\Proyectos\Mods_Minecraft\the_sundering\neoforge\26.2\src\main\java\com\skd\thesundering\client\model\entity\Draugr_Model.java:40: error: cannot find symbol
extends HierarchicalModel<Draugr_Entity>
        ^
  symbol: class HierarchicalModel
G:\Proyectos\Mods_Minecraft\the_sundering\neoforge\26.2\src\main\java\com\skd\thesundering\entity\InternalAnimationMonster\Draugar\Draugr_Entity.java:60: error: cannot find symbol
import net.minecraft.world.entity.MobSpawnType;
                                 ^
  symbol:   class MobSpawnType
  location: package net.minecraft.world.entity
G:\Proyectos\Mods_Minecraft\the_sundering\neoforge\26.2\src\main\java\com\skd\thesundering\entity\InternalAnimationMonster\Draugar\Draugr_Entity.java:72: error: cannot find symbol
import net.minecraft.world.entity.animal.IronGolem;
                                        ^
  symbol:   class IronGolem
  location: package net.minecraft.world.entity.animal
G:\Proyectos\Mods_Minecraft\the_sundering\neoforge\26.2\src\main\java\com\skd\thesundering\entity\InternalAnimationMonster\Draugar\Draugr_Entity.java:73: error: cannot find symbol
import net.minecraft.world.entity.animal.SnowGolem;
                                        ^
  symbol:   class SnowGolem
  location: package net.minecraft.world.entity.animal
G:\Proyectos\Mods_Minecraft\the_sundering\neoforge\26.2\src\main\java\com\skd\thesundering\entity\InternalAnimationMonster\Draugar\Draugr_Entity.java:76: error: cannot find symbol
import net.minecraft.world.entity.npc.AbstractVillager;
                                     ^
  symbol:   class AbstractVillager
  location: package net.minecraft.world.entity.npc
G:\Proyectos\Mods_Minecraft\the_sundering\neoforge\26.2\src\main\java\com\skd\thesundering\entity\InternalAnimationMonster\Draugar\Draugr_Entity.java:155: error: cannot find symbol
    public SpawnGroupData finalizeSpawn(ServerLevelAccessor p_34088_, DifficultyInstance p_34089_, MobSpawnType p_34090_, @Nullable SpawnGroupData p_34091_) {
                                                                                                   ^
  symbol:   class MobSpawnType
  location: class Draugr_Entity
G:\Proyectos\Mods_Minecraft\the_sundering\neoforge\26.2\src\main\java\com\skd\thesundering\client\model\entity\Drowned_Host_Model.java:28: error: cannot find symbol
import net.minecraft.client.model.ZombieModel;
                                 ^
  symbol:   class ZombieModel
  location: package net.minecraft.client.model
G:\Proyectos\Mods_Minecraft\the_sundering\neoforge\26.2\src\main\java\com\skd\thesundering\client\model\entity\Drowned_Host_Model.java:39: error: cannot find symbol
import net.minecraft.world.entity.monster.Zombie;
                                         ^
  symbol:   class Zombie
  location: package net.minecraft.world.entity.monster
G:\Proyectos\Mods_Minecraft\the_sundering\neoforge\26.2\src\main\java\com\skd\thesundering\client\model\entity\Drowned_Host_Model.java:47: error: cannot find symbol
extends ZombieModel<T> {
        ^
  symbol: class ZombieModel
G:\Proyectos\Mods_Minecraft\the_sundering\neoforge\26.2\src\main\java\com\skd\thesundering\client\model\entity\Drowned_Host_Model.java:46: error: cannot find symbol
public class Drowned_Host_Model<T extends Zombie>
                                          ^
  symbol: class Zombie
G:\Proyectos\Mods_Minecraft\the_sundering\neoforge\26.2\src\main\java\com\skd\thesundering\client\model\entity\Elemental_Spear_Model.java:18: error: cannot find symbol
import net.minecraft.client.model.HierarchicalModel;
                                 ^
  symbol:   class HierarchicalModel
  location: package net.minecraft.client.model
G:\Proyectos\Mods_Minecraft\the_sundering\neoforge\26.2\src\main\java\com\skd\thesundering\client\model\entity\Elemental_Spear_Model.java:28: error: cannot find symbol
extends HierarchicalModel<Elemental_Spear_Entity> {
        ^
  symbol: class HierarchicalModel
G:\Proyectos\Mods_Minecraft\the_sundering\neoforge\26.2\src\main\java\com\skd\thesundering\client\model\entity\Elite_Draugr_Model.java:28: error: cannot find symbol
import net.minecraft.client.model.HierarchicalModel;
                                 ^
  symbol:   class HierarchicalModel
  location: package net.minecraft.client.model
G:\Proyectos\Mods_Minecraft\the_sundering\neoforge\26.2\src\main\java\com\skd\thesundering\client\model\entity\Elite_Draugr_Model.java:40: error: cannot find symbol
extends HierarchicalModel<Elite_Draugr_Entity>
        ^
  symbol: class HierarchicalModel
G:\Proyectos\Mods_Minecraft\the_sundering\neoforge\26.2\src\main\java\com\skd\thesundering\entity\InternalAnimationMonster\Draugar\Elite_Draugr_Entity.java:79: error: cannot find symbol
import net.minecraft.world.entity.MobSpawnType;
                                 ^
  symbol:   class MobSpawnType
  location: package net.minecraft.world.entity
G:\Proyectos\Mods_Minecraft\the_sundering\neoforge\26.2\src\main\java\com\skd\thesundering\entity\InternalAnimationMonster\Draugar\Elite_Draugr_Entity.java:90: error: cannot find symbol
import net.minecraft.world.entity.animal.IronGolem;
                                        ^
  symbol:   class IronGolem
  location: package net.minecraft.world.entity.animal
G:\Proyectos\Mods_Minecraft\the_sundering\neoforge\26.2\src\main\java\com\skd\thesundering\entity\InternalAnimationMonster\Draugar\Elite_Draugr_Entity.java:91: error: cannot find symbol
import net.minecraft.world.entity.animal.SnowGolem;
                                        ^
  symbol:   class SnowGolem
  location: package net.minecraft.world.entity.animal
G:\Proyectos\Mods_Minecraft\the_sundering\neoforge\26.2\src\main\java\com\skd\thesundering\entity\InternalAnimationMonster\Draugar\Elite_Draugr_Entity.java:95: error: cannot find symbol
import net.minecraft.world.entity.npc.AbstractVillager;
                                     ^
  symbol:   class AbstractVillager
  location: package net.minecraft.world.entity.npc
G:\Proyectos\Mods_Minecraft\the_sundering\neoforge\26.2\src\main\java\com\skd\thesundering\entity\InternalAnimationMonster\Draugar\Elite_Draugr_Entity.java:242: error: cannot find symbol
    public SpawnGroupData finalizeSpawn(ServerLevelAccessor p_34088_, DifficultyInstance p_34089_, MobSpawnType p_34090_, @Nullable SpawnGroupData p_34091_) {
                                                                                                   ^
  symbol:   class MobSpawnType
  location: class Elite_Draugr_Entity
G:\Proyectos\Mods_Minecraft\the_sundering\neoforge\26.2\src\main\java\com\skd\thesundering\entity\AnimationMonster\Endermaptera_Entity.java:90: error: cannot find symbol
import net.minecraft.world.entity.MobSpawnType;
                                 ^
  symbol:   class MobSpawnType
  location: package net.minecraft.world.entity
G:\Proyectos\Mods_Minecraft\the_sundering\neoforge\26.2\src\main\java\com\skd\thesundering\entity\AnimationMonster\Endermaptera_Entity.java:367: error: cannot find symbol
    public static boolean canSpawn(EntityType<Endermaptera_Entity> entity, ServerLevelAccessor worldIn, MobSpawnType reason, BlockPos pos, RandomSource randomIn) {
                                                                                                        ^
  symbol:   class MobSpawnType
  location: class Endermaptera_Entity
G:\Proyectos\Mods_Minecraft\the_sundering\neoforge\26.2\src\main\java\com\skd\thesundering\entity\AnimationMonster\BossMonsters\Ender_Golem_Entity.java:97: error: cannot find symbol
import net.minecraft.world.entity.animal.AbstractGolem;
                                        ^
  symbol:   class AbstractGolem
  location: package net.minecraft.world.entity.animal
G:\Proyectos\Mods_Minecraft\the_sundering\neoforge\26.2\src\main\java\com\skd\thesundering\entity\AnimationMonster\BossMonsters\Ender_Golem_Entity.java:98: error: cannot find symbol
import net.minecraft.world.entity.animal.IronGolem;
                                        ^
  symbol:   class IronGolem
  location: package net.minecraft.world.entity.animal
G:\Proyectos\Mods_Minecraft\the_sundering\neoforge\26.2\src\main\java\com\skd\thesundering\entity\AnimationMonster\BossMonsters\Ender_Guardian_Entity.java:153: error: cannot find symbol
import net.minecraft.world.entity.animal.AbstractGolem;
                                        ^
  symbol:   class AbstractGolem
  location: package net.minecraft.world.entity.animal
G:\Proyectos\Mods_Minecraft\the_sundering\neoforge\26.2\src\main\java\com\skd\thesundering\entity\AnimationMonster\BossMonsters\Ender_Guardian_Entity.java:154: error: cannot find symbol
import net.minecraft.world.entity.animal.IronGolem;
                                        ^
  symbol:   class IronGolem
  location: package net.minecraft.world.entity.animal
G:\Proyectos\Mods_Minecraft\the_sundering\neoforge\26.2\src\main\java\com\skd\thesundering\client\model\entity\Flare_Bomb_Model.java:18: error: cannot find symbol
import net.minecraft.client.model.HierarchicalModel;
                                 ^
  symbol:   class HierarchicalModel
  location: package net.minecraft.client.model
G:\Proyectos\Mods_Minecraft\the_sundering\neoforge\26.2\src\main\java\com\skd\thesundering\client\model\entity\Flare_Bomb_Model.java:29: error: cannot find symbol
extends HierarchicalModel<Flare_Bomb_Entity> {
        ^
  symbol: class HierarchicalModel
G:\Proyectos\Mods_Minecraft\the_sundering\neoforge\26.2\src\main\java\com\skd\thesundering\client\model\entity\Hippocamtus_Model.java:23: error: cannot find symbol
import net.minecraft.client.model.HierarchicalModel;
                                 ^
  symbol:   class HierarchicalModel
  location: package net.minecraft.client.model
G:\Proyectos\Mods_Minecraft\the_sundering\neoforge\26.2\src\main\java\com\skd\thesundering\client\model\entity\Hippocamtus_Model.java:34: error: cannot find symbol
extends HierarchicalModel<Hippocamtus_Entity> {
        ^
  symbol: class HierarchicalModel
G:\Proyectos\Mods_Minecraft\the_sundering\neoforge\26.2\src\main\java\com\skd\thesundering\entity\AnimationMonster\BossMonsters\Ignis_Entity.java:150: error: cannot find symbol
import net.minecraft.world.entity.MobSpawnType;
                                 ^
  symbol:   class MobSpawnType
  location: package net.minecraft.world.entity
G:\Proyectos\Mods_Minecraft\the_sundering\neoforge\26.2\src\main\java\com\skd\thesundering\entity\AnimationMonster\BossMonsters\Ignis_Entity.java:162: error: cannot find symbol
import net.minecraft.world.entity.animal.IronGolem;
                                        ^
  symbol:   class IronGolem
  location: package net.minecraft.world.entity.animal
G:\Proyectos\Mods_Minecraft\the_sundering\neoforge\26.2\src\main\java\com\skd\thesundering\entity\AnimationMonster\BossMonsters\Ignis_Entity.java:2291: error: cannot find symbol
    public SpawnGroupData finalizeSpawn(ServerLevelAccessor p_29678_, DifficultyInstance p_29679_, MobSpawnType p_29680_, @Nullable SpawnGroupData p_29681_) {
                                                                                                   ^
  symbol:   class MobSpawnType
  location: class Ignis_Entity
G:\Proyectos\Mods_Minecraft\the_sundering\neoforge\26.2\src\main\java\com\skd\thesundering\client\model\entity\Ignited_Berserker_Model.java:28: error: cannot find symbol
import net.minecraft.client.model.HierarchicalModel;
                                 ^
  symbol:   class HierarchicalModel
  location: package net.minecraft.client.model
G:\Proyectos\Mods_Minecraft\the_sundering\neoforge\26.2\src\main\java\com\skd\thesundering\client\model\entity\Ignited_Berserker_Model.java:39: error: cannot find symbol
extends HierarchicalModel<T> {
        ^
  symbol: class HierarchicalModel
G:\Proyectos\Mods_Minecraft\the_sundering\neoforge\26.2\src\main\java\com\skd\thesundering\entity\InternalAnimationMonster\Ignited_Berserker_Entity.java:67: error: cannot find symbol
import net.minecraft.world.entity.MobSpawnType;
                                 ^
  symbol:   class MobSpawnType
  location: package net.minecraft.world.entity
G:\Proyectos\Mods_Minecraft\the_sundering\neoforge\26.2\src\main\java\com\skd\thesundering\entity\InternalAnimationMonster\Ignited_Berserker_Entity.java:263: error: cannot find symbol
    public boolean checkSpawnRules(LevelAccessor worldIn, MobSpawnType spawnReasonIn) {
                                                          ^
  symbol:   class MobSpawnType
  location: class Ignited_Berserker_Entity
G:\Proyectos\Mods_Minecraft\the_sundering\neoforge\26.2\src\main\java\com\skd\thesundering\client\model\entity\Kobolediator_Model.java:23: error: cannot find symbol
import net.minecraft.client.model.HierarchicalModel;
                                 ^
  symbol:   class HierarchicalModel
  location: package net.minecraft.client.model
G:\Proyectos\Mods_Minecraft\the_sundering\neoforge\26.2\src\main\java\com\skd\thesundering\client\model\entity\Kobolediator_Model.java:34: error: cannot find symbol
extends HierarchicalModel<Kobolediator_Entity> {
        ^
  symbol: class HierarchicalModel
G:\Proyectos\Mods_Minecraft\the_sundering\neoforge\26.2\src\main\java\com\skd\thesundering\entity\InternalAnimationMonster\Kobolediator_Entity.java:101: error: cannot find symbol
import net.minecraft.world.entity.MobSpawnType;
                                 ^
  symbol:   class MobSpawnType
  location: package net.minecraft.world.entity
G:\Proyectos\Mods_Minecraft\the_sundering\neoforge\26.2\src\main\java\com\skd\thesundering\entity\InternalAnimationMonster\Kobolediator_Entity.java:322: error: cannot find symbol
    public SpawnGroupData finalizeSpawn(ServerLevelAccessor p_29678_, DifficultyInstance p_29679_, MobSpawnType p_29680_, @Nullable SpawnGroupData p_29681_) {
                                                                                                   ^
  symbol:   class MobSpawnType
  location: class Kobolediator_Entity
G:\Proyectos\Mods_Minecraft\the_sundering\neoforge\26.2\src\main\java\com\skd\thesundering\entity\AnimationMonster\Koboleton_Entity.java:78: error: cannot find symbol
import net.minecraft.world.entity.MobSpawnType;
                                 ^
  symbol:   class MobSpawnType
  location: package net.minecraft.world.entity
G:\Proyectos\Mods_Minecraft\the_sundering\neoforge\26.2\src\main\java\com\skd\thesundering\entity\AnimationMonster\Koboleton_Entity.java:179: error: cannot find symbol
    public SpawnGroupData finalizeSpawn(ServerLevelAccessor p_34088_, DifficultyInstance p_34089_, MobSpawnType p_34090_, @Nullable SpawnGroupData p_34091_) {
                                                                                                   ^
  symbol:   class MobSpawnType
  location: class Koboleton_Entity
G:\Proyectos\Mods_Minecraft\the_sundering\neoforge\26.2\src\main\java\com\skd\thesundering\entity\AnimationMonster\Koboleton_Entity.java:244: error: cannot find symbol
    public boolean checkSpawnRules(LevelAccessor worldIn, MobSpawnType spawnReasonIn) {
                                                          ^
  symbol:   class MobSpawnType
  location: class Koboleton_Entity
G:\Proyectos\Mods_Minecraft\the_sundering\neoforge\26.2\src\main\java\com\skd\thesundering\entity\AnimationMonster\Koboleton_Entity.java:248: error: cannot find symbol
    public static boolean checkKoboletonSpawnRules(EntityType<Koboleton_Entity> husk, ServerLevelAccessor level, MobSpawnType spawnType, BlockPos pos, RandomSource random) {
                                                                                                                 ^
  symbol:   class MobSpawnType
  location: class Koboleton_Entity
G:\Proyectos\Mods_Minecraft\the_sundering\neoforge\26.2\src\main\java\com\skd\thesundering\client\model\entity\Laser_Beam_Model.java:17: error: cannot find symbol
import net.minecraft.client.model.HierarchicalModel;
                                 ^
  symbol:   class HierarchicalModel
  location: package net.minecraft.client.model
G:\Proyectos\Mods_Minecraft\the_sundering\neoforge\26.2\src\main\java\com\skd\thesundering\client\model\entity\Laser_Beam_Model.java:27: error: cannot find symbol
extends HierarchicalModel<Laser_Beam_Entity> {
        ^
  symbol: class HierarchicalModel
G:\Proyectos\Mods_Minecraft\the_sundering\neoforge\26.2\src\main\java\com\skd\thesundering\client\model\entity\Maledictus_Model.java:28: error: cannot find symbol
import net.minecraft.client.model.HierarchicalModel;
                                 ^
  symbol:   class HierarchicalModel
  location: package net.minecraft.client.model
G:\Proyectos\Mods_Minecraft\the_sundering\neoforge\26.2\src\main\java\com\skd\thesundering\client\model\entity\Maledictus_Model.java:39: error: cannot find symbol
extends HierarchicalModel<Maledictus_Entity> {
        ^
  symbol: class HierarchicalModel
G:\Proyectos\Mods_Minecraft\the_sundering\neoforge\26.2\src\main\java\com\skd\thesundering\entity\InternalAnimationMonster\IABossMonsters\Maledictus\Maledictus_Entity.java:125: error: cannot find symbol
import net.minecraft.world.entity.MobSpawnType;
                                 ^
  symbol:   class MobSpawnType
  location: package net.minecraft.world.entity
G:\Proyectos\Mods_Minecraft\the_sundering\neoforge\26.2\src\main\java\com\skd\thesundering\entity\InternalAnimationMonster\IABossMonsters\Maledictus\Maledictus_Entity.java:908: error: cannot find symbol
    public SpawnGroupData finalizeSpawn(ServerLevelAccessor p_30153_, DifficultyInstance p_30154_, MobSpawnType p_30155_, @Nullable SpawnGroupData p_30156_) {
                                                                                                   ^
  symbol:   class MobSpawnType
  location: class Maledictus_Entity
G:\Proyectos\Mods_Minecraft\the_sundering\neoforge\26.2\src\main\java\com\skd\thesundering\entity\Pet\Modern_Remnant_Entity.java:83: error: cannot find symbol
import net.minecraft.advancements.CriteriaTriggers;
                                 ^
  symbol:   class CriteriaTriggers
  location: package net.minecraft.advancements
G:\Proyectos\Mods_Minecraft\the_sundering\neoforge\26.2\src\main\java\com\skd\thesundering\entity\Pet\Modern_Remnant_Entity.java:122: error: cannot find symbol
import net.minecraft.world.entity.animal.Bucketable;
                                        ^
  symbol:   class Bucketable
  location: package net.minecraft.world.entity.animal
G:\Proyectos\Mods_Minecraft\the_sundering\neoforge\26.2\src\main\java\com\skd\thesundering\entity\Pet\Modern_Remnant_Entity.java:138: error: cannot find symbol
implements Bucketable {
           ^
  symbol: class Bucketable
G:\Proyectos\Mods_Minecraft\the_sundering\neoforge\26.2\src\main\java\com\skd\thesundering\client\model\entity\Netherite_Ministrosity_Model.java:23: error: cannot find symbol
import net.minecraft.client.model.HierarchicalModel;
                                 ^
  symbol:   class HierarchicalModel
  location: package net.minecraft.client.model
G:\Proyectos\Mods_Minecraft\the_sundering\neoforge\26.2\src\main\java\com\skd\thesundering\client\model\entity\Netherite_Ministrosity_Model.java:34: error: cannot find symbol
extends HierarchicalModel<Netherite_Ministrosity_Entity> {
        ^
  symbol: class HierarchicalModel
G:\Proyectos\Mods_Minecraft\the_sundering\neoforge\26.2\src\main\java\com\skd\thesundering\client\model\entity\Netherite_Monstrosity_Model.java:23: error: cannot find symbol
import net.minecraft.client.model.HierarchicalModel;
                                 ^
  symbol:   class HierarchicalModel
  location: package net.minecraft.client.model
G:\Proyectos\Mods_Minecraft\the_sundering\neoforge\26.2\src\main\java\com\skd\thesundering\client\model\entity\Netherite_Monstrosity_Model.java:34: error: cannot find symbol
extends HierarchicalModel<Netherite_Monstrosity_Entity> {
        ^
  symbol: class HierarchicalModel
G:\Proyectos\Mods_Minecraft\the_sundering\neoforge\26.2\src\main\java\com\skd\thesundering\entity\InternalAnimationMonster\IABossMonsters\NewNetherite_Monstrosity\Netherite_Monstrosity_Entity.java:146: error: cannot find symbol
import net.minecraft.world.entity.MobSpawnType;
                                 ^
  symbol:   class MobSpawnType
  location: package net.minecraft.world.entity
G:\Proyectos\Mods_Minecraft\the_sundering\neoforge\26.2\src\main\java\com\skd\thesundering\entity\InternalAnimationMonster\IABossMonsters\NewNetherite_Monstrosity\Netherite_Monstrosity_Entity.java:159: error: cannot find symbol
import net.minecraft.world.entity.animal.AbstractGolem;
                                        ^
  symbol:   class AbstractGolem
  location: package net.minecraft.world.entity.animal
G:\Proyectos\Mods_Minecraft\the_sundering\neoforge\26.2\src\main\java\com\skd\thesundering\entity\InternalAnimationMonster\IABossMonsters\NewNetherite_Monstrosity\Netherite_Monstrosity_Entity.java:160: error: cannot find symbol
import net.minecraft.world.entity.animal.IronGolem;
                                        ^
  symbol:   class IronGolem
  location: package net.minecraft.world.entity.animal
G:\Proyectos\Mods_Minecraft\the_sundering\neoforge\26.2\src\main\java\com\skd\thesundering\entity\InternalAnimationMonster\IABossMonsters\NewNetherite_Monstrosity\Netherite_Monstrosity_Entity.java:163: error: cannot find symbol
import net.minecraft.world.entity.npc.AbstractVillager;
                                     ^
  symbol:   class AbstractVillager
  location: package net.minecraft.world.entity.npc
G:\Proyectos\Mods_Minecraft\the_sundering\neoforge\26.2\src\main\java\com\skd\thesundering\entity\InternalAnimationMonster\IABossMonsters\NewNetherite_Monstrosity\Netherite_Monstrosity_Entity.java:681: error: cannot find symbol
    public SpawnGroupData finalizeSpawn(ServerLevelAccessor p_29678_, DifficultyInstance p_29679_, MobSpawnType spawnType, @Nullable SpawnGroupData p_29681_) {
                                                                                                   ^
  symbol:   class MobSpawnType
  location: class Netherite_Monstrosity_Entity
G:\Proyectos\Mods_Minecraft\the_sundering\neoforge\26.2\src\main\java\com\skd\thesundering\client\model\entity\Royal_Draugr_Model.java:29: error: cannot find symbol
import net.minecraft.client.model.HierarchicalModel;
                                 ^
  symbol:   class HierarchicalModel
  location: package net.minecraft.client.model
G:\Proyectos\Mods_Minecraft\the_sundering\neoforge\26.2\src\main\java\com\skd\thesundering\client\model\entity\Royal_Draugr_Model.java:42: error: cannot find symbol
extends HierarchicalModel<Royal_Draugr_Entity>
        ^
  symbol: class HierarchicalModel
G:\Proyectos\Mods_Minecraft\the_sundering\neoforge\26.2\src\main\java\com\skd\thesundering\entity\InternalAnimationMonster\Draugar\Royal_Draugr_Entity.java:77: error: cannot find symbol
import net.minecraft.world.entity.MobSpawnType;
                                 ^
  symbol:   class MobSpawnType
  location: package net.minecraft.world.entity
G:\Proyectos\Mods_Minecraft\the_sundering\neoforge\26.2\src\main\java\com\skd\thesundering\entity\InternalAnimationMonster\Draugar\Royal_Draugr_Entity.java:88: error: cannot find symbol
import net.minecraft.world.entity.animal.IronGolem;
                                        ^
  symbol:   class IronGolem
  location: package net.minecraft.world.entity.animal
G:\Proyectos\Mods_Minecraft\the_sundering\neoforge\26.2\src\main\java\com\skd\thesundering\entity\InternalAnimationMonster\Draugar\Royal_Draugr_Entity.java:89: error: cannot find symbol
import net.minecraft.world.entity.animal.SnowGolem;
                                        ^
  symbol:   class SnowGolem
  location: package net.minecraft.world.entity.animal
G:\Proyectos\Mods_Minecraft\the_sundering\neoforge\26.2\src\main\java\com\skd\thesundering\entity\InternalAnimationMonster\Draugar\Royal_Draugr_Entity.java:92: error: cannot find symbol
import net.minecraft.world.entity.npc.AbstractVillager;
                                     ^
  symbol:   class AbstractVillager
  location: package net.minecraft.world.entity.npc
G:\Proyectos\Mods_Minecraft\the_sundering\neoforge\26.2\src\main\java\com\skd\thesundering\entity\InternalAnimationMonster\Draugar\Royal_Draugr_Entity.java:296: error: cannot find symbol
    public SpawnGroupData finalizeSpawn(ServerLevelAccessor p_34088_, DifficultyInstance p_34089_, MobSpawnType p_34090_, @Nullable SpawnGroupData p_34091_) {
                                                                                                   ^
  symbol:   class MobSpawnType
  location: class Royal_Draugr_Entity
G:\Proyectos\Mods_Minecraft\the_sundering\neoforge\26.2\src\main\java\com\skd\thesundering\entity\effect\Sandstorm_Entity.java:30: error: cannot find symbol
import com.skd.thesundering.Cataclysm;
                           ^
  symbol:   class Cataclysm
  location: package com.skd.thesundering
G:\Proyectos\Mods_Minecraft\the_sundering\neoforge\26.2\src\main\java\com\skd\thesundering\entity\projectile\Sandstorm_Projectile.java:42: error: cannot find symbol
import com.skd.thesundering.Cataclysm;
                           ^
  symbol:   class Cataclysm
  location: package com.skd.thesundering
G:\Proyectos\Mods_Minecraft\the_sundering\neoforge\26.2\src\main\java\com\skd\thesundering\client\model\entity\Scylla_Model.java:31: error: cannot find symbol
import net.minecraft.client.model.HierarchicalModel;
                                 ^
  symbol:   class HierarchicalModel
  location: package net.minecraft.client.model
G:\Proyectos\Mods_Minecraft\the_sundering\neoforge\26.2\src\main\java\com\skd\thesundering\client\model\entity\Scylla_Model.java:46: error: cannot find symbol
extends HierarchicalModel<Scylla_Entity> {
        ^
  symbol: class HierarchicalModel
G:\Proyectos\Mods_Minecraft\the_sundering\neoforge\26.2\src\main\java\com\skd\thesundering\entity\InternalAnimationMonster\IABossMonsters\Scylla\Scylla_Entity.java:146: error: cannot find symbol
import net.minecraft.world.entity.MobSpawnType;
                                 ^
  symbol:   class MobSpawnType
  location: package net.minecraft.world.entity
G:\Proyectos\Mods_Minecraft\the_sundering\neoforge\26.2\src\main\java\com\skd\thesundering\entity\InternalAnimationMonster\IABossMonsters\Scylla\Scylla_Entity.java:162: error: cannot find symbol
import net.minecraft.world.level.GameRules;
                                ^
  symbol:   class GameRules
  location: package net.minecraft.world.level
G:\Proyectos\Mods_Minecraft\the_sundering\neoforge\26.2\src\main\java\com\skd\thesundering\entity\InternalAnimationMonster\IABossMonsters\Scylla\Scylla_Entity.java:529: error: cannot find symbol
    public SpawnGroupData finalizeSpawn(ServerLevelAccessor p_29678_, DifficultyInstance p_29679_, MobSpawnType spawnType, @Nullable SpawnGroupData p_29681_) {
                                                                                                   ^
  symbol:   class MobSpawnType
  location: class Scylla_Entity
G:\Proyectos\Mods_Minecraft\the_sundering\neoforge\26.2\src\main\java\com\skd\thesundering\client\model\entity\Storm_Serpent_Model.java:18: error: cannot find symbol
import net.minecraft.client.model.HierarchicalModel;
                                 ^
  symbol:   class HierarchicalModel
  location: package net.minecraft.client.model
G:\Proyectos\Mods_Minecraft\the_sundering\neoforge\26.2\src\main\java\com\skd\thesundering\client\model\entity\Storm_Serpent_Model.java:28: error: cannot find symbol
extends HierarchicalModel<Storm_Serpent_Entity> {
        ^
  symbol: class HierarchicalModel
G:\Proyectos\Mods_Minecraft\the_sundering\neoforge\26.2\src\main\java\com\skd\thesundering\client\model\entity\Symbiocto_Model.java:23: error: cannot find symbol
import net.minecraft.client.model.HierarchicalModel;
                                 ^
  symbol:   class HierarchicalModel
  location: package net.minecraft.client.model
G:\Proyectos\Mods_Minecraft\the_sundering\neoforge\26.2\src\main\java\com\skd\thesundering\client\model\entity\Symbiocto_Model.java:34: error: cannot find symbol
extends HierarchicalModel<Symbiocto_Entity> {
        ^
  symbol: class HierarchicalModel
G:\Proyectos\Mods_Minecraft\the_sundering\neoforge\26.2\src\main\java\com\skd\thesundering\entity\Pet\The_Baby_Leviathan_Entity.java:141: error: cannot find symbol
import net.minecraft.world.entity.animal.Bucketable;
                                        ^
  symbol:   class Bucketable
  location: package net.minecraft.world.entity.animal
G:\Proyectos\Mods_Minecraft\the_sundering\neoforge\26.2\src\main\java\com\skd\thesundering\entity\Pet\The_Baby_Leviathan_Entity.java:159: error: cannot find symbol
Bucketable {
^
  symbol: class Bucketable
G:\Proyectos\Mods_Minecraft\the_sundering\neoforge\26.2\src\main\java\com\skd\thesundering\entity\AnimationMonster\BossMonsters\The_Harbinger_Entity.java:129: error: cannot find symbol
import net.minecraft.world.entity.PowerableMob;
                                 ^
  symbol:   class PowerableMob
  location: package net.minecraft.world.entity
G:\Proyectos\Mods_Minecraft\the_sundering\neoforge\26.2\src\main\java\com\skd\thesundering\entity\AnimationMonster\BossMonsters\The_Harbinger_Entity.java:162: error: cannot find symbol
PowerableMob {
^
  symbol: class PowerableMob
G:\Proyectos\Mods_Minecraft\the_sundering\neoforge\26.2\src\main\java\com\skd\thesundering\client\model\entity\The_Prowler_Model.java:23: error: cannot find symbol
import net.minecraft.client.model.HierarchicalModel;
                                 ^
  symbol:   class HierarchicalModel
  location: package net.minecraft.client.model
G:\Proyectos\Mods_Minecraft\the_sundering\neoforge\26.2\src\main\java\com\skd\thesundering\client\model\entity\The_Prowler_Model.java:34: error: cannot find symbol
extends HierarchicalModel<The_Prowler_Entity> {
        ^
  symbol: class HierarchicalModel
G:\Proyectos\Mods_Minecraft\the_sundering\neoforge\26.2\src\main\java\com\skd\thesundering\entity\projectile\Tidal_Hook_Entity.java:50: error: package net.minecraft.world.entity.boss does not exist
import net.minecraft.world.entity.boss.EnderDragonPart;
                                      ^
G:\Proyectos\Mods_Minecraft\the_sundering\neoforge\26.2\src\main\java\com\skd\thesundering\client\model\entity\Urchinkin_Model.java:23: error: cannot find symbol
import net.minecraft.client.model.HierarchicalModel;
                                 ^
  symbol:   class HierarchicalModel
  location: package net.minecraft.client.model
G:\Proyectos\Mods_Minecraft\the_sundering\neoforge\26.2\src\main\java\com\skd\thesundering\client\model\entity\Urchinkin_Model.java:34: error: cannot find symbol
extends HierarchicalModel<Urchinkin_Entity> {
        ^
  symbol: class HierarchicalModel
G:\Proyectos\Mods_Minecraft\the_sundering\neoforge\26.2\src\main\java\com\skd\thesundering\entity\InternalAnimationMonster\Wadjet_Entity.java:94: error: cannot find symbol
import net.minecraft.world.entity.MobSpawnType;
                                 ^
  symbol:   class MobSpawnType
  location: package net.minecraft.world.entity
G:\Proyectos\Mods_Minecraft\the_sundering\neoforge\26.2\src\main\java\com\skd\thesundering\entity\InternalAnimationMonster\Wadjet_Entity.java:326: error: cannot find symbol
    public SpawnGroupData finalizeSpawn(ServerLevelAccessor p_29678_, DifficultyInstance p_29679_, MobSpawnType p_29680_, @Nullable SpawnGroupData p_29681_) {
                                                                                                   ^
  symbol:   class MobSpawnType
  location: class Wadjet_Entity
G:\Proyectos\Mods_Minecraft\the_sundering\neoforge\26.2\src\main\java\com\skd\thesundering\client\model\entity\Wave_Model.java:18: error: cannot find symbol
import net.minecraft.client.model.HierarchicalModel;
                                 ^
  symbol:   class HierarchicalModel
  location: package net.minecraft.client.model
G:\Proyectos\Mods_Minecraft\the_sundering\neoforge\26.2\src\main\java\com\skd\thesundering\client\model\entity\Wave_Model.java:28: error: cannot find symbol
extends HierarchicalModel<Wave_Entity> {
        ^
  symbol: class HierarchicalModel
G:\Proyectos\Mods_Minecraft\the_sundering\neoforge\26.2\src\main\java\com\skd\thesundering\client\model\item\CuriosModel\Belt_Of_Beginner_Model.java:21: error: cannot find symbol
import net.minecraft.client.model.HumanoidRenderState;
                                 ^
  symbol:   class HumanoidRenderState
  location: package net.minecraft.client.model
G:\Proyectos\Mods_Minecraft\the_sundering\neoforge\26.2\src\main\java\com\skd\thesundering\client\model\item\CuriosModel\Belt_Of_Beginner_Model.java:31: error: cannot find symbol
extends HumanoidModel<HumanoidRenderState> {
                      ^
  symbol: class HumanoidRenderState
G:\Proyectos\Mods_Minecraft\the_sundering\neoforge\26.2\src\main\java\com\skd\thesundering\client\model\item\CuriosModel\Belt_Of_Monstrosity_Model.java:21: error: cannot find symbol
import net.minecraft.client.model.HumanoidRenderState;
                                 ^
  symbol:   class HumanoidRenderState
  location: package net.minecraft.client.model
G:\Proyectos\Mods_Minecraft\the_sundering\neoforge\26.2\src\main\java\com\skd\thesundering\client\model\item\CuriosModel\Belt_Of_Monstrosity_Model.java:31: error: cannot find symbol
extends HumanoidModel<HumanoidRenderState> {
                      ^
  symbol: class HumanoidRenderState
G:\Proyectos\Mods_Minecraft\the_sundering\neoforge\26.2\src\main\java\com\skd\thesundering\client\model\item\CuriosModel\Berserker_Soul_Amulet_Model.java:21: error: cannot find symbol
import net.minecraft.client.model.HumanoidRenderState;
                                 ^
  symbol:   class HumanoidRenderState
  location: package net.minecraft.client.model
G:\Proyectos\Mods_Minecraft\the_sundering\neoforge\26.2\src\main\java\com\skd\thesundering\client\model\item\CuriosModel\Berserker_Soul_Amulet_Model.java:31: error: cannot find symbol
extends HumanoidModel<HumanoidRenderState> {
                      ^
  symbol: class HumanoidRenderState
G:\Proyectos\Mods_Minecraft\the_sundering\neoforge\26.2\src\main\java\com\skd\thesundering\client\model\item\CuriosModel\Blazing_Grips_Model.java:25: error: cannot find symbol
import net.minecraft.client.model.HumanoidRenderState;
                                 ^
  symbol:   class HumanoidRenderState
  location: package net.minecraft.client.model
G:\Proyectos\Mods_Minecraft\the_sundering\neoforge\26.2\src\main\java\com\skd\thesundering\client\model\item\CuriosModel\Blazing_Grips_Model.java:36: error: cannot find symbol
extends HumanoidModel<HumanoidRenderState> {
                      ^
  symbol: class HumanoidRenderState
G:\Proyectos\Mods_Minecraft\the_sundering\neoforge\26.2\src\main\java\com\skd\thesundering\client\model\item\CuriosModel\Chitin_Claw_Model.java:25: error: cannot find symbol
import net.minecraft.client.model.HumanoidRenderState;
                                 ^
  symbol:   class HumanoidRenderState
  location: package net.minecraft.client.model
G:\Proyectos\Mods_Minecraft\the_sundering\neoforge\26.2\src\main\java\com\skd\thesundering\client\model\item\CuriosModel\Chitin_Claw_Model.java:36: error: cannot find symbol
extends HumanoidModel<HumanoidRenderState> {
                      ^
  symbol: class HumanoidRenderState
G:\Proyectos\Mods_Minecraft\the_sundering\neoforge\26.2\src\main\java\com\skd\thesundering\client\model\item\CuriosModel\Sandstorm_In_A_BottleModel.java:21: error: cannot find symbol
import net.minecraft.client.model.HumanoidRenderState;
                                 ^
  symbol:   class HumanoidRenderState
  location: package net.minecraft.client.model
G:\Proyectos\Mods_Minecraft\the_sundering\neoforge\26.2\src\main\java\com\skd\thesundering\client\model\item\CuriosModel\Sandstorm_In_A_BottleModel.java:31: error: cannot find symbol
extends HumanoidModel<HumanoidRenderState> {
                      ^
  symbol: class HumanoidRenderState
G:\Proyectos\Mods_Minecraft\the_sundering\neoforge\26.2\src\main\java\com\skd\thesundering\client\model\item\CuriosModel\Sticky_Gloves_Model.java:25: error: cannot find symbol
import net.minecraft.client.model.HumanoidRenderState;
                                 ^
  symbol:   class HumanoidRenderState
  location: package net.minecraft.client.model
G:\Proyectos\Mods_Minecraft\the_sundering\neoforge\26.2\src\main\java\com\skd\thesundering\client\model\item\CuriosModel\Sticky_Gloves_Model.java:36: error: cannot find symbol
extends HumanoidModel<HumanoidRenderState> {
                      ^
  symbol: class HumanoidRenderState
G:\Proyectos\Mods_Minecraft\the_sundering\neoforge\26.2\src\main\java\com\skd\thesundering\client\model\item\CuriosModel\Sturdy_Boots_Model.java:21: error: cannot find symbol
import net.minecraft.client.model.HumanoidRenderState;
                                 ^
  symbol:   class HumanoidRenderState
  location: package net.minecraft.client.model
G:\Proyectos\Mods_Minecraft\the_sundering\neoforge\26.2\src\main\java\com\skd\thesundering\client\model\item\CuriosModel\Sturdy_Boots_Model.java:31: error: cannot find symbol
extends HumanoidModel<HumanoidRenderState> {
                      ^
  symbol: class HumanoidRenderState
G:\Proyectos\Mods_Minecraft\the_sundering\neoforge\26.2\src\main\java\com\skd\thesundering\client\model\item\CuriosModel\Unbreakable_Skull_Model.java:21: error: cannot find symbol
import net.minecraft.client.model.HumanoidRenderState;
                                 ^
  symbol:   class HumanoidRenderState
  location: package net.minecraft.client.model
G:\Proyectos\Mods_Minecraft\the_sundering\neoforge\26.2\src\main\java\com\skd\thesundering\client\model\item\CuriosModel\Unbreakable_Skull_Model.java:31: error: cannot find symbol
extends HumanoidModel<HumanoidRenderState> {
                      ^
  symbol: class HumanoidRenderState
G:\Proyectos\Mods_Minecraft\the_sundering\neoforge\26.2\src\main\java\com\skd\thesundering\client\model\item\CuriosModel\Vitality_Ankh_Model.java:21: error: cannot find symbol
import net.minecraft.client.model.HumanoidRenderState;
                                 ^
  symbol:   class HumanoidRenderState
  location: package net.minecraft.client.model
G:\Proyectos\Mods_Minecraft\the_sundering\neoforge\26.2\src\main\java\com\skd\thesundering\client\model\item\CuriosModel\Vitality_Ankh_Model.java:31: error: cannot find symbol
extends HumanoidModel<HumanoidRenderState> {
                      ^
  symbol: class HumanoidRenderState
G:\Proyectos\Mods_Minecraft\the_sundering\neoforge\26.2\src\main\java\com\skd\thesundering\client\particle\AbstractTrailParticle.java:30: error: cannot find symbol
import net.minecraft.client.renderer.MultiBufferSource;
                                    ^
  symbol:   class MultiBufferSource
  location: package net.minecraft.client.renderer
G:\Proyectos\Mods_Minecraft\the_sundering\neoforge\26.2\src\main\java\com\skd\thesundering\client\particle\AbstractTrailParticle.java:121: error: package MultiBufferSource does not exist
    protected VertexConsumer getVetrexConsumer(MultiBufferSource.BufferSource multibuffersource$buffersource) {
                                                                ^
G:\Proyectos\Mods_Minecraft\the_sundering\neoforge\26.2\src\main\java\com\skd\thesundering\client\particle\AfterImageParticle.java:46: error: cannot find symbol
import net.minecraft.client.renderer.MultiBufferSource;
                                    ^
  symbol:   class MultiBufferSource
  location: package net.minecraft.client.renderer
G:\Proyectos\Mods_Minecraft\the_sundering\neoforge\26.2\src\main\java\com\skd\thesundering\client\particle\AfterImageParticle.java:182: error: wrong number of type arguments; required 3
    public RenderType getRenderType(LivingEntity p_230496_1_, LivingEntityRenderer<LivingEntity, ?> renderer, boolean p_230496_2_, boolean p_230496_3_, boolean p_230496_4_) {
                                                                                  ^
G:\Proyectos\Mods_Minecraft\the_sundering\neoforge\26.2\src\main\java\com\skd\thesundering\client\particle\CircleLightningParticle.java:35: error: cannot find symbol
import net.minecraft.client.renderer.MultiBufferSource;
                                    ^
  symbol:   class MultiBufferSource
  location: package net.minecraft.client.renderer
G:\Proyectos\Mods_Minecraft\the_sundering\neoforge\26.2\src\main\java\com\skd\thesundering\client\render\etc\LightningRender.java:28: error: cannot find symbol
import net.minecraft.client.renderer.MultiBufferSource;
                                    ^
  symbol:   class MultiBufferSource
  location: package net.minecraft.client.renderer
G:\Proyectos\Mods_Minecraft\the_sundering\neoforge\26.2\src\main\java\com\skd\thesundering\client\render\etc\LightningRender.java:41: error: cannot find symbol
    public void render(float partialTicks, PoseStack PoseStackIn, MultiBufferSource bufferIn) {
                                                                  ^
  symbol:   class MultiBufferSource
  location: class LightningRender
G:\Proyectos\Mods_Minecraft\the_sundering\neoforge\26.2\src\main\java\com\skd\thesundering\client\particle\EM_PulseParticle.java:37: error: cannot find symbol
import net.minecraft.client.renderer.MultiBufferSource;
                                    ^
  symbol:   class MultiBufferSource
  location: package net.minecraft.client.renderer
G:\Proyectos\Mods_Minecraft\the_sundering\neoforge\26.2\src\main\java\com\skd\thesundering\client\particle\LightningParticle.java:35: error: cannot find symbol
import net.minecraft.client.renderer.MultiBufferSource;
                                    ^
  symbol:   class MultiBufferSource
  location: package net.minecraft.client.renderer
G:\Proyectos\Mods_Minecraft\the_sundering\neoforge\26.2\src\main\java\com\skd\thesundering\client\particle\LightTrailParticle.java:25: error: cannot find symbol
import net.minecraft.client.renderer.MultiBufferSource;
                                    ^
  symbol:   class MultiBufferSource
  location: package net.minecraft.client.renderer
G:\Proyectos\Mods_Minecraft\the_sundering\neoforge\26.2\src\main\java\com\skd\thesundering\client\particle\LightTrailParticle.java:93: error: package MultiBufferSource does not exist
    protected VertexConsumer getVetrexConsumer(MultiBufferSource.BufferSource multibuffersource$buffersource) {
                                                                ^
G:\Proyectos\Mods_Minecraft\the_sundering\neoforge\26.2\src\main\java\com\skd\thesundering\client\particle\ParryParticle.java:39: error: cannot find symbol
import net.minecraft.client.renderer.MultiBufferSource;
                                    ^
  symbol:   class MultiBufferSource
  location: package net.minecraft.client.renderer
G:\Proyectos\Mods_Minecraft\the_sundering\neoforge\26.2\src\main\java\com\skd\thesundering\client\particle\ParryParticle.java:174: error: package MultiBufferSource does not exist
    protected VertexConsumer getVetrexConsumer(MultiBufferSource.BufferSource multibuffersource$buffersource) {
                                                                ^
G:\Proyectos\Mods_Minecraft\the_sundering\neoforge\26.2\src\main\java\com\skd\thesundering\client\particle\Rain_Fog_Particle.java:29: error: cannot find symbol
import net.minecraft.Util;
                    ^
  symbol:   class Util
  location: package net.minecraft
G:\Proyectos\Mods_Minecraft\the_sundering\neoforge\26.2\src\main\java\com\skd\thesundering\client\particle\Shock_WaveParticle.java:37: error: cannot find symbol
import net.minecraft.client.renderer.MultiBufferSource;
                                    ^
  symbol:   class MultiBufferSource
  location: package net.minecraft.client.renderer
G:\Proyectos\Mods_Minecraft\the_sundering\neoforge\26.2\src\main\java\com\skd\thesundering\client\particle\SparkTrailParticle.java:35: error: cannot find symbol
import net.minecraft.client.renderer.MultiBufferSource;
                                    ^
  symbol:   class MultiBufferSource
  location: package net.minecraft.client.renderer
G:\Proyectos\Mods_Minecraft\the_sundering\neoforge\26.2\src\main\java\com\skd\thesundering\client\particle\TrackLightningParticle.java:35: error: cannot find symbol
import net.minecraft.client.renderer.MultiBufferSource;
                                    ^
  symbol:   class MultiBufferSource
  location: package net.minecraft.client.renderer
G:\Proyectos\Mods_Minecraft\the_sundering\neoforge\26.2\src\main\java\com\skd\thesundering\client\render\blockentity\Boss_Respawn_Spawn_Renderer.java:28: error: cannot find symbol
import net.minecraft.client.renderer.MultiBufferSource;
                                    ^
  symbol:   class MultiBufferSource
  location: package net.minecraft.client.renderer
G:\Proyectos\Mods_Minecraft\the_sundering\neoforge\26.2\src\main\java\com\skd\thesundering\client\render\blockentity\Boss_Respawn_Spawn_Renderer.java:33: error: cannot find symbol
import net.minecraft.client.renderer.entity.ItemRenderer;
                                           ^
  symbol:   class ItemRenderer
  location: package net.minecraft.client.renderer.entity
G:\Proyectos\Mods_Minecraft\the_sundering\neoforge\26.2\src\main\java\com\skd\thesundering\client\render\blockentity\Boss_Respawn_Spawn_Renderer.java:42: error: wrong number of type arguments; required 2
implements BlockEntityRenderer<Boss_Respawn_Spawner_Block_Entity> {
                              ^
G:\Proyectos\Mods_Minecraft\the_sundering\neoforge\26.2\src\main\java\com\skd\thesundering\client\render\blockentity\Boss_Respawn_Spawn_Renderer.java:46: error: cannot find symbol
    private final ItemRenderer itemRenderer;
                  ^
  symbol:   class ItemRenderer
  location: class Boss_Respawn_Spawn_Renderer
G:\Proyectos\Mods_Minecraft\the_sundering\neoforge\26.2\src\main\java\com\skd\thesundering\client\render\blockentity\Boss_Respawn_Spawn_Renderer.java:53: error: cannot find symbol
    public void render(Boss_Respawn_Spawner_Block_Entity entity, float delta, PoseStack poseStack, MultiBufferSource buffer, int packedLight, int overlay) {
                                                                                                   ^
  symbol:   class MultiBufferSource
  location: class Boss_Respawn_Spawn_Renderer
G:\Proyectos\Mods_Minecraft\the_sundering\neoforge\26.2\src\main\java\com\skd\thesundering\client\render\blockentity\Boss_Respawn_Spawn_Renderer.java:76: error: cannot find symbol
    public void renderItem(Boss_Respawn_Spawner_Block_Entity tileEntityIn, float partialTicks, PoseStack matrixStackIn, MultiBufferSource bufferIn, int combinedLightIn) {
                                                                                                                        ^
  symbol:   class MultiBufferSource
  location: class Boss_Respawn_Spawn_Renderer
G:\Proyectos\Mods_Minecraft\the_sundering\neoforge\26.2\src\main\java\com\skd\thesundering\client\render\blockentity\Cataclysm_Skull_Block_Renderer.java:43: error: cannot find symbol
import net.minecraft.Util;
                    ^
  symbol:   class Util
  location: package net.minecraft
G:\Proyectos\Mods_Minecraft\the_sundering\neoforge\26.2\src\main\java\com\skd\thesundering\client\render\blockentity\Cataclysm_Skull_Block_Renderer.java:44: error: cannot find symbol
import net.minecraft.client.model.SkullModelBase;
                                 ^
  symbol:   class SkullModelBase
  location: package net.minecraft.client.model
G:\Proyectos\Mods_Minecraft\the_sundering\neoforge\26.2\src\main\java\com\skd\thesundering\client\render\blockentity\Cataclysm_Skull_Block_Renderer.java:46: error: cannot find symbol
import net.minecraft.client.renderer.MultiBufferSource;
                                    ^
  symbol:   class MultiBufferSource
  location: package net.minecraft.client.renderer
G:\Proyectos\Mods_Minecraft\the_sundering\neoforge\26.2\src\main\java\com\skd\thesundering\client\render\blockentity\Cataclysm_Skull_Block_Renderer.java:62: error: wrong number of type arguments; required 2
implements BlockEntityRenderer<Cataclysm_Skull_BlockEntity> {
                              ^
G:\Proyectos\Mods_Minecraft\the_sundering\neoforge\26.2\src\main\java\com\skd\thesundering\client\render\blockentity\Cataclysm_Skull_Block_Renderer.java:63: error: cannot find symbol
    private final Map<SkullBlock.Type, SkullModelBase> modelByType;
                                       ^
  symbol:   class SkullModelBase
  location: class Cataclysm_Skull_Block_Renderer
G:\Proyectos\Mods_Minecraft\the_sundering\neoforge\26.2\src\main\java\com\skd\thesundering\client\render\blockentity\Cataclysm_Skull_Block_Renderer.java:70: error: cannot find symbol
    public static Map<SkullBlock.Type, SkullModelBase> createSkullRenderers(EntityModelSet p_173662_) {
                                       ^
  symbol:   class SkullModelBase
  location: class Cataclysm_Skull_Block_Renderer
G:\Proyectos\Mods_Minecraft\the_sundering\neoforge\26.2\src\main\java\com\skd\thesundering\client\render\blockentity\Cataclysm_Skull_Block_Renderer.java:82: error: cannot find symbol
    public void render(Cataclysm_Skull_BlockEntity p_112534_, float p_112535_, PoseStack p_112536_, MultiBufferSource p_112537_, int p_112538_, int p_112539_) {
                                                                                                    ^
  symbol:   class MultiBufferSource
  location: class Cataclysm_Skull_Block_Renderer
G:\Proyectos\Mods_Minecraft\the_sundering\neoforge\26.2\src\main\java\com\skd\thesundering\client\render\blockentity\Cataclysm_Skull_Block_Renderer.java:95: error: cannot find symbol
    public static void renderSkull(@Nullable Direction p_173664_, float p_173665_, float p_173666_, PoseStack p_173667_, MultiBufferSource p_173668_, int p_173669_, SkullModelBase p_173670_, RenderType p_173671_, SkullBlock.Type type, boolean isLayer) {
                                                                                                                         ^
  symbol:   class MultiBufferSource
  location: class Cataclysm_Skull_Block_Renderer
G:\Proyectos\Mods_Minecraft\the_sundering\neoforge\26.2\src\main\java\com\skd\thesundering\client\render\blockentity\Cataclysm_Skull_Block_Renderer.java:95: error: cannot find symbol
    public static void renderSkull(@Nullable Direction p_173664_, float p_173665_, float p_173666_, PoseStack p_173667_, MultiBufferSource p_173668_, int p_173669_, SkullModelBase p_173670_, RenderType p_173671_, SkullBlock.Type type, boolean isLayer) {
                                                                                                                                                                     ^
  symbol:   class SkullModelBase
  location: class Cataclysm_Skull_Block_Renderer
G:\Proyectos\Mods_Minecraft\the_sundering\neoforge\26.2\src\main\java\com\skd\thesundering\client\render\blockentity\Cursed_Tombstone_Renderer.java:26: error: cannot find symbol
import net.minecraft.client.renderer.MultiBufferSource;
                                    ^
  symbol:   class MultiBufferSource
  location: package net.minecraft.client.renderer
G:\Proyectos\Mods_Minecraft\the_sundering\neoforge\26.2\src\main\java\com\skd\thesundering\client\render\blockentity\Cursed_Tombstone_Renderer.java:37: error: wrong number of type arguments; required 2
implements BlockEntityRenderer<Cursed_tombstone_Entity> {
                              ^
G:\Proyectos\Mods_Minecraft\the_sundering\neoforge\26.2\src\main\java\com\skd\thesundering\client\render\blockentity\Cursed_Tombstone_Renderer.java:47: error: cannot find symbol
    public void render(Cursed_tombstone_Entity entity, float delta, PoseStack poseStack, MultiBufferSource buffer, int packedLight, int overlay) {
                                                                                         ^
  symbol:   class MultiBufferSource
  location: class Cursed_Tombstone_Renderer
G:\Proyectos\Mods_Minecraft\the_sundering\neoforge\26.2\src\main\java\com\skd\thesundering\client\render\blockentity\Door_Of_Seal_Renderer.java:27: error: cannot find symbol
import net.minecraft.client.renderer.MultiBufferSource;
                                    ^
  symbol:   class MultiBufferSource
  location: package net.minecraft.client.renderer
G:\Proyectos\Mods_Minecraft\the_sundering\neoforge\26.2\src\main\java\com\skd\thesundering\client\render\blockentity\Door_Of_Seal_Renderer.java:41: error: wrong number of type arguments; required 2
implements BlockEntityRenderer<Door_Of_Seal_BlockEntity> {
                              ^
G:\Proyectos\Mods_Minecraft\the_sundering\neoforge\26.2\src\main\java\com\skd\thesundering\client\render\blockentity\Door_Of_Seal_Renderer.java:65: error: cannot find symbol
    public void render(Door_Of_Seal_BlockEntity entity, float delta, PoseStack poseStack, MultiBufferSource buffer, int packedLight, int overlay) {
                                                                                          ^
  symbol:   class MultiBufferSource
  location: class Door_Of_Seal_Renderer
G:\Proyectos\Mods_Minecraft\the_sundering\neoforge\26.2\src\main\java\com\skd\thesundering\client\render\blockentity\Goddess_Statue_Renderer.java:28: error: cannot find symbol
import net.minecraft.client.renderer.MultiBufferSource;
                                    ^
  symbol:   class MultiBufferSource
  location: package net.minecraft.client.renderer
G:\Proyectos\Mods_Minecraft\the_sundering\neoforge\26.2\src\main\java\com\skd\thesundering\client\render\blockentity\Goddess_Statue_Renderer.java:43: error: wrong number of type arguments; required 2
implements BlockEntityRenderer<Statue_Block_Entity> {
                              ^
G:\Proyectos\Mods_Minecraft\the_sundering\neoforge\26.2\src\main\java\com\skd\thesundering\client\render\blockentity\Goddess_Statue_Renderer.java:67: error: cannot find symbol
    public void render(Statue_Block_Entity entity, float delta, PoseStack matrixStackIn, MultiBufferSource buffer, int packedLight, int overlay) {
                                                                                         ^
  symbol:   class MultiBufferSource
  location: class Goddess_Statue_Renderer
G:\Proyectos\Mods_Minecraft\the_sundering\neoforge\26.2\src\main\java\com\skd\thesundering\client\render\blockentity\RendererAbyssal_Egg.java:18: error: cannot find symbol
import net.minecraft.client.renderer.MultiBufferSource;
                                    ^
  symbol:   class MultiBufferSource
  location: package net.minecraft.client.renderer
G:\Proyectos\Mods_Minecraft\the_sundering\neoforge\26.2\src\main\java\com\skd\thesundering\client\render\blockentity\RendererAbyssal_Egg.java:25: error: wrong number of type arguments; required 2
implements BlockEntityRenderer<Abyssal_Egg_Block_Entity> {
                              ^
G:\Proyectos\Mods_Minecraft\the_sundering\neoforge\26.2\src\main\java\com\skd\thesundering\client\render\blockentity\RendererAbyssal_Egg.java:33: error: cannot find symbol
    public void render(Abyssal_Egg_Block_Entity tileEntityIn, float partialTicks, PoseStack matrixStackIn, MultiBufferSource bufferIn, int combinedLightIn, int combinedOverlayIn) {
                                                                                                           ^
  symbol:   class MultiBufferSource
  location: class RendererAbyssal_Egg
G:\Proyectos\Mods_Minecraft\the_sundering\neoforge\26.2\src\main\java\com\skd\thesundering\client\render\blockentity\RendererAltar_of_Abyss.java:29: error: cannot find symbol
import net.minecraft.client.renderer.MultiBufferSource;
                                    ^
  symbol:   class MultiBufferSource
  location: package net.minecraft.client.renderer
G:\Proyectos\Mods_Minecraft\the_sundering\neoforge\26.2\src\main\java\com\skd\thesundering\client\render\blockentity\RendererAltar_of_Abyss.java:34: error: cannot find symbol
import net.minecraft.client.resources.model.BakedModel;
                                           ^
  symbol:   class BakedModel
  location: package net.minecraft.client.resources.model
G:\Proyectos\Mods_Minecraft\the_sundering\neoforge\26.2\src\main\java\com\skd\thesundering\client\render\blockentity\RendererAltar_of_Abyss.java:43: error: wrong number of type arguments; required 2
implements BlockEntityRenderer<T> {
                              ^
G:\Proyectos\Mods_Minecraft\the_sundering\neoforge\26.2\src\main\java\com\skd\thesundering\client\render\blockentity\RendererAltar_of_Abyss.java:50: error: cannot find symbol
    public void render(T tileEntityIn, float partialTicks, PoseStack matrixStackIn, MultiBufferSource bufferIn, int combinedLightIn, int combinedOverlayIn) {
                                                                                    ^
  symbol:   class MultiBufferSource
  location: class RendererAltar_of_Abyss<T>
  where T is a type-variable:
    T extends AltarOfAbyss_Block_Entity declared in class RendererAltar_of_Abyss
G:\Proyectos\Mods_Minecraft\the_sundering\neoforge\26.2\src\main\java\com\skd\thesundering\client\render\blockentity\RendererAltar_of_Abyss.java:72: error: cannot find symbol
    public void renderItem(T tileEntityIn, float partialTicks, PoseStack matrixStackIn, MultiBufferSource bufferIn, int combinedLightIn) {
                                                                                        ^
  symbol:   class MultiBufferSource
  location: class RendererAltar_of_Abyss<T>
  where T is a type-variable:
    T extends AltarOfAbyss_Block_Entity declared in class RendererAltar_of_Abyss
G:\Proyectos\Mods_Minecraft\the_sundering\neoforge\26.2\src\main\java\com\skd\thesundering\client\render\blockentity\RendererAltar_of_Amethyst.java:38: error: cannot find symbol
import net.minecraft.client.renderer.MultiBufferSource;
                                    ^
  symbol:   class MultiBufferSource
  location: package net.minecraft.client.renderer
G:\Proyectos\Mods_Minecraft\the_sundering\neoforge\26.2\src\main\java\com\skd\thesundering\client\render\blockentity\RendererAltar_of_Amethyst.java:42: error: cannot find symbol
import net.minecraft.client.renderer.entity.ItemRenderer;
                                           ^
  symbol:   class ItemRenderer
  location: package net.minecraft.client.renderer.entity
G:\Proyectos\Mods_Minecraft\the_sundering\neoforge\26.2\src\main\java\com\skd\thesundering\client\render\blockentity\RendererAltar_of_Amethyst.java:59: error: wrong number of type arguments; required 2
implements BlockEntityRenderer<AltarOfAmethyst_Block_Entity> {
                              ^
G:\Proyectos\Mods_Minecraft\the_sundering\neoforge\26.2\src\main\java\com\skd\thesundering\client\render\blockentity\RendererAltar_of_Amethyst.java:63: error: cannot find symbol
    private final ItemRenderer itemRenderer;
                  ^
  symbol:   class ItemRenderer
  location: class RendererAltar_of_Amethyst
G:\Proyectos\Mods_Minecraft\the_sundering\neoforge\26.2\src\main\java\com\skd\thesundering\client\render\blockentity\RendererAltar_of_Amethyst.java:87: error: cannot find symbol
    public void render(AltarOfAmethyst_Block_Entity tileEntityIn, float partialTicks, PoseStack matrixStackIn, MultiBufferSource bufferIn, int combinedLightIn, int combinedOverlayIn) {
                                                                                                               ^
  symbol:   class MultiBufferSource
  location: class RendererAltar_of_Amethyst
G:\Proyectos\Mods_Minecraft\the_sundering\neoforge\26.2\src\main\java\com\skd\thesundering\client\render\blockentity\RendererAltar_of_Amethyst.java:106: error: cannot find symbol
    public void renderItem(AltarOfAmethyst_Block_Entity tileEntityIn, float partialTicks, PoseStack matrixStackIn, MultiBufferSource bufferIn, int combinedLightIn) {
                                                                                                                   ^
  symbol:   class MultiBufferSource
  location: class RendererAltar_of_Amethyst
G:\Proyectos\Mods_Minecraft\the_sundering\neoforge\26.2\src\main\java\com\skd\thesundering\client\render\blockentity\RendererAltar_of_Amethyst.java:153: error: cannot find symbol
    private static void renderBeaconBeam(PoseStack p_112177_, MultiBufferSource p_112178_, float p_112179_, long p_112180_, int p_112181_, int p_112182_) {
                                                              ^
  symbol:   class MultiBufferSource
  location: class RendererAltar_of_Amethyst
G:\Proyectos\Mods_Minecraft\the_sundering\neoforge\26.2\src\main\java\com\skd\thesundering\client\render\blockentity\RendererAltar_of_Amethyst.java:157: error: cannot find symbol
    public static void renderBeaconBeam(PoseStack p_112185_, MultiBufferSource p_112186_, Identifier p_112187_, float p_112188_, float p_112189_, long p_112190_, int p_112191_, int p_112192_, float p_112194_, float p_112195_) {
                                                             ^
  symbol:   class MultiBufferSource
  location: class RendererAltar_of_Amethyst
G:\Proyectos\Mods_Minecraft\the_sundering\neoforge\26.2\src\main\java\com\skd\thesundering\client\render\blockentity\RendererAltar_of_Fire.java:30: error: cannot find symbol
import net.minecraft.client.renderer.MultiBufferSource;
                                    ^
  symbol:   class MultiBufferSource
  location: package net.minecraft.client.renderer
G:\Proyectos\Mods_Minecraft\the_sundering\neoforge\26.2\src\main\java\com\skd\thesundering\client\render\blockentity\RendererAltar_of_Fire.java:35: error: cannot find symbol
import net.minecraft.client.resources.model.BakedModel;
                                           ^
  symbol:   class BakedModel
  location: package net.minecraft.client.resources.model
G:\Proyectos\Mods_Minecraft\the_sundering\neoforge\26.2\src\main\java\com\skd\thesundering\client\render\blockentity\RendererAltar_of_Fire.java:43: error: wrong number of type arguments; required 2
implements BlockEntityRenderer<T> {
                              ^
G:\Proyectos\Mods_Minecraft\the_sundering\neoforge\26.2\src\main\java\com\skd\thesundering\client\render\blockentity\RendererAltar_of_Fire.java:55: error: cannot find symbol
    public void render(T tileEntityIn, float partialTicks, PoseStack matrixStackIn, MultiBufferSource bufferIn, int combinedLightIn, int combinedOverlayIn) {
                                                                                    ^
  symbol:   class MultiBufferSource
  location: class RendererAltar_of_Fire<T>
  where T is a type-variable:
    T extends AltarOfFire_Block_Entity declared in class RendererAltar_of_Fire
G:\Proyectos\Mods_Minecraft\the_sundering\neoforge\26.2\src\main\java\com\skd\thesundering\client\render\blockentity\RendererAltar_of_Fire.java:72: error: cannot find symbol
    public void renderItem(T tileEntityIn, float partialTicks, PoseStack matrixStackIn, MultiBufferSource bufferIn, int combinedLightIn) {
                                                                                        ^
  symbol:   class MultiBufferSource
  location: class RendererAltar_of_Fire<T>
  where T is a type-variable:
    T extends AltarOfFire_Block_Entity declared in class RendererAltar_of_Fire
G:\Proyectos\Mods_Minecraft\the_sundering\neoforge\26.2\src\main\java\com\skd\thesundering\client\render\blockentity\RendererAltar_of_Fire.java:89: error: cannot find symbol
    public void renderSigil(T tileEntityIn, float delta, PoseStack matrixStackIn, MultiBufferSource bufferIn) {
                                                                                  ^
  symbol:   class MultiBufferSource
  location: class RendererAltar_of_Fire<T>
  where T is a type-variable:
    T extends AltarOfFire_Block_Entity declared in class RendererAltar_of_Fire
G:\Proyectos\Mods_Minecraft\the_sundering\neoforge\26.2\src\main\java\com\skd\thesundering\client\render\blockentity\RendererAltar_of_Fire.java:107: error: cannot find symbol
    private void renderFlamePart(float f2, PoseStack poseStack, MultiBufferSource bufferSource, int packedLight) {
                                                                ^
  symbol:   class MultiBufferSource
  location: class RendererAltar_of_Fire<T>
  where T is a type-variable:
    T extends AltarOfFire_Block_Entity declared in class RendererAltar_of_Fire
G:\Proyectos\Mods_Minecraft\the_sundering\neoforge\26.2\src\main\java\com\skd\thesundering\client\render\blockentity\RendererAltar_of_Void.java:17: error: cannot find symbol
import net.minecraft.client.renderer.MultiBufferSource;
                                    ^
  symbol:   class MultiBufferSource
  location: package net.minecraft.client.renderer
G:\Proyectos\Mods_Minecraft\the_sundering\neoforge\26.2\src\main\java\com\skd\thesundering\client\render\blockentity\RendererAltar_of_Void.java:24: error: wrong number of type arguments; required 2
implements BlockEntityRenderer<T> {
                              ^
G:\Proyectos\Mods_Minecraft\the_sundering\neoforge\26.2\src\main\java\com\skd\thesundering\client\render\blockentity\RendererAltar_of_Void.java:31: error: cannot find symbol
    public void render(T tileEntityIn, float partialTicks, PoseStack matrixStackIn, MultiBufferSource bufferIn, int combinedLightIn, int combinedOverlayIn) {
                                                                                    ^
  symbol:   class MultiBufferSource
  location: class RendererAltar_of_Void<T>
  where T is a type-variable:
    T extends AltarOfVoid_Block_Entity declared in class RendererAltar_of_Void
G:\Proyectos\Mods_Minecraft\the_sundering\neoforge\26.2\src\main\java\com\skd\thesundering\client\render\blockentity\RendererEMP.java:20: error: cannot find symbol
import net.minecraft.client.renderer.MultiBufferSource;
                                    ^
  symbol:   class MultiBufferSource
  location: package net.minecraft.client.renderer
G:\Proyectos\Mods_Minecraft\the_sundering\neoforge\26.2\src\main\java\com\skd\thesundering\client\render\blockentity\RendererEMP.java:29: error: wrong number of type arguments; required 2
implements BlockEntityRenderer<T> {
                              ^
G:\Proyectos\Mods_Minecraft\the_sundering\neoforge\26.2\src\main\java\com\skd\thesundering\client\render\blockentity\RendererEMP.java:36: error: cannot find symbol
    public void render(T tileEntityIn, float partialTicks, PoseStack matrixStackIn, MultiBufferSource bufferIn, int combinedLightIn, int combinedOverlayIn) {
                                                                                    ^
  symbol:   class MultiBufferSource
  location: class RendererEMP<T>
  where T is a type-variable:
    T extends EMP_Block_Entity declared in class RendererEMP
G:\Proyectos\Mods_Minecraft\the_sundering\neoforge\26.2\src\main\java\com\skd\thesundering\client\render\blockentity\RendererMechanical_fusion_anvil.java:22: error: cannot find symbol
import net.minecraft.client.renderer.MultiBufferSource;
                                    ^
  symbol:   class MultiBufferSource
  location: package net.minecraft.client.renderer
G:\Proyectos\Mods_Minecraft\the_sundering\neoforge\26.2\src\main\java\com\skd\thesundering\client\render\blockentity\RendererMechanical_fusion_anvil.java:31: error: wrong number of type arguments; required 2
implements BlockEntityRenderer<T> {
                              ^
G:\Proyectos\Mods_Minecraft\the_sundering\neoforge\26.2\src\main\java\com\skd\thesundering\client\render\blockentity\RendererMechanical_fusion_anvil.java:39: error: cannot find symbol
    public void render(T tileEntityIn, float partialTicks, PoseStack matrixStackIn, MultiBufferSource bufferIn, int combinedLightIn, int combinedOverlayIn) {
                                                                                    ^
  symbol:   class MultiBufferSource
  location: class RendererMechanical_fusion_anvil<T>
  where T is a type-variable:
    T extends Mechanical_fusion_Anvil_Block_Entity declared in class RendererMechanical_fusion_anvil
G:\Proyectos\Mods_Minecraft\the_sundering\neoforge\26.2\src\main\java\com\skd\thesundering\client\render\CMItemstackRenderer.java:32: error: cannot find symbol
import com.skd.thesundering.Cataclysm;
                           ^
  symbol:   class Cataclysm
  location: package com.skd.thesundering
G:\Proyectos\Mods_Minecraft\the_sundering\neoforge\26.2\src\main\java\com\skd\thesundering\client\render\CMItemstackRenderer.java:79: error: cannot find symbol
import net.minecraft.Util;
                    ^
  symbol:   class Util
  location: package net.minecraft
G:\Proyectos\Mods_Minecraft\the_sundering\neoforge\26.2\src\main\java\com\skd\thesundering\client\render\CMItemstackRenderer.java:81: error: cannot find symbol
import net.minecraft.client.model.SkullModelBase;
                                 ^
  symbol:   class SkullModelBase
  location: package net.minecraft.client.model
G:\Proyectos\Mods_Minecraft\the_sundering\neoforge\26.2\src\main\java\com\skd\thesundering\client\render\CMItemstackRenderer.java:82: error: cannot find symbol
import net.minecraft.client.renderer.BlockEntityWithoutLevelRenderer;
                                    ^
  symbol:   class BlockEntityWithoutLevelRenderer
  location: package net.minecraft.client.renderer
G:\Proyectos\Mods_Minecraft\the_sundering\neoforge\26.2\src\main\java\com\skd\thesundering\client\render\CMItemstackRenderer.java:83: error: cannot find symbol
import net.minecraft.client.renderer.MultiBufferSource;
                                    ^
  symbol:   class MultiBufferSource
  location: package net.minecraft.client.renderer
G:\Proyectos\Mods_Minecraft\the_sundering\neoforge\26.2\src\main\java\com\skd\thesundering\client\render\CMItemstackRenderer.java:85: error: cannot find symbol
import net.minecraft.client.renderer.entity.ItemRenderer;
                                           ^
  symbol:   class ItemRenderer
  location: package net.minecraft.client.renderer.entity
G:\Proyectos\Mods_Minecraft\the_sundering\neoforge\26.2\src\main\java\com\skd\thesundering\client\render\CMItemstackRenderer.java:102: error: cannot find symbol
extends BlockEntityWithoutLevelRenderer {
        ^
  symbol: class BlockEntityWithoutLevelRenderer
G:\Proyectos\Mods_Minecraft\the_sundering\neoforge\26.2\src\main\java\com\skd\thesundering\client\render\CMItemstackRenderer.java:189: error: cannot find symbol
    private Map<SkullBlock.Type, SkullModelBase> skullModels = Cataclysm_Skull_Block_Renderer.createSkullRenderers(Minecraft.getInstance().getEntityModels());
                                 ^
  symbol:   class SkullModelBase
  location: class CMItemstackRenderer
G:\Proyectos\Mods_Minecraft\the_sundering\neoforge\26.2\src\main\java\com\skd\thesundering\client\render\CMItemstackRenderer.java:219: error: cannot find symbol
    public void renderByItem(ItemStack itemStackIn, ItemDisplayContext transformType, PoseStack matrixStackIn, MultiBufferSource bufferIn, int combinedLightIn, int combinedOverlayIn) {
                                                                                                               ^
  symbol:   class MultiBufferSource
  location: class CMItemstackRenderer
G:\Proyectos\Mods_Minecraft\the_sundering\neoforge\26.2\src\main\java\com\skd\thesundering\client\render\CMRenderTypes.java:29: error: cannot find symbol
import com.mojang.blaze3d.platform.GlStateManager;
                                  ^
  symbol:   class GlStateManager
  location: package com.mojang.blaze3d.platform
G:\Proyectos\Mods_Minecraft\the_sundering\neoforge\26.2\src\main\java\com\skd\thesundering\client\render\CMRenderTypes.java:33: error: cannot find symbol
import com.mojang.blaze3d.vertex.Tesselator;
                                ^
  symbol:   class Tesselator
  location: package com.mojang.blaze3d.vertex
G:\Proyectos\Mods_Minecraft\the_sundering\neoforge\26.2\src\main\java\com\skd\thesundering\client\render\CMRenderTypes.java:36: error: cannot find symbol
import net.minecraft.Util;
                    ^
  symbol:   class Util
  location: package net.minecraft
G:\Proyectos\Mods_Minecraft\the_sundering\neoforge\26.2\src\main\java\com\skd\thesundering\client\render\CMRenderTypes.java:39: error: cannot find symbol
import net.minecraft.client.renderer.RenderStateShard;
                                    ^
  symbol:   class RenderStateShard
  location: package net.minecraft.client.renderer
G:\Proyectos\Mods_Minecraft\the_sundering\neoforge\26.2\src\main\java\com\skd\thesundering\client\render\CMRenderTypes.java:113: error: cannot find symbol
    public CMRenderTypes(String p_173178_, VertexFormat p_173179_, VertexFormat.Mode p_173180_, int p_173181_, boolean p_173182_, boolean p_173183_, Runnable p_173184_, Runnable p_173185_) {
                                                                               ^
  symbol:   class Mode
  location: class VertexFormat
G:\Proyectos\Mods_Minecraft\the_sundering\neoforge\26.2\src\main\java\com\skd\thesundering\client\render\entity\Abyss_Blast_Portal_Renderer.java:23: error: cannot find symbol
import net.minecraft.client.renderer.MultiBufferSource;
                                    ^
  symbol:   class MultiBufferSource
  location: package net.minecraft.client.renderer
G:\Proyectos\Mods_Minecraft\the_sundering\neoforge\26.2\src\main\java\com\skd\thesundering\client\render\entity\Abyss_Blast_Portal_Renderer.java:32: error: wrong number of type arguments; required 2
extends EntityRenderer<Abyss_Blast_Portal_Entity> {
                      ^
G:\Proyectos\Mods_Minecraft\the_sundering\neoforge\26.2\src\main\java\com\skd\thesundering\client\render\entity\Abyss_Blast_Portal_Renderer.java:44: error: cannot find symbol
    public void render(Abyss_Blast_Portal_Entity entityIn, float entityYaw, float partialTicks, PoseStack matrixStackIn, MultiBufferSource bufferIn, int packedLightIn) {
                                                                                                                         ^
  symbol:   class MultiBufferSource
  location: class Abyss_Blast_Portal_Renderer
G:\Proyectos\Mods_Minecraft\the_sundering\neoforge\26.2\src\main\java\com\skd\thesundering\client\render\entity\Abyss_Blast_Renderer.java:33: error: cannot find symbol
import net.minecraft.client.renderer.MultiBufferSource;
                                    ^
  symbol:   class MultiBufferSource
  location: package net.minecraft.client.renderer
G:\Proyectos\Mods_Minecraft\the_sundering\neoforge\26.2\src\main\java\com\skd\thesundering\client\render\entity\Abyss_Blast_Renderer.java:49: error: wrong number of type arguments; required 2
extends EntityRenderer<Abyss_Blast_Entity> {
                      ^
G:\Proyectos\Mods_Minecraft\the_sundering\neoforge\26.2\src\main\java\com\skd\thesundering\client\render\entity\Abyss_Blast_Renderer.java:70: error: cannot find symbol
    public void render(Abyss_Blast_Entity solarBeam, float entityYaw, float delta, PoseStack matrixStackIn, MultiBufferSource bufferIn, int packedLightIn) {
                                                                                                            ^
  symbol:   class MultiBufferSource
  location: class Abyss_Blast_Renderer
G:\Proyectos\Mods_Minecraft\the_sundering\neoforge\26.2\src\main\java\com\skd\thesundering\client\render\entity\Abyss_Mark_Renderer.java:23: error: cannot find symbol
import net.minecraft.client.renderer.MultiBufferSource;
                                    ^
  symbol:   class MultiBufferSource
  location: package net.minecraft.client.renderer
G:\Proyectos\Mods_Minecraft\the_sundering\neoforge\26.2\src\main\java\com\skd\thesundering\client\render\entity\Abyss_Mark_Renderer.java:35: error: wrong number of type arguments; required 2
extends EntityRenderer<Abyss_Mark_Entity> {
                      ^
G:\Proyectos\Mods_Minecraft\the_sundering\neoforge\26.2\src\main\java\com\skd\thesundering\client\render\entity\Abyss_Mark_Renderer.java:48: error: cannot find symbol
    public void render(Abyss_Mark_Entity flameStrike, float entityYaw, float delta, PoseStack matrixStackIn, MultiBufferSource bufferIn, int packedLightIn) {
                                                                                                             ^
  symbol:   class MultiBufferSource
  location: class Abyss_Mark_Renderer
G:\Proyectos\Mods_Minecraft\the_sundering\neoforge\26.2\src\main\java\com\skd\thesundering\client\render\entity\Abyss_Mine_Renderer.java:27: error: cannot find symbol
import net.minecraft.client.renderer.MultiBufferSource;
                                    ^
  symbol:   class MultiBufferSource
  location: package net.minecraft.client.renderer
G:\Proyectos\Mods_Minecraft\the_sundering\neoforge\26.2\src\main\java\com\skd\thesundering\client\render\entity\Abyss_Mine_Renderer.java:40: error: wrong number of type arguments; required 2
extends EntityRenderer<Abyss_Mine_Entity> {
                      ^
G:\Proyectos\Mods_Minecraft\the_sundering\neoforge\26.2\src\main\java\com\skd\thesundering\client\render\entity\Abyss_Mine_Renderer.java:53: error: cannot find symbol
    public void render(Abyss_Mine_Entity p_114162_, float p_114163_, float p_114164_, PoseStack p_114165_, MultiBufferSource p_114166_, int p_114167_) {
                                                                                                           ^
  symbol:   class MultiBufferSource
  location: class Abyss_Mine_Renderer
G:\Proyectos\Mods_Minecraft\the_sundering\neoforge\26.2\src\main\java\com\skd\thesundering\client\render\entity\Abyss_Orb_Renderer.java:26: error: cannot find symbol
import net.minecraft.client.renderer.MultiBufferSource;
                                    ^
  symbol:   class MultiBufferSource
  location: package net.minecraft.client.renderer
G:\Proyectos\Mods_Minecraft\the_sundering\neoforge\26.2\src\main\java\com\skd\thesundering\client\render\entity\Abyss_Orb_Renderer.java:39: error: wrong number of type arguments; required 2
extends EntityRenderer<Abyss_Orb_Entity> {
                      ^
G:\Proyectos\Mods_Minecraft\the_sundering\neoforge\26.2\src\main\java\com\skd\thesundering\client\render\entity\Abyss_Orb_Renderer.java:51: error: cannot find symbol
    public void render(Abyss_Orb_Entity p_114080_, float p_114081_, float p_114082_, PoseStack p_114083_, MultiBufferSource p_114084_, int p_114085_) {
                                                                                                          ^
  symbol:   class MultiBufferSource
  location: class Abyss_Orb_Renderer
G:\Proyectos\Mods_Minecraft\the_sundering\neoforge\26.2\src\main\java\com\skd\thesundering\client\render\entity\Abyss_Portal_Renderer.java:22: error: cannot find symbol
import net.minecraft.client.renderer.MultiBufferSource;
                                    ^
  symbol:   class MultiBufferSource
  location: package net.minecraft.client.renderer
G:\Proyectos\Mods_Minecraft\the_sundering\neoforge\26.2\src\main\java\com\skd\thesundering\client\render\entity\Abyss_Portal_Renderer.java:31: error: wrong number of type arguments; required 2
extends EntityRenderer<Abyss_Portal_Entity> {
                      ^
G:\Proyectos\Mods_Minecraft\the_sundering\neoforge\26.2\src\main\java\com\skd\thesundering\client\render\entity\Abyss_Portal_Renderer.java:50: error: cannot find symbol
    public void render(Abyss_Portal_Entity entityIn, float entityYaw, float partialTicks, PoseStack matrixStackIn, MultiBufferSource bufferIn, int packedLightIn) {
                                                                                                                   ^
  symbol:   class MultiBufferSource
  location: class Abyss_Portal_Renderer
G:\Proyectos\Mods_Minecraft\the_sundering\neoforge\26.2\src\main\java\com\skd\thesundering\client\render\entity\Abyss_Portal_Renderer.java:59: error: cannot find symbol
    private void renderPortal(Abyss_Portal_Entity entityIn, PoseStack matrixStackIn, MultiBufferSource bufferIn, boolean shattered) {
                                                                                     ^
  symbol:   class MultiBufferSource
  location: class Abyss_Portal_Renderer
G:\Proyectos\Mods_Minecraft\the_sundering\neoforge\26.2\src\main\java\com\skd\thesundering\client\render\entity\Accretion_Renderer.java:26: error: cannot find symbol
import com.skd.thesundering.Cataclysm;
                           ^
  symbol:   class Cataclysm
  location: package com.skd.thesundering
G:\Proyectos\Mods_Minecraft\the_sundering\neoforge\26.2\src\main\java\com\skd\thesundering\client\render\entity\Accretion_Renderer.java:31: error: cannot find symbol
import net.minecraft.client.renderer.MultiBufferSource;
                                    ^
  symbol:   class MultiBufferSource
  location: package net.minecraft.client.renderer
G:\Proyectos\Mods_Minecraft\the_sundering\neoforge\26.2\src\main\java\com\skd\thesundering\client\render\entity\Accretion_Renderer.java:32: error: cannot find symbol
import net.minecraft.client.renderer.block.BlockRenderDispatcher;
                                          ^
  symbol:   class BlockRenderDispatcher
  location: package net.minecraft.client.renderer.block
G:\Proyectos\Mods_Minecraft\the_sundering\neoforge\26.2\src\main\java\com\skd\thesundering\client\render\entity\Accretion_Renderer.java:49: error: wrong number of type arguments; required 2
extends EntityRenderer<Accretion_Entity> {
                      ^
G:\Proyectos\Mods_Minecraft\the_sundering\neoforge\26.2\src\main\java\com\skd\thesundering\client\render\entity\Accretion_Renderer.java:50: error: cannot find symbol
    private final BlockRenderDispatcher blockRenderer;
                  ^
  symbol:   class BlockRenderDispatcher
  location: class Accretion_Renderer
G:\Proyectos\Mods_Minecraft\the_sundering\neoforge\26.2\src\main\java\com\skd\thesundering\client\render\entity\Accretion_Renderer.java:60: error: cannot find symbol
    public void render(Accretion_Entity entityIn, float entityYaw, float partialTicks, PoseStack matrixStackIn, MultiBufferSource bufferIn, int packedLightIn) {
                                                                                                                ^
  symbol:   class MultiBufferSource
  location: class Accretion_Renderer
G:\Proyectos\Mods_Minecraft\the_sundering\neoforge\26.2\src\main\java\com\skd\thesundering\client\render\entity\Accretion_Renderer.java:88: error: cannot find symbol
    public void renderEntityInClaw(float partialTick, PoseStack poseStack, MultiBufferSource buffer, int packedLight, Entity entity, EntityRenderDispatcher entityRenderer) {
                                                                           ^
  symbol:   class MultiBufferSource
  location: class Accretion_Renderer
G:\Proyectos\Mods_Minecraft\the_sundering\neoforge\26.2\src\main\java\com\skd\thesundering\client\render\entity\Amethyst_Cluster_Projectile_Renderer.java:27: error: cannot find symbol
import net.minecraft.client.renderer.MultiBufferSource;
                                    ^
  symbol:   class MultiBufferSource
  location: package net.minecraft.client.renderer
G:\Proyectos\Mods_Minecraft\the_sundering\neoforge\26.2\src\main\java\com\skd\thesundering\client\render\entity\Amethyst_Cluster_Projectile_Renderer.java:41: error: wrong number of type arguments; required 2
extends EntityRenderer<Amethyst_Cluster_Projectile_Entity> {
                      ^
G:\Proyectos\Mods_Minecraft\the_sundering\neoforge\26.2\src\main\java\com\skd\thesundering\client\render\entity\Amethyst_Cluster_Projectile_Renderer.java:49: error: cannot find symbol
    public void render(Amethyst_Cluster_Projectile_Entity entityIn, float entityYaw, float partialTicks, PoseStack matrixStackIn, MultiBufferSource bufferIn, int packedLightIn) {
                                                                                                                                  ^
  symbol:   class MultiBufferSource
  location: class Amethyst_Cluster_Projectile_Renderer
G:\Proyectos\Mods_Minecraft\the_sundering\neoforge\26.2\src\main\java\com\skd\thesundering\client\render\entity\Amethyst_Crab_Renderer.java:27: error: wrong number of type arguments; required 3
extends MobRenderer<Amethyst_Crab_Entity, Amethyst_Crab_Model> {
                   ^
G:\Proyectos\Mods_Minecraft\the_sundering\neoforge\26.2\src\main\java\com\skd\thesundering\client\render\entity\Ancient_Desert_Stele_Renderer.java:27: error: cannot find symbol
import net.minecraft.client.renderer.MultiBufferSource;
                                    ^
  symbol:   class MultiBufferSource
  location: package net.minecraft.client.renderer
G:\Proyectos\Mods_Minecraft\the_sundering\neoforge\26.2\src\main\java\com\skd\thesundering\client\render\entity\Ancient_Desert_Stele_Renderer.java:33: error: cannot find symbol
import net.minecraft.util.FastColor;
                         ^
  symbol:   class FastColor
  location: package net.minecraft.util
G:\Proyectos\Mods_Minecraft\the_sundering\neoforge\26.2\src\main\java\com\skd\thesundering\client\render\entity\Ancient_Desert_Stele_Renderer.java:41: error: wrong number of type arguments; required 2
extends EntityRenderer<Ancient_Desert_Stele_Entity> {
                      ^
G:\Proyectos\Mods_Minecraft\the_sundering\neoforge\26.2\src\main\java\com\skd\thesundering\client\render\entity\Ancient_Desert_Stele_Renderer.java:49: error: cannot find symbol
    public void render(Ancient_Desert_Stele_Entity entityIn, float entityYaw, float partialTicks, PoseStack matrixStackIn, MultiBufferSource bufferIn, int packedLightIn) {
                                                                                                                           ^
  symbol:   class MultiBufferSource
  location: class Ancient_Desert_Stele_Renderer
G:\Proyectos\Mods_Minecraft\the_sundering\neoforge\26.2\src\main\java\com\skd\thesundering\client\render\entity\Ancient_Remnant_Rework_Renderer.java:29: error: wrong number of type arguments; required 3
extends MobRenderer<Ancient_Remnant_Entity, Ancient_Remnant_Rework_Model> {
                   ^
G:\Proyectos\Mods_Minecraft\the_sundering\neoforge\26.2\src\main\java\com\skd\thesundering\client\render\entity\Aptrgangr_Renderer.java:36: error: wrong number of type arguments; required 3
extends MobRenderer<Aptrgangr_Entity, Aptrgangr_Model> {
                   ^
G:\Proyectos\Mods_Minecraft\the_sundering\neoforge\26.2\src\main\java\com\skd\thesundering\client\render\entity\Axe_Blade_Renderer.java:28: error: cannot find symbol
import net.minecraft.client.renderer.MultiBufferSource;
                                    ^
  symbol:   class MultiBufferSource
  location: package net.minecraft.client.renderer
G:\Proyectos\Mods_Minecraft\the_sundering\neoforge\26.2\src\main\java\com\skd\thesundering\client\render\entity\Axe_Blade_Renderer.java:34: error: cannot find symbol
import net.minecraft.util.FastColor;
                         ^
  symbol:   class FastColor
  location: package net.minecraft.util
G:\Proyectos\Mods_Minecraft\the_sundering\neoforge\26.2\src\main\java\com\skd\thesundering\client\render\entity\Axe_Blade_Renderer.java:42: error: wrong number of type arguments; required 2
extends EntityRenderer<Axe_Blade_Entity> {
                      ^
G:\Proyectos\Mods_Minecraft\the_sundering\neoforge\26.2\src\main\java\com\skd\thesundering\client\render\entity\Axe_Blade_Renderer.java:57: error: cannot find symbol
    public void render(Axe_Blade_Entity entityIn, float entityYaw, float partialTicks, PoseStack matrixStackIn, MultiBufferSource bufferIn, int packedLightIn) {
                                                                                                                ^
  symbol:   class MultiBufferSource
  location: class Axe_Blade_Renderer
G:\Proyectos\Mods_Minecraft\the_sundering\neoforge\26.2\src\main\java\com\skd\thesundering\client\render\entity\Blazing_Bone_Renderer.java:24: error: cannot find symbol
import net.minecraft.client.renderer.MultiBufferSource;
                                    ^
  symbol:   class MultiBufferSource
  location: package net.minecraft.client.renderer
G:\Proyectos\Mods_Minecraft\the_sundering\neoforge\26.2\src\main\java\com\skd\thesundering\entity\projectile\Blazing_Bone_Entity.java:42: error: cannot find symbol
import net.minecraft.world.entity.projectile.ThrowableItemProjectile;
                                            ^
  symbol:   class ThrowableItemProjectile
  location: package net.minecraft.world.entity.projectile
G:\Proyectos\Mods_Minecraft\the_sundering\neoforge\26.2\src\main\java\com\skd\thesundering\entity\projectile\Blazing_Bone_Entity.java:53: error: cannot find symbol
extends ThrowableItemProjectile {
        ^
  symbol: class ThrowableItemProjectile
G:\Proyectos\Mods_Minecraft\the_sundering\neoforge\26.2\src\main\java\com\skd\thesundering\client\render\entity\Blazing_Bone_Renderer.java:36: error: wrong number of type arguments; required 2
extends EntityRenderer<Blazing_Bone_Entity> {
                      ^
G:\Proyectos\Mods_Minecraft\the_sundering\neoforge\26.2\src\main\java\com\skd\thesundering\client\render\entity\Blazing_Bone_Renderer.java:41: error: cannot find symbol
    public void render(Blazing_Bone_Entity entity, float yaw, float partialTicks, PoseStack stack, MultiBufferSource buffer, int light) {
                                                                                                   ^
  symbol:   class MultiBufferSource
  location: class Blazing_Bone_Renderer
G:\Proyectos\Mods_Minecraft\the_sundering\neoforge\26.2\src\main\java\com\skd\thesundering\client\render\entity\Boltstrike_Renderer.java:27: error: cannot find symbol
import net.minecraft.client.renderer.MultiBufferSource;
                                    ^
  symbol:   class MultiBufferSource
  location: package net.minecraft.client.renderer
G:\Proyectos\Mods_Minecraft\the_sundering\neoforge\26.2\src\main\java\com\skd\thesundering\client\render\entity\Boltstrike_Renderer.java:39: error: wrong number of type arguments; required 2
extends EntityRenderer<Bolt_strike_Entity> {
                      ^
G:\Proyectos\Mods_Minecraft\the_sundering\neoforge\26.2\src\main\java\com\skd\thesundering\client\render\entity\Boltstrike_Renderer.java:51: error: cannot find symbol
    public void render(Bolt_strike_Entity entity, float p_115267_, float partialTicks, PoseStack poseStack, MultiBufferSource p_115270_, int p_115271_) {
                                                                                                            ^
  symbol:   class MultiBufferSource
  location: class Boltstrike_Renderer
G:\Proyectos\Mods_Minecraft\the_sundering\neoforge\26.2\src\main\java\com\skd\thesundering\client\render\entity\Brontes_Renderer.java:28: error: cannot find symbol
import net.minecraft.client.renderer.MultiBufferSource;
                                    ^
  symbol:   class MultiBufferSource
  location: package net.minecraft.client.renderer
G:\Proyectos\Mods_Minecraft\the_sundering\neoforge\26.2\src\main\java\com\skd\thesundering\client\render\entity\Brontes_Renderer.java:32: error: cannot find symbol
import net.minecraft.client.renderer.entity.ItemRenderer;
                                           ^
  symbol:   class ItemRenderer
  location: package net.minecraft.client.renderer.entity
G:\Proyectos\Mods_Minecraft\the_sundering\neoforge\26.2\src\main\java\com\skd\thesundering\client\render\entity\Brontes_Renderer.java:42: error: wrong number of type arguments; required 2
extends EntityRenderer<Brontes_Entity> {
                      ^
G:\Proyectos\Mods_Minecraft\the_sundering\neoforge\26.2\src\main\java\com\skd\thesundering\client\render\entity\Brontes_Renderer.java:51: error: cannot find symbol
    public void render(Brontes_Entity entity, float entityYaw, float partialTicks, PoseStack poseStack, MultiBufferSource buffer, int packedLight) {
                                                                                                        ^
  symbol:   class MultiBufferSource
  location: class Brontes_Renderer
G:\Proyectos\Mods_Minecraft\the_sundering\neoforge\26.2\src\main\java\com\skd\thesundering\client\render\entity\Cindaria_Renderer.java:29: error: wrong number of type arguments; required 3
extends MobRenderer<Cindaria_Entity, Cindaria_Model> {
                   ^
G:\Proyectos\Mods_Minecraft\the_sundering\neoforge\26.2\src\main\java\com\skd\thesundering\client\render\entity\Clawdian_Renderer.java:33: error: wrong number of type arguments; required 3
extends MobRenderer<Clawdian_Entity, Clawdian_Model> {
                   ^
G:\Proyectos\Mods_Minecraft\the_sundering\neoforge\26.2\src\main\java\com\skd\thesundering\client\render\entity\Cm_Falling_Block_Renderer.java:31: error: cannot find symbol
import net.minecraft.client.renderer.MultiBufferSource;
                                    ^
  symbol:   class MultiBufferSource
  location: package net.minecraft.client.renderer
G:\Proyectos\Mods_Minecraft\the_sundering\neoforge\26.2\src\main\java\com\skd\thesundering\client\render\entity\Cm_Falling_Block_Renderer.java:33: error: cannot find symbol
import net.minecraft.client.renderer.block.BlockRenderDispatcher;
                                          ^
  symbol:   class BlockRenderDispatcher
  location: package net.minecraft.client.renderer.block
G:\Proyectos\Mods_Minecraft\the_sundering\neoforge\26.2\src\main\java\com\skd\thesundering\client\render\entity\Cm_Falling_Block_Renderer.java:38: error: cannot find symbol
import net.minecraft.client.resources.model.BakedModel;
                                           ^
  symbol:   class BakedModel
  location: package net.minecraft.client.resources.model
G:\Proyectos\Mods_Minecraft\the_sundering\neoforge\26.2\src\main\java\com\skd\thesundering\client\render\entity\Cm_Falling_Block_Renderer.java:43: error: cannot find symbol
import net.minecraft.world.level.BlockAndTintGetter;
                                ^
  symbol:   class BlockAndTintGetter
  location: package net.minecraft.world.level
G:\Proyectos\Mods_Minecraft\the_sundering\neoforge\26.2\src\main\java\com\skd\thesundering\client\render\entity\Cm_Falling_Block_Renderer.java:49: error: cannot find symbol
import net.neoforged.neoforge.client.RenderTypeHelper;
                                    ^
  symbol:   class RenderTypeHelper
  location: package net.neoforged.neoforge.client
G:\Proyectos\Mods_Minecraft\the_sundering\neoforge\26.2\src\main\java\com\skd\thesundering\client\render\entity\Cm_Falling_Block_Renderer.java:50: error: package net.neoforged.neoforge.client.model.data does not exist
import net.neoforged.neoforge.client.model.data.ModelData;
                                               ^
G:\Proyectos\Mods_Minecraft\the_sundering\neoforge\26.2\src\main\java\com\skd\thesundering\client\render\entity\Cm_Falling_Block_Renderer.java:54: error: wrong number of type arguments; required 2
extends EntityRenderer<Cm_Falling_Block_Entity> {
                      ^
G:\Proyectos\Mods_Minecraft\the_sundering\neoforge\26.2\src\main\java\com\skd\thesundering\client\render\entity\Cm_Falling_Block_Renderer.java:55: error: cannot find symbol
    private final BlockRenderDispatcher dispatcher;
                  ^
  symbol:   class BlockRenderDispatcher
  location: class Cm_Falling_Block_Renderer
G:\Proyectos\Mods_Minecraft\the_sundering\neoforge\26.2\src\main\java\com\skd\thesundering\client\render\entity\Cm_Falling_Block_Renderer.java:62: error: cannot find symbol
    public void render(Cm_Falling_Block_Entity p_114634_, float p_114635_, float p_114636_, PoseStack p_114637_, MultiBufferSource p_114638_, int p_114639_) {
                                                                                                                 ^
  symbol:   class MultiBufferSource
  location: class Cm_Falling_Block_Renderer
G:\Proyectos\Mods_Minecraft\the_sundering\neoforge\26.2\src\main\java\com\skd\thesundering\client\render\entity\Coralssus_Renderer.java:27: error: wrong number of type arguments; required 3
extends MobRenderer<Coralssus_Entity, Coralssus_Model> {
                   ^
G:\Proyectos\Mods_Minecraft\the_sundering\neoforge\26.2\src\main\java\com\skd\thesundering\client\render\entity\Coral_Golem_Renderer.java:27: error: wrong number of type arguments; required 3
extends MobRenderer<Coral_Golem_Entity, Coral_Golem_Model> {
                   ^
G:\Proyectos\Mods_Minecraft\the_sundering\neoforge\26.2\src\main\java\com\skd\thesundering\client\render\entity\Cursed_Sandstorm_Renderer.java:25: error: cannot find symbol
import net.minecraft.client.renderer.MultiBufferSource;
                                    ^
  symbol:   class MultiBufferSource
  location: package net.minecraft.client.renderer
G:\Proyectos\Mods_Minecraft\the_sundering\neoforge\26.2\src\main\java\com\skd\thesundering\client\render\entity\Cursed_Sandstorm_Renderer.java:30: error: cannot find symbol
import net.minecraft.util.FastColor;
                         ^
  symbol:   class FastColor
  location: package net.minecraft.util
G:\Proyectos\Mods_Minecraft\the_sundering\neoforge\26.2\src\main\java\com\skd\thesundering\client\render\entity\Cursed_Sandstorm_Renderer.java:38: error: wrong number of type arguments; required 2
extends EntityRenderer<Cursed_Sandstorm_Entity> {
                      ^
G:\Proyectos\Mods_Minecraft\the_sundering\neoforge\26.2\src\main\java\com\skd\thesundering\client\render\entity\Cursed_Sandstorm_Renderer.java:46: error: cannot find symbol
    public void render(Cursed_Sandstorm_Entity entityIn, float entityYaw, float partialTicks, PoseStack matrixStackIn, MultiBufferSource bufferIn, int packedLightIn) {
                                                                                                                       ^
  symbol:   class MultiBufferSource
  location: class Cursed_Sandstorm_Renderer
G:\Proyectos\Mods_Minecraft\the_sundering\neoforge\26.2\src\main\java\com\skd\thesundering\client\render\entity\Death_Laser_beam_Renderer.java:39: error: cannot find symbol
import net.minecraft.client.renderer.MultiBufferSource;
                                    ^
  symbol:   class MultiBufferSource
  location: package net.minecraft.client.renderer
G:\Proyectos\Mods_Minecraft\the_sundering\neoforge\26.2\src\main\java\com\skd\thesundering\client\render\entity\Death_Laser_beam_Renderer.java:56: error: wrong number of type arguments; required 2
extends EntityRenderer<Death_Laser_Beam_Entity> {
                      ^
G:\Proyectos\Mods_Minecraft\the_sundering\neoforge\26.2\src\main\java\com\skd\thesundering\client\render\entity\Death_Laser_beam_Renderer.java:73: error: cannot find symbol
    public void render(Death_Laser_Beam_Entity solarBeam, float entityYaw, float delta, PoseStack matrixStackIn, MultiBufferSource bufferIn, int packedLightIn) {
                                                                                                                 ^
  symbol:   class MultiBufferSource
  location: class Death_Laser_beam_Renderer
G:\Proyectos\Mods_Minecraft\the_sundering\neoforge\26.2\src\main\java\com\skd\thesundering\client\render\entity\Death_Laser_beam_Renderer.java:109: error: cannot find symbol
    private void renderLighting(float frame, PoseStack poseStack, Death_Laser_Beam_Entity entity, MultiBufferSource buffer) {
                                                                                                  ^
  symbol:   class MultiBufferSource
  location: class Death_Laser_beam_Renderer
G:\Proyectos\Mods_Minecraft\the_sundering\neoforge\26.2\src\main\java\com\skd\thesundering\client\render\entity\Deepling_Angler_Renderer.java:31: error: wrong number of type arguments; required 3
extends MobRenderer<Deepling_Angler_Entity, Deepling_Angler_Model> {
                   ^
G:\Proyectos\Mods_Minecraft\the_sundering\neoforge\26.2\src\main\java\com\skd\thesundering\client\render\entity\Deepling_Brute_Renderer.java:41: error: wrong number of type arguments; required 3
extends MobRenderer<Deepling_Brute_Entity, Deepling_Brute_Model> {
                   ^
G:\Proyectos\Mods_Minecraft\the_sundering\neoforge\26.2\src\main\java\com\skd\thesundering\client\render\entity\Deepling_Priest_Renderer.java:32: error: wrong number of type arguments; required 3
extends MobRenderer<Deepling_Priest_Entity, Deepling_Priest_Model> {
                   ^
G:\Proyectos\Mods_Minecraft\the_sundering\neoforge\26.2\src\main\java\com\skd\thesundering\client\render\entity\Deepling_Renderer.java:31: error: wrong number of type arguments; required 3
extends MobRenderer<Deepling_Entity, Deepling_Model> {
                   ^
G:\Proyectos\Mods_Minecraft\the_sundering\neoforge\26.2\src\main\java\com\skd\thesundering\client\render\entity\Deepling_Warlock_Renderer.java:31: error: wrong number of type arguments; required 3
extends MobRenderer<Deepling_Warlock_Entity, Deepling_Warlock_Model> {
                   ^
G:\Proyectos\Mods_Minecraft\the_sundering\neoforge\26.2\src\main\java\com\skd\thesundering\client\render\entity\Dimensional_Rift_Renderer.java:26: error: cannot find symbol
import net.minecraft.client.renderer.MultiBufferSource;
                                    ^
  symbol:   class MultiBufferSource
  location: package net.minecraft.client.renderer
G:\Proyectos\Mods_Minecraft\the_sundering\neoforge\26.2\src\main\java\com\skd\thesundering\client\render\entity\Dimensional_Rift_Renderer.java:38: error: wrong number of type arguments; required 2
extends EntityRenderer<Dimensional_Rift_Entity> {
                      ^
G:\Proyectos\Mods_Minecraft\the_sundering\neoforge\26.2\src\main\java\com\skd\thesundering\client\render\entity\Dimensional_Rift_Renderer.java:52: error: cannot find symbol
    public void render(Dimensional_Rift_Entity entityIn, float entityYaw, float partialTicks, PoseStack matrixStackIn, MultiBufferSource bufferIn, int packedLightIn) {
                                                                                                                       ^
  symbol:   class MultiBufferSource
  location: class Dimensional_Rift_Renderer
G:\Proyectos\Mods_Minecraft\the_sundering\neoforge\26.2\src\main\java\com\skd\thesundering\client\render\entity\Draugr_Renderer.java:32: error: wrong number of type arguments; required 3
extends MobRenderer<Draugr_Entity, Draugr_Model> {
                   ^
G:\Proyectos\Mods_Minecraft\the_sundering\neoforge\26.2\src\main\java\com\skd\thesundering\client\render\entity\Drowned_Host_Renderer.java:27: error: cannot find symbol
import net.minecraft.world.entity.monster.Zombie;
                                         ^
  symbol:   class Zombie
  location: package net.minecraft.world.entity.monster
G:\Proyectos\Mods_Minecraft\the_sundering\neoforge\26.2\src\main\java\com\skd\thesundering\entity\InternalAnimationMonster\AcropolisMonsters\Drowned_Host_Entity.java:95: error: cannot find symbol
import net.minecraft.world.entity.MobSpawnType;
                                 ^
  symbol:   class MobSpawnType
  location: package net.minecraft.world.entity
G:\Proyectos\Mods_Minecraft\the_sundering\neoforge\26.2\src\main\java\com\skd\thesundering\entity\InternalAnimationMonster\AcropolisMonsters\Drowned_Host_Entity.java:113: error: cannot find symbol
import net.minecraft.world.entity.animal.IronGolem;
                                        ^
  symbol:   class IronGolem
  location: package net.minecraft.world.entity.animal
G:\Proyectos\Mods_Minecraft\the_sundering\neoforge\26.2\src\main\java\com\skd\thesundering\entity\InternalAnimationMonster\AcropolisMonsters\Drowned_Host_Entity.java:114: error: cannot find symbol
import net.minecraft.world.entity.animal.Turtle;
                                        ^
  symbol:   class Turtle
  location: package net.minecraft.world.entity.animal
G:\Proyectos\Mods_Minecraft\the_sundering\neoforge\26.2\src\main\java\com\skd\thesundering\entity\InternalAnimationMonster\AcropolisMonsters\Drowned_Host_Entity.java:118: error: cannot find symbol
import net.minecraft.world.entity.monster.Zombie;
                                         ^
  symbol:   class Zombie
  location: package net.minecraft.world.entity.monster
G:\Proyectos\Mods_Minecraft\the_sundering\neoforge\26.2\src\main\java\com\skd\thesundering\entity\InternalAnimationMonster\AcropolisMonsters\Drowned_Host_Entity.java:119: error: cannot find symbol
import net.minecraft.world.entity.monster.ZombifiedPiglin;
                                         ^
  symbol:   class ZombifiedPiglin
  location: package net.minecraft.world.entity.monster
G:\Proyectos\Mods_Minecraft\the_sundering\neoforge\26.2\src\main\java\com\skd\thesundering\entity\InternalAnimationMonster\AcropolisMonsters\Drowned_Host_Entity.java:120: error: cannot find symbol
import net.minecraft.world.entity.npc.AbstractVillager;
                                     ^
  symbol:   class AbstractVillager
  location: package net.minecraft.world.entity.npc
G:\Proyectos\Mods_Minecraft\the_sundering\neoforge\26.2\src\main\java\com\skd\thesundering\entity\InternalAnimationMonster\AcropolisMonsters\Drowned_Host_Entity.java:122: error: cannot find symbol
import net.minecraft.world.entity.projectile.ThrownTrident;
                                            ^
  symbol:   class ThrownTrident
  location: package net.minecraft.world.entity.projectile
G:\Proyectos\Mods_Minecraft\the_sundering\neoforge\26.2\src\main\java\com\skd\thesundering\entity\InternalAnimationMonster\AcropolisMonsters\Drowned_Host_Entity.java:123: error: cannot find symbol
import net.minecraft.world.entity.vehicle.Boat;
                                         ^
  symbol:   class Boat
  location: package net.minecraft.world.entity.vehicle
G:\Proyectos\Mods_Minecraft\the_sundering\neoforge\26.2\src\main\java\com\skd\thesundering\entity\InternalAnimationMonster\AcropolisMonsters\Drowned_Host_Entity.java:139: error: cannot find symbol
extends Zombie
        ^
  symbol: class Zombie
G:\Proyectos\Mods_Minecraft\the_sundering\neoforge\26.2\src\main\java\com\skd\thesundering\client\render\entity\Drowned_Host_Renderer.java:30: error: wrong number of type arguments; required 3
extends AbstractZombieRenderer<Drowned_Host_Entity, Drowned_Host_Model<Drowned_Host_Entity>> {
                              ^
G:\Proyectos\Mods_Minecraft\the_sundering\neoforge\26.2\src\main\java\com\skd\thesundering\client\render\entity\Drowned_Host_Renderer.java:38: error: cannot find symbol
    public Identifier getTextureLocation(Zombie entity) {
                                         ^
  symbol:   class Zombie
  location: class Drowned_Host_Renderer
G:\Proyectos\Mods_Minecraft\the_sundering\neoforge\26.2\src\main\java\com\skd\thesundering\entity\InternalAnimationMonster\AcropolisMonsters\Drowned_Host_Entity.java:182: error: cannot find symbol
    public SpawnGroupData finalizeSpawn(ServerLevelAccessor accessor, DifficultyInstance difficulty, MobSpawnType spawnType, @Nullable SpawnGroupData spawnGroupData) {
                                                                                                     ^
  symbol:   class MobSpawnType
  location: class Drowned_Host_Entity
G:\Proyectos\Mods_Minecraft\the_sundering\neoforge\26.2\src\main\java\com\skd\thesundering\entity\InternalAnimationMonster\AcropolisMonsters\Drowned_Host_Entity.java:194: error: cannot find symbol
    public static boolean checkDrownedSpawnRules(EntityType<Drowned_Host_Entity> drowned, ServerLevelAccessor serverLevel, MobSpawnType mobSpawnType, BlockPos pos, RandomSource random) {
                                                                                                                           ^
  symbol:   class MobSpawnType
  location: class Drowned_Host_Entity
G:\Proyectos\Mods_Minecraft\the_sundering\neoforge\26.2\src\main\java\com\skd\thesundering\client\render\entity\Elite_Draugr_Renderer.java:32: error: wrong number of type arguments; required 3
extends MobRenderer<Elite_Draugr_Entity, Elite_Draugr_Model> {
                   ^
G:\Proyectos\Mods_Minecraft\the_sundering\neoforge\26.2\src\main\java\com\skd\thesundering\client\render\entity\Endermaptera_Renderer.java:40: error: wrong number of type arguments; required 3
extends MobRenderer<Endermaptera_Entity, Endermaptera_Model> {
                   ^
G:\Proyectos\Mods_Minecraft\the_sundering\neoforge\26.2\src\main\java\com\skd\thesundering\client\render\entity\Ender_Golem_Renderer.java:28: error: wrong number of type arguments; required 3
extends MobRenderer<Ender_Golem_Entity, Ender_Golem_Model> {
                   ^
G:\Proyectos\Mods_Minecraft\the_sundering\neoforge\26.2\src\main\java\com\skd\thesundering\client\render\entity\Ender_Guardian_bullet_Renderer.java:27: error: cannot find symbol
import net.minecraft.client.renderer.MultiBufferSource;
                                    ^
  symbol:   class MultiBufferSource
  location: package net.minecraft.client.renderer
G:\Proyectos\Mods_Minecraft\the_sundering\neoforge\26.2\src\main\java\com\skd\thesundering\entity\projectile\Ender_Guardian_Bullet_Entity.java:46: error: cannot find symbol
import net.minecraft.world.entity.projectile.AbstractHurtingProjectile;
                                            ^
  symbol:   class AbstractHurtingProjectile
  location: package net.minecraft.world.entity.projectile
G:\Proyectos\Mods_Minecraft\the_sundering\neoforge\26.2\src\main\java\com\skd\thesundering\entity\projectile\Ender_Guardian_Bullet_Entity.java:58: error: cannot find symbol
extends AbstractHurtingProjectile {
        ^
  symbol: class AbstractHurtingProjectile
G:\Proyectos\Mods_Minecraft\the_sundering\neoforge\26.2\src\main\java\com\skd\thesundering\client\render\entity\Ender_Guardian_bullet_Renderer.java:41: error: wrong number of type arguments; required 2
extends EntityRenderer<Ender_Guardian_Bullet_Entity> {
                      ^
G:\Proyectos\Mods_Minecraft\the_sundering\neoforge\26.2\src\main\java\com\skd\thesundering\client\render\entity\Ender_Guardian_bullet_Renderer.java:54: error: cannot find symbol
    public void render(Ender_Guardian_Bullet_Entity entityIn, float entityYaw, float partialTicks, PoseStack matrixStackIn, MultiBufferSource bufferIn, int packedLightIn) {
                                                                                                                            ^
  symbol:   class MultiBufferSource
  location: class Ender_Guardian_bullet_Renderer
G:\Proyectos\Mods_Minecraft\the_sundering\neoforge\26.2\src\main\java\com\skd\thesundering\client\render\entity\Ender_Guardian_Renderer.java:28: error: wrong number of type arguments; required 3
extends MobRenderer<Ender_Guardian_Entity, Ender_Guardian_Model> {
                   ^
G:\Proyectos\Mods_Minecraft\the_sundering\neoforge\26.2\src\main\java\com\skd\thesundering\client\render\entity\Eye_Of_Dungeon_Renderer.java:30: error: cannot find symbol
import net.minecraft.client.renderer.MultiBufferSource;
                                    ^
  symbol:   class MultiBufferSource
  location: package net.minecraft.client.renderer
G:\Proyectos\Mods_Minecraft\the_sundering\neoforge\26.2\src\main\java\com\skd\thesundering\client\render\entity\Eye_Of_Dungeon_Renderer.java:33: error: cannot find symbol
import net.minecraft.client.renderer.entity.ItemRenderer;
                                           ^
  symbol:   class ItemRenderer
  location: package net.minecraft.client.renderer.entity
G:\Proyectos\Mods_Minecraft\the_sundering\neoforge\26.2\src\main\java\com\skd\thesundering\entity\projectile\Eye_Of_Dungeon_Entity.java:31: error: cannot find symbol
import net.minecraft.Util;
                    ^
  symbol:   class Util
  location: package net.minecraft
G:\Proyectos\Mods_Minecraft\the_sundering\neoforge\26.2\src\main\java\com\skd\thesundering\client\render\entity\Eye_Of_Dungeon_Renderer.java:48: error: wrong number of type arguments; required 2
extends EntityRenderer<Eye_Of_Dungeon_Entity> {
                      ^
G:\Proyectos\Mods_Minecraft\the_sundering\neoforge\26.2\src\main\java\com\skd\thesundering\client\render\entity\Eye_Of_Dungeon_Renderer.java:49: error: cannot find symbol
    private final ItemRenderer itemRenderer;
                  ^
  symbol:   class ItemRenderer
  location: class Eye_Of_Dungeon_Renderer
G:\Proyectos\Mods_Minecraft\the_sundering\neoforge\26.2\src\main\java\com\skd\thesundering\client\render\entity\Eye_Of_Dungeon_Renderer.java:57: error: cannot find symbol
    public void render(Eye_Of_Dungeon_Entity entityIn, float entityYaw, float partialTicks, PoseStack matrixStackIn, MultiBufferSource bufferIn, int packedLightIn) {
                                                                                                                     ^
  symbol:   class MultiBufferSource
  location: class Eye_Of_Dungeon_Renderer
G:\Proyectos\Mods_Minecraft\the_sundering\neoforge\26.2\src\main\java\com\skd\thesundering\client\render\entity\Eye_Of_Dungeon_Renderer.java:79: error: cannot find symbol
    private void renderTrail(Eye_Of_Dungeon_Entity entityIn, float partialTicks, PoseStack poseStack, MultiBufferSource bufferIn, float trailR, float trailG, float trailB, float trailA, int packedLightIn) {
                                                                                                      ^
  symbol:   class MultiBufferSource
  location: class Eye_Of_Dungeon_Renderer
G:\Proyectos\Mods_Minecraft\the_sundering\neoforge\26.2\src\main\java\com\skd\thesundering\client\render\entity\Flame_Strike_Renderer.java:25: error: cannot find symbol
import net.minecraft.client.renderer.MultiBufferSource;
                                    ^
  symbol:   class MultiBufferSource
  location: package net.minecraft.client.renderer
G:\Proyectos\Mods_Minecraft\the_sundering\neoforge\26.2\src\main\java\com\skd\thesundering\client\render\entity\Flame_Strike_Renderer.java:37: error: wrong number of type arguments; required 2
extends EntityRenderer<Flame_Strike_Entity> {
                      ^
G:\Proyectos\Mods_Minecraft\the_sundering\neoforge\26.2\src\main\java\com\skd\thesundering\client\render\entity\Flame_Strike_Renderer.java:49: error: cannot find symbol
    public void render(Flame_Strike_Entity flameStrike, float entityYaw, float delta, PoseStack matrixStackIn, MultiBufferSource bufferIn, int packedLightIn) {
                                                                                                               ^
  symbol:   class MultiBufferSource
  location: class Flame_Strike_Renderer
G:\Proyectos\Mods_Minecraft\the_sundering\neoforge\26.2\src\main\java\com\skd\thesundering\client\render\entity\Flare_Bomb_Renderer.java:29: error: cannot find symbol
import net.minecraft.client.renderer.MultiBufferSource;
                                    ^
  symbol:   class MultiBufferSource
  location: package net.minecraft.client.renderer
G:\Proyectos\Mods_Minecraft\the_sundering\neoforge\26.2\src\main\java\com\skd\thesundering\client\render\entity\Flare_Bomb_Renderer.java:35: error: cannot find symbol
import net.minecraft.util.FastColor;
                         ^
  symbol:   class FastColor
  location: package net.minecraft.util
G:\Proyectos\Mods_Minecraft\the_sundering\neoforge\26.2\src\main\java\com\skd\thesundering\client\render\entity\Flare_Bomb_Renderer.java:43: error: wrong number of type arguments; required 2
extends EntityRenderer<Flare_Bomb_Entity> {
                      ^
G:\Proyectos\Mods_Minecraft\the_sundering\neoforge\26.2\src\main\java\com\skd\thesundering\client\render\entity\Flare_Bomb_Renderer.java:55: error: cannot find symbol
    public void render(Flare_Bomb_Entity entityIn, float entityYaw, float partialTicks, PoseStack matrixStackIn, MultiBufferSource bufferIn, int packedLightIn) {
                                                                                                                 ^
  symbol:   class MultiBufferSource
  location: class Flare_Bomb_Renderer
G:\Proyectos\Mods_Minecraft\the_sundering\neoforge\26.2\src\main\java\com\skd\thesundering\client\render\entity\Flare_Bomb_Renderer.java:84: error: cannot find symbol
    private void renderTrail(Flare_Bomb_Entity entityIn, float partialTicks, PoseStack poseStack, MultiBufferSource bufferIn, float trailR, float trailG, float trailB, float trailA, int packedLightIn) {
                                                                                                  ^
  symbol:   class MultiBufferSource
  location: class Flare_Bomb_Renderer
G:\Proyectos\Mods_Minecraft\the_sundering\neoforge\26.2\src\main\java\com\skd\thesundering\client\render\entity\Hippocamtus_Renderer.java:29: error: wrong number of type arguments; required 3
extends MobRenderer<Hippocamtus_Entity, Hippocamtus_Model> {
                   ^
G:\Proyectos\Mods_Minecraft\the_sundering\neoforge\26.2\src\main\java\com\skd\thesundering\client\render\entity\Ignis_Abyss_Fireball_Renderer.java:31: error: cannot find symbol
import net.minecraft.client.renderer.MultiBufferSource;
                                    ^
  symbol:   class MultiBufferSource
  location: package net.minecraft.client.renderer
G:\Proyectos\Mods_Minecraft\the_sundering\neoforge\26.2\src\main\java\com\skd\thesundering\client\render\entity\Ignis_Abyss_Fireball_Renderer.java:47: error: wrong number of type arguments; required 2
extends EntityRenderer<Ignis_Abyss_Fireball_Entity> {
                      ^
G:\Proyectos\Mods_Minecraft\the_sundering\neoforge\26.2\src\main\java\com\skd\thesundering\client\render\entity\Ignis_Abyss_Fireball_Renderer.java:62: error: cannot find symbol
    public void render(Ignis_Abyss_Fireball_Entity entityIn, float entityYaw, float partialTicks, PoseStack matrixStackIn, MultiBufferSource bufferIn, int packedLightIn) {
                                                                                                                           ^
  symbol:   class MultiBufferSource
  location: class Ignis_Abyss_Fireball_Renderer
G:\Proyectos\Mods_Minecraft\the_sundering\neoforge\26.2\src\main\java\com\skd\thesundering\client\render\entity\Ignis_Abyss_Fireball_Renderer.java:95: error: cannot find symbol
    private void renderTrail(Ignis_Abyss_Fireball_Entity entityIn, float partialTicks, PoseStack poseStack, MultiBufferSource bufferIn, float trailR, float trailG, float trailB, float trailA, int packedLightIn) {
                                                                                                            ^
  symbol:   class MultiBufferSource
  location: class Ignis_Abyss_Fireball_Renderer
G:\Proyectos\Mods_Minecraft\the_sundering\neoforge\26.2\src\main\java\com\skd\thesundering\entity\projectile\Ignis_Abyss_Fireball_Entity.java:307: error: method onHitEntity(EntityHitResult) is already defined in class Ignis_Abyss_Fireball_Entity
    public void onHitEntity(EntityHitResult p_36839_) {
                ^
G:\Proyectos\Mods_Minecraft\the_sundering\neoforge\26.2\src\main\java\com\skd\thesundering\client\render\entity\Ignis_Fireball_Renderer.java:31: error: cannot find symbol
import net.minecraft.client.renderer.MultiBufferSource;
                                    ^
  symbol:   class MultiBufferSource
  location: package net.minecraft.client.renderer
G:\Proyectos\Mods_Minecraft\the_sundering\neoforge\26.2\src\main\java\com\skd\thesundering\client\render\entity\Ignis_Fireball_Renderer.java:47: error: wrong number of type arguments; required 2
extends EntityRenderer<Ignis_Fireball_Entity> {
                      ^
G:\Proyectos\Mods_Minecraft\the_sundering\neoforge\26.2\src\main\java\com\skd\thesundering\client\render\entity\Ignis_Fireball_Renderer.java:63: error: cannot find symbol
    public void render(Ignis_Fireball_Entity entityIn, float entityYaw, float partialTicks, PoseStack matrixStackIn, MultiBufferSource bufferIn, int packedLightIn) {
                                                                                                                     ^
  symbol:   class MultiBufferSource
  location: class Ignis_Fireball_Renderer
G:\Proyectos\Mods_Minecraft\the_sundering\neoforge\26.2\src\main\java\com\skd\thesundering\client\render\entity\Ignis_Fireball_Renderer.java:96: error: cannot find symbol
    private void renderTrail(Ignis_Fireball_Entity entityIn, float partialTicks, PoseStack poseStack, MultiBufferSource bufferIn, float trailR, float trailG, float trailB, float trailA, int packedLightIn) {
                                                                                                      ^
  symbol:   class MultiBufferSource
  location: class Ignis_Fireball_Renderer
G:\Proyectos\Mods_Minecraft\the_sundering\neoforge\26.2\src\main\java\com\skd\thesundering\client\render\entity\Ignis_Renderer.java:34: error: cannot find symbol
import net.minecraft.client.renderer.MultiBufferSource;
                                    ^
  symbol:   class MultiBufferSource
  location: package net.minecraft.client.renderer
G:\Proyectos\Mods_Minecraft\the_sundering\neoforge\26.2\src\main\java\com\skd\thesundering\client\render\entity\Ignis_Renderer.java:48: error: wrong number of type arguments; required 3
extends MobRenderer<Ignis_Entity, Ignis_Model> {
                   ^
G:\Proyectos\Mods_Minecraft\the_sundering\neoforge\26.2\src\main\java\com\skd\thesundering\client\render\entity\Ignis_Renderer.java:70: error: cannot find symbol
    public void render(Ignis_Entity entity, float entityYaw, float partialTicks, PoseStack matrixStackIn, MultiBufferSource bufferIn, int packedLightIn) {
                                                                                                          ^
  symbol:   class MultiBufferSource
  location: class Ignis_Renderer
G:\Proyectos\Mods_Minecraft\the_sundering\neoforge\26.2\src\main\java\com\skd\thesundering\client\render\entity\Ignis_Renderer.java:94: error: cannot find symbol
    private void renderBeams(Ignis_Entity entity, float x, float y, float z, float partialTick, PoseStack poseStack, MultiBufferSource bufferSource, int packedLight) {
                                                                                                                     ^
  symbol:   class MultiBufferSource
  location: class Ignis_Renderer
G:\Proyectos\Mods_Minecraft\the_sundering\neoforge\26.2\src\main\java\com\skd\thesundering\client\render\entity\Ignited_Berserker_Renderer.java:28: error: cannot find symbol
import net.minecraft.client.renderer.MultiBufferSource;
                                    ^
  symbol:   class MultiBufferSource
  location: package net.minecraft.client.renderer
G:\Proyectos\Mods_Minecraft\the_sundering\neoforge\26.2\src\main\java\com\skd\thesundering\client\render\entity\Ignited_Berserker_Renderer.java:35: error: cannot find symbol
import net.minecraft.util.FastColor;
                         ^
  symbol:   class FastColor
  location: package net.minecraft.util
G:\Proyectos\Mods_Minecraft\the_sundering\neoforge\26.2\src\main\java\com\skd\thesundering\client\render\entity\Ignited_Berserker_Renderer.java:43: error: wrong number of type arguments; required 3
extends MobRenderer<Ignited_Berserker_Entity, Ignited_Berserker_Model<Ignited_Berserker_Entity>> {
                   ^
G:\Proyectos\Mods_Minecraft\the_sundering\neoforge\26.2\src\main\java\com\skd\thesundering\client\render\entity\Ignited_Berserker_Renderer.java:66: error: cannot find symbol
        public void render(PoseStack matrixStackIn, MultiBufferSource bufferIn, int packedLightIn, Ignited_Berserker_Entity entitylivingbaseIn, float limbSwing, float limbSwingAmount, float partialTicks, float ageInTicks, float netHeadYaw, float headPitch) {
                                                    ^
  symbol:   class MultiBufferSource
  location: class Ignited_Berserker_GlowLayer
G:\Proyectos\Mods_Minecraft\the_sundering\neoforge\26.2\src\main\java\com\skd\thesundering\client\render\entity\Ignited_Revenant_Renderer.java:33: error: cannot find symbol
import net.minecraft.client.renderer.MultiBufferSource;
                                    ^
  symbol:   class MultiBufferSource
  location: package net.minecraft.client.renderer
G:\Proyectos\Mods_Minecraft\the_sundering\neoforge\26.2\src\main\java\com\skd\thesundering\client\render\entity\Ignited_Revenant_Renderer.java:40: error: cannot find symbol
import net.minecraft.util.FastColor;
                         ^
  symbol:   class FastColor
  location: package net.minecraft.util
G:\Proyectos\Mods_Minecraft\the_sundering\neoforge\26.2\src\main\java\com\skd\thesundering\client\render\entity\Ignited_Revenant_Renderer.java:51: error: wrong number of type arguments; required 3
extends MobRenderer<Ignited_Revenant_Entity, Ignited_Revenant_Model> {
                   ^
G:\Proyectos\Mods_Minecraft\the_sundering\neoforge\26.2\src\main\java\com\skd\thesundering\client\render\entity\Ignited_Revenant_Renderer.java:84: error: cannot find symbol
        public void render(PoseStack matrixStackIn, MultiBufferSource bufferIn, int packedLightIn, Ignited_Revenant_Entity entitylivingbaseIn, float limbSwing, float limbSwingAmount, float partialTicks, float ageInTicks, float netHeadYaw, float headPitch) {
                                                    ^
  symbol:   class MultiBufferSource
  location: class Ignited_Revenant_GlowLayer
G:\Proyectos\Mods_Minecraft\the_sundering\neoforge\26.2\src\main\java\com\skd\thesundering\client\render\entity\Kobolediator_Renderer.java:29: error: wrong number of type arguments; required 3
extends MobRenderer<Kobolediator_Entity, Kobolediator_Model> {
                   ^
G:\Proyectos\Mods_Minecraft\the_sundering\neoforge\26.2\src\main\java\com\skd\thesundering\client\render\entity\Koboleton_Renderer.java:31: error: wrong number of type arguments; required 3
extends MobRenderer<Koboleton_Entity, Koboleton_Model> {
                   ^
G:\Proyectos\Mods_Minecraft\the_sundering\neoforge\26.2\src\main\java\com\skd\thesundering\client\render\entity\Laser_Beam_Renderer.java:24: error: cannot find symbol
import net.minecraft.client.renderer.MultiBufferSource;
                                    ^
  symbol:   class MultiBufferSource
  location: package net.minecraft.client.renderer
G:\Proyectos\Mods_Minecraft\the_sundering\neoforge\26.2\src\main\java\com\skd\thesundering\client\render\entity\Laser_Beam_Renderer.java:34: error: wrong number of type arguments; required 2
extends EntityRenderer<Laser_Beam_Entity> {
                      ^
G:\Proyectos\Mods_Minecraft\the_sundering\neoforge\26.2\src\main\java\com\skd\thesundering\client\render\entity\Laser_Beam_Renderer.java:44: error: cannot find symbol
    public void render(Laser_Beam_Entity entity, float entityYaw, float partialTicks, PoseStack poseStack, MultiBufferSource buffer, int packedLight) {
                                                                                                           ^
  symbol:   class MultiBufferSource
  location: class Laser_Beam_Renderer
G:\Proyectos\Mods_Minecraft\the_sundering\neoforge\26.2\src\main\java\com\skd\thesundering\client\render\entity\Lava_Bomb_Renderer.java:26: error: cannot find symbol
import net.minecraft.client.renderer.MultiBufferSource;
                                    ^
  symbol:   class MultiBufferSource
  location: package net.minecraft.client.renderer
G:\Proyectos\Mods_Minecraft\the_sundering\neoforge\26.2\src\main\java\com\skd\thesundering\client\render\entity\Lava_Bomb_Renderer.java:39: error: wrong number of type arguments; required 2
extends EntityRenderer<Lava_Bomb_Entity> {
                      ^
G:\Proyectos\Mods_Minecraft\the_sundering\neoforge\26.2\src\main\java\com\skd\thesundering\client\render\entity\Lava_Bomb_Renderer.java:47: error: cannot find symbol
    public void render(Lava_Bomb_Entity entityIn, float entityYaw, float partialTicks, PoseStack matrixStackIn, MultiBufferSource bufferIn, int packedLightIn) {
                                                                                                                ^
  symbol:   class MultiBufferSource
  location: class Lava_Bomb_Renderer
G:\Proyectos\Mods_Minecraft\the_sundering\neoforge\26.2\src\main\java\com\skd\thesundering\client\render\entity\Lightning_Spear_Renderer.java:25: error: cannot find symbol
import net.minecraft.client.renderer.MultiBufferSource;
                                    ^
  symbol:   class MultiBufferSource
  location: package net.minecraft.client.renderer
G:\Proyectos\Mods_Minecraft\the_sundering\neoforge\26.2\src\main\java\com\skd\thesundering\client\render\entity\Lightning_Spear_Renderer.java:37: error: wrong number of type arguments; required 2
extends EntityRenderer<Lightning_Spear_Entity> {
                      ^
G:\Proyectos\Mods_Minecraft\the_sundering\neoforge\26.2\src\main\java\com\skd\thesundering\client\render\entity\Lightning_Spear_Renderer.java:49: error: cannot find symbol
    public void render(Lightning_Spear_Entity entity, float entityYaw, float partialTicks, PoseStack poseStack, MultiBufferSource buffer, int packedLight) {
                                                                                                                ^
  symbol:   class MultiBufferSource
  location: class Lightning_Spear_Renderer
G:\Proyectos\Mods_Minecraft\the_sundering\neoforge\26.2\src\main\java\com\skd\thesundering\client\render\entity\Lionfish_Renderer.java:28: error: wrong number of type arguments; required 3
extends MobRenderer<Lionfish_Entity, Lionfish_Model> {
                   ^
G:\Proyectos\Mods_Minecraft\the_sundering\neoforge\26.2\src\main\java\com\skd\thesundering\client\render\entity\Lionfish_Spike_Renderer.java:25: error: cannot find symbol
import net.minecraft.client.renderer.MultiBufferSource;
                                    ^
  symbol:   class MultiBufferSource
  location: package net.minecraft.client.renderer
G:\Proyectos\Mods_Minecraft\the_sundering\neoforge\26.2\src\main\java\com\skd\thesundering\entity\projectile\Lionfish_Spike_Entity.java:37: error: cannot find symbol
import net.minecraft.world.entity.projectile.ThrowableItemProjectile;
                                            ^
  symbol:   class ThrowableItemProjectile
  location: package net.minecraft.world.entity.projectile
G:\Proyectos\Mods_Minecraft\the_sundering\neoforge\26.2\src\main\java\com\skd\thesundering\entity\projectile\Lionfish_Spike_Entity.java:48: error: cannot find symbol
extends ThrowableItemProjectile {
        ^
  symbol: class ThrowableItemProjectile
G:\Proyectos\Mods_Minecraft\the_sundering\neoforge\26.2\src\main\java\com\skd\thesundering\client\render\entity\Lionfish_Spike_Renderer.java:38: error: wrong number of type arguments; required 2
extends EntityRenderer<Lionfish_Spike_Entity> {
                      ^
G:\Proyectos\Mods_Minecraft\the_sundering\neoforge\26.2\src\main\java\com\skd\thesundering\client\render\entity\Lionfish_Spike_Renderer.java:43: error: cannot find symbol
    public void render(Lionfish_Spike_Entity entity, float yaw, float partialTicks, PoseStack stack, MultiBufferSource buffer, int light) {
                                                                                                     ^
  symbol:   class MultiBufferSource
  location: class Lionfish_Spike_Renderer
G:\Proyectos\Mods_Minecraft\the_sundering\neoforge\26.2\src\main\java\com\skd\thesundering\client\render\entity\Maledictus_Renderer.java:31: error: wrong number of type arguments; required 3
extends MobRenderer<Maledictus_Entity, Maledictus_Model> {
                   ^
G:\Proyectos\Mods_Minecraft\the_sundering\neoforge\26.2\src\main\java\com\skd\thesundering\client\render\entity\Mini_Abyss_Blast_Renderer.java:33: error: cannot find symbol
import net.minecraft.client.renderer.MultiBufferSource;
                                    ^
  symbol:   class MultiBufferSource
  location: package net.minecraft.client.renderer
G:\Proyectos\Mods_Minecraft\the_sundering\neoforge\26.2\src\main\java\com\skd\thesundering\client\render\entity\Mini_Abyss_Blast_Renderer.java:49: error: wrong number of type arguments; required 2
extends EntityRenderer<Mini_Abyss_Blast_Entity> {
                      ^
G:\Proyectos\Mods_Minecraft\the_sundering\neoforge\26.2\src\main\java\com\skd\thesundering\client\render\entity\Mini_Abyss_Blast_Renderer.java:70: error: cannot find symbol
    public void render(Mini_Abyss_Blast_Entity solarBeam, float entityYaw, float delta, PoseStack matrixStackIn, MultiBufferSource bufferIn, int packedLightIn) {
                                                                                                                 ^
  symbol:   class MultiBufferSource
  location: class Mini_Abyss_Blast_Renderer
G:\Proyectos\Mods_Minecraft\the_sundering\neoforge\26.2\src\main\java\com\skd\thesundering\client\render\entity\Modern_Remnant_Renderer.java:27: error: wrong number of type arguments; required 3
extends MobRenderer<Modern_Remnant_Entity, Modern_Remnant_Model> {
                   ^
G:\Proyectos\Mods_Minecraft\the_sundering\neoforge\26.2\src\main\java\com\skd\thesundering\client\render\entity\Netherite_Ministrosity_Renderer.java:29: error: wrong number of type arguments; required 3
extends MobRenderer<Netherite_Ministrosity_Entity, Netherite_Ministrosity_Model> {
                   ^
G:\Proyectos\Mods_Minecraft\the_sundering\neoforge\26.2\src\main\java\com\skd\thesundering\client\render\entity\New_Netherite_Monstrosity_Renderer.java:36: error: wrong number of type arguments; required 3
extends MobRenderer<Netherite_Monstrosity_Entity, Netherite_Monstrosity_Model> {
                   ^
G:\Proyectos\Mods_Minecraft\the_sundering\neoforge\26.2\src\main\java\com\skd\thesundering\client\render\entity\Octo_Ink_Renderer.java:26: error: cannot find symbol
import net.minecraft.client.model.LlamaSpitModel;
                                 ^
  symbol:   class LlamaSpitModel
  location: package net.minecraft.client.model
G:\Proyectos\Mods_Minecraft\the_sundering\neoforge\26.2\src\main\java\com\skd\thesundering\client\render\entity\Octo_Ink_Renderer.java:28: error: cannot find symbol
import net.minecraft.client.renderer.MultiBufferSource;
                                    ^
  symbol:   class MultiBufferSource
  location: package net.minecraft.client.renderer
G:\Proyectos\Mods_Minecraft\the_sundering\neoforge\26.2\src\main\java\com\skd\thesundering\client\render\entity\Octo_Ink_Renderer.java:40: error: wrong number of type arguments; required 2
extends EntityRenderer<Octo_Ink_Entity> {
                      ^
G:\Proyectos\Mods_Minecraft\the_sundering\neoforge\26.2\src\main\java\com\skd\thesundering\client\render\entity\Octo_Ink_Renderer.java:42: error: cannot find symbol
    private final LlamaSpitModel<Octo_Ink_Entity> model;
                  ^
  symbol:   class LlamaSpitModel
  location: class Octo_Ink_Renderer
G:\Proyectos\Mods_Minecraft\the_sundering\neoforge\26.2\src\main\java\com\skd\thesundering\client\render\entity\Octo_Ink_Renderer.java:49: error: cannot find symbol
    public void render(Octo_Ink_Entity entity, float entityYaw, float partialTicks, PoseStack poseStack, MultiBufferSource buffer, int packedLight) {
                                                                                                         ^
  symbol:   class MultiBufferSource
  location: class Octo_Ink_Renderer
G:\Proyectos\Mods_Minecraft\the_sundering\neoforge\26.2\src\main\java\com\skd\thesundering\client\render\entity\Phantom_Arrow_Renderer.java:25: error: cannot find symbol
import net.minecraft.client.renderer.MultiBufferSource;
                                    ^
  symbol:   class MultiBufferSource
  location: package net.minecraft.client.renderer
G:\Proyectos\Mods_Minecraft\the_sundering\neoforge\26.2\src\main\java\com\skd\thesundering\client\render\entity\Phantom_Arrow_Renderer.java:35: error: wrong number of type arguments; required 2
extends EntityRenderer<Phantom_Arrow_Entity> {
                      ^
G:\Proyectos\Mods_Minecraft\the_sundering\neoforge\26.2\src\main\java\com\skd\thesundering\client\render\entity\Phantom_Arrow_Renderer.java:43: error: cannot find symbol
    public void render(Phantom_Arrow_Entity entityIn, float entityYaw, float partialTicks, PoseStack matrixStackIn, MultiBufferSource bufferIn, int packedLightIn) {
                                                                                                                    ^
  symbol:   class MultiBufferSource
  location: class Phantom_Arrow_Renderer
G:\Proyectos\Mods_Minecraft\the_sundering\neoforge\26.2\src\main\java\com\skd\thesundering\client\render\entity\Phantom_Halberd_Renderer.java:29: error: cannot find symbol
import net.minecraft.client.renderer.MultiBufferSource;
                                    ^
  symbol:   class MultiBufferSource
  location: package net.minecraft.client.renderer
G:\Proyectos\Mods_Minecraft\the_sundering\neoforge\26.2\src\main\java\com\skd\thesundering\client\render\entity\Phantom_Halberd_Renderer.java:36: error: cannot find symbol
import net.minecraft.util.FastColor;
                         ^
  symbol:   class FastColor
  location: package net.minecraft.util
G:\Proyectos\Mods_Minecraft\the_sundering\neoforge\26.2\src\main\java\com\skd\thesundering\client\render\entity\Phantom_Halberd_Renderer.java:44: error: wrong number of type arguments; required 2
extends EntityRenderer<Phantom_Halberd_Entity> {
                      ^
G:\Proyectos\Mods_Minecraft\the_sundering\neoforge\26.2\src\main\java\com\skd\thesundering\client\render\entity\Phantom_Halberd_Renderer.java:55: error: cannot find symbol
    public void render(Phantom_Halberd_Entity entityIn, float entityYaw, float partialTicks, PoseStack matrixStackIn, MultiBufferSource bufferIn, int packedLightIn) {
                                                                                                                      ^
  symbol:   class MultiBufferSource
  location: class Phantom_Halberd_Renderer
G:\Proyectos\Mods_Minecraft\the_sundering\neoforge\26.2\src\main\java\com\skd\thesundering\client\render\entity\Player_Ceraunus_Renderer.java:38: error: cannot find symbol
import net.minecraft.client.renderer.MultiBufferSource;
                                    ^
  symbol:   class MultiBufferSource
  location: package net.minecraft.client.renderer
G:\Proyectos\Mods_Minecraft\the_sundering\neoforge\26.2\src\main\java\com\skd\thesundering\client\render\entity\Player_Ceraunus_Renderer.java:58: error: wrong number of type arguments; required 2
extends EntityRenderer<Player_Ceraunus_Entity> {
                      ^
G:\Proyectos\Mods_Minecraft\the_sundering\neoforge\26.2\src\main\java\com\skd\thesundering\client\render\entity\Player_Ceraunus_Renderer.java:68: error: cannot find symbol
    public void render(Player_Ceraunus_Entity entity, float yaw, float tickDelta, PoseStack matrices, MultiBufferSource provider, int light) {
                                                                                                      ^
  symbol:   class MultiBufferSource
  location: class Player_Ceraunus_Renderer
G:\Proyectos\Mods_Minecraft\the_sundering\neoforge\26.2\src\main\java\com\skd\thesundering\client\render\entity\Poison_Dart_Renderer.java:26: error: cannot find symbol
import net.minecraft.client.renderer.MultiBufferSource;
                                    ^
  symbol:   class MultiBufferSource
  location: package net.minecraft.client.renderer
G:\Proyectos\Mods_Minecraft\the_sundering\neoforge\26.2\src\main\java\com\skd\thesundering\client\render\entity\Poison_Dart_Renderer.java:39: error: wrong number of type arguments; required 2
extends EntityRenderer<Poison_Dart_Entity> {
                      ^
G:\Proyectos\Mods_Minecraft\the_sundering\neoforge\26.2\src\main\java\com\skd\thesundering\client\render\entity\Poison_Dart_Renderer.java:50: error: cannot find symbol
    public void render(Poison_Dart_Entity p_113839_, float p_113840_, float p_113841_, PoseStack p_113842_, MultiBufferSource p_113843_, int p_113844_) {
                                                                                                            ^
  symbol:   class MultiBufferSource
  location: class Poison_Dart_Renderer
G:\Proyectos\Mods_Minecraft\the_sundering\neoforge\26.2\src\main\java\com\skd\thesundering\client\render\entity\Portal_Abyss_Blast_Renderer.java:32: error: cannot find symbol
import net.minecraft.client.renderer.MultiBufferSource;
                                    ^
  symbol:   class MultiBufferSource
  location: package net.minecraft.client.renderer
G:\Proyectos\Mods_Minecraft\the_sundering\neoforge\26.2\src\main\java\com\skd\thesundering\client\render\entity\Portal_Abyss_Blast_Renderer.java:48: error: wrong number of type arguments; required 2
extends EntityRenderer<Portal_Abyss_Blast_Entity> {
                      ^
G:\Proyectos\Mods_Minecraft\the_sundering\neoforge\26.2\src\main\java\com\skd\thesundering\client\render\entity\Portal_Abyss_Blast_Renderer.java:69: error: cannot find symbol
    public void render(Portal_Abyss_Blast_Entity solarBeam, float entityYaw, float delta, PoseStack matrixStackIn, MultiBufferSource bufferIn, int packedLightIn) {
                                                                                                                   ^
  symbol:   class MultiBufferSource
  location: class Portal_Abyss_Blast_Renderer
G:\Proyectos\Mods_Minecraft\the_sundering\neoforge\26.2\src\main\java\com\skd\thesundering\client\render\entity\RendererNull.java:15: error: cannot find symbol
import net.minecraft.client.renderer.MultiBufferSource;
                                    ^
  symbol:   class MultiBufferSource
  location: package net.minecraft.client.renderer
G:\Proyectos\Mods_Minecraft\the_sundering\neoforge\26.2\src\main\java\com\skd\thesundering\client\render\entity\RendererNull.java:22: error: wrong number of type arguments; required 2
extends EntityRenderer<Entity> {
                      ^
G:\Proyectos\Mods_Minecraft\the_sundering\neoforge\26.2\src\main\java\com\skd\thesundering\client\render\entity\RendererNull.java:31: error: cannot find symbol
    public void render(Entity entityIn, float entityYaw, float partialTicks, PoseStack matrixStackIn, MultiBufferSource bufferIn, int packedLightIn) {
                                                                                                      ^
  symbol:   class MultiBufferSource
  location: class RendererNull
G:\Proyectos\Mods_Minecraft\the_sundering\neoforge\26.2\src\main\java\com\skd\thesundering\client\render\entity\Royal_Draugr_Renderer.java:32: error: wrong number of type arguments; required 3
extends MobRenderer<Royal_Draugr_Entity, Royal_Draugr_Model> {
                   ^
G:\Proyectos\Mods_Minecraft\the_sundering\neoforge\26.2\src\main\java\com\skd\thesundering\client\render\entity\Sandstorm_Projectile_Renderer.java:23: error: cannot find symbol
import net.minecraft.client.renderer.MultiBufferSource;
                                    ^
  symbol:   class MultiBufferSource
  location: package net.minecraft.client.renderer
G:\Proyectos\Mods_Minecraft\the_sundering\neoforge\26.2\src\main\java\com\skd\thesundering\client\render\entity\Sandstorm_Projectile_Renderer.java:35: error: wrong number of type arguments; required 2
extends EntityRenderer<Sandstorm_Projectile> {
                      ^
G:\Proyectos\Mods_Minecraft\the_sundering\neoforge\26.2\src\main\java\com\skd\thesundering\client\render\entity\Sandstorm_Projectile_Renderer.java:43: error: cannot find symbol
    public void render(Sandstorm_Projectile entityIn, float entityYaw, float partialTicks, PoseStack matrixStackIn, MultiBufferSource bufferIn, int packedLightIn) {
                                                                                                                    ^
  symbol:   class MultiBufferSource
  location: class Sandstorm_Projectile_Renderer
G:\Proyectos\Mods_Minecraft\the_sundering\neoforge\26.2\src\main\java\com\skd\thesundering\client\render\entity\Sandstorm_Renderer.java:24: error: cannot find symbol
import net.minecraft.client.renderer.MultiBufferSource;
                                    ^
  symbol:   class MultiBufferSource
  location: package net.minecraft.client.renderer
G:\Proyectos\Mods_Minecraft\the_sundering\neoforge\26.2\src\main\java\com\skd\thesundering\client\render\entity\Sandstorm_Renderer.java:34: error: wrong number of type arguments; required 2
extends EntityRenderer<Sandstorm_Entity> {
                      ^
G:\Proyectos\Mods_Minecraft\the_sundering\neoforge\26.2\src\main\java\com\skd\thesundering\client\render\entity\Sandstorm_Renderer.java:42: error: cannot find symbol
    public void render(Sandstorm_Entity entityIn, float entityYaw, float partialTicks, PoseStack matrixStackIn, MultiBufferSource bufferIn, int packedLightIn) {
                                                                                                                ^
  symbol:   class MultiBufferSource
  location: class Sandstorm_Renderer
G:\Proyectos\Mods_Minecraft\the_sundering\neoforge\26.2\src\main\java\com\skd\thesundering\client\render\entity\Scylla_Ceraunus_Renderer.java:36: error: cannot find symbol
import net.minecraft.client.renderer.MultiBufferSource;
                                    ^
  symbol:   class MultiBufferSource
  location: package net.minecraft.client.renderer
G:\Proyectos\Mods_Minecraft\the_sundering\neoforge\26.2\src\main\java\com\skd\thesundering\client\render\entity\Scylla_Ceraunus_Renderer.java:49: error: wrong number of type arguments; required 2
extends EntityRenderer<Scylla_Ceraunus_Entity> {
                      ^
G:\Proyectos\Mods_Minecraft\the_sundering\neoforge\26.2\src\main\java\com\skd\thesundering\client\render\entity\Scylla_Ceraunus_Renderer.java:59: error: cannot find symbol
    public void render(Scylla_Ceraunus_Entity entity, float yaw, float tickDelta, PoseStack matrices, MultiBufferSource provider, int light) {
                                                                                                      ^
  symbol:   class MultiBufferSource
  location: class Scylla_Ceraunus_Renderer
G:\Proyectos\Mods_Minecraft\the_sundering\neoforge\26.2\src\main\java\com\skd\thesundering\client\render\entity\Scylla_Renderer.java:49: error: cannot find symbol
import net.minecraft.client.renderer.MultiBufferSource;
                                    ^
  symbol:   class MultiBufferSource
  location: package net.minecraft.client.renderer
G:\Proyectos\Mods_Minecraft\the_sundering\neoforge\26.2\src\main\java\com\skd\thesundering\client\render\entity\Scylla_Renderer.java:60: error: cannot find symbol
import net.minecraft.util.FastColor;
                         ^
  symbol:   class FastColor
  location: package net.minecraft.util
G:\Proyectos\Mods_Minecraft\the_sundering\neoforge\26.2\src\main\java\com\skd\thesundering\client\render\entity\Scylla_Renderer.java:78: error: wrong number of type arguments; required 3
extends MobRenderer<Scylla_Entity, Scylla_Model> {
                   ^
G:\Proyectos\Mods_Minecraft\the_sundering\neoforge\26.2\src\main\java\com\skd\thesundering\client\render\entity\Scylla_Renderer.java:93: error: cannot find symbol
    public void render(Scylla_Entity entityIn, float entityYaw, float partialTicks, PoseStack matrixStackIn, MultiBufferSource bufferIn, int packedLightIn) {
                                                                                                             ^
  symbol:   class MultiBufferSource
  location: class Scylla_Renderer
G:\Proyectos\Mods_Minecraft\the_sundering\neoforge\26.2\src\main\java\com\skd\thesundering\client\render\entity\Scylla_Renderer.java:179: error: cannot find symbol
    private void renderetc(Scylla_Entity p_entity, float entityYaw, float partialTick, PoseStack poseStack, MultiBufferSource bufferSource, int packedLight) {
                                                                                                            ^
  symbol:   class MultiBufferSource
  location: class Scylla_Renderer
G:\Proyectos\Mods_Minecraft\the_sundering\neoforge\26.2\src\main\java\com\skd\thesundering\client\render\entity\Storm_Serpent_Renderer.java:29: error: cannot find symbol
import net.minecraft.client.renderer.MultiBufferSource;
                                    ^
  symbol:   class MultiBufferSource
  location: package net.minecraft.client.renderer
G:\Proyectos\Mods_Minecraft\the_sundering\neoforge\26.2\src\main\java\com\skd\thesundering\client\render\entity\Storm_Serpent_Renderer.java:35: error: cannot find symbol
import net.minecraft.util.FastColor;
                         ^
  symbol:   class FastColor
  location: package net.minecraft.util
G:\Proyectos\Mods_Minecraft\the_sundering\neoforge\26.2\src\main\java\com\skd\thesundering\client\render\entity\Storm_Serpent_Renderer.java:43: error: wrong number of type arguments; required 2
extends EntityRenderer<Storm_Serpent_Entity> {
                      ^
G:\Proyectos\Mods_Minecraft\the_sundering\neoforge\26.2\src\main\java\com\skd\thesundering\client\render\entity\Storm_Serpent_Renderer.java:52: error: cannot find symbol
    public void render(Storm_Serpent_Entity entityIn, float entityYaw, float partialTicks, PoseStack matrixStackIn, MultiBufferSource bufferIn, int packedLightIn) {
                                                                                                                    ^
  symbol:   class MultiBufferSource
  location: class Storm_Serpent_Renderer
G:\Proyectos\Mods_Minecraft\the_sundering\neoforge\26.2\src\main\java\com\skd\thesundering\client\render\entity\Symbiocto_Renderer.java:26: error: wrong number of type arguments; required 3
extends MobRenderer<Symbiocto_Entity, Symbiocto_Model> {
                   ^
G:\Proyectos\Mods_Minecraft\the_sundering\neoforge\26.2\src\main\java\com\skd\thesundering\client\render\entity\The_Baby_Leviathan_Renderer.java:27: error: wrong number of type arguments; required 3
extends MobRenderer<The_Baby_Leviathan_Entity, The_Baby_Leviathan_Model> {
                   ^
G:\Proyectos\Mods_Minecraft\the_sundering\neoforge\26.2\src\main\java\com\skd\thesundering\client\render\entity\The_Harbinger_Renderer.java:37: error: cannot find symbol
import net.minecraft.client.renderer.MultiBufferSource;
                                    ^
  symbol:   class MultiBufferSource
  location: package net.minecraft.client.renderer
G:\Proyectos\Mods_Minecraft\the_sundering\neoforge\26.2\src\main\java\com\skd\thesundering\client\render\entity\The_Harbinger_Renderer.java:55: error: wrong number of type arguments; required 3
extends MobRenderer<The_Harbinger_Entity, The_Harbinger_Model> {
                   ^
G:\Proyectos\Mods_Minecraft\the_sundering\neoforge\26.2\src\main\java\com\skd\thesundering\client\render\entity\The_Harbinger_Renderer.java:80: error: cannot find symbol
    public void render(The_Harbinger_Entity entity, float entityYaw, float partialTicks, PoseStack matrixStackIn, MultiBufferSource bufferIn, int packedLightIn) {
                                                                                                                  ^
  symbol:   class MultiBufferSource
  location: class The_Harbinger_Renderer
G:\Proyectos\Mods_Minecraft\the_sundering\neoforge\26.2\src\main\java\com\skd\thesundering\client\render\entity\The_Leviathan_Renderer.java:42: error: cannot find symbol
import net.minecraft.client.renderer.MultiBufferSource;
                                    ^
  symbol:   class MultiBufferSource
  location: package net.minecraft.client.renderer
G:\Proyectos\Mods_Minecraft\the_sundering\neoforge\26.2\src\main\java\com\skd\thesundering\client\render\entity\The_Leviathan_Renderer.java:55: error: cannot find symbol
import net.minecraft.world.level.BlockAndTintGetter;
                                ^
  symbol:   class BlockAndTintGetter
  location: package net.minecraft.world.level
G:\Proyectos\Mods_Minecraft\the_sundering\neoforge\26.2\src\main\java\com\skd\thesundering\client\render\entity\The_Leviathan_Renderer.java:63: error: wrong number of type arguments; required 3
extends MobRenderer<The_Leviathan_Entity, The_Leviathan_Model> {
                   ^
G:\Proyectos\Mods_Minecraft\the_sundering\neoforge\26.2\src\main\java\com\skd\thesundering\client\render\entity\The_Leviathan_Renderer.java:106: error: cannot find symbol
    public void render(The_Leviathan_Entity entity, float entityYaw, float partialTicks, PoseStack matrixStackIn, MultiBufferSource bufferIn, int packedLightIn) {
                                                                                                                  ^
  symbol:   class MultiBufferSource
  location: class The_Leviathan_Renderer
G:\Proyectos\Mods_Minecraft\the_sundering\neoforge\26.2\src\main\java\com\skd\thesundering\client\render\entity\The_Prowler_Renderer.java:39: error: wrong number of type arguments; required 3
extends MobRenderer<The_Prowler_Entity, The_Prowler_Model> {
                   ^
G:\Proyectos\Mods_Minecraft\the_sundering\neoforge\26.2\src\main\java\com\skd\thesundering\client\render\entity\The_Watcher_Renderer.java:28: error: wrong number of type arguments; required 3
extends MobRenderer<The_Watcher_Entity, The_Watcher_Model> {
                   ^
G:\Proyectos\Mods_Minecraft\the_sundering\neoforge\26.2\src\main\java\com\skd\thesundering\client\render\entity\Thrown_Coral_Bardiche_Renderer.java:27: error: cannot find symbol
import net.minecraft.client.renderer.MultiBufferSource;
                                    ^
  symbol:   class MultiBufferSource
  location: package net.minecraft.client.renderer
G:\Proyectos\Mods_Minecraft\the_sundering\neoforge\26.2\src\main\java\com\skd\thesundering\client\render\entity\Thrown_Coral_Bardiche_Renderer.java:31: error: cannot find symbol
import net.minecraft.client.renderer.entity.ItemRenderer;
                                           ^
  symbol:   class ItemRenderer
  location: package net.minecraft.client.renderer.entity
G:\Proyectos\Mods_Minecraft\the_sundering\neoforge\26.2\src\main\java\com\skd\thesundering\client\render\entity\Thrown_Coral_Bardiche_Renderer.java:41: error: wrong number of type arguments; required 2
extends EntityRenderer<ThrownCoral_Bardiche_Entity> {
                      ^
G:\Proyectos\Mods_Minecraft\the_sundering\neoforge\26.2\src\main\java\com\skd\thesundering\client\render\entity\Thrown_Coral_Bardiche_Renderer.java:49: error: cannot find symbol
    public void render(ThrownCoral_Bardiche_Entity entityIn, float entityYaw, float partialTicks, PoseStack matrixStackIn, MultiBufferSource bufferIn, int packedLightIn) {
                                                                                                                           ^
  symbol:   class MultiBufferSource
  location: class Thrown_Coral_Bardiche_Renderer
G:\Proyectos\Mods_Minecraft\the_sundering\neoforge\26.2\src\main\java\com\skd\thesundering\client\render\entity\Thrown_Coral_Spear_Renderer.java:27: error: cannot find symbol
import net.minecraft.client.renderer.MultiBufferSource;
                                    ^
  symbol:   class MultiBufferSource
  location: package net.minecraft.client.renderer
G:\Proyectos\Mods_Minecraft\the_sundering\neoforge\26.2\src\main\java\com\skd\thesundering\client\render\entity\Thrown_Coral_Spear_Renderer.java:31: error: cannot find symbol
import net.minecraft.client.renderer.entity.ItemRenderer;
                                           ^
  symbol:   class ItemRenderer
  location: package net.minecraft.client.renderer.entity
G:\Proyectos\Mods_Minecraft\the_sundering\neoforge\26.2\src\main\java\com\skd\thesundering\client\render\entity\Thrown_Coral_Spear_Renderer.java:41: error: wrong number of type arguments; required 2
extends EntityRenderer<ThrownCoral_Spear_Entity> {
                      ^
G:\Proyectos\Mods_Minecraft\the_sundering\neoforge\26.2\src\main\java\com\skd\thesundering\client\render\entity\Thrown_Coral_Spear_Renderer.java:49: error: cannot find symbol
    public void render(ThrownCoral_Spear_Entity entityIn, float entityYaw, float partialTicks, PoseStack matrixStackIn, MultiBufferSource bufferIn, int packedLightIn) {
                                                                                                                        ^
  symbol:   class MultiBufferSource
  location: class Thrown_Coral_Spear_Renderer
G:\Proyectos\Mods_Minecraft\the_sundering\neoforge\26.2\src\main\java\com\skd\thesundering\client\render\entity\Tidal_Hook_Renderer.java:35: error: cannot find symbol
import net.minecraft.client.renderer.MultiBufferSource;
                                    ^
  symbol:   class MultiBufferSource
  location: package net.minecraft.client.renderer
G:\Proyectos\Mods_Minecraft\the_sundering\neoforge\26.2\src\main\java\com\skd\thesundering\client\render\entity\Tidal_Hook_Renderer.java:52: error: wrong number of type arguments; required 2
extends EntityRenderer<Tidal_Hook_Entity> {
                      ^
G:\Proyectos\Mods_Minecraft\the_sundering\neoforge\26.2\src\main\java\com\skd\thesundering\client\render\entity\Tidal_Hook_Renderer.java:62: error: cannot find symbol
    public void render(Tidal_Hook_Entity entity, float yaw, float tickDelta, PoseStack matrices, MultiBufferSource provider, int light) {
                                                                                                 ^
  symbol:   class MultiBufferSource
  location: class Tidal_Hook_Renderer
G:\Proyectos\Mods_Minecraft\the_sundering\neoforge\26.2\src\main\java\com\skd\thesundering\client\render\entity\Tidal_Tentacle_Renderer.java:37: error: cannot find symbol
import net.minecraft.client.renderer.MultiBufferSource;
                                    ^
  symbol:   class MultiBufferSource
  location: package net.minecraft.client.renderer
G:\Proyectos\Mods_Minecraft\the_sundering\neoforge\26.2\src\main\java\com\skd\thesundering\client\render\entity\Tidal_Tentacle_Renderer.java:52: error: cannot find symbol
import net.minecraft.world.level.BlockAndTintGetter;
                                ^
  symbol:   class BlockAndTintGetter
  location: package net.minecraft.world.level
G:\Proyectos\Mods_Minecraft\the_sundering\neoforge\26.2\src\main\java\com\skd\thesundering\client\render\entity\Tidal_Tentacle_Renderer.java:56: error: wrong number of type arguments; required 2
extends EntityRenderer<Tidal_Tentacle_Entity> {
                      ^
G:\Proyectos\Mods_Minecraft\the_sundering\neoforge\26.2\src\main\java\com\skd\thesundering\client\render\entity\Tidal_Tentacle_Renderer.java:72: error: cannot find symbol
    public void render(Tidal_Tentacle_Entity entity, float yaw, float partialTicks, PoseStack poseStack, MultiBufferSource buffer, int light) {
                                                                                                         ^
  symbol:   class MultiBufferSource
  location: class Tidal_Tentacle_Renderer
G:\Proyectos\Mods_Minecraft\the_sundering\neoforge\26.2\src\main\java\com\skd\thesundering\client\render\entity\Urchinkin_Renderer.java:27: error: wrong number of type arguments; required 3
extends MobRenderer<Urchinkin_Entity, Urchinkin_Model> {
                   ^
G:\Proyectos\Mods_Minecraft\the_sundering\neoforge\26.2\src\main\java\com\skd\thesundering\client\render\entity\Urchin_Spike_Renderer.java:25: error: cannot find symbol
import net.minecraft.client.renderer.MultiBufferSource;
                                    ^
  symbol:   class MultiBufferSource
  location: package net.minecraft.client.renderer
G:\Proyectos\Mods_Minecraft\the_sundering\neoforge\26.2\src\main\java\com\skd\thesundering\entity\projectile\Urchin_Spike_Entity.java:36: error: cannot find symbol
import net.minecraft.world.entity.projectile.ThrowableItemProjectile;
                                            ^
  symbol:   class ThrowableItemProjectile
  location: package net.minecraft.world.entity.projectile
G:\Proyectos\Mods_Minecraft\the_sundering\neoforge\26.2\src\main\java\com\skd\thesundering\entity\projectile\Urchin_Spike_Entity.java:46: error: cannot find symbol
extends ThrowableItemProjectile {
        ^
  symbol: class ThrowableItemProjectile
G:\Proyectos\Mods_Minecraft\the_sundering\neoforge\26.2\src\main\java\com\skd\thesundering\client\render\entity\Urchin_Spike_Renderer.java:38: error: wrong number of type arguments; required 2
extends EntityRenderer<Urchin_Spike_Entity> {
                      ^
G:\Proyectos\Mods_Minecraft\the_sundering\neoforge\26.2\src\main\java\com\skd\thesundering\client\render\entity\Urchin_Spike_Renderer.java:43: error: cannot find symbol
    public void render(Urchin_Spike_Entity entity, float yaw, float partialTicks, PoseStack stack, MultiBufferSource buffer, int light) {
                                                                                                   ^
  symbol:   class MultiBufferSource
  location: class Urchin_Spike_Renderer
G:\Proyectos\Mods_Minecraft\the_sundering\neoforge\26.2\src\main\java\com\skd\thesundering\client\render\entity\Void_Howitzer_Renderer.java:27: error: cannot find symbol
import net.minecraft.client.renderer.MultiBufferSource;
                                    ^
  symbol:   class MultiBufferSource
  location: package net.minecraft.client.renderer
G:\Proyectos\Mods_Minecraft\the_sundering\neoforge\26.2\src\main\java\com\skd\thesundering\client\render\entity\Void_Howitzer_Renderer.java:41: error: wrong number of type arguments; required 2
extends EntityRenderer<Void_Howitzer_Entity> {
                      ^
G:\Proyectos\Mods_Minecraft\the_sundering\neoforge\26.2\src\main\java\com\skd\thesundering\client\render\entity\Void_Howitzer_Renderer.java:49: error: cannot find symbol
    public void render(Void_Howitzer_Entity entityIn, float entityYaw, float partialTicks, PoseStack matrixStackIn, MultiBufferSource bufferIn, int packedLightIn) {
                                                                                                                    ^
  symbol:   class MultiBufferSource
  location: class Void_Howitzer_Renderer
G:\Proyectos\Mods_Minecraft\the_sundering\neoforge\26.2\src\main\java\com\skd\thesundering\client\render\entity\Void_Rune_Renderer.java:28: error: cannot find symbol
import net.minecraft.client.renderer.MultiBufferSource;
                                    ^
  symbol:   class MultiBufferSource
  location: package net.minecraft.client.renderer
G:\Proyectos\Mods_Minecraft\the_sundering\neoforge\26.2\src\main\java\com\skd\thesundering\client\render\entity\Void_Rune_Renderer.java:41: error: wrong number of type arguments; required 2
extends EntityRenderer<Void_Rune_Entity> {
                      ^
G:\Proyectos\Mods_Minecraft\the_sundering\neoforge\26.2\src\main\java\com\skd\thesundering\client\render\entity\Void_Rune_Renderer.java:50: error: cannot find symbol
    public void render(Void_Rune_Entity entityIn, float entityYaw, float partialTicks, PoseStack matrixStackIn, MultiBufferSource bufferIn, int packedLightIn) {
                                                                                                                ^
  symbol:   class MultiBufferSource
  location: class Void_Rune_Renderer
G:\Proyectos\Mods_Minecraft\the_sundering\neoforge\26.2\src\main\java\com\skd\thesundering\client\render\entity\Void_Scatter_Arrow_Renderer.java:22: error: wrong number of type arguments; required 2
extends ArrowRenderer<Void_Scatter_Arrow_Entity> {
                     ^
G:\Proyectos\Mods_Minecraft\the_sundering\neoforge\26.2\src\main\java\com\skd\thesundering\client\render\entity\Void_Vortex_Renderer.java:24: error: cannot find symbol
import net.minecraft.client.renderer.MultiBufferSource;
                                    ^
  symbol:   class MultiBufferSource
  location: package net.minecraft.client.renderer
G:\Proyectos\Mods_Minecraft\the_sundering\neoforge\26.2\src\main\java\com\skd\thesundering\client\render\entity\Void_Vortex_Renderer.java:36: error: wrong number of type arguments; required 2
extends EntityRenderer<Void_Vortex_Entity> {
                      ^
G:\Proyectos\Mods_Minecraft\the_sundering\neoforge\26.2\src\main\java\com\skd\thesundering\client\render\entity\Void_Vortex_Renderer.java:50: error: cannot find symbol
    public void render(Void_Vortex_Entity entityIn, float entityYaw, float partialTicks, PoseStack matrixStackIn, MultiBufferSource bufferIn, int packedLightIn) {
                                                                                                                  ^
  symbol:   class MultiBufferSource
  location: class Void_Vortex_Renderer
G:\Proyectos\Mods_Minecraft\the_sundering\neoforge\26.2\src\main\java\com\skd\thesundering\client\render\entity\Void_Vortex_Renderer.java:60: error: cannot find symbol
    private void renderArc(PoseStack matrixStackIn, MultiBufferSource bufferIn, Identifier res) {
                                                    ^
  symbol:   class MultiBufferSource
  location: class Void_Vortex_Renderer
G:\Proyectos\Mods_Minecraft\the_sundering\neoforge\26.2\src\main\java\com\skd\thesundering\client\render\entity\Wadjet_Renderer.java:28: error: wrong number of type arguments; required 3
extends MobRenderer<Wadjet_Entity, Wadjet_Model> {
                   ^
G:\Proyectos\Mods_Minecraft\the_sundering\neoforge\26.2\src\main\java\com\skd\thesundering\client\render\entity\Water_Spear_Renderer.java:25: error: cannot find symbol
import net.minecraft.client.renderer.MultiBufferSource;
                                    ^
  symbol:   class MultiBufferSource
  location: package net.minecraft.client.renderer
G:\Proyectos\Mods_Minecraft\the_sundering\neoforge\26.2\src\main\java\com\skd\thesundering\client\render\entity\Water_Spear_Renderer.java:37: error: wrong number of type arguments; required 2
extends EntityRenderer<Water_Spear_Entity> {
                      ^
G:\Proyectos\Mods_Minecraft\the_sundering\neoforge\26.2\src\main\java\com\skd\thesundering\client\render\entity\Water_Spear_Renderer.java:49: error: cannot find symbol
    public void render(Water_Spear_Entity entity, float entityYaw, float partialTicks, PoseStack poseStack, MultiBufferSource buffer, int packedLight) {
                                                                                                            ^
  symbol:   class MultiBufferSource
  location: class Water_Spear_Renderer
G:\Proyectos\Mods_Minecraft\the_sundering\neoforge\26.2\src\main\java\com\skd\thesundering\client\render\entity\Wave_Renderer.java:28: error: cannot find symbol
import net.minecraft.client.renderer.MultiBufferSource;
                                    ^
  symbol:   class MultiBufferSource
  location: package net.minecraft.client.renderer
G:\Proyectos\Mods_Minecraft\the_sundering\neoforge\26.2\src\main\java\com\skd\thesundering\client\render\entity\Wave_Renderer.java:33: error: cannot find symbol
import net.minecraft.util.FastColor;
                         ^
  symbol:   class FastColor
  location: package net.minecraft.util
G:\Proyectos\Mods_Minecraft\the_sundering\neoforge\26.2\src\main\java\com\skd\thesundering\client\render\entity\Wave_Renderer.java:41: error: wrong number of type arguments; required 2
extends EntityRenderer<Wave_Entity> {
                      ^
G:\Proyectos\Mods_Minecraft\the_sundering\neoforge\26.2\src\main\java\com\skd\thesundering\client\render\entity\Wave_Renderer.java:54: error: cannot find symbol
    public void render(Wave_Entity entity, float entityYaw, float partialTicks, PoseStack poseStack, MultiBufferSource buffer, int packedLight) {
                                                                                                     ^
  symbol:   class MultiBufferSource
  location: class Wave_Renderer
G:\Proyectos\Mods_Minecraft\the_sundering\neoforge\26.2\src\main\java\com\skd\thesundering\client\render\entity\Wither_Homing_Missile_Renderer.java:29: error: cannot find symbol
import net.minecraft.client.renderer.MultiBufferSource;
                                    ^
  symbol:   class MultiBufferSource
  location: package net.minecraft.client.renderer
G:\Proyectos\Mods_Minecraft\the_sundering\neoforge\26.2\src\main\java\com\skd\thesundering\client\render\entity\Wither_Homing_Missile_Renderer.java:45: error: wrong number of type arguments; required 2
extends EntityRenderer<Wither_Homing_Missile_Entity> {
                      ^
G:\Proyectos\Mods_Minecraft\the_sundering\neoforge\26.2\src\main\java\com\skd\thesundering\client\render\entity\Wither_Homing_Missile_Renderer.java:60: error: cannot find symbol
    public void render(Wither_Homing_Missile_Entity entityIn, float entityYaw, float partialTicks, PoseStack matrixStackIn, MultiBufferSource bufferIn, int packedLightIn) {
                                                                                                                            ^
  symbol:   class MultiBufferSource
  location: class Wither_Homing_Missile_Renderer
G:\Proyectos\Mods_Minecraft\the_sundering\neoforge\26.2\src\main\java\com\skd\thesundering\client\render\entity\Wither_Homing_Missile_Renderer.java:85: error: cannot find symbol
    private void renderTrail(Wither_Homing_Missile_Entity entityIn, float partialTicks, PoseStack poseStack, MultiBufferSource bufferIn, float trailR, float trailG, float trailB, float trailA, int packedLightIn) {
                                                                                                             ^
  symbol:   class MultiBufferSource
  location: class Wither_Homing_Missile_Renderer
G:\Proyectos\Mods_Minecraft\the_sundering\neoforge\26.2\src\main\java\com\skd\thesundering\client\render\entity\Wither_Howitzer_Renderer.java:27: error: cannot find symbol
import net.minecraft.client.renderer.MultiBufferSource;
                                    ^
  symbol:   class MultiBufferSource
  location: package net.minecraft.client.renderer
G:\Proyectos\Mods_Minecraft\the_sundering\neoforge\26.2\src\main\java\com\skd\thesundering\client\render\entity\Wither_Howitzer_Renderer.java:41: error: wrong number of type arguments; required 2
extends EntityRenderer<Wither_Howitzer_Entity> {
                      ^
G:\Proyectos\Mods_Minecraft\the_sundering\neoforge\26.2\src\main\java\com\skd\thesundering\client\render\entity\Wither_Howitzer_Renderer.java:49: error: cannot find symbol
    public void render(Wither_Howitzer_Entity entityIn, float entityYaw, float partialTicks, PoseStack matrixStackIn, MultiBufferSource bufferIn, int packedLightIn) {
                                                                                                                      ^
  symbol:   class MultiBufferSource
  location: class Wither_Howitzer_Renderer
G:\Proyectos\Mods_Minecraft\the_sundering\neoforge\26.2\src\main\java\com\skd\thesundering\client\render\entity\Wither_Missile_Renderer.java:24: error: cannot find symbol
import net.minecraft.client.renderer.MultiBufferSource;
                                    ^
  symbol:   class MultiBufferSource
  location: package net.minecraft.client.renderer
G:\Proyectos\Mods_Minecraft\the_sundering\neoforge\26.2\src\main\java\com\skd\thesundering\client\render\entity\Wither_Missile_Renderer.java:37: error: wrong number of type arguments; required 2
extends EntityRenderer<Wither_Missile_Entity> {
                      ^
G:\Proyectos\Mods_Minecraft\the_sundering\neoforge\26.2\src\main\java\com\skd\thesundering\client\render\entity\Wither_Missile_Renderer.java:49: error: cannot find symbol
    public void render(Wither_Missile_Entity entityIn, float entityYaw, float partialTicks, PoseStack matrixStackIn, MultiBufferSource bufferIn, int packedLightIn) {
                                                                                                                     ^
  symbol:   class MultiBufferSource
  location: class Wither_Missile_Renderer
G:\Proyectos\Mods_Minecraft\the_sundering\neoforge\26.2\src\main\java\com\skd\thesundering\client\render\etc\CurioHeadRenderer.java:33: error: cannot find symbol
import net.minecraft.client.model.SkullModelBase;
                                 ^
  symbol:   class SkullModelBase
  location: package net.minecraft.client.model
G:\Proyectos\Mods_Minecraft\the_sundering\neoforge\26.2\src\main\java\com\skd\thesundering\client\render\etc\CurioHeadRenderer.java:51: error: cannot find symbol
    private Map<SkullBlock.Type, SkullModelBase> skullModels = Cataclysm_Skull_Block_Renderer.createSkullRenderers(Minecraft.getInstance().getEntityModels());
                                 ^
  symbol:   class SkullModelBase
  location: class CurioHeadRenderer
G:\Proyectos\Mods_Minecraft\the_sundering\neoforge\26.2\src\main\java\com\skd\thesundering\client\render\etc\CurioHeadRenderer.java:63: error: cannot find symbol
    public Identifier getModelTexture(ItemStack stack, SlotContext slotContext) {
           ^
  symbol:   class Identifier
  location: class CurioHeadRenderer
G:\Proyectos\Mods_Minecraft\the_sundering\neoforge\26.2\src\main\java\com\skd\thesundering\client\render\etc\CurioHeadRenderer.java:68: error: package EntityRendererProvider does not exist
    public void prepareModel(ItemStack stack, SlotContext slotContext, PoseStack poseStack, SubmitNodeCollector submitNodeCollector, int packedLight, HumanoidRenderState renderState, RenderLayerParent<HumanoidRenderState, HeadedModel> renderLayerParent, EntityRendererProvider.Context context, float limbSwing, float ageInTicks) {
                                                                                                                                                                                                                                                                                    ^
G:\Proyectos\Mods_Minecraft\the_sundering\neoforge\26.2\src\main\java\com\skd\thesundering\client\render\etc\LavaVisionFluidRenderer.java:26: error: cannot find symbol
import net.minecraft.client.renderer.block.LiquidBlockRenderer;
                                          ^
  symbol:   class LiquidBlockRenderer
  location: package net.minecraft.client.renderer.block
G:\Proyectos\Mods_Minecraft\the_sundering\neoforge\26.2\src\main\java\com\skd\thesundering\client\render\etc\LavaVisionFluidRenderer.java:42: error: cannot find symbol
extends LiquidBlockRenderer {
        ^
  symbol: class LiquidBlockRenderer
G:\Proyectos\Mods_Minecraft\the_sundering\neoforge\26.2\src\main\java\com\skd\thesundering\client\render\item\CMItemRenderProperties.java:11: error: cannot find symbol
import net.minecraft.client.renderer.BlockEntityWithoutLevelRenderer;
                                    ^
  symbol:   class BlockEntityWithoutLevelRenderer
  location: package net.minecraft.client.renderer
G:\Proyectos\Mods_Minecraft\the_sundering\neoforge\26.2\src\main\java\com\skd\thesundering\client\render\item\CMItemRenderProperties.java:16: error: cannot find symbol
    public BlockEntityWithoutLevelRenderer getCustomRenderer() {
           ^
  symbol:   class BlockEntityWithoutLevelRenderer
  location: class CMItemRenderProperties
G:\Proyectos\Mods_Minecraft\the_sundering\neoforge\26.2\src\main\java\com\skd\thesundering\client\render\item\CustomArmorRenderProperties.java:38: error: cannot find symbol
import com.mojang.blaze3d.vertex.VertexMultiConsumer;
                                ^
  symbol:   class VertexMultiConsumer
  location: package com.mojang.blaze3d.vertex
G:\Proyectos\Mods_Minecraft\the_sundering\neoforge\26.2\src\main\java\com\skd\thesundering\client\render\item\CustomArmorRenderProperties.java:43: error: cannot find symbol
import net.minecraft.client.renderer.MultiBufferSource;
                                    ^
  symbol:   class MultiBufferSource
  location: package net.minecraft.client.renderer
G:\Proyectos\Mods_Minecraft\the_sundering\neoforge\26.2\src\main\java\com\skd\thesundering\client\render\item\CustomArmorRenderProperties.java:47: error: cannot find symbol
import net.minecraft.util.FastColor;
                         ^
  symbol:   class FastColor
  location: package net.minecraft.util
G:\Proyectos\Mods_Minecraft\the_sundering\neoforge\26.2\src\main\java\com\skd\thesundering\client\render\item\CustomArmorRenderProperties.java:50: error: cannot find symbol
import net.minecraft.world.item.ArmorItem;
                               ^
  symbol:   class ArmorItem
  location: package net.minecraft.world.item
G:\Proyectos\Mods_Minecraft\the_sundering\neoforge\26.2\src\main\java\com\skd\thesundering\client\render\item\CustomArmorRenderProperties.java:126: error: cannot find symbol
    public static void renderCustomArmor(PoseStack poseStack, MultiBufferSource multiBufferSource, int light, ItemStack itemStack, ArmorItem armorItem, Model armorModel, boolean legs, Identifier texture) {
                                                              ^
  symbol:   class MultiBufferSource
  location: class CustomArmorRenderProperties
G:\Proyectos\Mods_Minecraft\the_sundering\neoforge\26.2\src\main\java\com\skd\thesundering\client\render\item\CustomArmorRenderProperties.java:126: error: cannot find symbol
    public static void renderCustomArmor(PoseStack poseStack, MultiBufferSource multiBufferSource, int light, ItemStack itemStack, ArmorItem armorItem, Model armorModel, boolean legs, Identifier texture) {
                                                                                                                                   ^
  symbol:   class ArmorItem
  location: class CustomArmorRenderProperties
G:\Proyectos\Mods_Minecraft\the_sundering\neoforge\26.2\src\main\java\com\skd\thesundering\client\render\layer\AbstractDeepling_Layer.java:24: error: cannot find symbol
import net.minecraft.client.renderer.MultiBufferSource;
                                    ^
  symbol:   class MultiBufferSource
  location: package net.minecraft.client.renderer
G:\Proyectos\Mods_Minecraft\the_sundering\neoforge\26.2\src\main\java\com\skd\thesundering\client\render\layer\AbstractDeepling_Layer.java:30: error: cannot find symbol
import net.minecraft.util.FastColor;
                         ^
  symbol:   class FastColor
  location: package net.minecraft.util
G:\Proyectos\Mods_Minecraft\the_sundering\neoforge\26.2\src\main\java\com\skd\thesundering\client\render\layer\AbstractDeepling_Layer.java:44: error: cannot find symbol
    public void render(PoseStack matrixStackIn, MultiBufferSource bufferIn, int packedLightIn, T entitylivingbaseIn, float limbSwing, float limbSwingAmount, float partialTicks, float ageInTicks, float netHeadYaw, float headPitch) {
                                                ^
  symbol:   class MultiBufferSource
  location: class AbstractDeepling_Layer<T>
  where T is a type-variable:
    T extends AbstractDeepling declared in class AbstractDeepling_Layer
G:\Proyectos\Mods_Minecraft\the_sundering\neoforge\26.2\src\main\java\com\skd\thesundering\client\render\layer\Ancient_Remnant_Layer.java:23: error: cannot find symbol
import net.minecraft.client.renderer.MultiBufferSource;
                                    ^
  symbol:   class MultiBufferSource
  location: package net.minecraft.client.renderer
G:\Proyectos\Mods_Minecraft\the_sundering\neoforge\26.2\src\main\java\com\skd\thesundering\client\render\layer\Ancient_Remnant_Layer.java:41: error: cannot find symbol
    public void render(PoseStack matrixStackIn, MultiBufferSource bufferIn, int packedLightIn, Ancient_Remnant_Entity entity, float limbSwing, float limbSwingAmount, float partialTicks, float ageInTicks, float netHeadYaw, float headPitch) {
                                                ^
  symbol:   class MultiBufferSource
  location: class Ancient_Remnant_Layer
G:\Proyectos\Mods_Minecraft\the_sundering\neoforge\26.2\src\main\java\com\skd\thesundering\client\render\layer\AptrgangrRiderLayer.java:23: error: cannot find symbol
import com.skd.thesundering.Cataclysm;
                           ^
  symbol:   class Cataclysm
  location: package com.skd.thesundering
G:\Proyectos\Mods_Minecraft\the_sundering\neoforge\26.2\src\main\java\com\skd\thesundering\client\render\layer\AptrgangrRiderLayer.java:33: error: cannot find symbol
import net.minecraft.client.renderer.MultiBufferSource;
                                    ^
  symbol:   class MultiBufferSource
  location: package net.minecraft.client.renderer
G:\Proyectos\Mods_Minecraft\the_sundering\neoforge\26.2\src\main\java\com\skd\thesundering\client\render\layer\AptrgangrRiderLayer.java:49: error: cannot find symbol
    public void render(PoseStack poseStack, MultiBufferSource bufferIn, int packedLightIn, Aptrgangr_Entity entity, float limbSwing, float limbSwingAmount, float partialTicks, float ageInTicks, float netHeadYaw, float headPitch) {
                                            ^
  symbol:   class MultiBufferSource
  location: class AptrgangrRiderLayer
G:\Proyectos\Mods_Minecraft\the_sundering\neoforge\26.2\src\main\java\com\skd\thesundering\client\render\layer\AptrgangrRiderLayer.java:79: error: cannot find symbol
    public static <E extends Entity> void renderPassenger(E entityIn, double x, double y, double z, float yaw, float partialTicks, PoseStack matrixStack, MultiBufferSource bufferIn, int packedLight) {
                                                                                                                                                          ^
  symbol:   class MultiBufferSource
  location: class AptrgangrRiderLayer
G:\Proyectos\Mods_Minecraft\the_sundering\neoforge\26.2\src\main\java\com\skd\thesundering\client\render\layer\Aptrgangr_Layer.java:24: error: cannot find symbol
import net.minecraft.client.renderer.MultiBufferSource;
                                    ^
  symbol:   class MultiBufferSource
  location: package net.minecraft.client.renderer
G:\Proyectos\Mods_Minecraft\the_sundering\neoforge\26.2\src\main\java\com\skd\thesundering\client\render\layer\Aptrgangr_Layer.java:46: error: cannot find symbol
    public void render(PoseStack matrixStackIn, MultiBufferSource bufferIn, int packedLightIn, Aptrgangr_Entity entity, float limbSwing, float limbSwingAmount, float partialTicks, float ageInTicks, float netHeadYaw, float headPitch) {
                                                ^
  symbol:   class MultiBufferSource
  location: class Aptrgangr_Layer
G:\Proyectos\Mods_Minecraft\the_sundering\neoforge\26.2\src\main\java\com\skd\thesundering\client\render\layer\Cindaria_Layer.java:27: error: cannot find symbol
import net.minecraft.client.renderer.MultiBufferSource;
                                    ^
  symbol:   class MultiBufferSource
  location: package net.minecraft.client.renderer
G:\Proyectos\Mods_Minecraft\the_sundering\neoforge\26.2\src\main\java\com\skd\thesundering\client\render\layer\Cindaria_Layer.java:33: error: cannot find symbol
import net.minecraft.util.FastColor;
                         ^
  symbol:   class FastColor
  location: package net.minecraft.util
G:\Proyectos\Mods_Minecraft\the_sundering\neoforge\26.2\src\main\java\com\skd\thesundering\client\render\layer\Cindaria_Layer.java:51: error: cannot find symbol
    public void render(PoseStack matrixStackIn, MultiBufferSource bufferIn, int packedLightIn, Cindaria_Entity entity, float limbSwing, float limbSwingAmount, float partialTicks, float ageInTicks, float netHeadYaw, float headPitch) {
                                                ^
  symbol:   class MultiBufferSource
  location: class Cindaria_Layer
G:\Proyectos\Mods_Minecraft\the_sundering\neoforge\26.2\src\main\java\com\skd\thesundering\client\render\layer\Clawdian_Hold_Block_Layer.java:20: error: cannot find symbol
import net.minecraft.client.renderer.MultiBufferSource;
                                    ^
  symbol:   class MultiBufferSource
  location: package net.minecraft.client.renderer
G:\Proyectos\Mods_Minecraft\the_sundering\neoforge\26.2\src\main\java\com\skd\thesundering\client\render\layer\Clawdian_Hold_Block_Layer.java:21: error: cannot find symbol
import net.minecraft.client.renderer.block.BlockRenderDispatcher;
                                          ^
  symbol:   class BlockRenderDispatcher
  location: package net.minecraft.client.renderer.block
G:\Proyectos\Mods_Minecraft\the_sundering\neoforge\26.2\src\main\java\com\skd\thesundering\client\render\layer\Clawdian_Hold_Block_Layer.java:32: error: cannot find symbol
    private final BlockRenderDispatcher blockRenderer;
                  ^
  symbol:   class BlockRenderDispatcher
  location: class Clawdian_Hold_Block_Layer
G:\Proyectos\Mods_Minecraft\the_sundering\neoforge\26.2\src\main\java\com\skd\thesundering\client\render\layer\Clawdian_Hold_Block_Layer.java:34: error: cannot find symbol
    public Clawdian_Hold_Block_Layer(RenderLayerParent<Clawdian_Entity, Clawdian_Model> renderer, BlockRenderDispatcher blockRenderer) {
                                                                                                  ^
  symbol:   class BlockRenderDispatcher
  location: class Clawdian_Hold_Block_Layer
G:\Proyectos\Mods_Minecraft\the_sundering\neoforge\26.2\src\main\java\com\skd\thesundering\client\render\layer\Clawdian_Hold_Block_Layer.java:39: error: cannot find symbol
    public void render(PoseStack matrixStackIn, MultiBufferSource bufferIn, int packedLightIn, Clawdian_Entity entity, float limbSwing, float limbSwingAmount, float partialTicks, float ageInTicks, float netHeadYaw, float headPitch) {
                                                ^
  symbol:   class MultiBufferSource
  location: class Clawdian_Hold_Block_Layer
G:\Proyectos\Mods_Minecraft\the_sundering\neoforge\26.2\src\main\java\com\skd\thesundering\client\render\layer\Clawdian_Hold_Entity_Layer.java:17: error: cannot find symbol
import com.skd.thesundering.Cataclysm;
                           ^
  symbol:   class Cataclysm
  location: package com.skd.thesundering
G:\Proyectos\Mods_Minecraft\the_sundering\neoforge\26.2\src\main\java\com\skd\thesundering\client\render\layer\Clawdian_Hold_Entity_Layer.java:22: error: cannot find symbol
import net.minecraft.client.renderer.MultiBufferSource;
                                    ^
  symbol:   class MultiBufferSource
  location: package net.minecraft.client.renderer
G:\Proyectos\Mods_Minecraft\the_sundering\neoforge\26.2\src\main\java\com\skd\thesundering\client\render\layer\Clawdian_Hold_Entity_Layer.java:40: error: cannot find symbol
    public void render(PoseStack matrixStackIn, MultiBufferSource bufferIn, int packedLightIn, Clawdian_Entity entity, float limbSwing, float limbSwingAmount, float partialTicks, float ageInTicks, float netHeadYaw, float headPitch) {
                                                ^
  symbol:   class MultiBufferSource
  location: class Clawdian_Hold_Entity_Layer
G:\Proyectos\Mods_Minecraft\the_sundering\neoforge\26.2\src\main\java\com\skd\thesundering\client\render\layer\Clawdian_Hold_Entity_Layer.java:49: error: cannot find symbol
    public void renderEntityInClaw(float partialTick, PoseStack poseStack, MultiBufferSource buffer, int packedLight, Entity entity, EntityRenderDispatcher entityRenderer) {
                                                                           ^
  symbol:   class MultiBufferSource
  location: class Clawdian_Hold_Entity_Layer
G:\Proyectos\Mods_Minecraft\the_sundering\neoforge\26.2\src\main\java\com\skd\thesundering\client\render\layer\Drowned_Host_Outer_Layer.java:23: error: cannot find symbol
import net.minecraft.client.renderer.MultiBufferSource;
                                    ^
  symbol:   class MultiBufferSource
  location: package net.minecraft.client.renderer
G:\Proyectos\Mods_Minecraft\the_sundering\neoforge\26.2\src\main\java\com\skd\thesundering\client\render\layer\Drowned_Host_Outer_Layer.java:41: error: cannot find symbol
    public void render(PoseStack poseStack, MultiBufferSource buffer, int packedLight, T livingEntity, float limbSwing, float limbSwingAmount, float partialTicks, float ageInTicks, float netHeadYaw, float headPitch) {
                                            ^
  symbol:   class MultiBufferSource
  location: class Drowned_Host_Outer_Layer<T>
  where T is a type-variable:
    T extends Drowned_Host_Entity declared in class Drowned_Host_Outer_Layer
G:\Proyectos\Mods_Minecraft\the_sundering\neoforge\26.2\src\main\java\com\skd\thesundering\client\render\layer\Ender_Golem_Layer.java:24: error: cannot find symbol
import net.minecraft.client.renderer.MultiBufferSource;
                                    ^
  symbol:   class MultiBufferSource
  location: package net.minecraft.client.renderer
G:\Proyectos\Mods_Minecraft\the_sundering\neoforge\26.2\src\main\java\com\skd\thesundering\client\render\layer\Ender_Golem_Layer.java:30: error: cannot find symbol
import net.minecraft.util.FastColor;
                         ^
  symbol:   class FastColor
  location: package net.minecraft.util
G:\Proyectos\Mods_Minecraft\the_sundering\neoforge\26.2\src\main\java\com\skd\thesundering\client\render\layer\Ender_Golem_Layer.java:43: error: cannot find symbol
    public void render(PoseStack matrixStackIn, MultiBufferSource bufferIn, int packedLightIn, Ender_Golem_Entity entity, float limbSwing, float limbSwingAmount, float partialTicks, float ageInTicks, float netHeadYaw, float headPitch) {
                                                ^
  symbol:   class MultiBufferSource
  location: class Ender_Golem_Layer
G:\Proyectos\Mods_Minecraft\the_sundering\neoforge\26.2\src\main\java\com\skd\thesundering\client\render\layer\Ender_Guardian_Layer.java:23: error: cannot find symbol
import net.minecraft.client.renderer.MultiBufferSource;
                                    ^
  symbol:   class MultiBufferSource
  location: package net.minecraft.client.renderer
G:\Proyectos\Mods_Minecraft\the_sundering\neoforge\26.2\src\main\java\com\skd\thesundering\client\render\layer\Ender_Guardian_Layer.java:41: error: cannot find symbol
    public void render(PoseStack matrixStackIn, MultiBufferSource bufferIn, int packedLightIn, Ender_Guardian_Entity entity, float limbSwing, float limbSwingAmount, float partialTicks, float ageInTicks, float netHeadYaw, float headPitch) {
                                                ^
  symbol:   class MultiBufferSource
  location: class Ender_Guardian_Layer
G:\Proyectos\Mods_Minecraft\the_sundering\neoforge\26.2\src\main\java\com\skd\thesundering\client\render\layer\Hippocamtus_Layer.java:25: error: cannot find symbol
import net.minecraft.client.renderer.MultiBufferSource;
                                    ^
  symbol:   class MultiBufferSource
  location: package net.minecraft.client.renderer
G:\Proyectos\Mods_Minecraft\the_sundering\neoforge\26.2\src\main\java\com\skd\thesundering\client\render\layer\Hippocamtus_Layer.java:31: error: cannot find symbol
import net.minecraft.util.FastColor;
                         ^
  symbol:   class FastColor
  location: package net.minecraft.util
G:\Proyectos\Mods_Minecraft\the_sundering\neoforge\26.2\src\main\java\com\skd\thesundering\client\render\layer\Hippocamtus_Layer.java:48: error: cannot find symbol
    public void render(PoseStack matrixStackIn, MultiBufferSource bufferIn, int packedLightIn, Hippocamtus_Entity entity, float limbSwing, float limbSwingAmount, float partialTicks, float ageInTicks, float netHeadYaw, float headPitch) {
                                                ^
  symbol:   class MultiBufferSource
  location: class Hippocamtus_Layer
G:\Proyectos\Mods_Minecraft\the_sundering\neoforge\26.2\src\main\java\com\skd\thesundering\client\render\layer\Ignis_Armor_Crack_Layer.java:25: error: cannot find symbol
import net.minecraft.client.renderer.MultiBufferSource;
                                    ^
  symbol:   class MultiBufferSource
  location: package net.minecraft.client.renderer
G:\Proyectos\Mods_Minecraft\the_sundering\neoforge\26.2\src\main\java\com\skd\thesundering\client\render\layer\Ignis_Armor_Crack_Layer.java:42: error: cannot find symbol
    public void render(PoseStack matrixStackIn, MultiBufferSource bufferIn, int packedLightIn, Ignis_Entity ignis, float p_117152_, float p_117153_, float p_117154_, float p_117155_, float p_117156_, float p_117157_) {
                                                ^
  symbol:   class MultiBufferSource
  location: class Ignis_Armor_Crack_Layer
G:\Proyectos\Mods_Minecraft\the_sundering\neoforge\26.2\src\main\java\com\skd\thesundering\client\render\layer\Ignis_Shield_Layer.java:25: error: cannot find symbol
import net.minecraft.client.renderer.MultiBufferSource;
                                    ^
  symbol:   class MultiBufferSource
  location: package net.minecraft.client.renderer
G:\Proyectos\Mods_Minecraft\the_sundering\neoforge\26.2\src\main\java\com\skd\thesundering\client\render\layer\Ignis_Shield_Layer.java:48: error: cannot find symbol
    public void render(PoseStack matrixStackIn, MultiBufferSource bufferIn, int packedLightIn, Ignis_Entity ignis, float limbSwing, float limbSwingAmount, float partialTicks, float ageInTicks, float netHeadYaw, float headPitch) {
                                                ^
  symbol:   class MultiBufferSource
  location: class Ignis_Shield_Layer
G:\Proyectos\Mods_Minecraft\the_sundering\neoforge\26.2\src\main\java\com\skd\thesundering\client\render\layer\Item_Layer.java:23: error: cannot find symbol
import net.minecraft.client.renderer.MultiBufferSource;
                                    ^
  symbol:   class MultiBufferSource
  location: package net.minecraft.client.renderer
G:\Proyectos\Mods_Minecraft\the_sundering\neoforge\26.2\src\main\java\com\skd\thesundering\client\render\layer\Item_Layer.java:43: error: cannot find symbol
    public void render(PoseStack matrixStackIn, MultiBufferSource bufferIn, int packedLightIn, T entitylivingbaseIn, float limbSwing, float limbSwingAmount, float partialTicks, float ageInTicks, float netHeadYaw, float headPitch) {
                                                ^
  symbol:   class MultiBufferSource
  location: class Item_Layer<T,M>
  where T,M are type-variables:
    T extends LivingEntity declared in class Item_Layer
    M extends EntityModel<T> declared in class Item_Layer
G:\Proyectos\Mods_Minecraft\the_sundering\neoforge\26.2\src\main\java\com\skd\thesundering\client\render\layer\Kobolediator_Layer.java:23: error: cannot find symbol
import net.minecraft.client.renderer.MultiBufferSource;
                                    ^
  symbol:   class MultiBufferSource
  location: package net.minecraft.client.renderer
G:\Proyectos\Mods_Minecraft\the_sundering\neoforge\26.2\src\main\java\com\skd\thesundering\client\render\layer\Kobolediator_Layer.java:41: error: cannot find symbol
    public void render(PoseStack matrixStackIn, MultiBufferSource bufferIn, int packedLightIn, Kobolediator_Entity entity, float limbSwing, float limbSwingAmount, float partialTicks, float ageInTicks, float netHeadYaw, float headPitch) {
                                                ^
  symbol:   class MultiBufferSource
  location: class Kobolediator_Layer
G:\Proyectos\Mods_Minecraft\the_sundering\neoforge\26.2\src\main\java\com\skd\thesundering\client\render\layer\LayerBasicGlow.java:21: error: cannot find symbol
import net.minecraft.client.renderer.MultiBufferSource;
                                    ^
  symbol:   class MultiBufferSource
  location: package net.minecraft.client.renderer
G:\Proyectos\Mods_Minecraft\the_sundering\neoforge\26.2\src\main\java\com\skd\thesundering\client\render\layer\LayerBasicGlow.java:44: error: cannot find symbol
    public void render(PoseStack matrixStackIn, MultiBufferSource bufferIn, int packedLightIn, T entitylivingbaseIn, float limbSwing, float limbSwingAmount, float partialTicks, float ageInTicks, float netHeadYaw, float headPitch) {
                                                ^
  symbol:   class MultiBufferSource
  location: class LayerBasicGlow<T>
  where T is a type-variable:
    T extends LivingEntity declared in class LayerBasicGlow
G:\Proyectos\Mods_Minecraft\the_sundering\neoforge\26.2\src\main\java\com\skd\thesundering\client\render\layer\LayerDeeplingBruteItem.java:25: error: cannot find symbol
import net.minecraft.client.renderer.MultiBufferSource;
                                    ^
  symbol:   class MultiBufferSource
  location: package net.minecraft.client.renderer
G:\Proyectos\Mods_Minecraft\the_sundering\neoforge\26.2\src\main\java\com\skd\thesundering\client\render\layer\LayerDeeplingBruteItem.java:42: error: cannot find symbol
    public void render(PoseStack matrixStackIn, MultiBufferSource bufferIn, int packedLightIn, Deepling_Brute_Entity entitylivingbaseIn, float limbSwing, float limbSwingAmount, float partialTicks, float ageInTicks, float netHeadYaw, float headPitch) {
                                                ^
  symbol:   class MultiBufferSource
  location: class LayerDeeplingBruteItem
G:\Proyectos\Mods_Minecraft\the_sundering\neoforge\26.2\src\main\java\com\skd\thesundering\client\render\layer\LayerDeeplingItem.java:25: error: cannot find symbol
import net.minecraft.client.renderer.MultiBufferSource;
                                    ^
  symbol:   class MultiBufferSource
  location: package net.minecraft.client.renderer
G:\Proyectos\Mods_Minecraft\the_sundering\neoforge\26.2\src\main\java\com\skd\thesundering\client\render\layer\LayerDeeplingItem.java:42: error: cannot find symbol
    public void render(PoseStack matrixStackIn, MultiBufferSource bufferIn, int packedLightIn, Deepling_Entity entitylivingbaseIn, float limbSwing, float limbSwingAmount, float partialTicks, float ageInTicks, float netHeadYaw, float headPitch) {
                                                ^
  symbol:   class MultiBufferSource
  location: class LayerDeeplingItem
G:\Proyectos\Mods_Minecraft\the_sundering\neoforge\26.2\src\main\java\com\skd\thesundering\client\render\layer\LayerDeepling_AnglerItem.java:25: error: cannot find symbol
import net.minecraft.client.renderer.MultiBufferSource;
                                    ^
  symbol:   class MultiBufferSource
  location: package net.minecraft.client.renderer
G:\Proyectos\Mods_Minecraft\the_sundering\neoforge\26.2\src\main\java\com\skd\thesundering\client\render\layer\LayerDeepling_AnglerItem.java:42: error: cannot find symbol
    public void render(PoseStack matrixStackIn, MultiBufferSource bufferIn, int packedLightIn, Deepling_Angler_Entity entitylivingbaseIn, float limbSwing, float limbSwingAmount, float partialTicks, float ageInTicks, float netHeadYaw, float headPitch) {
                                                ^
  symbol:   class MultiBufferSource
  location: class LayerDeepling_AnglerItem
G:\Proyectos\Mods_Minecraft\the_sundering\neoforge\26.2\src\main\java\com\skd\thesundering\client\render\layer\LayerDeepling_PriestItem.java:25: error: cannot find symbol
import net.minecraft.client.renderer.MultiBufferSource;
                                    ^
  symbol:   class MultiBufferSource
  location: package net.minecraft.client.renderer
G:\Proyectos\Mods_Minecraft\the_sundering\neoforge\26.2\src\main\java\com\skd\thesundering\client\render\layer\LayerDeepling_PriestItem.java:42: error: cannot find symbol
    public void render(PoseStack matrixStackIn, MultiBufferSource bufferIn, int packedLightIn, Deepling_Priest_Entity entitylivingbaseIn, float limbSwing, float limbSwingAmount, float partialTicks, float ageInTicks, float netHeadYaw, float headPitch) {
                                                ^
  symbol:   class MultiBufferSource
  location: class LayerDeepling_PriestItem
G:\Proyectos\Mods_Minecraft\the_sundering\neoforge\26.2\src\main\java\com\skd\thesundering\client\render\layer\LayerDeepling_Priest_Light.java:22: error: cannot find symbol
import net.minecraft.client.renderer.MultiBufferSource;
                                    ^
  symbol:   class MultiBufferSource
  location: package net.minecraft.client.renderer
G:\Proyectos\Mods_Minecraft\the_sundering\neoforge\26.2\src\main\java\com\skd\thesundering\client\render\layer\LayerDeepling_Priest_Light.java:37: error: cannot find symbol
    public void render(PoseStack matrixStackIn, MultiBufferSource bufferIn, int packedLightIn, Deepling_Priest_Entity entity, float limbSwing, float limbSwingAmount, float partialTicks, float ageInTicks, float netHeadYaw, float headPitch) {
                                                ^
  symbol:   class MultiBufferSource
  location: class LayerDeepling_Priest_Light
G:\Proyectos\Mods_Minecraft\the_sundering\neoforge\26.2\src\main\java\com\skd\thesundering\client\render\layer\LayerDeepling_WarlockItem.java:25: error: cannot find symbol
import net.minecraft.client.renderer.MultiBufferSource;
                                    ^
  symbol:   class MultiBufferSource
  location: package net.minecraft.client.renderer
G:\Proyectos\Mods_Minecraft\the_sundering\neoforge\26.2\src\main\java\com\skd\thesundering\client\render\layer\LayerDeepling_WarlockItem.java:42: error: cannot find symbol
    public void render(PoseStack matrixStackIn, MultiBufferSource bufferIn, int packedLightIn, Deepling_Warlock_Entity entitylivingbaseIn, float limbSwing, float limbSwingAmount, float partialTicks, float ageInTicks, float netHeadYaw, float headPitch) {
                                                ^
  symbol:   class MultiBufferSource
  location: class LayerDeepling_WarlockItem
G:\Proyectos\Mods_Minecraft\the_sundering\neoforge\26.2\src\main\java\com\skd\thesundering\client\render\layer\LayerGenericGlowing.java:23: error: cannot find symbol
import net.minecraft.client.renderer.MultiBufferSource;
                                    ^
  symbol:   class MultiBufferSource
  location: package net.minecraft.client.renderer
G:\Proyectos\Mods_Minecraft\the_sundering\neoforge\26.2\src\main\java\com\skd\thesundering\client\render\layer\LayerGenericGlowing.java:49: error: cannot find symbol
    public void render(PoseStack matrixStackIn, MultiBufferSource bufferIn, int packedLightIn, T entitylivingbaseIn, float limbSwing, float limbSwingAmount, float partialTicks, float ageInTicks, float netHeadYaw, float headPitch) {
                                                ^
  symbol:   class MultiBufferSource
  location: class LayerGenericGlowing<T>
  where T is a type-variable:
    T extends LivingEntity declared in class LayerGenericGlowing
G:\Proyectos\Mods_Minecraft\the_sundering\neoforge\26.2\src\main\java\com\skd\thesundering\client\render\layer\LayerKoboletonItem.java:25: error: cannot find symbol
import net.minecraft.client.renderer.MultiBufferSource;
                                    ^
  symbol:   class MultiBufferSource
  location: package net.minecraft.client.renderer
G:\Proyectos\Mods_Minecraft\the_sundering\neoforge\26.2\src\main\java\com\skd\thesundering\client\render\layer\LayerKoboletonItem.java:42: error: cannot find symbol
    public void render(PoseStack matrixStackIn, MultiBufferSource bufferIn, int packedLightIn, Koboleton_Entity entitylivingbaseIn, float limbSwing, float limbSwingAmount, float partialTicks, float ageInTicks, float netHeadYaw, float headPitch) {
                                                ^
  symbol:   class MultiBufferSource
  location: class LayerKoboletonItem
G:\Proyectos\Mods_Minecraft\the_sundering\neoforge\26.2\src\main\java\com\skd\thesundering\client\render\layer\LionFish_Layer.java:26: error: cannot find symbol
import net.minecraft.client.renderer.MultiBufferSource;
                                    ^
  symbol:   class MultiBufferSource
  location: package net.minecraft.client.renderer
G:\Proyectos\Mods_Minecraft\the_sundering\neoforge\26.2\src\main\java\com\skd\thesundering\client\render\layer\LionFish_Layer.java:32: error: cannot find symbol
import net.minecraft.util.FastColor;
                         ^
  symbol:   class FastColor
  location: package net.minecraft.util
G:\Proyectos\Mods_Minecraft\the_sundering\neoforge\26.2\src\main\java\com\skd\thesundering\client\render\layer\LionFish_Layer.java:46: error: cannot find symbol
    public void render(PoseStack matrixStackIn, MultiBufferSource bufferIn, int packedLightIn, Lionfish_Entity entity, float limbSwing, float limbSwingAmount, float partialTicks, float ageInTicks, float netHeadYaw, float headPitch) {
                                                ^
  symbol:   class MultiBufferSource
  location: class LionFish_Layer
G:\Proyectos\Mods_Minecraft\the_sundering\neoforge\26.2\src\main\java\com\skd\thesundering\client\render\layer\MaledictusRiderLayer.java:23: error: cannot find symbol
import com.skd.thesundering.Cataclysm;
                           ^
  symbol:   class Cataclysm
  location: package com.skd.thesundering
G:\Proyectos\Mods_Minecraft\the_sundering\neoforge\26.2\src\main\java\com\skd\thesundering\client\render\layer\MaledictusRiderLayer.java:33: error: cannot find symbol
import net.minecraft.client.renderer.MultiBufferSource;
                                    ^
  symbol:   class MultiBufferSource
  location: package net.minecraft.client.renderer
G:\Proyectos\Mods_Minecraft\the_sundering\neoforge\26.2\src\main\java\com\skd\thesundering\client\render\layer\MaledictusRiderLayer.java:49: error: cannot find symbol
    public void render(PoseStack poseStack, MultiBufferSource bufferIn, int packedLightIn, Maledictus_Entity entity, float limbSwing, float limbSwingAmount, float partialTicks, float ageInTicks, float netHeadYaw, float headPitch) {
                                            ^
  symbol:   class MultiBufferSource
  location: class MaledictusRiderLayer
G:\Proyectos\Mods_Minecraft\the_sundering\neoforge\26.2\src\main\java\com\skd\thesundering\client\render\layer\MaledictusRiderLayer.java:79: error: cannot find symbol
    public static <E extends Entity> void renderPassenger(E entityIn, double x, double y, double z, float yaw, float partialTicks, PoseStack matrixStack, MultiBufferSource bufferIn, int packedLight) {
                                                                                                                                                          ^
  symbol:   class MultiBufferSource
  location: class MaledictusRiderLayer
G:\Proyectos\Mods_Minecraft\the_sundering\neoforge\26.2\src\main\java\com\skd\thesundering\client\render\layer\Maledictus_Cicle_Layer.java:36: error: cannot find symbol
import net.minecraft.client.renderer.MultiBufferSource;
                                    ^
  symbol:   class MultiBufferSource
  location: package net.minecraft.client.renderer
G:\Proyectos\Mods_Minecraft\the_sundering\neoforge\26.2\src\main\java\com\skd\thesundering\client\render\layer\Maledictus_Cicle_Layer.java:64: error: cannot find symbol
    public void render(PoseStack matrixStackIn, MultiBufferSource bufferIn, int packedLightIn, Maledictus_Entity entity, float limbSwing, float limbSwingAmount, float partialTicks, float ageInTicks, float netHeadYaw, float headPitch) {
                                                ^
  symbol:   class MultiBufferSource
  location: class Maledictus_Cicle_Layer
G:\Proyectos\Mods_Minecraft\the_sundering\neoforge\26.2\src\main\java\com\skd\thesundering\client\render\layer\Maledictus_Cicle_Layer.java:71: error: cannot find symbol
    private void rendercicle(PoseStack matrixStackIn, MultiBufferSource bufferIn, int packedLightIn, Maledictus_Entity entity, boolean right) {
                                                      ^
  symbol:   class MultiBufferSource
  location: class Maledictus_Cicle_Layer
G:\Proyectos\Mods_Minecraft\the_sundering\neoforge\26.2\src\main\java\com\skd\thesundering\client\render\layer\Maledictus_Cicle_Layer.java:150: error: cannot find symbol
    private void renderLightning(PoseStack matrixStackIn, MultiBufferSource bufferIn, Maledictus_Entity entity, float partialtick, boolean right) {
                                                          ^
  symbol:   class MultiBufferSource
  location: class Maledictus_Cicle_Layer
G:\Proyectos\Mods_Minecraft\the_sundering\neoforge\26.2\src\main\java\com\skd\thesundering\client\render\layer\Maledictus_Cicle_Layer.java:220: error: cannot find symbol
    private void drawLightning(PoseStack matrixStackIn, MultiBufferSource bufferIn, Maledictus_Entity entity, float r, float g, float b, float partialTicks) {
                                                        ^
  symbol:   class MultiBufferSource
  location: class Maledictus_Cicle_Layer
G:\Proyectos\Mods_Minecraft\the_sundering\neoforge\26.2\src\main\java\com\skd\thesundering\client\render\layer\Maledictus_Layer.java:25: error: cannot find symbol
import net.minecraft.client.renderer.MultiBufferSource;
                                    ^
  symbol:   class MultiBufferSource
  location: package net.minecraft.client.renderer
G:\Proyectos\Mods_Minecraft\the_sundering\neoforge\26.2\src\main\java\com\skd\thesundering\client\render\layer\Maledictus_Layer.java:30: error: cannot find symbol
import net.minecraft.util.FastColor;
                         ^
  symbol:   class FastColor
  location: package net.minecraft.util
G:\Proyectos\Mods_Minecraft\the_sundering\neoforge\26.2\src\main\java\com\skd\thesundering\client\render\layer\Maledictus_Layer.java:48: error: cannot find symbol
    public void render(PoseStack matrixStackIn, MultiBufferSource bufferIn, int packedLightIn, Maledictus_Entity entity, float limbSwing, float limbSwingAmount, float partialTicks, float ageInTicks, float netHeadYaw, float headPitch) {
                                                ^
  symbol:   class MultiBufferSource
  location: class Maledictus_Layer
G:\Proyectos\Mods_Minecraft\the_sundering\neoforge\26.2\src\main\java\com\skd\thesundering\client\render\layer\Netherite_Ministrosity_Layer.java:24: error: cannot find symbol
import net.minecraft.client.renderer.MultiBufferSource;
                                    ^
  symbol:   class MultiBufferSource
  location: package net.minecraft.client.renderer
G:\Proyectos\Mods_Minecraft\the_sundering\neoforge\26.2\src\main\java\com\skd\thesundering\client\render\layer\Netherite_Ministrosity_Layer.java:30: error: cannot find symbol
import net.minecraft.util.FastColor;
                         ^
  symbol:   class FastColor
  location: package net.minecraft.util
G:\Proyectos\Mods_Minecraft\the_sundering\neoforge\26.2\src\main\java\com\skd\thesundering\client\render\layer\Netherite_Ministrosity_Layer.java:41: error: cannot find symbol
    public void render(PoseStack matrixStackIn, MultiBufferSource bufferIn, int packedLightIn, Netherite_Ministrosity_Entity entity, float limbSwing, float limbSwingAmount, float partialTicks, float ageInTicks, float netHeadYaw, float headPitch) {
                                                ^
  symbol:   class MultiBufferSource
  location: class Netherite_Ministrosity_Layer
G:\Proyectos\Mods_Minecraft\the_sundering\neoforge\26.2\src\main\java\com\skd\thesundering\client\render\layer\Netherite_Monstrosity_Flare.java:23: error: cannot find symbol
import net.minecraft.client.renderer.MultiBufferSource;
                                    ^
  symbol:   class MultiBufferSource
  location: package net.minecraft.client.renderer
G:\Proyectos\Mods_Minecraft\the_sundering\neoforge\26.2\src\main\java\com\skd\thesundering\client\render\layer\Netherite_Monstrosity_Flare.java:29: error: cannot find symbol
import net.minecraft.util.FastColor;
                         ^
  symbol:   class FastColor
  location: package net.minecraft.util
G:\Proyectos\Mods_Minecraft\the_sundering\neoforge\26.2\src\main\java\com\skd\thesundering\client\render\layer\Netherite_Monstrosity_Flare.java:39: error: cannot find symbol
    public void render(PoseStack matrixStackIn, MultiBufferSource bufferIn, int packedLightIn, Netherite_Monstrosity_Entity entity, float limbSwing, float limbSwingAmount, float partialTicks, float ageInTicks, float netHeadYaw, float headPitch) {
                                                ^
  symbol:   class MultiBufferSource
  location: class Netherite_Monstrosity_Flare
G:\Proyectos\Mods_Minecraft\the_sundering\neoforge\26.2\src\main\java\com\skd\thesundering\client\render\layer\Netherite_Monstrosity_Layer.java:24: error: cannot find symbol
import net.minecraft.client.renderer.MultiBufferSource;
                                    ^
  symbol:   class MultiBufferSource
  location: package net.minecraft.client.renderer
G:\Proyectos\Mods_Minecraft\the_sundering\neoforge\26.2\src\main\java\com\skd\thesundering\client\render\layer\Netherite_Monstrosity_Layer.java:30: error: cannot find symbol
import net.minecraft.util.FastColor;
                         ^
  symbol:   class FastColor
  location: package net.minecraft.util
G:\Proyectos\Mods_Minecraft\the_sundering\neoforge\26.2\src\main\java\com\skd\thesundering\client\render\layer\Netherite_Monstrosity_Layer.java:41: error: cannot find symbol
    public void render(PoseStack matrixStackIn, MultiBufferSource bufferIn, int packedLightIn, Netherite_Monstrosity_Entity entity, float limbSwing, float limbSwingAmount, float partialTicks, float ageInTicks, float netHeadYaw, float headPitch) {
                                                ^
  symbol:   class MultiBufferSource
  location: class Netherite_Monstrosity_Layer
G:\Proyectos\Mods_Minecraft\the_sundering\neoforge\26.2\src\main\java\com\skd\thesundering\client\render\layer\Netherite_Monstrosity_Layer2.java:24: error: cannot find symbol
import net.minecraft.client.renderer.MultiBufferSource;
                                    ^
  symbol:   class MultiBufferSource
  location: package net.minecraft.client.renderer
G:\Proyectos\Mods_Minecraft\the_sundering\neoforge\26.2\src\main\java\com\skd\thesundering\client\render\layer\Netherite_Monstrosity_Layer2.java:30: error: cannot find symbol
import net.minecraft.util.FastColor;
                         ^
  symbol:   class FastColor
  location: package net.minecraft.util
G:\Proyectos\Mods_Minecraft\the_sundering\neoforge\26.2\src\main\java\com\skd\thesundering\client\render\layer\Netherite_Monstrosity_Layer2.java:41: error: cannot find symbol
    public void render(PoseStack matrixStackIn, MultiBufferSource bufferIn, int packedLightIn, Netherite_Monstrosity_Entity entity, float limbSwing, float limbSwingAmount, float partialTicks, float ageInTicks, float netHeadYaw, float headPitch) {
                                                ^
  symbol:   class MultiBufferSource
  location: class Netherite_Monstrosity_Layer2
G:\Proyectos\Mods_Minecraft\the_sundering\neoforge\26.2\src\main\java\com\skd\thesundering\client\render\layer\Revenant_Layer.java:25: error: cannot find symbol
import net.minecraft.client.renderer.MultiBufferSource;
                                    ^
  symbol:   class MultiBufferSource
  location: package net.minecraft.client.renderer
G:\Proyectos\Mods_Minecraft\the_sundering\neoforge\26.2\src\main\java\com\skd\thesundering\client\render\layer\Revenant_Layer.java:44: error: cannot find symbol
    public void render(PoseStack matrixStackIn, MultiBufferSource bufferIn, int packedLightIn, Ignited_Revenant_Entity revenant, float limbSwing, float limbSwingAmount, float partialTicks, float ageInTicks, float netHeadYaw, float headPitch) {
                                                ^
  symbol:   class MultiBufferSource
  location: class Revenant_Layer
G:\Proyectos\Mods_Minecraft\the_sundering\neoforge\26.2\src\main\java\com\skd\thesundering\client\render\layer\Scylla_Anchor_Layer.java:31: error: cannot find symbol
import net.minecraft.client.renderer.MultiBufferSource;
                                    ^
  symbol:   class MultiBufferSource
  location: package net.minecraft.client.renderer
G:\Proyectos\Mods_Minecraft\the_sundering\neoforge\26.2\src\main\java\com\skd\thesundering\client\render\layer\Scylla_Anchor_Layer.java:55: error: cannot find symbol
    public void render(PoseStack matrixStackIn, MultiBufferSource bufferIn, int packedLightIn, Scylla_Entity entity, float limbSwing, float limbSwingAmount, float partialTicks, float ageInTicks, float netHeadYaw, float headPitch) {
                                                ^
  symbol:   class MultiBufferSource
  location: class Scylla_Anchor_Layer
G:\Proyectos\Mods_Minecraft\the_sundering\neoforge\26.2\src\main\java\com\skd\thesundering\client\render\layer\Scylla_Anchor_Layer.java:59: error: cannot find symbol
    private void renderAnchorLightning(PoseStack matrixStackIn, MultiBufferSource bufferIn, Scylla_Entity entity, float partialtick) {
                                                                ^
  symbol:   class MultiBufferSource
  location: class Scylla_Anchor_Layer
G:\Proyectos\Mods_Minecraft\the_sundering\neoforge\26.2\src\main\java\com\skd\thesundering\client\render\layer\Scylla_Anchor_Layer.java:75: error: cannot find symbol
    private void drawLightningAnchor(PoseStack matrixStackIn, MultiBufferSource bufferIn, Scylla_Entity entity, float xyz, int r, int g, int b, int seg, float size, float partialTicks) {
                                                              ^
  symbol:   class MultiBufferSource
  location: class Scylla_Anchor_Layer
G:\Proyectos\Mods_Minecraft\the_sundering\neoforge\26.2\src\main\java\com\skd\thesundering\client\render\layer\Scylla_Eye_Spark_Layer.java:29: error: cannot find symbol
import net.minecraft.client.renderer.MultiBufferSource;
                                    ^
  symbol:   class MultiBufferSource
  location: package net.minecraft.client.renderer
G:\Proyectos\Mods_Minecraft\the_sundering\neoforge\26.2\src\main\java\com\skd\thesundering\client\render\layer\Scylla_Eye_Spark_Layer.java:53: error: cannot find symbol
    public void render(PoseStack matrixStackIn, MultiBufferSource bufferIn, int packedLightIn, Scylla_Entity entity, float limbSwing, float limbSwingAmount, float partialTicks, float ageInTicks, float netHeadYaw, float headPitch) {
                                                ^
  symbol:   class MultiBufferSource
  location: class Scylla_Eye_Spark_Layer
G:\Proyectos\Mods_Minecraft\the_sundering\neoforge\26.2\src\main\java\com\skd\thesundering\client\render\layer\Scylla_Eye_Spark_Layer.java:58: error: cannot find symbol
    private void renderLightning(PoseStack matrixStackIn, MultiBufferSource bufferIn, Scylla_Entity entity, float partialtick, boolean right) {
                                                          ^
  symbol:   class MultiBufferSource
  location: class Scylla_Eye_Spark_Layer
G:\Proyectos\Mods_Minecraft\the_sundering\neoforge\26.2\src\main\java\com\skd\thesundering\client\render\layer\Scylla_Eye_Spark_Layer.java:69: error: cannot find symbol
    private void drawLightning(PoseStack matrixStackIn, MultiBufferSource bufferIn, Scylla_Entity entity, int r, int g, int b, int seg, float size, float partialTicks) {
                                                        ^
  symbol:   class MultiBufferSource
  location: class Scylla_Eye_Spark_Layer
G:\Proyectos\Mods_Minecraft\the_sundering\neoforge\26.2\src\main\java\com\skd\thesundering\client\render\layer\Scylla_Snake_Layer.java:25: error: cannot find symbol
import net.minecraft.client.renderer.MultiBufferSource;
                                    ^
  symbol:   class MultiBufferSource
  location: package net.minecraft.client.renderer
G:\Proyectos\Mods_Minecraft\the_sundering\neoforge\26.2\src\main\java\com\skd\thesundering\client\render\layer\Scylla_Snake_Layer.java:31: error: cannot find symbol
import net.minecraft.util.FastColor;
                         ^
  symbol:   class FastColor
  location: package net.minecraft.util
G:\Proyectos\Mods_Minecraft\the_sundering\neoforge\26.2\src\main\java\com\skd\thesundering\client\render\layer\Scylla_Snake_Layer.java:48: error: cannot find symbol
    public void render(PoseStack matrixStackIn, MultiBufferSource bufferIn, int packedLightIn, Scylla_Entity entity, float limbSwing, float limbSwingAmount, float partialTicks, float ageInTicks, float netHeadYaw, float headPitch) {
                                                ^
  symbol:   class MultiBufferSource
  location: class Scylla_Snake_Layer
G:\Proyectos\Mods_Minecraft\the_sundering\neoforge\26.2\src\main\java\com\skd\thesundering\client\render\layer\The_Harbinger_Item_Layer.java:26: error: cannot find symbol
import net.minecraft.client.renderer.MultiBufferSource;
                                    ^
  symbol:   class MultiBufferSource
  location: package net.minecraft.client.renderer
G:\Proyectos\Mods_Minecraft\the_sundering\neoforge\26.2\src\main\java\com\skd\thesundering\client\render\layer\The_Harbinger_Item_Layer.java:49: error: cannot find symbol
    public void render(PoseStack matrixStackIn, MultiBufferSource bufferIn, int packedLightIn, The_Harbinger_Entity entity, float limbSwing, float limbSwingAmount, float partialTicks, float ageInTicks, float netHeadYaw, float headPitch) {
                                                ^
  symbol:   class MultiBufferSource
  location: class The_Harbinger_Item_Layer
G:\Proyectos\Mods_Minecraft\the_sundering\neoforge\26.2\src\main\java\com\skd\thesundering\client\render\layer\The_Harbinger_Jet_Layer.java:31: error: cannot find symbol
import net.minecraft.client.renderer.MultiBufferSource;
                                    ^
  symbol:   class MultiBufferSource
  location: package net.minecraft.client.renderer
G:\Proyectos\Mods_Minecraft\the_sundering\neoforge\26.2\src\main\java\com\skd\thesundering\client\render\layer\The_Harbinger_Jet_Layer.java:60: error: cannot find symbol
    public void render(PoseStack matrixStackIn, MultiBufferSource bufferIn, int packedLightIn, The_Harbinger_Entity entity, float limbSwing, float limbSwingAmount, float partialTicks, float ageInTicks, float netHeadYaw, float headPitch) {
                                                ^
  symbol:   class MultiBufferSource
  location: class The_Harbinger_Jet_Layer
G:\Proyectos\Mods_Minecraft\the_sundering\neoforge\26.2\src\main\java\com\skd\thesundering\client\render\layer\The_Harbinger_Jet_Layer.java:67: error: cannot find symbol
    private void rendercicle(PoseStack matrixStackIn, MultiBufferSource bufferIn, int packedLightIn, The_Harbinger_Entity entity, float partialTicks, boolean right) {
                                                      ^
  symbol:   class MultiBufferSource
  location: class The_Harbinger_Jet_Layer
G:\Proyectos\Mods_Minecraft\the_sundering\neoforge\26.2\src\main\java\com\skd\thesundering\client\render\layer\The_Harbinger_Layer.java:24: error: cannot find symbol
import net.minecraft.client.renderer.MultiBufferSource;
                                    ^
  symbol:   class MultiBufferSource
  location: package net.minecraft.client.renderer
G:\Proyectos\Mods_Minecraft\the_sundering\neoforge\26.2\src\main\java\com\skd\thesundering\client\render\layer\The_Harbinger_Layer.java:30: error: cannot find symbol
import net.minecraft.util.FastColor;
                         ^
  symbol:   class FastColor
  location: package net.minecraft.util
G:\Proyectos\Mods_Minecraft\the_sundering\neoforge\26.2\src\main\java\com\skd\thesundering\client\render\layer\The_Harbinger_Layer.java:43: error: cannot find symbol
    public void render(PoseStack matrixStackIn, MultiBufferSource bufferIn, int packedLightIn, The_Harbinger_Entity entity, float limbSwing, float limbSwingAmount, float partialTicks, float ageInTicks, float netHeadYaw, float headPitch) {
                                                ^
  symbol:   class MultiBufferSource
  location: class The_Harbinger_Layer
G:\Proyectos\Mods_Minecraft\the_sundering\neoforge\26.2\src\main\java\com\skd\thesundering\client\render\layer\The_Harbinger_Shield_Layer.java:27: error: cannot find symbol
import net.minecraft.client.renderer.MultiBufferSource;
                                    ^
  symbol:   class MultiBufferSource
  location: package net.minecraft.client.renderer
G:\Proyectos\Mods_Minecraft\the_sundering\neoforge\26.2\src\main\java\com\skd\thesundering\client\render\layer\The_Harbinger_Shield_Layer.java:47: error: cannot find symbol
    public void render(PoseStack matrixStackIn, MultiBufferSource bufferIn, int packedLightIn, The_Harbinger_Entity harbinger, float limbSwing, float limbSwingAmount, float partialTicks, float ageInTicks, float netHeadYaw, float headPitch) {
                                                ^
  symbol:   class MultiBufferSource
  location: class The_Harbinger_Shield_Layer
G:\Proyectos\Mods_Minecraft\the_sundering\neoforge\26.2\src\main\java\com\skd\thesundering\client\render\layer\The_Leviathan_Layer.java:25: error: cannot find symbol
import net.minecraft.client.renderer.MultiBufferSource;
                                    ^
  symbol:   class MultiBufferSource
  location: package net.minecraft.client.renderer
G:\Proyectos\Mods_Minecraft\the_sundering\neoforge\26.2\src\main\java\com\skd\thesundering\client\render\layer\The_Leviathan_Layer.java:31: error: cannot find symbol
import net.minecraft.util.FastColor;
                         ^
  symbol:   class FastColor
  location: package net.minecraft.util
G:\Proyectos\Mods_Minecraft\the_sundering\neoforge\26.2\src\main\java\com\skd\thesundering\client\render\layer\The_Leviathan_Layer.java:45: error: cannot find symbol
    public void render(PoseStack matrixStackIn, MultiBufferSource bufferIn, int packedLightIn, The_Leviathan_Entity entity, float limbSwing, float limbSwingAmount, float partialTicks, float ageInTicks, float netHeadYaw, float headPitch) {
                                                ^
  symbol:   class MultiBufferSource
  location: class The_Leviathan_Layer
G:\Proyectos\Mods_Minecraft\the_sundering\neoforge\26.2\src\main\java\com\skd\thesundering\client\render\layer\The_Prowler_Layer.java:27: error: cannot find symbol
import net.minecraft.client.renderer.MultiBufferSource;
                                    ^
  symbol:   class MultiBufferSource
  location: package net.minecraft.client.renderer
G:\Proyectos\Mods_Minecraft\the_sundering\neoforge\26.2\src\main\java\com\skd\thesundering\client\render\layer\The_Prowler_Layer.java:33: error: cannot find symbol
import net.minecraft.util.FastColor;
                         ^
  symbol:   class FastColor
  location: package net.minecraft.util
G:\Proyectos\Mods_Minecraft\the_sundering\neoforge\26.2\src\main\java\com\skd\thesundering\client\render\layer\The_Prowler_Layer.java:62: error: cannot find symbol
    public void render(PoseStack matrixStackIn, MultiBufferSource bufferIn, int packedLightIn, The_Prowler_Entity entity, float limbSwing, float limbSwingAmount, float partialTicks, float ageInTicks, float netHeadYaw, float headPitch) {
                                                ^
  symbol:   class MultiBufferSource
  location: class The_Prowler_Layer
G:\Proyectos\Mods_Minecraft\the_sundering\neoforge\26.2\src\main\java\com\skd\thesundering\client\render\layer\Urchinkin_Layer.java:23: error: cannot find symbol
import net.minecraft.client.renderer.MultiBufferSource;
                                    ^
  symbol:   class MultiBufferSource
  location: package net.minecraft.client.renderer
G:\Proyectos\Mods_Minecraft\the_sundering\neoforge\26.2\src\main\java\com\skd\thesundering\client\render\layer\Urchinkin_Layer.java:42: error: cannot find symbol
    public void render(PoseStack matrixStackIn, MultiBufferSource bufferIn, int packedLightIn, Urchinkin_Entity entity, float limbSwing, float limbSwingAmount, float partialTicks, float ageInTicks, float netHeadYaw, float headPitch) {
                                                ^
  symbol:   class MultiBufferSource
  location: class Urchinkin_Layer
G:\Proyectos\Mods_Minecraft\the_sundering\neoforge\26.2\src\main\java\com\skd\thesundering\client\render\layer\Wadjet_Layer.java:23: error: cannot find symbol
import net.minecraft.client.renderer.MultiBufferSource;
                                    ^
  symbol:   class MultiBufferSource
  location: package net.minecraft.client.renderer
G:\Proyectos\Mods_Minecraft\the_sundering\neoforge\26.2\src\main\java\com\skd\thesundering\client\render\layer\Wadjet_Layer.java:41: error: cannot find symbol
    public void render(PoseStack matrixStackIn, MultiBufferSource bufferIn, int packedLightIn, Wadjet_Entity entity, float limbSwing, float limbSwingAmount, float partialTicks, float ageInTicks, float netHeadYaw, float headPitch) {
                                                ^
  symbol:   class MultiBufferSource
  location: class Wadjet_Layer
G:\Proyectos\Mods_Minecraft\the_sundering\neoforge\26.2\src\main\java\com\skd\thesundering\config\CMClientConfig.java:6: error: cannot find symbol
import com.skd.thesundering.Cataclysm;
                           ^
  symbol:   class Cataclysm
  location: package com.skd.thesundering
G:\Proyectos\Mods_Minecraft\the_sundering\neoforge\26.2\src\main\java\com\skd\thesundering\config\CMCommonConfig.java:6: error: cannot find symbol
import com.skd.thesundering.Cataclysm;
                           ^
  symbol:   class Cataclysm
  location: package com.skd.thesundering
G:\Proyectos\Mods_Minecraft\the_sundering\neoforge\26.2\src\main\java\com\skd\thesundering\crafting\AltarOfAmethystRecipe.java:79: error: interface expected here
    public static class Serializer implements RecipeSerializer<AltarOfAmethystRecipe> {
                                              ^
G:\Proyectos\Mods_Minecraft\the_sundering\neoforge\26.2\src\main\java\com\skd\thesundering\crafting\WeaponfusionRecipe.java:92: error: interface expected here
    public static class Serializer implements RecipeSerializer<WeaponfusionRecipe> {
                                              ^
G:\Proyectos\Mods_Minecraft\the_sundering\neoforge\26.2\src\main\java\com\skd\thesundering\effects\EffectAbyssal_Burn.java:41: error: cannot find symbol
import net.minecraft.world.entity.animal.Fox;
                                        ^
  symbol:   class Fox
  location: package net.minecraft.world.entity.animal
G:\Proyectos\Mods_Minecraft\the_sundering\neoforge\26.2\src\main\java\com\skd\thesundering\effects\EffectGhost_Sickness.java:18: error: cannot find symbol
import net.neoforged.neoforge.common.EffectCure;
                                    ^
  symbol:   class EffectCure
  location: package net.neoforged.neoforge.common
G:\Proyectos\Mods_Minecraft\the_sundering\neoforge\26.2\src\main\java\com\skd\thesundering\effects\EffectGhost_Sickness.java:38: error: cannot find symbol
    public void fillEffectCures(Set<EffectCure> cures, MobEffectInstance effectInstance) {
                                    ^
  symbol:   class EffectCure
  location: class EffectGhost_Sickness
G:\Proyectos\Mods_Minecraft\the_sundering\neoforge\26.2\src\main\java\com\skd\thesundering\entity\Deepling\AbstractDeepling.java:298: error: cannot find symbol
        private Coralssus_Entity getClosestCoralssus_Entity() {
                ^
  symbol:   class Coralssus_Entity
  location: class RidingCoralssus
G:\Proyectos\Mods_Minecraft\the_sundering\neoforge\26.2\src\main\java\com\skd\thesundering\entity\etc\path\CMPathFinder.java:47: error: cannot inherit from final Path
    extends Path {
            ^
G:\Proyectos\Mods_Minecraft\the_sundering\neoforge\26.2\src\main\java\com\skd\thesundering\entity\projectile\Void_Shard_Entity.java:42: error: cannot find symbol
import net.minecraft.world.entity.projectile.ThrowableItemProjectile;
                                            ^
  symbol:   class ThrowableItemProjectile
  location: package net.minecraft.world.entity.projectile
G:\Proyectos\Mods_Minecraft\the_sundering\neoforge\26.2\src\main\java\com\skd\thesundering\entity\projectile\Void_Shard_Entity.java:56: error: cannot find symbol
extends ThrowableItemProjectile {
        ^
  symbol: class ThrowableItemProjectile
G:\Proyectos\Mods_Minecraft\the_sundering\neoforge\26.2\src\main\java\com\skd\thesundering\init\ModEntities.java:143: error: cannot find symbol
import net.minecraft.world.entity.MobSpawnType;
                                 ^
  symbol:   class MobSpawnType
  location: package net.minecraft.world.entity
G:\Proyectos\Mods_Minecraft\the_sundering\neoforge\26.2\src\main\java\com\skd\thesundering\init\ModEntities.java:270: error: cannot find symbol
    public static boolean rollSpawn(int rolls, RandomSource random, MobSpawnType reason) {
                                                                    ^
  symbol:   class MobSpawnType
  location: class ModEntities
G:\Proyectos\Mods_Minecraft\the_sundering\neoforge\26.2\src\main\java\com\skd\thesundering\init\ModItems.java:52: error: cannot find symbol
import com.skd.thesundering.Cataclysm;
                           ^
  symbol:   class Cataclysm
  location: package com.skd.thesundering
G:\Proyectos\Mods_Minecraft\the_sundering\neoforge\26.2\src\main\java\com\skd\thesundering\init\ModItems.java:136: error: cannot find symbol
import net.minecraft.world.item.ArmorItem;
                               ^
  symbol:   class ArmorItem
  location: package net.minecraft.world.item
G:\Proyectos\Mods_Minecraft\the_sundering\neoforge\26.2\src\main\java\com\skd\thesundering\init\ModItems.java:138: error: cannot find symbol
import net.minecraft.world.item.ArmorMaterials;
                               ^
  symbol:   class ArmorMaterials
  location: package net.minecraft.world.item
G:\Proyectos\Mods_Minecraft\the_sundering\neoforge\26.2\src\main\java\com\skd\thesundering\init\ModItems.java:146: error: cannot find symbol
import net.minecraft.world.item.PickaxeItem;
                               ^
  symbol:   class PickaxeItem
  location: package net.minecraft.world.item
G:\Proyectos\Mods_Minecraft\the_sundering\neoforge\26.2\src\main\java\com\skd\thesundering\init\ModItems.java:150: error: cannot find symbol
import net.minecraft.world.item.SwordItem;
                               ^
  symbol:   class SwordItem
  location: package net.minecraft.world.item
G:\Proyectos\Mods_Minecraft\the_sundering\neoforge\26.2\src\main\java\com\skd\thesundering\init\ModItems.java:151: error: cannot find symbol
import net.minecraft.world.item.Tier;
                               ^
  symbol:   class Tier
  location: package net.minecraft.world.item
G:\Proyectos\Mods_Minecraft\the_sundering\neoforge\26.2\src\main\java\com\skd\thesundering\init\ModItems.java:152: error: cannot find symbol
import net.minecraft.world.item.component.Unbreakable;
                                         ^
  symbol:   class Unbreakable
  location: package net.minecraft.world.item.component
G:\Proyectos\Mods_Minecraft\the_sundering\neoforge\26.2\src\main\java\com\skd\thesundering\structures\jisaw\element\CataclysmJigsawSinglePoolElement.java:69: error: cannot find symbol
import net.minecraft.MethodsReturnNonnullByDefault;
                    ^
  symbol:   class MethodsReturnNonnullByDefault
  location: package net.minecraft
G:\Proyectos\Mods_Minecraft\the_sundering\neoforge\26.2\src\main\java\com\skd\thesundering\structures\jisaw\element\CataclysmJigsawSinglePoolElement.java:70: error: cannot find symbol
import net.minecraft.Util;
                    ^
  symbol:   class Util
  location: package net.minecraft
G:\Proyectos\Mods_Minecraft\the_sundering\neoforge\26.2\src\main\java\com\skd\thesundering\structures\jisaw\element\CataclysmJigsawPoolElement.java:24: error: cannot find symbol
import net.minecraft.MethodsReturnNonnullByDefault;
                    ^
  symbol:   class MethodsReturnNonnullByDefault
  location: package net.minecraft
G:\Proyectos\Mods_Minecraft\the_sundering\neoforge\26.2\src\main\java\com\skd\thesundering\structures\jisaw\element\CataclysmJigsawPoolElement.java:30: error: cannot find symbol
@MethodsReturnNonnullByDefault
 ^
  symbol: class MethodsReturnNonnullByDefault
G:\Proyectos\Mods_Minecraft\the_sundering\neoforge\26.2\src\main\java\com\skd\thesundering\structures\jisaw\element\CataclysmJigsawSinglePoolElement.java:98: error: cannot find symbol
@MethodsReturnNonnullByDefault
 ^
  symbol: class MethodsReturnNonnullByDefault
G:\Proyectos\Mods_Minecraft\the_sundering\neoforge\26.2\src\main\java\com\skd\thesundering\world\structures\terrainadaptation\EnhancedTerrainAdaptation.java:21: error: cannot find symbol
import net.minecraft.Util;
                    ^
  symbol:   class Util
  location: package net.minecraft
G:\Proyectos\Mods_Minecraft\the_sundering\neoforge\26.2\src\main\java\com\skd\thesundering\world\structures\action\TransformAction.java:30: error: cannot find symbol
import com.skd.thesundering.Cataclysm;
                           ^
  symbol:   class Cataclysm
  location: package com.skd.thesundering
G:\Proyectos\Mods_Minecraft\the_sundering\neoforge\26.2\src\main\java\com\skd\thesundering\init\ModStructureProcessor.java:21: error: type StructureProcessorType does not take parameters
    public static final DeferredRegister<StructureProcessorType<?>> STRUCTURE_PROCESSOR = DeferredRegister.create((ResourceKey)Registries.STRUCTURE_PROCESSOR, (String)"cataclysm");
                                                               ^
G:\Proyectos\Mods_Minecraft\the_sundering\neoforge\26.2\src\main\java\com\skd\thesundering\init\ModStructureProcessor.java:22: error: type StructureProcessorType does not take parameters
    public static final DeferredHolder<StructureProcessorType<?>, StructureProcessorType<WaterlogWhenReplacingWaterProcessor>> WATERLOGGING_WHEN_REPLACING_WATER_PROCESSOR = STRUCTURE_PROCESSOR.register("waterlogging_when_replacing_water_processor", () -> () -> WaterlogWhenReplacingWaterProcessor.CODEC);
                                                             ^
G:\Proyectos\Mods_Minecraft\the_sundering\neoforge\26.2\src\main\java\com\skd\thesundering\world\structures\Processor\WaterlogWhenReplacingWaterProcessor.java:41: error: no interface expected here
extends StructureProcessor {
        ^
G:\Proyectos\Mods_Minecraft\the_sundering\neoforge\26.2\src\main\java\com\skd\thesundering\init\ModStructureProcessor.java:22: error: type StructureProcessorType does not take parameters
    public static final DeferredHolder<StructureProcessorType<?>, StructureProcessorType<WaterlogWhenReplacingWaterProcessor>> WATERLOGGING_WHEN_REPLACING_WATER_PROCESSOR = STRUCTURE_PROCESSOR.register("waterlogging_when_replacing_water_processor", () -> () -> WaterlogWhenReplacingWaterProcessor.CODEC);
                                                                                        ^
G:\Proyectos\Mods_Minecraft\the_sundering\neoforge\26.2\src\main\java\com\skd\thesundering\world\structures\Processor\WaterlogWhenReplacingWaterProcessor.java:69: error: type StructureProcessorType does not take parameters
    protected StructureProcessorType<?> getType() {
                                    ^
G:\Proyectos\Mods_Minecraft\the_sundering\neoforge\26.2\src\main\java\com\skd\thesundering\structures\Sunken_City_Structure.java:62: error: cannot find symbol
import net.minecraft.world.entity.MobSpawnType;
                                 ^
  symbol:   class MobSpawnType
  location: package net.minecraft.world.entity
G:\Proyectos\Mods_Minecraft\the_sundering\neoforge\26.2\src\main\java\com\skd\thesundering\structures\Cursed_Pyramid_Structure.java:67: error: cannot find symbol
import net.minecraft.world.entity.MobSpawnType;
                                 ^
  symbol:   class MobSpawnType
  location: package net.minecraft.world.entity
G:\Proyectos\Mods_Minecraft\the_sundering\neoforge\26.2\src\main\java\com\skd\thesundering\items\Armortier.java:24: error: cannot find symbol
import net.minecraft.Util;
                    ^
  symbol:   class Util
  location: package net.minecraft
G:\Proyectos\Mods_Minecraft\the_sundering\neoforge\26.2\src\main\java\com\skd\thesundering\items\Armortier.java:29: error: cannot find symbol
import net.minecraft.world.item.ArmorItem;
                               ^
  symbol:   class ArmorItem
  location: package net.minecraft.world.item
G:\Proyectos\Mods_Minecraft\the_sundering\neoforge\26.2\src\main\java\com\skd\thesundering\items\Astrape.java:42: error: cannot find symbol
import net.minecraft.world.InteractionResultHolder;
                          ^
  symbol:   class InteractionResultHolder
  location: package net.minecraft.world
G:\Proyectos\Mods_Minecraft\the_sundering\neoforge\26.2\src\main\java\com\skd\thesundering\items\Astrape.java:109: error: cannot find symbol
    public InteractionResultHolder<ItemStack> use(Level world, Player player, InteractionHand hand) {
           ^
  symbol:   class InteractionResultHolder
  location: class Astrape
G:\Proyectos\Mods_Minecraft\the_sundering\neoforge\26.2\src\main\java\com\skd\thesundering\items\Athame.java:26: error: cannot find symbol
import net.minecraft.world.item.SwordItem;
                               ^
  symbol:   class SwordItem
  location: package net.minecraft.world.item
G:\Proyectos\Mods_Minecraft\the_sundering\neoforge\26.2\src\main\java\com\skd\thesundering\items\Athame.java:27: error: cannot find symbol
import net.minecraft.world.item.Tier;
                               ^
  symbol:   class Tier
  location: package net.minecraft.world.item
G:\Proyectos\Mods_Minecraft\the_sundering\neoforge\26.2\src\main\java\com\skd\thesundering\items\Athame.java:28: error: cannot find symbol
import net.minecraft.world.item.Tiers;
                               ^
  symbol:   class Tiers
  location: package net.minecraft.world.item
G:\Proyectos\Mods_Minecraft\the_sundering\neoforge\26.2\src\main\java\com\skd\thesundering\items\Athame.java:32: error: cannot find symbol
extends SwordItem
        ^
  symbol: class SwordItem
G:\Proyectos\Mods_Minecraft\the_sundering\neoforge\26.2\src\main\java\com\skd\thesundering\items\Bloom_Stone_Pauldrons.java:51: error: cannot find symbol
import net.minecraft.world.item.ArmorItem;
                               ^
  symbol:   class ArmorItem
  location: package net.minecraft.world.item
G:\Proyectos\Mods_Minecraft\the_sundering\neoforge\26.2\src\main\java\com\skd\thesundering\items\Cataclysm_Armor.java:31: error: cannot find symbol
import net.minecraft.world.item.ArmorItem;
                               ^
  symbol:   class ArmorItem
  location: package net.minecraft.world.item
G:\Proyectos\Mods_Minecraft\the_sundering\neoforge\26.2\src\main\java\com\skd\thesundering\items\Cataclysm_Armor.java:37: error: cannot find symbol
extends ArmorItem {
        ^
  symbol: class ArmorItem
G:\Proyectos\Mods_Minecraft\the_sundering\neoforge\26.2\src\main\java\com\skd\thesundering\items\Bloom_Stone_Pauldrons.java:62: error: package ArmorItem does not exist
    public Bloom_Stone_Pauldrons(Holder<ArmorMaterial> material, ArmorItem.Type slot, Item.Properties properties, AttributeContainer ... attributes) {
                                                                          ^
G:\Proyectos\Mods_Minecraft\the_sundering\neoforge\26.2\src\main\java\com\skd\thesundering\items\Bloom_Stone_Pauldrons.java:112: error: cannot find symbol
    public Identifier getArmorTexture(@Nonnull ItemStack stack, @Nonnull Entity entity, @Nonnull EquipmentSlot slot, @Nonnull ArmorMaterial.Layer layer, boolean isInnerModel) {
                                                                                                                                           ^
  symbol:   class Layer
  location: class ArmorMaterial
G:\Proyectos\Mods_Minecraft\the_sundering\neoforge\26.2\src\main\java\com\skd\thesundering\items\Cataclysm_Armor.java:56: error: package ArmorItem does not exist
    public Cataclysm_Armor(Holder<ArmorMaterial> pMaterial, ArmorItem.Type pType, Item.Properties pProperties, AttributeContainer ... attributes) {
                                                                     ^
G:\Proyectos\Mods_Minecraft\the_sundering\neoforge\26.2\src\main\java\com\skd\thesundering\items\Cataclysm_Armor.java:64: error: package ArmorItem does not exist
    public static ItemAttributeModifiers createArmorAttributes(Holder<ArmorMaterial> material, float configDefenseMultiplier, float configToughness, float configKnockback, ArmorItem.Type type, AttributeContainer ... attributes) {
                                                                                                                                                                                     ^
G:\Proyectos\Mods_Minecraft\the_sundering\neoforge\26.2\src\main\java\com\skd\thesundering\items\Cataclysm_Armor.java:86: error: package ArmorItem does not exist
    public static ItemAttributeModifiers createAttributes(Holder<ArmorMaterial> material, ArmorItem.Type type, AttributeContainer ... attributes) {
                                                                                                   ^
G:\Proyectos\Mods_Minecraft\the_sundering\neoforge\26.2\src\main\java\com\skd\thesundering\items\Bone_Reptile_Armor.java:25: error: cannot find symbol
import net.minecraft.world.item.ArmorItem;
                               ^
  symbol:   class ArmorItem
  location: package net.minecraft.world.item
G:\Proyectos\Mods_Minecraft\the_sundering\neoforge\26.2\src\main\java\com\skd\thesundering\items\Bone_Reptile_Armor.java:32: error: package ArmorItem does not exist
    public Bone_Reptile_Armor(Holder<ArmorMaterial> material, ArmorItem.Type slot, Item.Properties properties) {
                                                                       ^
G:\Proyectos\Mods_Minecraft\the_sundering\neoforge\26.2\src\main\java\com\skd\thesundering\items\Bone_Reptile_Armor.java:36: error: cannot find symbol
    public Identifier getArmorTexture(@Nonnull ItemStack stack, @Nonnull Entity entity, @Nonnull EquipmentSlot slot, @Nonnull ArmorMaterial.Layer layer, boolean isInnerModel) {
                                                                                                                                           ^
  symbol:   class Layer
  location: class ArmorMaterial
G:\Proyectos\Mods_Minecraft\the_sundering\neoforge\26.2\src\main\java\com\skd\thesundering\items\Brontes.java:43: error: cannot find symbol
import net.minecraft.world.InteractionResultHolder;
                          ^
  symbol:   class InteractionResultHolder
  location: package net.minecraft.world
G:\Proyectos\Mods_Minecraft\the_sundering\neoforge\26.2\src\main\java\com\skd\thesundering\items\Brontes.java:49: error: cannot find symbol
import net.minecraft.world.item.PickaxeItem;
                               ^
  symbol:   class PickaxeItem
  location: package net.minecraft.world.item
G:\Proyectos\Mods_Minecraft\the_sundering\neoforge\26.2\src\main\java\com\skd\thesundering\items\Brontes.java:50: error: cannot find symbol
import net.minecraft.world.item.Tier;
                               ^
  symbol:   class Tier
  location: package net.minecraft.world.item
G:\Proyectos\Mods_Minecraft\the_sundering\neoforge\26.2\src\main\java\com\skd\thesundering\items\Brontes.java:60: error: cannot find symbol
extends PickaxeItem {
        ^
  symbol: class PickaxeItem
G:\Proyectos\Mods_Minecraft\the_sundering\neoforge\26.2\src\main\java\com\skd\thesundering\items\Brontes.java:61: error: cannot find symbol
    public Brontes(Tier toolMaterial, Item.Properties props) {
                   ^
  symbol:   class Tier
  location: class Brontes
G:\Proyectos\Mods_Minecraft\the_sundering\neoforge\26.2\src\main\java\com\skd\thesundering\items\Brontes.java:131: error: cannot find symbol
    public InteractionResultHolder<ItemStack> use(Level world, Player player, InteractionHand hand) {
           ^
  symbol:   class InteractionResultHolder
  location: class Brontes
G:\Proyectos\Mods_Minecraft\the_sundering\neoforge\26.2\src\main\java\com\skd\thesundering\items\Bulwark_of_the_flame.java:34: error: cannot find symbol
import net.minecraft.world.InteractionResultHolder;
                          ^
  symbol:   class InteractionResultHolder
  location: package net.minecraft.world
G:\Proyectos\Mods_Minecraft\the_sundering\neoforge\26.2\src\main\java\com\skd\thesundering\items\Bulwark_of_the_flame.java:95: error: cannot find symbol
    public InteractionResultHolder<ItemStack> use(Level p_77659_1_, Player p_77659_2_, InteractionHand p_77659_3_) {
           ^
  symbol:   class InteractionResultHolder
  location: class Bulwark_of_the_flame
G:\Proyectos\Mods_Minecraft\the_sundering\neoforge\26.2\src\main\java\com\skd\thesundering\items\CataclysmSkullItem.java:22: error: cannot find symbol
import net.minecraft.world.InteractionResultHolder;
                          ^
  symbol:   class InteractionResultHolder
  location: package net.minecraft.world
G:\Proyectos\Mods_Minecraft\the_sundering\neoforge\26.2\src\main\java\com\skd\thesundering\items\CataclysmSkullItem.java:25: error: cannot find symbol
import net.minecraft.world.item.Equipable;
                               ^
  symbol:   class Equipable
  location: package net.minecraft.world.item
G:\Proyectos\Mods_Minecraft\the_sundering\neoforge\26.2\src\main\java\com\skd\thesundering\items\CataclysmSkullItem.java:34: error: cannot find symbol
implements Equipable {
           ^
  symbol: class Equipable
G:\Proyectos\Mods_Minecraft\the_sundering\neoforge\26.2\src\main\java\com\skd\thesundering\items\CataclysmSkullItem.java:39: error: cannot find symbol
    public InteractionResultHolder<ItemStack> use(Level level, Player player, InteractionHand hand) {
           ^
  symbol:   class InteractionResultHolder
  location: class CataclysmSkullItem
G:\Proyectos\Mods_Minecraft\the_sundering\neoforge\26.2\src\main\java\com\skd\thesundering\items\Ceraunus.java:48: error: cannot find symbol
import net.minecraft.world.InteractionResultHolder;
                          ^
  symbol:   class InteractionResultHolder
  location: package net.minecraft.world
G:\Proyectos\Mods_Minecraft\the_sundering\neoforge\26.2\src\main\java\com\skd\thesundering\items\Ceraunus.java:151: error: cannot find symbol
    public InteractionResultHolder<ItemStack> use(Level world, Player player, InteractionHand hand) {
           ^
  symbol:   class InteractionResultHolder
  location: class Ceraunus
G:\Proyectos\Mods_Minecraft\the_sundering\neoforge\26.2\src\main\java\com\skd\thesundering\items\Coral_Bardiche.java:59: error: cannot find symbol
import net.minecraft.world.InteractionResultHolder;
                          ^
  symbol:   class InteractionResultHolder
  location: package net.minecraft.world
G:\Proyectos\Mods_Minecraft\the_sundering\neoforge\26.2\src\main\java\com\skd\thesundering\items\Coral_Bardiche.java:154: error: cannot find symbol
    public InteractionResultHolder<ItemStack> use(Level p_43405_, Player p_43406_, InteractionHand p_43407_) {
           ^
  symbol:   class InteractionResultHolder
  location: class Coral_Bardiche
G:\Proyectos\Mods_Minecraft\the_sundering\neoforge\26.2\src\main\java\com\skd\thesundering\items\Coral_Spear.java:58: error: cannot find symbol
import net.minecraft.world.InteractionResultHolder;
                          ^
  symbol:   class InteractionResultHolder
  location: package net.minecraft.world
G:\Proyectos\Mods_Minecraft\the_sundering\neoforge\26.2\src\main\java\com\skd\thesundering\items\Coral_Spear.java:152: error: cannot find symbol
    public InteractionResultHolder<ItemStack> use(Level p_43405_, Player p_43406_, InteractionHand p_43407_) {
           ^
  symbol:   class InteractionResultHolder
  location: class Coral_Spear
G:\Proyectos\Mods_Minecraft\the_sundering\neoforge\26.2\src\main\java\com\skd\thesundering\items\Cursed_bow.java:53: error: cannot find symbol
import net.minecraft.world.InteractionResultHolder;
                          ^
  symbol:   class InteractionResultHolder
  location: package net.minecraft.world
G:\Proyectos\Mods_Minecraft\the_sundering\neoforge\26.2\src\main\java\com\skd\thesundering\items\Cursed_bow.java:78: error: cannot find symbol
    public InteractionResultHolder<ItemStack> use(Level p_40672_, Player p_40673_, InteractionHand p_40674_) {
           ^
  symbol:   class InteractionResultHolder
  location: class Cursed_bow
G:\Proyectos\Mods_Minecraft\the_sundering\neoforge\26.2\src\main\java\com\skd\thesundering\items\Cursium_Armor.java:50: error: cannot find symbol
import net.minecraft.world.item.ArmorItem;
                               ^
  symbol:   class ArmorItem
  location: package net.minecraft.world.item
G:\Proyectos\Mods_Minecraft\the_sundering\neoforge\26.2\src\main\java\com\skd\thesundering\items\Cursium_Armor.java:62: error: package ArmorItem does not exist
    public Cursium_Armor(Holder<ArmorMaterial> material, ArmorItem.Type slot, Item.Properties properties) {
                                                                  ^
G:\Proyectos\Mods_Minecraft\the_sundering\neoforge\26.2\src\main\java\com\skd\thesundering\items\Cursium_Armor.java:140: error: cannot find symbol
    public Identifier getArmorTexture(@Nonnull ItemStack stack, @Nonnull Entity entity, @Nonnull EquipmentSlot slot, @Nonnull ArmorMaterial.Layer layer, boolean isInnerModel) {
                                                                                                                                           ^
  symbol:   class Layer
  location: class ArmorMaterial
G:\Proyectos\Mods_Minecraft\the_sundering\neoforge\26.2\src\main\java\com\skd\thesundering\items\Cursium_ChestPlate.java:15: error: cannot find symbol
import net.minecraft.world.item.ArmorItem;
                               ^
  symbol:   class ArmorItem
  location: package net.minecraft.world.item
G:\Proyectos\Mods_Minecraft\the_sundering\neoforge\26.2\src\main\java\com\skd\thesundering\items\Cursium_ChestPlate.java:22: error: package ArmorItem does not exist
    public Cursium_ChestPlate(Holder<ArmorMaterial> pMaterial, ArmorItem.Type pType, Item.Properties pProperties) {
                                                                        ^
G:\Proyectos\Mods_Minecraft\the_sundering\neoforge\26.2\src\main\java\com\skd\thesundering\items\DungeonEyeItem.java:29: error: cannot find symbol
import net.minecraft.advancements.CriteriaTriggers;
                                 ^
  symbol:   class CriteriaTriggers
  location: package net.minecraft.advancements
G:\Proyectos\Mods_Minecraft\the_sundering\neoforge\26.2\src\main\java\com\skd\thesundering\items\DungeonEyeItem.java:39: error: cannot find symbol
import net.minecraft.world.InteractionResultHolder;
                          ^
  symbol:   class InteractionResultHolder
  location: package net.minecraft.world
G:\Proyectos\Mods_Minecraft\the_sundering\neoforge\26.2\src\main\java\com\skd\thesundering\items\DungeonEyeItem.java:63: error: cannot find symbol
    public InteractionResultHolder<ItemStack> use(Level p_41184_, Player p_41185_, InteractionHand p_41186_) {
           ^
  symbol:   class InteractionResultHolder
  location: class DungeonEyeItem
G:\Proyectos\Mods_Minecraft\the_sundering\neoforge\26.2\src\main\java\com\skd\thesundering\items\Gauntlet_of_Bulwark.java:47: error: cannot find symbol
import net.minecraft.world.InteractionResultHolder;
                          ^
  symbol:   class InteractionResultHolder
  location: package net.minecraft.world
G:\Proyectos\Mods_Minecraft\the_sundering\neoforge\26.2\src\main\java\com\skd\thesundering\items\Gauntlet_of_Bulwark.java:76: error: cannot find symbol
    public InteractionResultHolder<ItemStack> use(Level p_77659_1_, Player p_77659_2_, InteractionHand p_77659_3_) {
           ^
  symbol:   class InteractionResultHolder
  location: class Gauntlet_of_Bulwark
G:\Proyectos\Mods_Minecraft\the_sundering\neoforge\26.2\src\main\java\com\skd\thesundering\items\Gauntlet_of_Guard.java:34: error: cannot find symbol
import net.minecraft.world.InteractionResultHolder;
                          ^
  symbol:   class InteractionResultHolder
  location: package net.minecraft.world
G:\Proyectos\Mods_Minecraft\the_sundering\neoforge\26.2\src\main\java\com\skd\thesundering\items\Gauntlet_of_Guard.java:60: error: cannot find symbol
    public InteractionResultHolder<ItemStack> use(Level p_77659_1_, Player p_77659_2_, InteractionHand p_77659_3_) {
           ^
  symbol:   class InteractionResultHolder
  location: class Gauntlet_of_Guard
G:\Proyectos\Mods_Minecraft\the_sundering\neoforge\26.2\src\main\java\com\skd\thesundering\items\Gauntlet_of_Maelstrom.java:45: error: cannot find symbol
import net.minecraft.world.InteractionResultHolder;
                          ^
  symbol:   class InteractionResultHolder
  location: package net.minecraft.world
G:\Proyectos\Mods_Minecraft\the_sundering\neoforge\26.2\src\main\java\com\skd\thesundering\items\Gauntlet_of_Maelstrom.java:75: error: cannot find symbol
    public InteractionResultHolder<ItemStack> use(Level p_77659_1_, Player p_77659_2_, InteractionHand p_77659_3_) {
           ^
  symbol:   class InteractionResultHolder
  location: class Gauntlet_of_Maelstrom
G:\Proyectos\Mods_Minecraft\the_sundering\neoforge\26.2\src\main\java\com\skd\thesundering\items\Ignitium_Armor.java:50: error: cannot find symbol
import net.minecraft.world.item.ArmorItem;
                               ^
  symbol:   class ArmorItem
  location: package net.minecraft.world.item
G:\Proyectos\Mods_Minecraft\the_sundering\neoforge\26.2\src\main\java\com\skd\thesundering\items\Ignitium_Armor.java:61: error: package ArmorItem does not exist
    public Ignitium_Armor(Holder<ArmorMaterial> material, ArmorItem.Type slot, Item.Properties properties) {
                                                                   ^
G:\Proyectos\Mods_Minecraft\the_sundering\neoforge\26.2\src\main\java\com\skd\thesundering\items\Ignitium_Armor.java:131: error: cannot find symbol
    public Identifier getArmorTexture(@Nonnull ItemStack stack, @Nonnull Entity entity, @Nonnull EquipmentSlot slot, @Nonnull ArmorMaterial.Layer layer, boolean isInnerModel) {
                                                                                                                                           ^
  symbol:   class Layer
  location: class ArmorMaterial
G:\Proyectos\Mods_Minecraft\the_sundering\neoforge\26.2\src\main\java\com\skd\thesundering\items\Ignitium_Elytra_ChestPlate.java:31: error: cannot find symbol
import net.minecraft.world.InteractionResultHolder;
                          ^
  symbol:   class InteractionResultHolder
  location: package net.minecraft.world
G:\Proyectos\Mods_Minecraft\the_sundering\neoforge\26.2\src\main\java\com\skd\thesundering\items\Ignitium_Elytra_ChestPlate.java:36: error: cannot find symbol
import net.minecraft.world.item.ArmorItem;
                               ^
  symbol:   class ArmorItem
  location: package net.minecraft.world.item
G:\Proyectos\Mods_Minecraft\the_sundering\neoforge\26.2\src\main\java\com\skd\thesundering\items\Ignitium_Elytra_ChestPlate.java:44: error: cannot find symbol
extends ArmorItem {
        ^
  symbol: class ArmorItem
G:\Proyectos\Mods_Minecraft\the_sundering\neoforge\26.2\src\main\java\com\skd\thesundering\items\Ignitium_Elytra_ChestPlate.java:53: error: cannot find symbol
    public InteractionResultHolder<ItemStack> use(Level level, Player player, InteractionHand hand) {
           ^
  symbol:   class InteractionResultHolder
  location: class Ignitium_Elytra_ChestPlate
G:\Proyectos\Mods_Minecraft\the_sundering\neoforge\26.2\src\main\java\com\skd\thesundering\items\Ignitium_Elytra_ChestPlate.java:69: error: cannot find symbol
    public Identifier getArmorTexture(@Nonnull ItemStack stack, @Nonnull Entity entity, @Nonnull EquipmentSlot slot, @Nonnull ArmorMaterial.Layer layer, boolean isInnerModel) {
                                                                                                                                           ^
  symbol:   class Layer
  location: class ArmorMaterial
G:\Proyectos\Mods_Minecraft\the_sundering\neoforge\26.2\src\main\java\com\skd\thesundering\items\Infernal_forge.java:62: error: cannot find symbol
import net.minecraft.world.item.PickaxeItem;
                               ^
  symbol:   class PickaxeItem
  location: package net.minecraft.world.item
G:\Proyectos\Mods_Minecraft\the_sundering\neoforge\26.2\src\main\java\com\skd\thesundering\items\Infernal_forge.java:63: error: cannot find symbol
import net.minecraft.world.item.Tier;
                               ^
  symbol:   class Tier
  location: package net.minecraft.world.item
G:\Proyectos\Mods_Minecraft\the_sundering\neoforge\26.2\src\main\java\com\skd\thesundering\items\Infernal_forge.java:73: error: cannot find symbol
extends PickaxeItem {
        ^
  symbol: class PickaxeItem
G:\Proyectos\Mods_Minecraft\the_sundering\neoforge\26.2\src\main\java\com\skd\thesundering\items\Infernal_forge.java:74: error: cannot find symbol
    public Infernal_forge(Tier toolMaterial, Item.Properties props) {
                          ^
  symbol:   class Tier
  location: class Infernal_forge
G:\Proyectos\Mods_Minecraft\the_sundering\neoforge\26.2\src\main\java\com\skd\thesundering\items\Khopesh.java:13: error: cannot find symbol
import net.minecraft.world.item.SwordItem;
                               ^
  symbol:   class SwordItem
  location: package net.minecraft.world.item
G:\Proyectos\Mods_Minecraft\the_sundering\neoforge\26.2\src\main\java\com\skd\thesundering\items\Khopesh.java:14: error: cannot find symbol
import net.minecraft.world.item.Tier;
                               ^
  symbol:   class Tier
  location: package net.minecraft.world.item
G:\Proyectos\Mods_Minecraft\the_sundering\neoforge\26.2\src\main\java\com\skd\thesundering\items\Khopesh.java:15: error: cannot find symbol
import net.minecraft.world.item.Tiers;
                               ^
  symbol:   class Tiers
  location: package net.minecraft.world.item
G:\Proyectos\Mods_Minecraft\the_sundering\neoforge\26.2\src\main\java\com\skd\thesundering\items\Khopesh.java:18: error: cannot find symbol
extends SwordItem {
        ^
  symbol: class SwordItem
G:\Proyectos\Mods_Minecraft\the_sundering\neoforge\26.2\src\main\java\com\skd\thesundering\items\Laser_Gatling.java:43: error: cannot find symbol
import net.minecraft.world.InteractionResultHolder;
                          ^
  symbol:   class InteractionResultHolder
  location: package net.minecraft.world
G:\Proyectos\Mods_Minecraft\the_sundering\neoforge\26.2\src\main\java\com\skd\thesundering\items\Laser_Gatling.java:82: error: cannot find symbol
    public InteractionResultHolder<ItemStack> use(Level worldIn, Player playerIn, InteractionHand handIn) {
           ^
  symbol:   class InteractionResultHolder
  location: class Laser_Gatling
G:\Proyectos\Mods_Minecraft\the_sundering\neoforge\26.2\src\main\java\com\skd\thesundering\items\Meat_Shredder.java:33: error: cannot find symbol
import com.skd.thesundering.Cataclysm;
                           ^
  symbol:   class Cataclysm
  location: package com.skd.thesundering
G:\Proyectos\Mods_Minecraft\the_sundering\neoforge\26.2\src\main\java\com\skd\thesundering\items\Meat_Shredder.java:49: error: cannot find symbol
import net.minecraft.world.InteractionResultHolder;
                          ^
  symbol:   class InteractionResultHolder
  location: package net.minecraft.world
G:\Proyectos\Mods_Minecraft\the_sundering\neoforge\26.2\src\main\java\com\skd\thesundering\items\Meat_Shredder.java:71: error: cannot find symbol
    public InteractionResultHolder<ItemStack> use(Level p_77659_1_, Player p_77659_2_, InteractionHand p_77659_3_) {
           ^
  symbol:   class InteractionResultHolder
  location: class Meat_Shredder
G:\Proyectos\Mods_Minecraft\the_sundering\neoforge\26.2\src\main\java\com\skd\thesundering\items\ModernRemantBucket.java:30: error: cannot find symbol
import net.minecraft.advancements.CriteriaTriggers;
                                 ^
  symbol:   class CriteriaTriggers
  location: package net.minecraft.advancements
G:\Proyectos\Mods_Minecraft\the_sundering\neoforge\26.2\src\main\java\com\skd\thesundering\items\ModernRemantBucket.java:36: error: cannot find symbol
import net.minecraft.world.InteractionResultHolder;
                          ^
  symbol:   class InteractionResultHolder
  location: package net.minecraft.world
G:\Proyectos\Mods_Minecraft\the_sundering\neoforge\26.2\src\main\java\com\skd\thesundering\items\ModernRemantBucket.java:57: error: cannot find symbol
    public InteractionResultHolder<ItemStack> use(Level level, Player player, InteractionHand interactionHand) {
           ^
  symbol:   class InteractionResultHolder
  location: class ModernRemantBucket
G:\Proyectos\Mods_Minecraft\the_sundering\neoforge\26.2\src\main\java\com\skd\thesundering\items\ModFishBucket.java:34: error: cannot find symbol
import net.minecraft.world.entity.MobSpawnType;
                                 ^
  symbol:   class MobSpawnType
  location: package net.minecraft.world.entity
G:\Proyectos\Mods_Minecraft\the_sundering\neoforge\26.2\src\main\java\com\skd\thesundering\items\ModFishBucket.java:35: error: cannot find symbol
import net.minecraft.world.entity.animal.Bucketable;
                                        ^
  symbol:   class Bucketable
  location: package net.minecraft.world.entity.animal
G:\Proyectos\Mods_Minecraft\the_sundering\neoforge\26.2\src\main\java\com\skd\thesundering\items\ModJukeboxSongs.java:18: error: cannot find symbol
import net.minecraft.Util;
                    ^
  symbol:   class Util
  location: package net.minecraft
G:\Proyectos\Mods_Minecraft\the_sundering\neoforge\26.2\src\main\java\com\skd\thesundering\items\ModTemplate.java:20: error: cannot find symbol
import net.minecraft.Util;
                    ^
  symbol:   class Util
  location: package net.minecraft
G:\Proyectos\Mods_Minecraft\the_sundering\neoforge\26.2\src\main\java\com\skd\thesundering\items\Monstrous_Helm.java:44: error: cannot find symbol
import net.minecraft.world.item.ArmorItem;
                               ^
  symbol:   class ArmorItem
  location: package net.minecraft.world.item
G:\Proyectos\Mods_Minecraft\the_sundering\neoforge\26.2\src\main\java\com\skd\thesundering\items\Monstrous_Helm.java:53: error: cannot find symbol
extends ArmorItem {
        ^
  symbol: class ArmorItem
G:\Proyectos\Mods_Minecraft\the_sundering\neoforge\26.2\src\main\java\com\skd\thesundering\items\Monstrous_Helm.java:54: error: package ArmorItem does not exist
    public Monstrous_Helm(Holder<ArmorMaterial> material, ArmorItem.Type slot, Item.Properties properties) {
                                                                   ^
G:\Proyectos\Mods_Minecraft\the_sundering\neoforge\26.2\src\main\java\com\skd\thesundering\items\Monstrous_Helm.java:84: error: cannot find symbol
    public Identifier getArmorTexture(@Nonnull ItemStack stack, @Nonnull Entity entity, @Nonnull EquipmentSlot slot, @Nonnull ArmorMaterial.Layer layer, boolean isInnerModel) {
                                                                                                                                           ^
  symbol:   class Layer
  location: class ArmorMaterial
G:\Proyectos\Mods_Minecraft\the_sundering\neoforge\26.2\src\main\java\com\skd\thesundering\items\Netherite_Effigy.java:39: error: cannot find symbol
import net.minecraft.world.InteractionResultHolder;
                          ^
  symbol:   class InteractionResultHolder
  location: package net.minecraft.world
G:\Proyectos\Mods_Minecraft\the_sundering\neoforge\26.2\src\main\java\com\skd\thesundering\items\Netherite_Effigy.java:63: error: cannot find symbol
    public InteractionResultHolder<ItemStack> use(Level p_40622_, Player p_40623_, InteractionHand p_40624_) {
           ^
  symbol:   class InteractionResultHolder
  location: class Netherite_Effigy
G:\Proyectos\Mods_Minecraft\the_sundering\neoforge\26.2\src\main\java\com\skd\thesundering\items\Remnant_Skull.java:39: error: cannot find symbol
import net.minecraft.world.InteractionResultHolder;
                          ^
  symbol:   class InteractionResultHolder
  location: package net.minecraft.world
G:\Proyectos\Mods_Minecraft\the_sundering\neoforge\26.2\src\main\java\com\skd\thesundering\items\Remnant_Skull.java:63: error: cannot find symbol
    public InteractionResultHolder<ItemStack> use(Level p_40622_, Player p_40623_, InteractionHand p_40624_) {
           ^
  symbol:   class InteractionResultHolder
  location: class Remnant_Skull
G:\Proyectos\Mods_Minecraft\the_sundering\neoforge\26.2\src\main\java\com\skd\thesundering\items\Sandstorm_In_A_Bottle.java:29: error: cannot find symbol
import net.minecraft.world.InteractionResultHolder;
                          ^
  symbol:   class InteractionResultHolder
  location: package net.minecraft.world
G:\Proyectos\Mods_Minecraft\the_sundering\neoforge\26.2\src\main\java\com\skd\thesundering\items\Sandstorm_In_A_Bottle.java:45: error: cannot find symbol
    public InteractionResultHolder<ItemStack> use(Level level, Player player, @Nonnull InteractionHand hand) {
           ^
  symbol:   class InteractionResultHolder
  location: class Sandstorm_In_A_Bottle
G:\Proyectos\Mods_Minecraft\the_sundering\neoforge\26.2\src\main\java\com\skd\thesundering\items\Soul_Render.java:49: error: cannot find symbol
import net.minecraft.world.InteractionResultHolder;
                          ^
  symbol:   class InteractionResultHolder
  location: package net.minecraft.world
G:\Proyectos\Mods_Minecraft\the_sundering\neoforge\26.2\src\main\java\com\skd\thesundering\items\Soul_Render.java:145: error: cannot find symbol
    public InteractionResultHolder<ItemStack> use(Level p_77659_1_, Player p_77659_2_, InteractionHand p_77659_3_) {
           ^
  symbol:   class InteractionResultHolder
  location: class Soul_Render
G:\Proyectos\Mods_Minecraft\the_sundering\neoforge\26.2\src\main\java\com\skd\thesundering\items\The_Annihilator.java:44: error: cannot find symbol
import net.minecraft.world.InteractionResultHolder;
                          ^
  symbol:   class InteractionResultHolder
  location: package net.minecraft.world
G:\Proyectos\Mods_Minecraft\the_sundering\neoforge\26.2\src\main\java\com\skd\thesundering\items\The_Annihilator.java:126: error: cannot find symbol
    public InteractionResultHolder<ItemStack> use(Level level, Player player, InteractionHand hand) {
           ^
  symbol:   class InteractionResultHolder
  location: class The_Annihilator
G:\Proyectos\Mods_Minecraft\the_sundering\neoforge\26.2\src\main\java\com\skd\thesundering\items\The_Immolator.java:51: error: cannot find symbol
import net.minecraft.world.InteractionResultHolder;
                          ^
  symbol:   class InteractionResultHolder
  location: package net.minecraft.world
G:\Proyectos\Mods_Minecraft\the_sundering\neoforge\26.2\src\main\java\com\skd\thesundering\items\The_Immolator.java:167: error: cannot find symbol
    public InteractionResultHolder<ItemStack> use(Level level, Player player, InteractionHand hand) {
           ^
  symbol:   class InteractionResultHolder
  location: class The_Immolator
G:\Proyectos\Mods_Minecraft\the_sundering\neoforge\26.2\src\main\java\com\skd\thesundering\items\The_Incinerator.java:48: error: cannot find symbol
import net.minecraft.world.InteractionResultHolder;
                          ^
  symbol:   class InteractionResultHolder
  location: package net.minecraft.world
G:\Proyectos\Mods_Minecraft\the_sundering\neoforge\26.2\src\main\java\com\skd\thesundering\items\The_Incinerator.java:111: error: cannot find symbol
    public InteractionResultHolder<ItemStack> use(Level p_77659_1_, Player p_77659_2_, InteractionHand p_77659_3_) {
           ^
  symbol:   class InteractionResultHolder
  location: class The_Incinerator
G:\Proyectos\Mods_Minecraft\the_sundering\neoforge\26.2\src\main\java\com\skd\thesundering\items\Tidal_Claws.java:46: error: cannot find symbol
import net.minecraft.world.InteractionResultHolder;
                          ^
  symbol:   class InteractionResultHolder
  location: package net.minecraft.world
G:\Proyectos\Mods_Minecraft\the_sundering\neoforge\26.2\src\main\java\com\skd\thesundering\items\Tidal_Claws.java:131: error: cannot find symbol
    public InteractionResultHolder<ItemStack> use(Level level, Player user, InteractionHand hand) {
           ^
  symbol:   class InteractionResultHolder
  location: class Tidal_Claws
G:\Proyectos\Mods_Minecraft\the_sundering\neoforge\26.2\src\main\java\com\skd\thesundering\items\Tooltier.java:18: error: cannot find symbol
import net.minecraft.world.item.Tier;
                               ^
  symbol:   class Tier
  location: package net.minecraft.world.item
G:\Proyectos\Mods_Minecraft\the_sundering\neoforge\26.2\src\main\java\com\skd\thesundering\items\Tooltier.java:21: error: cannot find symbol
import net.neoforged.neoforge.common.SimpleTier;
                                    ^
  symbol:   class SimpleTier
  location: package net.neoforged.neoforge.common
G:\Proyectos\Mods_Minecraft\the_sundering\neoforge\26.2\src\main\java\com\skd\thesundering\items\Tooltier.java:24: error: cannot find symbol
    public static final Tier ANCIENT_METAL = new SimpleTier(BlockTags.create((Identifier)Tooltier.prefix("needs_ancient_metal_tool")), 750, 8.0f, 2.0f, 25, () -> Ingredient.of((ItemLike[])new ItemLike[]{(ItemLike)ModItems.ANCIENT_METAL_INGOT.get()}));
                        ^
  symbol:   class Tier
  location: class Tooltier
G:\Proyectos\Mods_Minecraft\the_sundering\neoforge\26.2\src\main\java\com\skd\thesundering\items\Tooltier.java:25: error: cannot find symbol
    public static final Tier BLACK_STEEL = new SimpleTier(BlockTags.create((Identifier)Tooltier.prefix("needs_black_steel_tool")), 750, 8.0f, 2.0f, 25, () -> Ingredient.of((ItemLike[])new ItemLike[]{(ItemLike)ModItems.BLACK_STEEL_INGOT.get()}));
                        ^
  symbol:   class Tier
  location: class Tooltier
G:\Proyectos\Mods_Minecraft\the_sundering\neoforge\26.2\src\main\java\com\skd\thesundering\items\Tooltier.java:26: error: cannot find symbol
    public static final Tier MONSTROSITY = new SimpleTier(BlockTags.create((Identifier)Tooltier.prefix("needs_monstrosity_tool")), 2800, 9.0f, 4.0f, 25, () -> Ingredient.of((ItemLike[])new ItemLike[]{(ItemLike)ModItems.MONSTROUS_HORN.get()}));
                        ^
  symbol:   class Tier
  location: class Tooltier
G:\Proyectos\Mods_Minecraft\the_sundering\neoforge\26.2\src\main\java\com\skd\thesundering\items\Void_Assault_SHoulder_Weapon.java:35: error: cannot find symbol
import net.minecraft.world.InteractionResultHolder;
                          ^
  symbol:   class InteractionResultHolder
  location: package net.minecraft.world
G:\Proyectos\Mods_Minecraft\the_sundering\neoforge\26.2\src\main\java\com\skd\thesundering\items\Void_Assault_SHoulder_Weapon.java:85: error: cannot find symbol
    public InteractionResultHolder<ItemStack> use(Level world, Player player, InteractionHand hand) {
           ^
  symbol:   class InteractionResultHolder
  location: class Void_Assault_SHoulder_Weapon
G:\Proyectos\Mods_Minecraft\the_sundering\neoforge\26.2\src\main\java\com\skd\thesundering\items\Void_core.java:37: error: cannot find symbol
import net.minecraft.world.InteractionResultHolder;
                          ^
  symbol:   class InteractionResultHolder
  location: package net.minecraft.world
G:\Proyectos\Mods_Minecraft\the_sundering\neoforge\26.2\src\main\java\com\skd\thesundering\items\Void_core.java:55: error: cannot find symbol
    public InteractionResultHolder<ItemStack> use(Level world, Player player, InteractionHand hand) {
           ^
  symbol:   class InteractionResultHolder
  location: class Void_core
G:\Proyectos\Mods_Minecraft\the_sundering\neoforge\26.2\src\main\java\com\skd\thesundering\items\Void_forge.java:51: error: cannot find symbol
import net.minecraft.world.item.PickaxeItem;
                               ^
  symbol:   class PickaxeItem
  location: package net.minecraft.world.item
G:\Proyectos\Mods_Minecraft\the_sundering\neoforge\26.2\src\main\java\com\skd\thesundering\items\Void_forge.java:52: error: cannot find symbol
import net.minecraft.world.item.Tier;
                               ^
  symbol:   class Tier
  location: package net.minecraft.world.item
G:\Proyectos\Mods_Minecraft\the_sundering\neoforge\26.2\src\main\java\com\skd\thesundering\items\Void_forge.java:62: error: cannot find symbol
extends PickaxeItem {
        ^
  symbol: class PickaxeItem
G:\Proyectos\Mods_Minecraft\the_sundering\neoforge\26.2\src\main\java\com\skd\thesundering\items\Void_forge.java:63: error: cannot find symbol
    public Void_forge(Tier toolMaterial, Item.Properties props) {
                      ^
  symbol:   class Tier
  location: class Void_forge
G:\Proyectos\Mods_Minecraft\the_sundering\neoforge\26.2\src\main\java\com\skd\thesundering\items\Wither_Assault_SHoulder_Weapon.java:39: error: cannot find symbol
import net.minecraft.world.InteractionResultHolder;
                          ^
  symbol:   class InteractionResultHolder
  location: package net.minecraft.world
G:\Proyectos\Mods_Minecraft\the_sundering\neoforge\26.2\src\main\java\com\skd\thesundering\items\Wither_Assault_SHoulder_Weapon.java:115: error: cannot find symbol
    public InteractionResultHolder<ItemStack> use(Level world, Player player, InteractionHand hand) {
           ^
  symbol:   class InteractionResultHolder
  location: class Wither_Assault_SHoulder_Weapon
G:\Proyectos\Mods_Minecraft\the_sundering\neoforge\26.2\src\main\java\com\skd\thesundering\items\Wrath_of_the_desert.java:42: error: cannot find symbol
import net.minecraft.world.InteractionResultHolder;
                          ^
  symbol:   class InteractionResultHolder
  location: package net.minecraft.world
G:\Proyectos\Mods_Minecraft\the_sundering\neoforge\26.2\src\main\java\com\skd\thesundering\items\Wrath_of_the_desert.java:60: error: cannot find symbol
    public InteractionResultHolder<ItemStack> use(Level world, Player player, InteractionHand hand) {
           ^
  symbol:   class InteractionResultHolder
  location: class Wrath_of_the_desert
G:\Proyectos\Mods_Minecraft\the_sundering\neoforge\26.2\src\main\java\com\skd\thesundering\jei\AltarOfAmethystDrawable.java:11: error: package mezz.jei.api.gui.drawable does not exist
import mezz.jei.api.gui.drawable.IDrawable;
                                ^
G:\Proyectos\Mods_Minecraft\the_sundering\neoforge\26.2\src\main\java\com\skd\thesundering\jei\AltarOfAmethystDrawable.java:12: error: cannot find symbol
import net.minecraft.client.gui.GuiGraphics;
                               ^
  symbol:   class GuiGraphics
  location: package net.minecraft.client.gui
G:\Proyectos\Mods_Minecraft\the_sundering\neoforge\26.2\src\main\java\com\skd\thesundering\jei\AltarOfAmethystDrawable.java:16: error: cannot find symbol
implements IDrawable {
           ^
  symbol: class IDrawable
G:\Proyectos\Mods_Minecraft\the_sundering\neoforge\26.2\src\main\java\com\skd\thesundering\jei\AltarOfAmethystDrawable.java:27: error: cannot find symbol
    public void draw(GuiGraphics guiGraphics, int xOffset, int yOffset) {
                     ^
  symbol:   class GuiGraphics
  location: class AltarOfAmethystDrawable
G:\Proyectos\Mods_Minecraft\the_sundering\neoforge\26.2\src\main\java\com\skd\thesundering\jei\AltarOfAmethystRecipeCategory.java:26: error: package mezz.jei.api.gui.builder does not exist
import mezz.jei.api.gui.builder.IRecipeLayoutBuilder;
                               ^
G:\Proyectos\Mods_Minecraft\the_sundering\neoforge\26.2\src\main\java\com\skd\thesundering\jei\AltarOfAmethystRecipeCategory.java:27: error: package mezz.jei.api.gui.drawable does not exist
import mezz.jei.api.gui.drawable.IDrawable;
                                ^
G:\Proyectos\Mods_Minecraft\the_sundering\neoforge\26.2\src\main\java\com\skd\thesundering\jei\AltarOfAmethystRecipeCategory.java:28: error: package mezz.jei.api.helpers does not exist
import mezz.jei.api.helpers.IGuiHelper;
                           ^
G:\Proyectos\Mods_Minecraft\the_sundering\neoforge\26.2\src\main\java\com\skd\thesundering\jei\AltarOfAmethystRecipeCategory.java:29: error: package mezz.jei.api.recipe does not exist
import mezz.jei.api.recipe.IFocusGroup;
                          ^
G:\Proyectos\Mods_Minecraft\the_sundering\neoforge\26.2\src\main\java\com\skd\thesundering\jei\AltarOfAmethystRecipeCategory.java:30: error: package mezz.jei.api.recipe does not exist
import mezz.jei.api.recipe.RecipeIngredientRole;
                          ^
G:\Proyectos\Mods_Minecraft\the_sundering\neoforge\26.2\src\main\java\com\skd\thesundering\jei\AltarOfAmethystRecipeCategory.java:31: error: package mezz.jei.api.recipe does not exist
import mezz.jei.api.recipe.RecipeType;
                          ^
G:\Proyectos\Mods_Minecraft\the_sundering\neoforge\26.2\src\main\java\com\skd\thesundering\jei\AltarOfAmethystRecipeCategory.java:32: error: package mezz.jei.api.recipe.category does not exist
import mezz.jei.api.recipe.category.IRecipeCategory;
                                   ^
G:\Proyectos\Mods_Minecraft\the_sundering\neoforge\26.2\src\main\java\com\skd\thesundering\jei\AltarOfAmethystRecipeCategory.java:33: error: package mezz.jei.library.util does not exist
import mezz.jei.library.util.RecipeUtil;
                            ^
G:\Proyectos\Mods_Minecraft\the_sundering\neoforge\26.2\src\main\java\com\skd\thesundering\jei\AltarOfAmethystRecipeCategory.java:42: error: cannot find symbol
implements IRecipeCategory<AltarOfAmethystRecipe> {
           ^
  symbol: class IRecipeCategory
G:\Proyectos\Mods_Minecraft\the_sundering\neoforge\26.2\src\main\java\com\skd\thesundering\jei\AltarOfAmethystRecipeCategory.java:43: error: cannot find symbol
    private final IDrawable background = new AltarOfAmethystDrawable();
                  ^
  symbol:   class IDrawable
  location: class AltarOfAmethystRecipeCategory
G:\Proyectos\Mods_Minecraft\the_sundering\neoforge\26.2\src\main\java\com\skd\thesundering\jei\AltarOfAmethystRecipeCategory.java:44: error: cannot find symbol
    private final IDrawable icon;
                  ^
  symbol:   class IDrawable
  location: class AltarOfAmethystRecipeCategory
G:\Proyectos\Mods_Minecraft\the_sundering\neoforge\26.2\src\main\java\com\skd\thesundering\jei\AltarOfAmethystRecipeCategory.java:46: error: cannot find symbol
    public AltarOfAmethystRecipeCategory(IGuiHelper guiHelper) {
                                         ^
  symbol:   class IGuiHelper
  location: class AltarOfAmethystRecipeCategory
G:\Proyectos\Mods_Minecraft\the_sundering\neoforge\26.2\src\main\java\com\skd\thesundering\jei\AltarOfAmethystRecipeCategory.java:50: error: cannot find symbol
    public RecipeType<AltarOfAmethystRecipe> getRecipeType() {
           ^
  symbol:   class RecipeType
  location: class AltarOfAmethystRecipeCategory
G:\Proyectos\Mods_Minecraft\the_sundering\neoforge\26.2\src\main\java\com\skd\thesundering\jei\AltarOfAmethystRecipeCategory.java:58: error: cannot find symbol
    public IDrawable getBackground() {
           ^
  symbol:   class IDrawable
  location: class AltarOfAmethystRecipeCategory
G:\Proyectos\Mods_Minecraft\the_sundering\neoforge\26.2\src\main\java\com\skd\thesundering\jei\AltarOfAmethystRecipeCategory.java:62: error: cannot find symbol
    public IDrawable getIcon() {
           ^
  symbol:   class IDrawable
  location: class AltarOfAmethystRecipeCategory
G:\Proyectos\Mods_Minecraft\the_sundering\neoforge\26.2\src\main\java\com\skd\thesundering\jei\AltarOfAmethystRecipeCategory.java:66: error: cannot find symbol
    public void setRecipe(IRecipeLayoutBuilder builder, AltarOfAmethystRecipe recipe, IFocusGroup focuses) {
                          ^
  symbol:   class IRecipeLayoutBuilder
  location: class AltarOfAmethystRecipeCategory
G:\Proyectos\Mods_Minecraft\the_sundering\neoforge\26.2\src\main\java\com\skd\thesundering\jei\AltarOfAmethystRecipeCategory.java:66: error: cannot find symbol
    public void setRecipe(IRecipeLayoutBuilder builder, AltarOfAmethystRecipe recipe, IFocusGroup focuses) {
                                                                                      ^
  symbol:   class IFocusGroup
  location: class AltarOfAmethystRecipeCategory
G:\Proyectos\Mods_Minecraft\the_sundering\neoforge\26.2\src\main\java\com\skd\thesundering\jei\LEnderCataclysmJEIPlugin.java:28: error: package mezz.jei.api does not exist
import mezz.jei.api.IModPlugin;
                   ^
G:\Proyectos\Mods_Minecraft\the_sundering\neoforge\26.2\src\main\java\com\skd\thesundering\jei\LEnderCataclysmJEIPlugin.java:29: error: package mezz.jei.api does not exist
import mezz.jei.api.JeiPlugin;
                   ^
G:\Proyectos\Mods_Minecraft\the_sundering\neoforge\26.2\src\main\java\com\skd\thesundering\jei\LEnderCataclysmJEIPlugin.java:30: error: package mezz.jei.api.recipe does not exist
import mezz.jei.api.recipe.RecipeType;
                          ^
G:\Proyectos\Mods_Minecraft\the_sundering\neoforge\26.2\src\main\java\com\skd\thesundering\jei\LEnderCataclysmJEIPlugin.java:31: error: package mezz.jei.api.recipe.category does not exist
import mezz.jei.api.recipe.category.IRecipeCategory;
                                   ^
G:\Proyectos\Mods_Minecraft\the_sundering\neoforge\26.2\src\main\java\com\skd\thesundering\jei\LEnderCataclysmJEIPlugin.java:32: error: package mezz.jei.api.registration does not exist
import mezz.jei.api.registration.IRecipeCatalystRegistration;
                                ^
G:\Proyectos\Mods_Minecraft\the_sundering\neoforge\26.2\src\main\java\com\skd\thesundering\jei\LEnderCataclysmJEIPlugin.java:33: error: package mezz.jei.api.registration does not exist
import mezz.jei.api.registration.IRecipeCategoryRegistration;
                                ^
G:\Proyectos\Mods_Minecraft\the_sundering\neoforge\26.2\src\main\java\com\skd\thesundering\jei\LEnderCataclysmJEIPlugin.java:34: error: package mezz.jei.api.registration does not exist
import mezz.jei.api.registration.IRecipeRegistration;
                                ^
G:\Proyectos\Mods_Minecraft\the_sundering\neoforge\26.2\src\main\java\com\skd\thesundering\jei\LEnderCataclysmJEIPlugin.java:35: error: package mezz.jei.api.registration does not exist
import mezz.jei.api.registration.IRecipeTransferRegistration;
                                ^
G:\Proyectos\Mods_Minecraft\the_sundering\neoforge\26.2\src\main\java\com\skd\thesundering\jei\LEnderCataclysmJEIPlugin.java:43: error: cannot find symbol
implements IModPlugin {
           ^
  symbol: class IModPlugin
G:\Proyectos\Mods_Minecraft\the_sundering\neoforge\26.2\src\main\java\com\skd\thesundering\jei\LEnderCataclysmJEIPlugin.java:41: error: cannot find symbol
@JeiPlugin
 ^
  symbol: class JeiPlugin
G:\Proyectos\Mods_Minecraft\the_sundering\neoforge\26.2\src\main\java\com\skd\thesundering\jei\LEnderCataclysmJEIPlugin.java:45: error: cannot find symbol
    public static final RecipeType<WeaponfusionRecipe> WEAPON_FUSION = RecipeType.create((String)"cataclysm", (String)"weapon_infusion", WeaponfusionRecipe.class);
                        ^
  symbol:   class RecipeType
  location: class LEnderCataclysmJEIPlugin
G:\Proyectos\Mods_Minecraft\the_sundering\neoforge\26.2\src\main\java\com\skd\thesundering\jei\LEnderCataclysmJEIPlugin.java:46: error: cannot find symbol
    public static final RecipeType<AltarOfAmethystRecipe> ALTAR_OF_AMETHYST_RECIPE_RECIPE_TYPE = RecipeType.create((String)"cataclysm", (String)"altar_of_amethyst", AltarOfAmethystRecipe.class);
                        ^
  symbol:   class RecipeType
  location: class LEnderCataclysmJEIPlugin
G:\Proyectos\Mods_Minecraft\the_sundering\neoforge\26.2\src\main\java\com\skd\thesundering\jei\LEnderCataclysmJEIPlugin.java:48: error: cannot find symbol
    public void registerCategories(IRecipeCategoryRegistration registry) {
                                   ^
  symbol:   class IRecipeCategoryRegistration
  location: class LEnderCataclysmJEIPlugin
G:\Proyectos\Mods_Minecraft\the_sundering\neoforge\26.2\src\main\java\com\skd\thesundering\jei\LEnderCataclysmJEIPlugin.java:57: error: cannot find symbol
    public void registerRecipes(IRecipeRegistration registration) {
                                ^
  symbol:   class IRecipeRegistration
  location: class LEnderCataclysmJEIPlugin
G:\Proyectos\Mods_Minecraft\the_sundering\neoforge\26.2\src\main\java\com\skd\thesundering\jei\LEnderCataclysmJEIPlugin.java:63: error: cannot find symbol
    public void registerRecipeTransferHandlers(IRecipeTransferRegistration registration) {
                                               ^
  symbol:   class IRecipeTransferRegistration
  location: class LEnderCataclysmJEIPlugin
G:\Proyectos\Mods_Minecraft\the_sundering\neoforge\26.2\src\main\java\com\skd\thesundering\jei\LEnderCataclysmJEIPlugin.java:67: error: cannot find symbol
    public void registerRecipeCatalysts(IRecipeCatalystRegistration registration) {
                                        ^
  symbol:   class IRecipeCatalystRegistration
  location: class LEnderCataclysmJEIPlugin
G:\Proyectos\Mods_Minecraft\the_sundering\neoforge\26.2\src\main\java\com\skd\thesundering\jei\WeaponfusionRecipeCategory.java:25: error: package mezz.jei.api.gui.builder does not exist
import mezz.jei.api.gui.builder.IRecipeLayoutBuilder;
                               ^
G:\Proyectos\Mods_Minecraft\the_sundering\neoforge\26.2\src\main\java\com\skd\thesundering\jei\WeaponfusionRecipeCategory.java:26: error: package mezz.jei.api.gui.drawable does not exist
import mezz.jei.api.gui.drawable.IDrawable;
                                ^
G:\Proyectos\Mods_Minecraft\the_sundering\neoforge\26.2\src\main\java\com\skd\thesundering\jei\WeaponfusionRecipeCategory.java:27: error: package mezz.jei.api.helpers does not exist
import mezz.jei.api.helpers.IGuiHelper;
                           ^
G:\Proyectos\Mods_Minecraft\the_sundering\neoforge\26.2\src\main\java\com\skd\thesundering\jei\WeaponfusionRecipeCategory.java:28: error: package mezz.jei.api.recipe does not exist
import mezz.jei.api.recipe.IFocusGroup;
                          ^
G:\Proyectos\Mods_Minecraft\the_sundering\neoforge\26.2\src\main\java\com\skd\thesundering\jei\WeaponfusionRecipeCategory.java:29: error: package mezz.jei.api.recipe does not exist
import mezz.jei.api.recipe.RecipeIngredientRole;
                          ^
G:\Proyectos\Mods_Minecraft\the_sundering\neoforge\26.2\src\main\java\com\skd\thesundering\jei\WeaponfusionRecipeCategory.java:30: error: package mezz.jei.api.recipe does not exist
import mezz.jei.api.recipe.RecipeType;
                          ^
G:\Proyectos\Mods_Minecraft\the_sundering\neoforge\26.2\src\main\java\com\skd\thesundering\jei\WeaponfusionRecipeCategory.java:31: error: package mezz.jei.api.recipe.category does not exist
import mezz.jei.api.recipe.category.IRecipeCategory;
                                   ^
G:\Proyectos\Mods_Minecraft\the_sundering\neoforge\26.2\src\main\java\com\skd\thesundering\jei\WeaponfusionRecipeCategory.java:41: error: cannot find symbol
implements IRecipeCategory<WeaponfusionRecipe> {
           ^
  symbol: class IRecipeCategory
G:\Proyectos\Mods_Minecraft\the_sundering\neoforge\26.2\src\main\java\com\skd\thesundering\jei\WeaponfusionRecipeCategory.java:42: error: cannot find symbol
    private final IDrawable background;
                  ^
  symbol:   class IDrawable
  location: class WeaponfusionRecipeCategory
G:\Proyectos\Mods_Minecraft\the_sundering\neoforge\26.2\src\main\java\com\skd\thesundering\jei\WeaponfusionRecipeCategory.java:43: error: cannot find symbol
    private final IDrawable icon;
                  ^
  symbol:   class IDrawable
  location: class WeaponfusionRecipeCategory
G:\Proyectos\Mods_Minecraft\the_sundering\neoforge\26.2\src\main\java\com\skd\thesundering\jei\WeaponfusionRecipeCategory.java:46: error: cannot find symbol
    public WeaponfusionRecipeCategory(IGuiHelper guiHelper) {
                                      ^
  symbol:   class IGuiHelper
  location: class WeaponfusionRecipeCategory
G:\Proyectos\Mods_Minecraft\the_sundering\neoforge\26.2\src\main\java\com\skd\thesundering\jei\WeaponfusionRecipeCategory.java:51: error: cannot find symbol
    public RecipeType<WeaponfusionRecipe> getRecipeType() {
           ^
  symbol:   class RecipeType
  location: class WeaponfusionRecipeCategory
G:\Proyectos\Mods_Minecraft\the_sundering\neoforge\26.2\src\main\java\com\skd\thesundering\jei\WeaponfusionRecipeCategory.java:59: error: cannot find symbol
    public IDrawable getBackground() {
           ^
  symbol:   class IDrawable
  location: class WeaponfusionRecipeCategory
G:\Proyectos\Mods_Minecraft\the_sundering\neoforge\26.2\src\main\java\com\skd\thesundering\jei\WeaponfusionRecipeCategory.java:63: error: cannot find symbol
    public IDrawable getIcon() {
           ^
  symbol:   class IDrawable
  location: class WeaponfusionRecipeCategory
G:\Proyectos\Mods_Minecraft\the_sundering\neoforge\26.2\src\main\java\com\skd\thesundering\jei\WeaponfusionRecipeCategory.java:67: error: cannot find symbol
    public void setRecipe(IRecipeLayoutBuilder builder, WeaponfusionRecipe recipe, IFocusGroup focuses) {
                          ^
  symbol:   class IRecipeLayoutBuilder
  location: class WeaponfusionRecipeCategory
G:\Proyectos\Mods_Minecraft\the_sundering\neoforge\26.2\src\main\java\com\skd\thesundering\jei\WeaponfusionRecipeCategory.java:67: error: cannot find symbol
    public void setRecipe(IRecipeLayoutBuilder builder, WeaponfusionRecipe recipe, IFocusGroup focuses) {
                                                                                   ^
  symbol:   class IFocusGroup
  location: class WeaponfusionRecipeCategory
G:\Proyectos\Mods_Minecraft\the_sundering\neoforge\26.2\src\main\java\com\skd\thesundering\mixin\accessor\StructureProcessorAccessor.java:20: error: type StructureProcessorType does not take parameters
    public StructureProcessorType<?> callGetType();
                                 ^
G:\Proyectos\Mods_Minecraft\the_sundering\neoforge\26.2\src\main\java\com\skd\thesundering\mixin\Client\HumanoidArmorLayerMixin.java:38: error: cannot find symbol
import net.minecraft.client.renderer.MultiBufferSource;
                                    ^
  symbol:   class MultiBufferSource
  location: package net.minecraft.client.renderer
G:\Proyectos\Mods_Minecraft\the_sundering\neoforge\26.2\src\main\java\com\skd\thesundering\mixin\Client\HumanoidArmorLayerMixin.java:46: error: cannot find symbol
import net.minecraft.world.item.ArmorItem;
                               ^
  symbol:   class ArmorItem
  location: package net.minecraft.world.item
G:\Proyectos\Mods_Minecraft\the_sundering\neoforge\26.2\src\main\java\com\skd\thesundering\mixin\Client\HumanoidArmorLayerMixin.java:71: error: cannot find symbol
    private void CMrenderArmorPiece(PoseStack poseStack, MultiBufferSource bufferSource, LivingEntity livingEntity, EquipmentSlot slot, int packedLight, HumanoidModel p_model, float limbSwing, float limbSwingAmount, float partialTick, float ageInTicks, float netHeadYaw, float headPitch, CallbackInfo ci) {
                                                         ^
  symbol:   class MultiBufferSource
  location: class HumanoidArmorLayerMixin
G:\Proyectos\Mods_Minecraft\the_sundering\neoforge\26.2\src\main\java\com\skd\thesundering\mixin\NoteBlockInstrumentMixin.java:42: error: Type has private access in NoteBlockInstrument
    public static NoteBlockInstrument newInstrument(String name, int id, String enumName, Holder sound, NoteBlockInstrument.Type type) {
                                                                                                                           ^
G:\Proyectos\Mods_Minecraft\the_sundering\neoforge\26.2\src\main\java\com\skd\thesundering\structures\jisaw\assembler\JigsawStructureAssembler.java:45: error: cannot find symbol
import com.skd.thesundering.Cataclysm;
                           ^
  symbol:   class Cataclysm
  location: package com.skd.thesundering
G:\Proyectos\Mods_Minecraft\the_sundering\neoforge\26.2\src\main\java\com\skd\thesundering\structures\jisaw\assembler\JigsawStructureAssembler.java:64: error: cannot find symbol
import net.minecraft.Util;
                    ^
  symbol:   class Util
  location: package net.minecraft
G:\Proyectos\Mods_Minecraft\the_sundering\neoforge\26.2\src\main\java\com\skd\thesundering\structures\jisaw\CataclysmJigsawManager.java:37: error: cannot find symbol
import com.skd.thesundering.Cataclysm;
                           ^
  symbol:   class Cataclysm
  location: package com.skd.thesundering
G:\Proyectos\Mods_Minecraft\the_sundering\neoforge\26.2\src\main\java\com\skd\thesundering\structures\jisaw\CataclysmJigsawManager.java:48: error: cannot find symbol
import net.minecraft.Util;
                    ^
  symbol:   class Util
  location: package net.minecraft
G:\Proyectos\Mods_Minecraft\the_sundering\neoforge\26.2\src\main\java\com\skd\thesundering\structures\jisaw\CataclysmPoolElement.java:24: error: cannot find symbol
import net.minecraft.MethodsReturnNonnullByDefault;
                    ^
  symbol:   class MethodsReturnNonnullByDefault
  location: package net.minecraft
G:\Proyectos\Mods_Minecraft\the_sundering\neoforge\26.2\src\main\java\com\skd\thesundering\structures\jisaw\CataclysmPoolElement.java:30: error: cannot find symbol
@MethodsReturnNonnullByDefault
 ^
  symbol: class MethodsReturnNonnullByDefault
G:\Proyectos\Mods_Minecraft\the_sundering\neoforge\26.2\src\main\java\com\skd\thesundering\structures\jisaw\JigsawManager.java:37: error: cannot find symbol
import com.skd.thesundering.Cataclysm;
                           ^
  symbol:   class Cataclysm
  location: package com.skd.thesundering
G:\Proyectos\Mods_Minecraft\the_sundering\neoforge\26.2\src\main\java\com\skd\thesundering\structures\jisaw\JigsawManager.java:48: error: cannot find symbol
import net.minecraft.Util;
                    ^
  symbol:   class Util
  location: package net.minecraft
G:\Proyectos\Mods_Minecraft\the_sundering\neoforge\26.2\src\main\java\com\skd\thesundering\world\data\CMWorldData.java:22: error: cannot find symbol
import net.minecraft.world.level.storage.DimensionDataStorage;
                                        ^
  symbol:   class DimensionDataStorage
  location: package net.minecraft.world.level.storage
G:\Proyectos\Mods_Minecraft\the_sundering\neoforge\26.2\src\main\java\com\skd\thesundering\world\data\CMWorldData.java:33: error: cannot find symbol
    public static SavedData.Factory<CMWorldData> factory() {
                           ^
  symbol:   class Factory
  location: class SavedData
G:\Proyectos\Mods_Minecraft\the_sundering\neoforge\26.2\src\main\java\com\skd\thesundering\init\ModAttribute.java:30: error: cannot find symbol
@EventBusSubscriber(modid="the_sundering", bus=EventBusSubscriber.Bus.MOD)
                                           ^
  symbol:   method bus()
  location: @interface EventBusSubscriber
G:\Proyectos\Mods_Minecraft\the_sundering\neoforge\26.2\src\main\java\com\skd\thesundering\init\ModAttribute.java:30: error: cannot find symbol
@EventBusSubscriber(modid="the_sundering", bus=EventBusSubscriber.Bus.MOD)
                                                                 ^
  symbol:   variable Bus
  location: @interface EventBusSubscriber
G:\Proyectos\Mods_Minecraft\the_sundering\neoforge\26.2\src\main\java\com\skd\thesundering\init\ModEntities.java:156: error: cannot find symbol
@EventBusSubscriber(modid="the_sundering", bus=EventBusSubscriber.Bus.MOD)
                                           ^
  symbol:   method bus()
  location: @interface EventBusSubscriber
G:\Proyectos\Mods_Minecraft\the_sundering\neoforge\26.2\src\main\java\com\skd\thesundering\init\ModEntities.java:156: error: cannot find symbol
@EventBusSubscriber(modid="the_sundering", bus=EventBusSubscriber.Bus.MOD)
                                                                 ^
  symbol:   variable Bus
  location: @interface EventBusSubscriber
G:\Proyectos\Mods_Minecraft\the_sundering\neoforge\26.2\src\main\java\com\skd\thesundering\blockentities\AltarOfAbyss_Block_Entity.java:84: error: incompatible types: inference variable E has incompatible bounds
    private NonNullList<ItemStack> items = NonNullList.withSize((int)1, (Object)ItemStack.EMPTY);
                                                               ^
    equality constraints: ItemStack
    lower bounds: Object
  where E is a type-variable:
    E extends Object declared in method <E>withSize(int,E)
G:\Proyectos\Mods_Minecraft\the_sundering\neoforge\26.2\src\main\java\com\skd\thesundering\blockentities\AltarOfAbyss_Block_Entity.java:113: error: no suitable method found for create(Level)
                The_Leviathan_Entity leviathan = (The_Leviathan_Entity)((EntityType)ModEntities.THE_LEVIATHAN.get()).create(level);
                                                                                                                    ^
    method EntityType.create(ServerLevel,PostSpawnProcessor,BlockPos,EntitySpawnReason,boolean,boolean) is not applicable
      (actual and formal argument lists differ in length)
    method EntityType.create(Level,EntitySpawnReason) is not applicable
      (actual and formal argument lists differ in length)
    method EntityType.create(Level,EntitySpawnRequest) is not applicable
      (actual and formal argument lists differ in length)
    method EntityType.create(ValueInput,Level,EntitySpawnRequest) is not applicable
      (actual and formal argument lists differ in length)
    method EntityType.create(EntityType<?>,ValueInput,Level,EntitySpawnReason) is not applicable
      (actual and formal argument lists differ in length)
G:\Proyectos\Mods_Minecraft\the_sundering\neoforge\26.2\src\main\java\com\skd\thesundering\blockentities\AltarOfAbyss_Block_Entity.java:121: error: incompatible types: Object cannot be converted to ItemStack
                            this.items.set(0, (Object)ItemStack.EMPTY);
                                              ^
G:\Proyectos\Mods_Minecraft\the_sundering\neoforge\26.2\src\main\java\com\skd\thesundering\blockentities\AltarOfAbyss_Block_Entity.java:193: error: incompatible types: Object cannot be converted to ItemStack
        this.getItems().set(index, (Object)stack);
                                   ^
G:\Proyectos\Mods_Minecraft\the_sundering\neoforge\26.2\src\main\java\com\skd\thesundering\blockentities\AltarOfAbyss_Block_Entity.java:200: error: incompatible types: Object cannot be converted to ItemStack
        this.getItems().set(index, (Object)stack);
                                   ^
G:\Proyectos\Mods_Minecraft\the_sundering\neoforge\26.2\src\main\java\com\skd\thesundering\blockentities\AltarOfAbyss_Block_Entity.java:213: error: method loadAdditional in class BlockEntity cannot be applied to given types;
        super.loadAdditional(p_155312_, p_324612_);
             ^
  required: ValueInput
  found:    CompoundTag,Provider
  reason: actual and formal argument lists differ in length
G:\Proyectos\Mods_Minecraft\the_sundering\neoforge\26.2\src\main\java\com\skd\thesundering\blockentities\AltarOfAbyss_Block_Entity.java:215: error: method loadAllItems in class ContainerHelper cannot be applied to given types;
        ContainerHelper.loadAllItems((CompoundTag)p_155312_, this.items, (HolderLookup.Provider)p_324612_);
                       ^
  required: ValueInput,NonNullList<ItemStack>
  found:    CompoundTag,NonNullList<ItemStack>,Provider
  reason: actual and formal argument lists differ in length
G:\Proyectos\Mods_Minecraft\the_sundering\neoforge\26.2\src\main\java\com\skd\thesundering\blockentities\AltarOfAbyss_Block_Entity.java:219: error: method saveAdditional in class BlockEntity cannot be applied to given types;
        super.saveAdditional(p_187486_, p_324612_);
             ^
  required: ValueOutput
  found:    CompoundTag,Provider
  reason: actual and formal argument lists differ in length
G:\Proyectos\Mods_Minecraft\the_sundering\neoforge\26.2\src\main\java\com\skd\thesundering\blockentities\AltarOfAbyss_Block_Entity.java:220: error: no suitable method found for saveAllItems(CompoundTag,NonNullList<ItemStack>,boolean,Provider)
        ContainerHelper.saveAllItems((CompoundTag)p_187486_, this.items, (boolean)true, (HolderLookup.Provider)p_324612_);
                       ^
    method ContainerHelper.saveAllItems(ValueOutput,NonNullList<ItemStack>) is not applicable
      (actual and formal argument lists differ in length)
    method ContainerHelper.saveAllItems(ValueOutput,NonNullList<ItemStack>,boolean) is not applicable
      (actual and formal argument lists differ in length)
G:\Proyectos\Mods_Minecraft\the_sundering\neoforge\26.2\src\main\java\com\skd\thesundering\blockentities\AltarOfAbyss_Block_Entity.java:229: error: no suitable method found for saveAllItems(CompoundTag,NonNullList<ItemStack>,boolean,Provider)
        ContainerHelper.saveAllItems((CompoundTag)compoundtag, this.items, (boolean)true, (HolderLookup.Provider)p_324612_);
                       ^
    method ContainerHelper.saveAllItems(ValueOutput,NonNullList<ItemStack>) is not applicable
      (actual and formal argument lists differ in length)
    method ContainerHelper.saveAllItems(ValueOutput,NonNullList<ItemStack>,boolean) is not applicable
      (actual and formal argument lists differ in length)
G:\Proyectos\Mods_Minecraft\the_sundering\neoforge\26.2\src\main\java\com\skd\thesundering\blockentities\AltarOfAbyss_Block_Entity.java:255: error: no suitable method found for set(DataComponentType<ItemContainerContents>,Object)
        p_338620_.set(DataComponents.CONTAINER, (Object)ItemContainerContents.fromItems(this.getItems()));
                 ^
    method IDataComponentMapBuilderExtensions.<T#1>set(Supplier<? extends DataComponentType<T#1>>,@org.jspecify.annotations.Nullable T#1) is not applicable
      (cannot infer type-variable(s) T#1
        (argument mismatch; DataComponentType<ItemContainerContents> cannot be converted to Supplier<? extends DataComponentType<T#1>>))
    method Builder.<T#2>set(DataComponentType<T#2>,@org.jspecify.annotations.Nullable T#1) is not applicable
      (inference variable T#2 has incompatible bounds
        equality constraints: ItemContainerContents
        lower bounds: Object)
  where T#1,T#2 are type-variables:
    T#1 extends Object declared in method <T#1>set(Supplier<? extends DataComponentType<T#1>>,@org.jspecify.annotations.Nullable T#1)
    T#2 extends Object declared in method <T#2>set(DataComponentType<T#2>,@org.jspecify.annotations.Nullable T#1)
G:\Proyectos\Mods_Minecraft\the_sundering\neoforge\26.2\src\main\java\com\skd\thesundering\blockentities\AltarOfAmethyst_Block_Entity.java:57: warning: [removal] ItemStackHandler in net.neoforged.neoforge.items has been deprecated and marked for removal
    private final ItemStackHandler inventory = this.createHandler();
                  ^
G:\Proyectos\Mods_Minecraft\the_sundering\neoforge\26.2\src\main\java\com\skd\thesundering\blockentities\AltarOfAmethyst_Block_Entity.java:79: error: method assemble in class AltarOfAmethystRecipe cannot be applied to given types;
            ItemStack resultStack = ((AltarOfAmethystRecipe)recipe.get().value()).assemble(new SingleRecipeInput(cookingStack), (HolderLookup.Provider)level.registryAccess());
                                                                                 ^
  required: SingleRecipeInput
  found:    SingleRecipeInput,Provider
  reason: actual and formal argument lists differ in length
G:\Proyectos\Mods_Minecraft\the_sundering\neoforge\26.2\src\main\java\com\skd\thesundering\blockentities\AltarOfAmethyst_Block_Entity.java:94: error: incompatible types: RecipeInput cannot be converted to SingleRecipeInput
        return this.quickCheck.getRecipeFor((RecipeInput)new SingleRecipeInput(stack), this.level);
                                            ^
G:\Proyectos\Mods_Minecraft\the_sundering\neoforge\26.2\src\main\java\com\skd\thesundering\blockentities\AltarOfAmethyst_Block_Entity.java:98: error: method loadAdditional in class BlockEntity cannot be applied to given types;
        super.loadAdditional(compound, registries);
             ^
  required: ValueInput
  found:    CompoundTag,Provider
  reason: actual and formal argument lists differ in length
G:\Proyectos\Mods_Minecraft\the_sundering\neoforge\26.2\src\main\java\com\skd\thesundering\blockentities\AltarOfAmethyst_Block_Entity.java:99: error: cannot find symbol
        this.inventory.deserializeNBT(registries, compound.getCompound("Inventory"));
                      ^
  symbol:   method deserializeNBT(Provider,Optional<CompoundTag>)
  location: variable inventory of type ItemStackHandler
G:\Proyectos\Mods_Minecraft\the_sundering\neoforge\26.2\src\main\java\com\skd\thesundering\blockentities\AltarOfAmethyst_Block_Entity.java:100: error: incompatible types: Optional<Integer> cannot be converted to int
        this.cookingTime = compound.getInt("CookTime");
                                          ^
G:\Proyectos\Mods_Minecraft\the_sundering\neoforge\26.2\src\main\java\com\skd\thesundering\blockentities\AltarOfAmethyst_Block_Entity.java:101: error: incompatible types: Optional<Integer> cannot be converted to int
        this.cookingTimeTotal = compound.getInt("CookTimeTotal");
                                               ^
G:\Proyectos\Mods_Minecraft\the_sundering\neoforge\26.2\src\main\java\com\skd\thesundering\blockentities\AltarOfAmethyst_Block_Entity.java:105: error: method saveAdditional in class BlockEntity cannot be applied to given types;
        super.saveAdditional(compound, registries);
             ^
  required: ValueOutput
  found:    CompoundTag,Provider
  reason: actual and formal argument lists differ in length
G:\Proyectos\Mods_Minecraft\the_sundering\neoforge\26.2\src\main\java\com\skd\thesundering\blockentities\AltarOfAmethyst_Block_Entity.java:106: error: cannot find symbol
        compound.put("Inventory", (Tag)this.inventory.serializeNBT(registries));
                                                     ^
  symbol:   method serializeNBT(Provider)
  location: variable inventory of type ItemStackHandler
G:\Proyectos\Mods_Minecraft\the_sundering\neoforge\26.2\src\main\java\com\skd\thesundering\blockentities\AltarOfAmethyst_Block_Entity.java:126: warning: [removal] IItemHandler in net.neoforged.neoforge.items has been deprecated and marked for removal
    public IItemHandler getInventory() {
           ^
G:\Proyectos\Mods_Minecraft\the_sundering\neoforge\26.2\src\main\java\com\skd\thesundering\blockentities\AltarOfAmethyst_Block_Entity.java:138: warning: [removal] ItemStackHandler in net.neoforged.neoforge.items has been deprecated and marked for removal
    private ItemStackHandler createHandler() {
            ^
G:\Proyectos\Mods_Minecraft\the_sundering\neoforge\26.2\src\main\java\com\skd\thesundering\blockentities\AltarOfAmethyst_Block_Entity.java:139: warning: [removal] ItemStackHandler in net.neoforged.neoforge.items has been deprecated and marked for removal
        return new ItemStackHandler(){
                   ^
G:\Proyectos\Mods_Minecraft\the_sundering\neoforge\26.2\src\main\java\com\skd\thesundering\crafting\AltarOfAmethystRecipe.java:76: error: incompatible types: Serializer cannot be converted to RecipeSerializer<AltarOfAmethystRecipe>
        return ModRecipeSerializers.AMETHYST_BLESS.get();
                                                      ^
G:\Proyectos\Mods_Minecraft\the_sundering\neoforge\26.2\src\main\java\com\skd\thesundering\crafting\AltarOfAmethystRecipe.java:81: error: cannot find symbol
                Ingredient.CODEC_NONEMPTY.fieldOf("ingredient").forGetter(recipe -> recipe.ingredient),
                          ^
  symbol:   variable CODEC_NONEMPTY
  location: class Ingredient
G:\Proyectos\Mods_Minecraft\the_sundering\neoforge\26.2\src\main\java\com\skd\thesundering\blockentities\AltarOfFire_Block_Entity.java:86: error: incompatible types: inference variable E has incompatible bounds
    private final NonNullList<ItemStack> items = NonNullList.withSize((int)1, (Object)ItemStack.EMPTY);
                                                                     ^
    equality constraints: ItemStack
    lower bounds: Object
  where E is a type-variable:
    E extends Object declared in method <E>withSize(int,E)
G:\Proyectos\Mods_Minecraft\the_sundering\neoforge\26.2\src\main\java\com\skd\thesundering\blockentities\AltarOfFire_Block_Entity.java:113: error: no suitable method found for create(Level)
                Ignis_Entity ignis = (Ignis_Entity)((EntityType)ModEntities.IGNIS.get()).create(level);
                                                                                        ^
    method EntityType.create(ServerLevel,PostSpawnProcessor,BlockPos,EntitySpawnReason,boolean,boolean) is not applicable
      (actual and formal argument lists differ in length)
    method EntityType.create(Level,EntitySpawnReason) is not applicable
      (actual and formal argument lists differ in length)
    method EntityType.create(Level,EntitySpawnRequest) is not applicable
      (actual and formal argument lists differ in length)
    method EntityType.create(ValueInput,Level,EntitySpawnRequest) is not applicable
      (actual and formal argument lists differ in length)
    method EntityType.create(EntityType<?>,ValueInput,Level,EntitySpawnReason) is not applicable
      (actual and formal argument lists differ in length)
G:\Proyectos\Mods_Minecraft\the_sundering\neoforge\26.2\src\main\java\com\skd\thesundering\blockentities\AltarOfFire_Block_Entity.java:121: error: incompatible types: Object cannot be converted to ItemStack
                            this.items.set(0, (Object)ItemStack.EMPTY);
                                              ^
G:\Proyectos\Mods_Minecraft\the_sundering\neoforge\26.2\src\main\java\com\skd\thesundering\blockentities\AltarOfFire_Block_Entity.java:203: error: incompatible types: Object cannot be converted to ItemStack
        this.getItems().set(index, (Object)stack);
                                   ^
G:\Proyectos\Mods_Minecraft\the_sundering\neoforge\26.2\src\main\java\com\skd\thesundering\blockentities\AltarOfFire_Block_Entity.java:216: error: method loadAdditional in class BlockEntity cannot be applied to given types;
        super.loadAdditional(p_155312_, p_324612_);
             ^
  required: ValueInput
  found:    CompoundTag,Provider
  reason: actual and formal argument lists differ in length
G:\Proyectos\Mods_Minecraft\the_sundering\neoforge\26.2\src\main\java\com\skd\thesundering\blockentities\AltarOfFire_Block_Entity.java:218: error: method loadAllItems in class ContainerHelper cannot be applied to given types;
        ContainerHelper.loadAllItems((CompoundTag)p_155312_, this.items, (HolderLookup.Provider)p_324612_);
                       ^
  required: ValueInput,NonNullList<ItemStack>
  found:    CompoundTag,NonNullList<ItemStack>,Provider
  reason: actual and formal argument lists differ in length
G:\Proyectos\Mods_Minecraft\the_sundering\neoforge\26.2\src\main\java\com\skd\thesundering\blockentities\AltarOfFire_Block_Entity.java:222: error: method saveAdditional in class BlockEntity cannot be applied to given types;
        super.saveAdditional(p_187486_, p_324612_);
             ^
  required: ValueOutput
  found:    CompoundTag,Provider
  reason: actual and formal argument lists differ in length
G:\Proyectos\Mods_Minecraft\the_sundering\neoforge\26.2\src\main\java\com\skd\thesundering\blockentities\AltarOfFire_Block_Entity.java:223: error: no suitable method found for saveAllItems(CompoundTag,NonNullList<ItemStack>,boolean,Provider)
        ContainerHelper.saveAllItems((CompoundTag)p_187486_, this.items, (boolean)true, (HolderLookup.Provider)p_324612_);
                       ^
    method ContainerHelper.saveAllItems(ValueOutput,NonNullList<ItemStack>) is not applicable
      (actual and formal argument lists differ in length)
    method ContainerHelper.saveAllItems(ValueOutput,NonNullList<ItemStack>,boolean) is not applicable
      (actual and formal argument lists differ in length)
G:\Proyectos\Mods_Minecraft\the_sundering\neoforge\26.2\src\main\java\com\skd\thesundering\blockentities\AltarOfFire_Block_Entity.java:232: error: no suitable method found for saveAllItems(CompoundTag,NonNullList<ItemStack>,boolean,Provider)
        ContainerHelper.saveAllItems((CompoundTag)compoundtag, this.items, (boolean)true, (HolderLookup.Provider)p_324612_);
                       ^
    method ContainerHelper.saveAllItems(ValueOutput,NonNullList<ItemStack>) is not applicable
      (actual and formal argument lists differ in length)
    method ContainerHelper.saveAllItems(ValueOutput,NonNullList<ItemStack>,boolean) is not applicable
      (actual and formal argument lists differ in length)
G:\Proyectos\Mods_Minecraft\the_sundering\neoforge\26.2\src\main\java\com\skd\thesundering\blockentities\AltarOfFire_Block_Entity.java:258: error: no suitable method found for set(DataComponentType<ItemContainerContents>,Object)
        p_338620_.set(DataComponents.CONTAINER, (Object)ItemContainerContents.fromItems(this.getItems()));
                 ^
    method IDataComponentMapBuilderExtensions.<T#1>set(Supplier<? extends DataComponentType<T#1>>,@org.jspecify.annotations.Nullable T#1) is not applicable
      (cannot infer type-variable(s) T#1
        (argument mismatch; DataComponentType<ItemContainerContents> cannot be converted to Supplier<? extends DataComponentType<T#1>>))
    method Builder.<T#2>set(DataComponentType<T#2>,@org.jspecify.annotations.Nullable T#1) is not applicable
      (inference variable T#2 has incompatible bounds
        equality constraints: ItemContainerContents
        lower bounds: Object)
  where T#1,T#2 are type-variables:
    T#1 extends Object declared in method <T#1>set(Supplier<? extends DataComponentType<T#1>>,@org.jspecify.annotations.Nullable T#1)
    T#2 extends Object declared in method <T#2>set(DataComponentType<T#2>,@org.jspecify.annotations.Nullable T#1)
G:\Proyectos\Mods_Minecraft\the_sundering\neoforge\26.2\src\main\java\com\skd\thesundering\blockentities\AltarOfVoid_Block_Entity.java:74: error: no suitable method found for create(Level)
        Ender_Guardian_Entity entity = (Ender_Guardian_Entity)((EntityType)ModEntities.ENDER_GUARDIAN.get()).create((Level)serverLevel);
                                                                                                            ^
    method EntityType.create(ServerLevel,PostSpawnProcessor,BlockPos,EntitySpawnReason,boolean,boolean) is not applicable
      (actual and formal argument lists differ in length)
    method EntityType.create(Level,EntitySpawnReason) is not applicable
      (actual and formal argument lists differ in length)
    method EntityType.create(Level,EntitySpawnRequest) is not applicable
      (actual and formal argument lists differ in length)
    method EntityType.create(ValueInput,Level,EntitySpawnRequest) is not applicable
      (actual and formal argument lists differ in length)
    method EntityType.create(EntityType<?>,ValueInput,Level,EntitySpawnReason) is not applicable
      (actual and formal argument lists differ in length)
G:\Proyectos\Mods_Minecraft\the_sundering\neoforge\26.2\src\main\java\com\skd\thesundering\blockentities\AltarOfVoid_Block_Entity.java:77: error: cannot find symbol
            entity.finalizeSpawn((ServerLevelAccessor)serverLevel, serverLevel.getCurrentDifficultyAt(this.worldPosition), MobSpawnType.SPAWNER, null);
                                                                                                                           ^
  symbol:   variable MobSpawnType
  location: class AltarOfVoid_Block_Entity
G:\Proyectos\Mods_Minecraft\the_sundering\neoforge\26.2\src\main\java\com\skd\thesundering\blockentities\Boss_Respawn_Spawner_Block_Entity.java:126: error: no suitable method found for create(Level)
            entity = this.spawnType.create((Level)serverLevel);
                                   ^
    method EntityType.create(ServerLevel,@org.jspecify.annotations.Nullable PostSpawnProcessor<CAP#1>,BlockPos,EntitySpawnReason,boolean,boolean) is not applicable
      (actual and formal argument lists differ in length)
    method EntityType.create(Level,EntitySpawnReason) is not applicable
      (actual and formal argument lists differ in length)
    method EntityType.create(Level,EntitySpawnRequest) is not applicable
      (actual and formal argument lists differ in length)
    method EntityType.create(ValueInput,Level,EntitySpawnRequest) is not applicable
      (actual and formal argument lists differ in length)
    method EntityType.create(EntityType<?>,ValueInput,Level,EntitySpawnReason) is not applicable
      (actual and formal argument lists differ in length)
  where CAP#1 is a fresh type-variable:
    CAP#1 extends Entity from capture of ?
G:\Proyectos\Mods_Minecraft\the_sundering\neoforge\26.2\src\main\java\com\skd\thesundering\blockentities\Boss_Respawn_Spawner_Block_Entity.java:129: error: package Cataclysm does not exist
            Cataclysm.LOGGER.warn("Failed to create mob", (Throwable)exception);
                     ^
G:\Proyectos\Mods_Minecraft\the_sundering\neoforge\26.2\src\main\java\com\skd\thesundering\blockentities\Boss_Respawn_Spawner_Block_Entity.java:136: error: cannot find symbol
                living.finalizeSpawn((ServerLevelAccessor)serverLevel, serverLevel.getCurrentDifficultyAt(this.worldPosition), MobSpawnType.SPAWNER, null);
                                                                                                                               ^
  symbol:   variable MobSpawnType
  location: class Boss_Respawn_Spawner_Block_Entity
G:\Proyectos\Mods_Minecraft\the_sundering\neoforge\26.2\src\main\java\com\skd\thesundering\blockentities\Boss_Respawn_Spawner_Block_Entity.java:183: error: method loadAdditional in class BlockEntity cannot be applied to given types;
        super.loadAdditional(tag, registries);
             ^
  required: ValueInput
  found:    CompoundTag,Provider
  reason: actual and formal argument lists differ in length
G:\Proyectos\Mods_Minecraft\the_sundering\neoforge\26.2\src\main\java\com\skd\thesundering\blockentities\Boss_Respawn_Spawner_Block_Entity.java:185: error: incompatible types: Optional<String> cannot be converted to String
            String str = tag.getString("EntityType");
                                      ^
G:\Proyectos\Mods_Minecraft\the_sundering\neoforge\26.2\src\main\java\com\skd\thesundering\blockentities\Boss_Respawn_Spawner_Block_Entity.java:186: error: incompatible types: Optional<Reference<EntityType<?>>> cannot be converted to EntityType
            this.spawnType = (EntityType)BuiltInRegistries.ENTITY_TYPE.get(Identifier.parse((String)str));
                                                                          ^
G:\Proyectos\Mods_Minecraft\the_sundering\neoforge\26.2\src\main\java\com\skd\thesundering\blockentities\Boss_Respawn_Spawner_Block_Entity.java:188: error: method contains in class CompoundTag cannot be applied to given types;
        this.item = tag.contains("Item", 10) ? ItemStack.parse((HolderLookup.Provider)registries, (Tag)tag.getCompound("Item")).orElse(ItemStack.EMPTY) : ItemStack.EMPTY;
                       ^
  required: String
  found:    String,int
  reason: actual and formal argument lists differ in length
G:\Proyectos\Mods_Minecraft\the_sundering\neoforge\26.2\src\main\java\com\skd\thesundering\blockentities\Boss_Respawn_Spawner_Block_Entity.java:188: error: incompatible types: Optional<CompoundTag> cannot be converted to Tag
        this.item = tag.contains("Item", 10) ? ItemStack.parse((HolderLookup.Provider)registries, (Tag)tag.getCompound("Item")).orElse(ItemStack.EMPTY) : ItemStack.EMPTY;
                                                                                                                      ^
G:\Proyectos\Mods_Minecraft\the_sundering\neoforge\26.2\src\main\java\com\skd\thesundering\blockentities\Boss_Respawn_Spawner_Block_Entity.java:189: error: incompatible types: Optional<Integer> cannot be converted to int
        this.Animaitonticks = tag.getInt("animationTicks");
                                        ^
G:\Proyectos\Mods_Minecraft\the_sundering\neoforge\26.2\src\main\java\com\skd\thesundering\blockentities\Boss_Respawn_Spawner_Block_Entity.java:193: error: method saveAdditional in class BlockEntity cannot be applied to given types;
        super.saveAdditional(tag, registries);
             ^
  required: ValueOutput
  found:    CompoundTag,Provider
  reason: actual and formal argument lists differ in length
G:\Proyectos\Mods_Minecraft\the_sundering\neoforge\26.2\src\main\java\com\skd\thesundering\blockentities\Boss_Respawn_Spawner_Block_Entity.java:195: error: cannot find symbol
            tag.put("Item", this.getTheItem().save(registries));
                                             ^
  symbol:   method save(Provider)
  location: class ItemStack
G:\Proyectos\Mods_Minecraft\the_sundering\neoforge\26.2\src\main\java\com\skd\thesundering\blockentities\Boss_Respawn_Spawner_Block_Entity.java:205: error: no suitable method found for create(Level)
            this.displayEntity = this.spawnType.create(level);
                                               ^
    method EntityType.create(ServerLevel,@org.jspecify.annotations.Nullable PostSpawnProcessor<CAP#1>,BlockPos,EntitySpawnReason,boolean,boolean) is not applicable
      (actual and formal argument lists differ in length)
    method EntityType.create(Level,EntitySpawnReason) is not applicable
      (actual and formal argument lists differ in length)
    method EntityType.create(Level,EntitySpawnRequest) is not applicable
      (actual and formal argument lists differ in length)
    method EntityType.create(ValueInput,Level,EntitySpawnRequest) is not applicable
      (actual and formal argument lists differ in length)
    method EntityType.create(EntityType<?>,ValueInput,Level,EntitySpawnReason) is not applicable
      (actual and formal argument lists differ in length)
  where CAP#1 is a fresh type-variable:
    CAP#1 extends Entity from capture of ?
G:\Proyectos\Mods_Minecraft\the_sundering\neoforge\26.2\src\main\java\com\skd\thesundering\blockentities\Cursed_tombstone_Entity.java:110: error: no suitable method found for create(Level)
                    Maledictus_Entity maledictus = (Maledictus_Entity)((EntityType)ModEntities.MALEDICTUS.get()).create(level);
                                                                                                                ^
    method EntityType.create(ServerLevel,PostSpawnProcessor,BlockPos,EntitySpawnReason,boolean,boolean) is not applicable
      (actual and formal argument lists differ in length)
    method EntityType.create(Level,EntitySpawnReason) is not applicable
      (actual and formal argument lists differ in length)
    method EntityType.create(Level,EntitySpawnRequest) is not applicable
      (actual and formal argument lists differ in length)
    method EntityType.create(ValueInput,Level,EntitySpawnRequest) is not applicable
      (actual and formal argument lists differ in length)
    method EntityType.create(EntityType<?>,ValueInput,Level,EntitySpawnReason) is not applicable
      (actual and formal argument lists differ in length)
G:\Proyectos\Mods_Minecraft\the_sundering\neoforge\26.2\src\main\java\com\skd\thesundering\blockentities\Cursed_tombstone_Entity.java:118: error: cannot find symbol
                            maledictus.finalizeSpawn((ServerLevelAccessor)serverLevel, serverLevel.getCurrentDifficultyAt(pos), MobSpawnType.SPAWNER, null);
                                                                                                                                ^
  symbol:   variable MobSpawnType
  location: class Cursed_tombstone_Entity
G:\Proyectos\Mods_Minecraft\the_sundering\neoforge\26.2\src\main\java\com\skd\thesundering\blockentities\Cursed_tombstone_Entity.java:148: error: method loadAdditional in class BlockEntity cannot be applied to given types;
        super.loadAdditional(p_155312_, p_324612_);
             ^
  required: ValueInput
  found:    CompoundTag,Provider
  reason: actual and formal argument lists differ in length
G:\Proyectos\Mods_Minecraft\the_sundering\neoforge\26.2\src\main\java\com\skd\thesundering\blockentities\Cursed_tombstone_Entity.java:149: error: method contains in class CompoundTag cannot be applied to given types;
        if (p_155312_.contains("summonCooldownProgress", 11)) {
                     ^
  required: String
  found:    String,int
  reason: actual and formal argument lists differ in length
G:\Proyectos\Mods_Minecraft\the_sundering\neoforge\26.2\src\main\java\com\skd\thesundering\blockentities\Cursed_tombstone_Entity.java:150: error: incompatible types: Optional<Integer> cannot be converted to int
            this.summonCooldownProgress = p_155312_.getInt("summonCooldownProgress");
                                                          ^
G:\Proyectos\Mods_Minecraft\the_sundering\neoforge\26.2\src\main\java\com\skd\thesundering\blockentities\Cursed_tombstone_Entity.java:155: error: method saveAdditional in class BlockEntity cannot be applied to given types;
        super.saveAdditional(p_187518_, p_324418_);
             ^
  required: ValueOutput
  found:    CompoundTag,Provider
  reason: actual and formal argument lists differ in length
G:\Proyectos\Mods_Minecraft\the_sundering\neoforge\26.2\src\main\java\com\skd\thesundering\blockentities\Door_Of_Seal_BlockEntity.java:95: error: random has protected access in Level
                    level.playSound((Player)null, pos, (SoundEvent)ModSounds.DOOR_OF_SEAL_OPEN.get(), SoundSource.BLOCKS, 4.0f, level.random.nextFloat() * 0.2f + 1.0f);
                                                                                                                                     ^
G:\Proyectos\Mods_Minecraft\the_sundering\neoforge\26.2\src\main\java\com\skd\thesundering\blockentities\Door_Of_Seal_BlockEntity.java:142: error: method loadAdditional in class BlockEntity cannot be applied to given types;
        super.loadAdditional(p_155745_, p_323876_);
             ^
  required: ValueInput
  found:    CompoundTag,Provider
  reason: actual and formal argument lists differ in length
G:\Proyectos\Mods_Minecraft\the_sundering\neoforge\26.2\src\main\java\com\skd\thesundering\blockentities\Door_Of_Seal_BlockEntity.java:143: error: incompatible types: Optional<Integer> cannot be converted to int
        this.Animaitonticks = p_155745_.getInt("animationTicks");
                                              ^
G:\Proyectos\Mods_Minecraft\the_sundering\neoforge\26.2\src\main\java\com\skd\thesundering\blockentities\Door_Of_Seal_BlockEntity.java:147: error: method saveAdditional in class BlockEntity cannot be applied to given types;
        super.saveAdditional(p_187518_, p_324418_);
             ^
  required: ValueOutput
  found:    CompoundTag,Provider
  reason: actual and formal argument lists differ in length
G:\Proyectos\Mods_Minecraft\the_sundering\neoforge\26.2\src\main\java\com\skd\thesundering\blockentities\EMP_Block_Entity.java:81: error: random has protected access in Level
            this.level.playSound((Player)null, this.getBlockPos(), (SoundEvent)ModSounds.EMP_ACTIVATED.get(), SoundSource.BLOCKS, 4.0f, this.level.random.nextFloat() * 0.2f + 1.0f);
                                                                                                                                                  ^
G:\Proyectos\Mods_Minecraft\the_sundering\neoforge\26.2\src\main\java\com\skd\thesundering\blockentities\ObsidianExplosionTrapBricks_Block_Entity.java:64: error: cannot find symbol
                    if (inRange instanceof Player && ((Player)inRange).getAbilities().invulnerable || inRange.getType().is(ModTag.TRAP_BLOCK_NOT_DETECTED)) continue;
                                                                                                                       ^
  symbol:   method is(TagKey<EntityType<?>>)
  location: class EntityType<CAP#1>
  where CAP#1 is a fresh type-variable:
    CAP#1 extends Entity from capture of ?
G:\Proyectos\Mods_Minecraft\the_sundering\neoforge\26.2\src\main\java\com\skd\thesundering\blockentities\ObsidianExplosionTrapBricks_Block_Entity.java:71: error: random has protected access in Level
                        int j = this.level.random.nextInt(2) * 2 - 1;
                                          ^
G:\Proyectos\Mods_Minecraft\the_sundering\neoforge\26.2\src\main\java\com\skd\thesundering\blockentities\ObsidianExplosionTrapBricks_Block_Entity.java:72: error: random has protected access in Level
                        int k = this.level.random.nextInt(2) * 2 - 1;
                                          ^
G:\Proyectos\Mods_Minecraft\the_sundering\neoforge\26.2\src\main\java\com\skd\thesundering\blockentities\ObsidianExplosionTrapBricks_Block_Entity.java:74: error: random has protected access in Level
                        double d1 = (float)this.worldPosition.getY() + this.level.random.nextFloat();
                                                                                 ^
G:\Proyectos\Mods_Minecraft\the_sundering\neoforge\26.2\src\main\java\com\skd\thesundering\blockentities\ObsidianExplosionTrapBricks_Block_Entity.java:76: error: random has protected access in Level
                        double d3 = this.level.random.nextFloat() * (float)j;
                                              ^
G:\Proyectos\Mods_Minecraft\the_sundering\neoforge\26.2\src\main\java\com\skd\thesundering\blockentities\ObsidianExplosionTrapBricks_Block_Entity.java:77: error: random has protected access in Level
                        double d4 = ((double)this.level.random.nextFloat() - 0.5) * 0.125;
                                                       ^
G:\Proyectos\Mods_Minecraft\the_sundering\neoforge\26.2\src\main\java\com\skd\thesundering\blockentities\ObsidianExplosionTrapBricks_Block_Entity.java:78: error: random has protected access in Level
                        double d5 = this.level.random.nextFloat() * (float)k;
                                              ^
G:\Proyectos\Mods_Minecraft\the_sundering\neoforge\26.2\src\main\java\com\skd\thesundering\blockentities\SandstoneIgniteTrap_Block_Entity.java:60: error: cannot find symbol
                List entitiesInRange = level.getEntitiesOfClass(LivingEntity.class, new AABB(pos.offset(-1, 0, -1).getCenter(), pos.offset(1, 6, 1).getCenter()));
                                                                                                                  ^
  symbol:   method getCenter()
  location: class BlockPos
G:\Proyectos\Mods_Minecraft\the_sundering\neoforge\26.2\src\main\java\com\skd\thesundering\blockentities\SandstoneIgniteTrap_Block_Entity.java:60: error: cannot find symbol
                List entitiesInRange = level.getEntitiesOfClass(LivingEntity.class, new AABB(pos.offset(-1, 0, -1).getCenter(), pos.offset(1, 6, 1).getCenter()));
                                                                                                                                                   ^
  symbol:   method getCenter()
  location: class BlockPos
G:\Proyectos\Mods_Minecraft\the_sundering\neoforge\26.2\src\main\java\com\skd\thesundering\blockentities\SandstoneIgniteTrap_Block_Entity.java:61: error: incompatible types: Object cannot be converted to LivingEntity
                for (LivingEntity entity : entitiesInRange) {
                                           ^
G:\Proyectos\Mods_Minecraft\the_sundering\neoforge\26.2\src\main\java\com\skd\thesundering\blockentities\SandstoneIgniteTrap_Block_Entity.java:62: error: cannot find symbol
                    if (entity.getType().is(ModTag.TEAM_ANCIENT_REMNANT) || entity.fireImmune()) continue;
                                        ^
  symbol:   method is(TagKey<EntityType<?>>)
  location: class EntityType<CAP#1>
  where CAP#1 is a fresh type-variable:
    CAP#1 extends Entity from capture of ?
G:\Proyectos\Mods_Minecraft\the_sundering\neoforge\26.2\src\main\java\com\skd\thesundering\blocks\Abyssal_Egg_Block.java:131: error: method updateShape in class BlockBehaviour cannot be applied to given types;
        return super.updateShape(p_51555_, p_51556_, p_51557_, p_51558_, p_51559_, p_51560_);
                    ^
  required: BlockState,LevelReader,ScheduledTickAccess,BlockPos,Direction,BlockPos,BlockState,RandomSource
  found:    BlockState,Direction,BlockState,LevelAccessor,BlockPos,BlockPos
  reason: actual and formal argument lists differ in length
G:\Proyectos\Mods_Minecraft\the_sundering\neoforge\26.2\src\main\java\com\skd\thesundering\blocks\Abyssal_Egg_Block.java:149: error: no suitable method found for create(Level)
            The_Baby_Leviathan_Entity levia = (The_Baby_Leviathan_Entity)((EntityType)ModEntities.THE_BABY_LEVIATHAN.get()).create((Level)p_277739_);
                                                                                                                           ^
    method EntityType.create(ServerLevel,PostSpawnProcessor,BlockPos,EntitySpawnReason,boolean,boolean) is not applicable
      (actual and formal argument lists differ in length)
    method EntityType.create(Level,EntitySpawnReason) is not applicable
      (actual and formal argument lists differ in length)
    method EntityType.create(Level,EntitySpawnRequest) is not applicable
      (actual and formal argument lists differ in length)
    method EntityType.create(ValueInput,Level,EntitySpawnRequest) is not applicable
      (actual and formal argument lists differ in length)
    method EntityType.create(EntityType<?>,ValueInput,Level,EntitySpawnReason) is not applicable
      (actual and formal argument lists differ in length)
G:\Proyectos\Mods_Minecraft\the_sundering\neoforge\26.2\src\main\java\com\skd\thesundering\blocks\Abyssal_Egg_Block.java:151: error: cannot find symbol
                levia.moveTo((double)p_277692_.getX() + 0.5, (double)p_277692_.getY() + 0.5, (double)p_277692_.getZ() + 0.5, Mth.wrapDegrees((float)(p_277739_.random.nextFloat() * 360.0f)), 0.0f);
                     ^
  symbol:   method moveTo(double,double,double,float,float)
  location: variable levia of type The_Baby_Leviathan_Entity
G:\Proyectos\Mods_Minecraft\the_sundering\neoforge\26.2\src\main\java\com\skd\thesundering\blocks\Abyssal_Egg_Block.java:151: error: random has protected access in Level
                levia.moveTo((double)p_277692_.getX() + 0.5, (double)p_277692_.getY() + 0.5, (double)p_277692_.getZ() + 0.5, Mth.wrapDegrees((float)(p_277739_.random.nextFloat() * 360.0f)), 0.0f);
                                                                                                                                                              ^
G:\Proyectos\Mods_Minecraft\the_sundering\neoforge\26.2\src\main\java\com\skd\thesundering\blocks\Abyssal_Egg_Block.java:160: error: random has protected access in Level
        p_277827_.scheduleTick(p_277526_, (Block)this, j + p_277827_.random.nextInt(300));
                                                                    ^
G:\Proyectos\Mods_Minecraft\the_sundering\neoforge\26.2\src\main\java\com\skd\thesundering\blocks\Altar_Of_Abyss_Block.java:118: error: cannot find symbol
            return ItemInteractionResult.SUCCESS;
                   ^
  symbol:   variable ItemInteractionResult
  location: class Altar_Of_Abyss_Block
G:\Proyectos\Mods_Minecraft\the_sundering\neoforge\26.2\src\main\java\com\skd\thesundering\blocks\Altar_Of_Abyss_Block.java:120: error: cannot find symbol
        return ItemInteractionResult.PASS_TO_DEFAULT_BLOCK_INTERACTION;
               ^
  symbol:   variable ItemInteractionResult
  location: class Altar_Of_Abyss_Block
G:\Proyectos\Mods_Minecraft\the_sundering\neoforge\26.2\src\main\java\com\skd\thesundering\blocks\Altar_Of_Abyss_Block.java:148: error: method updateShape in class BlockBehaviour cannot be applied to given types;
        return super.updateShape(p_51555_, p_51556_, p_51557_, p_51558_, p_51559_, p_51560_);
                    ^
  required: BlockState,LevelReader,ScheduledTickAccess,BlockPos,Direction,BlockPos,BlockState,RandomSource
  found:    BlockState,Direction,BlockState,LevelAccessor,BlockPos,BlockPos
  reason: actual and formal argument lists differ in length
G:\Proyectos\Mods_Minecraft\the_sundering\neoforge\26.2\src\main\java\com\skd\thesundering\blocks\Altar_Of_Amethyst_Block.java:105: error: cannot find symbol
                    return ItemInteractionResult.SUCCESS;
                           ^
  symbol:   variable ItemInteractionResult
  location: class Altar_Of_Amethyst_Block
G:\Proyectos\Mods_Minecraft\the_sundering\neoforge\26.2\src\main\java\com\skd\thesundering\blocks\Altar_Of_Amethyst_Block.java:112: error: cannot find symbol
                    return ItemInteractionResult.SUCCESS;
                           ^
  symbol:   variable ItemInteractionResult
  location: class Altar_Of_Amethyst_Block
G:\Proyectos\Mods_Minecraft\the_sundering\neoforge\26.2\src\main\java\com\skd\thesundering\blocks\Altar_Of_Amethyst_Block.java:115: error: cannot find symbol
            return ItemInteractionResult.CONSUME;
                   ^
  symbol:   variable ItemInteractionResult
  location: class Altar_Of_Amethyst_Block
G:\Proyectos\Mods_Minecraft\the_sundering\neoforge\26.2\src\main\java\com\skd\thesundering\blocks\Altar_Of_Amethyst_Block.java:117: error: cannot find symbol
        return ItemInteractionResult.PASS_TO_DEFAULT_BLOCK_INTERACTION;
               ^
  symbol:   variable ItemInteractionResult
  location: class Altar_Of_Amethyst_Block
G:\Proyectos\Mods_Minecraft\the_sundering\neoforge\26.2\src\main\java\com\skd\thesundering\blocks\Altar_Of_Fire_Block.java:78: error: cannot find symbol
            return ItemInteractionResult.SUCCESS;
                   ^
  symbol:   variable ItemInteractionResult
  location: class Altar_Of_Fire_Block
G:\Proyectos\Mods_Minecraft\the_sundering\neoforge\26.2\src\main\java\com\skd\thesundering\blocks\Altar_Of_Fire_Block.java:80: error: cannot find symbol
        return ItemInteractionResult.PASS_TO_DEFAULT_BLOCK_INTERACTION;
               ^
  symbol:   variable ItemInteractionResult
  location: class Altar_Of_Fire_Block
G:\Proyectos\Mods_Minecraft\the_sundering\neoforge\26.2\src\main\java\com\skd\thesundering\blocks\Altar_Of_Fire_Block.java:95: error: method entityInside in class BlockBehaviour cannot be applied to given types;
        super.entityInside(p_51269_, p_51270_, p_51271_, p_51272_);
             ^
  required: BlockState,Level,BlockPos,Entity,InsideBlockEffectApplier,boolean
  found:    BlockState,Level,BlockPos,Entity
  reason: actual and formal argument lists differ in length
G:\Proyectos\Mods_Minecraft\the_sundering\neoforge\26.2\src\main\java\com\skd\thesundering\blocks\Boss_Respawn_Spawner_Block.java:96: error: cannot find symbol
            return ItemInteractionResult.sidedSuccess((boolean)level.isClientSide());
                   ^
  symbol:   variable ItemInteractionResult
  location: class Boss_Respawn_Spawner_Block
G:\Proyectos\Mods_Minecraft\the_sundering\neoforge\26.2\src\main\java\com\skd\thesundering\blocks\Boss_Respawn_Spawner_Block.java:98: error: cannot find symbol
        return ItemInteractionResult.PASS_TO_DEFAULT_BLOCK_INTERACTION;
               ^
  symbol:   variable ItemInteractionResult
  location: class Boss_Respawn_Spawner_Block
G:\Proyectos\Mods_Minecraft\the_sundering\neoforge\26.2\src\main\java\com\skd\thesundering\blocks\Boss_Respawn_Spawner_Block.java:106: error: cannot find symbol
        return RenderShape.ENTITYBLOCK_ANIMATED;
                          ^
  symbol:   variable ENTITYBLOCK_ANIMATED
  location: class RenderShape
G:\Proyectos\Mods_Minecraft\the_sundering\neoforge\26.2\src\main\java\com\skd\thesundering\blocks\Cursed_Tombstone_Block.java:113: error: cannot find symbol
                return ItemInteractionResult.SUCCESS;
                       ^
  symbol:   variable ItemInteractionResult
  location: class Cursed_Tombstone_Block
G:\Proyectos\Mods_Minecraft\the_sundering\neoforge\26.2\src\main\java\com\skd\thesundering\blocks\Cursed_Tombstone_Block.java:116: error: cannot find symbol
            player.displayClientMessage((Component)Component.translatable((String)"block.cataclysm.cursed_tombstone.message"), true);
                  ^
  symbol:   method displayClientMessage(Component,boolean)
  location: variable player of type Player
G:\Proyectos\Mods_Minecraft\the_sundering\neoforge\26.2\src\main\java\com\skd\thesundering\blocks\Cursed_Tombstone_Block.java:117: error: cannot find symbol
            return ItemInteractionResult.FAIL;
                   ^
  symbol:   variable ItemInteractionResult
  location: class Cursed_Tombstone_Block
G:\Proyectos\Mods_Minecraft\the_sundering\neoforge\26.2\src\main\java\com\skd\thesundering\blocks\Cursed_Tombstone_Block.java:119: error: cannot find symbol
        return ItemInteractionResult.FAIL;
               ^
  symbol:   variable ItemInteractionResult
  location: class Cursed_Tombstone_Block
G:\Proyectos\Mods_Minecraft\the_sundering\neoforge\26.2\src\main\java\com\skd\thesundering\blocks\Door_of_Seal_Block.java:117: error: method setValue in class StateHolder<O,S> cannot be applied to given types;
        this.registerDefaultState((BlockState)((BlockState)((BlockState)((BlockState)((BlockState)((BlockState)this.stateDefinition.any()).setValue((Property)FACING, (Comparable)Direction.NORTH)).setValue((Property)LIT, (Comparable)Boolean.valueOf(false))).setValue((Property)OPEN, (Comparable)Boolean.valueOf(false))).setValue(PART, (Comparable)((Object)Door_Of_Seal_Part.CENTER))).setValue((Property)Y_OFFSET, (Comparable)Integer.valueOf(0)));
                                                                                                                                                                                                                                                                                                                              ^
  required: Property<T>,V
  found:    EnumProperty<Door_Of_Seal_Part>,Comparable
  reason: inference variable T has incompatible bounds
    equality constraints: Door_Of_Seal_Part
    lower bounds: V,Comparable
  where T,V,S,O are type-variables:
    T extends Comparable<T> declared in method <T,V>setValue(Property<T>,V)
    V extends T declared in method <T,V>setValue(Property<T>,V)
    S extends Object declared in class StateHolder
    O extends Object declared in class StateHolder
G:\Proyectos\Mods_Minecraft\the_sundering\neoforge\26.2\src\main\java\com\skd\thesundering\blocks\Door_of_Seal_Block.java:141: error: cannot find symbol
            return this.onHit(level, baseState, new BlockHitResult(hit.getLocation().add((double)(basePos.getX() - pos.getX()), (double)(basePos.getY() - pos.getY()), (double)(basePos.getZ() - pos.getZ())), hit.getDirection(), basePos, hit.isInside()), player, hand, true) ? ItemInteractionResult.sidedSuccess((boolean)level.isClientSide()) : ItemInteractionResult.PASS_TO_DEFAULT_BLOCK_INTERACTION;
                                                                                                                                                                                                                                                                                   ^
  symbol:   variable ItemInteractionResult
  location: class Door_of_Seal_Block
G:\Proyectos\Mods_Minecraft\the_sundering\neoforge\26.2\src\main\java\com\skd\thesundering\blocks\Door_of_Seal_Block.java:141: error: cannot find symbol
            return this.onHit(level, baseState, new BlockHitResult(hit.getLocation().add((double)(basePos.getX() - pos.getX()), (double)(basePos.getY() - pos.getY()), (double)(basePos.getZ() - pos.getZ())), hit.getDirection(), basePos, hit.isInside()), player, hand, true) ? ItemInteractionResult.sidedSuccess((boolean)level.isClientSide()) : ItemInteractionResult.PASS_TO_DEFAULT_BLOCK_INTERACTION;
                                                                                                                                                                                                                                                                                                                                                       ^
  symbol:   variable ItemInteractionResult
  location: class Door_of_Seal_Block
G:\Proyectos\Mods_Minecraft\the_sundering\neoforge\26.2\src\main\java\com\skd\thesundering\blocks\Door_of_Seal_Block.java:143: error: cannot find symbol
        return ItemInteractionResult.PASS_TO_DEFAULT_BLOCK_INTERACTION;
               ^
  symbol:   variable ItemInteractionResult
  location: class Door_of_Seal_Block
G:\Proyectos\Mods_Minecraft\the_sundering\neoforge\26.2\src\main\java\com\skd\thesundering\blocks\Door_of_Seal_Block.java:191: error: cannot find symbol
        return RenderShape.ENTITYBLOCK_ANIMATED;
                          ^
  symbol:   variable ENTITYBLOCK_ANIMATED
  location: class RenderShape
G:\Proyectos\Mods_Minecraft\the_sundering\neoforge\26.2\src\main\java\com\skd\thesundering\blocks\Door_of_Seal_Block.java:270: error: method setValue in class StateHolder<O,S> cannot be applied to given types;
                level.setBlock(blockpos1, (BlockState)((BlockState)((BlockState)defaultGongPart.setValue((Property)FACING, (Comparable)((Direction)state.getValue((Property)FACING)))).setValue(PART, (Comparable)((Object)Door_Of_Seal_Part.SIDE_LEFT))).setValue((Property)Y_OFFSET, (Comparable)Integer.valueOf(i)), 3);
                                                                                                                                                                                      ^
  required: Property<T>,V
  found:    EnumProperty<Door_Of_Seal_Part>,Comparable
  reason: inference variable T has incompatible bounds
    equality constraints: Door_Of_Seal_Part
    lower bounds: V,Comparable
  where T,V,S,O are type-variables:
    T extends Comparable<T> declared in method <T,V>setValue(Property<T>,V)
    V extends T declared in method <T,V>setValue(Property<T>,V)
    S extends Object declared in class StateHolder
    O extends Object declared in class StateHolder
G:\Proyectos\Mods_Minecraft\the_sundering\neoforge\26.2\src\main\java\com\skd\thesundering\blocks\Door_of_Seal_Block.java:271: error: method setValue in class StateHolder<O,S> cannot be applied to given types;
                level.setBlock(blockpos3, (BlockState)((BlockState)((BlockState)defaultGongPart.setValue((Property)FACING, (Comparable)((Direction)state.getValue((Property)FACING)))).setValue(PART, (Comparable)((Object)Door_Of_Seal_Part.SIDE_RIGHT))).setValue((Property)Y_OFFSET, (Comparable)Integer.valueOf(i)), 3);
                                                                                                                                                                                      ^
  required: Property<T>,V
  found:    EnumProperty<Door_Of_Seal_Part>,Comparable
  reason: inference variable T has incompatible bounds
    equality constraints: Door_Of_Seal_Part
    lower bounds: V,Comparable
  where T,V,S,O are type-variables:
    T extends Comparable<T> declared in method <T,V>setValue(Property<T>,V)
    V extends T declared in method <T,V>setValue(Property<T>,V)
    S extends Object declared in class StateHolder
    O extends Object declared in class StateHolder
G:\Proyectos\Mods_Minecraft\the_sundering\neoforge\26.2\src\main\java\com\skd\thesundering\blocks\Door_of_Seal_Block.java:272: error: method setValue in class StateHolder<O,S> cannot be applied to given types;
                level.setBlock(blockpos4, (BlockState)((BlockState)((BlockState)defaultGongPart.setValue((Property)FACING, (Comparable)((Direction)state.getValue((Property)FACING)))).setValue(PART, (Comparable)((Object)Door_Of_Seal_Part.END_LEFT))).setValue((Property)Y_OFFSET, (Comparable)Integer.valueOf(i)), 3);
                                                                                                                                                                                      ^
  required: Property<T>,V
  found:    EnumProperty<Door_Of_Seal_Part>,Comparable
  reason: inference variable T has incompatible bounds
    equality constraints: Door_Of_Seal_Part
    lower bounds: V,Comparable
  where T,V,S,O are type-variables:
    T extends Comparable<T> declared in method <T,V>setValue(Property<T>,V)
    V extends T declared in method <T,V>setValue(Property<T>,V)
    S extends Object declared in class StateHolder
    O extends Object declared in class StateHolder
G:\Proyectos\Mods_Minecraft\the_sundering\neoforge\26.2\src\main\java\com\skd\thesundering\blocks\Door_of_Seal_Block.java:273: error: method setValue in class StateHolder<O,S> cannot be applied to given types;
                level.setBlock(blockpos5, (BlockState)((BlockState)((BlockState)defaultGongPart.setValue((Property)FACING, (Comparable)((Direction)state.getValue((Property)FACING)))).setValue(PART, (Comparable)((Object)Door_Of_Seal_Part.END_RIGHT))).setValue((Property)Y_OFFSET, (Comparable)Integer.valueOf(i)), 3);
                                                                                                                                                                                      ^
  required: Property<T>,V
  found:    EnumProperty<Door_Of_Seal_Part>,Comparable
  reason: inference variable T has incompatible bounds
    equality constraints: Door_Of_Seal_Part
    lower bounds: V,Comparable
  where T,V,S,O are type-variables:
    T extends Comparable<T> declared in method <T,V>setValue(Property<T>,V)
    V extends T declared in method <T,V>setValue(Property<T>,V)
    S extends Object declared in class StateHolder
    O extends Object declared in class StateHolder
G:\Proyectos\Mods_Minecraft\the_sundering\neoforge\26.2\src\main\java\com\skd\thesundering\blocks\Door_of_Seal_Block.java:275: error: method setValue in class StateHolder<O,S> cannot be applied to given types;
                    level.setBlock(blockpos2, (BlockState)((BlockState)((BlockState)defaultGongPart.setValue((Property)FACING, (Comparable)((Direction)state.getValue((Property)FACING)))).setValue(PART, (Comparable)((Object)Door_Of_Seal_Part.CENTER))).setValue((Property)Y_OFFSET, (Comparable)Integer.valueOf(i)), 3);
                                                                                                                                                                                          ^
  required: Property<T>,V
  found:    EnumProperty<Door_Of_Seal_Part>,Comparable
  reason: inference variable T has incompatible bounds
    equality constraints: Door_Of_Seal_Part
    lower bounds: V,Comparable
  where T,V,S,O are type-variables:
    T extends Comparable<T> declared in method <T,V>setValue(Property<T>,V)
    V extends T declared in method <T,V>setValue(Property<T>,V)
    S extends Object declared in class StateHolder
    O extends Object declared in class StateHolder
G:\Proyectos\Mods_Minecraft\the_sundering\neoforge\26.2\src\main\java\com\skd\thesundering\blocks\Door_of_Seal_Block.java:277: error: cannot find symbol
                level.blockUpdated(abovePos, Blocks.AIR);
                     ^
  symbol:   method blockUpdated(BlockPos,Block)
  location: variable level of type Level
G:\Proyectos\Mods_Minecraft\the_sundering\neoforge\26.2\src\main\java\com\skd\thesundering\blocks\TrapBlock.java:85: error: random has protected access in Level
        RandomSource random = world.random;
                                   ^
G:\Proyectos\Mods_Minecraft\the_sundering\neoforge\26.2\src\main\java\com\skd\thesundering\blocks\TrapBlock.java:88: error: method isSolidRender in class BlockStateBase cannot be applied to given types;
            if (world.getBlockState(blockpos).isSolidRender((BlockGetter)world, blockpos)) continue;
                                             ^
  required: no arguments
  found:    BlockGetter,BlockPos
  reason: actual and formal argument lists differ in length
G:\Proyectos\Mods_Minecraft\the_sundering\neoforge\26.2\src\main\java\com\skd\thesundering\blocks\TrapBlock.java:98: error: cannot find symbol
        if (entity instanceof LivingEntity && !entity.getType().is(ModTag.TRAP_BLOCK_NOT_DETECTED)) {
                                                               ^
  symbol:   method is(TagKey<EntityType<?>>)
  location: class EntityType<CAP#1>
  where CAP#1 is a fresh type-variable:
    CAP#1 extends Entity from capture of ?
G:\Proyectos\Mods_Minecraft\the_sundering\neoforge\26.2\src\main\java\com\skd\thesundering\blocks\EndStoneTeleportTrapBricks.java:46: error: random has protected access in Level
            double d0 = entity.getX() + (entity.level().random.nextDouble() - 0.5) * 16.0;
                                                       ^
G:\Proyectos\Mods_Minecraft\the_sundering\neoforge\26.2\src\main\java\com\skd\thesundering\blocks\EndStoneTeleportTrapBricks.java:48: error: random has protected access in Level
            double d2 = entity.getZ() + (entity.level().random.nextDouble() - 0.5) * 16.0;
                                                       ^
G:\Proyectos\Mods_Minecraft\the_sundering\neoforge\26.2\src\main\java\com\skd\thesundering\blocks\FacingPillarBlock.java:50: error: method updateShape in class BlockBehaviour cannot be applied to given types;
        BlockState pillar = super.updateShape(state, direction, state1, levelAccessor, blockPos, blockPos1);
                                 ^
  required: BlockState,LevelReader,ScheduledTickAccess,BlockPos,Direction,BlockPos,BlockState,RandomSource
  found:    BlockState,Direction,BlockState,LevelAccessor,BlockPos,BlockPos
  reason: actual and formal argument lists differ in length
G:\Proyectos\Mods_Minecraft\the_sundering\neoforge\26.2\src\main\java\com\skd\thesundering\blocks\Mural_Block.java:123: error: method updateShape in class FaceAttachedHorizontalDirectionalBlock cannot be applied to given types;
        return super.updateShape(p_51555_, p_51556_, p_51557_, p_51558_, p_51559_, p_51560_);
                    ^
  required: BlockState,LevelReader,ScheduledTickAccess,BlockPos,Direction,BlockPos,BlockState,RandomSource
  found:    BlockState,Direction,BlockState,LevelAccessor,BlockPos,BlockPos
  reason: actual and formal argument lists differ in length
G:\Proyectos\Mods_Minecraft\the_sundering\neoforge\26.2\src\main\java\com\skd\thesundering\blocks\Ink_Mural_Block.java:56: error: cannot find symbol
    private static final List<DeferredBlock<Block>> RANDOM_INK = (List)Util.make((Object)Lists.newArrayList(), list -> {
                                                                       ^
  symbol:   variable Util
  location: class Ink_Mural_Block
G:\Proyectos\Mods_Minecraft\the_sundering\neoforge\26.2\src\main\java\com\skd\thesundering\blocks\Ink_Mural_Block.java:78: error: cannot find symbol
            return ItemInteractionResult.sidedSuccess((boolean)level.isClientSide());
                   ^
  symbol:   variable ItemInteractionResult
  location: class Ink_Mural_Block
G:\Proyectos\Mods_Minecraft\the_sundering\neoforge\26.2\src\main\java\com\skd\thesundering\blocks\Ink_Mural_Block.java:86: error: cannot find symbol
            BlockState mural = (BlockState)((BlockState)((BlockState)((Block)((DeferredBlock)Util.getRandom(RANDOM_INK, (RandomSource)level.getRandom())).get()).defaultBlockState().setValue((Property)WATERLOGGED, (Comparable)Boolean.valueOf(water))).setValue((Property)FACE, (Comparable)face)).setValue((Property)FACING, (Comparable)facing);
                                                                                             ^
  symbol:   variable Util
  location: class Ink_Mural_Block
G:\Proyectos\Mods_Minecraft\the_sundering\neoforge\26.2\src\main\java\com\skd\thesundering\blocks\Ink_Mural_Block.java:92: error: incompatible types: Object cannot be converted to Item
        player.awardStat(Stats.ITEM_USED.get((Object)item));
                                             ^
G:\Proyectos\Mods_Minecraft\the_sundering\neoforge\26.2\src\main\java\com\skd\thesundering\blocks\Ink_Mural_Block.java:93: error: cannot find symbol
        return ItemInteractionResult.sidedSuccess((boolean)level.isClientSide());
               ^
  symbol:   variable ItemInteractionResult
  location: class Ink_Mural_Block
G:\Proyectos\Mods_Minecraft\the_sundering\neoforge\26.2\src\main\java\com\skd\thesundering\blocks\ObsidianExplosionTrapBricks.java:106: error: random has protected access in Level
        RandomSource random = world.random;
                                   ^
G:\Proyectos\Mods_Minecraft\the_sundering\neoforge\26.2\src\main\java\com\skd\thesundering\blocks\ObsidianExplosionTrapBricks.java:109: error: method isSolidRender in class BlockStateBase cannot be applied to given types;
            if (world.getBlockState(blockpos).isSolidRender((BlockGetter)world, blockpos)) continue;
                                             ^
  required: no arguments
  found:    BlockGetter,BlockPos
  reason: actual and formal argument lists differ in length
G:\Proyectos\Mods_Minecraft\the_sundering\neoforge\26.2\src\main\java\com\skd\thesundering\blocks\ObsidianExplosionTrapBricks.java:119: error: cannot find symbol
        if (entity instanceof LivingEntity && !entity.getType().is(ModTag.TRAP_BLOCK_NOT_DETECTED)) {
                                                               ^
  symbol:   method is(TagKey<EntityType<?>>)
  location: class EntityType<CAP#1>
  where CAP#1 is a fresh type-variable:
    CAP#1 extends Entity from capture of ?
G:\Proyectos\Mods_Minecraft\the_sundering\neoforge\26.2\src\main\java\com\skd\thesundering\blocks\PointedIcicleBlock.java:101: error: cannot find symbol
    public static final EnumProperty<DripstoneThickness> THICKNESS = BlockStateProperties.DRIPSTONE_THICKNESS;
                                                                                         ^
  symbol:   variable DRIPSTONE_THICKNESS
  location: class BlockStateProperties
G:\Proyectos\Mods_Minecraft\the_sundering\neoforge\26.2\src\main\java\com\skd\thesundering\blocks\PointedIcicleBlock.java:132: error: cannot find symbol
        this.registerDefaultState((BlockState)((BlockState)((BlockState)((BlockState)this.stateDefinition.any()).setValue((Property)TIP_DIRECTION, (Comparable)Direction.UP)).setValue(THICKNESS, (Comparable)DripstoneThickness.TIP)).setValue((Property)WATERLOGGED, (Comparable)Boolean.valueOf(false)));
                                                                                                                                                                                                              ^
  symbol:   variable DripstoneThickness
  location: class PointedIcicleBlock
G:\Proyectos\Mods_Minecraft\the_sundering\neoforge\26.2\src\main\java\com\skd\thesundering\blocks\PointedIcicleBlock.java:151: error: incompatible types: Object cannot be converted to Block
        if (direction == Direction.DOWN && p_154150_.getBlockTicks().hasScheduledTick(p_154151_, (Object)this)) {
                                                                                                 ^
G:\Proyectos\Mods_Minecraft\the_sundering\neoforge\26.2\src\main\java\com\skd\thesundering\blocks\PointedIcicleBlock.java:162: error: cannot find symbol
        boolean flag = p_154147_.getValue(THICKNESS) == DripstoneThickness.TIP_MERGE;
                                                        ^
  symbol:   variable DripstoneThickness
  location: class PointedIcicleBlock
G:\Proyectos\Mods_Minecraft\the_sundering\neoforge\26.2\src\main\java\com\skd\thesundering\blocks\PointedIcicleBlock.java:163: error: cannot find symbol
        DripstoneThickness dripstonethickness = PointedIcicleBlock.calculateDripstoneThickness((LevelReader)p_154150_, p_154151_, direction, flag);
        ^
  symbol:   class DripstoneThickness
  location: class PointedIcicleBlock
G:\Proyectos\Mods_Minecraft\the_sundering\neoforge\26.2\src\main\java\com\skd\thesundering\blocks\PointedIcicleBlock.java:169: error: incompatible types: Level cannot be converted to ServerLevel
        if (!p_154042_.isClientSide() && p_154045_.mayInteract(p_154042_, blockpos) && p_154045_ instanceof ThrownTrident && p_154045_.getDeltaMovement().length() > 0.6) {
                                                               ^
G:\Proyectos\Mods_Minecraft\the_sundering\neoforge\26.2\src\main\java\com\skd\thesundering\blocks\PointedIcicleBlock.java:169: error: cannot find symbol
        if (!p_154042_.isClientSide() && p_154045_.mayInteract(p_154042_, blockpos) && p_154045_ instanceof ThrownTrident && p_154045_.getDeltaMovement().length() > 0.6) {
                                                                                                            ^
  symbol:   class ThrownTrident
  location: class PointedIcicleBlock
G:\Proyectos\Mods_Minecraft\the_sundering\neoforge\26.2\src\main\java\com\skd\thesundering\blocks\PointedIcicleBlock.java:175: error: cannot find symbol
        if (p_154048_.getValue((Property)TIP_DIRECTION) == Direction.UP && p_154048_.getValue(THICKNESS) == DripstoneThickness.TIP) {
                                                                                                            ^
  symbol:   variable DripstoneThickness
  location: class PointedIcicleBlock
G:\Proyectos\Mods_Minecraft\the_sundering\neoforge\26.2\src\main\java\com\skd\thesundering\blocks\PointedIcicleBlock.java:206: error: cannot find symbol
        DripstoneThickness dripstonethickness = PointedIcicleBlock.calculateDripstoneThickness((LevelReader)levelaccessor, blockpos, direction1, flag);
        ^
  symbol:   class DripstoneThickness
  location: class PointedIcicleBlock
G:\Proyectos\Mods_Minecraft\the_sundering\neoforge\26.2\src\main\java\com\skd\thesundering\blocks\PointedIcicleBlock.java:219: error: cannot find symbol
        DripstoneThickness dripstonethickness = (DripstoneThickness)p_154117_.getValue(THICKNESS);
        ^
  symbol:   class DripstoneThickness
  location: class PointedIcicleBlock
G:\Proyectos\Mods_Minecraft\the_sundering\neoforge\26.2\src\main\java\com\skd\thesundering\blocks\PointedIcicleBlock.java:219: error: cannot find symbol
        DripstoneThickness dripstonethickness = (DripstoneThickness)p_154117_.getValue(THICKNESS);
                                                 ^
  symbol:   class DripstoneThickness
  location: class PointedIcicleBlock
G:\Proyectos\Mods_Minecraft\the_sundering\neoforge\26.2\src\main\java\com\skd\thesundering\blocks\PointedIcicleBlock.java:220: error: cannot find symbol
        VoxelShape voxelshape = dripstonethickness == DripstoneThickness.TIP_MERGE ? TIP_MERGE_SHAPE : (dripstonethickness == DripstoneThickness.TIP ? (p_154117_.getValue((Property)TIP_DIRECTION) == Direction.DOWN ? TIP_SHAPE_DOWN : TIP_SHAPE_UP) : (dripstonethickness == DripstoneThickness.FRUSTUM ? FRUSTUM_SHAPE : (dripstonethickness == DripstoneThickness.MIDDLE ? MIDDLE_SHAPE : BASE_SHAPE)));
                                                      ^
  symbol:   variable DripstoneThickness
  location: class PointedIcicleBlock
G:\Proyectos\Mods_Minecraft\the_sundering\neoforge\26.2\src\main\java\com\skd\thesundering\blocks\PointedIcicleBlock.java:220: error: cannot find symbol
        VoxelShape voxelshape = dripstonethickness == DripstoneThickness.TIP_MERGE ? TIP_MERGE_SHAPE : (dripstonethickness == DripstoneThickness.TIP ? (p_154117_.getValue((Property)TIP_DIRECTION) == Direction.DOWN ? TIP_SHAPE_DOWN : TIP_SHAPE_UP) : (dripstonethickness == DripstoneThickness.FRUSTUM ? FRUSTUM_SHAPE : (dripstonethickness == DripstoneThickness.MIDDLE ? MIDDLE_SHAPE : BASE_SHAPE)));
                                                                                                                              ^
  symbol:   variable DripstoneThickness
  location: class PointedIcicleBlock
G:\Proyectos\Mods_Minecraft\the_sundering\neoforge\26.2\src\main\java\com\skd\thesundering\blocks\PointedIcicleBlock.java:220: error: cannot find symbol
        VoxelShape voxelshape = dripstonethickness == DripstoneThickness.TIP_MERGE ? TIP_MERGE_SHAPE : (dripstonethickness == DripstoneThickness.TIP ? (p_154117_.getValue((Property)TIP_DIRECTION) == Direction.DOWN ? TIP_SHAPE_DOWN : TIP_SHAPE_UP) : (dripstonethickness == DripstoneThickness.FRUSTUM ? FRUSTUM_SHAPE : (dripstonethickness == DripstoneThickness.MIDDLE ? MIDDLE_SHAPE : BASE_SHAPE)));
                                                                                                                                                                                                                                                                                ^
  symbol:   variable DripstoneThickness
  location: class PointedIcicleBlock
G:\Proyectos\Mods_Minecraft\the_sundering\neoforge\26.2\src\main\java\com\skd\thesundering\blocks\PointedIcicleBlock.java:220: error: cannot find symbol
        VoxelShape voxelshape = dripstonethickness == DripstoneThickness.TIP_MERGE ? TIP_MERGE_SHAPE : (dripstonethickness == DripstoneThickness.TIP ? (p_154117_.getValue((Property)TIP_DIRECTION) == Direction.DOWN ? TIP_SHAPE_DOWN : TIP_SHAPE_UP) : (dripstonethickness == DripstoneThickness.FRUSTUM ? FRUSTUM_SHAPE : (dripstonethickness == DripstoneThickness.MIDDLE ? MIDDLE_SHAPE : BASE_SHAPE)));
                                                                                                                                                                                                                                                                                                                                                    ^
  symbol:   variable DripstoneThickness
  location: class PointedIcicleBlock
G:\Proyectos\Mods_Minecraft\the_sundering\neoforge\26.2\src\main\java\com\skd\thesundering\blocks\PointedIcicleBlock.java:221: error: method getOffset in class BlockStateBase cannot be applied to given types;
        Vec3 vec3 = p_154117_.getOffset(p_154118_, p_154119_);
                             ^
  required: BlockPos
  found:    BlockGetter,BlockPos
  reason: actual and formal argument lists differ in length
G:\Proyectos\Mods_Minecraft\the_sundering\neoforge\26.2\src\main\java\com\skd\thesundering\blocks\PointedIcicleBlock.java:300: error: cannot find symbol
            PointedIcicleBlock.createDripstone((LevelAccessor)p_154036_, blockpos, p_154038_, DripstoneThickness.TIP);
                                                                                              ^
  symbol:   variable DripstoneThickness
  location: class PointedIcicleBlock
G:\Proyectos\Mods_Minecraft\the_sundering\neoforge\26.2\src\main\java\com\skd\thesundering\blocks\PointedIcicleBlock.java:319: error: cannot find symbol
        PointedIcicleBlock.createDripstone(p_154232_, blockpos, Direction.DOWN, DripstoneThickness.TIP_MERGE);
                                                                                ^
  symbol:   variable DripstoneThickness
  location: class PointedIcicleBlock
G:\Proyectos\Mods_Minecraft\the_sundering\neoforge\26.2\src\main\java\com\skd\thesundering\blocks\PointedIcicleBlock.java:320: error: cannot find symbol
        PointedIcicleBlock.createDripstone(p_154232_, blockpos1, Direction.UP, DripstoneThickness.TIP_MERGE);
                                                                               ^
  symbol:   variable DripstoneThickness
  location: class PointedIcicleBlock
G:\Proyectos\Mods_Minecraft\the_sundering\neoforge\26.2\src\main\java\com\skd\thesundering\blocks\PointedIcicleBlock.java:351: error: cannot find symbol
            return !p_154096_ && blockstate.getValue(THICKNESS) != DripstoneThickness.TIP_MERGE ? DripstoneThickness.TIP : DripstoneThickness.TIP_MERGE;
                                                                   ^
  symbol:   variable DripstoneThickness
  location: class PointedIcicleBlock
G:\Proyectos\Mods_Minecraft\the_sundering\neoforge\26.2\src\main\java\com\skd\thesundering\blocks\PointedIcicleBlock.java:351: error: cannot find symbol
            return !p_154096_ && blockstate.getValue(THICKNESS) != DripstoneThickness.TIP_MERGE ? DripstoneThickness.TIP : DripstoneThickness.TIP_MERGE;
                                                                                                  ^
  symbol:   variable DripstoneThickness
  location: class PointedIcicleBlock
G:\Proyectos\Mods_Minecraft\the_sundering\neoforge\26.2\src\main\java\com\skd\thesundering\blocks\PointedIcicleBlock.java:351: error: cannot find symbol
            return !p_154096_ && blockstate.getValue(THICKNESS) != DripstoneThickness.TIP_MERGE ? DripstoneThickness.TIP : DripstoneThickness.TIP_MERGE;
                                                                                                                           ^
  symbol:   variable DripstoneThickness
  location: class PointedIcicleBlock
G:\Proyectos\Mods_Minecraft\the_sundering\neoforge\26.2\src\main\java\com\skd\thesundering\blocks\PointedIcicleBlock.java:354: error: cannot find symbol
            return DripstoneThickness.TIP;
                   ^
  symbol:   variable DripstoneThickness
  location: class PointedIcicleBlock
G:\Proyectos\Mods_Minecraft\the_sundering\neoforge\26.2\src\main\java\com\skd\thesundering\blocks\PointedIcicleBlock.java:356: error: cannot find symbol
        DripstoneThickness dripstonethickness = (DripstoneThickness)blockstate.getValue(THICKNESS);
        ^
  symbol:   class DripstoneThickness
  location: class PointedIcicleBlock
G:\Proyectos\Mods_Minecraft\the_sundering\neoforge\26.2\src\main\java\com\skd\thesundering\blocks\PointedIcicleBlock.java:356: error: cannot find symbol
        DripstoneThickness dripstonethickness = (DripstoneThickness)blockstate.getValue(THICKNESS);
                                                 ^
  symbol:   class DripstoneThickness
  location: class PointedIcicleBlock
G:\Proyectos\Mods_Minecraft\the_sundering\neoforge\26.2\src\main\java\com\skd\thesundering\blocks\PointedIcicleBlock.java:357: error: cannot find symbol
        if (dripstonethickness != DripstoneThickness.TIP && dripstonethickness != DripstoneThickness.TIP_MERGE) {
                                  ^
  symbol:   variable DripstoneThickness
  location: class PointedIcicleBlock
G:\Proyectos\Mods_Minecraft\the_sundering\neoforge\26.2\src\main\java\com\skd\thesundering\blocks\PointedIcicleBlock.java:357: error: cannot find symbol
        if (dripstonethickness != DripstoneThickness.TIP && dripstonethickness != DripstoneThickness.TIP_MERGE) {
                                                                                  ^
  symbol:   variable DripstoneThickness
  location: class PointedIcicleBlock
G:\Proyectos\Mods_Minecraft\the_sundering\neoforge\26.2\src\main\java\com\skd\thesundering\blocks\PointedIcicleBlock.java:359: error: cannot find symbol
            return !PointedIcicleBlock.isPointedDripstoneWithDirection(blockstate1, p_154095_) ? DripstoneThickness.BASE : DripstoneThickness.MIDDLE;
                                                                                                 ^
  symbol:   variable DripstoneThickness
  location: class PointedIcicleBlock
G:\Proyectos\Mods_Minecraft\the_sundering\neoforge\26.2\src\main\java\com\skd\thesundering\blocks\PointedIcicleBlock.java:359: error: cannot find symbol
            return !PointedIcicleBlock.isPointedDripstoneWithDirection(blockstate1, p_154095_) ? DripstoneThickness.BASE : DripstoneThickness.MIDDLE;
                                                                                                                           ^
  symbol:   variable DripstoneThickness
  location: class PointedIcicleBlock
G:\Proyectos\Mods_Minecraft\the_sundering\neoforge\26.2\src\main\java\com\skd\thesundering\blocks\PointedIcicleBlock.java:361: error: cannot find symbol
        return DripstoneThickness.FRUSTUM;
               ^
  symbol:   variable DripstoneThickness
  location: class PointedIcicleBlock
G:\Proyectos\Mods_Minecraft\the_sundering\neoforge\26.2\src\main\java\com\skd\thesundering\blocks\PointedIcicleBlock.java:365: error: cannot find symbol
        return PointedIcicleBlock.isStalactite(p_154239_) && p_154239_.getValue(THICKNESS) == DripstoneThickness.TIP && (Boolean)p_154239_.getValue((Property)WATERLOGGED) == false;
                                                                                              ^
  symbol:   variable DripstoneThickness
  location: class PointedIcicleBlock
G:\Proyectos\Mods_Minecraft\the_sundering\neoforge\26.2\src\main\java\com\skd\thesundering\blocks\PointedIcicleBlock.java:394: error: cannot find symbol
        DripstoneThickness dripstonethickness = (DripstoneThickness)p_154154_.getValue(THICKNESS);
        ^
  symbol:   class DripstoneThickness
  location: class PointedIcicleBlock
G:\Proyectos\Mods_Minecraft\the_sundering\neoforge\26.2\src\main\java\com\skd\thesundering\blocks\PointedIcicleBlock.java:394: error: cannot find symbol
        DripstoneThickness dripstonethickness = (DripstoneThickness)p_154154_.getValue(THICKNESS);
                                                 ^
  symbol:   class DripstoneThickness
  location: class PointedIcicleBlock
G:\Proyectos\Mods_Minecraft\the_sundering\neoforge\26.2\src\main\java\com\skd\thesundering\blocks\PointedIcicleBlock.java:395: error: cannot find symbol
        return dripstonethickness == DripstoneThickness.TIP || p_154155_ && dripstonethickness == DripstoneThickness.TIP_MERGE;
                                     ^
  symbol:   variable DripstoneThickness
  location: class PointedIcicleBlock
G:\Proyectos\Mods_Minecraft\the_sundering\neoforge\26.2\src\main\java\com\skd\thesundering\blocks\PointedIcicleBlock.java:395: error: cannot find symbol
        return dripstonethickness == DripstoneThickness.TIP || p_154155_ && dripstonethickness == DripstoneThickness.TIP_MERGE;
                                                                                                  ^
  symbol:   variable DripstoneThickness
  location: class PointedIcicleBlock
G:\Proyectos\Mods_Minecraft\the_sundering\neoforge\26.2\src\main\java\com\skd\thesundering\blocks\PointedIcicleBlock.java:445: error: method isSolidRender in class BlockStateBase cannot be applied to given types;
        if (p_202020_.isSolidRender(p_202018_, p_202019_)) {
                     ^
  required: no arguments
  found:    BlockGetter,BlockPos
  reason: actual and formal argument lists differ in length
G:\Proyectos\Mods_Minecraft\the_sundering\neoforge\26.2\src\main\java\com\skd\thesundering\blocks\Property\CustomNoteBlockInstrument.java:18: error: Type has private access in NoteBlockInstrument
    KOBOLEDIATOR("kobolediator", (Holder)ModSounds.NOTE_BLOCK_IMITATE_KOBOLEDIATOR, NoteBlockInstrument.Type.MOB_HEAD),
                                                                                                       ^
G:\Proyectos\Mods_Minecraft\the_sundering\neoforge\26.2\src\main\java\com\skd\thesundering\blocks\Property\CustomNoteBlockInstrument.java:19: error: Type has private access in NoteBlockInstrument
    APTRGANGR("aptrgangr", (Holder)ModSounds.NOTE_BLOCK_IMITATE_APTRGANGR, NoteBlockInstrument.Type.MOB_HEAD),
                                                                                              ^
G:\Proyectos\Mods_Minecraft\the_sundering\neoforge\26.2\src\main\java\com\skd\thesundering\blocks\Property\CustomNoteBlockInstrument.java:20: error: Type has private access in NoteBlockInstrument
    DRAUGR("draugr", (Holder)ModSounds.NOTE_BLOCK_IMITATE_DRAUGR, NoteBlockInstrument.Type.MOB_HEAD);
                                                                                     ^
G:\Proyectos\Mods_Minecraft\the_sundering\neoforge\26.2\src\main\java\com\skd\thesundering\blocks\PurpurVoidRuneTrapBlock.java:46: error: no suitable method found for create(Level)
            Void_Rune_Entity voidrune = (Void_Rune_Entity)((EntityType)ModEntities.VOID_RUNE.get()).create(world);
                                                                                                   ^
    method EntityType.create(ServerLevel,PostSpawnProcessor,BlockPos,EntitySpawnReason,boolean,boolean) is not applicable
      (actual and formal argument lists differ in length)
    method EntityType.create(Level,EntitySpawnReason) is not applicable
      (actual and formal argument lists differ in length)
    method EntityType.create(Level,EntitySpawnRequest) is not applicable
      (actual and formal argument lists differ in length)
    method EntityType.create(ValueInput,Level,EntitySpawnRequest) is not applicable
      (actual and formal argument lists differ in length)
    method EntityType.create(EntityType<?>,ValueInput,Level,EntitySpawnReason) is not applicable
      (actual and formal argument lists differ in length)
G:\Proyectos\Mods_Minecraft\the_sundering\neoforge\26.2\src\main\java\com\skd\thesundering\blocks\PurpurVoidRuneTrapBlock.java:48: error: cannot find symbol
                voidrune.moveTo((double)pos.getX() + 0.5, pos.getY() + 1, (double)pos.getZ() + 0.5, 0.0f, 0.0f);
                        ^
  symbol:   method moveTo(double,int,double,float,float)
  location: variable voidrune of type Void_Rune_Entity
G:\Proyectos\Mods_Minecraft\the_sundering\neoforge\26.2\src\main\java\com\skd\thesundering\blocks\PurpurVoidRuneTrapBlock.java:52: error: cannot find symbol
            ((LivingEntity)entity).addEffect(new MobEffectInstance(MobEffects.MOVEMENT_SLOWDOWN, 50, 3));
                                                                             ^
  symbol:   variable MOVEMENT_SLOWDOWN
  location: class MobEffects
G:\Proyectos\Mods_Minecraft\the_sundering\neoforge\26.2\src\main\java\com\skd\thesundering\blocks\SandStoneTrapBlock.java:72: error: cannot find symbol
        if (entity instanceof LivingEntity && !entity.getType().is(ModTag.SANDSTONE_TRAP_NOT_DETECTED)) {
                                                               ^
  symbol:   method is(TagKey<EntityType<?>>)
  location: class EntityType<CAP#1>
  where CAP#1 is a fresh type-variable:
    CAP#1 extends Entity from capture of ?
G:\Proyectos\Mods_Minecraft\the_sundering\neoforge\26.2\src\main\java\com\skd\thesundering\blocks\Sandstone_Falling_Trap.java:42: error: cannot find symbol
        if (!((Boolean)state.getValue((Property)LIT)).booleanValue() && Sandstone_Falling_Trap.shouldTrigger(entity) && Sandstone_Falling_Trap.isFree(world.getBlockState(pos.below())) && pos.getY() >= world.getMinBuildHeight()) {
                                                                                                                                                                                                              ^
  symbol:   method getMinBuildHeight()
  location: variable world of type Level
G:\Proyectos\Mods_Minecraft\the_sundering\neoforge\26.2\src\main\java\com\skd\thesundering\blocks\Sandstone_Ignite_Trap.java:95: error: cannot find symbol
        if (entity instanceof LivingEntity && !entity.getType().is(ModTag.SANDSTONE_TRAP_NOT_DETECTED)) {
                                                               ^
  symbol:   method is(TagKey<EntityType<?>>)
  location: class EntityType<CAP#1>
  where CAP#1 is a fresh type-variable:
    CAP#1 extends Entity from capture of ?
G:\Proyectos\Mods_Minecraft\the_sundering\neoforge\26.2\src\main\java\com\skd\thesundering\blocks\Sandstone_Ignite_Trap.java:111: error: random has protected access in Level
            world.playLocalSound((double)pos.getX() + 0.5, (double)pos.getY() + 0.5, (double)pos.getZ() + 0.5, (SoundEvent)ModSounds.FLAME_TRAP.get(), SoundSource.BLOCKS, 1.0f + world.random.nextFloat(), world.random.nextFloat() * 0.7f + 0.3f, false);
                                                                                                                                                                                       ^
G:\Proyectos\Mods_Minecraft\the_sundering\neoforge\26.2\src\main\java\com\skd\thesundering\blocks\Sandstone_Ignite_Trap.java:111: error: random has protected access in Level
            world.playLocalSound((double)pos.getX() + 0.5, (double)pos.getY() + 0.5, (double)pos.getZ() + 0.5, (SoundEvent)ModSounds.FLAME_TRAP.get(), SoundSource.BLOCKS, 1.0f + world.random.nextFloat(), world.random.nextFloat() * 0.7f + 0.3f, false);
                                                                                                                                                                                                                 ^
G:\Proyectos\Mods_Minecraft\the_sundering\neoforge\26.2\src\main\java\com\skd\thesundering\blocks\Statue_Block.java:100: error: method setValue in class StateHolder<O,S> cannot be applied to given types;
        this.registerDefaultState((BlockState)((BlockState)this.defaultBlockState().setValue((Property)FACING, (Comparable)Direction.NORTH)).setValue(HALF, (Comparable)DoubleBlockHalf.LOWER));
                                                                                                                                            ^
  required: Property<T>,V
  found:    EnumProperty<DoubleBlockHalf>,Comparable
  reason: inference variable T has incompatible bounds
    equality constraints: DoubleBlockHalf
    lower bounds: V,Comparable
  where T,V,S,O are type-variables:
    T extends Comparable<T> declared in method <T,V>setValue(Property<T>,V)
    V extends T declared in method <T,V>setValue(Property<T>,V)
    S extends Object declared in class StateHolder
    O extends Object declared in class StateHolder
G:\Proyectos\Mods_Minecraft\the_sundering\neoforge\26.2\src\main\java\com\skd\thesundering\blocks\Statue_Block.java:104: error: cannot find symbol
        return RenderShape.ENTITYBLOCK_ANIMATED;
                          ^
  symbol:   variable ENTITYBLOCK_ANIMATED
  location: class RenderShape
G:\Proyectos\Mods_Minecraft\the_sundering\neoforge\26.2\src\main\java\com\skd\thesundering\blocks\Statue_Block.java:112: error: method updateShape in class BlockBehaviour cannot be applied to given types;
        return super.updateShape(state, facing, facingState, level, currentPos, facingPos);
                    ^
  required: BlockState,LevelReader,ScheduledTickAccess,BlockPos,Direction,BlockPos,BlockState,RandomSource
  found:    BlockState,Direction,BlockState,LevelAccessor,BlockPos,BlockPos
  reason: actual and formal argument lists differ in length
G:\Proyectos\Mods_Minecraft\the_sundering\neoforge\26.2\src\main\java\com\skd\thesundering\blocks\Statue_Block.java:119: error: cannot find symbol
        if (blockpos.getY() < level.getMaxBuildHeight() - 1 && level.getBlockState(blockpos.above()).canBeReplaced(context)) {
                                   ^
  symbol:   method getMaxBuildHeight()
  location: variable level of type Level
G:\Proyectos\Mods_Minecraft\the_sundering\neoforge\26.2\src\main\java\com\skd\thesundering\blocks\Statue_Block.java:120: error: method setValue in class StateHolder<O,S> cannot be applied to given types;
            return (BlockState)((BlockState)this.defaultBlockState().setValue((Property)FACING, (Comparable)context.getHorizontalDirection().getOpposite())).setValue(HALF, (Comparable)DoubleBlockHalf.LOWER);
                                                                                                                                                            ^
  required: Property<T>,V
  found:    EnumProperty<DoubleBlockHalf>,Comparable
  reason: inference variable T has incompatible bounds
    equality constraints: DoubleBlockHalf
    lower bounds: V,Comparable
  where T,V,S,O are type-variables:
    T extends Comparable<T> declared in method <T,V>setValue(Property<T>,V)
    V extends T declared in method <T,V>setValue(Property<T>,V)
    S extends Object declared in class StateHolder
    O extends Object declared in class StateHolder
G:\Proyectos\Mods_Minecraft\the_sundering\neoforge\26.2\src\main\java\com\skd\thesundering\blocks\Statue_Block.java:172: error: method setValue in class StateHolder<O,S> cannot be applied to given types;
        level.setBlock(pos.above(), (BlockState)state.setValue(HALF, (Comparable)DoubleBlockHalf.UPPER), 3);
                                                     ^
  required: Property<T>,V
  found:    EnumProperty<DoubleBlockHalf>,Comparable
  reason: inference variable T has incompatible bounds
    equality constraints: DoubleBlockHalf
    lower bounds: V,Comparable
  where T,V,S,O are type-variables:
    T extends Comparable<T> declared in method <T,V>setValue(Property<T>,V)
    V extends T declared in method <T,V>setValue(Property<T>,V)
    S extends Object declared in class StateHolder
    O extends Object declared in class StateHolder
G:\Proyectos\Mods_Minecraft\the_sundering\neoforge\26.2\src\main\java\com\skd\thesundering\client\animation\AnimationUtils.java:48: error: cannot find symbol
        anim.updateTime(tick, speed);
            ^
  symbol:   method updateTime(float,float)
  location: variable anim of type AnimationState
G:\Proyectos\Mods_Minecraft\the_sundering\neoforge\26.2\src\main\java\com\skd\thesundering\client\animation\AnimationUtils.java:49: error: cannot find symbol
        anim.ifStarted(p_233392_ -> KeyframeAnimations.animate((HierarchicalModel)model, (AnimationDefinition)animDef, (long)p_233392_.getAccumulatedTime(), (float)amplitude, (Vector3f)ANIMATION_VECTOR_CACHE));
                                                                ^
  symbol:   class HierarchicalModel
  location: class AnimationUtils
G:\Proyectos\Mods_Minecraft\the_sundering\neoforge\26.2\src\main\java\com\skd\thesundering\client\animation\AnimationUtils.java:49: error: cannot find symbol
        anim.ifStarted(p_233392_ -> KeyframeAnimations.animate((HierarchicalModel)model, (AnimationDefinition)animDef, (long)p_233392_.getAccumulatedTime(), (float)amplitude, (Vector3f)ANIMATION_VECTOR_CACHE));
                                                                                                                                      ^
  symbol:   method getAccumulatedTime()
  location: variable p_233392_ of type AnimationState
G:\Proyectos\Mods_Minecraft\the_sundering\neoforge\26.2\src\main\java\com\skd\thesundering\client\CustomRarity\CMRarity.java:16: error: incompatible types: Object is not a functional interface
    public static final EnumProxy<Rarity> MALEDICTUS_PROXY = new EnumProxy(Rarity.class, new Object[]{-1, "cataclysm:maledictus", style -> style.withColor(CMRarity.getPulsingColor(2000L, 7733218, 1534809))});
                                                                                                                                  ^
G:\Proyectos\Mods_Minecraft\the_sundering\neoforge\26.2\src\main\java\com\skd\thesundering\client\CustomRarity\CMRarity.java:17: error: incompatible types: Object is not a functional interface
    public static final EnumProxy<Rarity> IGNITIUM_PROXY = new EnumProxy(Rarity.class, new Object[]{-1, "cataclysm:ignitium", style -> style.withColor(CMRarity.getPulsingColor(2000L, 16766783, 10173952))});
                                                                                                                              ^
G:\Proyectos\Mods_Minecraft\the_sundering\neoforge\26.2\src\main\java\com\skd\thesundering\client\CustomRarity\CMRarity.java:18: error: incompatible types: Object is not a functional interface
    public static final EnumProxy<Rarity> MALGNIS_PROXY = new EnumProxy(Rarity.class, new Object[]{-1, "cataclysm:malgis", style -> style.withColor(CMRarity.getPulsingColor(2000L, 7733218, 16766783))});
                                                                                                                           ^
G:\Proyectos\Mods_Minecraft\the_sundering\neoforge\26.2\src\main\java\com\skd\thesundering\client\event\ClientEvent.java:225: error: cannot find symbol
        Entity cameraEntity = event.getCamera().getEntity();
                                               ^
  symbol:   method getEntity()
  location: class Camera
G:\Proyectos\Mods_Minecraft\the_sundering\neoforge\26.2\src\main\java\com\skd\thesundering\client\event\ClientEvent.java:226: error: cannot find symbol
        float partialTick = event.getCamera().getPartialTickTime();
                                             ^
  symbol:   method getPartialTickTime()
  location: class Camera
G:\Proyectos\Mods_Minecraft\the_sundering\neoforge\26.2\src\main\java\com\skd\thesundering\client\event\ClientEvent.java:238: error: getMaxZoom(float) has private access in Camera
            float floorzoom = event.getCamera().getMaxZoom(zoom);
                                               ^
G:\Proyectos\Mods_Minecraft\the_sundering\neoforge\26.2\src\main\java\com\skd\thesundering\client\event\ClientEvent.java:247: error: move(float,float,float) has protected access in Camera
            event.getCamera().move(-floorzoom, dy, 0.0f);
                             ^
G:\Proyectos\Mods_Minecraft\the_sundering\neoforge\26.2\src\main\java\com\skd\thesundering\client\event\ClientEvent.java:256: error: cannot find symbol
            case InputConstants.Type.KEYSYM -> InputConstants.isKeyDown((long)Minecraft.getInstance().getWindow().getWindow(), (int)keybind.getKey().getValue());
                                                                                                                 ^
  symbol:   method getWindow()
  location: class Window
G:\Proyectos\Mods_Minecraft\the_sundering\neoforge\26.2\src\main\java\com\skd\thesundering\client\event\ClientEvent.java:256: error: incompatible types: long cannot be converted to Window
            case InputConstants.Type.KEYSYM -> InputConstants.isKeyDown((long)Minecraft.getInstance().getWindow().getWindow(), (int)keybind.getKey().getValue());
                                                                        ^
G:\Proyectos\Mods_Minecraft\the_sundering\neoforge\26.2\src\main\java\com\skd\thesundering\client\event\ClientEvent.java:258: error: cannot find symbol
                if (GLFW.glfwGetMouseButton((long)Minecraft.getInstance().getWindow().getWindow(), (int)keybind.getKey().getValue()) == 1) {
                                                                                     ^
  symbol:   method getWindow()
  location: class Window
G:\Proyectos\Mods_Minecraft\the_sundering\neoforge\26.2\src\main\java\com\skd\thesundering\client\event\ClientEvent.java:271: error: cannot find symbol
                event.getInput().forwardImpulse *= -1.0f;
                                ^
  symbol:   variable forwardImpulse
  location: class ClientInput
G:\Proyectos\Mods_Minecraft\the_sundering\neoforge\26.2\src\main\java\com\skd\thesundering\client\event\ClientEvent.java:274: error: cannot find symbol
                event.getInput().leftImpulse *= -1.0f;
                                ^
  symbol:   variable leftImpulse
  location: class ClientInput
G:\Proyectos\Mods_Minecraft\the_sundering\neoforge\26.2\src\main\java\com\skd\thesundering\client\event\ClientEvent.java:277: error: cannot find symbol
                event.getInput().leftImpulse *= -1.0f;
                                ^
  symbol:   variable leftImpulse
  location: class ClientInput
G:\Proyectos\Mods_Minecraft\the_sundering\neoforge\26.2\src\main\java\com\skd\thesundering\client\event\ClientEvent.java:280: error: cannot find symbol
                event.getInput().forwardImpulse *= -1.0f;
                                ^
  symbol:   variable forwardImpulse
  location: class ClientInput
G:\Proyectos\Mods_Minecraft\the_sundering\neoforge\26.2\src\main\java\com\skd\thesundering\client\event\ClientEvent.java:291: error: cannot find symbol
                    Minecraft.getInstance().gui.setOverlayMessage((Component)Component.translatable((String)"entity.cataclysm.you_cant_escape"), false);
                                               ^
  symbol:   method setOverlayMessage(Component,boolean)
  location: variable gui of type Gui
G:\Proyectos\Mods_Minecraft\the_sundering\neoforge\26.2\src\main\java\com\skd\thesundering\client\event\ClientEvent.java:294: error: cannot find symbol
                    Minecraft.getInstance().gui.setOverlayMessage((Component)Component.translatable((String)"entity.cataclysm.accretion_ride"), false);
                                               ^
  symbol:   method setOverlayMessage(Component,boolean)
  location: variable gui of type Gui
G:\Proyectos\Mods_Minecraft\the_sundering\neoforge\26.2\src\main\java\com\skd\thesundering\client\event\ClientEvent.java:306: error: cannot find symbol
        if (player == null || VanillaGuiLayers.AIR_LEVEL != event.getName() || mc.options.hideGui || ClientEvent.shouldDrawSurvivalElements()) {
                                                                                         ^
  symbol:   variable hideGui
  location: variable options of type Options
G:\Proyectos\Mods_Minecraft\the_sundering\neoforge\26.2\src\main\java\com\skd\thesundering\client\event\ClientEvent.java:324: error: cannot find symbol
        LivingEntity player = event.getEntity();
                                   ^
  symbol:   method getEntity()
  location: variable event of type Pre
G:\Proyectos\Mods_Minecraft\the_sundering\neoforge\26.2\src\main\java\com\skd\thesundering\client\event\ClientEvent.java:333: error: cannot find symbol
            ivertexbuilder = ItemRenderer.getArmorFoilBuffer((MultiBufferSource)event.getMultiBufferSource(), (RenderType)RenderType.entityTranslucentEmissive((Identifier)FLAME_STRIKE), (boolean)true);
                                                              ^
  symbol:   class MultiBufferSource
  location: class ClientEvent
G:\Proyectos\Mods_Minecraft\the_sundering\neoforge\26.2\src\main\java\com\skd\thesundering\client\event\ClientEvent.java:333: error: cannot find symbol
            ivertexbuilder = ItemRenderer.getArmorFoilBuffer((MultiBufferSource)event.getMultiBufferSource(), (RenderType)RenderType.entityTranslucentEmissive((Identifier)FLAME_STRIKE), (boolean)true);
                                                                                     ^
  symbol:   method getMultiBufferSource()
  location: variable event of type Pre
G:\Proyectos\Mods_Minecraft\the_sundering\neoforge\26.2\src\main\java\com\skd\thesundering\client\event\ClientEvent.java:333: error: cannot find symbol
            ivertexbuilder = ItemRenderer.getArmorFoilBuffer((MultiBufferSource)event.getMultiBufferSource(), (RenderType)RenderType.entityTranslucentEmissive((Identifier)FLAME_STRIKE), (boolean)true);
                                                                                                                                    ^
  symbol:   method entityTranslucentEmissive(Identifier)
  location: class RenderType
G:\Proyectos\Mods_Minecraft\the_sundering\neoforge\26.2\src\main\java\com\skd\thesundering\client\event\ClientEvent.java:333: error: cannot find symbol
            ivertexbuilder = ItemRenderer.getArmorFoilBuffer((MultiBufferSource)event.getMultiBufferSource(), (RenderType)RenderType.entityTranslucentEmissive((Identifier)FLAME_STRIKE), (boolean)true);
                             ^
  symbol:   variable ItemRenderer
  location: class ClientEvent
G:\Proyectos\Mods_Minecraft\the_sundering\neoforge\26.2\src\main\java\com\skd\thesundering\client\event\ClientEvent.java:350: error: cannot find symbol
            ivertexbuilder = ItemRenderer.getArmorFoilBuffer((MultiBufferSource)event.getMultiBufferSource(), (RenderType)RenderType.entityTranslucentEmissive((Identifier)FLAME_STRIKE), (boolean)true);
                                                              ^
  symbol:   class MultiBufferSource
  location: class ClientEvent
G:\Proyectos\Mods_Minecraft\the_sundering\neoforge\26.2\src\main\java\com\skd\thesundering\client\event\ClientEvent.java:350: error: cannot find symbol
            ivertexbuilder = ItemRenderer.getArmorFoilBuffer((MultiBufferSource)event.getMultiBufferSource(), (RenderType)RenderType.entityTranslucentEmissive((Identifier)FLAME_STRIKE), (boolean)true);
                                                                                     ^
  symbol:   method getMultiBufferSource()
  location: variable event of type Pre
G:\Proyectos\Mods_Minecraft\the_sundering\neoforge\26.2\src\main\java\com\skd\thesundering\client\event\ClientEvent.java:350: error: cannot find symbol
            ivertexbuilder = ItemRenderer.getArmorFoilBuffer((MultiBufferSource)event.getMultiBufferSource(), (RenderType)RenderType.entityTranslucentEmissive((Identifier)FLAME_STRIKE), (boolean)true);
                                                                                                                                    ^
  symbol:   method entityTranslucentEmissive(Identifier)
  location: class RenderType
G:\Proyectos\Mods_Minecraft\the_sundering\neoforge\26.2\src\main\java\com\skd\thesundering\client\event\ClientEvent.java:350: error: cannot find symbol
            ivertexbuilder = ItemRenderer.getArmorFoilBuffer((MultiBufferSource)event.getMultiBufferSource(), (RenderType)RenderType.entityTranslucentEmissive((Identifier)FLAME_STRIKE), (boolean)true);
                             ^
  symbol:   variable ItemRenderer
  location: class ClientEvent
G:\Proyectos\Mods_Minecraft\the_sundering\neoforge\26.2\src\main\java\com\skd\thesundering\client\event\ClientEvent.java:361: error: cannot find symbol
        if (ClientProxy.blockedEntityRenders.contains(event.getEntity().getUUID())) {
                                                           ^
  symbol:   method getEntity()
  location: variable event of type Pre
G:\Proyectos\Mods_Minecraft\the_sundering\neoforge\26.2\src\main\java\com\skd\thesundering\client\event\ClientEvent.java:362: error: cannot find symbol
            if (!Cataclysm.PROXY.isFirstPersonPlayer((Entity)event.getEntity())) {
                                                                  ^
  symbol:   method getEntity()
  location: variable event of type Pre
G:\Proyectos\Mods_Minecraft\the_sundering\neoforge\26.2\src\main\java\com\skd\thesundering\client\event\ClientEvent.java:362: error: package Cataclysm does not exist
            if (!Cataclysm.PROXY.isFirstPersonPlayer((Entity)event.getEntity())) {
                          ^
G:\Proyectos\Mods_Minecraft\the_sundering\neoforge\26.2\src\main\java\com\skd\thesundering\client\event\ClientEvent.java:363: error: cannot find symbol
                NeoForge.EVENT_BUS.post((Event)new RenderLivingEvent.Post(event.getEntity(), event.getRenderer(), event.getPartialTick(), event.getPoseStack(), event.getMultiBufferSource(), event.getPackedLight()));
                                                                                                                                                                                                   ^
  symbol:   method getPackedLight()
  location: variable event of type Pre
G:\Proyectos\Mods_Minecraft\the_sundering\neoforge\26.2\src\main\java\com\skd\thesundering\client\event\ClientEvent.java:363: error: cannot find symbol
                NeoForge.EVENT_BUS.post((Event)new RenderLivingEvent.Post(event.getEntity(), event.getRenderer(), event.getPartialTick(), event.getPoseStack(), event.getMultiBufferSource(), event.getPackedLight()));
                                                                                                                                                                     ^
  symbol:   method getMultiBufferSource()
  location: variable event of type Pre
G:\Proyectos\Mods_Minecraft\the_sundering\neoforge\26.2\src\main\java\com\skd\thesundering\client\event\ClientEvent.java:363: error: cannot find symbol
                NeoForge.EVENT_BUS.post((Event)new RenderLivingEvent.Post(event.getEntity(), event.getRenderer(), event.getPartialTick(), event.getPoseStack(), event.getMultiBufferSource(), event.getPackedLight()));
                                                                               ^
  symbol:   method getEntity()
  location: variable event of type Pre
G:\Proyectos\Mods_Minecraft\the_sundering\neoforge\26.2\src\main\java\com\skd\thesundering\client\event\ClientEvent.java:366: error: cannot find symbol
            ClientProxy.blockedEntityRenders.remove(event.getEntity().getUUID());
                                                         ^
  symbol:   method getEntity()
  location: variable event of type Pre
G:\Proyectos\Mods_Minecraft\the_sundering\neoforge\26.2\src\main\java\com\skd\thesundering\client\event\ClientEvent.java:378: error: cannot find symbol
        if (Minecraft.getInstance().isSingleplayer() && Minecraft.getInstance().isPaused()) {
                                   ^
  symbol:   method isSingleplayer()
  location: class Minecraft
G:\Proyectos\Mods_Minecraft\the_sundering\neoforge\26.2\src\main\java\com\skd\thesundering\client\event\ClientEvent.java:386: error: viewArea has private access in LevelRenderer
        if (Minecraft.getInstance().levelRenderer.viewArea != null) {
                                                 ^
G:\Proyectos\Mods_Minecraft\the_sundering\neoforge\26.2\src\main\java\com\skd\thesundering\client\event\ClientEvent.java:387: error: viewArea has private access in LevelRenderer
            int length = Minecraft.getInstance().levelRenderer.viewArea.sections.length;
                                                              ^
G:\Proyectos\Mods_Minecraft\the_sundering\neoforge\26.2\src\main\java\com\skd\thesundering\client\event\ClientEvent.java:387: error: sections has private access in ViewArea
            int length = Minecraft.getInstance().levelRenderer.viewArea.sections.length;
                                                                       ^
G:\Proyectos\Mods_Minecraft\the_sundering\neoforge\26.2\src\main\java\com\skd\thesundering\client\event\ClientEvent.java:387: error: cannot find symbol
            int length = Minecraft.getInstance().levelRenderer.viewArea.sections.length;
                                                                                ^
  symbol:   variable length
  location: variable sections of type RotatingSectionStorage<SectionRenderDispatcher.RenderSection>
G:\Proyectos\Mods_Minecraft\the_sundering\neoforge\26.2\src\main\java\com\skd\thesundering\client\event\ClientEvent.java:389: error: viewArea has private access in LevelRenderer
                Minecraft.getInstance().levelRenderer.viewArea.sections[i].setDirty(true);
                                                     ^
G:\Proyectos\Mods_Minecraft\the_sundering\neoforge\26.2\src\main\java\com\skd\thesundering\client\event\ClientEvent.java:389: error: sections has private access in ViewArea
                Minecraft.getInstance().levelRenderer.viewArea.sections[i].setDirty(true);
                                                              ^
G:\Proyectos\Mods_Minecraft\the_sundering\neoforge\26.2\src\main\java\com\skd\thesundering\client\event\ClientEvent.java:389: error: array required, but RotatingSectionStorage<SectionRenderDispatcher.RenderSection> found
                Minecraft.getInstance().levelRenderer.viewArea.sections[i].setDirty(true);
                                                                       ^
G:\Proyectos\Mods_Minecraft\the_sundering\neoforge\26.2\src\main\java\com\skd\thesundering\client\event\ClientEvent.java:417: error: cannot find symbol
        InteractionHand hand = event.getArm() == event.getPlayer().getMainArm() ? InteractionHand.MAIN_HAND : InteractionHand.OFF_HAND;
                                                      ^
  symbol:   method getPlayer()
  location: variable event of type RenderArmEvent
G:\Proyectos\Mods_Minecraft\the_sundering\neoforge\26.2\src\main\java\com\skd\thesundering\client\event\ClientEvent.java:418: error: cannot find symbol
        CuriosApi.getCuriosHelper().getCuriosHandler((LivingEntity)event.getPlayer()).ifPresent(handler -> {
                                                                        ^
  symbol:   method getPlayer()
  location: variable event of type RenderArmEvent
G:\Proyectos\Mods_Minecraft\the_sundering\neoforge\26.2\src\main\java\com\skd\thesundering\client\event\ClientEvent.java:418: error: cannot find symbol
        CuriosApi.getCuriosHelper().getCuriosHandler((LivingEntity)event.getPlayer()).ifPresent(handler -> {
                 ^
  symbol:   method getCuriosHelper()
  location: class CuriosApi
G:\Proyectos\Mods_Minecraft\the_sundering\neoforge\26.2\src\main\java\com\skd\thesundering\client\event\ClientEvent.java:419: error: package SlotTypePreset does not exist
            ICurioStacksHandler stacksHandler = (ICurioStacksHandler)handler.getCurios().get(SlotTypePreset.HANDS.getIdentifier());
                                                                                                           ^
G:\Proyectos\Mods_Minecraft\the_sundering\neoforge\26.2\src\main\java\com\skd\thesundering\client\event\ClientEvent.java:434: error: cannot find symbol
                        gripsrenderer.renderFirstPersonArm(event.getPoseStack(), event.getMultiBufferSource(), event.getPackedLight(), event.getPlayer(), event.getArm(), stack.hasFoil());
                                                                                      ^
  symbol:   method getMultiBufferSource()
  location: variable event of type RenderArmEvent
G:\Proyectos\Mods_Minecraft\the_sundering\neoforge\26.2\src\main\java\com\skd\thesundering\client\event\ClientEvent.java:434: error: cannot find symbol
                        gripsrenderer.renderFirstPersonArm(event.getPoseStack(), event.getMultiBufferSource(), event.getPackedLight(), event.getPlayer(), event.getArm(), stack.hasFoil());
                                                                                                                    ^
  symbol:   method getPackedLight()
  location: variable event of type RenderArmEvent
G:\Proyectos\Mods_Minecraft\the_sundering\neoforge\26.2\src\main\java\com\skd\thesundering\client\event\ClientEvent.java:434: error: cannot find symbol
                        gripsrenderer.renderFirstPersonArm(event.getPoseStack(), event.getMultiBufferSource(), event.getPackedLight(), event.getPlayer(), event.getArm(), stack.hasFoil());
                                                                                                                                            ^
  symbol:   method getPlayer()
  location: variable event of type RenderArmEvent
G:\Proyectos\Mods_Minecraft\the_sundering\neoforge\26.2\src\main\java\com\skd\thesundering\client\event\ClientEvent.java:437: error: cannot find symbol
                        stickyrenderer.renderFirstPersonArm(event.getPoseStack(), event.getMultiBufferSource(), event.getPackedLight(), event.getPlayer(), event.getArm(), stack.hasFoil());
                                                                                       ^
  symbol:   method getMultiBufferSource()
  location: variable event of type RenderArmEvent
G:\Proyectos\Mods_Minecraft\the_sundering\neoforge\26.2\src\main\java\com\skd\thesundering\client\event\ClientEvent.java:437: error: cannot find symbol
                        stickyrenderer.renderFirstPersonArm(event.getPoseStack(), event.getMultiBufferSource(), event.getPackedLight(), event.getPlayer(), event.getArm(), stack.hasFoil());
                                                                                                                     ^
  symbol:   method getPackedLight()
  location: variable event of type RenderArmEvent
G:\Proyectos\Mods_Minecraft\the_sundering\neoforge\26.2\src\main\java\com\skd\thesundering\client\event\ClientEvent.java:437: error: cannot find symbol
                        stickyrenderer.renderFirstPersonArm(event.getPoseStack(), event.getMultiBufferSource(), event.getPackedLight(), event.getPlayer(), event.getArm(), stack.hasFoil());
                                                                                                                                             ^
  symbol:   method getPlayer()
  location: variable event of type RenderArmEvent
G:\Proyectos\Mods_Minecraft\the_sundering\neoforge\26.2\src\main\java\com\skd\thesundering\client\event\ClientEvent.java:440: error: cannot find symbol
                        clawrenderer.renderFirstPersonArm(event.getPoseStack(), event.getMultiBufferSource(), event.getPackedLight(), event.getPlayer(), event.getArm(), stack.hasFoil());
                                                                                     ^
  symbol:   method getMultiBufferSource()
  location: variable event of type RenderArmEvent
G:\Proyectos\Mods_Minecraft\the_sundering\neoforge\26.2\src\main\java\com\skd\thesundering\client\event\ClientEvent.java:440: error: cannot find symbol
                        clawrenderer.renderFirstPersonArm(event.getPoseStack(), event.getMultiBufferSource(), event.getPackedLight(), event.getPlayer(), event.getArm(), stack.hasFoil());
                                                                                                                   ^
  symbol:   method getPackedLight()
  location: variable event of type RenderArmEvent
G:\Proyectos\Mods_Minecraft\the_sundering\neoforge\26.2\src\main\java\com\skd\thesundering\client\event\ClientEvent.java:440: error: cannot find symbol
                        clawrenderer.renderFirstPersonArm(event.getPoseStack(), event.getMultiBufferSource(), event.getPackedLight(), event.getPlayer(), event.getArm(), stack.hasFoil());
                                                                                                                                           ^
  symbol:   method getPlayer()
  location: variable event of type RenderArmEvent
G:\Proyectos\Mods_Minecraft\the_sundering\neoforge\26.2\src\main\java\com\skd\thesundering\client\event\ClientEvent.java:453: error: cannot find symbol
        GuiGraphics stack = event.getGuiGraphics();
        ^
  symbol:   class GuiGraphics
  location: class ClientEvent
G:\Proyectos\Mods_Minecraft\the_sundering\neoforge\26.2\src\main\java\com\skd\thesundering\client\event\ClientEvent.java:458: error: cannot find symbol
        RenderSystem.setShaderTexture((int)0, (Identifier)EFFECT_HEART);
                    ^
  symbol:   method setShaderTexture(int,Identifier)
  location: class RenderSystem
G:\Proyectos\Mods_Minecraft\the_sundering\neoforge\26.2\src\main\java\com\skd\thesundering\client\event\ClientEvent.java:459: error: cannot find symbol
        RenderSystem.enableBlend();
                    ^
  symbol:   method enableBlend()
  location: class RenderSystem
G:\Proyectos\Mods_Minecraft\the_sundering\neoforge\26.2\src\main\java\com\skd\thesundering\client\event\ClientEvent.java:461: error: cannot find symbol
        int tickCount = gui.getGuiTicks();
                           ^
  symbol:   method getGuiTicks()
  location: variable gui of type Gui
G:\Proyectos\Mods_Minecraft\the_sundering\neoforge\26.2\src\main\java\com\skd\thesundering\client\event\ClientEvent.java:464: error: cannot find symbol
            this.lastHealthTime = Util.getMillis();
                                  ^
  symbol:   variable Util
  location: class ClientEvent
G:\Proyectos\Mods_Minecraft\the_sundering\neoforge\26.2\src\main\java\com\skd\thesundering\client\event\ClientEvent.java:467: error: cannot find symbol
            this.lastHealthTime = Util.getMillis();
                                  ^
  symbol:   variable Util
  location: class ClientEvent
G:\Proyectos\Mods_Minecraft\the_sundering\neoforge\26.2\src\main\java\com\skd\thesundering\client\event\ClientEvent.java:470: error: cannot find symbol
        if (Util.getMillis() - this.lastHealthTime > 1000L) {
            ^
  symbol:   variable Util
  location: class ClientEvent
G:\Proyectos\Mods_Minecraft\the_sundering\neoforge\26.2\src\main\java\com\skd\thesundering\client\event\ClientEvent.java:473: error: cannot find symbol
            this.lastHealthTime = Util.getMillis();
                                  ^
  symbol:   variable Util
  location: class ClientEvent
G:\Proyectos\Mods_Minecraft\the_sundering\neoforge\26.2\src\main\java\com\skd\thesundering\client\event\ClientEvent.java:532: error: cannot find symbol
        RenderSystem.disableBlend();
                    ^
  symbol:   method disableBlend()
  location: class RenderSystem
G:\Proyectos\Mods_Minecraft\the_sundering\neoforge\26.2\src\main\java\com\skd\thesundering\client\event\ClientEvent.java:533: error: cannot find symbol
        RenderSystem.setShaderTexture((int)0, (Identifier)EFFECT_HEART);
                    ^
  symbol:   method setShaderTexture(int,Identifier)
  location: class RenderSystem
G:\Proyectos\Mods_Minecraft\the_sundering\neoforge\26.2\src\main\java\com\skd\thesundering\client\event\ClientEvent.java:538: error: cannot find symbol
            RenderSystem.enableBlend();
                        ^
  symbol:   method enableBlend()
  location: class RenderSystem
G:\Proyectos\Mods_Minecraft\the_sundering\neoforge\26.2\src\main\java\com\skd\thesundering\client\event\ClientEvent.java:539: error: cannot find symbol
            RenderSystem.defaultBlendFunc();
                        ^
  symbol:   method defaultBlendFunc()
  location: class RenderSystem
G:\Proyectos\Mods_Minecraft\the_sundering\neoforge\26.2\src\main\java\com\skd\thesundering\client\event\ClientEvent.java:541: error: cannot find symbol
            RenderSystem.disableBlend();
                        ^
  symbol:   method disableBlend()
  location: class RenderSystem
G:\Proyectos\Mods_Minecraft\the_sundering\neoforge\26.2\src\main\java\com\skd\thesundering\client\event\ClientEvent.java:544: error: cannot find symbol
            RenderSystem.enableDepthTest();
                        ^
  symbol:   method enableDepthTest()
  location: class RenderSystem
G:\Proyectos\Mods_Minecraft\the_sundering\neoforge\26.2\src\main\java\com\skd\thesundering\client\event\ClientEvent.java:546: error: cannot find symbol
            RenderSystem.disableDepthTest();
                        ^
  symbol:   method disableDepthTest()
  location: class RenderSystem
G:\Proyectos\Mods_Minecraft\the_sundering\neoforge\26.2\src\main\java\com\skd\thesundering\client\event\ClientEvent.java:548: error: cannot find symbol
        RenderSystem.setShaderColor((float)1.0f, (float)1.0f, (float)1.0f, (float)1.0f);
                    ^
  symbol:   method setShaderColor(float,float,float,float)
  location: class RenderSystem
G:\Proyectos\Mods_Minecraft\the_sundering\neoforge\26.2\src\main\java\com\skd\thesundering\client\event\ClientEvent.java:549: error: invalid method reference
        RenderSystem.setShader(GameRenderer::getPositionTexShader);
                               ^
  cannot find symbol
    symbol:   method getPositionTexShader()
    location: class GameRenderer
G:\Proyectos\Mods_Minecraft\the_sundering\neoforge\26.2\src\main\java\com\skd\thesundering\client\model\entity\PlayerSandstorm_Model.java:56: error: incompatible types: inference variable E has incompatible bounds
        return ImmutableList.of((Object)this.root, (Object)this.storm, (Object)this.storm2, (Object)this.storm3, (Object)this.storm4);
                               ^
    equality constraints: AdvancedModelBox
    lower bounds: Object
  where E is a type-variable:
    E extends Object declared in method <E>of(E,E,E,E,E)
G:\Proyectos\Mods_Minecraft\the_sundering\neoforge\26.2\src\main\java\com\skd\thesundering\client\event\ClientSetup.java:249: error: method registerEntityRenderer in class RegisterRenderers cannot be applied to given types;
        event.registerEntityRenderer((EntityType)ModEntities.ENDER_GOLEM.get(), Ender_Golem_Renderer::new);
             ^
  required: EntityType<? extends T>,EntityRendererProvider<T>
  found:    EntityType,Ender_Gole[...]::new
  reason: cannot infer type-variable(s) T
    (argument mismatch; bad return type in method reference
      Ender_Golem_Renderer cannot be converted to EntityRenderer<T,?>)
  where T is a type-variable:
    T extends Entity declared in method <T>registerEntityRenderer(EntityType<? extends T>,EntityRendererProvider<T>)
G:\Proyectos\Mods_Minecraft\the_sundering\neoforge\26.2\src\main\java\com\skd\thesundering\client\event\ClientSetup.java:250: error: method registerEntityRenderer in class RegisterRenderers cannot be applied to given types;
        event.registerEntityRenderer((EntityType)ModEntities.NETHERITE_MONSTROSITY.get(), New_Netherite_Monstrosity_Renderer::new);
             ^
  required: EntityType<? extends T>,EntityRendererProvider<T>
  found:    EntityType,New_Nether[...]::new
  reason: cannot infer type-variable(s) T
    (argument mismatch; bad return type in method reference
      New_Netherite_Monstrosity_Renderer cannot be converted to EntityRenderer<T,?>)
  where T is a type-variable:
    T extends Entity declared in method <T>registerEntityRenderer(EntityType<? extends T>,EntityRendererProvider<T>)
G:\Proyectos\Mods_Minecraft\the_sundering\neoforge\26.2\src\main\java\com\skd\thesundering\client\event\ClientSetup.java:251: error: method registerEntityRenderer in class RegisterRenderers cannot be applied to given types;
        event.registerEntityRenderer((EntityType)ModEntities.NETHERITE_MINISTROSITY.get(), Netherite_Ministrosity_Renderer::new);
             ^
  required: EntityType<? extends T>,EntityRendererProvider<T>
  found:    EntityType,Netherite_[...]::new
  reason: cannot infer type-variable(s) T
    (argument mismatch; bad return type in method reference
      Netherite_Ministrosity_Renderer cannot be converted to EntityRenderer<T,?>)
  where T is a type-variable:
    T extends Entity declared in method <T>registerEntityRenderer(EntityType<? extends T>,EntityRendererProvider<T>)
G:\Proyectos\Mods_Minecraft\the_sundering\neoforge\26.2\src\main\java\com\skd\thesundering\client\event\ClientSetup.java:252: error: method registerEntityRenderer in class RegisterRenderers cannot be applied to given types;
        event.registerEntityRenderer((EntityType)ModEntities.LAVA_BOMB.get(), Lava_Bomb_Renderer::new);
             ^
  required: EntityType<? extends T>,EntityRendererProvider<T>
  found:    EntityType,Lava_Bomb_[...]::new
  reason: cannot infer type-variable(s) T
    (argument mismatch; bad return type in method reference
      Lava_Bomb_Renderer cannot be converted to EntityRenderer<T,?>)
  where T is a type-variable:
    T extends Entity declared in method <T>registerEntityRenderer(EntityType<? extends T>,EntityRendererProvider<T>)
G:\Proyectos\Mods_Minecraft\the_sundering\neoforge\26.2\src\main\java\com\skd\thesundering\client\event\ClientSetup.java:253: error: method registerEntityRenderer in class RegisterRenderers cannot be applied to given types;
        event.registerEntityRenderer((EntityType)ModEntities.FLARE_BOMB.get(), Flare_Bomb_Renderer::new);
             ^
  required: EntityType<? extends T>,EntityRendererProvider<T>
  found:    EntityType,Flare_Bomb[...]::new
  reason: cannot infer type-variable(s) T
    (argument mismatch; bad return type in method reference
      Flare_Bomb_Renderer cannot be converted to EntityRenderer<T,?>)
  where T is a type-variable:
    T extends Entity declared in method <T>registerEntityRenderer(EntityType<? extends T>,EntityRendererProvider<T>)
G:\Proyectos\Mods_Minecraft\the_sundering\neoforge\26.2\src\main\java\com\skd\thesundering\client\event\ClientSetup.java:254: error: method registerEntityRenderer in class RegisterRenderers cannot be applied to given types;
        event.registerEntityRenderer((EntityType)ModEntities.FLAME_JET.get(), RendererNull::new);
             ^
  required: EntityType<? extends T>,EntityRendererProvider<T>
  found:    EntityType,RendererNull::new
  reason: cannot infer type-variable(s) T
    (argument mismatch; bad return type in method reference
      RendererNull cannot be converted to EntityRenderer<T,?>)
  where T is a type-variable:
    T extends Entity declared in method <T>registerEntityRenderer(EntityType<? extends T>,EntityRendererProvider<T>)
G:\Proyectos\Mods_Minecraft\the_sundering\neoforge\26.2\src\main\java\com\skd\thesundering\client\event\ClientSetup.java:255: error: method registerEntityRenderer in class RegisterRenderers cannot be applied to given types;
        event.registerEntityRenderer((EntityType)ModEntities.LIGHTNING_STORM.get(), RendererNull::new);
             ^
  required: EntityType<? extends T>,EntityRendererProvider<T>
  found:    EntityType,RendererNull::new
  reason: cannot infer type-variable(s) T
    (argument mismatch; bad return type in method reference
      RendererNull cannot be converted to EntityRenderer<T,?>)
  where T is a type-variable:
    T extends Entity declared in method <T>registerEntityRenderer(EntityType<? extends T>,EntityRendererProvider<T>)
G:\Proyectos\Mods_Minecraft\the_sundering\neoforge\26.2\src\main\java\com\skd\thesundering\client\event\ClientSetup.java:256: error: method registerEntityRenderer in class RegisterRenderers cannot be applied to given types;
        event.registerEntityRenderer((EntityType)ModEntities.IGNIS.get(), Ignis_Renderer::new);
             ^
  required: EntityType<? extends T>,EntityRendererProvider<T>
  found:    EntityType,Ignis_Renderer::new
  reason: cannot infer type-variable(s) T
    (argument mismatch; bad return type in method reference
      Ignis_Renderer cannot be converted to EntityRenderer<T,?>)
  where T is a type-variable:
    T extends Entity declared in method <T>registerEntityRenderer(EntityType<? extends T>,EntityRendererProvider<T>)
G:\Proyectos\Mods_Minecraft\the_sundering\neoforge\26.2\src\main\java\com\skd\thesundering\client\event\ClientSetup.java:257: error: method registerEntityRenderer in class RegisterRenderers cannot be applied to given types;
        event.registerEntityRenderer((EntityType)ModEntities.ENDER_GUARDIAN.get(), Ender_Guardian_Renderer::new);
             ^
  required: EntityType<? extends T>,EntityRendererProvider<T>
  found:    EntityType,Ender_Guar[...]::new
  reason: cannot infer type-variable(s) T
    (argument mismatch; bad return type in method reference
      Ender_Guardian_Renderer cannot be converted to EntityRenderer<T,?>)
  where T is a type-variable:
    T extends Entity declared in method <T>registerEntityRenderer(EntityType<? extends T>,EntityRendererProvider<T>)
G:\Proyectos\Mods_Minecraft\the_sundering\neoforge\26.2\src\main\java\com\skd\thesundering\client\event\ClientSetup.java:258: error: method registerEntityRenderer in class RegisterRenderers cannot be applied to given types;
        event.registerEntityRenderer((EntityType)ModEntities.ENDER_GUARDIAN_BULLET.get(), Ender_Guardian_bullet_Renderer::new);
             ^
  required: EntityType<? extends T>,EntityRendererProvider<T>
  found:    EntityType,Ender_Guar[...]::new
  reason: cannot infer type-variable(s) T
    (argument mismatch; bad return type in method reference
      Ender_Guardian_bullet_Renderer cannot be converted to EntityRenderer<T,?>)
  where T is a type-variable:
    T extends Entity declared in method <T>registerEntityRenderer(EntityType<? extends T>,EntityRendererProvider<T>)
G:\Proyectos\Mods_Minecraft\the_sundering\neoforge\26.2\src\main\java\com\skd\thesundering\client\event\ClientSetup.java:259: error: method registerEntityRenderer in class RegisterRenderers cannot be applied to given types;
        event.registerEntityRenderer((EntityType)ModEntities.VOID_RUNE.get(), Void_Rune_Renderer::new);
             ^
  required: EntityType<? extends T>,EntityRendererProvider<T>
  found:    EntityType,Void_Rune_[...]::new
  reason: cannot infer type-variable(s) T
    (argument mismatch; bad return type in method reference
      Void_Rune_Renderer cannot be converted to EntityRenderer<T,?>)
  where T is a type-variable:
    T extends Entity declared in method <T>registerEntityRenderer(EntityType<? extends T>,EntityRendererProvider<T>)
G:\Proyectos\Mods_Minecraft\the_sundering\neoforge\26.2\src\main\java\com\skd\thesundering\client\event\ClientSetup.java:260: error: method registerEntityRenderer in class RegisterRenderers cannot be applied to given types;
        event.registerEntityRenderer((EntityType)ModEntities.ENDERMAPTERA.get(), Endermaptera_Renderer::new);
             ^
  required: EntityType<? extends T>,EntityRendererProvider<T>
  found:    EntityType,Endermapte[...]::new
  reason: cannot infer type-variable(s) T
    (argument mismatch; bad return type in method reference
      Endermaptera_Renderer cannot be converted to EntityRenderer<T,?>)
  where T is a type-variable:
    T extends Entity declared in method <T>registerEntityRenderer(EntityType<? extends T>,EntityRendererProvider<T>)
G:\Proyectos\Mods_Minecraft\the_sundering\neoforge\26.2\src\main\java\com\skd\thesundering\client\event\ClientSetup.java:261: error: method registerEntityRenderer in class RegisterRenderers cannot be applied to given types;
        event.registerEntityRenderer((EntityType)ModEntities.IGNITED_REVENANT.get(), Ignited_Revenant_Renderer::new);
             ^
  required: EntityType<? extends T>,EntityRendererProvider<T>
  found:    EntityType,Ignited_Re[...]::new
  reason: cannot infer type-variable(s) T
    (argument mismatch; bad return type in method reference
      Ignited_Revenant_Renderer cannot be converted to EntityRenderer<T,?>)
  where T is a type-variable:
    T extends Entity declared in method <T>registerEntityRenderer(EntityType<? extends T>,EntityRendererProvider<T>)
G:\Proyectos\Mods_Minecraft\the_sundering\neoforge\26.2\src\main\java\com\skd\thesundering\client\event\ClientSetup.java:262: error: method registerEntityRenderer in class RegisterRenderers cannot be applied to given types;
        event.registerEntityRenderer((EntityType)ModEntities.IGNITED_BERSERKER.get(), Ignited_Berserker_Renderer::new);
             ^
  required: EntityType<? extends T>,EntityRendererProvider<T>
  found:    EntityType,Ignited_Be[...]::new
  reason: cannot infer type-variable(s) T
    (argument mismatch; bad return type in method reference
      Ignited_Berserker_Renderer cannot be converted to EntityRenderer<T,?>)
  where T is a type-variable:
    T extends Entity declared in method <T>registerEntityRenderer(EntityType<? extends T>,EntityRendererProvider<T>)
G:\Proyectos\Mods_Minecraft\the_sundering\neoforge\26.2\src\main\java\com\skd\thesundering\client\event\ClientSetup.java:263: error: method registerEntityRenderer in class RegisterRenderers cannot be applied to given types;
        event.registerEntityRenderer((EntityType)ModEntities.THE_HARBINGER.get(), The_Harbinger_Renderer::new);
             ^
  required: EntityType<? extends T>,EntityRendererProvider<T>
  found:    EntityType,The_Harbin[...]::new
  reason: cannot infer type-variable(s) T
    (argument mismatch; bad return type in method reference
      The_Harbinger_Renderer cannot be converted to EntityRenderer<T,?>)
  where T is a type-variable:
    T extends Entity declared in method <T>registerEntityRenderer(EntityType<? extends T>,EntityRendererProvider<T>)
G:\Proyectos\Mods_Minecraft\the_sundering\neoforge\26.2\src\main\java\com\skd\thesundering\client\event\ClientSetup.java:264: error: method registerEntityRenderer in class RegisterRenderers cannot be applied to given types;
        event.registerEntityRenderer((EntityType)ModEntities.VOID_SCATTER_ARROW.get(), Void_Scatter_Arrow_Renderer::new);
             ^
  required: EntityType<? extends T>,EntityRendererProvider<T>
  found:    EntityType,Void_Scatt[...]::new
  reason: cannot infer type-variable(s) T
    (argument mismatch; bad return type in method reference
      Void_Scatter_Arrow_Renderer cannot be converted to EntityRenderer<T,?>)
  where T is a type-variable:
    T extends Entity declared in method <T>registerEntityRenderer(EntityType<? extends T>,EntityRendererProvider<T>)
G:\Proyectos\Mods_Minecraft\the_sundering\neoforge\26.2\src\main\java\com\skd\thesundering\client\event\ClientSetup.java:265: error: method registerEntityRenderer in class RegisterRenderers cannot be applied to given types;
        event.registerEntityRenderer((EntityType)ModEntities.POISON_DART.get(), Poison_Dart_Renderer::new);
             ^
  required: EntityType<? extends T>,EntityRendererProvider<T>
  found:    EntityType,Poison_Dar[...]::new
  reason: cannot infer type-variable(s) T
    (argument mismatch; bad return type in method reference
      Poison_Dart_Renderer cannot be converted to EntityRenderer<T,?>)
  where T is a type-variable:
    T extends Entity declared in method <T>registerEntityRenderer(EntityType<? extends T>,EntityRendererProvider<T>)
G:\Proyectos\Mods_Minecraft\the_sundering\neoforge\26.2\src\main\java\com\skd\thesundering\client\event\ClientSetup.java:266: error: method registerEntityRenderer in class RegisterRenderers cannot be applied to given types;
        event.registerEntityRenderer((EntityType)ModEntities.PHANTOM_ARROW.get(), Phantom_Arrow_Renderer::new);
             ^
  required: EntityType<? extends T>,EntityRendererProvider<T>
  found:    EntityType,Phantom_Ar[...]::new
  reason: cannot infer type-variable(s) T
    (argument mismatch; bad return type in method reference
      Phantom_Arrow_Renderer cannot be converted to EntityRenderer<T,?>)
  where T is a type-variable:
    T extends Entity declared in method <T>registerEntityRenderer(EntityType<? extends T>,EntityRendererProvider<T>)
G:\Proyectos\Mods_Minecraft\the_sundering\neoforge\26.2\src\main\java\com\skd\thesundering\client\event\ClientSetup.java:267: error: method registerEntityRenderer in class RegisterRenderers cannot be applied to given types;
        event.registerEntityRenderer((EntityType)ModEntities.SCREEN_SHAKE.get(), RendererNull::new);
             ^
  required: EntityType<? extends T>,EntityRendererProvider<T>
  found:    EntityType,RendererNull::new
  reason: cannot infer type-variable(s) T
    (argument mismatch; bad return type in method reference
      RendererNull cannot be converted to EntityRenderer<T,?>)
  where T is a type-variable:
    T extends Entity declared in method <T>registerEntityRenderer(EntityType<? extends T>,EntityRendererProvider<T>)
G:\Proyectos\Mods_Minecraft\the_sundering\neoforge\26.2\src\main\java\com\skd\thesundering\client\event\ClientSetup.java:268: error: method registerEntityRenderer in class RegisterRenderers cannot be applied to given types;
        event.registerEntityRenderer((EntityType)ModEntities.SKY_COLOR.get(), RendererNull::new);
             ^
  required: EntityType<? extends T>,EntityRendererProvider<T>
  found:    EntityType,RendererNull::new
  reason: cannot infer type-variable(s) T
    (argument mismatch; bad return type in method reference
      RendererNull cannot be converted to EntityRenderer<T,?>)
  where T is a type-variable:
    T extends Entity declared in method <T>registerEntityRenderer(EntityType<? extends T>,EntityRendererProvider<T>)
G:\Proyectos\Mods_Minecraft\the_sundering\neoforge\26.2\src\main\java\com\skd\thesundering\client\event\ClientSetup.java:269: error: method registerEntityRenderer in class RegisterRenderers cannot be applied to given types;
        event.registerEntityRenderer((EntityType)ModEntities.WITHER_SMOKE_EFFECT.get(), RendererNull::new);
             ^
  required: EntityType<? extends T>,EntityRendererProvider<T>
  found:    EntityType,RendererNull::new
  reason: cannot infer type-variable(s) T
    (argument mismatch; bad return type in method reference
      RendererNull cannot be converted to EntityRenderer<T,?>)
  where T is a type-variable:
    T extends Entity declared in method <T>registerEntityRenderer(EntityType<? extends T>,EntityRendererProvider<T>)
G:\Proyectos\Mods_Minecraft\the_sundering\neoforge\26.2\src\main\java\com\skd\thesundering\client\event\ClientSetup.java:270: error: method registerEntityRenderer in class RegisterRenderers cannot be applied to given types;
        event.registerEntityRenderer((EntityType)ModEntities.LIGHTNING_AREA_EFFECT.get(), RendererNull::new);
             ^
  required: EntityType<? extends T>,EntityRendererProvider<T>
  found:    EntityType,RendererNull::new
  reason: cannot infer type-variable(s) T
    (argument mismatch; bad return type in method reference
      RendererNull cannot be converted to EntityRenderer<T,?>)
  where T is a type-variable:
    T extends Entity declared in method <T>registerEntityRenderer(EntityType<? extends T>,EntityRendererProvider<T>)
G:\Proyectos\Mods_Minecraft\the_sundering\neoforge\26.2\src\main\java\com\skd\thesundering\client\event\ClientSetup.java:271: error: method registerEntityRenderer in class RegisterRenderers cannot be applied to given types;
        event.registerEntityRenderer((EntityType)ModEntities.ASHEN_BREATH.get(), RendererNull::new);
             ^
  required: EntityType<? extends T>,EntityRendererProvider<T>
  found:    EntityType,RendererNull::new
  reason: cannot infer type-variable(s) T
    (argument mismatch; bad return type in method reference
      RendererNull cannot be converted to EntityRenderer<T,?>)
  where T is a type-variable:
    T extends Entity declared in method <T>registerEntityRenderer(EntityType<? extends T>,EntityRendererProvider<T>)
G:\Proyectos\Mods_Minecraft\the_sundering\neoforge\26.2\src\main\java\com\skd\thesundering\client\event\ClientSetup.java:272: error: method registerEntityRenderer in class RegisterRenderers cannot be applied to given types;
        event.registerEntityRenderer((EntityType)ModEntities.WALL_WATCHER.get(), RendererNull::new);
             ^
  required: EntityType<? extends T>,EntityRendererProvider<T>
  found:    EntityType,RendererNull::new
  reason: cannot infer type-variable(s) T
    (argument mismatch; bad return type in method reference
      RendererNull cannot be converted to EntityRenderer<T,?>)
  where T is a type-variable:
    T extends Entity declared in method <T>registerEntityRenderer(EntityType<? extends T>,EntityRendererProvider<T>)
G:\Proyectos\Mods_Minecraft\the_sundering\neoforge\26.2\src\main\java\com\skd\thesundering\client\event\ClientSetup.java:273: error: method registerEntityRenderer in class RegisterRenderers cannot be applied to given types;
        event.registerEntityRenderer((EntityType)ModEntities.FLAME_STRIKE.get(), Flame_Strike_Renderer::new);
             ^
  required: EntityType<? extends T>,EntityRendererProvider<T>
  found:    EntityType,Flame_Stri[...]::new
  reason: cannot infer type-variable(s) T
    (argument mismatch; bad return type in method reference
      Flame_Strike_Renderer cannot be converted to EntityRenderer<T,?>)
  where T is a type-variable:
    T extends Entity declared in method <T>registerEntityRenderer(EntityType<? extends T>,EntityRendererProvider<T>)
G:\Proyectos\Mods_Minecraft\the_sundering\neoforge\26.2\src\main\java\com\skd\thesundering\client\event\ClientSetup.java:274: error: method registerEntityRenderer in class RegisterRenderers cannot be applied to given types;
        event.registerEntityRenderer((EntityType)ModEntities.BOLT_STRIKE.get(), Boltstrike_Renderer::new);
             ^
  required: EntityType<? extends T>,EntityRendererProvider<T>
  found:    EntityType,Boltstrike[...]::new
  reason: cannot infer type-variable(s) T
    (argument mismatch; bad return type in method reference
      Boltstrike_Renderer cannot be converted to EntityRenderer<T,?>)
  where T is a type-variable:
    T extends Entity declared in method <T>registerEntityRenderer(EntityType<? extends T>,EntityRendererProvider<T>)
G:\Proyectos\Mods_Minecraft\the_sundering\neoforge\26.2\src\main\java\com\skd\thesundering\client\event\ClientSetup.java:275: error: method registerEntityRenderer in class RegisterRenderers cannot be applied to given types;
        event.registerEntityRenderer((EntityType)ModEntities.CM_FALLING_BLOCK.get(), Cm_Falling_Block_Renderer::new);
             ^
  required: EntityType<? extends T>,EntityRendererProvider<T>
  found:    EntityType,Cm_Falling[...]::new
  reason: cannot infer type-variable(s) T
    (argument mismatch; bad return type in method reference
      Cm_Falling_Block_Renderer cannot be converted to EntityRenderer<T,?>)
  where T is a type-variable:
    T extends Entity declared in method <T>registerEntityRenderer(EntityType<? extends T>,EntityRendererProvider<T>)
G:\Proyectos\Mods_Minecraft\the_sundering\neoforge\26.2\src\main\java\com\skd\thesundering\client\event\ClientSetup.java:276: error: method registerEntityRenderer in class RegisterRenderers cannot be applied to given types;
        event.registerEntityRenderer((EntityType)ModEntities.IGNIS_FIREBALL.get(), Ignis_Fireball_Renderer::new);
             ^
  required: EntityType<? extends T>,EntityRendererProvider<T>
  found:    EntityType,Ignis_Fire[...]::new
  reason: cannot infer type-variable(s) T
    (argument mismatch; bad return type in method reference
      Ignis_Fireball_Renderer cannot be converted to EntityRenderer<T,?>)
  where T is a type-variable:
    T extends Entity declared in method <T>registerEntityRenderer(EntityType<? extends T>,EntityRendererProvider<T>)
G:\Proyectos\Mods_Minecraft\the_sundering\neoforge\26.2\src\main\java\com\skd\thesundering\client\event\ClientSetup.java:277: error: method registerEntityRenderer in class RegisterRenderers cannot be applied to given types;
        event.registerEntityRenderer((EntityType)ModEntities.IGNIS_ABYSS_FIREBALL.get(), Ignis_Abyss_Fireball_Renderer::new);
             ^
  required: EntityType<? extends T>,EntityRendererProvider<T>
  found:    EntityType,Ignis_Abys[...]::new
  reason: cannot infer type-variable(s) T
    (argument mismatch; bad return type in method reference
      Ignis_Abyss_Fireball_Renderer cannot be converted to EntityRenderer<T,?>)
  where T is a type-variable:
    T extends Entity declared in method <T>registerEntityRenderer(EntityType<? extends T>,EntityRendererProvider<T>)
G:\Proyectos\Mods_Minecraft\the_sundering\neoforge\26.2\src\main\java\com\skd\thesundering\client\event\ClientSetup.java:278: error: method registerEntityRenderer in class RegisterRenderers cannot be applied to given types;
        event.registerEntityRenderer((EntityType)ModEntities.DEATH_LASER_BEAM.get(), Death_Laser_beam_Renderer::new);
             ^
  required: EntityType<? extends T>,EntityRendererProvider<T>
  found:    EntityType,Death_Lase[...]::new
  reason: cannot infer type-variable(s) T
    (argument mismatch; bad return type in method reference
      Death_Laser_beam_Renderer cannot be converted to EntityRenderer<T,?>)
  where T is a type-variable:
    T extends Entity declared in method <T>registerEntityRenderer(EntityType<? extends T>,EntityRendererProvider<T>)
G:\Proyectos\Mods_Minecraft\the_sundering\neoforge\26.2\src\main\java\com\skd\thesundering\client\event\ClientSetup.java:279: error: method registerEntityRenderer in class RegisterRenderers cannot be applied to given types;
        event.registerEntityRenderer((EntityType)ModEntities.ABYSS_BLAST.get(), Abyss_Blast_Renderer::new);
             ^
  required: EntityType<? extends T>,EntityRendererProvider<T>
  found:    EntityType,Abyss_Blas[...]::new
  reason: cannot infer type-variable(s) T
    (argument mismatch; bad return type in method reference
      Abyss_Blast_Renderer cannot be converted to EntityRenderer<T,?>)
  where T is a type-variable:
    T extends Entity declared in method <T>registerEntityRenderer(EntityType<? extends T>,EntityRendererProvider<T>)
G:\Proyectos\Mods_Minecraft\the_sundering\neoforge\26.2\src\main\java\com\skd\thesundering\client\event\ClientSetup.java:280: error: method registerEntityRenderer in class RegisterRenderers cannot be applied to given types;
        event.registerEntityRenderer((EntityType)ModEntities.MINI_ABYSS_BLAST.get(), Mini_Abyss_Blast_Renderer::new);
             ^
  required: EntityType<? extends T>,EntityRendererProvider<T>
  found:    EntityType,Mini_Abyss[...]::new
  reason: cannot infer type-variable(s) T
    (argument mismatch; bad return type in method reference
      Mini_Abyss_Blast_Renderer cannot be converted to EntityRenderer<T,?>)
  where T is a type-variable:
    T extends Entity declared in method <T>registerEntityRenderer(EntityType<? extends T>,EntityRendererProvider<T>)
G:\Proyectos\Mods_Minecraft\the_sundering\neoforge\26.2\src\main\java\com\skd\thesundering\client\event\ClientSetup.java:281: error: method registerEntityRenderer in class RegisterRenderers cannot be applied to given types;
        event.registerEntityRenderer((EntityType)ModEntities.LASER_BEAM.get(), Laser_Beam_Renderer::new);
             ^
  required: EntityType<? extends T>,EntityRendererProvider<T>
  found:    EntityType,Laser_Beam[...]::new
  reason: cannot infer type-variable(s) T
    (argument mismatch; bad return type in method reference
      Laser_Beam_Renderer cannot be converted to EntityRenderer<T,?>)
  where T is a type-variable:
    T extends Entity declared in method <T>registerEntityRenderer(EntityType<? extends T>,EntityRendererProvider<T>)
G:\Proyectos\Mods_Minecraft\the_sundering\neoforge\26.2\src\main\java\com\skd\thesundering\client\event\ClientSetup.java:282: error: method registerEntityRenderer in class RegisterRenderers cannot be applied to given types;
        event.registerEntityRenderer((EntityType)ModEntities.WITHER_MISSILE.get(), Wither_Missile_Renderer::new);
             ^
  required: EntityType<? extends T>,EntityRendererProvider<T>
  found:    EntityType,Wither_Mis[...]::new
  reason: cannot infer type-variable(s) T
    (argument mismatch; bad return type in method reference
      Wither_Missile_Renderer cannot be converted to EntityRenderer<T,?>)
  where T is a type-variable:
    T extends Entity declared in method <T>registerEntityRenderer(EntityType<? extends T>,EntityRendererProvider<T>)
G:\Proyectos\Mods_Minecraft\the_sundering\neoforge\26.2\src\main\java\com\skd\thesundering\client\event\ClientSetup.java:283: error: method registerEntityRenderer in class RegisterRenderers cannot be applied to given types;
        event.registerEntityRenderer((EntityType)ModEntities.WITHER_HOMING_MISSILE.get(), Wither_Homing_Missile_Renderer::new);
             ^
  required: EntityType<? extends T>,EntityRendererProvider<T>
  found:    EntityType,Wither_Hom[...]::new
  reason: cannot infer type-variable(s) T
    (argument mismatch; bad return type in method reference
      Wither_Homing_Missile_Renderer cannot be converted to EntityRenderer<T,?>)
  where T is a type-variable:
    T extends Entity declared in method <T>registerEntityRenderer(EntityType<? extends T>,EntityRendererProvider<T>)
G:\Proyectos\Mods_Minecraft\the_sundering\neoforge\26.2\src\main\java\com\skd\thesundering\client\event\ClientSetup.java:284: error: method registerEntityRenderer in class RegisterRenderers cannot be applied to given types;
        event.registerEntityRenderer((EntityType)ModEntities.WITHER_HOWITZER.get(), Wither_Howitzer_Renderer::new);
             ^
  required: EntityType<? extends T>,EntityRendererProvider<T>
  found:    EntityType,Wither_How[...]::new
  reason: cannot infer type-variable(s) T
    (argument mismatch; bad return type in method reference
      Wither_Howitzer_Renderer cannot be converted to EntityRenderer<T,?>)
  where T is a type-variable:
    T extends Entity declared in method <T>registerEntityRenderer(EntityType<? extends T>,EntityRendererProvider<T>)
G:\Proyectos\Mods_Minecraft\the_sundering\neoforge\26.2\src\main\java\com\skd\thesundering\client\event\ClientSetup.java:285: error: method registerEntityRenderer in class RegisterRenderers cannot be applied to given types;
        event.registerEntityRenderer((EntityType)ModEntities.VOID_HOWITZER.get(), Void_Howitzer_Renderer::new);
             ^
  required: EntityType<? extends T>,EntityRendererProvider<T>
  found:    EntityType,Void_Howit[...]::new
  reason: cannot infer type-variable(s) T
    (argument mismatch; bad return type in method reference
      Void_Howitzer_Renderer cannot be converted to EntityRenderer<T,?>)
  where T is a type-variable:
    T extends Entity declared in method <T>registerEntityRenderer(EntityType<? extends T>,EntityRendererProvider<T>)
G:\Proyectos\Mods_Minecraft\the_sundering\neoforge\26.2\src\main\java\com\skd\thesundering\client\event\ClientSetup.java:286: error: method registerEntityRenderer in class RegisterRenderers cannot be applied to given types;
        event.registerEntityRenderer((EntityType)ModEntities.VOID_VORTEX.get(), Void_Vortex_Renderer::new);
             ^
  required: EntityType<? extends T>,EntityRendererProvider<T>
  found:    EntityType,Void_Vorte[...]::new
  reason: cannot infer type-variable(s) T
    (argument mismatch; bad return type in method reference
      Void_Vortex_Renderer cannot be converted to EntityRenderer<T,?>)
  where T is a type-variable:
    T extends Entity declared in method <T>registerEntityRenderer(EntityType<? extends T>,EntityRendererProvider<T>)
G:\Proyectos\Mods_Minecraft\the_sundering\neoforge\26.2\src\main\java\com\skd\thesundering\client\event\ClientSetup.java:287: error: method registerEntityRenderer in class RegisterRenderers cannot be applied to given types;
        event.registerEntityRenderer((EntityType)ModEntities.THE_LEVIATHAN.get(), The_Leviathan_Renderer::new);
             ^
  required: EntityType<? extends T>,EntityRendererProvider<T>
  found:    EntityType,The_Leviat[...]::new
  reason: cannot infer type-variable(s) T
    (argument mismatch; bad return type in method reference
      The_Leviathan_Renderer cannot be converted to EntityRenderer<T,?>)
  where T is a type-variable:
    T extends Entity declared in method <T>registerEntityRenderer(EntityType<? extends T>,EntityRendererProvider<T>)
G:\Proyectos\Mods_Minecraft\the_sundering\neoforge\26.2\src\main\java\com\skd\thesundering\client\event\ClientSetup.java:288: error: method registerEntityRenderer in class RegisterRenderers cannot be applied to given types;
        event.registerEntityRenderer((EntityType)ModEntities.THE_BABY_LEVIATHAN.get(), The_Baby_Leviathan_Renderer::new);
             ^
  required: EntityType<? extends T>,EntityRendererProvider<T>
  found:    EntityType,The_Baby_L[...]::new
  reason: cannot infer type-variable(s) T
    (argument mismatch; bad return type in method reference
      The_Baby_Leviathan_Renderer cannot be converted to EntityRenderer<T,?>)
  where T is a type-variable:
    T extends Entity declared in method <T>registerEntityRenderer(EntityType<? extends T>,EntityRendererProvider<T>)
G:\Proyectos\Mods_Minecraft\the_sundering\neoforge\26.2\src\main\java\com\skd\thesundering\client\event\ClientSetup.java:289: error: method registerEntityRenderer in class RegisterRenderers cannot be applied to given types;
        event.registerEntityRenderer((EntityType)ModEntities.ABYSS_PORTAL.get(), Abyss_Portal_Renderer::new);
             ^
  required: EntityType<? extends T>,EntityRendererProvider<T>
  found:    EntityType,Abyss_Port[...]::new
  reason: cannot infer type-variable(s) T
    (argument mismatch; bad return type in method reference
      Abyss_Portal_Renderer cannot be converted to EntityRenderer<T,?>)
  where T is a type-variable:
    T extends Entity declared in method <T>registerEntityRenderer(EntityType<? extends T>,EntityRendererProvider<T>)
G:\Proyectos\Mods_Minecraft\the_sundering\neoforge\26.2\src\main\java\com\skd\thesundering\client\event\ClientSetup.java:290: error: method registerEntityRenderer in class RegisterRenderers cannot be applied to given types;
        event.registerEntityRenderer((EntityType)ModEntities.ABYSS_ORB.get(), Abyss_Orb_Renderer::new);
             ^
  required: EntityType<? extends T>,EntityRendererProvider<T>
  found:    EntityType,Abyss_Orb_[...]::new
  reason: cannot infer type-variable(s) T
    (argument mismatch; bad return type in method reference
      Abyss_Orb_Renderer cannot be converted to EntityRenderer<T,?>)
  where T is a type-variable:
    T extends Entity declared in method <T>registerEntityRenderer(EntityType<? extends T>,EntityRendererProvider<T>)
G:\Proyectos\Mods_Minecraft\the_sundering\neoforge\26.2\src\main\java\com\skd\thesundering\client\event\ClientSetup.java:291: error: method registerEntityRenderer in class RegisterRenderers cannot be applied to given types;
        event.registerEntityRenderer((EntityType)ModEntities.ABYSS_BLAST_PORTAL.get(), Abyss_Blast_Portal_Renderer::new);
             ^
  required: EntityType<? extends T>,EntityRendererProvider<T>
  found:    EntityType,Abyss_Blas[...]::new
  reason: cannot infer type-variable(s) T
    (argument mismatch; bad return type in method reference
      Abyss_Blast_Portal_Renderer cannot be converted to EntityRenderer<T,?>)
  where T is a type-variable:
    T extends Entity declared in method <T>registerEntityRenderer(EntityType<? extends T>,EntityRendererProvider<T>)
G:\Proyectos\Mods_Minecraft\the_sundering\neoforge\26.2\src\main\java\com\skd\thesundering\client\event\ClientSetup.java:292: error: method registerEntityRenderer in class RegisterRenderers cannot be applied to given types;
        event.registerEntityRenderer((EntityType)ModEntities.PORTAL_ABYSS_BLAST.get(), Portal_Abyss_Blast_Renderer::new);
             ^
  required: EntityType<? extends T>,EntityRendererProvider<T>
  found:    EntityType,Portal_Aby[...]::new
  reason: cannot infer type-variable(s) T
    (argument mismatch; bad return type in method reference
      Portal_Abyss_Blast_Renderer cannot be converted to EntityRenderer<T,?>)
  where T is a type-variable:
    T extends Entity declared in method <T>registerEntityRenderer(EntityType<? extends T>,EntityRendererProvider<T>)
G:\Proyectos\Mods_Minecraft\the_sundering\neoforge\26.2\src\main\java\com\skd\thesundering\client\event\ClientSetup.java:293: error: method registerEntityRenderer in class RegisterRenderers cannot be applied to given types;
        event.registerEntityRenderer((EntityType)ModEntities.DEEPLING.get(), Deepling_Renderer::new);
             ^
  required: EntityType<? extends T>,EntityRendererProvider<T>
  found:    EntityType,Deepling_R[...]::new
  reason: cannot infer type-variable(s) T
    (argument mismatch; bad return type in method reference
      Deepling_Renderer cannot be converted to EntityRenderer<T,?>)
  where T is a type-variable:
    T extends Entity declared in method <T>registerEntityRenderer(EntityType<? extends T>,EntityRendererProvider<T>)
G:\Proyectos\Mods_Minecraft\the_sundering\neoforge\26.2\src\main\java\com\skd\thesundering\client\event\ClientSetup.java:294: error: method registerEntityRenderer in class RegisterRenderers cannot be applied to given types;
        event.registerEntityRenderer((EntityType)ModEntities.ABYSS_MINE.get(), Abyss_Mine_Renderer::new);
             ^
  required: EntityType<? extends T>,EntityRendererProvider<T>
  found:    EntityType,Abyss_Mine[...]::new
  reason: cannot infer type-variable(s) T
    (argument mismatch; bad return type in method reference
      Abyss_Mine_Renderer cannot be converted to EntityRenderer<T,?>)
  where T is a type-variable:
    T extends Entity declared in method <T>registerEntityRenderer(EntityType<? extends T>,EntityRendererProvider<T>)
G:\Proyectos\Mods_Minecraft\the_sundering\neoforge\26.2\src\main\java\com\skd\thesundering\client\event\ClientSetup.java:295: error: method registerEntityRenderer in class RegisterRenderers cannot be applied to given types;
        event.registerEntityRenderer((EntityType)ModEntities.CORAL_SPEAR.get(), Thrown_Coral_Spear_Renderer::new);
             ^
  required: EntityType<? extends T>,EntityRendererProvider<T>
  found:    EntityType,Thrown_Cor[...]::new
  reason: cannot infer type-variable(s) T
    (argument mismatch; bad return type in method reference
      Thrown_Coral_Spear_Renderer cannot be converted to EntityRenderer<T,?>)
  where T is a type-variable:
    T extends Entity declared in method <T>registerEntityRenderer(EntityType<? extends T>,EntityRendererProvider<T>)
G:\Proyectos\Mods_Minecraft\the_sundering\neoforge\26.2\src\main\java\com\skd\thesundering\client\event\ClientSetup.java:296: error: method registerEntityRenderer in class RegisterRenderers cannot be applied to given types;
        event.registerEntityRenderer((EntityType)ModEntities.CORAL_BARDICHE.get(), Thrown_Coral_Bardiche_Renderer::new);
             ^
  required: EntityType<? extends T>,EntityRendererProvider<T>
  found:    EntityType,Thrown_Cor[...]::new
  reason: cannot infer type-variable(s) T
    (argument mismatch; bad return type in method reference
      Thrown_Coral_Bardiche_Renderer cannot be converted to EntityRenderer<T,?>)
  where T is a type-variable:
    T extends Entity declared in method <T>registerEntityRenderer(EntityType<? extends T>,EntityRendererProvider<T>)
G:\Proyectos\Mods_Minecraft\the_sundering\neoforge\26.2\src\main\java\com\skd\thesundering\client\event\ClientSetup.java:297: error: method registerEntityRenderer in class RegisterRenderers cannot be applied to given types;
        event.registerEntityRenderer((EntityType)ModEntities.DEEPLING_BRUTE.get(), Deepling_Brute_Renderer::new);
             ^
  required: EntityType<? extends T>,EntityRendererProvider<T>
  found:    EntityType,Deepling_B[...]::new
  reason: cannot infer type-variable(s) T
    (argument mismatch; bad return type in method reference
      Deepling_Brute_Renderer cannot be converted to EntityRenderer<T,?>)
  where T is a type-variable:
    T extends Entity declared in method <T>registerEntityRenderer(EntityType<? extends T>,EntityRendererProvider<T>)
G:\Proyectos\Mods_Minecraft\the_sundering\neoforge\26.2\src\main\java\com\skd\thesundering\client\event\ClientSetup.java:298: error: method registerEntityRenderer in class RegisterRenderers cannot be applied to given types;
        event.registerEntityRenderer((EntityType)ModEntities.DEEPLING_PRIEST.get(), Deepling_Priest_Renderer::new);
             ^
  required: EntityType<? extends T>,EntityRendererProvider<T>
  found:    EntityType,Deepling_P[...]::new
  reason: cannot infer type-variable(s) T
    (argument mismatch; bad return type in method reference
      Deepling_Priest_Renderer cannot be converted to EntityRenderer<T,?>)
  where T is a type-variable:
    T extends Entity declared in method <T>registerEntityRenderer(EntityType<? extends T>,EntityRendererProvider<T>)
G:\Proyectos\Mods_Minecraft\the_sundering\neoforge\26.2\src\main\java\com\skd\thesundering\client\event\ClientSetup.java:299: error: method registerEntityRenderer in class RegisterRenderers cannot be applied to given types;
        event.registerEntityRenderer((EntityType)ModEntities.DIMENSIONAL_RIFT.get(), Dimensional_Rift_Renderer::new);
             ^
  required: EntityType<? extends T>,EntityRendererProvider<T>
  found:    EntityType,Dimensiona[...]::new
  reason: cannot infer type-variable(s) T
    (argument mismatch; bad return type in method reference
      Dimensional_Rift_Renderer cannot be converted to EntityRenderer<T,?>)
  where T is a type-variable:
    T extends Entity declared in method <T>registerEntityRenderer(EntityType<? extends T>,EntityRendererProvider<T>)
G:\Proyectos\Mods_Minecraft\the_sundering\neoforge\26.2\src\main\java\com\skd\thesundering\client\event\ClientSetup.java:300: error: method registerEntityRenderer in class RegisterRenderers cannot be applied to given types;
        event.registerEntityRenderer((EntityType)ModEntities.DEEPLING_ANGLER.get(), Deepling_Angler_Renderer::new);
             ^
  required: EntityType<? extends T>,EntityRendererProvider<T>
  found:    EntityType,Deepling_A[...]::new
  reason: cannot infer type-variable(s) T
    (argument mismatch; bad return type in method reference
      Deepling_Angler_Renderer cannot be converted to EntityRenderer<T,?>)
  where T is a type-variable:
    T extends Entity declared in method <T>registerEntityRenderer(EntityType<? extends T>,EntityRendererProvider<T>)
G:\Proyectos\Mods_Minecraft\the_sundering\neoforge\26.2\src\main\java\com\skd\thesundering\client\event\ClientSetup.java:301: error: method registerEntityRenderer in class RegisterRenderers cannot be applied to given types;
        event.registerEntityRenderer((EntityType)ModEntities.DEEPLING_WARLOCK.get(), Deepling_Warlock_Renderer::new);
             ^
  required: EntityType<? extends T>,EntityRendererProvider<T>
  found:    EntityType,Deepling_W[...]::new
  reason: cannot infer type-variable(s) T
    (argument mismatch; bad return type in method reference
      Deepling_Warlock_Renderer cannot be converted to EntityRenderer<T,?>)
  where T is a type-variable:
    T extends Entity declared in method <T>registerEntityRenderer(EntityType<? extends T>,EntityRendererProvider<T>)
G:\Proyectos\Mods_Minecraft\the_sundering\neoforge\26.2\src\main\java\com\skd\thesundering\client\event\ClientSetup.java:302: error: method registerEntityRenderer in class RegisterRenderers cannot be applied to given types;
        event.registerEntityRenderer((EntityType)ModEntities.ABYSS_MARK.get(), Abyss_Mark_Renderer::new);
             ^
  required: EntityType<? extends T>,EntityRendererProvider<T>
  found:    EntityType,Abyss_Mark[...]::new
  reason: cannot infer type-variable(s) T
    (argument mismatch; bad return type in method reference
      Abyss_Mark_Renderer cannot be converted to EntityRenderer<T,?>)
  where T is a type-variable:
    T extends Entity declared in method <T>registerEntityRenderer(EntityType<? extends T>,EntityRendererProvider<T>)
G:\Proyectos\Mods_Minecraft\the_sundering\neoforge\26.2\src\main\java\com\skd\thesundering\client\event\ClientSetup.java:303: error: method registerEntityRenderer in class RegisterRenderers cannot be applied to given types;
        event.registerEntityRenderer((EntityType)ModEntities.CORAL_GOLEM.get(), Coral_Golem_Renderer::new);
             ^
  required: EntityType<? extends T>,EntityRendererProvider<T>
  found:    EntityType,Coral_Gole[...]::new
  reason: cannot infer type-variable(s) T
    (argument mismatch; bad return type in method reference
      Coral_Golem_Renderer cannot be converted to EntityRenderer<T,?>)
  where T is a type-variable:
    T extends Entity declared in method <T>registerEntityRenderer(EntityType<? extends T>,EntityRendererProvider<T>)
G:\Proyectos\Mods_Minecraft\the_sundering\neoforge\26.2\src\main\java\com\skd\thesundering\client\event\ClientSetup.java:304: error: method registerEntityRenderer in class RegisterRenderers cannot be applied to given types;
        event.registerEntityRenderer((EntityType)ModEntities.CORALSSUS.get(), Coralssus_Renderer::new);
             ^
  required: EntityType<? extends T>,EntityRendererProvider<T>
  found:    EntityType,Coralssus_[...]::new
  reason: cannot infer type-variable(s) T
    (argument mismatch; bad return type in method reference
      Coralssus_Renderer cannot be converted to EntityRenderer<T,?>)
  where T is a type-variable:
    T extends Entity declared in method <T>registerEntityRenderer(EntityType<? extends T>,EntityRendererProvider<T>)
G:\Proyectos\Mods_Minecraft\the_sundering\neoforge\26.2\src\main\java\com\skd\thesundering\client\event\ClientSetup.java:305: error: method registerEntityRenderer in class RegisterRenderers cannot be applied to given types;
        event.registerEntityRenderer((EntityType)ModEntities.LIONFISH.get(), Lionfish_Renderer::new);
             ^
  required: EntityType<? extends T>,EntityRendererProvider<T>
  found:    EntityType,Lionfish_R[...]::new
  reason: cannot infer type-variable(s) T
    (argument mismatch; bad return type in method reference
      Lionfish_Renderer cannot be converted to EntityRenderer<T,?>)
  where T is a type-variable:
    T extends Entity declared in method <T>registerEntityRenderer(EntityType<? extends T>,EntityRendererProvider<T>)
G:\Proyectos\Mods_Minecraft\the_sundering\neoforge\26.2\src\main\java\com\skd\thesundering\client\event\ClientSetup.java:306: error: method registerEntityRenderer in class RegisterRenderers cannot be applied to given types;
        event.registerEntityRenderer((EntityType)ModEntities.TIDAL_HOOK.get(), Tidal_Hook_Renderer::new);
             ^
  required: EntityType<? extends T>,EntityRendererProvider<T>
  found:    EntityType,Tidal_Hook[...]::new
  reason: cannot infer type-variable(s) T
    (argument mismatch; bad return type in method reference
      Tidal_Hook_Renderer cannot be converted to EntityRenderer<T,?>)
  where T is a type-variable:
    T extends Entity declared in method <T>registerEntityRenderer(EntityType<? extends T>,EntityRendererProvider<T>)
G:\Proyectos\Mods_Minecraft\the_sundering\neoforge\26.2\src\main\java\com\skd\thesundering\client\event\ClientSetup.java:307: error: method registerEntityRenderer in class RegisterRenderers cannot be applied to given types;
        event.registerEntityRenderer((EntityType)ModEntities.AMETHYST_CRAB.get(), Amethyst_Crab_Renderer::new);
             ^
  required: EntityType<? extends T>,EntityRendererProvider<T>
  found:    EntityType,Amethyst_C[...]::new
  reason: cannot infer type-variable(s) T
    (argument mismatch; bad return type in method reference
      Amethyst_Crab_Renderer cannot be converted to EntityRenderer<T,?>)
  where T is a type-variable:
    T extends Entity declared in method <T>registerEntityRenderer(EntityType<? extends T>,EntityRendererProvider<T>)
G:\Proyectos\Mods_Minecraft\the_sundering\neoforge\26.2\src\main\java\com\skd\thesundering\client\event\ClientSetup.java:308: error: method registerEntityRenderer in class RegisterRenderers cannot be applied to given types;
        event.registerEntityRenderer((EntityType)ModEntities.ANCIENT_REMNANT.get(), Ancient_Remnant_Rework_Renderer::new);
             ^
  required: EntityType<? extends T>,EntityRendererProvider<T>
  found:    EntityType,Ancient_Re[...]::new
  reason: cannot infer type-variable(s) T
    (argument mismatch; bad return type in method reference
      Ancient_Remnant_Rework_Renderer cannot be converted to EntityRenderer<T,?>)
  where T is a type-variable:
    T extends Entity declared in method <T>registerEntityRenderer(EntityType<? extends T>,EntityRendererProvider<T>)
G:\Proyectos\Mods_Minecraft\the_sundering\neoforge\26.2\src\main\java\com\skd\thesundering\client\event\ClientSetup.java:309: error: method registerEntityRenderer in class RegisterRenderers cannot be applied to given types;
        event.registerEntityRenderer((EntityType)ModEntities.MODERN_REMNANT.get(), Modern_Remnant_Renderer::new);
             ^
  required: EntityType<? extends T>,EntityRendererProvider<T>
  found:    EntityType,Modern_Rem[...]::new
  reason: cannot infer type-variable(s) T
    (argument mismatch; bad return type in method reference
      Modern_Remnant_Renderer cannot be converted to EntityRenderer<T,?>)
  where T is a type-variable:
    T extends Entity declared in method <T>registerEntityRenderer(EntityType<? extends T>,EntityRendererProvider<T>)
G:\Proyectos\Mods_Minecraft\the_sundering\neoforge\26.2\src\main\java\com\skd\thesundering\client\event\ClientSetup.java:310: error: method registerEntityRenderer in class RegisterRenderers cannot be applied to given types;
        event.registerEntityRenderer((EntityType)ModEntities.SANDSTORM.get(), Sandstorm_Renderer::new);
             ^
  required: EntityType<? extends T>,EntityRendererProvider<T>
  found:    EntityType,Sandstorm_[...]::new
  reason: cannot infer type-variable(s) T
    (argument mismatch; bad return type in method reference
      Sandstorm_Renderer cannot be converted to EntityRenderer<T,?>)
  where T is a type-variable:
    T extends Entity declared in method <T>registerEntityRenderer(EntityType<? extends T>,EntityRendererProvider<T>)
G:\Proyectos\Mods_Minecraft\the_sundering\neoforge\26.2\src\main\java\com\skd\thesundering\client\event\ClientSetup.java:311: error: method registerEntityRenderer in class RegisterRenderers cannot be applied to given types;
        event.registerEntityRenderer((EntityType)ModEntities.SANDSTORM_PROJECTILE.get(), Sandstorm_Projectile_Renderer::new);
             ^
  required: EntityType<? extends T>,EntityRendererProvider<T>
  found:    EntityType,Sandstorm_[...]::new
  reason: cannot infer type-variable(s) T
    (argument mismatch; bad return type in method reference
      Sandstorm_Projectile_Renderer cannot be converted to EntityRenderer<T,?>)
  where T is a type-variable:
    T extends Entity declared in method <T>registerEntityRenderer(EntityType<? extends T>,EntityRendererProvider<T>)
G:\Proyectos\Mods_Minecraft\the_sundering\neoforge\26.2\src\main\java\com\skd\thesundering\client\event\ClientSetup.java:312: error: method registerEntityRenderer in class RegisterRenderers cannot be applied to given types;
        event.registerEntityRenderer((EntityType)ModEntities.CURSED_SANDSTORM.get(), Cursed_Sandstorm_Renderer::new);
             ^
  required: EntityType<? extends T>,EntityRendererProvider<T>
  found:    EntityType,Cursed_San[...]::new
  reason: cannot infer type-variable(s) T
    (argument mismatch; bad return type in method reference
      Cursed_Sandstorm_Renderer cannot be converted to EntityRenderer<T,?>)
  where T is a type-variable:
    T extends Entity declared in method <T>registerEntityRenderer(EntityType<? extends T>,EntityRendererProvider<T>)
G:\Proyectos\Mods_Minecraft\the_sundering\neoforge\26.2\src\main\java\com\skd\thesundering\client\event\ClientSetup.java:313: error: method registerEntityRenderer in class RegisterRenderers cannot be applied to given types;
        event.registerEntityRenderer((EntityType)ModEntities.THE_WATCHER.get(), The_Watcher_Renderer::new);
             ^
  required: EntityType<? extends T>,EntityRendererProvider<T>
  found:    EntityType,The_Watche[...]::new
  reason: cannot infer type-variable(s) T
    (argument mismatch; bad return type in method reference
      The_Watcher_Renderer cannot be converted to EntityRenderer<T,?>)
  where T is a type-variable:
    T extends Entity declared in method <T>registerEntityRenderer(EntityType<? extends T>,EntityRendererProvider<T>)
G:\Proyectos\Mods_Minecraft\the_sundering\neoforge\26.2\src\main\java\com\skd\thesundering\client\event\ClientSetup.java:314: error: method registerEntityRenderer in class RegisterRenderers cannot be applied to given types;
        event.registerEntityRenderer((EntityType)ModEntities.THE_PROWLER.get(), The_Prowler_Renderer::new);
             ^
  required: EntityType<? extends T>,EntityRendererProvider<T>
  found:    EntityType,The_Prowle[...]::new
  reason: cannot infer type-variable(s) T
    (argument mismatch; bad return type in method reference
      The_Prowler_Renderer cannot be converted to EntityRenderer<T,?>)
  where T is a type-variable:
    T extends Entity declared in method <T>registerEntityRenderer(EntityType<? extends T>,EntityRendererProvider<T>)
G:\Proyectos\Mods_Minecraft\the_sundering\neoforge\26.2\src\main\java\com\skd\thesundering\client\event\ClientSetup.java:315: error: method registerEntityRenderer in class RegisterRenderers cannot be applied to given types;
        event.registerEntityRenderer((EntityType)ModEntities.KOBOLETON.get(), Koboleton_Renderer::new);
             ^
  required: EntityType<? extends T>,EntityRendererProvider<T>
  found:    EntityType,Koboleton_[...]::new
  reason: cannot infer type-variable(s) T
    (argument mismatch; bad return type in method reference
      Koboleton_Renderer cannot be converted to EntityRenderer<T,?>)
  where T is a type-variable:
    T extends Entity declared in method <T>registerEntityRenderer(EntityType<? extends T>,EntityRendererProvider<T>)
G:\Proyectos\Mods_Minecraft\the_sundering\neoforge\26.2\src\main\java\com\skd\thesundering\client\event\ClientSetup.java:316: error: method registerEntityRenderer in class RegisterRenderers cannot be applied to given types;
        event.registerEntityRenderer((EntityType)ModEntities.KOBOLEDIATOR.get(), Kobolediator_Renderer::new);
             ^
  required: EntityType<? extends T>,EntityRendererProvider<T>
  found:    EntityType,Kobolediat[...]::new
  reason: cannot infer type-variable(s) T
    (argument mismatch; bad return type in method reference
      Kobolediator_Renderer cannot be converted to EntityRenderer<T,?>)
  where T is a type-variable:
    T extends Entity declared in method <T>registerEntityRenderer(EntityType<? extends T>,EntityRendererProvider<T>)
G:\Proyectos\Mods_Minecraft\the_sundering\neoforge\26.2\src\main\java\com\skd\thesundering\client\event\ClientSetup.java:317: error: method registerEntityRenderer in class RegisterRenderers cannot be applied to given types;
        event.registerEntityRenderer((EntityType)ModEntities.WADJET.get(), Wadjet_Renderer::new);
             ^
  required: EntityType<? extends T>,EntityRendererProvider<T>
  found:    EntityType,Wadjet_Ren[...]::new
  reason: cannot infer type-variable(s) T
    (argument mismatch; bad return type in method reference
      Wadjet_Renderer cannot be converted to EntityRenderer<T,?>)
  where T is a type-variable:
    T extends Entity declared in method <T>registerEntityRenderer(EntityType<? extends T>,EntityRendererProvider<T>)
G:\Proyectos\Mods_Minecraft\the_sundering\neoforge\26.2\src\main\java\com\skd\thesundering\client\event\ClientSetup.java:318: error: method registerEntityRenderer in class RegisterRenderers cannot be applied to given types;
        event.registerEntityRenderer((EntityType)ModEntities.MALEDICTUS.get(), Maledictus_Renderer::new);
             ^
  required: EntityType<? extends T>,EntityRendererProvider<T>
  found:    EntityType,Maledictus[...]::new
  reason: cannot infer type-variable(s) T
    (argument mismatch; bad return type in method reference
      Maledictus_Renderer cannot be converted to EntityRenderer<T,?>)
  where T is a type-variable:
    T extends Entity declared in method <T>registerEntityRenderer(EntityType<? extends T>,EntityRendererProvider<T>)
G:\Proyectos\Mods_Minecraft\the_sundering\neoforge\26.2\src\main\java\com\skd\thesundering\client\event\ClientSetup.java:319: error: method registerEntityRenderer in class RegisterRenderers cannot be applied to given types;
        event.registerEntityRenderer((EntityType)ModEntities.DRAUGR.get(), Draugr_Renderer::new);
             ^
  required: EntityType<? extends T>,EntityRendererProvider<T>
  found:    EntityType,Draugr_Ren[...]::new
  reason: cannot infer type-variable(s) T
    (argument mismatch; bad return type in method reference
      Draugr_Renderer cannot be converted to EntityRenderer<T,?>)
  where T is a type-variable:
    T extends Entity declared in method <T>registerEntityRenderer(EntityType<? extends T>,EntityRendererProvider<T>)
G:\Proyectos\Mods_Minecraft\the_sundering\neoforge\26.2\src\main\java\com\skd\thesundering\client\event\ClientSetup.java:320: error: method registerEntityRenderer in class RegisterRenderers cannot be applied to given types;
        event.registerEntityRenderer((EntityType)ModEntities.ROYAL_DRAUGR.get(), Royal_Draugr_Renderer::new);
             ^
  required: EntityType<? extends T>,EntityRendererProvider<T>
  found:    EntityType,Royal_Drau[...]::new
  reason: cannot infer type-variable(s) T
    (argument mismatch; bad return type in method reference
      Royal_Draugr_Renderer cannot be converted to EntityRenderer<T,?>)
  where T is a type-variable:
    T extends Entity declared in method <T>registerEntityRenderer(EntityType<? extends T>,EntityRendererProvider<T>)
G:\Proyectos\Mods_Minecraft\the_sundering\neoforge\26.2\src\main\java\com\skd\thesundering\client\event\ClientSetup.java:321: error: method registerEntityRenderer in class RegisterRenderers cannot be applied to given types;
        event.registerEntityRenderer((EntityType)ModEntities.ELITE_DRAUGR.get(), Elite_Draugr_Renderer::new);
             ^
  required: EntityType<? extends T>,EntityRendererProvider<T>
  found:    EntityType,Elite_Drau[...]::new
  reason: cannot infer type-variable(s) T
    (argument mismatch; bad return type in method reference
      Elite_Draugr_Renderer cannot be converted to EntityRenderer<T,?>)
  where T is a type-variable:
    T extends Entity declared in method <T>registerEntityRenderer(EntityType<? extends T>,EntityRendererProvider<T>)
G:\Proyectos\Mods_Minecraft\the_sundering\neoforge\26.2\src\main\java\com\skd\thesundering\client\event\ClientSetup.java:322: error: method registerEntityRenderer in class RegisterRenderers cannot be applied to given types;
        event.registerEntityRenderer((EntityType)ModEntities.APTRGANGR.get(), Aptrgangr_Renderer::new);
             ^
  required: EntityType<? extends T>,EntityRendererProvider<T>
  found:    EntityType,Aptrgangr_[...]::new
  reason: cannot infer type-variable(s) T
    (argument mismatch; bad return type in method reference
      Aptrgangr_Renderer cannot be converted to EntityRenderer<T,?>)
  where T is a type-variable:
    T extends Entity declared in method <T>registerEntityRenderer(EntityType<? extends T>,EntityRendererProvider<T>)
G:\Proyectos\Mods_Minecraft\the_sundering\neoforge\26.2\src\main\java\com\skd\thesundering\client\event\ClientSetup.java:323: error: method registerEntityRenderer in class RegisterRenderers cannot be applied to given types;
        event.registerEntityRenderer((EntityType)ModEntities.AXE_BLADE.get(), Axe_Blade_Renderer::new);
             ^
  required: EntityType<? extends T>,EntityRendererProvider<T>
  found:    EntityType,Axe_Blade_[...]::new
  reason: cannot infer type-variable(s) T
    (argument mismatch; bad return type in method reference
      Axe_Blade_Renderer cannot be converted to EntityRenderer<T,?>)
  where T is a type-variable:
    T extends Entity declared in method <T>registerEntityRenderer(EntityType<? extends T>,EntityRendererProvider<T>)
G:\Proyectos\Mods_Minecraft\the_sundering\neoforge\26.2\src\main\java\com\skd\thesundering\client\event\ClientSetup.java:324: error: method registerEntityRenderer in class RegisterRenderers cannot be applied to given types;
        event.registerEntityRenderer((EntityType)ModEntities.PHANTOM_HALBERD.get(), Phantom_Halberd_Renderer::new);
             ^
  required: EntityType<? extends T>,EntityRendererProvider<T>
  found:    EntityType,Phantom_Ha[...]::new
  reason: cannot infer type-variable(s) T
    (argument mismatch; bad return type in method reference
      Phantom_Halberd_Renderer cannot be converted to EntityRenderer<T,?>)
  where T is a type-variable:
    T extends Entity declared in method <T>registerEntityRenderer(EntityType<? extends T>,EntityRendererProvider<T>)
G:\Proyectos\Mods_Minecraft\the_sundering\neoforge\26.2\src\main\java\com\skd\thesundering\client\event\ClientSetup.java:325: error: method registerEntityRenderer in class RegisterRenderers cannot be applied to given types;
        event.registerEntityRenderer((EntityType)ModEntities.EARTHQUAKE.get(), RendererNull::new);
             ^
  required: EntityType<? extends T>,EntityRendererProvider<T>
  found:    EntityType,RendererNull::new
  reason: cannot infer type-variable(s) T
    (argument mismatch; bad return type in method reference
      RendererNull cannot be converted to EntityRenderer<T,?>)
  where T is a type-variable:
    T extends Entity declared in method <T>registerEntityRenderer(EntityType<? extends T>,EntityRendererProvider<T>)
G:\Proyectos\Mods_Minecraft\the_sundering\neoforge\26.2\src\main\java\com\skd\thesundering\client\event\ClientSetup.java:326: error: method registerEntityRenderer in class RegisterRenderers cannot be applied to given types;
        event.registerEntityRenderer((EntityType)ModEntities.ACCRETION.get(), Accretion_Renderer::new);
             ^
  required: EntityType<? extends T>,EntityRendererProvider<T>
  found:    EntityType,Accretion_[...]::new
  reason: cannot infer type-variable(s) T
    (argument mismatch; bad return type in method reference
      Accretion_Renderer cannot be converted to EntityRenderer<T,?>)
  where T is a type-variable:
    T extends Entity declared in method <T>registerEntityRenderer(EntityType<? extends T>,EntityRendererProvider<T>)
G:\Proyectos\Mods_Minecraft\the_sundering\neoforge\26.2\src\main\java\com\skd\thesundering\client\event\ClientSetup.java:327: error: method registerEntityRenderer in class RegisterRenderers cannot be applied to given types;
        event.registerEntityRenderer((EntityType)ModEntities.ANCIENT_DESERT_STELE.get(), Ancient_Desert_Stele_Renderer::new);
             ^
  required: EntityType<? extends T>,EntityRendererProvider<T>
  found:    EntityType,Ancient_De[...]::new
  reason: cannot infer type-variable(s) T
    (argument mismatch; bad return type in method reference
      Ancient_Desert_Stele_Renderer cannot be converted to EntityRenderer<T,?>)
  where T is a type-variable:
    T extends Entity declared in method <T>registerEntityRenderer(EntityType<? extends T>,EntityRendererProvider<T>)
G:\Proyectos\Mods_Minecraft\the_sundering\neoforge\26.2\src\main\java\com\skd\thesundering\client\event\ClientSetup.java:328: error: method registerEntityRenderer in class RegisterRenderers cannot be applied to given types;
        event.registerEntityRenderer((EntityType)ModEntities.AMETHYST_CLUSTER_PROJECTILE.get(), Amethyst_Cluster_Projectile_Renderer::new);
             ^
  required: EntityType<? extends T>,EntityRendererProvider<T>
  found:    EntityType,Amethyst_C[...]::new
  reason: cannot infer type-variable(s) T
    (argument mismatch; bad return type in method reference
      Amethyst_Cluster_Projectile_Renderer cannot be converted to EntityRenderer<T,?>)
  where T is a type-variable:
    T extends Entity declared in method <T>registerEntityRenderer(EntityType<? extends T>,EntityRendererProvider<T>)
G:\Proyectos\Mods_Minecraft\the_sundering\neoforge\26.2\src\main\java\com\skd\thesundering\client\event\ClientSetup.java:329: error: method registerEntityRenderer in class RegisterRenderers cannot be applied to given types;
        event.registerEntityRenderer((EntityType)ModEntities.THE_LEVIATHAN_TONGUE.get(), RendererNull::new);
             ^
  required: EntityType<? extends T>,EntityRendererProvider<T>
  found:    EntityType,RendererNull::new
  reason: cannot infer type-variable(s) T
    (argument mismatch; bad return type in method reference
      RendererNull cannot be converted to EntityRenderer<T,?>)
  where T is a type-variable:
    T extends Entity declared in method <T>registerEntityRenderer(EntityType<? extends T>,EntityRendererProvider<T>)
G:\Proyectos\Mods_Minecraft\the_sundering\neoforge\26.2\src\main\java\com\skd\thesundering\client\event\ClientSetup.java:331: error: method registerEntityRenderer in class RegisterRenderers cannot be applied to given types;
        event.registerEntityRenderer((EntityType)ModEntities.EYE_OF_DUNGEON.get(), Eye_Of_Dungeon_Renderer::new);
             ^
  required: EntityType<? extends T>,EntityRendererProvider<T>
  found:    EntityType,Eye_Of_Dun[...]::new
  reason: cannot infer type-variable(s) T
    (argument mismatch; bad return type in method reference
      Eye_Of_Dungeon_Renderer cannot be converted to EntityRenderer<T,?>)
  where T is a type-variable:
    T extends Entity declared in method <T>registerEntityRenderer(EntityType<? extends T>,EntityRendererProvider<T>)
G:\Proyectos\Mods_Minecraft\the_sundering\neoforge\26.2\src\main\java\com\skd\thesundering\client\event\ClientSetup.java:332: error: method registerEntityRenderer in class RegisterRenderers cannot be applied to given types;
        event.registerEntityRenderer((EntityType)ModEntities.BLAZING_BONE.get(), Blazing_Bone_Renderer::new);
             ^
  required: EntityType<? extends T>,EntityRendererProvider<T>
  found:    EntityType,Blazing_Bo[...]::new
  reason: cannot infer type-variable(s) T
    (argument mismatch; bad return type in method reference
      Blazing_Bone_Renderer cannot be converted to EntityRenderer<T,?>)
  where T is a type-variable:
    T extends Entity declared in method <T>registerEntityRenderer(EntityType<? extends T>,EntityRendererProvider<T>)
G:\Proyectos\Mods_Minecraft\the_sundering\neoforge\26.2\src\main\java\com\skd\thesundering\client\event\ClientSetup.java:333: error: method registerEntityRenderer in class RegisterRenderers cannot be applied to given types;
        event.registerEntityRenderer((EntityType)ModEntities.LIONFISH_SPIKE.get(), Lionfish_Spike_Renderer::new);
             ^
  required: EntityType<? extends T>,EntityRendererProvider<T>
  found:    EntityType,Lionfish_S[...]::new
  reason: cannot infer type-variable(s) T
    (argument mismatch; bad return type in method reference
      Lionfish_Spike_Renderer cannot be converted to EntityRenderer<T,?>)
  where T is a type-variable:
    T extends Entity declared in method <T>registerEntityRenderer(EntityType<? extends T>,EntityRendererProvider<T>)
G:\Proyectos\Mods_Minecraft\the_sundering\neoforge\26.2\src\main\java\com\skd\thesundering\client\event\ClientSetup.java:334: error: method registerEntityRenderer in class RegisterRenderers cannot be applied to given types;
        event.registerEntityRenderer((EntityType)ModEntities.TIDAL_TENTACLE.get(), Tidal_Tentacle_Renderer::new);
             ^
  required: EntityType<? extends T>,EntityRendererProvider<T>
  found:    EntityType,Tidal_Tent[...]::new
  reason: cannot infer type-variable(s) T
    (argument mismatch; bad return type in method reference
      Tidal_Tentacle_Renderer cannot be converted to EntityRenderer<T,?>)
  where T is a type-variable:
    T extends Entity declared in method <T>registerEntityRenderer(EntityType<? extends T>,EntityRendererProvider<T>)
G:\Proyectos\Mods_Minecraft\the_sundering\neoforge\26.2\src\main\java\com\skd\thesundering\client\event\ClientSetup.java:335: error: method registerEntityRenderer in class RegisterRenderers cannot be applied to given types;
        event.registerEntityRenderer((EntityType)ModEntities.HIPPOCAMTUS.get(), Hippocamtus_Renderer::new);
             ^
  required: EntityType<? extends T>,EntityRendererProvider<T>
  found:    EntityType,Hippocamtu[...]::new
  reason: cannot infer type-variable(s) T
    (argument mismatch; bad return type in method reference
      Hippocamtus_Renderer cannot be converted to EntityRenderer<T,?>)
  where T is a type-variable:
    T extends Entity declared in method <T>registerEntityRenderer(EntityType<? extends T>,EntityRendererProvider<T>)
G:\Proyectos\Mods_Minecraft\the_sundering\neoforge\26.2\src\main\java\com\skd\thesundering\client\event\ClientSetup.java:336: error: method registerEntityRenderer in class RegisterRenderers cannot be applied to given types;
        event.registerEntityRenderer((EntityType)ModEntities.SCYLLA.get(), Scylla_Renderer::new);
             ^
  required: EntityType<? extends T>,EntityRendererProvider<T>
  found:    EntityType,Scylla_Ren[...]::new
  reason: cannot infer type-variable(s) T
    (argument mismatch; bad return type in method reference
      Scylla_Renderer cannot be converted to EntityRenderer<T,?>)
  where T is a type-variable:
    T extends Entity declared in method <T>registerEntityRenderer(EntityType<? extends T>,EntityRendererProvider<T>)
G:\Proyectos\Mods_Minecraft\the_sundering\neoforge\26.2\src\main\java\com\skd\thesundering\client\event\ClientSetup.java:337: error: method registerEntityRenderer in class RegisterRenderers cannot be applied to given types;
        event.registerEntityRenderer((EntityType)ModEntities.CLAWDIAN.get(), Clawdian_Renderer::new);
             ^
  required: EntityType<? extends T>,EntityRendererProvider<T>
  found:    EntityType,Clawdian_R[...]::new
  reason: cannot infer type-variable(s) T
    (argument mismatch; bad return type in method reference
      Clawdian_Renderer cannot be converted to EntityRenderer<T,?>)
  where T is a type-variable:
    T extends Entity declared in method <T>registerEntityRenderer(EntityType<? extends T>,EntityRendererProvider<T>)
G:\Proyectos\Mods_Minecraft\the_sundering\neoforge\26.2\src\main\java\com\skd\thesundering\client\event\ClientSetup.java:338: error: method registerEntityRenderer in class RegisterRenderers cannot be applied to given types;
        event.registerEntityRenderer((EntityType)ModEntities.DROWNED_HOST.get(), Drowned_Host_Renderer::new);
             ^
  required: EntityType<? extends T>,EntityRendererProvider<T>
  found:    EntityType,Drowned_Ho[...]::new
  reason: cannot infer type-variable(s) T
    (argument mismatch; bad return type in method reference
      Drowned_Host_Renderer cannot be converted to EntityRenderer<T,?>)
  where T is a type-variable:
    T extends Entity declared in method <T>registerEntityRenderer(EntityType<? extends T>,EntityRendererProvider<T>)
G:\Proyectos\Mods_Minecraft\the_sundering\neoforge\26.2\src\main\java\com\skd\thesundering\client\event\ClientSetup.java:339: error: method registerEntityRenderer in class RegisterRenderers cannot be applied to given types;
        event.registerEntityRenderer((EntityType)ModEntities.SYMBIOCTO.get(), Symbiocto_Renderer::new);
             ^
  required: EntityType<? extends T>,EntityRendererProvider<T>
  found:    EntityType,Symbiocto_[...]::new
  reason: cannot infer type-variable(s) T
    (argument mismatch; bad return type in method reference
      Symbiocto_Renderer cannot be converted to EntityRenderer<T,?>)
  where T is a type-variable:
    T extends Entity declared in method <T>registerEntityRenderer(EntityType<? extends T>,EntityRendererProvider<T>)
G:\Proyectos\Mods_Minecraft\the_sundering\neoforge\26.2\src\main\java\com\skd\thesundering\client\event\ClientSetup.java:340: error: method registerEntityRenderer in class RegisterRenderers cannot be applied to given types;
        event.registerEntityRenderer((EntityType)ModEntities.OCTO_INK.get(), Octo_Ink_Renderer::new);
             ^
  required: EntityType<? extends T>,EntityRendererProvider<T>
  found:    EntityType,Octo_Ink_R[...]::new
  reason: cannot infer type-variable(s) T
    (argument mismatch; bad return type in method reference
      Octo_Ink_Renderer cannot be converted to EntityRenderer<T,?>)
  where T is a type-variable:
    T extends Entity declared in method <T>registerEntityRenderer(EntityType<? extends T>,EntityRendererProvider<T>)
G:\Proyectos\Mods_Minecraft\the_sundering\neoforge\26.2\src\main\java\com\skd\thesundering\client\event\ClientSetup.java:341: error: method registerEntityRenderer in class RegisterRenderers cannot be applied to given types;
        event.registerEntityRenderer((EntityType)ModEntities.URCHINKIN.get(), Urchinkin_Renderer::new);
             ^
  required: EntityType<? extends T>,EntityRendererProvider<T>
  found:    EntityType,Urchinkin_[...]::new
  reason: cannot infer type-variable(s) T
    (argument mismatch; bad return type in method reference
      Urchinkin_Renderer cannot be converted to EntityRenderer<T,?>)
  where T is a type-variable:
    T extends Entity declared in method <T>registerEntityRenderer(EntityType<? extends T>,EntityRendererProvider<T>)
G:\Proyectos\Mods_Minecraft\the_sundering\neoforge\26.2\src\main\java\com\skd\thesundering\client\event\ClientSetup.java:342: error: method registerEntityRenderer in class RegisterRenderers cannot be applied to given types;
        event.registerEntityRenderer((EntityType)ModEntities.WATER_SPEAR.get(), Water_Spear_Renderer::new);
             ^
  required: EntityType<? extends T>,EntityRendererProvider<T>
  found:    EntityType,Water_Spea[...]::new
  reason: cannot infer type-variable(s) T
    (argument mismatch; bad return type in method reference
      Water_Spear_Renderer cannot be converted to EntityRenderer<T,?>)
  where T is a type-variable:
    T extends Entity declared in method <T>registerEntityRenderer(EntityType<? extends T>,EntityRendererProvider<T>)
G:\Proyectos\Mods_Minecraft\the_sundering\neoforge\26.2\src\main\java\com\skd\thesundering\client\event\ClientSetup.java:343: error: method registerEntityRenderer in class RegisterRenderers cannot be applied to given types;
        event.registerEntityRenderer((EntityType)ModEntities.LIGHTNING_SPEAR.get(), Lightning_Spear_Renderer::new);
             ^
  required: EntityType<? extends T>,EntityRendererProvider<T>
  found:    EntityType,Lightning_[...]::new
  reason: cannot infer type-variable(s) T
    (argument mismatch; bad return type in method reference
      Lightning_Spear_Renderer cannot be converted to EntityRenderer<T,?>)
  where T is a type-variable:
    T extends Entity declared in method <T>registerEntityRenderer(EntityType<? extends T>,EntityRendererProvider<T>)
G:\Proyectos\Mods_Minecraft\the_sundering\neoforge\26.2\src\main\java\com\skd\thesundering\client\event\ClientSetup.java:344: error: method registerEntityRenderer in class RegisterRenderers cannot be applied to given types;
        event.registerEntityRenderer((EntityType)ModEntities.CINDARIA.get(), Cindaria_Renderer::new);
             ^
  required: EntityType<? extends T>,EntityRendererProvider<T>
  found:    EntityType,Cindaria_R[...]::new
  reason: cannot infer type-variable(s) T
    (argument mismatch; bad return type in method reference
      Cindaria_Renderer cannot be converted to EntityRenderer<T,?>)
  where T is a type-variable:
    T extends Entity declared in method <T>registerEntityRenderer(EntityType<? extends T>,EntityRendererProvider<T>)
G:\Proyectos\Mods_Minecraft\the_sundering\neoforge\26.2\src\main\java\com\skd\thesundering\client\event\ClientSetup.java:345: error: method registerEntityRenderer in class RegisterRenderers cannot be applied to given types;
        event.registerEntityRenderer((EntityType)ModEntities.SCYLLA_CERAUNUS.get(), Scylla_Ceraunus_Renderer::new);
             ^
  required: EntityType<? extends T>,EntityRendererProvider<T>
  found:    EntityType,Scylla_Cer[...]::new
  reason: cannot infer type-variable(s) T
    (argument mismatch; bad return type in method reference
      Scylla_Ceraunus_Renderer cannot be converted to EntityRenderer<T,?>)
  where T is a type-variable:
    T extends Entity declared in method <T>registerEntityRenderer(EntityType<? extends T>,EntityRendererProvider<T>)
G:\Proyectos\Mods_Minecraft\the_sundering\neoforge\26.2\src\main\java\com\skd\thesundering\client\event\ClientSetup.java:346: error: method registerEntityRenderer in class RegisterRenderers cannot be applied to given types;
        event.registerEntityRenderer((EntityType)ModEntities.PLAYER_CERAUNUS.get(), Player_Ceraunus_Renderer::new);
             ^
  required: EntityType<? extends T>,EntityRendererProvider<T>
  found:    EntityType,Player_Cer[...]::new
  reason: cannot infer type-variable(s) T
    (argument mismatch; bad return type in method reference
      Player_Ceraunus_Renderer cannot be converted to EntityRenderer<T,?>)
  where T is a type-variable:
    T extends Entity declared in method <T>registerEntityRenderer(EntityType<? extends T>,EntityRendererProvider<T>)
G:\Proyectos\Mods_Minecraft\the_sundering\neoforge\26.2\src\main\java\com\skd\thesundering\client\event\ClientSetup.java:347: error: method registerEntityRenderer in class RegisterRenderers cannot be applied to given types;
        event.registerEntityRenderer((EntityType)ModEntities.BRONTES.get(), Brontes_Renderer::new);
             ^
  required: EntityType<? extends T>,EntityRendererProvider<T>
  found:    EntityType,Brontes_Re[...]::new
  reason: cannot infer type-variable(s) T
    (argument mismatch; bad return type in method reference
      Brontes_Renderer cannot be converted to EntityRenderer<T,?>)
  where T is a type-variable:
    T extends Entity declared in method <T>registerEntityRenderer(EntityType<? extends T>,EntityRendererProvider<T>)
G:\Proyectos\Mods_Minecraft\the_sundering\neoforge\26.2\src\main\java\com\skd\thesundering\client\event\ClientSetup.java:348: error: method registerEntityRenderer in class RegisterRenderers cannot be applied to given types;
        event.registerEntityRenderer((EntityType)ModEntities.URCHIN_SPIKE.get(), Urchin_Spike_Renderer::new);
             ^
  required: EntityType<? extends T>,EntityRendererProvider<T>
  found:    EntityType,Urchin_Spi[...]::new
  reason: cannot infer type-variable(s) T
    (argument mismatch; bad return type in method reference
      Urchin_Spike_Renderer cannot be converted to EntityRenderer<T,?>)
  where T is a type-variable:
    T extends Entity declared in method <T>registerEntityRenderer(EntityType<? extends T>,EntityRendererProvider<T>)
G:\Proyectos\Mods_Minecraft\the_sundering\neoforge\26.2\src\main\java\com\skd\thesundering\client\event\ClientSetup.java:349: error: method registerEntityRenderer in class RegisterRenderers cannot be applied to given types;
        event.registerEntityRenderer((EntityType)ModEntities.SPARK.get(), RendererNull::new);
             ^
  required: EntityType<? extends T>,EntityRendererProvider<T>
  found:    EntityType,RendererNull::new
  reason: cannot infer type-variable(s) T
    (argument mismatch; bad return type in method reference
      RendererNull cannot be converted to EntityRenderer<T,?>)
  where T is a type-variable:
    T extends Entity declared in method <T>registerEntityRenderer(EntityType<? extends T>,EntityRendererProvider<T>)
G:\Proyectos\Mods_Minecraft\the_sundering\neoforge\26.2\src\main\java\com\skd\thesundering\client\event\ClientSetup.java:350: error: method registerEntityRenderer in class RegisterRenderers cannot be applied to given types;
        event.registerEntityRenderer((EntityType)ModEntities.WAVE.get(), Wave_Renderer::new);
             ^
  required: EntityType<? extends T>,EntityRendererProvider<T>
  found:    EntityType,Wave_Renderer::new
  reason: cannot infer type-variable(s) T
    (argument mismatch; bad return type in method reference
      Wave_Renderer cannot be converted to EntityRenderer<T,?>)
  where T is a type-variable:
    T extends Entity declared in method <T>registerEntityRenderer(EntityType<? extends T>,EntityRendererProvider<T>)
G:\Proyectos\Mods_Minecraft\the_sundering\neoforge\26.2\src\main\java\com\skd\thesundering\client\event\ClientSetup.java:351: error: method registerEntityRenderer in class RegisterRenderers cannot be applied to given types;
        event.registerEntityRenderer((EntityType)ModEntities.STORM_SERPENT.get(), Storm_Serpent_Renderer::new);
             ^
  required: EntityType<? extends T>,EntityRendererProvider<T>
  found:    EntityType,Storm_Serp[...]::new
  reason: cannot infer type-variable(s) T
    (argument mismatch; bad return type in method reference
      Storm_Serpent_Renderer cannot be converted to EntityRenderer<T,?>)
  where T is a type-variable:
    T extends Entity declared in method <T>registerEntityRenderer(EntityType<? extends T>,EntityRendererProvider<T>)
G:\Proyectos\Mods_Minecraft\the_sundering\neoforge\26.2\src\main\java\com\skd\thesundering\client\event\ClientSetup.java:352: error: incompatible types: cannot infer type-variable(s) T#1,S
        event.registerBlockEntityRenderer((BlockEntityType)ModTileentites.ALTAR_OF_FIRE.get(), RendererAltar_of_Fire::new);
                                         ^
    (argument mismatch; bad return type in lambda expression
      no instance(s) of type variable(s) T#2 exist so that RendererAltar_of_Fire<T#2> conforms to BlockEntityRenderer<T#1,S>)
  where T#1,S,T#2 are type-variables:
    T#1 extends BlockEntity declared in method <T#1,S>registerBlockEntityRenderer(BlockEntityType<? extends T#1>,BlockEntityRendererProvider<T#1,S>)
    S extends BlockEntityRenderState declared in method <T#1,S>registerBlockEntityRenderer(BlockEntityType<? extends T#1>,BlockEntityRendererProvider<T#1,S>)
    T#2 extends AltarOfFire_Block_Entity declared in class RendererAltar_of_Fire
G:\Proyectos\Mods_Minecraft\the_sundering\neoforge\26.2\src\main\java\com\skd\thesundering\client\event\ClientSetup.java:353: error: incompatible types: cannot infer type-variable(s) T#1,S
        event.registerBlockEntityRenderer((BlockEntityType)ModTileentites.ALTAR_OF_VOID.get(), RendererAltar_of_Void::new);
                                         ^
    (argument mismatch; bad return type in lambda expression
      no instance(s) of type variable(s) T#2 exist so that RendererAltar_of_Void<T#2> conforms to BlockEntityRenderer<T#1,S>)
  where T#1,S,T#2 are type-variables:
    T#1 extends BlockEntity declared in method <T#1,S>registerBlockEntityRenderer(BlockEntityType<? extends T#1>,BlockEntityRendererProvider<T#1,S>)
    S extends BlockEntityRenderState declared in method <T#1,S>registerBlockEntityRenderer(BlockEntityType<? extends T#1>,BlockEntityRendererProvider<T#1,S>)
    T#2 extends AltarOfVoid_Block_Entity declared in class RendererAltar_of_Void
G:\Proyectos\Mods_Minecraft\the_sundering\neoforge\26.2\src\main\java\com\skd\thesundering\client\event\ClientSetup.java:354: error: method registerBlockEntityRenderer in class RegisterRenderers cannot be applied to given types;
        event.registerBlockEntityRenderer((BlockEntityType)ModTileentites.DOOR_OF_SEAL.get(), Door_Of_Seal_Renderer::new);
             ^
  required: BlockEntityType<? extends T>,BlockEntityRendererProvider<T,S>
  found:    BlockEntityType,Door_Of_Se[...]::new
  reason: cannot infer type-variable(s) T,S
    (argument mismatch; bad return type in method reference
      Door_Of_Seal_Renderer cannot be converted to BlockEntityRenderer<T,S>)
  where T,S are type-variables:
    T extends BlockEntity declared in method <T,S>registerBlockEntityRenderer(BlockEntityType<? extends T>,BlockEntityRendererProvider<T,S>)
    S extends BlockEntityRenderState declared in method <T,S>registerBlockEntityRenderer(BlockEntityType<? extends T>,BlockEntityRendererProvider<T,S>)
G:\Proyectos\Mods_Minecraft\the_sundering\neoforge\26.2\src\main\java\com\skd\thesundering\client\event\ClientSetup.java:355: error: method registerBlockEntityRenderer in class RegisterRenderers cannot be applied to given types;
        event.registerBlockEntityRenderer((BlockEntityType)ModTileentites.CURSED_TOMBSTONE.get(), Cursed_Tombstone_Renderer::new);
             ^
  required: BlockEntityType<? extends T>,BlockEntityRendererProvider<T,S>
  found:    BlockEntityType,Cursed_Tom[...]::new
  reason: cannot infer type-variable(s) T,S
    (argument mismatch; bad return type in method reference
      Cursed_Tombstone_Renderer cannot be converted to BlockEntityRenderer<T,S>)
  where T,S are type-variables:
    T extends BlockEntity declared in method <T,S>registerBlockEntityRenderer(BlockEntityType<? extends T>,BlockEntityRendererProvider<T,S>)
    S extends BlockEntityRenderState declared in method <T,S>registerBlockEntityRenderer(BlockEntityType<? extends T>,BlockEntityRendererProvider<T,S>)
G:\Proyectos\Mods_Minecraft\the_sundering\neoforge\26.2\src\main\java\com\skd\thesundering\client\event\ClientSetup.java:356: error: incompatible types: cannot infer type-variable(s) T#1,S
        event.registerBlockEntityRenderer((BlockEntityType)ModTileentites.EMP.get(), RendererEMP::new);
                                         ^
    (argument mismatch; bad return type in lambda expression
      no instance(s) of type variable(s) T#2 exist so that RendererEMP<T#2> conforms to BlockEntityRenderer<T#1,S>)
  where T#1,S,T#2 are type-variables:
    T#1 extends BlockEntity declared in method <T#1,S>registerBlockEntityRenderer(BlockEntityType<? extends T#1>,BlockEntityRendererProvider<T#1,S>)
    S extends BlockEntityRenderState declared in method <T#1,S>registerBlockEntityRenderer(BlockEntityType<? extends T#1>,BlockEntityRendererProvider<T#1,S>)
    T#2 extends EMP_Block_Entity declared in class RendererEMP
G:\Proyectos\Mods_Minecraft\the_sundering\neoforge\26.2\src\main\java\com\skd\thesundering\client\event\ClientSetup.java:357: error: incompatible types: cannot infer type-variable(s) T#1,S
        event.registerBlockEntityRenderer((BlockEntityType)ModTileentites.MECHANICAL_FUSION_ANVIL.get(), RendererMechanical_fusion_anvil::new);
                                         ^
    (argument mismatch; bad return type in lambda expression
      no instance(s) of type variable(s) T#2 exist so that RendererMechanical_fusion_anvil<T#2> conforms to BlockEntityRenderer<T#1,S>)
  where T#1,S,T#2 are type-variables:
    T#1 extends BlockEntity declared in method <T#1,S>registerBlockEntityRenderer(BlockEntityType<? extends T#1>,BlockEntityRendererProvider<T#1,S>)
    S extends BlockEntityRenderState declared in method <T#1,S>registerBlockEntityRenderer(BlockEntityType<? extends T#1>,BlockEntityRendererProvider<T#1,S>)
    T#2 extends Mechanical_fusion_Anvil_Block_Entity declared in class RendererMechanical_fusion_anvil
G:\Proyectos\Mods_Minecraft\the_sundering\neoforge\26.2\src\main\java\com\skd\thesundering\client\event\ClientSetup.java:358: error: method registerBlockEntityRenderer in class RegisterRenderers cannot be applied to given types;
        event.registerBlockEntityRenderer((BlockEntityType)ModTileentites.ALTAR_OF_AMETHYST.get(), RendererAltar_of_Amethyst::new);
             ^
  required: BlockEntityType<? extends T>,BlockEntityRendererProvider<T,S>
  found:    BlockEntityType,RendererAl[...]::new
  reason: cannot infer type-variable(s) T,S
    (argument mismatch; bad return type in method reference
      RendererAltar_of_Amethyst cannot be converted to BlockEntityRenderer<T,S>)
  where T,S are type-variables:
    T extends BlockEntity declared in method <T,S>registerBlockEntityRenderer(BlockEntityType<? extends T>,BlockEntityRendererProvider<T,S>)
    S extends BlockEntityRenderState declared in method <T,S>registerBlockEntityRenderer(BlockEntityType<? extends T>,BlockEntityRendererProvider<T,S>)
G:\Proyectos\Mods_Minecraft\the_sundering\neoforge\26.2\src\main\java\com\skd\thesundering\client\event\ClientSetup.java:360: error: incompatible types: cannot infer type-variable(s) T#1,S
        event.registerBlockEntityRenderer((BlockEntityType)ModTileentites.ALTAR_OF_ABYSS.get(), RendererAltar_of_Abyss::new);
                                         ^
    (argument mismatch; bad return type in lambda expression
      no instance(s) of type variable(s) T#2 exist so that RendererAltar_of_Abyss<T#2> conforms to BlockEntityRenderer<T#1,S>)
  where T#1,S,T#2 are type-variables:
    T#1 extends BlockEntity declared in method <T#1,S>registerBlockEntityRenderer(BlockEntityType<? extends T#1>,BlockEntityRendererProvider<T#1,S>)
    S extends BlockEntityRenderState declared in method <T#1,S>registerBlockEntityRenderer(BlockEntityType<? extends T#1>,BlockEntityRendererProvider<T#1,S>)
    T#2 extends AltarOfAbyss_Block_Entity declared in class RendererAltar_of_Abyss
G:\Proyectos\Mods_Minecraft\the_sundering\neoforge\26.2\src\main\java\com\skd\thesundering\client\event\ClientSetup.java:361: error: method registerBlockEntityRenderer in class RegisterRenderers cannot be applied to given types;
        event.registerBlockEntityRenderer((BlockEntityType)ModTileentites.ABYSSAL_EGG.get(), RendererAbyssal_Egg::new);
             ^
  required: BlockEntityType<? extends T>,BlockEntityRendererProvider<T,S>
  found:    BlockEntityType,RendererAb[...]::new
  reason: cannot infer type-variable(s) T,S
    (argument mismatch; bad return type in method reference
      RendererAbyssal_Egg cannot be converted to BlockEntityRenderer<T,S>)
  where T,S are type-variables:
    T extends BlockEntity declared in method <T,S>registerBlockEntityRenderer(BlockEntityType<? extends T>,BlockEntityRendererProvider<T,S>)
    S extends BlockEntityRenderState declared in method <T,S>registerBlockEntityRenderer(BlockEntityType<? extends T>,BlockEntityRendererProvider<T,S>)
G:\Proyectos\Mods_Minecraft\the_sundering\neoforge\26.2\src\main\java\com\skd\thesundering\client\event\ClientSetup.java:362: error: method registerBlockEntityRenderer in class RegisterRenderers cannot be applied to given types;
        event.registerBlockEntityRenderer((BlockEntityType)ModTileentites.BOSS_RESPAWNER.get(), Boss_Respawn_Spawn_Renderer::new);
             ^
  required: BlockEntityType<? extends T>,BlockEntityRendererProvider<T,S>
  found:    BlockEntityType,Boss_Respa[...]::new
  reason: cannot infer type-variable(s) T,S
    (argument mismatch; bad return type in method reference
      Boss_Respawn_Spawn_Renderer cannot be converted to BlockEntityRenderer<T,S>)
  where T,S are type-variables:
    T extends BlockEntity declared in method <T,S>registerBlockEntityRenderer(BlockEntityType<? extends T>,BlockEntityRendererProvider<T,S>)
    S extends BlockEntityRenderState declared in method <T,S>registerBlockEntityRenderer(BlockEntityType<? extends T>,BlockEntityRendererProvider<T,S>)
G:\Proyectos\Mods_Minecraft\the_sundering\neoforge\26.2\src\main\java\com\skd\thesundering\client\event\ClientSetup.java:363: error: method registerBlockEntityRenderer in class RegisterRenderers cannot be applied to given types;
        event.registerBlockEntityRenderer((BlockEntityType)ModTileentites.GODDESS_STATUE.get(), Goddess_Statue_Renderer::new);
             ^
  required: BlockEntityType<? extends T>,BlockEntityRendererProvider<T,S>
  found:    BlockEntityType,Goddess_St[...]::new
  reason: cannot infer type-variable(s) T,S
    (argument mismatch; bad return type in method reference
      Goddess_Statue_Renderer cannot be converted to BlockEntityRenderer<T,S>)
  where T,S are type-variables:
    T extends BlockEntity declared in method <T,S>registerBlockEntityRenderer(BlockEntityType<? extends T>,BlockEntityRendererProvider<T,S>)
    S extends BlockEntityRenderState declared in method <T,S>registerBlockEntityRenderer(BlockEntityType<? extends T>,BlockEntityRendererProvider<T,S>)
G:\Proyectos\Mods_Minecraft\the_sundering\neoforge\26.2\src\main\java\com\skd\thesundering\client\event\ClientSetup.java:367: error: cannot find symbol
        event.registerSkullModel((SkullBlock.Type)Cataclysm_Skull_Block.Types.KOBOLEDIATOR, (SkullModelBase)new KobolediatorHeadModel(event.getEntityModelSet().bakeLayer(CMModelLayers.KOBOLEDIATOR_HEAD_MODEL)));
                                                                                             ^
  symbol:   class SkullModelBase
  location: class ClientSetup
G:\Proyectos\Mods_Minecraft\the_sundering\neoforge\26.2\src\main\java\com\skd\thesundering\client\event\ClientSetup.java:367: error: cannot find symbol
        event.registerSkullModel((SkullBlock.Type)Cataclysm_Skull_Block.Types.KOBOLEDIATOR, (SkullModelBase)new KobolediatorHeadModel(event.getEntityModelSet().bakeLayer(CMModelLayers.KOBOLEDIATOR_HEAD_MODEL)));
                                                                                                                                           ^
  symbol:   method getEntityModelSet()
  location: variable event of type CreateSkullModels
G:\Proyectos\Mods_Minecraft\the_sundering\neoforge\26.2\src\main\java\com\skd\thesundering\client\event\ClientSetup.java:368: error: cannot find symbol
        event.registerSkullModel((SkullBlock.Type)Cataclysm_Skull_Block.Types.APTRGANGR, (SkullModelBase)new AptrgangrHeadModel(event.getEntityModelSet().bakeLayer(CMModelLayers.APTRGANGR_HEAD_MODEL)));
                                                                                          ^
  symbol:   class SkullModelBase
  location: class ClientSetup
G:\Proyectos\Mods_Minecraft\the_sundering\neoforge\26.2\src\main\java\com\skd\thesundering\client\event\ClientSetup.java:368: error: cannot find symbol
        event.registerSkullModel((SkullBlock.Type)Cataclysm_Skull_Block.Types.APTRGANGR, (SkullModelBase)new AptrgangrHeadModel(event.getEntityModelSet().bakeLayer(CMModelLayers.APTRGANGR_HEAD_MODEL)));
                                                                                                                                     ^
  symbol:   method getEntityModelSet()
  location: variable event of type CreateSkullModels
G:\Proyectos\Mods_Minecraft\the_sundering\neoforge\26.2\src\main\java\com\skd\thesundering\client\event\ClientSetup.java:369: error: cannot find symbol
        event.registerSkullModel((SkullBlock.Type)Cataclysm_Skull_Block.Types.DRAUGR, (SkullModelBase)new DraugrHeadModel(event.getEntityModelSet().bakeLayer(CMModelLayers.DRAUGR_HEAD_MODEL)));
                                                                                       ^
  symbol:   class SkullModelBase
  location: class ClientSetup
G:\Proyectos\Mods_Minecraft\the_sundering\neoforge\26.2\src\main\java\com\skd\thesundering\client\event\ClientSetup.java:369: error: cannot find symbol
        event.registerSkullModel((SkullBlock.Type)Cataclysm_Skull_Block.Types.DRAUGR, (SkullModelBase)new DraugrHeadModel(event.getEntityModelSet().bakeLayer(CMModelLayers.DRAUGR_HEAD_MODEL)));
                                                                                                                               ^
  symbol:   method getEntityModelSet()
  location: variable event of type CreateSkullModels
G:\Proyectos\Mods_Minecraft\the_sundering\neoforge\26.2\src\main\java\com\skd\thesundering\client\event\ClientSetup.java:420: error: cannot find symbol
            ItemProperties.register((Item)((Item)ModItems.BULWARK_OF_THE_FLAME.get()), (Identifier)Identifier.parse((String)"blocking"), (stack, p_239421_1_, p_239421_2_, j) -> p_239421_2_ != null && p_239421_2_.isUsingItem() && p_239421_2_.getUseItem() == stack ? 1.0f : 0.0f);
            ^
  symbol:   variable ItemProperties
  location: class ClientSetup
G:\Proyectos\Mods_Minecraft\the_sundering\neoforge\26.2\src\main\java\com\skd\thesundering\client\event\ClientSetup.java:421: error: cannot find symbol
            ItemProperties.register((Item)((Item)ModItems.SOUL_RENDER.get()), (Identifier)Identifier.parse((String)"blocking"), (stack, p_239421_1_, p_239421_2_, j) -> p_239421_2_ != null && p_239421_2_.isUsingItem() && p_239421_2_.getUseItem() == stack ? 1.0f : 0.0f);
            ^
  symbol:   variable ItemProperties
  location: class ClientSetup
G:\Proyectos\Mods_Minecraft\the_sundering\neoforge\26.2\src\main\java\com\skd\thesundering\client\event\ClientSetup.java:422: error: cannot find symbol
            ItemProperties.register((Item)((Item)ModItems.CORAL_SPEAR.get()), (Identifier)Identifier.parse((String)"throwing"), (stack, p_239421_1_, p_239421_2_, j) -> p_239421_2_ != null && p_239421_2_.isUsingItem() && p_239421_2_.getUseItem() == stack ? 1.0f : 0.0f);
            ^
  symbol:   variable ItemProperties
  location: class ClientSetup
G:\Proyectos\Mods_Minecraft\the_sundering\neoforge\26.2\src\main\java\com\skd\thesundering\client\event\ClientSetup.java:423: error: cannot find symbol
            ItemProperties.register((Item)((Item)ModItems.CORAL_BARDICHE.get()), (Identifier)Identifier.parse((String)"throwing"), (stack, p_239421_1_, p_239421_2_, j) -> p_239421_2_ != null && p_239421_2_.isUsingItem() && p_239421_2_.getUseItem() == stack ? 1.0f : 0.0f);
            ^
  symbol:   variable ItemProperties
  location: class ClientSetup
G:\Proyectos\Mods_Minecraft\the_sundering\neoforge\26.2\src\main\java\com\skd\thesundering\client\event\ClientSetup.java:424: error: cannot find symbol
            ItemProperties.register((Item)((Item)ModItems.MEAT_SHREDDER.get()), (Identifier)Identifier.parse((String)"using"), (stack, p_239421_1_, p_239421_2_, j) -> p_239421_2_ != null && p_239421_2_.isUsingItem() && p_239421_2_.getUseItem() == stack ? 1.0f : 0.0f);
            ^
  symbol:   variable ItemProperties
  location: class ClientSetup
G:\Proyectos\Mods_Minecraft\the_sundering\neoforge\26.2\src\main\java\com\skd\thesundering\client\event\ClientSetup.java:425: error: cannot find symbol
            ItemProperties.register((Item)((Item)ModItems.CORAL_CHUNK.get()), (Identifier)Identifier.parse((String)"chunk"), (stack, level, living, j) -> stack.getCount() % 3 == 0 ? 0.0f : (stack.getCount() % 3 == 1 ? 0.5f : 1.0f));
            ^
  symbol:   variable ItemProperties
  location: class ClientSetup
G:\Proyectos\Mods_Minecraft\the_sundering\neoforge\26.2\src\main\java\com\skd\thesundering\client\event\ClientSetup.java:426: error: cannot find symbol
            ItemProperties.register((Item)((Item)ModItems.BLACK_STEEL_TARGE.get()), (Identifier)Identifier.parse((String)"blocking"), (stack, p_239421_1_, p_239421_2_, j) -> p_239421_2_ != null && p_239421_2_.isUsingItem() && p_239421_2_.getUseItem() == stack ? 1.0f : 0.0f);
            ^
  symbol:   variable ItemProperties
  location: class ClientSetup
G:\Proyectos\Mods_Minecraft\the_sundering\neoforge\26.2\src\main\java\com\skd\thesundering\client\event\ClientSetup.java:427: error: cannot find symbol
            ItemProperties.register((Item)((Item)ModItems.AZURE_SEA_SHIELD.get()), (Identifier)Identifier.parse((String)"blocking"), (stack, p_239421_1_, p_239421_2_, j) -> p_239421_2_ != null && p_239421_2_.isUsingItem() && p_239421_2_.getUseItem() == stack ? 1.0f : 0.0f);
            ^
  symbol:   variable ItemProperties
  location: class ClientSetup
G:\Proyectos\Mods_Minecraft\the_sundering\neoforge\26.2\src\main\java\com\skd\thesundering\client\event\ClientSetup.java:428: error: cannot find symbol
            ItemProperties.register((Item)((Item)ModItems.ASTRAPE.get()), (Identifier)Identifier.parse((String)"throwing"), (stack, p_239421_1_, p_239421_2_, j) -> p_239421_2_ != null && p_239421_2_.isUsingItem() && p_239421_2_.getUseItem() == stack ? 1.0f : 0.0f);
            ^
  symbol:   variable ItemProperties
  location: class ClientSetup
G:\Proyectos\Mods_Minecraft\the_sundering\neoforge\26.2\src\main\java\com\skd\thesundering\client\event\ClientSetup.java:429: error: cannot find symbol
            ItemProperties.register((Item)((Item)ModItems.CERAUNUS.get()), (Identifier)Identifier.parse((String)"throwing"), (stack, level, entity, idk) -> stack.get(ModDataComponents.THROWN_ANCHOR) != null ? 1.0f : 0.0f);
            ^
  symbol:   variable ItemProperties
  location: class ClientSetup
G:\Proyectos\Mods_Minecraft\the_sundering\neoforge\26.2\src\main\java\com\skd\thesundering\client\event\ClientSetup.java:430: error: cannot find symbol
            ItemProperties.register((Item)((Item)ModItems.BRONTES.get()), (Identifier)Identifier.parse((String)"throwing"), (stack, level, entity, idk) -> stack.get(ModDataComponents.THROWN_HAMMER) != null ? 1.0f : 0.0f);
            ^
  symbol:   variable ItemProperties
  location: class ClientSetup
G:\Proyectos\Mods_Minecraft\the_sundering\neoforge\26.2\src\main\java\com\skd\thesundering\client\event\ClientSetup.java:433: error: package Cataclysm does not exist
            Cataclysm.LOGGER.warn("Could not load item models for weapons");
                     ^
G:\Proyectos\Mods_Minecraft\the_sundering\neoforge\26.2\src\main\java\com\skd\thesundering\client\event\ClientSetup.java:435: warning: [removal] CuriosRendererRegistry in top.theillusivec4.curios.api.client has been deprecated and marked for removal
        CuriosRendererRegistry.register((Item)((Item)ModItems.STICKY_GLOVES.get()), Sticky_Gloves_Renderer::new);
        ^
G:\Proyectos\Mods_Minecraft\the_sundering\neoforge\26.2\src\main\java\com\skd\thesundering\client\event\ClientSetup.java:435: warning: [removal] register(Item,Supplier<ICurioRenderer>) in CuriosRendererRegistry has been deprecated and marked for removal
        CuriosRendererRegistry.register((Item)((Item)ModItems.STICKY_GLOVES.get()), Sticky_Gloves_Renderer::new);
                              ^
G:\Proyectos\Mods_Minecraft\the_sundering\neoforge\26.2\src\main\java\com\skd\thesundering\client\event\ClientSetup.java:436: warning: [removal] CuriosRendererRegistry in top.theillusivec4.curios.api.client has been deprecated and marked for removal
        CuriosRendererRegistry.register((Item)((Item)ModItems.BLAZING_GRIPS.get()), Blazing_Grips_Renderer::new);
        ^
G:\Proyectos\Mods_Minecraft\the_sundering\neoforge\26.2\src\main\java\com\skd\thesundering\client\event\ClientSetup.java:436: warning: [removal] register(Item,Supplier<ICurioRenderer>) in CuriosRendererRegistry has been deprecated and marked for removal
        CuriosRendererRegistry.register((Item)((Item)ModItems.BLAZING_GRIPS.get()), Blazing_Grips_Renderer::new);
                              ^
G:\Proyectos\Mods_Minecraft\the_sundering\neoforge\26.2\src\main\java\com\skd\thesundering\client\event\ClientSetup.java:437: warning: [removal] CuriosRendererRegistry in top.theillusivec4.curios.api.client has been deprecated and marked for removal
        CuriosRendererRegistry.register((Item)((Item)ModItems.KOBOLEDIATOR_SKULL.get()), CurioHeadRenderer::new);
        ^
G:\Proyectos\Mods_Minecraft\the_sundering\neoforge\26.2\src\main\java\com\skd\thesundering\client\event\ClientSetup.java:437: warning: [removal] register(Item,Supplier<ICurioRenderer>) in CuriosRendererRegistry has been deprecated and marked for removal
        CuriosRendererRegistry.register((Item)((Item)ModItems.KOBOLEDIATOR_SKULL.get()), CurioHeadRenderer::new);
                              ^
G:\Proyectos\Mods_Minecraft\the_sundering\neoforge\26.2\src\main\java\com\skd\thesundering\client\event\ClientSetup.java:438: warning: [removal] CuriosRendererRegistry in top.theillusivec4.curios.api.client has been deprecated and marked for removal
        CuriosRendererRegistry.register((Item)((Item)ModItems.APTRGANGR_HEAD.get()), CurioHeadRenderer::new);
        ^
G:\Proyectos\Mods_Minecraft\the_sundering\neoforge\26.2\src\main\java\com\skd\thesundering\client\event\ClientSetup.java:438: warning: [removal] register(Item,Supplier<ICurioRenderer>) in CuriosRendererRegistry has been deprecated and marked for removal
        CuriosRendererRegistry.register((Item)((Item)ModItems.APTRGANGR_HEAD.get()), CurioHeadRenderer::new);
                              ^
G:\Proyectos\Mods_Minecraft\the_sundering\neoforge\26.2\src\main\java\com\skd\thesundering\client\event\ClientSetup.java:439: warning: [removal] CuriosRendererRegistry in top.theillusivec4.curios.api.client has been deprecated and marked for removal
        CuriosRendererRegistry.register((Item)((Item)ModItems.DRAUGR_HEAD.get()), CurioHeadRenderer::new);
        ^
G:\Proyectos\Mods_Minecraft\the_sundering\neoforge\26.2\src\main\java\com\skd\thesundering\client\event\ClientSetup.java:439: warning: [removal] register(Item,Supplier<ICurioRenderer>) in CuriosRendererRegistry has been deprecated and marked for removal
        CuriosRendererRegistry.register((Item)((Item)ModItems.DRAUGR_HEAD.get()), CurioHeadRenderer::new);
                              ^
G:\Proyectos\Mods_Minecraft\the_sundering\neoforge\26.2\src\main\java\com\skd\thesundering\client\event\ClientSetup.java:440: warning: [removal] CuriosRendererRegistry in top.theillusivec4.curios.api.client has been deprecated and marked for removal
        CuriosRendererRegistry.register((Item)((Item)ModItems.CHITIN_CLAW.get()), Chitin_Claw_Renderer::new);
        ^
G:\Proyectos\Mods_Minecraft\the_sundering\neoforge\26.2\src\main\java\com\skd\thesundering\client\event\ClientSetup.java:440: warning: [removal] register(Item,Supplier<ICurioRenderer>) in CuriosRendererRegistry has been deprecated and marked for removal
        CuriosRendererRegistry.register((Item)((Item)ModItems.CHITIN_CLAW.get()), Chitin_Claw_Renderer::new);
                              ^
G:\Proyectos\Mods_Minecraft\the_sundering\neoforge\26.2\src\main\java\com\skd\thesundering\client\event\ClientSetup.java:441: warning: [removal] CuriosRendererRegistry in top.theillusivec4.curios.api.client has been deprecated and marked for removal
        CuriosRendererRegistry.register((Item)((Item)ModItems.VITALITY_ANKH.get()), Vitality_Ankh_Renderer::new);
        ^
G:\Proyectos\Mods_Minecraft\the_sundering\neoforge\26.2\src\main\java\com\skd\thesundering\client\event\ClientSetup.java:441: warning: [removal] register(Item,Supplier<ICurioRenderer>) in CuriosRendererRegistry has been deprecated and marked for removal
        CuriosRendererRegistry.register((Item)((Item)ModItems.VITALITY_ANKH.get()), Vitality_Ankh_Renderer::new);
                              ^
G:\Proyectos\Mods_Minecraft\the_sundering\neoforge\26.2\src\main\java\com\skd\thesundering\client\event\ClientSetup.java:442: warning: [removal] CuriosRendererRegistry in top.theillusivec4.curios.api.client has been deprecated and marked for removal
        CuriosRendererRegistry.register((Item)((Item)ModItems.BELT_OF_BEGINNER.get()), Belt_Of_Beginner_Renderer::new);
        ^
G:\Proyectos\Mods_Minecraft\the_sundering\neoforge\26.2\src\main\java\com\skd\thesundering\client\event\ClientSetup.java:442: warning: [removal] register(Item,Supplier<ICurioRenderer>) in CuriosRendererRegistry has been deprecated and marked for removal
        CuriosRendererRegistry.register((Item)((Item)ModItems.BELT_OF_BEGINNER.get()), Belt_Of_Beginner_Renderer::new);
                              ^
G:\Proyectos\Mods_Minecraft\the_sundering\neoforge\26.2\src\main\java\com\skd\thesundering\client\event\ClientSetup.java:443: warning: [removal] CuriosRendererRegistry in top.theillusivec4.curios.api.client has been deprecated and marked for removal
        CuriosRendererRegistry.register((Item)((Item)ModItems.BELT_OF_MONSTROSITY.get()), Belt_Of_Monstrosity_Renderer::new);
        ^
G:\Proyectos\Mods_Minecraft\the_sundering\neoforge\26.2\src\main\java\com\skd\thesundering\client\event\ClientSetup.java:443: warning: [removal] register(Item,Supplier<ICurioRenderer>) in CuriosRendererRegistry has been deprecated and marked for removal
        CuriosRendererRegistry.register((Item)((Item)ModItems.BELT_OF_MONSTROSITY.get()), Belt_Of_Monstrosity_Renderer::new);
                              ^
G:\Proyectos\Mods_Minecraft\the_sundering\neoforge\26.2\src\main\java\com\skd\thesundering\client\event\ClientSetup.java:444: warning: [removal] CuriosRendererRegistry in top.theillusivec4.curios.api.client has been deprecated and marked for removal
        CuriosRendererRegistry.register((Item)((Item)ModItems.UNBREAKABLE_SKULL.get()), Unbreakable_Skull_Renderer::new);
        ^
G:\Proyectos\Mods_Minecraft\the_sundering\neoforge\26.2\src\main\java\com\skd\thesundering\client\event\ClientSetup.java:444: warning: [removal] register(Item,Supplier<ICurioRenderer>) in CuriosRendererRegistry has been deprecated and marked for removal
        CuriosRendererRegistry.register((Item)((Item)ModItems.UNBREAKABLE_SKULL.get()), Unbreakable_Skull_Renderer::new);
                              ^
G:\Proyectos\Mods_Minecraft\the_sundering\neoforge\26.2\src\main\java\com\skd\thesundering\client\event\ClientSetup.java:445: warning: [removal] CuriosRendererRegistry in top.theillusivec4.curios.api.client has been deprecated and marked for removal
        CuriosRendererRegistry.register((Item)((Item)ModItems.BERSERKER_SOUL_AMULET.get()), Berserker_Soul_Amulet_Renderer::new);
        ^
G:\Proyectos\Mods_Minecraft\the_sundering\neoforge\26.2\src\main\java\com\skd\thesundering\client\event\ClientSetup.java:445: warning: [removal] register(Item,Supplier<ICurioRenderer>) in CuriosRendererRegistry has been deprecated and marked for removal
        CuriosRendererRegistry.register((Item)((Item)ModItems.BERSERKER_SOUL_AMULET.get()), Berserker_Soul_Amulet_Renderer::new);
                              ^
G:\Proyectos\Mods_Minecraft\the_sundering\neoforge\26.2\src\main\java\com\skd\thesundering\client\event\ClientSetup.java:446: warning: [removal] CuriosRendererRegistry in top.theillusivec4.curios.api.client has been deprecated and marked for removal
        CuriosRendererRegistry.register((Item)((Item)ModItems.STURDY_BOOTS.get()), Sturdy_Boots_Renderer::new);
        ^
G:\Proyectos\Mods_Minecraft\the_sundering\neoforge\26.2\src\main\java\com\skd\thesundering\client\event\ClientSetup.java:446: warning: [removal] register(Item,Supplier<ICurioRenderer>) in CuriosRendererRegistry has been deprecated and marked for removal
        CuriosRendererRegistry.register((Item)((Item)ModItems.STURDY_BOOTS.get()), Sturdy_Boots_Renderer::new);
                              ^
G:\Proyectos\Mods_Minecraft\the_sundering\neoforge\26.2\src\main\java\com\skd\thesundering\client\gui\CustomBossBar.java:126: error: cannot find symbol
        GuiGraphics guiGraphics = event.getGuiGraphics();
        ^
  symbol:   class GuiGraphics
  location: class CustomBossBar
G:\Proyectos\Mods_Minecraft\the_sundering\neoforge\26.2\src\main\java\com\skd\thesundering\client\gui\CustomBossBar.java:130: error: cannot find symbol
        Minecraft.getInstance().getProfiler().push("CataclysmCustomBossBarBase");
                               ^
  symbol:   method getProfiler()
  location: class Minecraft
G:\Proyectos\Mods_Minecraft\the_sundering\neoforge\26.2\src\main\java\com\skd\thesundering\client\gui\CustomBossBar.java:131: error: cannot find symbol
        RenderSystem.setShaderColor((float)1.0f, (float)1.0f, (float)1.0f, (float)1.0f);
                    ^
  symbol:   method setShaderColor(float,float,float,float)
  location: class RenderSystem
G:\Proyectos\Mods_Minecraft\the_sundering\neoforge\26.2\src\main\java\com\skd\thesundering\client\gui\CustomBossBar.java:132: error: cannot find symbol
        RenderSystem.setShaderTexture((int)0, (Identifier)this.getBaseTexture());
                    ^
  symbol:   method setShaderTexture(int,Identifier)
  location: class RenderSystem
G:\Proyectos\Mods_Minecraft\the_sundering\neoforge\26.2\src\main\java\com\skd\thesundering\client\gui\CustomBossBar.java:137: error: cannot find symbol
        Minecraft.getInstance().getProfiler().pop();
                               ^
  symbol:   method getProfiler()
  location: class Minecraft
G:\Proyectos\Mods_Minecraft\the_sundering\neoforge\26.2\src\main\java\com\skd\thesundering\client\gui\CustomBossBar.java:143: error: cannot find symbol
            Minecraft.getInstance().getProfiler().push("CataclysmCustomBossBarOverlay");
                                   ^
  symbol:   method getProfiler()
  location: class Minecraft
G:\Proyectos\Mods_Minecraft\the_sundering\neoforge\26.2\src\main\java\com\skd\thesundering\client\gui\CustomBossBar.java:144: error: cannot find symbol
            RenderSystem.setShaderTexture((int)0, (Identifier)this.getOverlayTexture());
                        ^
  symbol:   method setShaderTexture(int,Identifier)
  location: class RenderSystem
G:\Proyectos\Mods_Minecraft\the_sundering\neoforge\26.2\src\main\java\com\skd\thesundering\client\gui\CustomBossBar.java:145: error: incompatible types: possible lossy conversion from float to int
            event.getGuiGraphics().blit(this.getOverlayTexture(), event.getX() + this.getBaseOffsetX() + this.getOverlayOffsetX(), y + this.getOverlayOffsetY() + this.getBaseOffsetY(), 0.0f, 0.0f, this.getOverlayWidth(), this.getOverlayHeight(), this.getOverlayWidth(), this.getOverlayHeight());
                                                                                                                                                                                         ^
G:\Proyectos\Mods_Minecraft\the_sundering\neoforge\26.2\src\main\java\com\skd\thesundering\client\gui\CustomBossBar.java:146: error: cannot find symbol
            Minecraft.getInstance().getProfiler().pop();
                                   ^
  symbol:   method getProfiler()
  location: class Minecraft
G:\Proyectos\Mods_Minecraft\the_sundering\neoforge\26.2\src\main\java\com\skd\thesundering\client\gui\CustomBossBar.java:154: error: cannot find symbol
            RenderSystem.setShaderTexture((int)0, (Identifier)sans);
                        ^
  symbol:   method setShaderTexture(int,Identifier)
  location: class RenderSystem
G:\Proyectos\Mods_Minecraft\the_sundering\neoforge\26.2\src\main\java\com\skd\thesundering\client\gui\CustomBossBar.java:155: error: cannot find symbol
            RenderSystem.setShaderColor((float)1.0f, (float)1.0f, (float)1.0f, (float)1.0f);
                        ^
  symbol:   method setShaderColor(float,float,float,float)
  location: class RenderSystem
G:\Proyectos\Mods_Minecraft\the_sundering\neoforge\26.2\src\main\java\com\skd\thesundering\client\gui\GUIWeponfusion.java:22: error: GUIWeponfusion is not abstract and does not override abstract method extractErrorIcon(GuiGraphicsExtractor,int,int) in ItemCombinerScreen
public class GUIWeponfusion
       ^
G:\Proyectos\Mods_Minecraft\the_sundering\neoforge\26.2\src\main\java\com\skd\thesundering\client\gui\GUIWeponfusion.java:27: error: incompatible types: ItemCombinerMenu cannot be converted to WeaponfusionMenu
        super((ItemCombinerMenu)p_99290_, p_99291_, p_99292_, SMITHING_LOCATION);
              ^
G:\Proyectos\Mods_Minecraft\the_sundering\neoforge\26.2\src\main\java\com\skd\thesundering\inventory\WeaponfusionMenu.java:60: error: constructor ItemCombinerMenu in class ItemCombinerMenu cannot be applied to given types;
        super((MenuType)ModMenu.WEAPON_FUSION.get(), pContainerId, pPlayerInventory, pAccess);
        ^
  required: MenuType<?>,int,Inventory,ContainerLevelAccess,ItemCombinerMenuSlotDefinition
  found:    MenuType,int,Inventory,ContainerLevelAccess
  reason: actual and formal argument lists differ in length
G:\Proyectos\Mods_Minecraft\the_sundering\neoforge\26.2\src\main\java\com\skd\thesundering\inventory\WeaponfusionMenu.java:62: error: cannot find symbol
        this.recipes = this.level.getRecipeManager().getAllRecipesFor((RecipeType)ModRecipeTypes.WEAPON_FUSION.get());
                                 ^
  symbol:   method getRecipeManager()
  location: variable level of type Level
G:\Proyectos\Mods_Minecraft\the_sundering\neoforge\26.2\src\main\java\com\skd\thesundering\inventory\WeaponfusionMenu.java:78: error: method onCraftedBy in class ItemStack cannot be applied to given types;
        pStack.onCraftedBy(pPlayer.level(), pPlayer, pStack.getCount());
              ^
  required: Player,int
  found:    Level,Player,int
  reason: actual and formal argument lists differ in length
G:\Proyectos\Mods_Minecraft\the_sundering\neoforge\26.2\src\main\java\com\skd\thesundering\inventory\WeaponfusionMenu.java:104: error: cannot find symbol
        List list = this.level.getRecipeManager().getRecipesFor((RecipeType)ModRecipeTypes.WEAPON_FUSION.get(), (RecipeInput)smithingrecipeinput, this.level);
                              ^
  symbol:   method getRecipeManager()
  location: variable level of type Level
G:\Proyectos\Mods_Minecraft\the_sundering\neoforge\26.2\src\main\java\com\skd\thesundering\inventory\WeaponfusionMenu.java:109: error: method assemble in class WeaponfusionRecipe cannot be applied to given types;
            ItemStack itemstack = ((WeaponfusionRecipe)recipeholder.value()).assemble(smithingrecipeinput, (HolderLookup.Provider)this.level.registryAccess());
                                                                            ^
  required: WeaponfusionRecipeInput
  found:    WeaponfusionRecipeInput,Provider
  reason: actual and formal argument lists differ in length
G:\Proyectos\Mods_Minecraft\the_sundering\neoforge\26.2\src\main\java\com\skd\thesundering\crafting\WeaponfusionRecipe.java:85: error: incompatible types: Serializer cannot be converted to RecipeSerializer<WeaponfusionRecipe>
        return ModRecipeSerializers.WEAPON_FUSION.get();
                                                     ^
G:\Proyectos\Mods_Minecraft\the_sundering\neoforge\26.2\src\main\java\com\skd\thesundering\crafting\WeaponfusionRecipe.java:89: error: invalid method reference
        return Stream.of(this.base, this.addition).anyMatch(Ingredient::hasNoItems);
                                                            ^
  cannot find symbol
    symbol:   method hasNoItems(T)
    location: class Ingredient
  where T is a type-variable:
    T extends Object declared in interface Stream
G:\Proyectos\Mods_Minecraft\the_sundering\neoforge\26.2\src\main\java\com\skd\thesundering\crafting\WeaponfusionRecipe.java:96: error: cannot find symbol
                ItemStack.STRICT_CODEC.fieldOf("result").forGetter(recipe -> recipe.result)
                         ^
  symbol:   variable STRICT_CODEC
  location: class ItemStack
G:\Proyectos\Mods_Minecraft\the_sundering\neoforge\26.2\src\main\java\com\skd\thesundering\client\gui\MinistrosityInventoryScreen.java:39: error: incompatible types: AbstractContainerMenu cannot be converted to MinistrostiyMenu
        super((AbstractContainerMenu)p_98817_, p_98818_, p_98819_.getDisplayName());
              ^
G:\Proyectos\Mods_Minecraft\the_sundering\neoforge\26.2\src\main\java\com\skd\thesundering\client\gui\MinistrosityInventoryScreen.java:49: error: cannot find symbol
        InventoryScreen.renderEntityInInventoryFollowsMouse((GuiGraphics)p_282553_, (int)(i - 10), (int)(j + 18), (int)(i + 78), (int)(j + 70), (int)34, (float)0.0f, (float)this.xMouse, (float)this.yMouse, (LivingEntity)this.mini);
                                                             ^
  symbol:   class GuiGraphics
  location: class MinistrosityInventoryScreen
G:\Proyectos\Mods_Minecraft\the_sundering\neoforge\26.2\src\main\java\com\skd\thesundering\entity\Pet\AnimationPet.java:60: error: method define in class Builder cannot be applied to given types;
        p_326229_.define(COMMAND, (Object)0);
                 ^
  required: EntityDataAccessor<T>,T
  found:    EntityDataAccessor<Integer>,Object
  reason: inference variable T has incompatible bounds
    equality constraints: Integer
    lower bounds: Object
  where T is a type-variable:
    T extends Object declared in method <T>define(EntityDataAccessor<T>,T)
G:\Proyectos\Mods_Minecraft\the_sundering\neoforge\26.2\src\main\java\com\skd\thesundering\entity\Pet\AnimationPet.java:61: error: method define in class Builder cannot be applied to given types;
        p_326229_.define(SITTING, (Object)false);
                 ^
  required: EntityDataAccessor<T>,T
  found:    EntityDataAccessor<Boolean>,Object
  reason: inference variable T has incompatible bounds
    equality constraints: Boolean
    lower bounds: Object
  where T is a type-variable:
    T extends Object declared in method <T>define(EntityDataAccessor<T>,T)
G:\Proyectos\Mods_Minecraft\the_sundering\neoforge\26.2\src\main\java\com\skd\thesundering\entity\Pet\AnimationPet.java:69: error: no suitable method found for set(EntityDataAccessor<Integer>,Object)
        this.entityData.set(COMMAND, (Object)command);
                       ^
    method SynchedEntityData.<T#1>set(EntityDataAccessor<T#1>,T#1) is not applicable
      (inference variable T#1 has incompatible bounds
        equality constraints: Integer
        lower bounds: Object)
    method SynchedEntityData.<T#2>set(EntityDataAccessor<T#2>,T#2,boolean) is not applicable
      (cannot infer type-variable(s) T#2
        (actual and formal argument lists differ in length))
  where T#1,T#2 are type-variables:
    T#1 extends Object declared in method <T#1>set(EntityDataAccessor<T#1>,T#1)
    T#2 extends Object declared in method <T#2>set(EntityDataAccessor<T#2>,T#2,boolean)
G:\Proyectos\Mods_Minecraft\the_sundering\neoforge\26.2\src\main\java\com\skd\thesundering\entity\Pet\AnimationPet.java:77: error: no suitable method found for set(EntityDataAccessor<Boolean>,Object)
        this.entityData.set(SITTING, (Object)sit);
                       ^
    method SynchedEntityData.<T#1>set(EntityDataAccessor<T#1>,T#1) is not applicable
      (inference variable T#1 has incompatible bounds
        equality constraints: Boolean
        lower bounds: Object)
    method SynchedEntityData.<T#2>set(EntityDataAccessor<T#2>,T#2,boolean) is not applicable
      (cannot infer type-variable(s) T#2
        (actual and formal argument lists differ in length))
  where T#1,T#2 are type-variables:
    T#1 extends Object declared in method <T#1>set(EntityDataAccessor<T#1>,T#1)
    T#2 extends Object declared in method <T#2>set(EntityDataAccessor<T#2>,T#2,boolean)
G:\Proyectos\Mods_Minecraft\the_sundering\neoforge\26.2\src\main\java\com\skd\thesundering\entity\Pet\AnimationPet.java:81: error: incompatible types: CompoundTag cannot be converted to ValueOutput
        super.addAdditionalSaveData(compound);
                                    ^
G:\Proyectos\Mods_Minecraft\the_sundering\neoforge\26.2\src\main\java\com\skd\thesundering\entity\Pet\AnimationPet.java:87: error: incompatible types: CompoundTag cannot be converted to ValueInput
        super.readAdditionalSaveData(compound);
                                     ^
G:\Proyectos\Mods_Minecraft\the_sundering\neoforge\26.2\src\main\java\com\skd\thesundering\entity\Pet\AnimationPet.java:88: error: incompatible types: Optional<Boolean> cannot be converted to boolean
        this.setOrderedToSit(compound.getBoolean("CmPetSitting"));
                                                ^
G:\Proyectos\Mods_Minecraft\the_sundering\neoforge\26.2\src\main\java\com\skd\thesundering\entity\Pet\AnimationPet.java:89: error: incompatible types: Optional<Integer> cannot be converted to int
        this.setCommand(compound.getInt("Command"));
                                       ^
G:\Proyectos\Mods_Minecraft\the_sundering\neoforge\26.2\src\main\java\com\skd\thesundering\entity\Pet\InternalAnimationPet.java:39: error: method define in class Builder cannot be applied to given types;
        p_326229_.define(ATTACK_STATE, (Object)0);
                 ^
  required: EntityDataAccessor<T>,T
  found:    EntityDataAccessor<Integer>,Object
  reason: inference variable T has incompatible bounds
    equality constraints: Integer
    lower bounds: Object
  where T is a type-variable:
    T extends Object declared in method <T>define(EntityDataAccessor<T>,T)
G:\Proyectos\Mods_Minecraft\the_sundering\neoforge\26.2\src\main\java\com\skd\thesundering\entity\Pet\InternalAnimationPet.java:48: error: no suitable method found for set(EntityDataAccessor<Integer>,Object)
        this.entityData.set(ATTACK_STATE, (Object)input);
                       ^
    method SynchedEntityData.<T#1>set(EntityDataAccessor<T#1>,T#1) is not applicable
      (inference variable T#1 has incompatible bounds
        equality constraints: Integer
        lower bounds: Object)
    method SynchedEntityData.<T#2>set(EntityDataAccessor<T#2>,T#2,boolean) is not applicable
      (cannot infer type-variable(s) T#2
        (actual and formal argument lists differ in length))
  where T#1,T#2 are type-variables:
    T#1 extends Object declared in method <T#1>set(EntityDataAccessor<T#1>,T#1)
    T#2 extends Object declared in method <T#2>set(EntityDataAccessor<T#2>,T#2,boolean)
G:\Proyectos\Mods_Minecraft\the_sundering\neoforge\26.2\src\main\java\com\skd\thesundering\entity\Pet\Netherite_Ministrosity_Entity.java:204: error: no suitable method found for set(EntityDataAccessor<Boolean>,Object)
        this.entityData.set(IS_AWAKEN, (Object)isAwaken);
                       ^
    method SynchedEntityData.<T#1>set(EntityDataAccessor<T#1>,T#1) is not applicable
      (inference variable T#1 has incompatible bounds
        equality constraints: Boolean
        lower bounds: Object)
    method SynchedEntityData.<T#2>set(EntityDataAccessor<T#2>,T#2,boolean) is not applicable
      (cannot infer type-variable(s) T#2
        (actual and formal argument lists differ in length))
  where T#1,T#2 are type-variables:
    T#1 extends Object declared in method <T#1>set(EntityDataAccessor<T#1>,T#1)
    T#2 extends Object declared in method <T#2>set(EntityDataAccessor<T#2>,T#2,boolean)
G:\Proyectos\Mods_Minecraft\the_sundering\neoforge\26.2\src\main\java\com\skd\thesundering\entity\Pet\Netherite_Ministrosity_Entity.java:219: error: cannot find symbol
            simplecontainer.removeListener((ContainerListener)this);
                                            ^
  symbol:   class ContainerListener
  location: class Netherite_Ministrosity_Entity
G:\Proyectos\Mods_Minecraft\the_sundering\neoforge\26.2\src\main\java\com\skd\thesundering\entity\Pet\Netherite_Ministrosity_Entity.java:227: error: cannot find symbol
        this.miniInventory.addListener((ContainerListener)this);
                                        ^
  symbol:   class ContainerListener
  location: class Netherite_Ministrosity_Entity
G:\Proyectos\Mods_Minecraft\the_sundering\neoforge\26.2\src\main\java\com\skd\thesundering\entity\Pet\Netherite_Ministrosity_Entity.java:238: error: nextContainerCounter() has private access in ServerPlayer
                serverplayer.nextContainerCounter();
                            ^
G:\Proyectos\Mods_Minecraft\the_sundering\neoforge\26.2\src\main\java\com\skd\thesundering\entity\Pet\Netherite_Ministrosity_Entity.java:239: error: containerCounter has private access in ServerPlayer
                serverplayer.connection.send((CustomPacketPayload)new MessageOpenInventory(serverplayer.containerCounter, this.miniInventory.getContainerSize(), this.getId()));
                                                                                                       ^
G:\Proyectos\Mods_Minecraft\the_sundering\neoforge\26.2\src\main\java\com\skd\thesundering\entity\Pet\Netherite_Ministrosity_Entity.java:240: error: containerCounter has private access in ServerPlayer
                serverplayer.containerMenu = new MinistrostiyMenu(serverplayer.containerCounter, serverplayer.getInventory(), (Container)this.miniInventory, this);
                                                                              ^
G:\Proyectos\Mods_Minecraft\the_sundering\neoforge\26.2\src\main\java\com\skd\thesundering\entity\Pet\Netherite_Ministrosity_Entity.java:241: error: initMenu(AbstractContainerMenu) has private access in ServerPlayer
                serverplayer.initMenu(serverplayer.containerMenu);
                            ^
G:\Proyectos\Mods_Minecraft\the_sundering\neoforge\26.2\src\main\java\com\skd\thesundering\entity\Pet\Netherite_Ministrosity_Entity.java:301: error: method isInvulnerableTo in class LivingEntity cannot be applied to given types;
        return source.is(DamageTypes.IN_WALL) || source.is(DamageTypes.FALLING_BLOCK) || super.isInvulnerableTo(source);
                                                                                              ^
  required: ServerLevel,DamageSource
  found:    DamageSource
  reason: actual and formal argument lists differ in length
G:\Proyectos\Mods_Minecraft\the_sundering\neoforge\26.2\src\main\java\com\skd\thesundering\entity\Pet\Netherite_Ministrosity_Entity.java:305: error: method dropEquipment in class LivingEntity cannot be applied to given types;
        super.dropEquipment();
             ^
  required: ServerLevel
  found:    no arguments
  reason: actual and formal argument lists differ in length
G:\Proyectos\Mods_Minecraft\the_sundering\neoforge\26.2\src\main\java\com\skd\thesundering\entity\Pet\Netherite_Ministrosity_Entity.java:310: error: no suitable method found for spawnAtLocation(ItemStack,float)
                this.spawnAtLocation(itemstack, 0.0f);
                    ^
    method Entity.spawnAtLocation(ServerLevel,ItemLike) is not applicable
      (argument mismatch; ItemStack cannot be converted to ServerLevel)
    method Entity.spawnAtLocation(ServerLevel,ItemStack) is not applicable
      (argument mismatch; ItemStack cannot be converted to ServerLevel)
G:\Proyectos\Mods_Minecraft\the_sundering\neoforge\26.2\src\main\java\com\skd\thesundering\entity\Pet\Netherite_Ministrosity_Entity.java:318: error: method define in class Builder cannot be applied to given types;
        p_326229_.define(FROM_BUCKET, (Object)false);
                 ^
  required: EntityDataAccessor<T>,T
  found:    EntityDataAccessor<Boolean>,Object
  reason: inference variable T has incompatible bounds
    equality constraints: Boolean
    lower bounds: Object
  where T is a type-variable:
    T extends Object declared in method <T>define(EntityDataAccessor<T>,T)
G:\Proyectos\Mods_Minecraft\the_sundering\neoforge\26.2\src\main\java\com\skd\thesundering\entity\Pet\Netherite_Ministrosity_Entity.java:319: error: method define in class Builder cannot be applied to given types;
        p_326229_.define(IS_AWAKEN, (Object)false);
                 ^
  required: EntityDataAccessor<T>,T
  found:    EntityDataAccessor<Boolean>,Object
  reason: inference variable T has incompatible bounds
    equality constraints: Boolean
    lower bounds: Object
  where T is a type-variable:
    T extends Object declared in method <T>define(EntityDataAccessor<T>,T)
G:\Proyectos\Mods_Minecraft\the_sundering\neoforge\26.2\src\main\java\com\skd\thesundering\entity\Pet\Netherite_Ministrosity_Entity.java:333: error: cannot find symbol
            listtag.add((Object)itemstack.save((HolderLookup.Provider)this.registryAccess(), (Tag)compoundtag));
                                         ^
  symbol:   method save(Provider,Tag)
  location: variable itemstack of type ItemStack
G:\Proyectos\Mods_Minecraft\the_sundering\neoforge\26.2\src\main\java\com\skd\thesundering\entity\Pet\Netherite_Ministrosity_Entity.java:333: error: incompatible types: Object cannot be converted to Tag
            listtag.add((Object)itemstack.save((HolderLookup.Provider)this.registryAccess(), (Tag)compoundtag));
                        ^
G:\Proyectos\Mods_Minecraft\the_sundering\neoforge\26.2\src\main\java\com\skd\thesundering\entity\Pet\Netherite_Ministrosity_Entity.java:341: error: incompatible types: Optional<Boolean> cannot be converted to boolean
        this.setFromBucket(compound.getBoolean("FromBucket"));
                                              ^
G:\Proyectos\Mods_Minecraft\the_sundering\neoforge\26.2\src\main\java\com\skd\thesundering\entity\Pet\Netherite_Ministrosity_Entity.java:342: error: incompatible types: Optional<Boolean> cannot be converted to boolean
        this.setIsAwaken(compound.getBoolean("is_Awaken"));
                                            ^
G:\Proyectos\Mods_Minecraft\the_sundering\neoforge\26.2\src\main\java\com\skd\thesundering\entity\Pet\Netherite_Ministrosity_Entity.java:344: error: method getList in class CompoundTag cannot be applied to given types;
        ListTag listtag = compound.getList("Items", 10);
                                  ^
  required: String
  found:    String,int
  reason: actual and formal argument lists differ in length
G:\Proyectos\Mods_Minecraft\the_sundering\neoforge\26.2\src\main\java\com\skd\thesundering\entity\Pet\Netherite_Ministrosity_Entity.java:346: error: incompatible types: Optional<CompoundTag> cannot be converted to CompoundTag
            CompoundTag compoundtag = listtag.getCompound(i);
                                                         ^
G:\Proyectos\Mods_Minecraft\the_sundering\neoforge\26.2\src\main\java\com\skd\thesundering\entity\Pet\Netherite_Ministrosity_Entity.java:347: error: bad operand types for binary operator '&'
            int j = compoundtag.getByte("Slot") & 0xFF;
                                                ^
  first type:  Optional<Byte>
  second type: int
G:\Proyectos\Mods_Minecraft\the_sundering\neoforge\26.2\src\main\java\com\skd\thesundering\entity\Pet\Netherite_Ministrosity_Entity.java:349: error: cannot find symbol
            this.miniInventory.setItem(j + 1, ItemStack.parse((HolderLookup.Provider)this.registryAccess(), (Tag)compoundtag).orElse(ItemStack.EMPTY));
                                                       ^
  symbol:   method parse(Provider,Tag)
  location: class ItemStack
G:\Proyectos\Mods_Minecraft\the_sundering\neoforge\26.2\src\main\java\com\skd\thesundering\entity\Pet\Netherite_Ministrosity_Entity.java:424: error: no suitable method found for set(EntityDataAccessor<Boolean>,Object)
        this.entityData.set(FROM_BUCKET, (Object)sit);
                       ^
    method SynchedEntityData.<T#1>set(EntityDataAccessor<T#1>,T#1) is not applicable
      (inference variable T#1 has incompatible bounds
        equality constraints: Boolean
        lower bounds: Object)
    method SynchedEntityData.<T#2>set(EntityDataAccessor<T#2>,T#2,boolean) is not applicable
      (cannot infer type-variable(s) T#2
        (actual and formal argument lists differ in length))
  where T#1,T#2 are type-variables:
    T#1 extends Object declared in method <T#1>set(EntityDataAccessor<T#1>,T#1)
    T#2 extends Object declared in method <T#2>set(EntityDataAccessor<T#2>,T#2,boolean)
G:\Proyectos\Mods_Minecraft\the_sundering\neoforge\26.2\src\main\java\com\skd\thesundering\entity\Pet\Netherite_Ministrosity_Entity.java:429: error: cannot find symbol
        Bucketable.saveDefaultDataToBucketTag((Mob)this, (ItemStack)bucket);
        ^
  symbol:   variable Bucketable
  location: class Netherite_Ministrosity_Entity
G:\Proyectos\Mods_Minecraft\the_sundering\neoforge\26.2\src\main\java\com\skd\thesundering\entity\Pet\Netherite_Ministrosity_Entity.java:434: error: cannot find symbol
        Bucketable.loadDefaultDataFromBucketTag((Mob)this, (CompoundTag)p_148832_);
        ^
  symbol:   variable Bucketable
  location: class Netherite_Ministrosity_Entity
G:\Proyectos\Mods_Minecraft\the_sundering\neoforge\26.2\src\main\java\com\skd\thesundering\entity\Pet\Netherite_Ministrosity_Entity.java:460: error: cannot find symbol
                return InteractionResult.sidedSuccess((boolean)this.level().isClientSide());
                                        ^
  symbol:   method sidedSuccess(boolean)
  location: interface InteractionResult
G:\Proyectos\Mods_Minecraft\the_sundering\neoforge\26.2\src\main\java\com\skd\thesundering\entity\Pet\Netherite_Ministrosity_Entity.java:491: error: cannot find symbol
            player.displayClientMessage((Component)Component.translatable((String)("entity.cataclysm.all.command_" + this.getCommand()), (Object[])new Object[]{this.getName()}), true);
                  ^
  symbol:   method displayClientMessage(Component,boolean)
  location: variable player of type Player
G:\Proyectos\Mods_Minecraft\the_sundering\neoforge\26.2\src\main\java\com\skd\thesundering\entity\Pet\Netherite_Ministrosity_Entity.java:506: error: cannot find symbol
            p_148831_.playSound(((Bucketable)p_148831_).getPickupSound(), 1.0f, 1.0f);
                                  ^
  symbol:   class Bucketable
  location: class Netherite_Ministrosity_Entity
G:\Proyectos\Mods_Minecraft\the_sundering\neoforge\26.2\src\main\java\com\skd\thesundering\entity\Pet\Netherite_Ministrosity_Entity.java:507: error: cannot find symbol
            ItemStack itemstack1 = ((Bucketable)p_148831_).getBucketItemStack();
                                     ^
  symbol:   class Bucketable
  location: class Netherite_Ministrosity_Entity
G:\Proyectos\Mods_Minecraft\the_sundering\neoforge\26.2\src\main\java\com\skd\thesundering\entity\Pet\Netherite_Ministrosity_Entity.java:508: error: cannot find symbol
            ((Bucketable)p_148831_).saveToBucketTag(itemstack1);
              ^
  symbol:   class Bucketable
  location: class Netherite_Ministrosity_Entity
G:\Proyectos\Mods_Minecraft\the_sundering\neoforge\26.2\src\main\java\com\skd\thesundering\entity\Pet\Netherite_Ministrosity_Entity.java:513: error: package CriteriaTriggers does not exist
                CriteriaTriggers.FILLED_BUCKET.trigger((ServerPlayer)p_148829_, itemstack1);
                                ^
G:\Proyectos\Mods_Minecraft\the_sundering\neoforge\26.2\src\main\java\com\skd\thesundering\entity\Pet\Netherite_Ministrosity_Entity.java:516: error: cannot find symbol
            return Optional.of(InteractionResult.sidedSuccess((boolean)level.isClientSide()));
                                                ^
  symbol:   method sidedSuccess(boolean)
  location: interface InteractionResult
G:\Proyectos\Mods_Minecraft\the_sundering\neoforge\26.2\src\main\java\com\skd\thesundering\entity\Pet\Netherite_Ministrosity_Entity.java:555: error: isAlliedTo(Entity) in Netherite_Ministrosity_Entity cannot override isAlliedTo(@org.jspecify.annotations.Nullable Entity) in Entity
    public boolean isAlliedTo(Entity entityIn) {
                   ^
  overridden method is final
G:\Proyectos\Mods_Minecraft\the_sundering\neoforge\26.2\src\main\java\com\skd\thesundering\entity\Pet\Summoned_Entity\Abstract_Summoned_Entity.java:65: error: Abstract_Summoned_Entity is not abstract and does not override abstract method getOwnerReference() in OwnableEntity
public class Abstract_Summoned_Entity
       ^
G:\Proyectos\Mods_Minecraft\the_sundering\neoforge\26.2\src\main\java\com\skd\thesundering\entity\Pet\Summoned_Entity\Abstract_Summoned_Entity.java:72: error: cannot find symbol
    protected static final EntityDataAccessor<Optional<UUID>> DATA_OWNERUUID_ID = SynchedEntityData.defineId(Abstract_Summoned_Entity.class, (EntityDataSerializer)EntityDataSerializers.OPTIONAL_UUID);
                                                                                                                                                                                        ^
  symbol:   variable OPTIONAL_UUID
  location: class EntityDataSerializers
G:\Proyectos\Mods_Minecraft\the_sundering\neoforge\26.2\src\main\java\com\skd\thesundering\entity\Pet\Summoned_Entity\Abstract_Summoned_Entity.java:80: error: method define in class Builder cannot be applied to given types;
        builder.define(DATA_FLAGS_ID, (Object)0);
               ^
  required: EntityDataAccessor<T>,T
  found:    EntityDataAccessor<Byte>,Object
  reason: inference variable T has incompatible bounds
    equality constraints: Byte
    lower bounds: Object
  where T is a type-variable:
    T extends Object declared in method <T>define(EntityDataAccessor<T>,T)
G:\Proyectos\Mods_Minecraft\the_sundering\neoforge\26.2\src\main\java\com\skd\thesundering\entity\Pet\Summoned_Entity\Abstract_Summoned_Entity.java:85: error: incompatible types: CompoundTag cannot be converted to ValueOutput
        super.addAdditionalSaveData(compound);
                                    ^
G:\Proyectos\Mods_Minecraft\the_sundering\neoforge\26.2\src\main\java\com\skd\thesundering\entity\Pet\Summoned_Entity\Abstract_Summoned_Entity.java:87: error: cannot find symbol
            compound.putUUID("Owner", this.getOwnerUUID());
                    ^
  symbol:   method putUUID(String,UUID)
  location: variable compound of type CompoundTag
G:\Proyectos\Mods_Minecraft\the_sundering\neoforge\26.2\src\main\java\com\skd\thesundering\entity\Pet\Summoned_Entity\Abstract_Summoned_Entity.java:96: error: incompatible types: CompoundTag cannot be converted to ValueInput
        super.readAdditionalSaveData(compound);
                                     ^
G:\Proyectos\Mods_Minecraft\the_sundering\neoforge\26.2\src\main\java\com\skd\thesundering\entity\Pet\Summoned_Entity\Abstract_Summoned_Entity.java:97: error: cannot find symbol
        if (compound.hasUUID("Owner")) {
                    ^
  symbol:   method hasUUID(String)
  location: variable compound of type CompoundTag
G:\Proyectos\Mods_Minecraft\the_sundering\neoforge\26.2\src\main\java\com\skd\thesundering\entity\Pet\Summoned_Entity\Abstract_Summoned_Entity.java:98: error: cannot find symbol
            uuid = compound.getUUID("Owner");
                           ^
  symbol:   method getUUID(String)
  location: variable compound of type CompoundTag
G:\Proyectos\Mods_Minecraft\the_sundering\neoforge\26.2\src\main\java\com\skd\thesundering\entity\Pet\Summoned_Entity\Abstract_Summoned_Entity.java:100: error: incompatible types: Optional<String> cannot be converted to String
            String s = compound.getString("Owner");
                                         ^
G:\Proyectos\Mods_Minecraft\the_sundering\neoforge\26.2\src\main\java\com\skd\thesundering\entity\Pet\Summoned_Entity\Abstract_Summoned_Entity.java:101: error: cannot find symbol
            uuid = OldUsersConverter.convertMobOwnerIfNecessary((MinecraftServer)this.getServer(), (String)s);
                                                                                     ^
  symbol: method getServer()
G:\Proyectos\Mods_Minecraft\the_sundering\neoforge\26.2\src\main\java\com\skd\thesundering\entity\Pet\Summoned_Entity\Abstract_Summoned_Entity.java:113: error: incompatible types: Optional<Integer> cannot be converted to int
            this.setLimitedLife(compound.getInt("LifeTicks"));
                                               ^
G:\Proyectos\Mods_Minecraft\the_sundering\neoforge\26.2\src\main\java\com\skd\thesundering\entity\Pet\Summoned_Entity\Abstract_Summoned_Entity.java:156: error: no suitable method found for set(EntityDataAccessor<Byte>,Object)
            this.entityData.set(DATA_FLAGS_ID, (Object)((byte)(b0 | 4)));
                           ^
    method SynchedEntityData.<T#1>set(EntityDataAccessor<T#1>,T#1) is not applicable
      (inference variable T#1 has incompatible bounds
        equality constraints: Byte
        lower bounds: Object)
    method SynchedEntityData.<T#2>set(EntityDataAccessor<T#2>,T#2,boolean) is not applicable
      (cannot infer type-variable(s) T#2
        (actual and formal argument lists differ in length))
  where T#1,T#2 are type-variables:
    T#1 extends Object declared in method <T#1>set(EntityDataAccessor<T#1>,T#1)
    T#2 extends Object declared in method <T#2>set(EntityDataAccessor<T#2>,T#2,boolean)
G:\Proyectos\Mods_Minecraft\the_sundering\neoforge\26.2\src\main\java\com\skd\thesundering\entity\Pet\Summoned_Entity\Abstract_Summoned_Entity.java:158: error: no suitable method found for set(EntityDataAccessor<Byte>,Object)
            this.entityData.set(DATA_FLAGS_ID, (Object)((byte)(b0 & 0xFFFFFFFB)));
                           ^
    method SynchedEntityData.<T#1>set(EntityDataAccessor<T#1>,T#1) is not applicable
      (inference variable T#1 has incompatible bounds
        equality constraints: Byte
        lower bounds: Object)
    method SynchedEntityData.<T#2>set(EntityDataAccessor<T#2>,T#2,boolean) is not applicable
      (cannot infer type-variable(s) T#2
        (actual and formal argument lists differ in length))
  where T#1,T#2 are type-variables:
    T#1 extends Object declared in method <T#1>set(EntityDataAccessor<T#1>,T#1)
    T#2 extends Object declared in method <T#2>set(EntityDataAccessor<T#2>,T#2,boolean)
G:\Proyectos\Mods_Minecraft\the_sundering\neoforge\26.2\src\main\java\com\skd\thesundering\entity\Pet\Summoned_Entity\Abstract_Summoned_Entity.java:177: error: incompatible types: Object cannot be converted to UUID
        return ((Optional)this.entityData.get(DATA_OWNERUUID_ID)).orElse(null);
                                                                        ^
G:\Proyectos\Mods_Minecraft\the_sundering\neoforge\26.2\src\main\java\com\skd\thesundering\entity\Pet\Summoned_Entity\Abstract_Summoned_Entity.java:209: error: isAlliedTo(Entity) in Abstract_Summoned_Entity cannot override isAlliedTo(@org.jspecify.annotations.Nullable Entity) in Entity
    public boolean isAlliedTo(Entity entity) {
                   ^
  overridden method is final
G:\Proyectos\Mods_Minecraft\the_sundering\neoforge\26.2\src\main\java\com\skd\thesundering\entity\Pet\Summoned_Entity\Abstract_Summoned_Entity.java:249: error: cannot find symbol
        this.moveTo((double)x + 0.5, y, (double)z + 0.5, this.getYRot(), this.getXRot());
            ^
  symbol: method moveTo(double,int,double,float,float)
G:\Proyectos\Mods_Minecraft\the_sundering\neoforge\26.2\src\main\java\com\skd\thesundering\client\model\armor\Ignitium_Elytra_chestplate_Model.java:34: error: type argument T#1 is not within bounds of type-variable T#2
extends HumanoidModel<T> {
                      ^
  where T#1,T#2 are type-variables:
    T#1 extends LivingEntity declared in class Ignitium_Elytra_chestplate_Model
    T#2 extends HumanoidRenderState declared in class HumanoidModel
G:\Proyectos\Mods_Minecraft\the_sundering\neoforge\26.2\src\main\java\com\skd\thesundering\client\model\armor\Ignitium_Elytra_chestplate_Model.java:94: error: cannot find symbol
            abstractclientplayer.elytraRotX += (f - abstractclientplayer.elytraRotX) * 0.1f;
                                ^
  symbol:   variable elytraRotX
  location: variable abstractclientplayer of type AbstractClientPlayer
G:\Proyectos\Mods_Minecraft\the_sundering\neoforge\26.2\src\main\java\com\skd\thesundering\client\model\armor\Ignitium_Elytra_chestplate_Model.java:94: error: cannot find symbol
            abstractclientplayer.elytraRotX += (f - abstractclientplayer.elytraRotX) * 0.1f;
                                                                        ^
  symbol:   variable elytraRotX
  location: variable abstractclientplayer of type AbstractClientPlayer
G:\Proyectos\Mods_Minecraft\the_sundering\neoforge\26.2\src\main\java\com\skd\thesundering\client\model\armor\Ignitium_Elytra_chestplate_Model.java:95: error: cannot find symbol
            abstractclientplayer.elytraRotY += (f3 - abstractclientplayer.elytraRotY) * 0.1f;
                                ^
  symbol:   variable elytraRotY
  location: variable abstractclientplayer of type AbstractClientPlayer
G:\Proyectos\Mods_Minecraft\the_sundering\neoforge\26.2\src\main\java\com\skd\thesundering\client\model\armor\Ignitium_Elytra_chestplate_Model.java:95: error: cannot find symbol
            abstractclientplayer.elytraRotY += (f3 - abstractclientplayer.elytraRotY) * 0.1f;
                                                                         ^
  symbol:   variable elytraRotY
  location: variable abstractclientplayer of type AbstractClientPlayer
G:\Proyectos\Mods_Minecraft\the_sundering\neoforge\26.2\src\main\java\com\skd\thesundering\client\model\armor\Ignitium_Elytra_chestplate_Model.java:96: error: cannot find symbol
            abstractclientplayer.elytraRotZ += (f1 - abstractclientplayer.elytraRotZ) * 0.1f;
                                ^
  symbol:   variable elytraRotZ
  location: variable abstractclientplayer of type AbstractClientPlayer
G:\Proyectos\Mods_Minecraft\the_sundering\neoforge\26.2\src\main\java\com\skd\thesundering\client\model\armor\Ignitium_Elytra_chestplate_Model.java:96: error: cannot find symbol
            abstractclientplayer.elytraRotZ += (f1 - abstractclientplayer.elytraRotZ) * 0.1f;
                                                                         ^
  symbol:   variable elytraRotZ
  location: variable abstractclientplayer of type AbstractClientPlayer
G:\Proyectos\Mods_Minecraft\the_sundering\neoforge\26.2\src\main\java\com\skd\thesundering\client\model\armor\Ignitium_Elytra_chestplate_Model.java:97: error: cannot find symbol
            this.leftWing.xRot = abstractclientplayer.elytraRotX;
                                                     ^
  symbol:   variable elytraRotX
  location: variable abstractclientplayer of type AbstractClientPlayer
G:\Proyectos\Mods_Minecraft\the_sundering\neoforge\26.2\src\main\java\com\skd\thesundering\client\model\armor\Ignitium_Elytra_chestplate_Model.java:98: error: cannot find symbol
            this.leftWing.yRot = abstractclientplayer.elytraRotY;
                                                     ^
  symbol:   variable elytraRotY
  location: variable abstractclientplayer of type AbstractClientPlayer
G:\Proyectos\Mods_Minecraft\the_sundering\neoforge\26.2\src\main\java\com\skd\thesundering\client\model\armor\Ignitium_Elytra_chestplate_Model.java:99: error: cannot find symbol
            this.leftWing.zRot = abstractclientplayer.elytraRotZ;
                                                     ^
  symbol:   variable elytraRotZ
  location: variable abstractclientplayer of type AbstractClientPlayer
G:\Proyectos\Mods_Minecraft\the_sundering\neoforge\26.2\src\main\java\com\skd\thesundering\client\model\block\Abyssal_Egg_Model.java:44: error: incompatible types: inference variable E has incompatible bounds
        return ImmutableList.of((Object)this.root, (Object)this.fetus);
                               ^
    equality constraints: AdvancedModelBox
    lower bounds: Object
  where E is a type-variable:
    E extends Object declared in method <E>of(E,E)
G:\Proyectos\Mods_Minecraft\the_sundering\neoforge\26.2\src\main\java\com\skd\thesundering\client\model\block\Altar_of_Abyss_Model.java:76: error: incompatible types: inference variable E has incompatible bounds
        return ImmutableList.of((Object)this.root, (Object)this.tentacle, (Object)this.skul, (Object)this.maw);
                               ^
    equality constraints: AdvancedModelBox
    lower bounds: Object
  where E is a type-variable:
    E extends Object declared in method <E>of(E,E,E,E)
G:\Proyectos\Mods_Minecraft\the_sundering\neoforge\26.2\src\main\java\com\skd\thesundering\client\model\block\Altar_of_Amethyst_Model.java:47: error: incompatible types: inference variable E has incompatible bounds
        return ImmutableList.of((Object)this.root, (Object)this.crystal);
                               ^
    equality constraints: AdvancedModelBox
    lower bounds: Object
  where E is a type-variable:
    E extends Object declared in method <E>of(E,E)
G:\Proyectos\Mods_Minecraft\the_sundering\neoforge\26.2\src\main\java\com\skd\thesundering\client\model\block\Altar_of_Fire_Model.java:96: error: incompatible types: inference variable E has incompatible bounds
        return ImmutableList.of((Object)this.root, (Object)this.pillar, (Object)this.flag_ring, (Object)this.edge, (Object)this.under_edge, (Object)this.fire, (Object)this.flag1, (Object)this.flag2, (Object)this.flag3, (Object)this.flag4);
                               ^
    equality constraints: AdvancedModelBox
    lower bounds: Object
  where E is a type-variable:
    E extends Object declared in method <E>of(E,E,E,E,E,E,E,E,E,E)
G:\Proyectos\Mods_Minecraft\the_sundering\neoforge\26.2\src\main\java\com\skd\thesundering\client\model\block\Altar_of_Void_Model.java:72: error: incompatible types: inference variable E has incompatible bounds
        return ImmutableList.of((Object)this.root, (Object)this.edge1, (Object)this.edge2, (Object)this.edge3, (Object)this.edge4);
                               ^
    equality constraints: AdvancedModelBox
    lower bounds: Object
  where E is a type-variable:
    E extends Object declared in method <E>of(E,E,E,E,E)
G:\Proyectos\Mods_Minecraft\the_sundering\neoforge\26.2\src\main\java\com\skd\thesundering\client\model\block\Boss_Respawn_Spawner_Model.java:74: error: incompatible types: inference variable E has incompatible bounds
        return ImmutableList.of((Object)this.root, (Object)this.bone, (Object)this.one, (Object)this.two, (Object)this.three, (Object)this.four, (Object)this.bone2, (Object)this.bone3);
                               ^
    equality constraints: AdvancedModelBox
    lower bounds: Object
  where E is a type-variable:
    E extends Object declared in method <E>of(E,E,E,E,E,E,E,E)
G:\Proyectos\Mods_Minecraft\the_sundering\neoforge\26.2\src\main\java\com\skd\thesundering\client\model\block\Cursed_Tombstone_Model.java:66: error: incompatible types: inference variable E has incompatible bounds
        return ImmutableList.of((Object)this.root, (Object)this.cube_r1, (Object)this.cube_r2, (Object)this.head, (Object)this.maw);
                               ^
    equality constraints: AdvancedModelBox
    lower bounds: Object
  where E is a type-variable:
    E extends Object declared in method <E>of(E,E,E,E,E)
G:\Proyectos\Mods_Minecraft\the_sundering\neoforge\26.2\src\main\java\com\skd\thesundering\client\model\block\Door_Of_Seal_Model.java:58: error: incompatible types: inference variable E has incompatible bounds
        return ImmutableList.of((Object)this.roots, (Object)this.left_door, (Object)this.right_door, (Object)this.lock, (Object)this.cube_r1);
                               ^
    equality constraints: AdvancedModelBox
    lower bounds: Object
  where E is a type-variable:
    E extends Object declared in method <E>of(E,E,E,E,E)
G:\Proyectos\Mods_Minecraft\the_sundering\neoforge\26.2\src\main\java\com\skd\thesundering\client\model\block\EMP_Model.java:55: error: incompatible types: inference variable E has incompatible bounds
        return ImmutableList.of((Object)this.root, (Object)this.down, (Object)this.inner, (Object)this.up);
                               ^
    equality constraints: AdvancedModelBox
    lower bounds: Object
  where E is a type-variable:
    E extends Object declared in method <E>of(E,E,E,E)
G:\Proyectos\Mods_Minecraft\the_sundering\neoforge\26.2\src\main\java\com\skd\thesundering\client\model\block\Goddess_Statue_Model.java:147: error: incompatible types: inference variable E has incompatible bounds
        return ImmutableList.of((Object)this.root, (Object)this.body, (Object)this.cube_r1, (Object)this.cube_r2, (Object)this.cube_r3, (Object)this.cube_r4, (Object)this.cube_r5, (Object)this.r_leg, (Object)this.l_leg, (Object)this.head, (Object)this.helmet, (Object)this.cube_r6, (Object[])new AdvancedModelBox[]{this.cube_r7, this.cube_r8, this.hair, this.cube_r9, this.cube_r10, this.cube_r11, this.cube_r12, this.cube_r13});
                               ^
    equality constraints: AdvancedModelBox
    lower bounds: Object
  where E is a type-variable:
    E extends Object declared in method <E>of(E,E,E,E,E,E,E,E,E,E,E,E,E...)
G:\Proyectos\Mods_Minecraft\the_sundering\neoforge\26.2\src\main\java\com\skd\thesundering\client\model\block\Mechanical_Anvil_Model.java:85: error: incompatible types: inference variable E has incompatible bounds
        return ImmutableList.of((Object)this.root, (Object)this.base, (Object)this.gear, (Object)this.sub_gear, (Object)this.sub_gear2);
                               ^
    equality constraints: AdvancedModelBox
    lower bounds: Object
  where E is a type-variable:
    E extends Object declared in method <E>of(E,E,E,E,E)
G:\Proyectos\Mods_Minecraft\the_sundering\neoforge\26.2\src\main\java\com\skd\thesundering\client\model\CMModelLayers.java:125: error: cannot find symbol
        LayerDefinition layerdefinition3 = LayerDefinition.create((MeshDefinition)HumanoidArmorModel.createBodyLayer((CubeDeformation)new CubeDeformation(0.5f)), (int)64, (int)32);
                                                                                  ^
  symbol:   variable HumanoidArmorModel
  location: class CMModelLayers
G:\Proyectos\Mods_Minecraft\the_sundering\neoforge\26.2\src\main\java\com\skd\thesundering\client\model\entity\Abyss_Blast_Portal_Model.java:55: error: incompatible types: inference variable E has incompatible bounds
        return ImmutableList.of((Object)this.root, (Object)this.portal);
                               ^
    equality constraints: AdvancedModelBox
    lower bounds: Object
  where E is a type-variable:
    E extends Object declared in method <E>of(E,E)
G:\Proyectos\Mods_Minecraft\the_sundering\neoforge\26.2\src\main\java\com\skd\thesundering\entity\AnimationMonster\BossMonsters\The_Leviathan\Abyss_Blast_Portal_Entity.java:41: error: Abyss_Blast_Portal_Entity is not abstract and does not override abstract method addAdditionalSaveData(ValueOutput) in Entity
public class Abyss_Blast_Portal_Entity
       ^
G:\Proyectos\Mods_Minecraft\the_sundering\neoforge\26.2\src\main\java\com\skd\thesundering\entity\AnimationMonster\BossMonsters\The_Leviathan\Abyss_Blast_Portal_Entity.java:133: error: method define in class Builder cannot be applied to given types;
        p_326229_.define(ACTIVATE, (Object)false);
                 ^
  required: EntityDataAccessor<T>,T
  found:    EntityDataAccessor<Boolean>,Object
  reason: inference variable T has incompatible bounds
    equality constraints: Boolean
    lower bounds: Object
  where T is a type-variable:
    T extends Object declared in method <T>define(EntityDataAccessor<T>,T)
G:\Proyectos\Mods_Minecraft\the_sundering\neoforge\26.2\src\main\java\com\skd\thesundering\entity\AnimationMonster\BossMonsters\The_Leviathan\Abyss_Blast_Portal_Entity.java:134: error: method define in class Builder cannot be applied to given types;
        p_326229_.define(DAMAGE, (Object)Float.valueOf(0.0f));
                 ^
  required: EntityDataAccessor<T>,T
  found:    EntityDataAccessor<Float>,Object
  reason: inference variable T has incompatible bounds
    equality constraints: Float
    lower bounds: Object
  where T is a type-variable:
    T extends Object declared in method <T>define(EntityDataAccessor<T>,T)
G:\Proyectos\Mods_Minecraft\the_sundering\neoforge\26.2\src\main\java\com\skd\thesundering\entity\AnimationMonster\BossMonsters\The_Leviathan\Abyss_Blast_Portal_Entity.java:135: error: method define in class Builder cannot be applied to given types;
        p_326229_.define(HPDAMAGE, (Object)Float.valueOf(0.0f));
                 ^
  required: EntityDataAccessor<T>,T
  found:    EntityDataAccessor<Float>,Object
  reason: inference variable T has incompatible bounds
    equality constraints: Float
    lower bounds: Object
  where T is a type-variable:
    T extends Object declared in method <T>define(EntityDataAccessor<T>,T)
G:\Proyectos\Mods_Minecraft\the_sundering\neoforge\26.2\src\main\java\com\skd\thesundering\entity\AnimationMonster\BossMonsters\The_Leviathan\Abyss_Blast_Portal_Entity.java:143: error: no suitable method found for set(EntityDataAccessor<Float>,Object)
        this.entityData.set(DAMAGE, (Object)Float.valueOf(damage));
                       ^
    method SynchedEntityData.<T#1>set(EntityDataAccessor<T#1>,T#1) is not applicable
      (inference variable T#1 has incompatible bounds
        equality constraints: Float
        lower bounds: Object)
    method SynchedEntityData.<T#2>set(EntityDataAccessor<T#2>,T#2,boolean) is not applicable
      (cannot infer type-variable(s) T#2
        (actual and formal argument lists differ in length))
  where T#1,T#2 are type-variables:
    T#1 extends Object declared in method <T#1>set(EntityDataAccessor<T#1>,T#1)
    T#2 extends Object declared in method <T#2>set(EntityDataAccessor<T#2>,T#2,boolean)
G:\Proyectos\Mods_Minecraft\the_sundering\neoforge\26.2\src\main\java\com\skd\thesundering\entity\AnimationMonster\BossMonsters\The_Leviathan\Abyss_Blast_Portal_Entity.java:151: error: no suitable method found for set(EntityDataAccessor<Float>,Object)
        this.entityData.set(HPDAMAGE, (Object)Float.valueOf(damage));
                       ^
    method SynchedEntityData.<T#1>set(EntityDataAccessor<T#1>,T#1) is not applicable
      (inference variable T#1 has incompatible bounds
        equality constraints: Float
        lower bounds: Object)
    method SynchedEntityData.<T#2>set(EntityDataAccessor<T#2>,T#2,boolean) is not applicable
      (cannot infer type-variable(s) T#2
        (actual and formal argument lists differ in length))
  where T#1,T#2 are type-variables:
    T#1 extends Object declared in method <T#1>set(EntityDataAccessor<T#1>,T#1)
    T#2 extends Object declared in method <T#2>set(EntityDataAccessor<T#2>,T#2,boolean)
G:\Proyectos\Mods_Minecraft\the_sundering\neoforge\26.2\src\main\java\com\skd\thesundering\entity\AnimationMonster\BossMonsters\The_Leviathan\Abyss_Blast_Portal_Entity.java:159: error: no suitable method found for set(EntityDataAccessor<Boolean>,Object)
        this.entityData.set(ACTIVATE, (Object)Activate);
                       ^
    method SynchedEntityData.<T#1>set(EntityDataAccessor<T#1>,T#1) is not applicable
      (inference variable T#1 has incompatible bounds
        equality constraints: Boolean
        lower bounds: Object)
    method SynchedEntityData.<T#2>set(EntityDataAccessor<T#2>,T#2,boolean) is not applicable
      (cannot infer type-variable(s) T#2
        (actual and formal argument lists differ in length))
  where T#1,T#2 are type-variables:
    T#1 extends Object declared in method <T#1>set(EntityDataAccessor<T#1>,T#1)
    T#2 extends Object declared in method <T#2>set(EntityDataAccessor<T#2>,T#2,boolean)
G:\Proyectos\Mods_Minecraft\the_sundering\neoforge\26.2\src\main\java\com\skd\thesundering\entity\AnimationMonster\BossMonsters\The_Leviathan\Abyss_Blast_Portal_Entity.java:163: error: incompatible types: Optional<Integer> cannot be converted to int
        this.warmupDelayTicks = compound.getInt("Warmup");
                                               ^
G:\Proyectos\Mods_Minecraft\the_sundering\neoforge\26.2\src\main\java\com\skd\thesundering\entity\AnimationMonster\BossMonsters\The_Leviathan\Abyss_Blast_Portal_Entity.java:164: error: cannot find symbol
        if (compound.hasUUID("Owner")) {
                    ^
  symbol:   method hasUUID(String)
  location: variable compound of type CompoundTag
G:\Proyectos\Mods_Minecraft\the_sundering\neoforge\26.2\src\main\java\com\skd\thesundering\entity\AnimationMonster\BossMonsters\The_Leviathan\Abyss_Blast_Portal_Entity.java:165: error: cannot find symbol
            this.casterUuid = compound.getUUID("Owner");
                                      ^
  symbol:   method getUUID(String)
  location: variable compound of type CompoundTag
G:\Proyectos\Mods_Minecraft\the_sundering\neoforge\26.2\src\main\java\com\skd\thesundering\entity\AnimationMonster\BossMonsters\The_Leviathan\Abyss_Blast_Portal_Entity.java:167: error: incompatible types: Optional<Float> cannot be converted to float
        this.setDamage(compound.getFloat("damage"));
                                        ^
G:\Proyectos\Mods_Minecraft\the_sundering\neoforge\26.2\src\main\java\com\skd\thesundering\entity\AnimationMonster\BossMonsters\The_Leviathan\Abyss_Blast_Portal_Entity.java:168: error: incompatible types: Optional<Float> cannot be converted to float
        this.setHpDamage(compound.getFloat("Hpdamage"));
                                          ^
G:\Proyectos\Mods_Minecraft\the_sundering\neoforge\26.2\src\main\java\com\skd\thesundering\entity\AnimationMonster\BossMonsters\The_Leviathan\Abyss_Blast_Portal_Entity.java:174: error: cannot find symbol
            compound.putUUID("Owner", this.casterUuid);
                    ^
  symbol:   method putUUID(String,UUID)
  location: variable compound of type CompoundTag
G:\Proyectos\Mods_Minecraft\the_sundering\neoforge\26.2\src\main\java\com\skd\thesundering\client\model\entity\Abyss_Mine_Model.java:40: error: incompatible types: inference variable E has incompatible bounds
        return ImmutableList.of((Object)this.root, (Object)this.glass, (Object)this.glass2);
                               ^
    equality constraints: AdvancedModelBox
    lower bounds: Object
  where E is a type-variable:
    E extends Object declared in method <E>of(E,E,E)
G:\Proyectos\Mods_Minecraft\the_sundering\neoforge\26.2\src\main\java\com\skd\thesundering\client\model\entity\Amethyst_Cluster_Projectile_Model.java:71: error: incompatible types: inference variable E has incompatible bounds
        return ImmutableList.of((Object)this.roots, (Object)this.bone, (Object)this.bone2, (Object)this.bone3, (Object)this.bone4);
                               ^
    equality constraints: AdvancedModelBox
    lower bounds: Object
  where E is a type-variable:
    E extends Object declared in method <E>of(E,E,E,E,E)
G:\Proyectos\Mods_Minecraft\the_sundering\neoforge\26.2\src\main\java\com\skd\thesundering\entity\projectile\Amethyst_Cluster_Projectile_Entity.java:58: error: no suitable constructor found for ThrowableProjectile(EntityType<Amethyst_Cluster_Projectile_Entity>,LivingEntity,Level)
        super(type, thrower, world);
        ^
    constructor ThrowableProjectile.ThrowableProjectile(EntityType<? extends ThrowableProjectile>,Level) is not applicable
      (actual and formal argument lists differ in length)
    constructor ThrowableProjectile.ThrowableProjectile(EntityType<? extends ThrowableProjectile>,double,double,double,Level) is not applicable
      (actual and formal argument lists differ in length)
G:\Proyectos\Mods_Minecraft\the_sundering\neoforge\26.2\src\main\java\com\skd\thesundering\entity\projectile\Amethyst_Cluster_Projectile_Entity.java:85: error: method define in class Builder cannot be applied to given types;
        p_326229_.define(DAMAGE, (Object)Float.valueOf(0.0f));
                 ^
  required: EntityDataAccessor<T>,T
  found:    EntityDataAccessor<Float>,Object
  reason: inference variable T has incompatible bounds
    equality constraints: Float
    lower bounds: Object
  where T is a type-variable:
    T extends Object declared in method <T>define(EntityDataAccessor<T>,T)
G:\Proyectos\Mods_Minecraft\the_sundering\neoforge\26.2\src\main\java\com\skd\thesundering\entity\projectile\Amethyst_Cluster_Projectile_Entity.java:93: error: no suitable method found for set(EntityDataAccessor<Float>,Object)
        this.entityData.set(DAMAGE, (Object)Float.valueOf(damage));
                       ^
    method SynchedEntityData.<T#1>set(EntityDataAccessor<T#1>,T#1) is not applicable
      (inference variable T#1 has incompatible bounds
        equality constraints: Float
        lower bounds: Object)
    method SynchedEntityData.<T#2>set(EntityDataAccessor<T#2>,T#2,boolean) is not applicable
      (cannot infer type-variable(s) T#2
        (actual and formal argument lists differ in length))
  where T#1,T#2 are type-variables:
    T#1 extends Object declared in method <T#1>set(EntityDataAccessor<T#1>,T#1)
    T#2 extends Object declared in method <T#2>set(EntityDataAccessor<T#2>,T#2,boolean)
G:\Proyectos\Mods_Minecraft\the_sundering\neoforge\26.2\src\main\java\com\skd\thesundering\entity\projectile\Amethyst_Cluster_Projectile_Entity.java:97: error: incompatible types: CompoundTag cannot be converted to ValueOutput
        super.addAdditionalSaveData(compound);
                                    ^
G:\Proyectos\Mods_Minecraft\the_sundering\neoforge\26.2\src\main\java\com\skd\thesundering\entity\projectile\Amethyst_Cluster_Projectile_Entity.java:102: error: incompatible types: CompoundTag cannot be converted to ValueInput
        super.readAdditionalSaveData(compound);
                                     ^
G:\Proyectos\Mods_Minecraft\the_sundering\neoforge\26.2\src\main\java\com\skd\thesundering\entity\projectile\Amethyst_Cluster_Projectile_Entity.java:103: error: incompatible types: Optional<Float> cannot be converted to float
        this.setDamage(compound.getFloat("damage"));
                                        ^
G:\Proyectos\Mods_Minecraft\the_sundering\neoforge\26.2\src\main\java\com\skd\thesundering\client\model\entity\Amethyst_Crab_Model.java:280: error: incompatible types: inference variable E has incompatible bounds
        return ImmutableList.of((Object)this.root, (Object)this.body, (Object)this.big_amethyst, (Object)this.small_amethyst, (Object)this.small_amethyst2, (Object)this.amethyst_1, (Object)this.small_amethyst3, (Object)this.small_amethyst4, (Object)this.left_body, (Object)this.big_amethyst2, (Object)this.right_body, (Object)this.stomach, (Object[])new AdvancedModelBox[]{this.head, this.left_eye, this.right_eye, this.small_amethyst5, this.small_amethyst6, this.left_leg, this.left_joint, this.right_leg, this.left_joint2, this.left_leg2, this.right_joint, this.left_leg2, this.left_joint2, this.right_leg2, this.right_joint2, this.left_leg3, this.left_joint3, this.right_leg3, this.right_joint3, this.right_leg4, this.left_leg4, this.right_tong_leg, this.right_Tong, this.upper_claw2, this.under_claw2, this.left_tong_leg, this.left_Tong, this.upper_claw, this.under_claw});
                               ^
    equality constraints: AdvancedModelBox
    lower bounds: Object
  where E is a type-variable:
    E extends Object declared in method <E>of(E,E,E,E,E,E,E,E,E,E,E,E,E...)
G:\Proyectos\Mods_Minecraft\the_sundering\neoforge\26.2\src\main\java\com\skd\thesundering\entity\etc\Animation_Monsters.java:161: error: cannot find symbol
            if (this.deathScore >= 0 && livingentity != null) {
                    ^
  symbol: variable deathScore
G:\Proyectos\Mods_Minecraft\the_sundering\neoforge\26.2\src\main\java\com\skd\thesundering\entity\etc\Animation_Monsters.java:162: error: cannot find symbol
                livingentity.awardKillScore((Entity)this, this.deathScore, cause);
                                                              ^
  symbol: variable deathScore
G:\Proyectos\Mods_Minecraft\the_sundering\neoforge\26.2\src\main\java\com\skd\thesundering\entity\etc\Animation_Monsters.java:172: error: method killedEntity in class Entity cannot be applied to given types;
                if (entity == null || entity.killedEntity(serverlevel, (LivingEntity)this)) {
                                            ^
  required: ServerLevel,LivingEntity,DamageSource
  found:    ServerLevel,LivingEntity
  reason: actual and formal argument lists differ in length
G:\Proyectos\Mods_Minecraft\the_sundering\neoforge\26.2\src\main\java\com\skd\thesundering\entity\AnimationMonster\BossMonsters\LLibrary_Boss_Monster.java:90: error: incompatible types: Object cannot be converted to GlobalPos
        return ((Optional)this.entityData.get(HOME_POS)).orElse(null);
                                                               ^
G:\Proyectos\Mods_Minecraft\the_sundering\neoforge\26.2\src\main\java\com\skd\thesundering\entity\AnimationMonster\BossMonsters\LLibrary_Boss_Monster.java:100: error: incompatible types: CompoundTag cannot be converted to ValueOutput
        super.addAdditionalSaveData(compound);
                                    ^
G:\Proyectos\Mods_Minecraft\the_sundering\neoforge\26.2\src\main\java\com\skd\thesundering\entity\AnimationMonster\BossMonsters\LLibrary_Boss_Monster.java:106: error: incompatible types: CompoundTag cannot be converted to ValueInput
        super.readAdditionalSaveData(compound);
                                     ^
G:\Proyectos\Mods_Minecraft\the_sundering\neoforge\26.2\src\main\java\com\skd\thesundering\entity\AnimationMonster\BossMonsters\LLibrary_Boss_Monster.java:115: error: hurt(DamageSource,float) in LLibrary_Boss_Monster cannot override hurt(DamageSource,float) in Entity
    public boolean hurt(DamageSource source, float amount) {
                   ^
  overridden method is final
G:\Proyectos\Mods_Minecraft\the_sundering\neoforge\26.2\src\main\java\com\skd\thesundering\entity\AnimationMonster\BossMonsters\LLibrary_Boss_Monster.java:117: error: method isInvulnerableTo in class LivingEntity cannot be applied to given types;
        if (this.isInvulnerableTo(source)) {
                ^
  required: ServerLevel,DamageSource
  found:    DamageSource
  reason: actual and formal argument lists differ in length
G:\Proyectos\Mods_Minecraft\the_sundering\neoforge\26.2\src\main\java\com\skd\thesundering\entity\AnimationMonster\BossMonsters\LLibrary_Boss_Monster.java:121: error: incompatible types: void cannot be converted to boolean
            return super.hurt(source, amount);
                             ^
G:\Proyectos\Mods_Minecraft\the_sundering\neoforge\26.2\src\main\java\com\skd\thesundering\entity\AnimationMonster\BossMonsters\LLibrary_Boss_Monster.java:155: error: incompatible types: void cannot be converted to boolean
        if (flag = super.hurt(source, amount)) {
                             ^
G:\Proyectos\Mods_Minecraft\the_sundering\neoforge\26.2\src\main\java\com\skd\thesundering\entity\AnimationMonster\BossMonsters\LLibrary_Boss_Monster.java:227: error: cannot find symbol
                this.changeDimension(new DimensionTransition(targetLevel, homeVec, Vec3.ZERO, this.getYRot(), this.getXRot(), DimensionTransition.DO_NOTHING));
                                         ^
  symbol:   class DimensionTransition
  location: class LLibrary_Boss_Monster
G:\Proyectos\Mods_Minecraft\the_sundering\neoforge\26.2\src\main\java\com\skd\thesundering\entity\AnimationMonster\BossMonsters\LLibrary_Boss_Monster.java:227: error: cannot find symbol
                this.changeDimension(new DimensionTransition(targetLevel, homeVec, Vec3.ZERO, this.getYRot(), this.getXRot(), DimensionTransition.DO_NOTHING));
                                                                                                                              ^
  symbol:   variable DimensionTransition
  location: class LLibrary_Boss_Monster
G:\Proyectos\Mods_Minecraft\the_sundering\neoforge\26.2\src\main\java\com\skd\thesundering\entity\AnimationMonster\BossMonsters\LLibrary_Boss_Monster.java:232: error: cannot find symbol
                this.moveTo(homeVec.x, homeVec.y, homeVec.z, this.getYRot(), this.getXRot());
                    ^
  symbol: method moveTo(double,double,double,float,float)
G:\Proyectos\Mods_Minecraft\the_sundering\neoforge\26.2\src\main\java\com\skd\thesundering\entity\AnimationMonster\BossMonsters\Amethyst_Crab_Entity.java:119: error: Amethyst_Crab_Entity is not abstract and does not override abstract method setPersistentAngerTarget(@org.jspecify.annotations.Nullable EntityReference<LivingEntity>) in NeutralMob
public class Amethyst_Crab_Entity
       ^
G:\Proyectos\Mods_Minecraft\the_sundering\neoforge\26.2\src\main\java\com\skd\thesundering\entity\AnimationMonster\BossMonsters\Amethyst_Crab_Entity.java:428: error: getPersistentAngerTarget() in Amethyst_Crab_Entity cannot implement getPersistentAngerTarget() in NeutralMob
    public UUID getPersistentAngerTarget() {
                ^
  return type UUID is not compatible with EntityReference<LivingEntity>
G:\Proyectos\Mods_Minecraft\the_sundering\neoforge\26.2\src\main\java\com\skd\thesundering\entity\AnimationMonster\BossMonsters\Amethyst_Crab_Entity.java:182: error: incompatible types: CompoundTag cannot be converted to ValueOutput
        this.addPersistentAngerSaveData(compound);
                                        ^
G:\Proyectos\Mods_Minecraft\the_sundering\neoforge\26.2\src\main\java\com\skd\thesundering\entity\AnimationMonster\BossMonsters\Amethyst_Crab_Entity.java:188: error: incompatible types: CompoundTag cannot be converted to ValueInput
        this.readPersistentAngerSaveData(this.level(), compound);
                                                       ^
G:\Proyectos\Mods_Minecraft\the_sundering\neoforge\26.2\src\main\java\com\skd\thesundering\entity\AnimationMonster\BossMonsters\Amethyst_Crab_Entity.java:192: error: hurt(DamageSource,float) in Amethyst_Crab_Entity cannot override hurt(DamageSource,float) in Entity
    public boolean hurt(DamageSource source, float damage) {
                   ^
  overridden method is final
G:\Proyectos\Mods_Minecraft\the_sundering\neoforge\26.2\src\main\java\com\skd\thesundering\entity\AnimationMonster\BossMonsters\Amethyst_Crab_Entity.java:205: error: cannot find symbol
        return Amethyst_Crab_Entity.checkAnyLightMonsterSpawnRules(p_219020_, (LevelAccessor)p_219021_, (MobSpawnType)p_219022_, (BlockPos)p_219023_, (RandomSource)p_219024_);
                                                                                                         ^
  symbol:   class MobSpawnType
  location: class Amethyst_Crab_Entity
G:\Proyectos\Mods_Minecraft\the_sundering\neoforge\26.2\src\main\java\com\skd\thesundering\entity\AnimationMonster\BossMonsters\Amethyst_Crab_Entity.java:288: error: cannot find symbol
                if (!entityHit.isDamageSourceBlocked(damagesource) || !(entityHit instanceof Player)) continue;
                              ^
  symbol:   method isDamageSourceBlocked(DamageSource)
  location: variable entityHit of type LivingEntity
G:\Proyectos\Mods_Minecraft\the_sundering\neoforge\26.2\src\main\java\com\skd\thesundering\entity\AnimationMonster\BossMonsters\Amethyst_Crab_Entity.java:481: error: cannot find symbol
            if (!this.crab.isWithinRestriction(target.blockPosition())) {
                          ^
  symbol:   method isWithinRestriction(BlockPos)
  location: variable crab of type Amethyst_Crab_Entity
G:\Proyectos\Mods_Minecraft\the_sundering\neoforge\26.2\src\main\java\com\skd\thesundering\entity\AnimationMonster\BossMonsters\Amethyst_Crab_Entity.java:622: error: cannot find symbol
                    projectile.moveTo(sx, sy, sz, (float)i * 11.25f, ((Amethyst_Crab_Entity)this.entity).getXRot());
                              ^
  symbol:   method moveTo(double,double,double,float,float)
  location: variable projectile of type Amethyst_Cluster_Projectile_Entity
G:\Proyectos\Mods_Minecraft\the_sundering\neoforge\26.2\src\main\java\com\skd\thesundering\entity\etc\IHomeEntity.java:33: error: incompatible types: Object cannot be converted to GlobalPos
            GlobalPos.CODEC.encodeStart((DynamicOps)NbtOps.INSTANCE, (Object)this.getHomePos()).resultOrPartial(arg_0 -> ((Logger)Cataclysm.LOGGER).error(arg_0)).ifPresent(tag1 -> tag.put("HomePos", tag1));
                                                                     ^
G:\Proyectos\Mods_Minecraft\the_sundering\neoforge\26.2\src\main\java\com\skd\thesundering\entity\etc\IHomeEntity.java:33: error: cannot find symbol
            GlobalPos.CODEC.encodeStart((DynamicOps)NbtOps.INSTANCE, (Object)this.getHomePos()).resultOrPartial(arg_0 -> ((Logger)Cataclysm.LOGGER).error(arg_0)).ifPresent(tag1 -> tag.put("HomePos", tag1));
                                                                                                                                  ^
  symbol:   variable Cataclysm
  location: interface IHomeEntity
G:\Proyectos\Mods_Minecraft\the_sundering\neoforge\26.2\src\main\java\com\skd\thesundering\entity\etc\IHomeEntity.java:38: error: method contains in class CompoundTag cannot be applied to given types;
        if (tag.contains("Home", 9)) {
               ^
  required: String
  found:    String,int
  reason: actual and formal argument lists differ in length
G:\Proyectos\Mods_Minecraft\the_sundering\neoforge\26.2\src\main\java\com\skd\thesundering\entity\etc\IHomeEntity.java:39: error: method getList in class CompoundTag cannot be applied to given types;
            ListTag nbttaglist = tag.getList("Home", 6);
                                    ^
  required: String
  found:    String,int
  reason: actual and formal argument lists differ in length
G:\Proyectos\Mods_Minecraft\the_sundering\neoforge\26.2\src\main\java\com\skd\thesundering\entity\etc\IHomeEntity.java:40: error: incompatible types: Optional<Double> cannot be converted to double
            double hx = nbttaglist.getDouble(0);
                                            ^
G:\Proyectos\Mods_Minecraft\the_sundering\neoforge\26.2\src\main\java\com\skd\thesundering\entity\etc\IHomeEntity.java:41: error: incompatible types: Optional<Double> cannot be converted to double
            double hy = nbttaglist.getDouble(1);
                                            ^
G:\Proyectos\Mods_Minecraft\the_sundering\neoforge\26.2\src\main\java\com\skd\thesundering\entity\etc\IHomeEntity.java:42: error: incompatible types: Optional<Double> cannot be converted to double
            double hz = nbttaglist.getDouble(2);
                                            ^
G:\Proyectos\Mods_Minecraft\the_sundering\neoforge\26.2\src\main\java\com\skd\thesundering\entity\etc\IHomeEntity.java:45: error: incompatible types: Object cannot be converted to GlobalPos
            this.setHomePos(GlobalPos.CODEC.parse((DynamicOps)NbtOps.INSTANCE, (Object)tag.get("HomePos")).resultOrPartial(arg_0 -> ((Logger)Cataclysm.LOGGER).error(arg_0)).orElse(null));
                                                                                                                                                                                   ^
G:\Proyectos\Mods_Minecraft\the_sundering\neoforge\26.2\src\main\java\com\skd\thesundering\entity\etc\IHomeEntity.java:45: error: cannot find symbol
            this.setHomePos(GlobalPos.CODEC.parse((DynamicOps)NbtOps.INSTANCE, (Object)tag.get("HomePos")).resultOrPartial(arg_0 -> ((Logger)Cataclysm.LOGGER).error(arg_0)).orElse(null));
                                                                                                                                             ^
  symbol:   variable Cataclysm
  location: interface IHomeEntity
G:\Proyectos\Mods_Minecraft\the_sundering\neoforge\26.2\src\main\java\com\skd\thesundering\client\model\entity\Ancient_Desert_Stele_Model.java:41: error: incompatible types: inference variable E has incompatible bounds
        return ImmutableList.of((Object)this.root);
                               ^
    equality constraints: AdvancedModelBox
    lower bounds: Object
  where E is a type-variable:
    E extends Object declared in method <E>of(E)
G:\Proyectos\Mods_Minecraft\the_sundering\neoforge\26.2\src\main\java\com\skd\thesundering\entity\projectile\Ancient_Desert_Stele_Entity.java:101: error: method define in class Builder cannot be applied to given types;
        p_326229_.define(ACTIVATE, (Object)false);
                 ^
  required: EntityDataAccessor<T>,T
  found:    EntityDataAccessor<Boolean>,Object
  reason: inference variable T has incompatible bounds
    equality constraints: Boolean
    lower bounds: Object
  where T is a type-variable:
    T extends Object declared in method <T>define(EntityDataAccessor<T>,T)
G:\Proyectos\Mods_Minecraft\the_sundering\neoforge\26.2\src\main\java\com\skd\thesundering\entity\projectile\Ancient_Desert_Stele_Entity.java:102: error: method define in class Builder cannot be applied to given types;
        p_326229_.define(DAMAGE, (Object)Float.valueOf(0.0f));
                 ^
  required: EntityDataAccessor<T>,T
  found:    EntityDataAccessor<Float>,Object
  reason: inference variable T has incompatible bounds
    equality constraints: Float
    lower bounds: Object
  where T is a type-variable:
    T extends Object declared in method <T>define(EntityDataAccessor<T>,T)
G:\Proyectos\Mods_Minecraft\the_sundering\neoforge\26.2\src\main\java\com\skd\thesundering\entity\projectile\Ancient_Desert_Stele_Entity.java:103: error: method define in class Builder cannot be applied to given types;
        p_326229_.define(WARMUP, (Object)0);
                 ^
  required: EntityDataAccessor<T>,T
  found:    EntityDataAccessor<Integer>,Object
  reason: inference variable T has incompatible bounds
    equality constraints: Integer
    lower bounds: Object
  where T is a type-variable:
    T extends Object declared in method <T>define(EntityDataAccessor<T>,T)
G:\Proyectos\Mods_Minecraft\the_sundering\neoforge\26.2\src\main\java\com\skd\thesundering\entity\projectile\Ancient_Desert_Stele_Entity.java:111: error: no suitable method found for set(EntityDataAccessor<Float>,Object)
        this.entityData.set(DAMAGE, (Object)Float.valueOf(damage));
                       ^
    method SynchedEntityData.<T#1>set(EntityDataAccessor<T#1>,T#1) is not applicable
      (inference variable T#1 has incompatible bounds
        equality constraints: Float
        lower bounds: Object)
    method SynchedEntityData.<T#2>set(EntityDataAccessor<T#2>,T#2,boolean) is not applicable
      (cannot infer type-variable(s) T#2
        (actual and formal argument lists differ in length))
  where T#1,T#2 are type-variables:
    T#1 extends Object declared in method <T#1>set(EntityDataAccessor<T#1>,T#1)
    T#2 extends Object declared in method <T#2>set(EntityDataAccessor<T#2>,T#2,boolean)
G:\Proyectos\Mods_Minecraft\the_sundering\neoforge\26.2\src\main\java\com\skd\thesundering\entity\projectile\Ancient_Desert_Stele_Entity.java:119: error: no suitable method found for set(EntityDataAccessor<Integer>,Object)
        this.entityData.set(WARMUP, (Object)damage);
                       ^
    method SynchedEntityData.<T#1>set(EntityDataAccessor<T#1>,T#1) is not applicable
      (inference variable T#1 has incompatible bounds
        equality constraints: Integer
        lower bounds: Object)
    method SynchedEntityData.<T#2>set(EntityDataAccessor<T#2>,T#2,boolean) is not applicable
      (cannot infer type-variable(s) T#2
        (actual and formal argument lists differ in length))
  where T#1,T#2 are type-variables:
    T#1 extends Object declared in method <T#1>set(EntityDataAccessor<T#1>,T#1)
    T#2 extends Object declared in method <T#2>set(EntityDataAccessor<T#2>,T#2,boolean)
G:\Proyectos\Mods_Minecraft\the_sundering\neoforge\26.2\src\main\java\com\skd\thesundering\entity\projectile\Ancient_Desert_Stele_Entity.java:137: error: incompatible types: Optional<Integer> cannot be converted to int
        this.setWarmUp(compound.getInt("Warmup"));
                                      ^
G:\Proyectos\Mods_Minecraft\the_sundering\neoforge\26.2\src\main\java\com\skd\thesundering\entity\projectile\Ancient_Desert_Stele_Entity.java:138: error: cannot find symbol
        if (compound.hasUUID("Owner")) {
                    ^
  symbol:   method hasUUID(String)
  location: variable compound of type CompoundTag
G:\Proyectos\Mods_Minecraft\the_sundering\neoforge\26.2\src\main\java\com\skd\thesundering\entity\projectile\Ancient_Desert_Stele_Entity.java:139: error: cannot find symbol
            this.casterUuid = compound.getUUID("Owner");
                                      ^
  symbol:   method getUUID(String)
  location: variable compound of type CompoundTag
G:\Proyectos\Mods_Minecraft\the_sundering\neoforge\26.2\src\main\java\com\skd\thesundering\entity\projectile\Ancient_Desert_Stele_Entity.java:141: error: incompatible types: Optional<Float> cannot be converted to float
        this.setDamage(compound.getFloat("damage"));
                                        ^
G:\Proyectos\Mods_Minecraft\the_sundering\neoforge\26.2\src\main\java\com\skd\thesundering\entity\projectile\Ancient_Desert_Stele_Entity.java:147: error: cannot find symbol
            compound.putUUID("Owner", this.casterUuid);
                    ^
  symbol:   method putUUID(String,UUID)
  location: variable compound of type CompoundTag
G:\Proyectos\Mods_Minecraft\the_sundering\neoforge\26.2\src\main\java\com\skd\thesundering\entity\projectile\Ancient_Desert_Stele_Entity.java:158: error: cannot find symbol
        this.checkInsideBlocks();
            ^
  symbol: method checkInsideBlocks()
G:\Proyectos\Mods_Minecraft\the_sundering\neoforge\26.2\src\main\java\com\skd\thesundering\entity\projectile\Ancient_Desert_Stele_Entity.java:212: error: incompatible types: void cannot be converted to boolean
                if (owner != entity && !owner.isAlliedTo(entity) && (flag = entity.hurt(damagesource = this.damageSources().mobProjectile((Entity)this, owner), this.getDamage()))) {
                                                                                       ^
G:\Proyectos\Mods_Minecraft\the_sundering\neoforge\26.2\src\main\java\com\skd\thesundering\entity\projectile\Ancient_Desert_Stele_Entity.java:216: error: incompatible types: void cannot be converted to boolean
                flag = entity.hurt(this.damageSources().magic(), this.getDamage());
                                  ^
G:\Proyectos\Mods_Minecraft\the_sundering\neoforge\26.2\src\main\java\com\skd\thesundering\entity\projectile\Ancient_Desert_Stele_Entity.java:241: error: no suitable method found for set(EntityDataAccessor<Boolean>,Object)
        this.entityData.set(ACTIVATE, (Object)Activate);
                       ^
    method SynchedEntityData.<T#1>set(EntityDataAccessor<T#1>,T#1) is not applicable
      (inference variable T#1 has incompatible bounds
        equality constraints: Boolean
        lower bounds: Object)
    method SynchedEntityData.<T#2>set(EntityDataAccessor<T#2>,T#2,boolean) is not applicable
      (cannot infer type-variable(s) T#2
        (actual and formal argument lists differ in length))
  where T#1,T#2 are type-variables:
    T#1 extends Object declared in method <T#1>set(EntityDataAccessor<T#1>,T#1)
    T#2 extends Object declared in method <T#2>set(EntityDataAccessor<T#2>,T#2,boolean)
G:\Proyectos\Mods_Minecraft\the_sundering\neoforge\26.2\src\main\java\com\skd\thesundering\client\model\entity\Ancient_Remnant_Rework_Model.java:290: error: cannot find symbol
            this.animateWalk(Ancient_Remnant_Animation.WALK, limbSwing, limbSwingAmount, 1.0f, 4.0f);
                ^
  symbol: method animateWalk(AnimationDefinition,float,float,float,float)
G:\Proyectos\Mods_Minecraft\the_sundering\neoforge\26.2\src\main\java\com\skd\thesundering\client\model\entity\Ancient_Remnant_Rework_Model.java:292: error: cannot find symbol
        this.animate(entityIn.getAnimationState("idle"), Ancient_Remnant_Animation.IDLE, ageInTicks, entityIn.getNecklace() ? 1.0f : 0.15f);
            ^
  symbol: method animate(AnimationState,AnimationDefinition,float,float)
G:\Proyectos\Mods_Minecraft\the_sundering\neoforge\26.2\src\main\java\com\skd\thesundering\client\model\entity\Ancient_Remnant_Rework_Model.java:293: error: cannot find symbol
        this.animate(entityIn.getAnimationState("death"), Ancient_Remnant_Animation.DEATH, ageInTicks, 1.0f);
            ^
  symbol: method animate(AnimationState,AnimationDefinition,float,float)
G:\Proyectos\Mods_Minecraft\the_sundering\neoforge\26.2\src\main\java\com\skd\thesundering\client\model\entity\Ancient_Remnant_Rework_Model.java:294: error: cannot find symbol
        this.animate(entityIn.getAnimationState("right_bite"), Ancient_Remnant_Animation.RIGHT_BITE, ageInTicks, 1.0f);
            ^
  symbol: method animate(AnimationState,AnimationDefinition,float,float)
G:\Proyectos\Mods_Minecraft\the_sundering\neoforge\26.2\src\main\java\com\skd\thesundering\client\model\entity\Ancient_Remnant_Rework_Model.java:295: error: cannot find symbol
        this.animate(entityIn.getAnimationState("sandstorm_roar"), Ancient_Remnant_Animation.SAND_STORM_ROAR, ageInTicks, 1.0f);
            ^
  symbol: method animate(AnimationState,AnimationDefinition,float,float)
G:\Proyectos\Mods_Minecraft\the_sundering\neoforge\26.2\src\main\java\com\skd\thesundering\client\model\entity\Ancient_Remnant_Rework_Model.java:296: error: cannot find symbol
        this.animate(entityIn.getAnimationState("phase_roar"), Ancient_Remnant_Animation.PHASE_ROAR, ageInTicks, 1.0f);
            ^
  symbol: method animate(AnimationState,AnimationDefinition,float,float)
G:\Proyectos\Mods_Minecraft\the_sundering\neoforge\26.2\src\main\java\com\skd\thesundering\client\model\entity\Ancient_Remnant_Rework_Model.java:297: error: cannot find symbol
        this.animate(entityIn.getAnimationState("sleep"), Ancient_Remnant_Animation.SLEEP, ageInTicks, 1.0f);
            ^
  symbol: method animate(AnimationState,AnimationDefinition,float,float)
G:\Proyectos\Mods_Minecraft\the_sundering\neoforge\26.2\src\main\java\com\skd\thesundering\client\model\entity\Ancient_Remnant_Rework_Model.java:298: error: cannot find symbol
        this.animate(entityIn.getAnimationState("awaken"), Ancient_Remnant_Animation.AWAKEN, ageInTicks, 1.0f);
            ^
  symbol: method animate(AnimationState,AnimationDefinition,float,float)
G:\Proyectos\Mods_Minecraft\the_sundering\neoforge\26.2\src\main\java\com\skd\thesundering\client\model\entity\Ancient_Remnant_Rework_Model.java:299: error: cannot find symbol
        this.animate(entityIn.getAnimationState("left_double_stomp"), Ancient_Remnant_Power_Animation.DOUBLE_STOMP2, ageInTicks, 1.0f);
            ^
  symbol: method animate(AnimationState,AnimationDefinition,float,float)
G:\Proyectos\Mods_Minecraft\the_sundering\neoforge\26.2\src\main\java\com\skd\thesundering\client\model\entity\Ancient_Remnant_Rework_Model.java:300: error: cannot find symbol
        this.animate(entityIn.getAnimationState("right_double_stomp"), Ancient_Remnant_Power_Animation.DOUBLE_STOMP1, ageInTicks, 1.0f);
            ^
  symbol: method animate(AnimationState,AnimationDefinition,float,float)
G:\Proyectos\Mods_Minecraft\the_sundering\neoforge\26.2\src\main\java\com\skd\thesundering\client\model\entity\Ancient_Remnant_Rework_Model.java:301: error: cannot find symbol
        this.animate(entityIn.getAnimationState("ground_tail"), Ancient_Remnant_Power_Animation.GROUND_TAIL, ageInTicks, 1.0f);
            ^
  symbol: method animate(AnimationState,AnimationDefinition,float,float)
G:\Proyectos\Mods_Minecraft\the_sundering\neoforge\26.2\src\main\java\com\skd\thesundering\client\model\entity\Ancient_Remnant_Rework_Model.java:302: error: cannot find symbol
        this.animate(entityIn.getAnimationState("tail_swing"), Ancient_Remnant_Power_Animation.TAIL_SWING, ageInTicks, 1.0f);
            ^
  symbol: method animate(AnimationState,AnimationDefinition,float,float)
G:\Proyectos\Mods_Minecraft\the_sundering\neoforge\26.2\src\main\java\com\skd\thesundering\client\model\entity\Ancient_Remnant_Rework_Model.java:303: error: cannot find symbol
        this.animate(entityIn.getAnimationState("monolith"), Ancient_Remnant_Power_Animation.MONOLITH, ageInTicks, 1.0f);
            ^
  symbol: method animate(AnimationState,AnimationDefinition,float,float)
G:\Proyectos\Mods_Minecraft\the_sundering\neoforge\26.2\src\main\java\com\skd\thesundering\client\model\entity\Ancient_Remnant_Rework_Model.java:304: error: cannot find symbol
        this.animate(entityIn.getAnimationState("right_stomp"), Ancient_Remnant_Animation.STOMP1, ageInTicks, 1.0f);
            ^
  symbol: method animate(AnimationState,AnimationDefinition,float,float)
G:\Proyectos\Mods_Minecraft\the_sundering\neoforge\26.2\src\main\java\com\skd\thesundering\client\model\entity\Ancient_Remnant_Rework_Model.java:305: error: cannot find symbol
        this.animate(entityIn.getAnimationState("left_stomp"), Ancient_Remnant_Animation.STOMP2, ageInTicks, 1.0f);
            ^
  symbol: method animate(AnimationState,AnimationDefinition,float,float)
G:\Proyectos\Mods_Minecraft\the_sundering\neoforge\26.2\src\main\java\com\skd\thesundering\client\model\entity\Ancient_Remnant_Rework_Model.java:306: error: cannot find symbol
        this.animate(entityIn.getAnimationState("charge"), Ancient_Remnant_Animation.CHARGE, ageInTicks, 1.0f);
            ^
  symbol: method animate(AnimationState,AnimationDefinition,float,float)
G:\Proyectos\Mods_Minecraft\the_sundering\neoforge\26.2\src\main\java\com\skd\thesundering\client\model\entity\Ancient_Remnant_Rework_Model.java:307: error: cannot find symbol
        this.animate(entityIn.getAnimationState("charge_prepare"), Ancient_Remnant_Animation.CHARGE_PREPARE, ageInTicks, 1.0f);
            ^
  symbol: method animate(AnimationState,AnimationDefinition,float,float)
G:\Proyectos\Mods_Minecraft\the_sundering\neoforge\26.2\src\main\java\com\skd\thesundering\client\model\entity\Ancient_Remnant_Rework_Model.java:308: error: cannot find symbol
        this.animate(entityIn.getAnimationState("charge_stun"), Ancient_Remnant_Animation.CHARGE_STUN, ageInTicks, 1.0f);
            ^
  symbol: method animate(AnimationState,AnimationDefinition,float,float)
G:\Proyectos\Mods_Minecraft\the_sundering\neoforge\26.2\src\main\java\com\skd\thesundering\client\model\entity\Ancient_Remnant_Rework_Model.java:314: error: cannot find symbol
            this.applyStatic(Ancient_Remnant_Animation.SLEEP);
                ^
  symbol: method applyStatic(AnimationDefinition)
G:\Proyectos\Mods_Minecraft\the_sundering\neoforge\26.2\src\main\java\com\skd\thesundering\client\model\entity\Ancient_Remnant_Rework_Model.java:325: error: children has private access in ModelPart
        for (Map.Entry entry : part.children.entrySet()) {
                                   ^
G:\Proyectos\Mods_Minecraft\the_sundering\neoforge\26.2\src\main\java\com\skd\thesundering\client\model\entity\Ancient_Remnant_Rework_Model.java:330: error: children has private access in ModelPart
            if (childPart.children.isEmpty()) continue;
                         ^
G:\Proyectos\Mods_Minecraft\the_sundering\neoforge\26.2\src\main\java\com\skd\thesundering\entity\InternalAnimationMonster\Internal_Animation_Monster.java:42: error: method define in class Builder cannot be applied to given types;
        p_326229_.define(ATTACK_STATE, (Object)0);
                 ^
  required: EntityDataAccessor<T>,T
  found:    EntityDataAccessor<Integer>,Object
  reason: inference variable T has incompatible bounds
    equality constraints: Integer
    lower bounds: Object
  where T is a type-variable:
    T extends Object declared in method <T>define(EntityDataAccessor<T>,T)
G:\Proyectos\Mods_Minecraft\the_sundering\neoforge\26.2\src\main\java\com\skd\thesundering\entity\InternalAnimationMonster\Internal_Animation_Monster.java:51: error: no suitable method found for set(EntityDataAccessor<Integer>,Object)
        this.entityData.set(ATTACK_STATE, (Object)input);
                       ^
    method SynchedEntityData.<T#1>set(EntityDataAccessor<T#1>,T#1) is not applicable
      (inference variable T#1 has incompatible bounds
        equality constraints: Integer
        lower bounds: Object)
    method SynchedEntityData.<T#2>set(EntityDataAccessor<T#2>,T#2,boolean) is not applicable
      (cannot infer type-variable(s) T#2
        (actual and formal argument lists differ in length))
  where T#1,T#2 are type-variables:
    T#1 extends Object declared in method <T#1>set(EntityDataAccessor<T#1>,T#1)
    T#2 extends Object declared in method <T#2>set(EntityDataAccessor<T#2>,T#2,boolean)
G:\Proyectos\Mods_Minecraft\the_sundering\neoforge\26.2\src\main\java\com\skd\thesundering\entity\InternalAnimationMonster\IABossMonsters\IABoss_monster.java:99: error: incompatible types: Object cannot be converted to GlobalPos
        return ((Optional)this.entityData.get(HOME_POS)).orElse(null);
                                                               ^
G:\Proyectos\Mods_Minecraft\the_sundering\neoforge\26.2\src\main\java\com\skd\thesundering\entity\InternalAnimationMonster\IABossMonsters\IABoss_monster.java:103: error: no suitable method found for set(EntityDataAccessor<Integer>,Object)
        this.entityData.set(LIFE, (Object)life);
                       ^
    method SynchedEntityData.<T#1>set(EntityDataAccessor<T#1>,T#1) is not applicable
      (inference variable T#1 has incompatible bounds
        equality constraints: Integer
        lower bounds: Object)
    method SynchedEntityData.<T#2>set(EntityDataAccessor<T#2>,T#2,boolean) is not applicable
      (cannot infer type-variable(s) T#2
        (actual and formal argument lists differ in length))
  where T#1,T#2 are type-variables:
    T#1 extends Object declared in method <T#1>set(EntityDataAccessor<T#1>,T#1)
    T#2 extends Object declared in method <T#2>set(EntityDataAccessor<T#2>,T#2,boolean)
G:\Proyectos\Mods_Minecraft\the_sundering\neoforge\26.2\src\main\java\com\skd\thesundering\entity\InternalAnimationMonster\IABossMonsters\IABoss_monster.java:114: error: method define in class Builder cannot be applied to given types;
        builder.define(LIFE, (Object)0);
               ^
  required: EntityDataAccessor<T>,T
  found:    EntityDataAccessor<Integer>,Object
  reason: inference variable T has incompatible bounds
    equality constraints: Integer
    lower bounds: Object
  where T is a type-variable:
    T extends Object declared in method <T>define(EntityDataAccessor<T>,T)
G:\Proyectos\Mods_Minecraft\the_sundering\neoforge\26.2\src\main\java\com\skd\thesundering\entity\InternalAnimationMonster\IABossMonsters\IABoss_monster.java:118: error: incompatible types: CompoundTag cannot be converted to ValueOutput
        super.addAdditionalSaveData(compound);
                                    ^
G:\Proyectos\Mods_Minecraft\the_sundering\neoforge\26.2\src\main\java\com\skd\thesundering\entity\InternalAnimationMonster\IABossMonsters\IABoss_monster.java:121: error: incompatible types: Object cannot be converted to GlobalPos
            GlobalPos.CODEC.encodeStart((DynamicOps)NbtOps.INSTANCE, (Object)this.getHomePos()).resultOrPartial(arg_0 -> ((Logger)Cataclysm.LOGGER).error(arg_0)).ifPresent(tag1 -> compound.put("HomePos", tag1));
                                                                     ^
G:\Proyectos\Mods_Minecraft\the_sundering\neoforge\26.2\src\main\java\com\skd\thesundering\entity\InternalAnimationMonster\IABossMonsters\IABoss_monster.java:121: error: cannot find symbol
            GlobalPos.CODEC.encodeStart((DynamicOps)NbtOps.INSTANCE, (Object)this.getHomePos()).resultOrPartial(arg_0 -> ((Logger)Cataclysm.LOGGER).error(arg_0)).ifPresent(tag1 -> compound.put("HomePos", tag1));
                                                                                                                                  ^
  symbol:   variable Cataclysm
  location: class IABoss_monster
G:\Proyectos\Mods_Minecraft\the_sundering\neoforge\26.2\src\main\java\com\skd\thesundering\entity\InternalAnimationMonster\IABossMonsters\IABoss_monster.java:127: error: incompatible types: Optional<Integer> cannot be converted to int
        this.setLife(compound.getInt("LifeRemain"));
                                    ^
G:\Proyectos\Mods_Minecraft\the_sundering\neoforge\26.2\src\main\java\com\skd\thesundering\entity\InternalAnimationMonster\IABossMonsters\IABoss_monster.java:129: error: incompatible types: CompoundTag cannot be converted to ValueInput
        super.readAdditionalSaveData(compound);
                                     ^
G:\Proyectos\Mods_Minecraft\the_sundering\neoforge\26.2\src\main\java\com\skd\thesundering\entity\InternalAnimationMonster\IABossMonsters\IABoss_monster.java:136: error: cannot find symbol
        if (spawnType == MobSpawnType.SPAWNER) {
                         ^
  symbol:   variable MobSpawnType
  location: class IABoss_monster
G:\Proyectos\Mods_Minecraft\the_sundering\neoforge\26.2\src\main\java\com\skd\thesundering\entity\InternalAnimationMonster\IABossMonsters\IABoss_monster.java:156: error: method awardKillScore in class Entity cannot be applied to given types;
        super.awardKillScore(killed, scoreValue, source);
             ^
  required: Entity,DamageSource
  found:    Entity,int,DamageSource
  reason: actual and formal argument lists differ in length
G:\Proyectos\Mods_Minecraft\the_sundering\neoforge\26.2\src\main\java\com\skd\thesundering\entity\InternalAnimationMonster\IABossMonsters\IABoss_monster.java:162: error: hurt(DamageSource,float) in IABoss_monster cannot override hurt(DamageSource,float) in Entity
    public boolean hurt(DamageSource source, float amount) {
                   ^
  overridden method is final
G:\Proyectos\Mods_Minecraft\the_sundering\neoforge\26.2\src\main\java\com\skd\thesundering\entity\InternalAnimationMonster\IABossMonsters\IABoss_monster.java:164: error: method isInvulnerableTo in class LivingEntity cannot be applied to given types;
        if (this.isInvulnerableTo(source)) {
                ^
  required: ServerLevel,DamageSource
  found:    DamageSource
  reason: actual and formal argument lists differ in length
G:\Proyectos\Mods_Minecraft\the_sundering\neoforge\26.2\src\main\java\com\skd\thesundering\entity\InternalAnimationMonster\IABossMonsters\IABoss_monster.java:168: error: incompatible types: void cannot be converted to boolean
            return super.hurt(source, amount);
                             ^
G:\Proyectos\Mods_Minecraft\the_sundering\neoforge\26.2\src\main\java\com\skd\thesundering\entity\InternalAnimationMonster\IABossMonsters\IABoss_monster.java:202: error: incompatible types: void cannot be converted to boolean
        if (flag = super.hurt(source, amount)) {
                             ^
G:\Proyectos\Mods_Minecraft\the_sundering\neoforge\26.2\src\main\java\com\skd\thesundering\entity\InternalAnimationMonster\IABossMonsters\IABoss_monster.java:278: error: cannot find symbol
                this.changeDimension(new DimensionTransition(targetLevel, homeVec, Vec3.ZERO, this.getYRot(), this.getXRot(), DimensionTransition.DO_NOTHING));
                                         ^
  symbol:   class DimensionTransition
  location: class IABoss_monster
G:\Proyectos\Mods_Minecraft\the_sundering\neoforge\26.2\src\main\java\com\skd\thesundering\entity\InternalAnimationMonster\IABossMonsters\IABoss_monster.java:278: error: cannot find symbol
                this.changeDimension(new DimensionTransition(targetLevel, homeVec, Vec3.ZERO, this.getYRot(), this.getXRot(), DimensionTransition.DO_NOTHING));
                                                                                                                              ^
  symbol:   variable DimensionTransition
  location: class IABoss_monster
G:\Proyectos\Mods_Minecraft\the_sundering\neoforge\26.2\src\main\java\com\skd\thesundering\entity\InternalAnimationMonster\IABossMonsters\IABoss_monster.java:283: error: cannot find symbol
                this.moveTo(homeVec.x, homeVec.y, homeVec.z, this.getYRot(), this.getXRot());
                    ^
  symbol: method moveTo(double,double,double,float,float)
G:\Proyectos\Mods_Minecraft\the_sundering\neoforge\26.2\src\main\java\com\skd\thesundering\entity\InternalAnimationMonster\IABossMonsters\Ancient_Remnant\Ancient_Remnant_Entity.java:232: error: incompatible types: Predicate<LivingEntity> cannot be converted to Selector
        this.targetSelector.addGoal(3, (Goal)new NearestAttackableTargetGoal((Mob)this, LivingEntity.class, 120, true, true, ModEntities.buildPredicateFromTag(ModTag.ANCIENT_REMNANT_TARGET)));
                                                                                                                                                              ^
G:\Proyectos\Mods_Minecraft\the_sundering\neoforge\26.2\src\main\java\com\skd\thesundering\entity\InternalAnimationMonster\IABossMonsters\Ancient_Remnant\Ancient_Remnant_Entity.java:240: error: constructor RemnantAttackGoal in class RemnantAttackGoal cannot be applied to given types;
        this.goalSelector.addGoal(3, (Goal)new RemnantAttackGoal(this, this, 0, 6, 0, 60, 11, 32.0f, 18.0f){
                                           ^
  required: Ancient_Remnant_Entity,int,int,int,int,int,float,float
  found:    Ancient_Remnant_Entity,Ancient_Remnant_Entity,int,int,int,int,int,float,float
  reason: actual and formal argument lists differ in length
G:\Proyectos\Mods_Minecraft\the_sundering\neoforge\26.2\src\main\java\com\skd\thesundering\entity\InternalAnimationMonster\IABossMonsters\Ancient_Remnant\Ancient_Remnant_Entity.java:279: error: constructor RemnantAttackGoal in class RemnantAttackGoal cannot be applied to given types;
        this.goalSelector.addGoal(3, (Goal)new RemnantAttackGoal(this, this, 0, 15, 0, 110, 85, 12.0f, 10.0f){
                                           ^
  required: Ancient_Remnant_Entity,int,int,int,int,int,float,float
  found:    Ancient_Remnant_Entity,Ancient_Remnant_Entity,int,int,int,int,int,float,float
  reason: actual and formal argument lists differ in length
G:\Proyectos\Mods_Minecraft\the_sundering\neoforge\26.2\src\main\java\com\skd\thesundering\entity\InternalAnimationMonster\IABossMonsters\Ancient_Remnant\Ancient_Remnant_Entity.java:293: error: constructor RemnantAttackGoal in class RemnantAttackGoal cannot be applied to given types;
        this.goalSelector.addGoal(3, (Goal)new RemnantAttackGoal(this, this, 0, 16, 0, 58, 13, 7.5f, 10.0f){
                                           ^
  required: Ancient_Remnant_Entity,int,int,int,int,int,float,float
  found:    Ancient_Remnant_Entity,Ancient_Remnant_Entity,int,int,int,int,int,float,float
  reason: actual and formal argument lists differ in length
G:\Proyectos\Mods_Minecraft\the_sundering\neoforge\26.2\src\main\java\com\skd\thesundering\entity\InternalAnimationMonster\IABossMonsters\Ancient_Remnant\Ancient_Remnant_Entity.java:325: error: no suitable method found for spawnAtLocation(ItemStack,float)
        ItemEntity itementity = this.spawnAtLocation(stack, 0.0f);
                                    ^
    method Entity.spawnAtLocation(ServerLevel,ItemLike) is not applicable
      (argument mismatch; ItemStack cannot be converted to ServerLevel)
    method Entity.spawnAtLocation(ServerLevel,ItemStack) is not applicable
      (argument mismatch; ItemStack cannot be converted to ServerLevel)
G:\Proyectos\Mods_Minecraft\the_sundering\neoforge\26.2\src\main\java\com\skd\thesundering\entity\InternalAnimationMonster\IABossMonsters\Ancient_Remnant\Ancient_Remnant_Entity.java:334: error: hurt(DamageSource,float) in Ancient_Remnant_Entity cannot override hurt(DamageSource,float) in Entity
    public boolean hurt(DamageSource source, float damage) {
                   ^
  overridden method is final
G:\Proyectos\Mods_Minecraft\the_sundering\neoforge\26.2\src\main\java\com\skd\thesundering\entity\InternalAnimationMonster\IABossMonsters\Ancient_Remnant\Ancient_Remnant_Entity.java:371: error: method define in class Builder cannot be applied to given types;
        p_326229_.define(RAGE, (Object)0);
                 ^
  required: EntityDataAccessor<T>,T
  found:    EntityDataAccessor<Integer>,Object
  reason: inference variable T has incompatible bounds
    equality constraints: Integer
    lower bounds: Object
  where T is a type-variable:
    T extends Object declared in method <T>define(EntityDataAccessor<T>,T)
G:\Proyectos\Mods_Minecraft\the_sundering\neoforge\26.2\src\main\java\com\skd\thesundering\entity\InternalAnimationMonster\IABossMonsters\Ancient_Remnant\Ancient_Remnant_Entity.java:372: error: method define in class Builder cannot be applied to given types;
        p_326229_.define(NECKLACE, (Object)true);
                 ^
  required: EntityDataAccessor<T>,T
  found:    EntityDataAccessor<Boolean>,Object
  reason: inference variable T has incompatible bounds
    equality constraints: Boolean
    lower bounds: Object
  where T is a type-variable:
    T extends Object declared in method <T>define(EntityDataAccessor<T>,T)
G:\Proyectos\Mods_Minecraft\the_sundering\neoforge\26.2\src\main\java\com\skd\thesundering\entity\InternalAnimationMonster\IABossMonsters\Ancient_Remnant\Ancient_Remnant_Entity.java:373: error: method define in class Builder cannot be applied to given types;
        p_326229_.define(POWER, (Object)false);
                 ^
  required: EntityDataAccessor<T>,T
  found:    EntityDataAccessor<Boolean>,Object
  reason: inference variable T has incompatible bounds
    equality constraints: Boolean
    lower bounds: Object
  where T is a type-variable:
    T extends Object declared in method <T>define(EntityDataAccessor<T>,T)
G:\Proyectos\Mods_Minecraft\the_sundering\neoforge\26.2\src\main\java\com\skd\thesundering\entity\InternalAnimationMonster\IABossMonsters\Ancient_Remnant\Ancient_Remnant_Entity.java:374: error: method define in class Builder cannot be applied to given types;
        p_326229_.define(CRASH, (Object)false);
                 ^
  required: EntityDataAccessor<T>,T
  found:    EntityDataAccessor<Boolean>,Object
  reason: inference variable T has incompatible bounds
    equality constraints: Boolean
    lower bounds: Object
  where T is a type-variable:
    T extends Object declared in method <T>define(EntityDataAccessor<T>,T)
G:\Proyectos\Mods_Minecraft\the_sundering\neoforge\26.2\src\main\java\com\skd\thesundering\entity\InternalAnimationMonster\IABossMonsters\Ancient_Remnant\Ancient_Remnant_Entity.java:382: error: no suitable method found for set(EntityDataAccessor<Boolean>,Object)
        this.entityData.set(NECKLACE, (Object)necklace);
                       ^
    method SynchedEntityData.<T#1>set(EntityDataAccessor<T#1>,T#1) is not applicable
      (inference variable T#1 has incompatible bounds
        equality constraints: Boolean
        lower bounds: Object)
    method SynchedEntityData.<T#2>set(EntityDataAccessor<T#2>,T#2,boolean) is not applicable
      (cannot infer type-variable(s) T#2
        (actual and formal argument lists differ in length))
  where T#1,T#2 are type-variables:
    T#1 extends Object declared in method <T#1>set(EntityDataAccessor<T#1>,T#1)
    T#2 extends Object declared in method <T#2>set(EntityDataAccessor<T#2>,T#2,boolean)
G:\Proyectos\Mods_Minecraft\the_sundering\neoforge\26.2\src\main\java\com\skd\thesundering\entity\InternalAnimationMonster\IABossMonsters\Ancient_Remnant\Ancient_Remnant_Entity.java:407: error: incompatible types: Optional<Boolean> cannot be converted to boolean
        this.setNecklace(compound.getBoolean("has_necklace"));
                                            ^
G:\Proyectos\Mods_Minecraft\the_sundering\neoforge\26.2\src\main\java\com\skd\thesundering\entity\InternalAnimationMonster\IABossMonsters\Ancient_Remnant\Ancient_Remnant_Entity.java:411: error: incompatible types: Optional<Integer> cannot be converted to int
        this.setRage(compound.getInt("Rage"));
                                    ^
G:\Proyectos\Mods_Minecraft\the_sundering\neoforge\26.2\src\main\java\com\skd\thesundering\entity\InternalAnimationMonster\IABossMonsters\Ancient_Remnant\Ancient_Remnant_Entity.java:412: error: incompatible types: Optional<Boolean> cannot be converted to boolean
        this.setIsPower(compound.getBoolean("Power"));
                                           ^
G:\Proyectos\Mods_Minecraft\the_sundering\neoforge\26.2\src\main\java\com\skd\thesundering\entity\InternalAnimationMonster\IABossMonsters\Ancient_Remnant\Ancient_Remnant_Entity.java:416: error: no suitable method found for set(EntityDataAccessor<Integer>,Object)
        this.entityData.set(RAGE, (Object)isAnger);
                       ^
    method SynchedEntityData.<T#1>set(EntityDataAccessor<T#1>,T#1) is not applicable
      (inference variable T#1 has incompatible bounds
        equality constraints: Integer
        lower bounds: Object)
    method SynchedEntityData.<T#2>set(EntityDataAccessor<T#2>,T#2,boolean) is not applicable
      (cannot infer type-variable(s) T#2
        (actual and formal argument lists differ in length))
  where T#1,T#2 are type-variables:
    T#1 extends Object declared in method <T#1>set(EntityDataAccessor<T#1>,T#1)
    T#2 extends Object declared in method <T#2>set(EntityDataAccessor<T#2>,T#2,boolean)
G:\Proyectos\Mods_Minecraft\the_sundering\neoforge\26.2\src\main\java\com\skd\thesundering\entity\InternalAnimationMonster\IABossMonsters\Ancient_Remnant\Ancient_Remnant_Entity.java:424: error: no suitable method found for set(EntityDataAccessor<Boolean>,Object)
        this.entityData.set(CRASH, (Object)isPower);
                       ^
    method SynchedEntityData.<T#1>set(EntityDataAccessor<T#1>,T#1) is not applicable
      (inference variable T#1 has incompatible bounds
        equality constraints: Boolean
        lower bounds: Object)
    method SynchedEntityData.<T#2>set(EntityDataAccessor<T#2>,T#2,boolean) is not applicable
      (cannot infer type-variable(s) T#2
        (actual and formal argument lists differ in length))
  where T#1,T#2 are type-variables:
    T#1 extends Object declared in method <T#1>set(EntityDataAccessor<T#1>,T#1)
    T#2 extends Object declared in method <T#2>set(EntityDataAccessor<T#2>,T#2,boolean)
G:\Proyectos\Mods_Minecraft\the_sundering\neoforge\26.2\src\main\java\com\skd\thesundering\entity\InternalAnimationMonster\IABossMonsters\Ancient_Remnant\Ancient_Remnant_Entity.java:432: error: no suitable method found for set(EntityDataAccessor<Boolean>,Object)
        this.entityData.set(POWER, (Object)isPower);
                       ^
    method SynchedEntityData.<T#1>set(EntityDataAccessor<T#1>,T#1) is not applicable
      (inference variable T#1 has incompatible bounds
        equality constraints: Boolean
        lower bounds: Object)
    method SynchedEntityData.<T#2>set(EntityDataAccessor<T#2>,T#2,boolean) is not applicable
      (cannot infer type-variable(s) T#2
        (actual and formal argument lists differ in length))
  where T#1,T#2 are type-variables:
    T#1 extends Object declared in method <T#1>set(EntityDataAccessor<T#1>,T#1)
    T#2 extends Object declared in method <T#2>set(EntityDataAccessor<T#2>,T#2,boolean)
G:\Proyectos\Mods_Minecraft\the_sundering\neoforge\26.2\src\main\java\com\skd\thesundering\entity\InternalAnimationMonster\IABossMonsters\Ancient_Remnant\Ancient_Remnant_Entity.java:450: error: cannot find symbol
            if (collisioncontext.isAbove(LiquidBlock.STABLE_SHAPE, this.blockPosition(), true) && !this.level().getFluidState(this.blockPosition().above()).is(FluidTags.WATER)) {
                                                    ^
  symbol:   variable STABLE_SHAPE
  location: class LiquidBlock
G:\Proyectos\Mods_Minecraft\the_sundering\neoforge\26.2\src\main\java\com\skd\thesundering\entity\InternalAnimationMonster\IABossMonsters\Ancient_Remnant\Ancient_Remnant_Entity.java:676: error: incompatible types: Level cannot be converted to ServerLevel
            } else if (EventHooks.canEntityGrief((Level)this.level(), (Entity)this)) {
                                                 ^
G:\Proyectos\Mods_Minecraft\the_sundering\neoforge\26.2\src\main\java\com\skd\thesundering\entity\InternalAnimationMonster\IABossMonsters\Ancient_Remnant\Ancient_Remnant_Entity.java:702: error: incompatible types: Level cannot be converted to ServerLevel
            } else if (EventHooks.canEntityGrief((Level)this.level(), (Entity)this)) {
                                                 ^
G:\Proyectos\Mods_Minecraft\the_sundering\neoforge\26.2\src\main\java\com\skd\thesundering\entity\InternalAnimationMonster\IABossMonsters\Ancient_Remnant\Ancient_Remnant_Entity.java:709: error: incompatible types: void cannot be converted to boolean
                    if (this.isAlliedTo((Entity)Lentity) || Lentity instanceof Ancient_Remnant_Entity || Lentity == this || !(flag = Lentity.hurt(damagesource, (float)((double)((float)this.getAttributeValue(Attributes.ATTACK_DAMAGE) * 2.0f) + Math.min(this.getAttributeValue(Attributes.ATTACK_DAMAGE) * 2.0, (double)(Lentity.getMaxHealth() * (float)CMCommonConfig.AncientRemnant.ChargeHpDamage))))) || !Lentity.onGround()) continue;
                                                                                                                                                 ^
G:\Proyectos\Mods_Minecraft\the_sundering\neoforge\26.2\src\main\java\com\skd\thesundering\entity\InternalAnimationMonster\IABossMonsters\Ancient_Remnant\Ancient_Remnant_Entity.java:1279: error: incompatible types: void cannot be converted to boolean
                boolean flag = entityHit.hurt(damagesource, (float)(this.getAttributeValue(Attributes.ATTACK_DAMAGE) * (double)damage + Math.min(this.getAttributeValue(Attributes.ATTACK_DAMAGE) * (double)damage, (double)(entityHit.getMaxHealth() * hpdamage))));
                                             ^
G:\Proyectos\Mods_Minecraft\the_sundering\neoforge\26.2\src\main\java\com\skd\thesundering\entity\InternalAnimationMonster\IABossMonsters\Ancient_Remnant\Ancient_Remnant_Entity.java:1280: error: cannot find symbol
                if (entityHit.isDamageSourceBlocked(damagesource) && entityHit instanceof Player) {
                             ^
  symbol:   method isDamageSourceBlocked(DamageSource)
  location: variable entityHit of type LivingEntity
G:\Proyectos\Mods_Minecraft\the_sundering\neoforge\26.2\src\main\java\com\skd\thesundering\entity\InternalAnimationMonster\IABossMonsters\Ancient_Remnant\Ancient_Remnant_Entity.java:1310: error: incompatible types: void cannot be converted to boolean
                boolean flag = entityHit.hurt(damagesource, (float)(this.getAttributeValue(Attributes.ATTACK_DAMAGE) * (double)damage + Math.min(this.getAttributeValue(Attributes.ATTACK_DAMAGE) * (double)damage, (double)(entityHit.getMaxHealth() * hpdamage))));
                                             ^
G:\Proyectos\Mods_Minecraft\the_sundering\neoforge\26.2\src\main\java\com\skd\thesundering\entity\InternalAnimationMonster\IABossMonsters\Ancient_Remnant\Ancient_Remnant_Entity.java:1311: error: cannot find symbol
                if (entityHit.isDamageSourceBlocked(damagesource) && entityHit instanceof Player) {
                             ^
  symbol:   method isDamageSourceBlocked(DamageSource)
  location: variable entityHit of type LivingEntity
G:\Proyectos\Mods_Minecraft\the_sundering\neoforge\26.2\src\main\java\com\skd\thesundering\entity\InternalAnimationMonster\IABossMonsters\Ancient_Remnant\Ancient_Remnant_Entity.java:1389: error: incompatible types: Object cannot be converted to LivingEntity
            for (LivingEntity entity : hitbox) {
                                       ^
G:\Proyectos\Mods_Minecraft\the_sundering\neoforge\26.2\src\main\java\com\skd\thesundering\entity\InternalAnimationMonster\IABossMonsters\Ancient_Remnant\Ancient_Remnant_Entity.java:1392: error: incompatible types: void cannot be converted to boolean
                boolean flag = entity.hurt(damagesource, finalDamage);
                                          ^
G:\Proyectos\Mods_Minecraft\the_sundering\neoforge\26.2\src\main\java\com\skd\thesundering\entity\InternalAnimationMonster\IABossMonsters\Ancient_Remnant\Ancient_Remnant_Entity.java:1393: error: cannot find symbol
                if (entity.isDamageSourceBlocked(damagesource) && entity instanceof Player) {
                          ^
  symbol:   method isDamageSourceBlocked(DamageSource)
  location: variable entity of type LivingEntity
G:\Proyectos\Mods_Minecraft\the_sundering\neoforge\26.2\src\main\java\com\skd\thesundering\entity\InternalAnimationMonster\IABossMonsters\Ancient_Remnant\Ancient_Remnant_Entity.java:1481: error: isAlliedTo(Entity) in Ancient_Remnant_Entity cannot override isAlliedTo(@org.jspecify.annotations.Nullable Entity) in Entity
    public boolean isAlliedTo(Entity entityIn) {
                   ^
  overridden method is final
G:\Proyectos\Mods_Minecraft\the_sundering\neoforge\26.2\src\main\java\com\skd\thesundering\entity\InternalAnimationMonster\IABossMonsters\Ancient_Remnant\Ancient_Remnant_Entity.java:1488: error: cannot find symbol
        if (entityIn.getType().is(ModTag.TEAM_ANCIENT_REMNANT)) {
                              ^
  symbol:   method is(TagKey<EntityType<?>>)
  location: class EntityType<CAP#1>
  where CAP#1 is a fresh type-variable:
    CAP#1 extends Entity from capture of ?
G:\Proyectos\Mods_Minecraft\the_sundering\neoforge\26.2\src\main\java\com\skd\thesundering\entity\InternalAnimationMonster\IABossMonsters\Ancient_Remnant\Ancient_Remnant_Entity.java:1599: error: cannot find symbol
            if (!this.mob.isWithinRestriction(target.blockPosition())) {
                         ^
  symbol:   method isWithinRestriction(BlockPos)
  location: variable mob of type Ancient_Remnant_Entity
G:\Proyectos\Mods_Minecraft\the_sundering\neoforge\26.2\src\main\java\com\skd\thesundering\entity\InternalAnimationMonster\IABossMonsters\Ancient_Remnant\Ancient_Remnant_Entity.java:1919: error: cannot find symbol
            } while ((blockpos = blockpos.above()).getY() < Math.min(this.entity.level().getMaxBuildHeight(), this.entity.getBlockY() + 20));
                                                                                        ^
  symbol:   method getMaxBuildHeight()
  location: class Level
G:\Proyectos\Mods_Minecraft\the_sundering\neoforge\26.2\src\main\java\com\skd\thesundering\entity\etc\CMBossInfoServer.java:29: error: constructor ServerBossEvent in class ServerBossEvent cannot be applied to given types;
        super(component, bossBarColor, BossEvent.BossBarOverlay.PROGRESS);
        ^
  required: UUID,Component,BossBarColor,BossBarOverlay
  found:    Component,BossBarColor,BossBarOverlay
  reason: actual and formal argument lists differ in length
G:\Proyectos\Mods_Minecraft\the_sundering\neoforge\26.2\src\main\java\com\skd\thesundering\entity\etc\CMBossInfoServer.java:35: error: constructor ServerBossEvent in class ServerBossEvent cannot be applied to given types;
        super(component, bossBarColor, BossEvent.BossBarOverlay.PROGRESS);
        ^
  required: UUID,Component,BossBarColor,BossBarOverlay
  found:    Component,BossBarColor,BossBarOverlay
  reason: actual and formal argument lists differ in length
G:\Proyectos\Mods_Minecraft\the_sundering\neoforge\26.2\src\main\java\com\skd\thesundering\client\model\entity\Aptrgangr_Model.java:272: error: cannot find symbol
            this.animateWalk(Aptrgangr_Animation.WALK, limbSwing, limbSwingAmount, 2.5f, 4.0f);
                ^
  symbol: method animateWalk(AnimationDefinition,float,float,float,float)
G:\Proyectos\Mods_Minecraft\the_sundering\neoforge\26.2\src\main\java\com\skd\thesundering\client\model\entity\Aptrgangr_Model.java:274: error: cannot find symbol
        this.animate(entity.getAnimationState("idle"), Aptrgangr_Animation.IDLE, ageInTicks, 1.0f);
            ^
  symbol: method animate(AnimationState,AnimationDefinition,float,float)
G:\Proyectos\Mods_Minecraft\the_sundering\neoforge\26.2\src\main\java\com\skd\thesundering\client\model\entity\Aptrgangr_Model.java:275: error: cannot find symbol
        this.animate(entity.getAnimationState("swing_right"), Aptrgangr_Animation.SWING_RIGHT, ageInTicks, 1.0f);
            ^
  symbol: method animate(AnimationState,AnimationDefinition,float,float)
G:\Proyectos\Mods_Minecraft\the_sundering\neoforge\26.2\src\main\java\com\skd\thesundering\client\model\entity\Aptrgangr_Model.java:276: error: cannot find symbol
        this.animate(entity.getAnimationState("smash"), Aptrgangr_Animation.SMASH, ageInTicks, 1.0f);
            ^
  symbol: method animate(AnimationState,AnimationDefinition,float,float)
G:\Proyectos\Mods_Minecraft\the_sundering\neoforge\26.2\src\main\java\com\skd\thesundering\client\model\entity\Aptrgangr_Model.java:277: error: cannot find symbol
        this.animate(entity.getAnimationState("charge_start"), Aptrgangr_Animation.RUSH_START, ageInTicks, 1.0f);
            ^
  symbol: method animate(AnimationState,AnimationDefinition,float,float)
G:\Proyectos\Mods_Minecraft\the_sundering\neoforge\26.2\src\main\java\com\skd\thesundering\client\model\entity\Aptrgangr_Model.java:278: error: cannot find symbol
        this.animate(entity.getAnimationState("charge"), Aptrgangr_Animation.RUSHING, ageInTicks, 1.0f);
            ^
  symbol: method animate(AnimationState,AnimationDefinition,float,float)
G:\Proyectos\Mods_Minecraft\the_sundering\neoforge\26.2\src\main\java\com\skd\thesundering\client\model\entity\Aptrgangr_Model.java:279: error: cannot find symbol
        this.animate(entity.getAnimationState("charge_end"), Aptrgangr_Animation.RUSH_END, ageInTicks, 1.0f);
            ^
  symbol: method animate(AnimationState,AnimationDefinition,float,float)
G:\Proyectos\Mods_Minecraft\the_sundering\neoforge\26.2\src\main\java\com\skd\thesundering\client\model\entity\Aptrgangr_Model.java:280: error: cannot find symbol
        this.animate(entity.getAnimationState("charge_hit"), Aptrgangr_Animation.RUSH_HIT, ageInTicks, 1.0f);
            ^
  symbol: method animate(AnimationState,AnimationDefinition,float,float)
G:\Proyectos\Mods_Minecraft\the_sundering\neoforge\26.2\src\main\java\com\skd\thesundering\client\model\entity\Aptrgangr_Model.java:281: error: cannot find symbol
        this.animate(entity.getAnimationState("death"), Aptrgangr_Animation.DEATH, ageInTicks, 1.0f);
            ^
  symbol: method animate(AnimationState,AnimationDefinition,float,float)
G:\Proyectos\Mods_Minecraft\the_sundering\neoforge\26.2\src\main\java\com\skd\thesundering\client\model\entity\Aptrgangr_Model.java:285: error: children has private access in ModelPart
        for (Map.Entry entry : part.children.entrySet()) {
                                   ^
G:\Proyectos\Mods_Minecraft\the_sundering\neoforge\26.2\src\main\java\com\skd\thesundering\client\model\entity\Aptrgangr_Model.java:290: error: children has private access in ModelPart
            if (childPart.children.isEmpty()) continue;
                         ^
G:\Proyectos\Mods_Minecraft\the_sundering\neoforge\26.2\src\main\java\com\skd\thesundering\entity\InternalAnimationMonster\Draugar\Aptrgangr_Entity.java:181: error: cannot find symbol
        this.targetSelector.addGoal(3, (Goal)new NearestAttackableTargetGoal((Mob)this, IronGolem.class, false));
                                                                                        ^
  symbol:   class IronGolem
  location: class Aptrgangr_Entity
G:\Proyectos\Mods_Minecraft\the_sundering\neoforge\26.2\src\main\java\com\skd\thesundering\entity\InternalAnimationMonster\Draugar\Aptrgangr_Entity.java:182: error: cannot find symbol
        this.targetSelector.addGoal(3, (Goal)new NearestAttackableTargetGoal((Mob)this, SnowGolem.class, false));
                                                                                        ^
  symbol:   class SnowGolem
  location: class Aptrgangr_Entity
G:\Proyectos\Mods_Minecraft\the_sundering\neoforge\26.2\src\main\java\com\skd\thesundering\entity\InternalAnimationMonster\Draugar\Aptrgangr_Entity.java:183: error: cannot find symbol
        this.targetSelector.addGoal(3, (Goal)new NearestAttackableTargetGoal((Mob)this, AbstractVillager.class, false));
                                                                                        ^
  symbol:   class AbstractVillager
  location: class Aptrgangr_Entity
G:\Proyectos\Mods_Minecraft\the_sundering\neoforge\26.2\src\main\java\com\skd\thesundering\entity\InternalAnimationMonster\Draugar\Aptrgangr_Entity.java:276: error: no suitable method found for spawnAtLocation(ItemStack,float)
        ItemEntity itementity = this.spawnAtLocation(stack, 0.0f);
                                    ^
    method Entity.spawnAtLocation(ServerLevel,ItemLike) is not applicable
      (argument mismatch; ItemStack cannot be converted to ServerLevel)
    method Entity.spawnAtLocation(ServerLevel,ItemStack) is not applicable
      (argument mismatch; ItemStack cannot be converted to ServerLevel)
G:\Proyectos\Mods_Minecraft\the_sundering\neoforge\26.2\src\main\java\com\skd\thesundering\entity\InternalAnimationMonster\Draugar\Aptrgangr_Entity.java:284: error: hurt(DamageSource,float) in Aptrgangr_Entity cannot override hurt(DamageSource,float) in Entity
    public boolean hurt(DamageSource source, float damage) {
                   ^
  overridden method is final
G:\Proyectos\Mods_Minecraft\the_sundering\neoforge\26.2\src\main\java\com\skd\thesundering\entity\InternalAnimationMonster\Draugar\Aptrgangr_Entity.java:291: error: incompatible types: void cannot be converted to boolean
        return super.hurt(source, damage);
                         ^
G:\Proyectos\Mods_Minecraft\the_sundering\neoforge\26.2\src\main\java\com\skd\thesundering\entity\InternalAnimationMonster\Draugar\Aptrgangr_Entity.java:397: error: cannot find symbol
        if (entity instanceof Creeper && (creeper = (Creeper)entity).canDropMobsSkull()) {
                                                                    ^
  symbol:   method canDropMobsSkull()
  location: class Creeper
G:\Proyectos\Mods_Minecraft\the_sundering\neoforge\26.2\src\main\java\com\skd\thesundering\entity\InternalAnimationMonster\Draugar\Aptrgangr_Entity.java:399: error: cannot find symbol
            creeper.increaseDroppedSkulls();
                   ^
  symbol:   method increaseDroppedSkulls()
  location: variable creeper of type Creeper
G:\Proyectos\Mods_Minecraft\the_sundering\neoforge\26.2\src\main\java\com\skd\thesundering\entity\InternalAnimationMonster\Draugar\Aptrgangr_Entity.java:410: error: incompatible types: CompoundTag cannot be converted to ValueOutput
        super.addAdditionalSaveData(compound);
                                    ^
G:\Proyectos\Mods_Minecraft\the_sundering\neoforge\26.2\src\main\java\com\skd\thesundering\entity\InternalAnimationMonster\Draugar\Aptrgangr_Entity.java:414: error: incompatible types: CompoundTag cannot be converted to ValueInput
        super.readAdditionalSaveData(compound);
                                     ^
G:\Proyectos\Mods_Minecraft\the_sundering\neoforge\26.2\src\main\java\com\skd\thesundering\entity\InternalAnimationMonster\Draugar\Aptrgangr_Entity.java:554: error: incompatible types: void cannot be converted to boolean
                boolean hurt = entityHit.hurt(damagesource, (float)(this.getAttributeValue(Attributes.ATTACK_DAMAGE) * (double)damage));
                                             ^
G:\Proyectos\Mods_Minecraft\the_sundering\neoforge\26.2\src\main\java\com\skd\thesundering\entity\InternalAnimationMonster\Draugar\Aptrgangr_Entity.java:555: error: cannot find symbol
                if (entityHit.isDamageSourceBlocked(damagesource) && entityHit instanceof Player) {
                             ^
  symbol:   method isDamageSourceBlocked(DamageSource)
  location: variable entityHit of type LivingEntity
G:\Proyectos\Mods_Minecraft\the_sundering\neoforge\26.2\src\main\java\com\skd\thesundering\entity\InternalAnimationMonster\Draugar\Aptrgangr_Entity.java:586: error: incompatible types: void cannot be converted to boolean
                boolean hurt = entityHit.hurt(damagesource, (float)(this.getAttributeValue(Attributes.ATTACK_DAMAGE) * (double)damage));
                                             ^
G:\Proyectos\Mods_Minecraft\the_sundering\neoforge\26.2\src\main\java\com\skd\thesundering\entity\InternalAnimationMonster\Draugar\Aptrgangr_Entity.java:587: error: cannot find symbol
                if (entityHit.isDamageSourceBlocked(damagesource) && entityHit instanceof Player) {
                             ^
  symbol:   method isDamageSourceBlocked(DamageSource)
  location: variable entityHit of type LivingEntity
G:\Proyectos\Mods_Minecraft\the_sundering\neoforge\26.2\src\main\java\com\skd\thesundering\entity\InternalAnimationMonster\Draugar\Aptrgangr_Entity.java:610: error: incompatible types: void cannot be converted to boolean
            boolean flag = entity.hurt(damagesource, damage);
                                      ^
G:\Proyectos\Mods_Minecraft\the_sundering\neoforge\26.2\src\main\java\com\skd\thesundering\entity\InternalAnimationMonster\Draugar\Aptrgangr_Entity.java:611: error: cannot find symbol
            if (entity.isDamageSourceBlocked(damagesource) && entity instanceof Player) {
                      ^
  symbol:   method isDamageSourceBlocked(DamageSource)
  location: variable entity of type LivingEntity
G:\Proyectos\Mods_Minecraft\the_sundering\neoforge\26.2\src\main\java\com\skd\thesundering\entity\InternalAnimationMonster\Draugar\Aptrgangr_Entity.java:617: error: cannot find symbol
            if (!flag || entity.getType().is(ModTag.IGNIS_CANT_POKE) || !entity.isAlive()) continue;
                                         ^
  symbol:   method is(TagKey<EntityType<?>>)
  location: class EntityType<CAP#1>
  where CAP#1 is a fresh type-variable:
    CAP#1 extends Entity from capture of ?
G:\Proyectos\Mods_Minecraft\the_sundering\neoforge\26.2\src\main\java\com\skd\thesundering\entity\InternalAnimationMonster\Draugar\Aptrgangr_Entity.java:622: error: no suitable method found for startRiding(Entity,boolean)
            entity.startRiding((Entity)this, true);
                  ^
    method Entity.startRiding(Entity) is not applicable
      (actual and formal argument lists differ in length)
    method Entity.startRiding(Entity,boolean,boolean) is not applicable
      (actual and formal argument lists differ in length)
G:\Proyectos\Mods_Minecraft\the_sundering\neoforge\26.2\src\main\java\com\skd\thesundering\entity\InternalAnimationMonster\Draugar\Aptrgangr_Entity.java:628: error: cannot find symbol
        if (this.level().getGameRules().getBoolean(GameRules.RULE_MOBGRIEFING)) {
                                                   ^
  symbol:   variable GameRules
  location: class Aptrgangr_Entity
G:\Proyectos\Mods_Minecraft\the_sundering\neoforge\26.2\src\main\java\com\skd\thesundering\entity\InternalAnimationMonster\Draugar\Aptrgangr_Entity.java:628: error: cannot find symbol
        if (this.level().getGameRules().getBoolean(GameRules.RULE_MOBGRIEFING)) {
                        ^
  symbol:   method getGameRules()
  location: class Level
G:\Proyectos\Mods_Minecraft\the_sundering\neoforge\26.2\src\main\java\com\skd\thesundering\entity\InternalAnimationMonster\Draugar\Aptrgangr_Entity.java:630: error: cannot find symbol
            while (!(this.level().getBlockState(ceil).isSolid() && this.level().getBlockState(ceil).getBlock() != ModBlocks.POINTED_ICICLE.get() || ceil.getY() >= this.level().getMaxBuildHeight())) {
                                                                                                                                                                               ^
  symbol:   method getMaxBuildHeight()
  location: class Level
G:\Proyectos\Mods_Minecraft\the_sundering\neoforge\26.2\src\main\java\com\skd\thesundering\entity\InternalAnimationMonster\Draugar\Aptrgangr_Entity.java:639: error: cannot find symbol
                    while (this.isHangingIcicle(blockpos1.above()) && blockpos1.getY() < this.level().getMaxBuildHeight()) {
                                                                                                     ^
  symbol:   method getMaxBuildHeight()
  location: class Level
G:\Proyectos\Mods_Minecraft\the_sundering\neoforge\26.2\src\main\java\com\skd\thesundering\entity\InternalAnimationMonster\Draugar\Aptrgangr_Entity.java:684: error: incompatible types: void cannot be converted to boolean
                    if (passenger instanceof LivingEntity && (flag = (living = (LivingEntity)passenger).hurt(damagesource = CMDamageTypes.causeMaledictioDamage((LivingEntity)this), (float)(this.getAttributeValue(Attributes.ATTACK_DAMAGE) * 1.5)))) {
                                                                                                            ^
G:\Proyectos\Mods_Minecraft\the_sundering\neoforge\26.2\src\main\java\com\skd\thesundering\entity\InternalAnimationMonster\Draugar\Aptrgangr_Entity.java:732: error: isAlliedTo(Entity) in Aptrgangr_Entity cannot override isAlliedTo(@org.jspecify.annotations.Nullable Entity) in Entity
    public boolean isAlliedTo(Entity entityIn) {
                   ^
  overridden method is final
G:\Proyectos\Mods_Minecraft\the_sundering\neoforge\26.2\src\main\java\com\skd\thesundering\entity\InternalAnimationMonster\Draugar\Aptrgangr_Entity.java:739: error: cannot find symbol
        if (entityIn.getType().is(ModTag.TEAM_MALEDICTUS)) {
                              ^
  symbol:   method is(TagKey<EntityType<?>>)
  location: class EntityType<CAP#1>
  where CAP#1 is a fresh type-variable:
    CAP#1 extends Entity from capture of ?
G:\Proyectos\Mods_Minecraft\the_sundering\neoforge\26.2\src\main\java\com\skd\thesundering\client\model\entity\Axe_Blade_Model.java:52: error: incompatible types: inference variable E has incompatible bounds
        return ImmutableList.of((Object)this.root, (Object)this.blade, (Object)this.vfx, (Object)this.cube_r1, (Object)this.cube_r2);
                               ^
    equality constraints: AdvancedModelBox
    lower bounds: Object
  where E is a type-variable:
    E extends Object declared in method <E>of(E,E,E,E,E)
G:\Proyectos\Mods_Minecraft\the_sundering\neoforge\26.2\src\main\java\com\skd\thesundering\entity\projectile\Axe_Blade_Entity.java:71: error: Axe_Blade_Entity is not abstract and does not override abstract method addAdditionalSaveData(ValueOutput) in Entity
public class Axe_Blade_Entity
       ^
G:\Proyectos\Mods_Minecraft\the_sundering\neoforge\26.2\src\main\java\com\skd\thesundering\entity\projectile\Axe_Blade_Entity.java:108: error: cannot find symbol
        this.moveTo(getX, gety, getz, this.getYRot(), this.getXRot());
            ^
  symbol: method moveTo(double,double,double,float,float)
G:\Proyectos\Mods_Minecraft\the_sundering\neoforge\26.2\src\main\java\com\skd\thesundering\entity\projectile\Axe_Blade_Entity.java:121: error: method define in class Builder cannot be applied to given types;
        p_326229_.define(DAMAGE, (Object)Float.valueOf(0.0f));
                 ^
  required: EntityDataAccessor<T>,T
  found:    EntityDataAccessor<Float>,Object
  reason: inference variable T has incompatible bounds
    equality constraints: Float
    lower bounds: Object
  where T is a type-variable:
    T extends Object declared in method <T>define(EntityDataAccessor<T>,T)
G:\Proyectos\Mods_Minecraft\the_sundering\neoforge\26.2\src\main\java\com\skd\thesundering\entity\projectile\Axe_Blade_Entity.java:122: error: method define in class Builder cannot be applied to given types;
        p_326229_.define(TRANSPARENCY, (Object)0);
                 ^
  required: EntityDataAccessor<T>,T
  found:    EntityDataAccessor<Integer>,Object
  reason: inference variable T has incompatible bounds
    equality constraints: Integer
    lower bounds: Object
  where T is a type-variable:
    T extends Object declared in method <T>define(EntityDataAccessor<T>,T)
G:\Proyectos\Mods_Minecraft\the_sundering\neoforge\26.2\src\main\java\com\skd\thesundering\entity\projectile\Axe_Blade_Entity.java:151: error: no suitable method found for set(EntityDataAccessor<Float>,Object)
        this.entityData.set(DAMAGE, (Object)Float.valueOf(damage));
                       ^
    method SynchedEntityData.<T#1>set(EntityDataAccessor<T#1>,T#1) is not applicable
      (inference variable T#1 has incompatible bounds
        equality constraints: Float
        lower bounds: Object)
    method SynchedEntityData.<T#2>set(EntityDataAccessor<T#2>,T#2,boolean) is not applicable
      (cannot infer type-variable(s) T#2
        (actual and formal argument lists differ in length))
  where T#1,T#2 are type-variables:
    T#1 extends Object declared in method <T#1>set(EntityDataAccessor<T#1>,T#1)
    T#2 extends Object declared in method <T#2>set(EntityDataAccessor<T#2>,T#2,boolean)
G:\Proyectos\Mods_Minecraft\the_sundering\neoforge\26.2\src\main\java\com\skd\thesundering\entity\projectile\Axe_Blade_Entity.java:159: error: no suitable method found for set(EntityDataAccessor<Integer>,Object)
        this.entityData.set(TRANSPARENCY, (Object)trans);
                       ^
    method SynchedEntityData.<T#1>set(EntityDataAccessor<T#1>,T#1) is not applicable
      (inference variable T#1 has incompatible bounds
        equality constraints: Integer
        lower bounds: Object)
    method SynchedEntityData.<T#2>set(EntityDataAccessor<T#2>,T#2,boolean) is not applicable
      (cannot infer type-variable(s) T#2
        (actual and formal argument lists differ in length))
  where T#1,T#2 are type-variables:
    T#1 extends Object declared in method <T#1>set(EntityDataAccessor<T#1>,T#1)
    T#2 extends Object declared in method <T#2>set(EntityDataAccessor<T#2>,T#2,boolean)
G:\Proyectos\Mods_Minecraft\the_sundering\neoforge\26.2\src\main\java\com\skd\thesundering\entity\projectile\Axe_Blade_Entity.java:188: error: cannot find symbol
        this.checkInsideBlocks();
            ^
  symbol: method checkInsideBlocks()
G:\Proyectos\Mods_Minecraft\the_sundering\neoforge\26.2\src\main\java\com\skd\thesundering\entity\projectile\Axe_Blade_Entity.java:247: error: cannot find symbol
        if (compound.hasUUID("Owner")) {
                    ^
  symbol:   method hasUUID(String)
  location: variable compound of type CompoundTag
G:\Proyectos\Mods_Minecraft\the_sundering\neoforge\26.2\src\main\java\com\skd\thesundering\entity\projectile\Axe_Blade_Entity.java:248: error: cannot find symbol
            this.casterUuid = compound.getUUID("Owner");
                                      ^
  symbol:   method getUUID(String)
  location: variable compound of type CompoundTag
G:\Proyectos\Mods_Minecraft\the_sundering\neoforge\26.2\src\main\java\com\skd\thesundering\entity\projectile\Axe_Blade_Entity.java:250: error: method contains in class CompoundTag cannot be applied to given types;
        if (compound.contains("power", 9) && (listtag = compound.getList("power", 6)).size() == 3) {
                    ^
  required: String
  found:    String,int
  reason: actual and formal argument lists differ in length
G:\Proyectos\Mods_Minecraft\the_sundering\neoforge\26.2\src\main\java\com\skd\thesundering\entity\projectile\Axe_Blade_Entity.java:250: error: method getList in class CompoundTag cannot be applied to given types;
        if (compound.contains("power", 9) && (listtag = compound.getList("power", 6)).size() == 3) {
                                                                ^
  required: String
  found:    String,int
  reason: actual and formal argument lists differ in length
G:\Proyectos\Mods_Minecraft\the_sundering\neoforge\26.2\src\main\java\com\skd\thesundering\entity\projectile\Axe_Blade_Entity.java:251: error: incompatible types: Optional<Double> cannot be converted to double
            this.xPower = listtag.getDouble(0);
                                           ^
G:\Proyectos\Mods_Minecraft\the_sundering\neoforge\26.2\src\main\java\com\skd\thesundering\entity\projectile\Axe_Blade_Entity.java:252: error: incompatible types: Optional<Double> cannot be converted to double
            this.yPower = listtag.getDouble(1);
                                           ^
G:\Proyectos\Mods_Minecraft\the_sundering\neoforge\26.2\src\main\java\com\skd\thesundering\entity\projectile\Axe_Blade_Entity.java:253: error: incompatible types: Optional<Double> cannot be converted to double
            this.zPower = listtag.getDouble(2);
                                           ^
G:\Proyectos\Mods_Minecraft\the_sundering\neoforge\26.2\src\main\java\com\skd\thesundering\entity\projectile\Axe_Blade_Entity.java:255: error: incompatible types: Optional<Boolean> cannot be converted to boolean
        this.leftOwner = compound.getBoolean("LeftOwner");
                                            ^
G:\Proyectos\Mods_Minecraft\the_sundering\neoforge\26.2\src\main\java\com\skd\thesundering\entity\projectile\Axe_Blade_Entity.java:260: error: cannot find symbol
            compound.putUUID("Owner", this.casterUuid);
                    ^
  symbol:   method putUUID(String,UUID)
  location: variable compound of type CompoundTag
G:\Proyectos\Mods_Minecraft\the_sundering\neoforge\26.2\src\main\java\com\skd\thesundering\entity\projectile\Axe_Blade_Entity.java:265: error: cannot find symbol
        compound.put("power", (Tag)this.newDoubleList(new double[]{this.xPower, this.yPower, this.zPower}));
                                       ^
  symbol: method newDoubleList(double[])
G:\Proyectos\Mods_Minecraft\the_sundering\neoforge\26.2\src\main\java\com\skd\thesundering\client\model\entity\Ceraunus_Model.java:91: error: children has private access in ModelPart
        for (Map.Entry entry : part.children.entrySet()) {
                                   ^
G:\Proyectos\Mods_Minecraft\the_sundering\neoforge\26.2\src\main\java\com\skd\thesundering\client\model\entity\Ceraunus_Model.java:96: error: children has private access in ModelPart
            if (childPart.children.isEmpty()) continue;
                         ^
G:\Proyectos\Mods_Minecraft\the_sundering\neoforge\26.2\src\main\java\com\skd\thesundering\client\model\entity\Cindaria_Model.java:126: error: children has private access in ModelPart
        for (Map.Entry entry : part.children.entrySet()) {
                                   ^
G:\Proyectos\Mods_Minecraft\the_sundering\neoforge\26.2\src\main\java\com\skd\thesundering\client\model\entity\Cindaria_Model.java:131: error: children has private access in ModelPart
            if (childPart.children.isEmpty()) continue;
                         ^
G:\Proyectos\Mods_Minecraft\the_sundering\neoforge\26.2\src\main\java\com\skd\thesundering\client\model\entity\Cindaria_Model.java:147: error: cannot find symbol
        this.animateWalk(Cindaria_Animation.WALK, limbSwing, limbSwingAmount, 1.0f, 1.5f);
            ^
  symbol: method animateWalk(AnimationDefinition,float,float,float,float)
G:\Proyectos\Mods_Minecraft\the_sundering\neoforge\26.2\src\main\java\com\skd\thesundering\client\model\entity\Cindaria_Model.java:148: error: cannot find symbol
        this.animate(entity.getAnimationState("idle"), Cindaria_Animation.IDLE, ageInTicks, 1.0f);
            ^
  symbol: method animate(AnimationState,AnimationDefinition,float,float)
G:\Proyectos\Mods_Minecraft\the_sundering\neoforge\26.2\src\main\java\com\skd\thesundering\client\model\entity\Cindaria_Model.java:149: error: cannot find symbol
        this.animate(entity.getAnimationState("magic1"), Cindaria_Animation.MAGIC, ageInTicks, 1.0f);
            ^
  symbol: method animate(AnimationState,AnimationDefinition,float,float)
G:\Proyectos\Mods_Minecraft\the_sundering\neoforge\26.2\src\main\java\com\skd\thesundering\client\model\entity\Cindaria_Model.java:150: error: cannot find symbol
        this.animate(entity.getAnimationState("melee"), Cindaria_Animation.MELEE, ageInTicks, 1.0f);
            ^
  symbol: method animate(AnimationState,AnimationDefinition,float,float)
G:\Proyectos\Mods_Minecraft\the_sundering\neoforge\26.2\src\main\java\com\skd\thesundering\client\model\entity\Cindaria_Model.java:151: error: cannot find symbol
        this.animate(entity.getAnimationState("death"), Cindaria_Animation.DEATH, ageInTicks, 1.0f);
            ^
  symbol: method animate(AnimationState,AnimationDefinition,float,float)
G:\Proyectos\Mods_Minecraft\the_sundering\neoforge\26.2\src\main\java\com\skd\thesundering\entity\InternalAnimationMonster\AcropolisMonsters\Cindaria_Entity.java:127: error: cannot find symbol
        if (this.isControlledByLocalInstance() && this.isInWater() && this.wantsToSwim()) {
                ^
  symbol: method isControlledByLocalInstance()
G:\Proyectos\Mods_Minecraft\the_sundering\neoforge\26.2\src\main\java\com\skd\thesundering\entity\InternalAnimationMonster\AcropolisMonsters\Cindaria_Entity.java:152: error: hurt(DamageSource,float) in Cindaria_Entity cannot override hurt(DamageSource,float) in Entity
    public boolean hurt(DamageSource source, float damage) {
                   ^
  overridden method is final
G:\Proyectos\Mods_Minecraft\the_sundering\neoforge\26.2\src\main\java\com\skd\thesundering\entity\InternalAnimationMonster\AcropolisMonsters\Cindaria_Entity.java:154: error: incompatible types: void cannot be converted to boolean
        return super.hurt(source, damage);
                         ^
G:\Proyectos\Mods_Minecraft\the_sundering\neoforge\26.2\src\main\java\com\skd\thesundering\entity\InternalAnimationMonster\AcropolisMonsters\Cindaria_Entity.java:234: error: incompatible types: CompoundTag cannot be converted to ValueOutput
        super.addAdditionalSaveData(compound);
                                    ^
G:\Proyectos\Mods_Minecraft\the_sundering\neoforge\26.2\src\main\java\com\skd\thesundering\entity\InternalAnimationMonster\AcropolisMonsters\Cindaria_Entity.java:238: error: incompatible types: CompoundTag cannot be converted to ValueInput
        super.readAdditionalSaveData(compound);
                                     ^
G:\Proyectos\Mods_Minecraft\the_sundering\neoforge\26.2\src\main\java\com\skd\thesundering\entity\InternalAnimationMonster\AcropolisMonsters\Cindaria_Entity.java:272: error: incompatible types: void cannot be converted to boolean
                boolean hurt = entityHit.hurt(damagesource, (float)(this.getAttributeValue(Attributes.ATTACK_DAMAGE) * (double)damage));
                                             ^
G:\Proyectos\Mods_Minecraft\the_sundering\neoforge\26.2\src\main\java\com\skd\thesundering\entity\InternalAnimationMonster\AcropolisMonsters\Cindaria_Entity.java:273: error: cannot find symbol
                if (entityHit.isDamageSourceBlocked(damagesource) && entityHit instanceof Player) {
                             ^
  symbol:   method isDamageSourceBlocked(DamageSource)
  location: variable entityHit of type LivingEntity
G:\Proyectos\Mods_Minecraft\the_sundering\neoforge\26.2\src\main\java\com\skd\thesundering\entity\InternalAnimationMonster\AcropolisMonsters\Cindaria_Entity.java:288: error: isAlliedTo(Entity) in Cindaria_Entity cannot override isAlliedTo(@org.jspecify.annotations.Nullable Entity) in Entity
    public boolean isAlliedTo(Entity entityIn) {
                   ^
  overridden method is final
G:\Proyectos\Mods_Minecraft\the_sundering\neoforge\26.2\src\main\java\com\skd\thesundering\entity\InternalAnimationMonster\AcropolisMonsters\Cindaria_Entity.java:295: error: cannot find symbol
        if (entityIn.getType().is(ModTag.TEAM_SCYLLA)) {
                              ^
  symbol:   method is(TagKey<EntityType<?>>)
  location: class EntityType<CAP#1>
  where CAP#1 is a fresh type-variable:
    CAP#1 extends Entity from capture of ?
G:\Proyectos\Mods_Minecraft\the_sundering\neoforge\26.2\src\main\java\com\skd\thesundering\client\model\entity\Clawdian_Model.java:193: error: children has private access in ModelPart
        for (Map.Entry entry : part.children.entrySet()) {
                                   ^
G:\Proyectos\Mods_Minecraft\the_sundering\neoforge\26.2\src\main\java\com\skd\thesundering\client\model\entity\Clawdian_Model.java:198: error: children has private access in ModelPart
            if (childPart.children.isEmpty()) continue;
                         ^
G:\Proyectos\Mods_Minecraft\the_sundering\neoforge\26.2\src\main\java\com\skd\thesundering\client\model\entity\Clawdian_Model.java:215: error: cannot find symbol
            this.animateWalk(Clawdian_Animation.WALK, limbSwing, limbSwingAmount, 2.0f, 1.5f);
                ^
  symbol: method animateWalk(AnimationDefinition,float,float,float,float)
G:\Proyectos\Mods_Minecraft\the_sundering\neoforge\26.2\src\main\java\com\skd\thesundering\client\model\entity\Clawdian_Model.java:217: error: cannot find symbol
        this.animate(entity.getAnimationState("idle"), Clawdian_Animation.IDLE, ageInTicks, 1.0f);
            ^
  symbol: method animate(AnimationState,AnimationDefinition,float,float)
G:\Proyectos\Mods_Minecraft\the_sundering\neoforge\26.2\src\main\java\com\skd\thesundering\client\model\entity\Clawdian_Model.java:218: error: cannot find symbol
        this.animate(entity.getAnimationState("vertical_swing"), Clawdian_Animation.VERTICAL_SWING, ageInTicks, 1.0f);
            ^
  symbol: method animate(AnimationState,AnimationDefinition,float,float)
G:\Proyectos\Mods_Minecraft\the_sundering\neoforge\26.2\src\main\java\com\skd\thesundering\client\model\entity\Clawdian_Model.java:219: error: cannot find symbol
        this.animate(entity.getAnimationState("horizontal_swing"), Clawdian_Animation.HORIZONTAL_SWING, ageInTicks, 1.0f);
            ^
  symbol: method animate(AnimationState,AnimationDefinition,float,float)
G:\Proyectos\Mods_Minecraft\the_sundering\neoforge\26.2\src\main\java\com\skd\thesundering\client\model\entity\Clawdian_Model.java:220: error: cannot find symbol
        this.animate(entity.getAnimationState("death"), Clawdian_Animation.DEATH, ageInTicks, 1.0f);
            ^
  symbol: method animate(AnimationState,AnimationDefinition,float,float)
G:\Proyectos\Mods_Minecraft\the_sundering\neoforge\26.2\src\main\java\com\skd\thesundering\client\model\entity\Clawdian_Model.java:221: error: cannot find symbol
        this.animate(entity.getAnimationState("charge_ready"), Clawdian_Skill_Animation.CHARGE_READY, ageInTicks, 1.0f);
            ^
  symbol: method animate(AnimationState,AnimationDefinition,float,float)
G:\Proyectos\Mods_Minecraft\the_sundering\neoforge\26.2\src\main\java\com\skd\thesundering\client\model\entity\Clawdian_Model.java:222: error: cannot find symbol
        this.animate(entity.getAnimationState("charge_loop"), Clawdian_Skill_Animation.CHARGE_LOOP, ageInTicks, 1.5f);
            ^
  symbol: method animate(AnimationState,AnimationDefinition,float,float)
G:\Proyectos\Mods_Minecraft\the_sundering\neoforge\26.2\src\main\java\com\skd\thesundering\client\model\entity\Clawdian_Model.java:223: error: cannot find symbol
        this.animate(entity.getAnimationState("charge_end"), Clawdian_Skill_Animation.CHARGE_END, ageInTicks, 1.0f);
            ^
  symbol: method animate(AnimationState,AnimationDefinition,float,float)
G:\Proyectos\Mods_Minecraft\the_sundering\neoforge\26.2\src\main\java\com\skd\thesundering\client\model\entity\Clawdian_Model.java:224: error: cannot find symbol
        this.animate(entity.getAnimationState("wave_stomp"), Clawdian_Skill_Animation.WAVE_STOMP, ageInTicks, 1.0f);
            ^
  symbol: method animate(AnimationState,AnimationDefinition,float,float)
G:\Proyectos\Mods_Minecraft\the_sundering\neoforge\26.2\src\main\java\com\skd\thesundering\client\model\entity\Clawdian_Model.java:225: error: cannot find symbol
        this.animate(entity.getAnimationState("claw_punch"), Clawdian_Animation.CLAW_PUNCH, ageInTicks, 1.0f);
            ^
  symbol: method animate(AnimationState,AnimationDefinition,float,float)
G:\Proyectos\Mods_Minecraft\the_sundering\neoforge\26.2\src\main\java\com\skd\thesundering\client\model\entity\Clawdian_Model.java:226: error: cannot find symbol
        this.animate(entity.getAnimationState("grab_and_throw"), Clawdian_Animation.GRAB_AND_THROW, ageInTicks, 1.0f);
            ^
  symbol: method animate(AnimationState,AnimationDefinition,float,float)
G:\Proyectos\Mods_Minecraft\the_sundering\neoforge\26.2\src\main\java\com\skd\thesundering\client\model\entity\Clawdian_Model.java:227: error: cannot find symbol
        this.animate(entity.getAnimationState("backstep"), Clawdian_Animation.BACKSTEP, ageInTicks, 1.0f);
            ^
  symbol: method animate(AnimationState,AnimationDefinition,float,float)
G:\Proyectos\Mods_Minecraft\the_sundering\neoforge\26.2\src\main\java\com\skd\thesundering\entity\InternalAnimationMonster\AcropolisMonsters\Clawdian_Entity.java:212: error: no suitable constructor found for InternalStateGoal(Clawdian_Entity,Clawdian_Entity,int,int,int,int,int)
        this.goalSelector.addGoal(2, (Goal)new InternalStateGoal(this, this, 5, 5, 6, 45, 45){
                                           ^
    constructor InternalStateGoal.InternalStateGoal(Internal_Animation_Monster,int,int,int,int,int,boolean) is not applicable
      (argument mismatch; Clawdian_Entity cannot be converted to int)
    constructor InternalStateGoal.InternalStateGoal(Internal_Animation_Monster,int,int,int,int,int,EnumSet<Flag>) is not applicable
      (argument mismatch; Clawdian_Entity cannot be converted to int)
G:\Proyectos\Mods_Minecraft\the_sundering\neoforge\26.2\src\main\java\com\skd\thesundering\entity\InternalAnimationMonster\AcropolisMonsters\Clawdian_Entity.java:351: error: cannot find symbol
        if (this.isControlledByLocalInstance() && this.isInWater() && this.wantsToSwim()) {
                ^
  symbol: method isControlledByLocalInstance()
G:\Proyectos\Mods_Minecraft\the_sundering\neoforge\26.2\src\main\java\com\skd\thesundering\entity\InternalAnimationMonster\AcropolisMonsters\Clawdian_Entity.java:367: error: cannot find symbol
        if (pathTypeAtTarget == PathType.DAMAGE_CAUTIOUS || pathTypeAtTarget == PathType.DAMAGE_FIRE || pathTypeAtTarget == PathType.DAMAGE_OTHER || pathTypeAtTarget == PathType.DANGER_FIRE || pathTypeAtTarget == PathType.DANGER_OTHER) {
                                                                                        ^
  symbol:   variable DAMAGE_FIRE
  location: class PathType
G:\Proyectos\Mods_Minecraft\the_sundering\neoforge\26.2\src\main\java\com\skd\thesundering\entity\InternalAnimationMonster\AcropolisMonsters\Clawdian_Entity.java:367: error: cannot find symbol
        if (pathTypeAtTarget == PathType.DAMAGE_CAUTIOUS || pathTypeAtTarget == PathType.DAMAGE_FIRE || pathTypeAtTarget == PathType.DAMAGE_OTHER || pathTypeAtTarget == PathType.DANGER_FIRE || pathTypeAtTarget == PathType.DANGER_OTHER) {
                                                                                                                                    ^
  symbol:   variable DAMAGE_OTHER
  location: class PathType
G:\Proyectos\Mods_Minecraft\the_sundering\neoforge\26.2\src\main\java\com\skd\thesundering\entity\InternalAnimationMonster\AcropolisMonsters\Clawdian_Entity.java:367: error: cannot find symbol
        if (pathTypeAtTarget == PathType.DAMAGE_CAUTIOUS || pathTypeAtTarget == PathType.DAMAGE_FIRE || pathTypeAtTarget == PathType.DAMAGE_OTHER || pathTypeAtTarget == PathType.DANGER_FIRE || pathTypeAtTarget == PathType.DANGER_OTHER) {
                                                                                                                                                                                 ^
  symbol:   variable DANGER_FIRE
  location: class PathType
G:\Proyectos\Mods_Minecraft\the_sundering\neoforge\26.2\src\main\java\com\skd\thesundering\entity\InternalAnimationMonster\AcropolisMonsters\Clawdian_Entity.java:367: error: cannot find symbol
        if (pathTypeAtTarget == PathType.DAMAGE_CAUTIOUS || pathTypeAtTarget == PathType.DAMAGE_FIRE || pathTypeAtTarget == PathType.DAMAGE_OTHER || pathTypeAtTarget == PathType.DANGER_FIRE || pathTypeAtTarget == PathType.DANGER_OTHER) {
                                                                                                                                                                                                                             ^
  symbol:   variable DANGER_OTHER
  location: class PathType
G:\Proyectos\Mods_Minecraft\the_sundering\neoforge\26.2\src\main\java\com\skd\thesundering\entity\InternalAnimationMonster\AcropolisMonsters\Clawdian_Entity.java:402: error: hurt(DamageSource,float) in Clawdian_Entity cannot override hurt(DamageSource,float) in Entity
    public boolean hurt(DamageSource source, float damage) {
                   ^
  overridden method is final
G:\Proyectos\Mods_Minecraft\the_sundering\neoforge\26.2\src\main\java\com\skd\thesundering\entity\InternalAnimationMonster\AcropolisMonsters\Clawdian_Entity.java:416: error: incompatible types: void cannot be converted to boolean
        if ((flag = super.hurt(source, damage)) && this.getBackstep() < 10) {
                              ^
G:\Proyectos\Mods_Minecraft\the_sundering\neoforge\26.2\src\main\java\com\skd\thesundering\entity\InternalAnimationMonster\AcropolisMonsters\Clawdian_Entity.java:491: error: method define in class Builder cannot be applied to given types;
        p_326229_.define(BACKSTEP_METER, (Object)0);
                 ^
  required: EntityDataAccessor<T>,T
  found:    EntityDataAccessor<Integer>,Object
  reason: inference variable T has incompatible bounds
    equality constraints: Integer
    lower bounds: Object
  where T is a type-variable:
    T extends Object declared in method <T>define(EntityDataAccessor<T>,T)
G:\Proyectos\Mods_Minecraft\the_sundering\neoforge\26.2\src\main\java\com\skd\thesundering\entity\InternalAnimationMonster\AcropolisMonsters\Clawdian_Entity.java:500: error: incompatible types: Object cannot be converted to BlockState
        return ((Optional)this.entityData.get(HOLD_STATE)).orElse(null);
                                                                 ^
G:\Proyectos\Mods_Minecraft\the_sundering\neoforge\26.2\src\main\java\com\skd\thesundering\entity\InternalAnimationMonster\AcropolisMonsters\Clawdian_Entity.java:508: error: no suitable method found for set(EntityDataAccessor<Integer>,Object)
        this.entityData.set(BACKSTEP_METER, (Object)hurt);
                       ^
    method SynchedEntityData.<T#1>set(EntityDataAccessor<T#1>,T#1) is not applicable
      (inference variable T#1 has incompatible bounds
        equality constraints: Integer
        lower bounds: Object)
    method SynchedEntityData.<T#2>set(EntityDataAccessor<T#2>,T#2,boolean) is not applicable
      (cannot infer type-variable(s) T#2
        (actual and formal argument lists differ in length))
  where T#1,T#2 are type-variables:
    T#1 extends Object declared in method <T#1>set(EntityDataAccessor<T#1>,T#1)
    T#2 extends Object declared in method <T#2>set(EntityDataAccessor<T#2>,T#2,boolean)
G:\Proyectos\Mods_Minecraft\the_sundering\neoforge\26.2\src\main\java\com\skd\thesundering\entity\InternalAnimationMonster\AcropolisMonsters\Clawdian_Entity.java:597: error: incompatible types: CompoundTag cannot be converted to ValueOutput
        super.addAdditionalSaveData(compound);
                                    ^
G:\Proyectos\Mods_Minecraft\the_sundering\neoforge\26.2\src\main\java\com\skd\thesundering\entity\InternalAnimationMonster\AcropolisMonsters\Clawdian_Entity.java:606: error: incompatible types: CompoundTag cannot be converted to ValueInput
        super.readAdditionalSaveData(compound);
                                     ^
G:\Proyectos\Mods_Minecraft\the_sundering\neoforge\26.2\src\main\java\com\skd\thesundering\entity\InternalAnimationMonster\AcropolisMonsters\Clawdian_Entity.java:608: error: method contains in class CompoundTag cannot be applied to given types;
        if (compound.contains("holdBlockState", 10) && (blockstate = NbtUtils.readBlockState((HolderGetter)this.level().holderLookup(Registries.BLOCK), (CompoundTag)compound.getCompound("holdBlockState"))).isAir()) {
                    ^
  required: String
  found:    String,int
  reason: actual and formal argument lists differ in length
G:\Proyectos\Mods_Minecraft\the_sundering\neoforge\26.2\src\main\java\com\skd\thesundering\entity\InternalAnimationMonster\AcropolisMonsters\Clawdian_Entity.java:608: error: incompatible types: Optional<CompoundTag> cannot be converted to CompoundTag
        if (compound.contains("holdBlockState", 10) && (blockstate = NbtUtils.readBlockState((HolderGetter)this.level().holderLookup(Registries.BLOCK), (CompoundTag)compound.getCompound("holdBlockState"))).isAir()) {
                                                                                                                                                                                         ^
G:\Proyectos\Mods_Minecraft\the_sundering\neoforge\26.2\src\main\java\com\skd\thesundering\entity\InternalAnimationMonster\AcropolisMonsters\Clawdian_Entity.java:612: error: incompatible types: Optional<Integer> cannot be converted to int
        this.setBackstep(compound.getInt("backstep"));
                                        ^
G:\Proyectos\Mods_Minecraft\the_sundering\neoforge\26.2\src\main\java\com\skd\thesundering\entity\InternalAnimationMonster\AcropolisMonsters\Clawdian_Entity.java:691: error: incompatible types: Level cannot be converted to ServerLevel
            } else if (EventHooks.canEntityGrief((Level)this.level(), (Entity)this)) {
                                                 ^
G:\Proyectos\Mods_Minecraft\the_sundering\neoforge\26.2\src\main\java\com\skd\thesundering\entity\InternalAnimationMonster\AcropolisMonsters\Clawdian_Entity.java:698: error: incompatible types: void cannot be converted to boolean
                    if (this.isAlliedTo((Entity)Lentity) || Lentity instanceof Clawdian_Entity || Lentity == this || !(flag = Lentity.hurt(damagesource, (float)this.getAttributeValue(Attributes.ATTACK_DAMAGE) * 0.6f)) || !Lentity.onGround()) continue;
                                                                                                                                          ^
G:\Proyectos\Mods_Minecraft\the_sundering\neoforge\26.2\src\main\java\com\skd\thesundering\entity\InternalAnimationMonster\AcropolisMonsters\Clawdian_Entity.java:720: error: cannot find symbol
                    angleStep = 35.0f;
                    ^
  symbol:   variable angleStep
  location: class Clawdian_Entity
G:\Proyectos\Mods_Minecraft\the_sundering\neoforge\26.2\src\main\java\com\skd\thesundering\entity\InternalAnimationMonster\AcropolisMonsters\Clawdian_Entity.java:721: error: cannot find symbol
                    double firstAngleOffset = (double)(numberOfWaves - 1) / 2.0 * (double)angleStep;
                                                                                          ^
  symbol:   variable angleStep
  location: class Clawdian_Entity
G:\Proyectos\Mods_Minecraft\the_sundering\neoforge\26.2\src\main\java\com\skd\thesundering\entity\InternalAnimationMonster\AcropolisMonsters\Clawdian_Entity.java:722: error: cannot find symbol
                    for (i = 0; i < numberOfWaves; ++i) {
                         ^
  symbol:   variable i
  location: class Clawdian_Entity
G:\Proyectos\Mods_Minecraft\the_sundering\neoforge\26.2\src\main\java\com\skd\thesundering\entity\InternalAnimationMonster\AcropolisMonsters\Clawdian_Entity.java:722: error: cannot find symbol
                    for (i = 0; i < numberOfWaves; ++i) {
                                ^
  symbol:   variable i
  location: class Clawdian_Entity
G:\Proyectos\Mods_Minecraft\the_sundering\neoforge\26.2\src\main\java\com\skd\thesundering\entity\InternalAnimationMonster\AcropolisMonsters\Clawdian_Entity.java:722: error: cannot find symbol
                    for (i = 0; i < numberOfWaves; ++i) {
                                                     ^
  symbol:   variable i
  location: class Clawdian_Entity
G:\Proyectos\Mods_Minecraft\the_sundering\neoforge\26.2\src\main\java\com\skd\thesundering\entity\InternalAnimationMonster\AcropolisMonsters\Clawdian_Entity.java:723: error: cannot find symbol
                        angle = (double)this.yBodyRot - firstAngleOffset + (double)((float)i * angleStep);
                        ^
  symbol:   variable angle
  location: class Clawdian_Entity
G:\Proyectos\Mods_Minecraft\the_sundering\neoforge\26.2\src\main\java\com\skd\thesundering\entity\InternalAnimationMonster\AcropolisMonsters\Clawdian_Entity.java:723: error: cannot find symbol
                        angle = (double)this.yBodyRot - firstAngleOffset + (double)((float)i * angleStep);
                                                                                           ^
  symbol:   variable i
  location: class Clawdian_Entity
G:\Proyectos\Mods_Minecraft\the_sundering\neoforge\26.2\src\main\java\com\skd\thesundering\entity\InternalAnimationMonster\AcropolisMonsters\Clawdian_Entity.java:723: error: cannot find symbol
                        angle = (double)this.yBodyRot - firstAngleOffset + (double)((float)i * angleStep);
                                                                                               ^
  symbol:   variable angleStep
  location: class Clawdian_Entity
G:\Proyectos\Mods_Minecraft\the_sundering\neoforge\26.2\src\main\java\com\skd\thesundering\entity\InternalAnimationMonster\AcropolisMonsters\Clawdian_Entity.java:724: error: cannot find symbol
                        rad = Math.toRadians(angle);
                        ^
  symbol:   variable rad
  location: class Clawdian_Entity
G:\Proyectos\Mods_Minecraft\the_sundering\neoforge\26.2\src\main\java\com\skd\thesundering\entity\InternalAnimationMonster\AcropolisMonsters\Clawdian_Entity.java:724: error: cannot find symbol
                        rad = Math.toRadians(angle);
                                             ^
  symbol:   variable angle
  location: class Clawdian_Entity
G:\Proyectos\Mods_Minecraft\the_sundering\neoforge\26.2\src\main\java\com\skd\thesundering\entity\InternalAnimationMonster\AcropolisMonsters\Clawdian_Entity.java:725: error: cannot find symbol
                        dx = -Math.sin(rad);
                        ^
  symbol:   variable dx
  location: class Clawdian_Entity
G:\Proyectos\Mods_Minecraft\the_sundering\neoforge\26.2\src\main\java\com\skd\thesundering\entity\InternalAnimationMonster\AcropolisMonsters\Clawdian_Entity.java:725: error: cannot find symbol
                        dx = -Math.sin(rad);
                                       ^
  symbol:   variable rad
  location: class Clawdian_Entity
G:\Proyectos\Mods_Minecraft\the_sundering\neoforge\26.2\src\main\java\com\skd\thesundering\entity\InternalAnimationMonster\AcropolisMonsters\Clawdian_Entity.java:726: error: cannot find symbol
                        dz = Math.cos(rad);
                        ^
  symbol:   variable dz
  location: class Clawdian_Entity
G:\Proyectos\Mods_Minecraft\the_sundering\neoforge\26.2\src\main\java\com\skd\thesundering\entity\InternalAnimationMonster\AcropolisMonsters\Clawdian_Entity.java:726: error: cannot find symbol
                        dz = Math.cos(rad);
                                      ^
  symbol:   variable rad
  location: class Clawdian_Entity
G:\Proyectos\Mods_Minecraft\the_sundering\neoforge\26.2\src\main\java\com\skd\thesundering\entity\InternalAnimationMonster\AcropolisMonsters\Clawdian_Entity.java:727: error: cannot find symbol
                        spawnX = this.getX() + vecX * vec;
                        ^
  symbol:   variable spawnX
  location: class Clawdian_Entity
G:\Proyectos\Mods_Minecraft\the_sundering\neoforge\26.2\src\main\java\com\skd\thesundering\entity\InternalAnimationMonster\AcropolisMonsters\Clawdian_Entity.java:728: error: cannot find symbol
                        spawnY = this.getY();
                        ^
  symbol:   variable spawnY
  location: class Clawdian_Entity
G:\Proyectos\Mods_Minecraft\the_sundering\neoforge\26.2\src\main\java\com\skd\thesundering\entity\InternalAnimationMonster\AcropolisMonsters\Clawdian_Entity.java:729: error: cannot find symbol
                        spawnZ = this.getZ() + vecZ * vec;
                        ^
  symbol:   variable spawnZ
  location: class Clawdian_Entity
G:\Proyectos\Mods_Minecraft\the_sundering\neoforge\26.2\src\main\java\com\skd\thesundering\entity\InternalAnimationMonster\AcropolisMonsters\Clawdian_Entity.java:731: error: cannot find symbol
                        WaveEntity.setPos(spawnX, spawnY, spawnZ);
                                          ^
  symbol:   variable spawnX
  location: class Clawdian_Entity
G:\Proyectos\Mods_Minecraft\the_sundering\neoforge\26.2\src\main\java\com\skd\thesundering\entity\InternalAnimationMonster\AcropolisMonsters\Clawdian_Entity.java:731: error: cannot find symbol
                        WaveEntity.setPos(spawnX, spawnY, spawnZ);
                                                  ^
  symbol:   variable spawnY
  location: class Clawdian_Entity
G:\Proyectos\Mods_Minecraft\the_sundering\neoforge\26.2\src\main\java\com\skd\thesundering\entity\InternalAnimationMonster\AcropolisMonsters\Clawdian_Entity.java:731: error: cannot find symbol
                        WaveEntity.setPos(spawnX, spawnY, spawnZ);
                                                          ^
  symbol:   variable spawnZ
  location: class Clawdian_Entity
G:\Proyectos\Mods_Minecraft\the_sundering\neoforge\26.2\src\main\java\com\skd\thesundering\entity\InternalAnimationMonster\AcropolisMonsters\Clawdian_Entity.java:733: error: cannot find symbol
                        WaveEntity.setYRot(-((float)(Mth.atan2((double)dx, (double)dz) * 57.29577951308232)));
                                                                       ^
  symbol:   variable dx
  location: class Clawdian_Entity
G:\Proyectos\Mods_Minecraft\the_sundering\neoforge\26.2\src\main\java\com\skd\thesundering\entity\InternalAnimationMonster\AcropolisMonsters\Clawdian_Entity.java:733: error: cannot find symbol
                        WaveEntity.setYRot(-((float)(Mth.atan2((double)dx, (double)dz) * 57.29577951308232)));
                                                                                   ^
  symbol:   variable dz
  location: class Clawdian_Entity
G:\Proyectos\Mods_Minecraft\the_sundering\neoforge\26.2\src\main\java\com\skd\thesundering\entity\InternalAnimationMonster\AcropolisMonsters\Clawdian_Entity.java:738: error: cannot find symbol
                    angleStep = 15.0f;
                    ^
  symbol:   variable angleStep
  location: class Clawdian_Entity
G:\Proyectos\Mods_Minecraft\the_sundering\neoforge\26.2\src\main\java\com\skd\thesundering\entity\InternalAnimationMonster\AcropolisMonsters\Clawdian_Entity.java:739: error: cannot find symbol
                    double firstAngleOffset = (double)(numberOfWaves - 1) / 2.0 * (double)angleStep;
                                                                                          ^
  symbol:   variable angleStep
  location: class Clawdian_Entity
G:\Proyectos\Mods_Minecraft\the_sundering\neoforge\26.2\src\main\java\com\skd\thesundering\entity\InternalAnimationMonster\AcropolisMonsters\Clawdian_Entity.java:740: error: cannot find symbol
                    for (i = 0; i < numberOfWaves; ++i) {
                         ^
  symbol:   variable i
  location: class Clawdian_Entity
G:\Proyectos\Mods_Minecraft\the_sundering\neoforge\26.2\src\main\java\com\skd\thesundering\entity\InternalAnimationMonster\AcropolisMonsters\Clawdian_Entity.java:740: error: cannot find symbol
                    for (i = 0; i < numberOfWaves; ++i) {
                                ^
  symbol:   variable i
  location: class Clawdian_Entity
G:\Proyectos\Mods_Minecraft\the_sundering\neoforge\26.2\src\main\java\com\skd\thesundering\entity\InternalAnimationMonster\AcropolisMonsters\Clawdian_Entity.java:740: error: cannot find symbol
                    for (i = 0; i < numberOfWaves; ++i) {
                                                     ^
  symbol:   variable i
  location: class Clawdian_Entity
G:\Proyectos\Mods_Minecraft\the_sundering\neoforge\26.2\src\main\java\com\skd\thesundering\entity\InternalAnimationMonster\AcropolisMonsters\Clawdian_Entity.java:741: error: cannot find symbol
                        angle = (double)this.yBodyRot - firstAngleOffset + (double)((float)i * angleStep);
                        ^
  symbol:   variable angle
  location: class Clawdian_Entity
G:\Proyectos\Mods_Minecraft\the_sundering\neoforge\26.2\src\main\java\com\skd\thesundering\entity\InternalAnimationMonster\AcropolisMonsters\Clawdian_Entity.java:741: error: cannot find symbol
                        angle = (double)this.yBodyRot - firstAngleOffset + (double)((float)i * angleStep);
                                                                                           ^
  symbol:   variable i
  location: class Clawdian_Entity
G:\Proyectos\Mods_Minecraft\the_sundering\neoforge\26.2\src\main\java\com\skd\thesundering\entity\InternalAnimationMonster\AcropolisMonsters\Clawdian_Entity.java:741: error: cannot find symbol
                        angle = (double)this.yBodyRot - firstAngleOffset + (double)((float)i * angleStep);
                                                                                               ^
  symbol:   variable angleStep
  location: class Clawdian_Entity
G:\Proyectos\Mods_Minecraft\the_sundering\neoforge\26.2\src\main\java\com\skd\thesundering\entity\InternalAnimationMonster\AcropolisMonsters\Clawdian_Entity.java:742: error: cannot find symbol
                        rad = Math.toRadians(angle);
                        ^
  symbol:   variable rad
  location: class Clawdian_Entity
G:\Proyectos\Mods_Minecraft\the_sundering\neoforge\26.2\src\main\java\com\skd\thesundering\entity\InternalAnimationMonster\AcropolisMonsters\Clawdian_Entity.java:742: error: cannot find symbol
                        rad = Math.toRadians(angle);
                                             ^
  symbol:   variable angle
  location: class Clawdian_Entity
G:\Proyectos\Mods_Minecraft\the_sundering\neoforge\26.2\src\main\java\com\skd\thesundering\entity\InternalAnimationMonster\AcropolisMonsters\Clawdian_Entity.java:743: error: cannot find symbol
                        dx = -Math.sin(rad);
                        ^
  symbol:   variable dx
  location: class Clawdian_Entity
G:\Proyectos\Mods_Minecraft\the_sundering\neoforge\26.2\src\main\java\com\skd\thesundering\entity\InternalAnimationMonster\AcropolisMonsters\Clawdian_Entity.java:743: error: cannot find symbol
                        dx = -Math.sin(rad);
                                       ^
  symbol:   variable rad
  location: class Clawdian_Entity
G:\Proyectos\Mods_Minecraft\the_sundering\neoforge\26.2\src\main\java\com\skd\thesundering\entity\InternalAnimationMonster\AcropolisMonsters\Clawdian_Entity.java:744: error: cannot find symbol
                        dz = Math.cos(rad);
                        ^
  symbol:   variable dz
  location: class Clawdian_Entity
G:\Proyectos\Mods_Minecraft\the_sundering\neoforge\26.2\src\main\java\com\skd\thesundering\entity\InternalAnimationMonster\AcropolisMonsters\Clawdian_Entity.java:744: error: cannot find symbol
                        dz = Math.cos(rad);
                                      ^
  symbol:   variable rad
  location: class Clawdian_Entity
G:\Proyectos\Mods_Minecraft\the_sundering\neoforge\26.2\src\main\java\com\skd\thesundering\entity\InternalAnimationMonster\AcropolisMonsters\Clawdian_Entity.java:745: error: cannot find symbol
                        spawnX = this.getX() + vecX * vec;
                        ^
  symbol:   variable spawnX
  location: class Clawdian_Entity
G:\Proyectos\Mods_Minecraft\the_sundering\neoforge\26.2\src\main\java\com\skd\thesundering\entity\InternalAnimationMonster\AcropolisMonsters\Clawdian_Entity.java:746: error: cannot find symbol
                        spawnY = this.getY();
                        ^
  symbol:   variable spawnY
  location: class Clawdian_Entity
G:\Proyectos\Mods_Minecraft\the_sundering\neoforge\26.2\src\main\java\com\skd\thesundering\entity\InternalAnimationMonster\AcropolisMonsters\Clawdian_Entity.java:747: error: cannot find symbol
                        spawnZ = this.getZ() + vecZ * vec;
                        ^
  symbol:   variable spawnZ
  location: class Clawdian_Entity
G:\Proyectos\Mods_Minecraft\the_sundering\neoforge\26.2\src\main\java\com\skd\thesundering\entity\InternalAnimationMonster\AcropolisMonsters\Clawdian_Entity.java:748: error: cannot find symbol
                        double extraX = spawnX + dx * (1.0 + this.random.nextDouble() / 2.0);
                                        ^
  symbol:   variable spawnX
  location: class Clawdian_Entity
G:\Proyectos\Mods_Minecraft\the_sundering\neoforge\26.2\src\main\java\com\skd\thesundering\entity\InternalAnimationMonster\AcropolisMonsters\Clawdian_Entity.java:748: error: cannot find symbol
                        double extraX = spawnX + dx * (1.0 + this.random.nextDouble() / 2.0);
                                                 ^
  symbol:   variable dx
  location: class Clawdian_Entity
G:\Proyectos\Mods_Minecraft\the_sundering\neoforge\26.2\src\main\java\com\skd\thesundering\entity\InternalAnimationMonster\AcropolisMonsters\Clawdian_Entity.java:749: error: cannot find symbol
                        double extraY = spawnY + 0.9 + this.random.nextDouble() * 0.5;
                                        ^
  symbol:   variable spawnY
  location: class Clawdian_Entity
G:\Proyectos\Mods_Minecraft\the_sundering\neoforge\26.2\src\main\java\com\skd\thesundering\entity\InternalAnimationMonster\AcropolisMonsters\Clawdian_Entity.java:750: error: cannot find symbol
                        double extraZ = spawnZ + dz * (1.0 + this.random.nextDouble() / 2.0);
                                        ^
  symbol:   variable spawnZ
  location: class Clawdian_Entity
G:\Proyectos\Mods_Minecraft\the_sundering\neoforge\26.2\src\main\java\com\skd\thesundering\entity\InternalAnimationMonster\AcropolisMonsters\Clawdian_Entity.java:750: error: cannot find symbol
                        double extraZ = spawnZ + dz * (1.0 + this.random.nextDouble() / 2.0);
                                                 ^
  symbol:   variable dz
  location: class Clawdian_Entity
G:\Proyectos\Mods_Minecraft\the_sundering\neoforge\26.2\src\main\java\com\skd\thesundering\entity\InternalAnimationMonster\AcropolisMonsters\Clawdian_Entity.java:751: error: cannot find symbol
                        this.level().addParticle((ParticleOptions)new NotSpinTrailParticleOptions(0.44313726f, 0.7607843f, 0.9411765f, 0.05f, 0.5f + this.random.nextFloat() * 0.3f, 0.4f + this.random.nextFloat() * 0.2f, 0.0, 120), spawnX, spawnY, spawnZ, extraX, extraY, extraZ);
                                                                                                                                                                                                                                       ^
  symbol:   variable spawnX
  location: class Clawdian_Entity
G:\Proyectos\Mods_Minecraft\the_sundering\neoforge\26.2\src\main\java\com\skd\thesundering\entity\InternalAnimationMonster\AcropolisMonsters\Clawdian_Entity.java:751: error: cannot find symbol
                        this.level().addParticle((ParticleOptions)new NotSpinTrailParticleOptions(0.44313726f, 0.7607843f, 0.9411765f, 0.05f, 0.5f + this.random.nextFloat() * 0.3f, 0.4f + this.random.nextFloat() * 0.2f, 0.0, 120), spawnX, spawnY, spawnZ, extraX, extraY, extraZ);
                                                                                                                                                                                                                                               ^
  symbol:   variable spawnY
  location: class Clawdian_Entity
G:\Proyectos\Mods_Minecraft\the_sundering\neoforge\26.2\src\main\java\com\skd\thesundering\entity\InternalAnimationMonster\AcropolisMonsters\Clawdian_Entity.java:751: error: cannot find symbol
                        this.level().addParticle((ParticleOptions)new NotSpinTrailParticleOptions(0.44313726f, 0.7607843f, 0.9411765f, 0.05f, 0.5f + this.random.nextFloat() * 0.3f, 0.4f + this.random.nextFloat() * 0.2f, 0.0, 120), spawnX, spawnY, spawnZ, extraX, extraY, extraZ);
                                                                                                                                                                                                                                                       ^
  symbol:   variable spawnZ
  location: class Clawdian_Entity
G:\Proyectos\Mods_Minecraft\the_sundering\neoforge\26.2\src\main\java\com\skd\thesundering\entity\InternalAnimationMonster\AcropolisMonsters\Clawdian_Entity.java:874: error: incompatible types: Object cannot be converted to LivingEntity
                for (LivingEntity entity : hit) {
                                           ^
G:\Proyectos\Mods_Minecraft\the_sundering\neoforge\26.2\src\main\java\com\skd\thesundering\entity\InternalAnimationMonster\AcropolisMonsters\Clawdian_Entity.java:876: error: incompatible types: void cannot be converted to boolean
                    boolean flag = entity.hurt(damagesource, (float)(this.getAttributeValue(Attributes.ATTACK_DAMAGE) * (double)damage));
                                              ^
G:\Proyectos\Mods_Minecraft\the_sundering\neoforge\26.2\src\main\java\com\skd\thesundering\entity\InternalAnimationMonster\AcropolisMonsters\Clawdian_Entity.java:877: error: cannot find symbol
                    if (entity.isDamageSourceBlocked(damagesource) && entity instanceof Player) {
                              ^
  symbol:   method isDamageSourceBlocked(DamageSource)
  location: variable entity of type LivingEntity
G:\Proyectos\Mods_Minecraft\the_sundering\neoforge\26.2\src\main\java\com\skd\thesundering\entity\InternalAnimationMonster\AcropolisMonsters\Clawdian_Entity.java:884: error: random has protected access in Level
                    entity.setDeltaMovement(entity.getDeltaMovement().add(0.0, (double)airborne + this.level().random.nextDouble() * 0.15, 0.0));
                                                                                                              ^
G:\Proyectos\Mods_Minecraft\the_sundering\neoforge\26.2\src\main\java\com\skd\thesundering\entity\InternalAnimationMonster\AcropolisMonsters\Clawdian_Entity.java:906: error: incompatible types: void cannot be converted to boolean
                boolean hurt = entityHit.hurt(damagesource, (float)(this.getAttributeValue(Attributes.ATTACK_DAMAGE) * (double)damage));
                                             ^
G:\Proyectos\Mods_Minecraft\the_sundering\neoforge\26.2\src\main\java\com\skd\thesundering\entity\InternalAnimationMonster\AcropolisMonsters\Clawdian_Entity.java:907: error: cannot find symbol
                if (entityHit.isDamageSourceBlocked(damagesource) && entityHit instanceof Player) {
                             ^
  symbol:   method isDamageSourceBlocked(DamageSource)
  location: variable entityHit of type LivingEntity
G:\Proyectos\Mods_Minecraft\the_sundering\neoforge\26.2\src\main\java\com\skd\thesundering\entity\InternalAnimationMonster\AcropolisMonsters\Clawdian_Entity.java:938: error: cannot find symbol
                if (!entityHit.getType().is(ModTag.IGNIS_CANT_POKE) && entityHit.isAlive() && this.getPassengers().isEmpty()) {
                                        ^
  symbol:   method is(TagKey<EntityType<?>>)
  location: class EntityType<CAP#1>
  where CAP#1 is a fresh type-variable:
    CAP#1 extends Entity from capture of ?
G:\Proyectos\Mods_Minecraft\the_sundering\neoforge\26.2\src\main\java\com\skd\thesundering\entity\InternalAnimationMonster\AcropolisMonsters\Clawdian_Entity.java:942: error: 'void' type not allowed here
                    if (!entityHit.hurt(damagesource, 1.0f)) continue;
                                       ^
G:\Proyectos\Mods_Minecraft\the_sundering\neoforge\26.2\src\main\java\com\skd\thesundering\entity\InternalAnimationMonster\AcropolisMonsters\Clawdian_Entity.java:943: error: no suitable method found for startRiding(Entity,boolean)
                    entityHit.startRiding((Entity)this, true);
                             ^
    method Entity.startRiding(Entity) is not applicable
      (actual and formal argument lists differ in length)
    method Entity.startRiding(Entity,boolean,boolean) is not applicable
      (actual and formal argument lists differ in length)
G:\Proyectos\Mods_Minecraft\the_sundering\neoforge\26.2\src\main\java\com\skd\thesundering\entity\InternalAnimationMonster\AcropolisMonsters\Clawdian_Entity.java:970: error: isAlliedTo(Entity) in Clawdian_Entity cannot override isAlliedTo(@org.jspecify.annotations.Nullable Entity) in Entity
    public boolean isAlliedTo(Entity entityIn) {
                   ^
  overridden method is final
G:\Proyectos\Mods_Minecraft\the_sundering\neoforge\26.2\src\main\java\com\skd\thesundering\entity\InternalAnimationMonster\AcropolisMonsters\Clawdian_Entity.java:977: error: cannot find symbol
        if (entityIn.getType().is(ModTag.TEAM_SCYLLA)) {
                              ^
  symbol:   method is(TagKey<EntityType<?>>)
  location: class EntityType<CAP#1>
  where CAP#1 is a fresh type-variable:
    CAP#1 extends Entity from capture of ?
G:\Proyectos\Mods_Minecraft\the_sundering\neoforge\26.2\src\main\java\com\skd\thesundering\entity\InternalAnimationMonster\AcropolisMonsters\Clawdian_Entity.java:1026: error: isAffectedByFluids() in Clawdian_Entity cannot override isAffectedByFluids() in LivingEntity
    protected boolean isAffectedByFluids() {
                      ^
  attempting to assign weaker access privileges; was public
G:\Proyectos\Mods_Minecraft\the_sundering\neoforge\26.2\src\main\java\com\skd\thesundering\entity\InternalAnimationMonster\AcropolisMonsters\Clawdian_Entity.java:1169: error: no suitable method found for startRiding(Entity,boolean)
                        rider.startRiding((Entity)acc, true);
                             ^
    method Entity.startRiding(Entity) is not applicable
      (actual and formal argument lists differ in length)
    method Entity.startRiding(Entity,boolean,boolean) is not applicable
      (actual and formal argument lists differ in length)
G:\Proyectos\Mods_Minecraft\the_sundering\neoforge\26.2\src\main\java\com\skd\thesundering\entity\InternalAnimationMonster\AcropolisMonsters\Clawdian_Entity.java:1184: error: no suitable method found for startRiding(Entity,boolean)
                        rider.startRiding((Entity)acc, true);
                             ^
    method Entity.startRiding(Entity) is not applicable
      (actual and formal argument lists differ in length)
    method Entity.startRiding(Entity,boolean,boolean) is not applicable
      (actual and formal argument lists differ in length)
G:\Proyectos\Mods_Minecraft\the_sundering\neoforge\26.2\src\main\java\com\skd\thesundering\client\model\entity\Coralssus_Model.java:224: error: incompatible types: inference variable E has incompatible bounds
        return ImmutableList.of((Object)this.root, (Object)this.body, (Object)this.chest, (Object)this.cube_r1, (Object)this.neck, (Object)this.head, (Object)this.cube_r2, (Object)this.cube_r3, (Object)this.cube_r4, (Object)this.eye, (Object)this.right_arm_joint, (Object)this.right_arm, (Object[])new AdvancedModelBox[]{this.cube_r5, this.cube_r6, this.right_arm2, this.left_arm_joint, this.left_arm, this.cube_r7, this.left_arm_coral, this.left_arm2, this.coral, this.cube_r8, this.coral2, this.right_leg, this.left_leg});
                               ^
    equality constraints: AdvancedModelBox
    lower bounds: Object
  where E is a type-variable:
    E extends Object declared in method <E>of(E,E,E,E,E,E,E,E,E,E,E,E,E...)
G:\Proyectos\Mods_Minecraft\the_sundering\neoforge\26.2\src\main\java\com\skd\thesundering\entity\InternalAnimationMonster\Coralssus_Entity.java:293: error: method define in class Builder cannot be applied to given types;
        p_326229_.define(MOISTNESS, (Object)40000);
                 ^
  required: EntityDataAccessor<T>,T
  found:    EntityDataAccessor<Integer>,Object
  reason: inference variable T has incompatible bounds
    equality constraints: Integer
    lower bounds: Object
  where T is a type-variable:
    T extends Object declared in method <T>define(EntityDataAccessor<T>,T)
G:\Proyectos\Mods_Minecraft\the_sundering\neoforge\26.2\src\main\java\com\skd\thesundering\entity\InternalAnimationMonster\Coralssus_Entity.java:294: error: method define in class Builder cannot be applied to given types;
        p_326229_.define(VARIANT, (Object)Variant.FIRE.id);
                 ^
  required: EntityDataAccessor<T>,T
  found:    EntityDataAccessor<Integer>,Object
  reason: inference variable T has incompatible bounds
    equality constraints: Integer
    lower bounds: Object
  where T is a type-variable:
    T extends Object declared in method <T>define(EntityDataAccessor<T>,T)
G:\Proyectos\Mods_Minecraft\the_sundering\neoforge\26.2\src\main\java\com\skd\thesundering\entity\InternalAnimationMonster\Coralssus_Entity.java:295: error: method define in class Builder cannot be applied to given types;
        p_326229_.define(RIGHT, (Object)false);
                 ^
  required: EntityDataAccessor<T>,T
  found:    EntityDataAccessor<Boolean>,Object
  reason: inference variable T has incompatible bounds
    equality constraints: Boolean
    lower bounds: Object
  where T is a type-variable:
    T extends Object declared in method <T>define(EntityDataAccessor<T>,T)
G:\Proyectos\Mods_Minecraft\the_sundering\neoforge\26.2\src\main\java\com\skd\thesundering\entity\InternalAnimationMonster\Coralssus_Entity.java:296: error: method define in class Builder cannot be applied to given types;
        p_326229_.define(CORALSSUS_SWIM, (Object)false);
                 ^
  required: EntityDataAccessor<T>,T
  found:    EntityDataAccessor<Boolean>,Object
  reason: inference variable T has incompatible bounds
    equality constraints: Boolean
    lower bounds: Object
  where T is a type-variable:
    T extends Object declared in method <T>define(EntityDataAccessor<T>,T)
G:\Proyectos\Mods_Minecraft\the_sundering\neoforge\26.2\src\main\java\com\skd\thesundering\entity\InternalAnimationMonster\Coralssus_Entity.java:383: error: incompatible types: CompoundTag cannot be converted to ValueOutput
        super.addAdditionalSaveData(compound);
                                    ^
G:\Proyectos\Mods_Minecraft\the_sundering\neoforge\26.2\src\main\java\com\skd\thesundering\entity\InternalAnimationMonster\Coralssus_Entity.java:389: error: incompatible types: CompoundTag cannot be converted to ValueInput
        super.readAdditionalSaveData(compound);
                                     ^
G:\Proyectos\Mods_Minecraft\the_sundering\neoforge\26.2\src\main\java\com\skd\thesundering\entity\InternalAnimationMonster\Coralssus_Entity.java:390: error: incompatible types: Optional<Integer> cannot be converted to int
        this.setVariant(Variant.byId(compound.getInt("Variant")));
                                                    ^
G:\Proyectos\Mods_Minecraft\the_sundering\neoforge\26.2\src\main\java\com\skd\thesundering\entity\InternalAnimationMonster\Coralssus_Entity.java:391: error: incompatible types: Optional<Integer> cannot be converted to int
        this.setMoistness(compound.getInt("Moisture"));
                                         ^
G:\Proyectos\Mods_Minecraft\the_sundering\neoforge\26.2\src\main\java\com\skd\thesundering\entity\InternalAnimationMonster\Coralssus_Entity.java:399: error: no suitable method found for set(EntityDataAccessor<Integer>,Object)
        this.entityData.set(MOISTNESS, (Object)p_211137_1_);
                       ^
    method SynchedEntityData.<T#1>set(EntityDataAccessor<T#1>,T#1) is not applicable
      (inference variable T#1 has incompatible bounds
        equality constraints: Integer
        lower bounds: Object)
    method SynchedEntityData.<T#2>set(EntityDataAccessor<T#2>,T#2,boolean) is not applicable
      (cannot infer type-variable(s) T#2
        (actual and formal argument lists differ in length))
  where T#1,T#2 are type-variables:
    T#1 extends Object declared in method <T#1>set(EntityDataAccessor<T#1>,T#1)
    T#2 extends Object declared in method <T#2>set(EntityDataAccessor<T#2>,T#2,boolean)
G:\Proyectos\Mods_Minecraft\the_sundering\neoforge\26.2\src\main\java\com\skd\thesundering\entity\InternalAnimationMonster\Coralssus_Entity.java:407: error: no suitable method found for set(EntityDataAccessor<Integer>,Object)
        this.entityData.set(VARIANT, (Object)p_262578_.id);
                       ^
    method SynchedEntityData.<T#1>set(EntityDataAccessor<T#1>,T#1) is not applicable
      (inference variable T#1 has incompatible bounds
        equality constraints: Integer
        lower bounds: Object)
    method SynchedEntityData.<T#2>set(EntityDataAccessor<T#2>,T#2,boolean) is not applicable
      (cannot infer type-variable(s) T#2
        (actual and formal argument lists differ in length))
  where T#1,T#2 are type-variables:
    T#1 extends Object declared in method <T#1>set(EntityDataAccessor<T#1>,T#1)
    T#2 extends Object declared in method <T#2>set(EntityDataAccessor<T#2>,T#2,boolean)
G:\Proyectos\Mods_Minecraft\the_sundering\neoforge\26.2\src\main\java\com\skd\thesundering\entity\InternalAnimationMonster\Coralssus_Entity.java:411: error: no suitable method found for set(EntityDataAccessor<Boolean>,Object)
        this.entityData.set(RIGHT, (Object)right);
                       ^
    method SynchedEntityData.<T#1>set(EntityDataAccessor<T#1>,T#1) is not applicable
      (inference variable T#1 has incompatible bounds
        equality constraints: Boolean
        lower bounds: Object)
    method SynchedEntityData.<T#2>set(EntityDataAccessor<T#2>,T#2,boolean) is not applicable
      (cannot infer type-variable(s) T#2
        (actual and formal argument lists differ in length))
  where T#1,T#2 are type-variables:
    T#1 extends Object declared in method <T#1>set(EntityDataAccessor<T#1>,T#1)
    T#2 extends Object declared in method <T#2>set(EntityDataAccessor<T#2>,T#2,boolean)
G:\Proyectos\Mods_Minecraft\the_sundering\neoforge\26.2\src\main\java\com\skd\thesundering\entity\InternalAnimationMonster\Coralssus_Entity.java:426: error: hurt(DamageSource,float) in Coralssus_Entity cannot override hurt(DamageSource,float) in Entity
    public boolean hurt(DamageSource source, float damage) {
                   ^
  overridden method is final
G:\Proyectos\Mods_Minecraft\the_sundering\neoforge\26.2\src\main\java\com\skd\thesundering\entity\InternalAnimationMonster\Coralssus_Entity.java:430: error: incompatible types: void cannot be converted to boolean
        return super.hurt(source, damage);
                         ^
G:\Proyectos\Mods_Minecraft\the_sundering\neoforge\26.2\src\main\java\com\skd\thesundering\entity\InternalAnimationMonster\Coralssus_Entity.java:460: error: cannot find symbol
        } else if (this.isInWaterRainOrBubble()) {
                       ^
  symbol: method isInWaterRainOrBubble()
G:\Proyectos\Mods_Minecraft\the_sundering\neoforge\26.2\src\main\java\com\skd\thesundering\entity\InternalAnimationMonster\Coralssus_Entity.java:463: error: cannot find symbol
            int dry = this.level().isDay() ? 2 : 1;
                                  ^
  symbol:   method isDay()
  location: class Level
G:\Proyectos\Mods_Minecraft\the_sundering\neoforge\26.2\src\main\java\com\skd\thesundering\entity\InternalAnimationMonster\Coralssus_Entity.java:470: error: cannot find symbol
        boolean flag1 = this.canInFluidType(this.getEyeInFluidType());
                                                ^
  symbol: method getEyeInFluidType()
G:\Proyectos\Mods_Minecraft\the_sundering\neoforge\26.2\src\main\java\com\skd\thesundering\entity\InternalAnimationMonster\Coralssus_Entity.java:538: error: cannot find symbol
                if (!entity.isDamageSourceBlocked(damagesource) || !(entity instanceof Player)) continue;
                           ^
  symbol:   method isDamageSourceBlocked(DamageSource)
  location: variable entity of type LivingEntity
G:\Proyectos\Mods_Minecraft\the_sundering\neoforge\26.2\src\main\java\com\skd\thesundering\entity\InternalAnimationMonster\Coralssus_Entity.java:548: error: incompatible types: Level cannot be converted to ServerLevel
        if (!this.level().isClientSide() && EventHooks.canEntityGrief((Level)this.level(), (Entity)this)) {
                                                                      ^
G:\Proyectos\Mods_Minecraft\the_sundering\neoforge\26.2\src\main\java\com\skd\thesundering\entity\InternalAnimationMonster\Coralssus_Entity.java:614: error: isAlliedTo(Entity) in Coralssus_Entity cannot override isAlliedTo(@org.jspecify.annotations.Nullable Entity) in Entity
    public boolean isAlliedTo(Entity entityIn) {
                   ^
  overridden method is final
G:\Proyectos\Mods_Minecraft\the_sundering\neoforge\26.2\src\main\java\com\skd\thesundering\entity\InternalAnimationMonster\Coralssus_Entity.java:621: error: cannot find symbol
        if (entityIn.getType().is(ModTag.TEAM_THE_LEVIATHAN)) {
                              ^
  symbol:   method is(TagKey<EntityType<?>>)
  location: class EntityType<CAP#1>
  where CAP#1 is a fresh type-variable:
    CAP#1 extends Entity from capture of ?
G:\Proyectos\Mods_Minecraft\the_sundering\neoforge\26.2\src\main\java\com\skd\thesundering\entity\InternalAnimationMonster\Coralssus_Entity.java:663: error: no suitable method found for set(EntityDataAccessor<Boolean>,Object)
        this.entityData.set(CORALSSUS_SWIM, (Object)swim);
                       ^
    method SynchedEntityData.<T#1>set(EntityDataAccessor<T#1>,T#1) is not applicable
      (inference variable T#1 has incompatible bounds
        equality constraints: Boolean
        lower bounds: Object)
    method SynchedEntityData.<T#2>set(EntityDataAccessor<T#2>,T#2,boolean) is not applicable
      (cannot infer type-variable(s) T#2
        (actual and formal argument lists differ in length))
  where T#1,T#2 are type-variables:
    T#1 extends Object declared in method <T#1>set(EntityDataAccessor<T#1>,T#1)
    T#2 extends Object declared in method <T#2>set(EntityDataAccessor<T#2>,T#2,boolean)
G:\Proyectos\Mods_Minecraft\the_sundering\neoforge\26.2\src\main\java\com\skd\thesundering\entity\InternalAnimationMonster\Coralssus_Entity.java:830: error: method sparse in class ByIdMap cannot be applied to given types;
            BY_ID = ByIdMap.sparse(Variant::id, (Object[])Variant.values(), (Object)((Object)FIRE));
                           ^
  required: ToIntFunction<T>,T[],T
  found:    Variant::id,Object[],Object
  reason: inference variable T has incompatible bounds
    upper bounds: Variant,Object
    lower bounds: Object
  where T is a type-variable:
    T extends Object declared in method <T>sparse(ToIntFunction<T>,T[],T)
G:\Proyectos\Mods_Minecraft\the_sundering\neoforge\26.2\src\main\java\com\skd\thesundering\client\model\entity\Coral_Bardiche_Model.java:49: error: incompatible types: inference variable E has incompatible bounds
        return ImmutableList.of((Object)this.root, (Object)this.spear_head, (Object)this.blade);
                               ^
    equality constraints: AdvancedModelBox
    lower bounds: Object
  where E is a type-variable:
    E extends Object declared in method <E>of(E,E,E)
G:\Proyectos\Mods_Minecraft\the_sundering\neoforge\26.2\src\main\java\com\skd\thesundering\entity\projectile\ThrownCoral_Spear_Entity.java:76: error: no suitable method found for set(EntityDataAccessor<Byte>,Object)
        this.entityData.set(ID_LOYALTY, (Object)this.getLoyaltyFromItem(p_37571_));
                       ^
    method SynchedEntityData.<T#1>set(EntityDataAccessor<T#1>,T#1) is not applicable
      (inference variable T#1 has incompatible bounds
        equality constraints: Byte
        lower bounds: Object)
    method SynchedEntityData.<T#2>set(EntityDataAccessor<T#2>,T#2,boolean) is not applicable
      (cannot infer type-variable(s) T#2
        (actual and formal argument lists differ in length))
  where T#1,T#2 are type-variables:
    T#1 extends Object declared in method <T#1>set(EntityDataAccessor<T#1>,T#1)
    T#2 extends Object declared in method <T#2>set(EntityDataAccessor<T#2>,T#2,boolean)
G:\Proyectos\Mods_Minecraft\the_sundering\neoforge\26.2\src\main\java\com\skd\thesundering\entity\projectile\ThrownCoral_Spear_Entity.java:77: error: no suitable method found for set(EntityDataAccessor<Boolean>,Object)
        this.entityData.set(ID_FOIL, (Object)p_37571_.hasFoil());
                       ^
    method SynchedEntityData.<T#1>set(EntityDataAccessor<T#1>,T#1) is not applicable
      (inference variable T#1 has incompatible bounds
        equality constraints: Boolean
        lower bounds: Object)
    method SynchedEntityData.<T#2>set(EntityDataAccessor<T#2>,T#2,boolean) is not applicable
      (cannot infer type-variable(s) T#2
        (actual and formal argument lists differ in length))
  where T#1,T#2 are type-variables:
    T#1 extends Object declared in method <T#1>set(EntityDataAccessor<T#1>,T#1)
    T#2 extends Object declared in method <T#2>set(EntityDataAccessor<T#2>,T#2,boolean)
G:\Proyectos\Mods_Minecraft\the_sundering\neoforge\26.2\src\main\java\com\skd\thesundering\entity\projectile\ThrownCoral_Spear_Entity.java:82: error: no suitable method found for set(EntityDataAccessor<Byte>,Object)
        this.entityData.set(ID_LOYALTY, (Object)this.getLoyaltyFromItem(p_338255_));
                       ^
    method SynchedEntityData.<T#1>set(EntityDataAccessor<T#1>,T#1) is not applicable
      (inference variable T#1 has incompatible bounds
        equality constraints: Byte
        lower bounds: Object)
    method SynchedEntityData.<T#2>set(EntityDataAccessor<T#2>,T#2,boolean) is not applicable
      (cannot infer type-variable(s) T#2
        (actual and formal argument lists differ in length))
  where T#1,T#2 are type-variables:
    T#1 extends Object declared in method <T#1>set(EntityDataAccessor<T#1>,T#1)
    T#2 extends Object declared in method <T#2>set(EntityDataAccessor<T#2>,T#2,boolean)
G:\Proyectos\Mods_Minecraft\the_sundering\neoforge\26.2\src\main\java\com\skd\thesundering\entity\projectile\ThrownCoral_Spear_Entity.java:83: error: no suitable method found for set(EntityDataAccessor<Boolean>,Object)
        this.entityData.set(ID_FOIL, (Object)p_338255_.hasFoil());
                       ^
    method SynchedEntityData.<T#1>set(EntityDataAccessor<T#1>,T#1) is not applicable
      (inference variable T#1 has incompatible bounds
        equality constraints: Boolean
        lower bounds: Object)
    method SynchedEntityData.<T#2>set(EntityDataAccessor<T#2>,T#2,boolean) is not applicable
      (cannot infer type-variable(s) T#2
        (actual and formal argument lists differ in length))
  where T#1,T#2 are type-variables:
    T#1 extends Object declared in method <T#1>set(EntityDataAccessor<T#1>,T#1)
    T#2 extends Object declared in method <T#2>set(EntityDataAccessor<T#2>,T#2,boolean)
G:\Proyectos\Mods_Minecraft\the_sundering\neoforge\26.2\src\main\java\com\skd\thesundering\entity\projectile\ThrownCoral_Spear_Entity.java:88: error: method define in class Builder cannot be applied to given types;
        p_326229_.define(ID_LOYALTY, (Object)0);
                 ^
  required: EntityDataAccessor<T>,T
  found:    EntityDataAccessor<Byte>,Object
  reason: inference variable T has incompatible bounds
    equality constraints: Byte
    lower bounds: Object
  where T is a type-variable:
    T extends Object declared in method <T>define(EntityDataAccessor<T>,T)
G:\Proyectos\Mods_Minecraft\the_sundering\neoforge\26.2\src\main\java\com\skd\thesundering\entity\projectile\ThrownCoral_Spear_Entity.java:89: error: method define in class Builder cannot be applied to given types;
        p_326229_.define(ID_FOIL, (Object)false);
                 ^
  required: EntityDataAccessor<T>,T
  found:    EntityDataAccessor<Boolean>,Object
  reason: inference variable T has incompatible bounds
    equality constraints: Boolean
    lower bounds: Object
  where T is a type-variable:
    T extends Object declared in method <T>define(EntityDataAccessor<T>,T)
G:\Proyectos\Mods_Minecraft\the_sundering\neoforge\26.2\src\main\java\com\skd\thesundering\entity\projectile\ThrownCoral_Spear_Entity.java:101: error: no suitable method found for spawnAtLocation(ItemStack,float)
                    this.spawnAtLocation(this.getPickupItem(), 0.1f);
                        ^
    method Entity.spawnAtLocation(ServerLevel,ItemLike) is not applicable
      (argument mismatch; ItemStack cannot be converted to ServerLevel)
    method Entity.spawnAtLocation(ServerLevel,ItemStack) is not applicable
      (argument mismatch; ItemStack cannot be converted to ServerLevel)
G:\Proyectos\Mods_Minecraft\the_sundering\neoforge\26.2\src\main\java\com\skd\thesundering\entity\projectile\ThrownCoral_Spear_Entity.java:147: error: incompatible types: void cannot be converted to boolean
        if (entity.hurt(damagesource, f)) {
                       ^
G:\Proyectos\Mods_Minecraft\the_sundering\neoforge\26.2\src\main\java\com\skd\thesundering\entity\projectile\ThrownCoral_Spear_Entity.java:148: error: cannot find symbol
            if (entity.getType() == EntityType.ENDERMAN) {
                                              ^
  symbol:   variable ENDERMAN
  location: class EntityType
G:\Proyectos\Mods_Minecraft\the_sundering\neoforge\26.2\src\main\java\com\skd\thesundering\entity\projectile\ThrownCoral_Spear_Entity.java:170: error: method kill in class Entity cannot be applied to given types;
        EnchantmentHelper.onHitBlock((ServerLevel)p_344953_, (ItemStack)p_344999_, (LivingEntity)(entity instanceof LivingEntity ? (livingentity = (LivingEntity)entity) : null), (Entity)this, null, (Vec3)vec3, (BlockState)p_344953_.getBlockState(p_346320_.getBlockPos()), p_348680_ -> this.kill());
                                                                                                                                                                                                                                                                                                 ^
  required: ServerLevel
  found:    no arguments
  reason: actual and formal argument lists differ in length
G:\Proyectos\Mods_Minecraft\the_sundering\neoforge\26.2\src\main\java\com\skd\thesundering\entity\projectile\ThrownCoral_Spear_Entity.java:196: error: incompatible types: CompoundTag cannot be converted to ValueInput
        super.readAdditionalSaveData(p_37578_);
                                     ^
G:\Proyectos\Mods_Minecraft\the_sundering\neoforge\26.2\src\main\java\com\skd\thesundering\entity\projectile\ThrownCoral_Spear_Entity.java:197: error: incompatible types: Optional<Boolean> cannot be converted to boolean
        this.dealtDamage = p_37578_.getBoolean("DealtDamage");
                                              ^
G:\Proyectos\Mods_Minecraft\the_sundering\neoforge\26.2\src\main\java\com\skd\thesundering\entity\projectile\ThrownCoral_Spear_Entity.java:198: error: no suitable method found for set(EntityDataAccessor<Byte>,Object)
        this.entityData.set(ID_LOYALTY, (Object)this.getLoyaltyFromItem(this.getPickupItemStackOrigin()));
                       ^
    method SynchedEntityData.<T#1>set(EntityDataAccessor<T#1>,T#1) is not applicable
      (inference variable T#1 has incompatible bounds
        equality constraints: Byte
        lower bounds: Object)
    method SynchedEntityData.<T#2>set(EntityDataAccessor<T#2>,T#2,boolean) is not applicable
      (cannot infer type-variable(s) T#2
        (actual and formal argument lists differ in length))
  where T#1,T#2 are type-variables:
    T#1 extends Object declared in method <T#1>set(EntityDataAccessor<T#1>,T#1)
    T#2 extends Object declared in method <T#2>set(EntityDataAccessor<T#2>,T#2,boolean)
G:\Proyectos\Mods_Minecraft\the_sundering\neoforge\26.2\src\main\java\com\skd\thesundering\entity\projectile\ThrownCoral_Spear_Entity.java:202: error: incompatible types: CompoundTag cannot be converted to ValueOutput
        super.addAdditionalSaveData(p_37582_);
                                    ^
G:\Proyectos\Mods_Minecraft\the_sundering\neoforge\26.2\src\main\java\com\skd\thesundering\client\model\entity\Coral_Golem_Model.java:283: error: incompatible types: inference variable E has incompatible bounds
        return ImmutableList.of((Object)this.root, (Object)this.lower_body, (Object)this.upper_body, (Object)this.helmet, (Object)this.chest, (Object)this.table_coral, (Object)this.blue_table_coral, (Object)this.red_table_coral, (Object)this.right_arm, (Object)this.right_fist, (Object)this.right_coral, (Object)this.left_arm, (Object[])new AdvancedModelBox[]{this.left_fist, this.left_coral, this.coral_shoulder, this.head, this.right_leg, this.left_leg});
                               ^
    equality constraints: AdvancedModelBox
    lower bounds: Object
  where E is a type-variable:
    E extends Object declared in method <E>of(E,E,E,E,E,E,E,E,E,E,E,E,E...)
G:\Proyectos\Mods_Minecraft\the_sundering\neoforge\26.2\src\main\java\com\skd\thesundering\entity\Deepling\Coral_Golem_Entity.java:185: error: hurt(DamageSource,float) in Coral_Golem_Entity cannot override hurt(DamageSource,float) in Entity
    public boolean hurt(DamageSource source, float damage) {
                   ^
  overridden method is final
G:\Proyectos\Mods_Minecraft\the_sundering\neoforge\26.2\src\main\java\com\skd\thesundering\entity\Deepling\Coral_Golem_Entity.java:186: error: incompatible types: void cannot be converted to boolean
        return super.hurt(source, damage);
                         ^
G:\Proyectos\Mods_Minecraft\the_sundering\neoforge\26.2\src\main\java\com\skd\thesundering\entity\Deepling\Coral_Golem_Entity.java:196: error: incompatible types: CompoundTag cannot be converted to ValueOutput
        super.addAdditionalSaveData(compound);
                                    ^
G:\Proyectos\Mods_Minecraft\the_sundering\neoforge\26.2\src\main\java\com\skd\thesundering\entity\Deepling\Coral_Golem_Entity.java:200: error: incompatible types: CompoundTag cannot be converted to ValueInput
        super.readAdditionalSaveData(compound);
                                     ^
G:\Proyectos\Mods_Minecraft\the_sundering\neoforge\26.2\src\main\java\com\skd\thesundering\entity\Deepling\Coral_Golem_Entity.java:219: error: cannot find symbol
        return level.getDifficulty() != Difficulty.PEACEFUL && (MobSpawnType.isSpawner((MobSpawnType)spawnType) || level.getFluidState(pos).is(FluidTags.WATER));
                                                                                        ^
  symbol:   class MobSpawnType
  location: class Coral_Golem_Entity
G:\Proyectos\Mods_Minecraft\the_sundering\neoforge\26.2\src\main\java\com\skd\thesundering\entity\Deepling\Coral_Golem_Entity.java:219: error: cannot find symbol
        return level.getDifficulty() != Difficulty.PEACEFUL && (MobSpawnType.isSpawner((MobSpawnType)spawnType) || level.getFluidState(pos).is(FluidTags.WATER));
                                                                ^
  symbol:   variable MobSpawnType
  location: class Coral_Golem_Entity
G:\Proyectos\Mods_Minecraft\the_sundering\neoforge\26.2\src\main\java\com\skd\thesundering\entity\Deepling\Coral_Golem_Entity.java:250: error: cannot find symbol
        if (flag1 = this.canInFluidType(this.getEyeInFluidType())) {
                                            ^
  symbol: method getEyeInFluidType()
G:\Proyectos\Mods_Minecraft\the_sundering\neoforge\26.2\src\main\java\com\skd\thesundering\entity\Deepling\Coral_Golem_Entity.java:363: error: isAlliedTo(@org.jspecify.annotations.Nullable Entity) in Coral_Golem_Entity cannot override isAlliedTo(@org.jspecify.annotations.Nullable Entity) in Entity
    public boolean isAlliedTo(@Nullable Entity entityIn) {
                   ^
  overridden method is final
G:\Proyectos\Mods_Minecraft\the_sundering\neoforge\26.2\src\main\java\com\skd\thesundering\entity\Deepling\Coral_Golem_Entity.java:370: error: cannot find symbol
        if (entityIn != null && entityIn.getType().is(ModTag.TEAM_THE_LEVIATHAN)) {
                                                  ^
  symbol:   method is(TagKey<EntityType<?>>)
  location: class EntityType<CAP#1>
  where CAP#1 is a fresh type-variable:
    CAP#1 extends Entity from capture of ?
G:\Proyectos\Mods_Minecraft\the_sundering\neoforge\26.2\src\main\java\com\skd\thesundering\client\model\entity\Coral_Spear_Model.java:59: error: incompatible types: inference variable E has incompatible bounds
        return ImmutableList.of((Object)this.coral_spear, (Object)this.head, (Object)this.head2, (Object)this.coral, (Object)this.coral2);
                               ^
    equality constraints: AdvancedModelBox
    lower bounds: Object
  where E is a type-variable:
    E extends Object declared in method <E>of(E,E,E,E,E)
G:\Proyectos\Mods_Minecraft\the_sundering\neoforge\26.2\src\main\java\com\skd\thesundering\client\model\entity\Cursed_Sandstorm_Model.java:56: error: incompatible types: inference variable E has incompatible bounds
        return ImmutableList.of((Object)this.root, (Object)this.storm, (Object)this.storm2, (Object)this.storm3, (Object)this.storm4);
                               ^
    equality constraints: AdvancedModelBox
    lower bounds: Object
  where E is a type-variable:
    E extends Object declared in method <E>of(E,E,E,E,E)
G:\Proyectos\Mods_Minecraft\the_sundering\neoforge\26.2\src\main\java\com\skd\thesundering\entity\projectile\Cursed_Sandstorm_Entity.java:105: error: cannot find symbol
        this.moveTo(p_36818_, p_36819_, p_36820_, this.getYRot(), this.getXRot());
            ^
  symbol: method moveTo(double,double,double,float,float)
G:\Proyectos\Mods_Minecraft\the_sundering\neoforge\26.2\src\main\java\com\skd\thesundering\entity\projectile\Cursed_Sandstorm_Entity.java:130: error: method define in class Builder cannot be applied to given types;
        p_326229_.define(TRACKING, (Object)false);
                 ^
  required: EntityDataAccessor<T>,T
  found:    EntityDataAccessor<Boolean>,Object
  reason: inference variable T has incompatible bounds
    equality constraints: Boolean
    lower bounds: Object
  where T is a type-variable:
    T extends Object declared in method <T>define(EntityDataAccessor<T>,T)
G:\Proyectos\Mods_Minecraft\the_sundering\neoforge\26.2\src\main\java\com\skd\thesundering\entity\projectile\Cursed_Sandstorm_Entity.java:131: error: method define in class Builder cannot be applied to given types;
        p_326229_.define(DAMAGE, (Object)Float.valueOf(0.0f));
                 ^
  required: EntityDataAccessor<T>,T
  found:    EntityDataAccessor<Float>,Object
  reason: inference variable T has incompatible bounds
    equality constraints: Float
    lower bounds: Object
  where T is a type-variable:
    T extends Object declared in method <T>define(EntityDataAccessor<T>,T)
G:\Proyectos\Mods_Minecraft\the_sundering\neoforge\26.2\src\main\java\com\skd\thesundering\entity\projectile\Cursed_Sandstorm_Entity.java:132: error: method define in class Builder cannot be applied to given types;
        p_326229_.define(STATE, (Object)0);
                 ^
  required: EntityDataAccessor<T>,T
  found:    EntityDataAccessor<Integer>,Object
  reason: inference variable T has incompatible bounds
    equality constraints: Integer
    lower bounds: Object
  where T is a type-variable:
    T extends Object declared in method <T>define(EntityDataAccessor<T>,T)
G:\Proyectos\Mods_Minecraft\the_sundering\neoforge\26.2\src\main\java\com\skd\thesundering\entity\projectile\Cursed_Sandstorm_Entity.java:176: error: no suitable method found for set(EntityDataAccessor<Integer>,Object)
        this.entityData.set(STATE, (Object)state);
                       ^
    method SynchedEntityData.<T#1>set(EntityDataAccessor<T#1>,T#1) is not applicable
      (inference variable T#1 has incompatible bounds
        equality constraints: Integer
        lower bounds: Object)
    method SynchedEntityData.<T#2>set(EntityDataAccessor<T#2>,T#2,boolean) is not applicable
      (cannot infer type-variable(s) T#2
        (actual and formal argument lists differ in length))
  where T#1,T#2 are type-variables:
    T#1 extends Object declared in method <T#1>set(EntityDataAccessor<T#1>,T#1)
    T#2 extends Object declared in method <T#2>set(EntityDataAccessor<T#2>,T#2,boolean)
G:\Proyectos\Mods_Minecraft\the_sundering\neoforge\26.2\src\main\java\com\skd\thesundering\entity\projectile\Cursed_Sandstorm_Entity.java:184: error: no suitable method found for set(EntityDataAccessor<Float>,Object)
        this.entityData.set(DAMAGE, (Object)Float.valueOf(damage));
                       ^
    method SynchedEntityData.<T#1>set(EntityDataAccessor<T#1>,T#1) is not applicable
      (inference variable T#1 has incompatible bounds
        equality constraints: Float
        lower bounds: Object)
    method SynchedEntityData.<T#2>set(EntityDataAccessor<T#2>,T#2,boolean) is not applicable
      (cannot infer type-variable(s) T#2
        (actual and formal argument lists differ in length))
  where T#1,T#2 are type-variables:
    T#1 extends Object declared in method <T#1>set(EntityDataAccessor<T#1>,T#1)
    T#2 extends Object declared in method <T#2>set(EntityDataAccessor<T#2>,T#2,boolean)
G:\Proyectos\Mods_Minecraft\the_sundering\neoforge\26.2\src\main\java\com\skd\thesundering\entity\projectile\Cursed_Sandstorm_Entity.java:196: error: incompatible types: CompoundTag cannot be converted to ValueOutput
        super.addAdditionalSaveData(p_37357_);
                                    ^
G:\Proyectos\Mods_Minecraft\the_sundering\neoforge\26.2\src\main\java\com\skd\thesundering\entity\projectile\Cursed_Sandstorm_Entity.java:198: error: cannot find symbol
            p_37357_.putUUID("Target", this.finalTarget.getUUID());
                    ^
  symbol:   method putUUID(String,UUID)
  location: variable p_37357_ of type CompoundTag
G:\Proyectos\Mods_Minecraft\the_sundering\neoforge\26.2\src\main\java\com\skd\thesundering\entity\projectile\Cursed_Sandstorm_Entity.java:200: error: cannot find symbol
        p_37357_.put("power", (Tag)this.newDoubleList(new double[]{this.xPower, this.yPower, this.zPower}));
                                       ^
  symbol: method newDoubleList(double[])
G:\Proyectos\Mods_Minecraft\the_sundering\neoforge\26.2\src\main\java\com\skd\thesundering\entity\projectile\Cursed_Sandstorm_Entity.java:209: error: incompatible types: CompoundTag cannot be converted to ValueInput
        super.readAdditionalSaveData(p_37353_);
                                     ^
G:\Proyectos\Mods_Minecraft\the_sundering\neoforge\26.2\src\main\java\com\skd\thesundering\entity\projectile\Cursed_Sandstorm_Entity.java:210: error: cannot find symbol
        if (p_37353_.hasUUID("Target")) {
                    ^
  symbol:   method hasUUID(String)
  location: variable p_37353_ of type CompoundTag
G:\Proyectos\Mods_Minecraft\the_sundering\neoforge\26.2\src\main\java\com\skd\thesundering\entity\projectile\Cursed_Sandstorm_Entity.java:211: error: cannot find symbol
            this.targetId = p_37353_.getUUID("Target");
                                    ^
  symbol:   method getUUID(String)
  location: variable p_37353_ of type CompoundTag
G:\Proyectos\Mods_Minecraft\the_sundering\neoforge\26.2\src\main\java\com\skd\thesundering\entity\projectile\Cursed_Sandstorm_Entity.java:213: error: method contains in class CompoundTag cannot be applied to given types;
        if (p_37353_.contains("power", 9) && (listtag = p_37353_.getList("power", 6)).size() == 3) {
                    ^
  required: String
  found:    String,int
  reason: actual and formal argument lists differ in length
G:\Proyectos\Mods_Minecraft\the_sundering\neoforge\26.2\src\main\java\com\skd\thesundering\entity\projectile\Cursed_Sandstorm_Entity.java:213: error: method getList in class CompoundTag cannot be applied to given types;
        if (p_37353_.contains("power", 9) && (listtag = p_37353_.getList("power", 6)).size() == 3) {
                                                                ^
  required: String
  found:    String,int
  reason: actual and formal argument lists differ in length
G:\Proyectos\Mods_Minecraft\the_sundering\neoforge\26.2\src\main\java\com\skd\thesundering\entity\projectile\Cursed_Sandstorm_Entity.java:214: error: incompatible types: Optional<Double> cannot be converted to double
            this.xPower = listtag.getDouble(0);
                                           ^
G:\Proyectos\Mods_Minecraft\the_sundering\neoforge\26.2\src\main\java\com\skd\thesundering\entity\projectile\Cursed_Sandstorm_Entity.java:215: error: incompatible types: Optional<Double> cannot be converted to double
            this.yPower = listtag.getDouble(1);
                                           ^
G:\Proyectos\Mods_Minecraft\the_sundering\neoforge\26.2\src\main\java\com\skd\thesundering\entity\projectile\Cursed_Sandstorm_Entity.java:216: error: incompatible types: Optional<Double> cannot be converted to double
            this.zPower = listtag.getDouble(2);
                                           ^
G:\Proyectos\Mods_Minecraft\the_sundering\neoforge\26.2\src\main\java\com\skd\thesundering\entity\projectile\Cursed_Sandstorm_Entity.java:218: error: incompatible types: Optional<Integer> cannot be converted to int
        this.timer = p_37353_.getInt("timer");
                                    ^
G:\Proyectos\Mods_Minecraft\the_sundering\neoforge\26.2\src\main\java\com\skd\thesundering\entity\projectile\Cursed_Sandstorm_Entity.java:219: error: incompatible types: Optional<Boolean> cannot be converted to boolean
        this.setTracking(p_37353_.getBoolean("fired"));
                                            ^
G:\Proyectos\Mods_Minecraft\the_sundering\neoforge\26.2\src\main\java\com\skd\thesundering\entity\projectile\Cursed_Sandstorm_Entity.java:220: error: incompatible types: Optional<Float> cannot be converted to float
        this.setDamage(p_37353_.getFloat("damage"));
                                        ^
G:\Proyectos\Mods_Minecraft\the_sundering\neoforge\26.2\src\main\java\com\skd\thesundering\entity\projectile\Cursed_Sandstorm_Entity.java:221: error: incompatible types: Optional<Integer> cannot be converted to int
        this.setState(p_37353_.getInt("state"));
                                     ^
G:\Proyectos\Mods_Minecraft\the_sundering\neoforge\26.2\src\main\java\com\skd\thesundering\entity\projectile\Cursed_Sandstorm_Entity.java:225: error: no suitable method found for set(EntityDataAccessor<Boolean>,Object)
        this.entityData.set(TRACKING, (Object)tracking);
                       ^
    method SynchedEntityData.<T#1>set(EntityDataAccessor<T#1>,T#1) is not applicable
      (inference variable T#1 has incompatible bounds
        equality constraints: Boolean
        lower bounds: Object)
    method SynchedEntityData.<T#2>set(EntityDataAccessor<T#2>,T#2,boolean) is not applicable
      (cannot infer type-variable(s) T#2
        (actual and formal argument lists differ in length))
  where T#1,T#2 are type-variables:
    T#1 extends Object declared in method <T#1>set(EntityDataAccessor<T#1>,T#1)
    T#2 extends Object declared in method <T#2>set(EntityDataAccessor<T#2>,T#2,boolean)
G:\Proyectos\Mods_Minecraft\the_sundering\neoforge\26.2\src\main\java\com\skd\thesundering\entity\projectile\Cursed_Sandstorm_Entity.java:240: error: cannot find symbol
            this.checkInsideBlocks();
                ^
  symbol: method checkInsideBlocks()
G:\Proyectos\Mods_Minecraft\the_sundering\neoforge\26.2\src\main\java\com\skd\thesundering\entity\projectile\Cursed_Sandstorm_Entity.java:314: error: incompatible types: void cannot be converted to boolean
                    flag = entity.hurt(damagesource, this.getDamage());
                                      ^
G:\Proyectos\Mods_Minecraft\the_sundering\neoforge\26.2\src\main\java\com\skd\thesundering\entity\projectile\Cursed_Sandstorm_Entity.java:319: error: incompatible types: void cannot be converted to boolean
                    flag = entity.hurt(this.damageSources().magic(), this.getDamage());
                                      ^
G:\Proyectos\Mods_Minecraft\the_sundering\neoforge\26.2\src\main\java\com\skd\thesundering\entity\projectile\Cursed_Sandstorm_Entity.java:367: error: cannot find symbol
        double d0 = p_150128_.getXa();
                             ^
  symbol:   method getXa()
  location: variable p_150128_ of type ClientboundAddEntityPacket
G:\Proyectos\Mods_Minecraft\the_sundering\neoforge\26.2\src\main\java\com\skd\thesundering\entity\projectile\Cursed_Sandstorm_Entity.java:368: error: cannot find symbol
        double d1 = p_150128_.getYa();
                             ^
  symbol:   method getYa()
  location: variable p_150128_ of type ClientboundAddEntityPacket
G:\Proyectos\Mods_Minecraft\the_sundering\neoforge\26.2\src\main\java\com\skd\thesundering\entity\projectile\Cursed_Sandstorm_Entity.java:369: error: cannot find symbol
        double d2 = p_150128_.getZa();
                             ^
  symbol:   method getZa()
  location: variable p_150128_ of type ClientboundAddEntityPacket
G:\Proyectos\Mods_Minecraft\the_sundering\neoforge\26.2\src\main\java\com\skd\thesundering\client\model\entity\Deepling_Angler_Model.java:25: error: type argument Deepling_Angler_Entity is not within bounds of type-variable T
extends AdvancedEntityModel<Deepling_Angler_Entity> {
                            ^
  where T is a type-variable:
    T extends Entity declared in class AdvancedEntityModel
G:\Proyectos\Mods_Minecraft\the_sundering\neoforge\26.2\src\main\java\com\skd\thesundering\client\model\entity\Deepling_Angler_Model.java:143: error: incompatible types: inference variable E has incompatible bounds
        return ImmutableList.of((Object)this.root, (Object)this.left_leg, (Object)this.right_leg, (Object)this.body, (Object)this.headwear, (Object)this.head, (Object)this.head2, (Object)this.r_fin, (Object)this.l_fin, (Object)this.right_arm, (Object)this.left_arm, (Object)this.thorns, (Object[])new AdvancedModelBox[]{this.thorns2, this.thorns3, this.thorns4});
                               ^
    equality constraints: AdvancedModelBox
    lower bounds: Object
  where E is a type-variable:
    E extends Object declared in method <E>of(E,E,E,E,E,E,E,E,E,E,E,E,E...)
G:\Proyectos\Mods_Minecraft\the_sundering\neoforge\26.2\src\main\java\com\skd\thesundering\client\model\entity\Deepling_Angler_Model.java:150: error: cannot find symbol
        if (entity.isLeftHanded()) {
                  ^
  symbol:   method isLeftHanded()
  location: variable entity of type Deepling_Angler_Entity
G:\Proyectos\Mods_Minecraft\the_sundering\neoforge\26.2\src\main\java\com\skd\thesundering\client\model\entity\Deepling_Angler_Model.java:195: error: cannot find symbol
        float swim = entity.getSwimAmount(partialTick);
                           ^
  symbol:   method getSwimAmount(float)
  location: variable entity of type Deepling_Angler_Entity
G:\Proyectos\Mods_Minecraft\the_sundering\neoforge\26.2\src\main\java\com\skd\thesundering\client\model\entity\Deepling_Angler_Model.java:220: error: cannot find symbol
        if (this.riding) {
                ^
  symbol: variable riding
G:\Proyectos\Mods_Minecraft\the_sundering\neoforge\26.2\src\main\java\com\skd\thesundering\entity\Deepling\AbstractDeepling.java:71: error: incompatible types: Class<AbstractDeepling> cannot be converted to Class<? extends SyncedDataHolder>
    private static final EntityDataAccessor<Integer> MOISTNESS = SynchedEntityData.defineId(AbstractDeepling.class, EntityDataSerializers.INT);
                                                                                                            ^
G:\Proyectos\Mods_Minecraft\the_sundering\neoforge\26.2\src\main\java\com\skd\thesundering\entity\Deepling\AbstractDeepling.java:72: error: incompatible types: Class<AbstractDeepling> cannot be converted to Class<? extends SyncedDataHolder>
    private static final EntityDataAccessor<Boolean> DEEPLINGSWIM = SynchedEntityData.defineId(AbstractDeepling.class, EntityDataSerializers.BOOLEAN);
                                                                                                               ^
G:\Proyectos\Mods_Minecraft\the_sundering\neoforge\26.2\src\main\java\com\skd\thesundering\entity\Deepling\AbstractDeepling.java:79: error: cannot find symbol
        super.registerGoals();
        ^
  symbol:   variable super
  location: class AbstractDeepling
G:\Proyectos\Mods_Minecraft\the_sundering\neoforge\26.2\src\main\java\com\skd\thesundering\entity\Deepling\AbstractDeepling.java:80: error: cannot find symbol
        this.goalSelector.addGoal(4, new MobAIFindWater(this, 1.0));
                                         ^
  symbol:   class MobAIFindWater
  location: class AbstractDeepling
G:\Proyectos\Mods_Minecraft\the_sundering\neoforge\26.2\src\main\java\com\skd\thesundering\entity\Deepling\AbstractDeepling.java:80: error: cannot find symbol
        this.goalSelector.addGoal(4, new MobAIFindWater(this, 1.0));
            ^
  symbol: variable goalSelector
G:\Proyectos\Mods_Minecraft\the_sundering\neoforge\26.2\src\main\java\com\skd\thesundering\entity\Deepling\AbstractDeepling.java:81: error: cannot find symbol
        this.goalSelector.addGoal(4, new MobAILeaveWater(this));
                                         ^
  symbol:   class MobAILeaveWater
  location: class AbstractDeepling
G:\Proyectos\Mods_Minecraft\the_sundering\neoforge\26.2\src\main\java\com\skd\thesundering\entity\Deepling\AbstractDeepling.java:81: error: cannot find symbol
        this.goalSelector.addGoal(4, new MobAILeaveWater(this));
            ^
  symbol: variable goalSelector
G:\Proyectos\Mods_Minecraft\the_sundering\neoforge\26.2\src\main\java\com\skd\thesundering\entity\Deepling\AbstractDeepling.java:82: error: incompatible types: AbstractDeepling cannot be converted to PathfinderMob
        this.goalSelector.addGoal(7, new RandomStrollGoal(this, 1.0));
                                                          ^
G:\Proyectos\Mods_Minecraft\the_sundering\neoforge\26.2\src\main\java\com\skd\thesundering\entity\Deepling\AbstractDeepling.java:82: error: cannot find symbol
        this.goalSelector.addGoal(7, new RandomStrollGoal(this, 1.0));
            ^
  symbol: variable goalSelector
G:\Proyectos\Mods_Minecraft\the_sundering\neoforge\26.2\src\main\java\com\skd\thesundering\entity\Deepling\AbstractDeepling.java:83: error: cannot find symbol
        this.goalSelector.addGoal(5, new RidingCoralssus(this));
            ^
  symbol: variable goalSelector
G:\Proyectos\Mods_Minecraft\the_sundering\neoforge\26.2\src\main\java\com\skd\thesundering\entity\Deepling\AbstractDeepling.java:84: error: cannot find symbol
        this.goalSelector.addGoal(3, new StopRiding(this));
            ^
  symbol: variable goalSelector
G:\Proyectos\Mods_Minecraft\the_sundering\neoforge\26.2\src\main\java\com\skd\thesundering\entity\Deepling\AbstractDeepling.java:85: error: incompatible types: AbstractDeepling cannot be converted to Mob
        this.goalSelector.addGoal(6, new LookAtPlayerGoal(this, Player.class, 8.0f));
                                                          ^
G:\Proyectos\Mods_Minecraft\the_sundering\neoforge\26.2\src\main\java\com\skd\thesundering\entity\Deepling\AbstractDeepling.java:85: error: cannot find symbol
        this.goalSelector.addGoal(6, new LookAtPlayerGoal(this, Player.class, 8.0f));
            ^
  symbol: variable goalSelector
G:\Proyectos\Mods_Minecraft\the_sundering\neoforge\26.2\src\main\java\com\skd\thesundering\entity\Deepling\AbstractDeepling.java:86: error: incompatible types: AbstractDeepling cannot be converted to Mob
        this.goalSelector.addGoal(6, new RandomLookAroundGoal(this));
                                                              ^
G:\Proyectos\Mods_Minecraft\the_sundering\neoforge\26.2\src\main\java\com\skd\thesundering\entity\Deepling\AbstractDeepling.java:86: error: cannot find symbol
        this.goalSelector.addGoal(6, new RandomLookAroundGoal(this));
            ^
  symbol: variable goalSelector
G:\Proyectos\Mods_Minecraft\the_sundering\neoforge\26.2\src\main\java\com\skd\thesundering\entity\Deepling\AbstractDeepling.java:87: error: incompatible types: AbstractDeepling cannot be converted to Mob
        this.targetSelector.addGoal(2, new NearestAttackableTargetGoal(this, Player.class, true));
                                                                       ^
G:\Proyectos\Mods_Minecraft\the_sundering\neoforge\26.2\src\main\java\com\skd\thesundering\entity\Deepling\AbstractDeepling.java:87: error: cannot find symbol
        this.targetSelector.addGoal(2, new NearestAttackableTargetGoal(this, Player.class, true));
            ^
  symbol: variable targetSelector
G:\Proyectos\Mods_Minecraft\the_sundering\neoforge\26.2\src\main\java\com\skd\thesundering\entity\Deepling\AbstractDeepling.java:90: error: method does not override or implement a method from a supertype
    @Override
    ^
G:\Proyectos\Mods_Minecraft\the_sundering\neoforge\26.2\src\main\java\com\skd\thesundering\entity\Deepling\AbstractDeepling.java:92: error: cannot find symbol
        super.defineSynchedData(p_326229_);
        ^
  symbol:   variable super
  location: class AbstractDeepling
G:\Proyectos\Mods_Minecraft\the_sundering\neoforge\26.2\src\main\java\com\skd\thesundering\entity\Deepling\AbstractDeepling.java:98: error: incomparable types: Entity and AbstractDeepling
        if (entityIn == this) {
                     ^
G:\Proyectos\Mods_Minecraft\the_sundering\neoforge\26.2\src\main\java\com\skd\thesundering\entity\Deepling\AbstractDeepling.java:101: error: cannot find symbol
        if (super.isAlliedTo(entityIn)) {
            ^
  symbol:   variable super
  location: class AbstractDeepling
G:\Proyectos\Mods_Minecraft\the_sundering\neoforge\26.2\src\main\java\com\skd\thesundering\entity\Deepling\AbstractDeepling.java:104: error: cannot find symbol
        if (entityIn != null && entityIn.getType().is(ModTag.TEAM_THE_LEVIATHAN)) {
                                                      ^
  symbol:   variable ModTag
  location: class AbstractDeepling
G:\Proyectos\Mods_Minecraft\the_sundering\neoforge\26.2\src\main\java\com\skd\thesundering\entity\Deepling\AbstractDeepling.java:105: error: cannot find symbol
            return this.getTeam() == null && entityIn.getTeam() == null;
                       ^
  symbol: method getTeam()
G:\Proyectos\Mods_Minecraft\the_sundering\neoforge\26.2\src\main\java\com\skd\thesundering\entity\Deepling\AbstractDeepling.java:110: error: method does not override or implement a method from a supertype
    @Override
    ^
G:\Proyectos\Mods_Minecraft\the_sundering\neoforge\26.2\src\main\java\com\skd\thesundering\entity\Deepling\AbstractDeepling.java:112: error: cannot find symbol
        super.tick();
        ^
  symbol:   variable super
  location: class AbstractDeepling
G:\Proyectos\Mods_Minecraft\the_sundering\neoforge\26.2\src\main\java\com\skd\thesundering\entity\Deepling\AbstractDeepling.java:113: error: cannot find symbol
        if (this.isInWater() && this.isLandNavigator) {
                ^
  symbol: method isInWater()
G:\Proyectos\Mods_Minecraft\the_sundering\neoforge\26.2\src\main\java\com\skd\thesundering\entity\Deepling\AbstractDeepling.java:116: error: cannot find symbol
        if (!this.isInWater() && !this.isLandNavigator) {
                 ^
  symbol: method isInWater()
G:\Proyectos\Mods_Minecraft\the_sundering\neoforge\26.2\src\main\java\com\skd\thesundering\entity\Deepling\AbstractDeepling.java:119: error: cannot find symbol
        if (this.isNoAi()) {
                ^
  symbol: method isNoAi()
G:\Proyectos\Mods_Minecraft\the_sundering\neoforge\26.2\src\main\java\com\skd\thesundering\entity\Deepling\AbstractDeepling.java:120: error: cannot find symbol
            this.setAirSupply(this.getMaxAirSupply());
                                  ^
  symbol: method getMaxAirSupply()
G:\Proyectos\Mods_Minecraft\the_sundering\neoforge\26.2\src\main\java\com\skd\thesundering\entity\Deepling\AbstractDeepling.java:121: error: cannot find symbol
        } else if (this.isInWaterOrRain()) {
                       ^
  symbol: method isInWaterOrRain()
G:\Proyectos\Mods_Minecraft\the_sundering\neoforge\26.2\src\main\java\com\skd\thesundering\entity\Deepling\AbstractDeepling.java:124: error: cannot find symbol
            int dry = this.level().isDay() ? 2 : 1;
                          ^
  symbol: method level()
G:\Proyectos\Mods_Minecraft\the_sundering\neoforge\26.2\src\main\java\com\skd\thesundering\entity\Deepling\AbstractDeepling.java:127: error: cannot find symbol
                this.hurt(this.damageSources().dryOut(), this.random.nextInt(2) == 0 ? 1.0f : 0.0f);
                              ^
  symbol: method damageSources()
G:\Proyectos\Mods_Minecraft\the_sundering\neoforge\26.2\src\main\java\com\skd\thesundering\entity\Deepling\AbstractDeepling.java:127: error: cannot find symbol
                this.hurt(this.damageSources().dryOut(), this.random.nextInt(2) == 0 ? 1.0f : 0.0f);
                                                             ^
  symbol: variable random
G:\Proyectos\Mods_Minecraft\the_sundering\neoforge\26.2\src\main\java\com\skd\thesundering\entity\Deepling\AbstractDeepling.java:131: error: cannot find symbol
        boolean flag1 = this.isInWater();
                            ^
  symbol: method isInWater()
G:\Proyectos\Mods_Minecraft\the_sundering\neoforge\26.2\src\main\java\com\skd\thesundering\entity\Deepling\AbstractDeepling.java:132: error: cannot find symbol
        if (this.level().isClientSide()) {
                ^
  symbol: method level()
G:\Proyectos\Mods_Minecraft\the_sundering\neoforge\26.2\src\main\java\com\skd\thesundering\entity\Deepling\AbstractDeepling.java:134: error: cannot find symbol
                if (this.level().noCollision(this, this.getSwimmingBox())) {
                        ^
  symbol: method level()
G:\Proyectos\Mods_Minecraft\the_sundering\neoforge\26.2\src\main\java\com\skd\thesundering\entity\Deepling\AbstractDeepling.java:138: error: cannot find symbol
                    this.refreshDimensions();
                        ^
  symbol: method refreshDimensions()
G:\Proyectos\Mods_Minecraft\the_sundering\neoforge\26.2\src\main\java\com\skd\thesundering\entity\Deepling\AbstractDeepling.java:140: error: cannot find symbol
            } else if (this.level().noCollision(this, this.getNormalBox())) {
                           ^
  symbol: method level()
G:\Proyectos\Mods_Minecraft\the_sundering\neoforge\26.2\src\main\java\com\skd\thesundering\entity\Deepling\AbstractDeepling.java:144: error: cannot find symbol
                this.refreshDimensions();
                    ^
  symbol: method refreshDimensions()
G:\Proyectos\Mods_Minecraft\the_sundering\neoforge\26.2\src\main\java\com\skd\thesundering\entity\Deepling\AbstractDeepling.java:147: error: cannot find symbol
        if (this.level().isClientSide()) {
                ^
  symbol: method level()
G:\Proyectos\Mods_Minecraft\the_sundering\neoforge\26.2\src\main\java\com\skd\thesundering\entity\Deepling\AbstractDeepling.java:156: error: incompatible types: AbstractDeepling cannot be converted to Entity
        return type.canSwim(this);
                            ^
G:\Proyectos\Mods_Minecraft\the_sundering\neoforge\26.2\src\main\java\com\skd\thesundering\entity\Deepling\AbstractDeepling.java:165: error: cannot find symbol
            this.navigation = new GroundPathNavigatorWide(this, this.level());
                ^
  symbol: variable navigation
G:\Proyectos\Mods_Minecraft\the_sundering\neoforge\26.2\src\main\java\com\skd\thesundering\entity\Deepling\AbstractDeepling.java:165: error: cannot find symbol
            this.navigation = new GroundPathNavigatorWide(this, this.level());
                                  ^
  symbol:   class GroundPathNavigatorWide
  location: class AbstractDeepling
G:\Proyectos\Mods_Minecraft\the_sundering\neoforge\26.2\src\main\java\com\skd\thesundering\entity\Deepling\AbstractDeepling.java:165: error: cannot find symbol
            this.navigation = new GroundPathNavigatorWide(this, this.level());
                                                                    ^
  symbol: method level()
G:\Proyectos\Mods_Minecraft\the_sundering\neoforge\26.2\src\main\java\com\skd\thesundering\entity\Deepling\AbstractDeepling.java:168: error: cannot find symbol
            this.navigation = new SemiAquaticPathNavigator(this, this.level());
                ^
  symbol: variable navigation
G:\Proyectos\Mods_Minecraft\the_sundering\neoforge\26.2\src\main\java\com\skd\thesundering\entity\Deepling\AbstractDeepling.java:168: error: cannot find symbol
            this.navigation = new SemiAquaticPathNavigator(this, this.level());
                                  ^
  symbol:   class SemiAquaticPathNavigator
  location: class AbstractDeepling
G:\Proyectos\Mods_Minecraft\the_sundering\neoforge\26.2\src\main\java\com\skd\thesundering\entity\Deepling\AbstractDeepling.java:168: error: cannot find symbol
            this.navigation = new SemiAquaticPathNavigator(this, this.level());
                                                                     ^
  symbol: method level()
G:\Proyectos\Mods_Minecraft\the_sundering\neoforge\26.2\src\main\java\com\skd\thesundering\entity\Deepling\AbstractDeepling.java:173: error: method does not override or implement a method from a supertype
    @Override
    ^
G:\Proyectos\Mods_Minecraft\the_sundering\neoforge\26.2\src\main\java\com\skd\thesundering\entity\Deepling\AbstractDeepling.java:178: error: cannot find symbol
        super.hurt(source, damage);
        ^
  symbol:   variable super
  location: class AbstractDeepling
G:\Proyectos\Mods_Minecraft\the_sundering\neoforge\26.2\src\main\java\com\skd\thesundering\entity\Deepling\AbstractDeepling.java:189: error: cannot find symbol
        return new AABB(this.getX() - (double)1.15f, this.getY(), this.getZ() - (double)1.15f, this.getX() + (double)1.15f, this.getY() + (double)0.6f, this.getZ() + (double)1.15f);
                            ^
  symbol: method getX()
G:\Proyectos\Mods_Minecraft\the_sundering\neoforge\26.2\src\main\java\com\skd\thesundering\entity\Deepling\AbstractDeepling.java:189: error: cannot find symbol
        return new AABB(this.getX() - (double)1.15f, this.getY(), this.getZ() - (double)1.15f, this.getX() + (double)1.15f, this.getY() + (double)0.6f, this.getZ() + (double)1.15f);
                                                                      ^
  symbol: method getZ()
G:\Proyectos\Mods_Minecraft\the_sundering\neoforge\26.2\src\main\java\com\skd\thesundering\entity\Deepling\AbstractDeepling.java:189: error: cannot find symbol
        return new AABB(this.getX() - (double)1.15f, this.getY(), this.getZ() - (double)1.15f, this.getX() + (double)1.15f, this.getY() + (double)0.6f, this.getZ() + (double)1.15f);
                                                                                                   ^
  symbol: method getX()
G:\Proyectos\Mods_Minecraft\the_sundering\neoforge\26.2\src\main\java\com\skd\thesundering\entity\Deepling\AbstractDeepling.java:189: error: cannot find symbol
        return new AABB(this.getX() - (double)1.15f, this.getY(), this.getZ() - (double)1.15f, this.getX() + (double)1.15f, this.getY() + (double)0.6f, this.getZ() + (double)1.15f);
                                                                                                                                ^
  symbol: method getY()
G:\Proyectos\Mods_Minecraft\the_sundering\neoforge\26.2\src\main\java\com\skd\thesundering\entity\Deepling\AbstractDeepling.java:189: error: cannot find symbol
        return new AABB(this.getX() - (double)1.15f, this.getY(), this.getZ() - (double)1.15f, this.getX() + (double)1.15f, this.getY() + (double)0.6f, this.getZ() + (double)1.15f);
                                                                                                                                                            ^
  symbol: method getZ()
G:\Proyectos\Mods_Minecraft\the_sundering\neoforge\26.2\src\main\java\com\skd\thesundering\entity\Deepling\AbstractDeepling.java:189: error: cannot find symbol
        return new AABB(this.getX() - (double)1.15f, this.getY(), this.getZ() - (double)1.15f, this.getX() + (double)1.15f, this.getY() + (double)0.6f, this.getZ() + (double)1.15f);
                                                         ^
  symbol: method getY()
G:\Proyectos\Mods_Minecraft\the_sundering\neoforge\26.2\src\main\java\com\skd\thesundering\entity\Deepling\AbstractDeepling.java:193: error: cannot find symbol
        return new AABB(this.getX() - (double)0.6f, this.getY(), this.getZ() - (double)0.6f, this.getX() + (double)0.6f, this.getY() + (double)2.3f, this.getZ() + (double)0.6f);
                            ^
  symbol: method getX()
G:\Proyectos\Mods_Minecraft\the_sundering\neoforge\26.2\src\main\java\com\skd\thesundering\entity\Deepling\AbstractDeepling.java:193: error: cannot find symbol
        return new AABB(this.getX() - (double)0.6f, this.getY(), this.getZ() - (double)0.6f, this.getX() + (double)0.6f, this.getY() + (double)2.3f, this.getZ() + (double)0.6f);
                                                                     ^
  symbol: method getZ()
G:\Proyectos\Mods_Minecraft\the_sundering\neoforge\26.2\src\main\java\com\skd\thesundering\entity\Deepling\AbstractDeepling.java:193: error: cannot find symbol
        return new AABB(this.getX() - (double)0.6f, this.getY(), this.getZ() - (double)0.6f, this.getX() + (double)0.6f, this.getY() + (double)2.3f, this.getZ() + (double)0.6f);
                                                                                                 ^
  symbol: method getX()
G:\Proyectos\Mods_Minecraft\the_sundering\neoforge\26.2\src\main\java\com\skd\thesundering\entity\Deepling\AbstractDeepling.java:193: error: cannot find symbol
        return new AABB(this.getX() - (double)0.6f, this.getY(), this.getZ() - (double)0.6f, this.getX() + (double)0.6f, this.getY() + (double)2.3f, this.getZ() + (double)0.6f);
                                                                                                                             ^
  symbol: method getY()
G:\Proyectos\Mods_Minecraft\the_sundering\neoforge\26.2\src\main\java\com\skd\thesundering\entity\Deepling\AbstractDeepling.java:193: error: cannot find symbol
        return new AABB(this.getX() - (double)0.6f, this.getY(), this.getZ() - (double)0.6f, this.getX() + (double)0.6f, this.getY() + (double)2.3f, this.getZ() + (double)0.6f);
                                                                                                                                                         ^
  symbol: method getZ()
G:\Proyectos\Mods_Minecraft\the_sundering\neoforge\26.2\src\main\java\com\skd\thesundering\entity\Deepling\AbstractDeepling.java:193: error: cannot find symbol
        return new AABB(this.getX() - (double)0.6f, this.getY(), this.getZ() - (double)0.6f, this.getX() + (double)0.6f, this.getY() + (double)2.3f, this.getZ() + (double)0.6f);
                                                        ^
  symbol: method getY()
G:\Proyectos\Mods_Minecraft\the_sundering\neoforge\26.2\src\main\java\com\skd\thesundering\entity\Deepling\AbstractDeepling.java:197: error: cannot find symbol
        return this.getType().getDimensions().scale(this.getScale());
                   ^
  symbol: method getType()
G:\Proyectos\Mods_Minecraft\the_sundering\neoforge\26.2\src\main\java\com\skd\thesundering\entity\Deepling\AbstractDeepling.java:197: error: cannot find symbol
        return this.getType().getDimensions().scale(this.getScale());
                                                        ^
  symbol: method getScale()
G:\Proyectos\Mods_Minecraft\the_sundering\neoforge\26.2\src\main\java\com\skd\thesundering\entity\Deepling\AbstractDeepling.java:201: error: cannot find symbol
        return this.getDeeplingSwim() ? this.getSwimmingSize() : this.getType().getDimensions().scale(this.getScale());
                                                                     ^
  symbol: method getType()
G:\Proyectos\Mods_Minecraft\the_sundering\neoforge\26.2\src\main\java\com\skd\thesundering\entity\Deepling\AbstractDeepling.java:201: error: cannot find symbol
        return this.getDeeplingSwim() ? this.getSwimmingSize() : this.getType().getDimensions().scale(this.getScale());
                                                                                                          ^
  symbol: method getScale()
G:\Proyectos\Mods_Minecraft\the_sundering\neoforge\26.2\src\main\java\com\skd\thesundering\entity\Deepling\AbstractDeepling.java:204: error: method does not override or implement a method from a supertype
    @Override
    ^
G:\Proyectos\Mods_Minecraft\the_sundering\neoforge\26.2\src\main\java\com\skd\thesundering\entity\Deepling\AbstractDeepling.java:206: error: cannot find symbol
        super.addAdditionalSaveData(output);
        ^
  symbol:   variable super
  location: class AbstractDeepling
G:\Proyectos\Mods_Minecraft\the_sundering\neoforge\26.2\src\main\java\com\skd\thesundering\entity\Deepling\AbstractDeepling.java:210: error: method does not override or implement a method from a supertype
    @Override
    ^
G:\Proyectos\Mods_Minecraft\the_sundering\neoforge\26.2\src\main\java\com\skd\thesundering\entity\Deepling\AbstractDeepling.java:212: error: cannot find symbol
        super.readAdditionalSaveData(input);
        ^
  symbol:   variable super
  location: class AbstractDeepling
G:\Proyectos\Mods_Minecraft\the_sundering\neoforge\26.2\src\main\java\com\skd\thesundering\entity\Deepling\AbstractDeepling.java:219: error: cannot find symbol
        return this.entityData.get(MOISTNESS);
                   ^
  symbol: variable entityData
G:\Proyectos\Mods_Minecraft\the_sundering\neoforge\26.2\src\main\java\com\skd\thesundering\entity\Deepling\AbstractDeepling.java:223: error: cannot find symbol
        this.entityData.set(MOISTNESS, p_211137_1_);
            ^
  symbol: variable entityData
G:\Proyectos\Mods_Minecraft\the_sundering\neoforge\26.2\src\main\java\com\skd\thesundering\entity\Deepling\AbstractDeepling.java:227: error: cannot find symbol
        return this.entityData.get(DEEPLINGSWIM);
                   ^
  symbol: variable entityData
G:\Proyectos\Mods_Minecraft\the_sundering\neoforge\26.2\src\main\java\com\skd\thesundering\entity\Deepling\AbstractDeepling.java:231: error: cannot find symbol
        this.entityData.set(DEEPLINGSWIM, swim);
            ^
  symbol: variable entityData
G:\Proyectos\Mods_Minecraft\the_sundering\neoforge\26.2\src\main\java\com\skd\thesundering\entity\Deepling\AbstractDeepling.java:235: error: cannot find symbol
        return !this.isSwimming();
                    ^
  symbol: method isSwimming()
G:\Proyectos\Mods_Minecraft\the_sundering\neoforge\26.2\src\main\java\com\skd\thesundering\entity\Deepling\AbstractDeepling.java:238: error: method does not override or implement a method from a supertype
    @Override
    ^
G:\Proyectos\Mods_Minecraft\the_sundering\neoforge\26.2\src\main\java\com\skd\thesundering\entity\Deepling\AbstractDeepling.java:243: error: method does not override or implement a method from a supertype
    @Override
    ^
G:\Proyectos\Mods_Minecraft\the_sundering\neoforge\26.2\src\main\java\com\skd\thesundering\entity\Deepling\AbstractDeepling.java:245: error: cannot find symbol
        return this.getTarget() != null && !this.getTarget().isInWater();
                   ^
  symbol: method getTarget()
G:\Proyectos\Mods_Minecraft\the_sundering\neoforge\26.2\src\main\java\com\skd\thesundering\entity\Deepling\AbstractDeepling.java:245: error: cannot find symbol
        return this.getTarget() != null && !this.getTarget().isInWater();
                                                ^
  symbol: method getTarget()
G:\Proyectos\Mods_Minecraft\the_sundering\neoforge\26.2\src\main\java\com\skd\thesundering\entity\Deepling\AbstractDeepling.java:248: error: method does not override or implement a method from a supertype
    @Override
    ^
G:\Proyectos\Mods_Minecraft\the_sundering\neoforge\26.2\src\main\java\com\skd\thesundering\entity\Deepling\AbstractDeepling.java:253: error: method does not override or implement a method from a supertype
    @Override
    ^
G:\Proyectos\Mods_Minecraft\the_sundering\neoforge\26.2\src\main\java\com\skd\thesundering\entity\Deepling\AbstractDeepling.java:258: error: method does not override or implement a method from a supertype
    @Override
    ^
G:\Proyectos\Mods_Minecraft\the_sundering\neoforge\26.2\src\main\java\com\skd\thesundering\entity\Deepling\AbstractDeepling.java:260: error: cannot find symbol
        AABB aabb = this.getBoundingBox();
                        ^
  symbol: method getBoundingBox()
G:\Proyectos\Mods_Minecraft\the_sundering\neoforge\26.2\src\main\java\com\skd\thesundering\entity\Deepling\AbstractDeepling.java:273: error: cannot find symbol
            Coralssus_Entity sus = this.getClosestCoralssus_Entity();
            ^
  symbol:   class Coralssus_Entity
  location: class RidingCoralssus
G:\Proyectos\Mods_Minecraft\the_sundering\neoforge\26.2\src\main\java\com\skd\thesundering\entity\Deepling\AbstractDeepling.java:274: error: cannot find symbol
            return !this.drowned.isPassenger() && sus != null && this.drowned.getMoistness() > 300 && sus.isAlive() && !sus.isVehicle();
                                ^
  symbol:   method isPassenger()
  location: variable drowned of type AbstractDeepling
G:\Proyectos\Mods_Minecraft\the_sundering\neoforge\26.2\src\main\java\com\skd\thesundering\entity\Deepling\AbstractDeepling.java:278: error: cannot find symbol
            Coralssus_Entity sus = this.getClosestCoralssus_Entity();
            ^
  symbol:   class Coralssus_Entity
  location: class RidingCoralssus
G:\Proyectos\Mods_Minecraft\the_sundering\neoforge\26.2\src\main\java\com\skd\thesundering\entity\Deepling\AbstractDeepling.java:280: error: cannot find symbol
                this.drowned.getNavigation().moveTo(sus, 1.0);
                            ^
  symbol:   method getNavigation()
  location: variable drowned of type AbstractDeepling
G:\Proyectos\Mods_Minecraft\the_sundering\neoforge\26.2\src\main\java\com\skd\thesundering\entity\Deepling\AbstractDeepling.java:285: error: cannot find symbol
            Coralssus_Entity sus = this.getClosestCoralssus_Entity();
            ^
  symbol:   class Coralssus_Entity
  location: class RidingCoralssus
G:\Proyectos\Mods_Minecraft\the_sundering\neoforge\26.2\src\main\java\com\skd\thesundering\entity\Deepling\AbstractDeepling.java:287: error: cannot find symbol
                this.drowned.getNavigation().moveTo(sus, 1.0);
                            ^
  symbol:   method getNavigation()
  location: variable drowned of type AbstractDeepling
G:\Proyectos\Mods_Minecraft\the_sundering\neoforge\26.2\src\main\java\com\skd\thesundering\entity\Deepling\AbstractDeepling.java:295: error: cannot find symbol
            this.drowned.getNavigation().stop();
                        ^
  symbol:   method getNavigation()
  location: variable drowned of type AbstractDeepling
G:\Proyectos\Mods_Minecraft\the_sundering\neoforge\26.2\src\main\java\com\skd\thesundering\entity\Deepling\AbstractDeepling.java:299: error: cannot find symbol
            List<Coralssus_Entity> list = this.drowned.level().getEntitiesOfClass(Coralssus_Entity.class, this.drowned.getBoundingBox().inflate(15.0, 15.0, 15.0));
            ^
  symbol:   class List
  location: class RidingCoralssus
G:\Proyectos\Mods_Minecraft\the_sundering\neoforge\26.2\src\main\java\com\skd\thesundering\entity\Deepling\AbstractDeepling.java:299: error: cannot find symbol
            List<Coralssus_Entity> list = this.drowned.level().getEntitiesOfClass(Coralssus_Entity.class, this.drowned.getBoundingBox().inflate(15.0, 15.0, 15.0));
                 ^
  symbol:   class Coralssus_Entity
  location: class RidingCoralssus
G:\Proyectos\Mods_Minecraft\the_sundering\neoforge\26.2\src\main\java\com\skd\thesundering\entity\Deepling\AbstractDeepling.java:299: error: cannot find symbol
            List<Coralssus_Entity> list = this.drowned.level().getEntitiesOfClass(Coralssus_Entity.class, this.drowned.getBoundingBox().inflate(15.0, 15.0, 15.0));
                                                                                  ^
  symbol:   class Coralssus_Entity
  location: class RidingCoralssus
G:\Proyectos\Mods_Minecraft\the_sundering\neoforge\26.2\src\main\java\com\skd\thesundering\entity\Deepling\AbstractDeepling.java:299: error: cannot find symbol
            List<Coralssus_Entity> list = this.drowned.level().getEntitiesOfClass(Coralssus_Entity.class, this.drowned.getBoundingBox().inflate(15.0, 15.0, 15.0));
                                                      ^
  symbol:   method level()
  location: variable drowned of type AbstractDeepling
G:\Proyectos\Mods_Minecraft\the_sundering\neoforge\26.2\src\main\java\com\skd\thesundering\entity\Deepling\AbstractDeepling.java:299: error: cannot find symbol
            List<Coralssus_Entity> list = this.drowned.level().getEntitiesOfClass(Coralssus_Entity.class, this.drowned.getBoundingBox().inflate(15.0, 15.0, 15.0));
                                                                                                                      ^
  symbol:   method getBoundingBox()
  location: variable drowned of type AbstractDeepling
G:\Proyectos\Mods_Minecraft\the_sundering\neoforge\26.2\src\main\java\com\skd\thesundering\entity\Deepling\AbstractDeepling.java:300: error: cannot find symbol
            Coralssus_Entity closest = null;
            ^
  symbol:   class Coralssus_Entity
  location: class RidingCoralssus
G:\Proyectos\Mods_Minecraft\the_sundering\neoforge\26.2\src\main\java\com\skd\thesundering\entity\Deepling\AbstractDeepling.java:302: error: cannot find symbol
                for (Coralssus_Entity entity : list) {
                     ^
  symbol:   class Coralssus_Entity
  location: class RidingCoralssus
G:\Proyectos\Mods_Minecraft\the_sundering\neoforge\26.2\src\main\java\com\skd\thesundering\entity\Deepling\AbstractDeepling.java:320: error: cannot find symbol
            return this.drowned.getMoistness() < 300 && this.drowned.isPassenger();
                                                                    ^
  symbol:   method isPassenger()
  location: variable drowned of type AbstractDeepling
G:\Proyectos\Mods_Minecraft\the_sundering\neoforge\26.2\src\main\java\com\skd\thesundering\entity\Deepling\AbstractDeepling.java:324: error: cannot find symbol
            this.drowned.stopRiding();
                        ^
  symbol:   method stopRiding()
  location: variable drowned of type AbstractDeepling
G:\Proyectos\Mods_Minecraft\the_sundering\neoforge\26.2\src\main\java\com\skd\thesundering\entity\Deepling\Deepling_Angler_Entity.java:122: error: cannot find symbol
        this.moveControl = new DeeplingMoveControl(this, 2.0f);
            ^
  symbol: variable moveControl
G:\Proyectos\Mods_Minecraft\the_sundering\neoforge\26.2\src\main\java\com\skd\thesundering\entity\Deepling\Deepling_Angler_Entity.java:124: error: cannot find symbol
        this.xpReward = 8;
            ^
  symbol: variable xpReward
G:\Proyectos\Mods_Minecraft\the_sundering\neoforge\26.2\src\main\java\com\skd\thesundering\entity\Deepling\Deepling_Angler_Entity.java:130: error: cannot find symbol
        this.goalSelector.addGoal(5, new DeeplingGoToBeachGoal(this, 1.0));
            ^
  symbol: variable goalSelector
G:\Proyectos\Mods_Minecraft\the_sundering\neoforge\26.2\src\main\java\com\skd\thesundering\entity\Deepling\Deepling_Angler_Entity.java:131: error: cannot find symbol
        this.goalSelector.addGoal(6, new DeeplingSwimUpGoal(this, 1.0, this.level().getSeaLevel()));
                                                                           ^
  symbol: method level()
G:\Proyectos\Mods_Minecraft\the_sundering\neoforge\26.2\src\main\java\com\skd\thesundering\entity\Deepling\Deepling_Angler_Entity.java:131: error: cannot find symbol
        this.goalSelector.addGoal(6, new DeeplingSwimUpGoal(this, 1.0, this.level().getSeaLevel()));
            ^
  symbol: variable goalSelector
G:\Proyectos\Mods_Minecraft\the_sundering\neoforge\26.2\src\main\java\com\skd\thesundering\entity\Deepling\Deepling_Angler_Entity.java:132: error: cannot find symbol
        this.targetSelector.addGoal(1, new HurtByTargetGoal(this, new Class[0]).setAlertOthers(new Class[0]));
            ^
  symbol: variable targetSelector
G:\Proyectos\Mods_Minecraft\the_sundering\neoforge\26.2\src\main\java\com\skd\thesundering\entity\Deepling\Deepling_Angler_Entity.java:132: error: incompatible types: Deepling_Angler_Entity cannot be converted to PathfinderMob
        this.targetSelector.addGoal(1, new HurtByTargetGoal(this, new Class[0]).setAlertOthers(new Class[0]));
                                                            ^
G:\Proyectos\Mods_Minecraft\the_sundering\neoforge\26.2\src\main\java\com\skd\thesundering\entity\Deepling\Deepling_Angler_Entity.java:133: error: cannot find symbol
        this.goalSelector.addGoal(3, new AnimationMeleeAttackGoal(this, 1.0, false));
            ^
  symbol: variable goalSelector
G:\Proyectos\Mods_Minecraft\the_sundering\neoforge\26.2\src\main\java\com\skd\thesundering\entity\Deepling\Deepling_Angler_Entity.java:146: error: incompatible types: Deepling_Angler_Entity cannot be converted to Mob
        return new WaterBoundPathNavigation(this, worldIn);
                                            ^
G:\Proyectos\Mods_Minecraft\the_sundering\neoforge\26.2\src\main\java\com\skd\thesundering\entity\Deepling\Deepling_Angler_Entity.java:160: error: cannot find symbol
        this.setItemSlot(EquipmentSlot.MAINHAND, new ItemStack((ItemLike)Items.FISHING_ROD));
            ^
  symbol: method setItemSlot(EquipmentSlot,ItemStack)
G:\Proyectos\Mods_Minecraft\the_sundering\neoforge\26.2\src\main\java\com\skd\thesundering\entity\Deepling\Deepling_Angler_Entity.java:176: error: cannot find symbol
        this.playSound((SoundEvent)ModSounds.DEEPLING_IDLE.get(), 0.15f, 0.6f);
            ^
  symbol: method playSound(SoundEvent,float,float)
G:\Proyectos\Mods_Minecraft\the_sundering\neoforge\26.2\src\main\java\com\skd\thesundering\entity\Deepling\Deepling_Angler_Entity.java:180: error: cannot find symbol
        return ModEntities.rollSpawn(CMCommonConfig.Spawning.DeeplingAnglerSpawnRolls, this.getRandom(), spawnReasonIn);
                                                                                           ^
  symbol: method getRandom()
G:\Proyectos\Mods_Minecraft\the_sundering\neoforge\26.2\src\main\java\com\skd\thesundering\entity\Deepling\Deepling_Angler_Entity.java:188: error: cannot find symbol
        Lionfish_Entity drowned = (Lionfish_Entity)ModEntities.LIONFISH.get().create(this.level());
                                                                                         ^
  symbol: method level()
G:\Proyectos\Mods_Minecraft\the_sundering\neoforge\26.2\src\main\java\com\skd\thesundering\entity\Deepling\Deepling_Angler_Entity.java:190: error: incompatible types: Deepling_Angler_Entity cannot be converted to Entity
        drowned.copyPosition((Entity)this);
                                     ^
G:\Proyectos\Mods_Minecraft\the_sundering\neoforge\26.2\src\main\java\com\skd\thesundering\entity\Deepling\Deepling_Angler_Entity.java:191: error: incompatible types: Deepling_Angler_Entity cannot be converted to Entity
        drowned.setLeashedTo((Entity)this, true);
                                     ^
G:\Proyectos\Mods_Minecraft\the_sundering\neoforge\26.2\src\main\java\com\skd\thesundering\entity\Deepling\Deepling_Angler_Entity.java:197: error: incompatible types: Deepling_Angler_Entity cannot be converted to Entity
        return p_32829_.isUnobstructed((Entity)this);
                                               ^
G:\Proyectos\Mods_Minecraft\the_sundering\neoforge\26.2\src\main\java\com\skd\thesundering\entity\Deepling\Deepling_Angler_Entity.java:200: error: type argument ? extends Deepling_Angler_Entity is not within bounds of type-variable T
    public static boolean candeeplingSpawn(EntityType<? extends Deepling_Angler_Entity> guardian, LevelAccessor level, MobSpawnType spawnType, BlockPos pos, RandomSource random) {
                                                      ^
  where T is a type-variable:
    T extends Entity declared in class EntityType
G:\Proyectos\Mods_Minecraft\the_sundering\neoforge\26.2\src\main\java\com\skd\thesundering\entity\Deepling\Deepling_Angler_Entity.java:201: error: cannot find symbol
        return level.getDifficulty() != Difficulty.PEACEFUL && (MobSpawnType.isSpawner((MobSpawnType)spawnType) || level.getFluidState(pos).is(FluidTags.WATER));
                                                                                        ^
  symbol:   class MobSpawnType
  location: class Deepling_Angler_Entity
G:\Proyectos\Mods_Minecraft\the_sundering\neoforge\26.2\src\main\java\com\skd\thesundering\entity\Deepling\Deepling_Angler_Entity.java:201: error: cannot find symbol
        return level.getDifficulty() != Difficulty.PEACEFUL && (MobSpawnType.isSpawner((MobSpawnType)spawnType) || level.getFluidState(pos).is(FluidTags.WATER));
                                                                ^
  symbol:   variable MobSpawnType
  location: class Deepling_Angler_Entity
G:\Proyectos\Mods_Minecraft\the_sundering\neoforge\26.2\src\main\java\com\skd\thesundering\entity\Deepling\Deepling_Angler_Entity.java:204: error: method does not override or implement a method from a supertype
    @Override
    ^
G:\Proyectos\Mods_Minecraft\the_sundering\neoforge\26.2\src\main\java\com\skd\thesundering\entity\Deepling\Deepling_Angler_Entity.java:206: error: cannot find symbol
        return new Animation[]{NO_ANIMATION, DEEPLING_MELEE, DEEPLING_HUG};
                               ^
  symbol:   variable NO_ANIMATION
  location: class Deepling_Angler_Entity
G:\Proyectos\Mods_Minecraft\the_sundering\neoforge\26.2\src\main\java\com\skd\thesundering\entity\Deepling\Deepling_Angler_Entity.java:212: error: cannot find symbol
        LivingEntity target = this.getTarget();
                                  ^
  symbol: method getTarget()
G:\Proyectos\Mods_Minecraft\the_sundering\neoforge\26.2\src\main\java\com\skd\thesundering\entity\Deepling\Deepling_Angler_Entity.java:216: error: cannot find symbol
        if (this.isAlive()) {
                ^
  symbol: method isAlive()
G:\Proyectos\Mods_Minecraft\the_sundering\neoforge\26.2\src\main\java\com\skd\thesundering\entity\Deepling\Deepling_Angler_Entity.java:218: error: cannot find symbol
            if (this.getAnimation() == DEEPLING_MELEE && this.getAnimationTick() == 5) {
                    ^
  symbol: method getAnimation()
G:\Proyectos\Mods_Minecraft\the_sundering\neoforge\26.2\src\main\java\com\skd\thesundering\entity\Deepling\Deepling_Angler_Entity.java:218: error: cannot find symbol
            if (this.getAnimation() == DEEPLING_MELEE && this.getAnimationTick() == 5) {
                                                             ^
  symbol: method getAnimationTick()
G:\Proyectos\Mods_Minecraft\the_sundering\neoforge\26.2\src\main\java\com\skd\thesundering\entity\Deepling\Deepling_Angler_Entity.java:219: error: cannot find symbol
                this.playSound((SoundEvent)ModSounds.DEEPLING_SWING.get(), 1.0f, 1.0f / (this.getRandom().nextFloat() * 0.4f + 0.8f));
                                                                                             ^
  symbol: method getRandom()
G:\Proyectos\Mods_Minecraft\the_sundering\neoforge\26.2\src\main\java\com\skd\thesundering\entity\Deepling\Deepling_Angler_Entity.java:220: error: cannot find symbol
                if (target != null && this.distanceTo(target) < 3.0f) {
                                          ^
  symbol: method distanceTo(LivingEntity)
G:\Proyectos\Mods_Minecraft\the_sundering\neoforge\26.2\src\main\java\com\skd\thesundering\entity\Deepling\Deepling_Angler_Entity.java:221: error: cannot find symbol
                    damage = (float)this.getAttributeValue(Attributes.ATTACK_DAMAGE);
                                        ^
  symbol: method getAttributeValue(Holder<Attribute>)
G:\Proyectos\Mods_Minecraft\the_sundering\neoforge\26.2\src\main\java\com\skd\thesundering\entity\Deepling\Deepling_Angler_Entity.java:222: error: incompatible types: Deepling_Angler_Entity cannot be converted to LivingEntity
                    target.hurt(this.damageSources().mobAttack((LivingEntity)this), damage);
                                                                             ^
G:\Proyectos\Mods_Minecraft\the_sundering\neoforge\26.2\src\main\java\com\skd\thesundering\entity\Deepling\Deepling_Angler_Entity.java:222: error: cannot find symbol
                    target.hurt(this.damageSources().mobAttack((LivingEntity)this), damage);
                                    ^
  symbol: method damageSources()
G:\Proyectos\Mods_Minecraft\the_sundering\neoforge\26.2\src\main\java\com\skd\thesundering\entity\Deepling\Deepling_Angler_Entity.java:225: error: cannot find symbol
            if (this.getAnimation() == DEEPLING_HUG && this.getAnimationTick() == 9) {
                    ^
  symbol: method getAnimation()
G:\Proyectos\Mods_Minecraft\the_sundering\neoforge\26.2\src\main\java\com\skd\thesundering\entity\Deepling\Deepling_Angler_Entity.java:225: error: cannot find symbol
            if (this.getAnimation() == DEEPLING_HUG && this.getAnimationTick() == 9) {
                                                           ^
  symbol: method getAnimationTick()
G:\Proyectos\Mods_Minecraft\the_sundering\neoforge\26.2\src\main\java\com\skd\thesundering\entity\Deepling\Deepling_Angler_Entity.java:226: error: cannot find symbol
                this.playSound((SoundEvent)ModSounds.DEEPLING_SWING.get(), 1.0f, 1.0f / (this.getRandom().nextFloat() * 0.4f + 0.8f));
                                                                                             ^
  symbol: method getRandom()
G:\Proyectos\Mods_Minecraft\the_sundering\neoforge\26.2\src\main\java\com\skd\thesundering\entity\Deepling\Deepling_Angler_Entity.java:227: error: cannot find symbol
                if (target != null && this.distanceTo(target) < 3.0f) {
                                          ^
  symbol: method distanceTo(LivingEntity)
G:\Proyectos\Mods_Minecraft\the_sundering\neoforge\26.2\src\main\java\com\skd\thesundering\entity\Deepling\Deepling_Angler_Entity.java:228: error: cannot find symbol
                    damage = (float)this.getAttributeValue(Attributes.ATTACK_DAMAGE);
                                        ^
  symbol: method getAttributeValue(Holder<Attribute>)
G:\Proyectos\Mods_Minecraft\the_sundering\neoforge\26.2\src\main\java\com\skd\thesundering\entity\Deepling\Deepling_Angler_Entity.java:229: error: incompatible types: Deepling_Angler_Entity cannot be converted to LivingEntity
                    boolean flag = target.hurt(this.damageSources().mobAttack((LivingEntity)this), damage);
                                                                                            ^
G:\Proyectos\Mods_Minecraft\the_sundering\neoforge\26.2\src\main\java\com\skd\thesundering\entity\Deepling\Deepling_Angler_Entity.java:229: error: cannot find symbol
                    boolean flag = target.hurt(this.damageSources().mobAttack((LivingEntity)this), damage);
                                                   ^
  symbol: method damageSources()
G:\Proyectos\Mods_Minecraft\the_sundering\neoforge\26.2\src\main\java\com\skd\thesundering\entity\Deepling\Deepling_Angler_Entity.java:231: error: incompatible types: Deepling_Angler_Entity cannot be converted to Entity
                        target.addEffect(new MobEffectInstance(MobEffects.POISON, 60, 1), (Entity)this);
                                                                                                  ^
G:\Proyectos\Mods_Minecraft\the_sundering\neoforge\26.2\src\main\java\com\skd\thesundering\entity\Deepling\Deepling_Angler_Entity.java:242: error: cannot find symbol
        LivingEntity livingentity = this.getTarget();
                                        ^
  symbol: method getTarget()
G:\Proyectos\Mods_Minecraft\the_sundering\neoforge\26.2\src\main\java\com\skd\thesundering\entity\Deepling\Deepling_Angler_Entity.java:253: error: cannot find symbol
        return new AABB(this.getX() - (double)1.225f, this.getY(), this.getZ() - (double)1.225f, this.getX() + (double)1.225f, this.getY() + (double)0.65f, this.getZ() + (double)1.225f);
                            ^
  symbol: method getX()
G:\Proyectos\Mods_Minecraft\the_sundering\neoforge\26.2\src\main\java\com\skd\thesundering\entity\Deepling\Deepling_Angler_Entity.java:253: error: cannot find symbol
        return new AABB(this.getX() - (double)1.225f, this.getY(), this.getZ() - (double)1.225f, this.getX() + (double)1.225f, this.getY() + (double)0.65f, this.getZ() + (double)1.225f);
                                                                       ^
  symbol: method getZ()
G:\Proyectos\Mods_Minecraft\the_sundering\neoforge\26.2\src\main\java\com\skd\thesundering\entity\Deepling\Deepling_Angler_Entity.java:253: error: cannot find symbol
        return new AABB(this.getX() - (double)1.225f, this.getY(), this.getZ() - (double)1.225f, this.getX() + (double)1.225f, this.getY() + (double)0.65f, this.getZ() + (double)1.225f);
                                                                                                     ^
  symbol: method getX()
G:\Proyectos\Mods_Minecraft\the_sundering\neoforge\26.2\src\main\java\com\skd\thesundering\entity\Deepling\Deepling_Angler_Entity.java:253: error: cannot find symbol
        return new AABB(this.getX() - (double)1.225f, this.getY(), this.getZ() - (double)1.225f, this.getX() + (double)1.225f, this.getY() + (double)0.65f, this.getZ() + (double)1.225f);
                                                                                                                                   ^
  symbol: method getY()
G:\Proyectos\Mods_Minecraft\the_sundering\neoforge\26.2\src\main\java\com\skd\thesundering\entity\Deepling\Deepling_Angler_Entity.java:253: error: cannot find symbol
        return new AABB(this.getX() - (double)1.225f, this.getY(), this.getZ() - (double)1.225f, this.getX() + (double)1.225f, this.getY() + (double)0.65f, this.getZ() + (double)1.225f);
                                                                                                                                                                ^
  symbol: method getZ()
G:\Proyectos\Mods_Minecraft\the_sundering\neoforge\26.2\src\main\java\com\skd\thesundering\entity\Deepling\Deepling_Angler_Entity.java:253: error: cannot find symbol
        return new AABB(this.getX() - (double)1.225f, this.getY(), this.getZ() - (double)1.225f, this.getX() + (double)1.225f, this.getY() + (double)0.65f, this.getZ() + (double)1.225f);
                                                          ^
  symbol: method getY()
G:\Proyectos\Mods_Minecraft\the_sundering\neoforge\26.2\src\main\java\com\skd\thesundering\entity\Deepling\Deepling_Angler_Entity.java:258: error: cannot find symbol
        return new AABB(this.getX() - (double)0.65f, this.getY(), this.getZ() - (double)0.65f, this.getX() + (double)0.65f, this.getY() + (double)2.45f, this.getZ() + (double)0.65f);
                            ^
  symbol: method getX()
G:\Proyectos\Mods_Minecraft\the_sundering\neoforge\26.2\src\main\java\com\skd\thesundering\entity\Deepling\Deepling_Angler_Entity.java:258: error: cannot find symbol
        return new AABB(this.getX() - (double)0.65f, this.getY(), this.getZ() - (double)0.65f, this.getX() + (double)0.65f, this.getY() + (double)2.45f, this.getZ() + (double)0.65f);
                                                                      ^
  symbol: method getZ()
G:\Proyectos\Mods_Minecraft\the_sundering\neoforge\26.2\src\main\java\com\skd\thesundering\entity\Deepling\Deepling_Angler_Entity.java:258: error: cannot find symbol
        return new AABB(this.getX() - (double)0.65f, this.getY(), this.getZ() - (double)0.65f, this.getX() + (double)0.65f, this.getY() + (double)2.45f, this.getZ() + (double)0.65f);
                                                                                                   ^
  symbol: method getX()
G:\Proyectos\Mods_Minecraft\the_sundering\neoforge\26.2\src\main\java\com\skd\thesundering\entity\Deepling\Deepling_Angler_Entity.java:258: error: cannot find symbol
        return new AABB(this.getX() - (double)0.65f, this.getY(), this.getZ() - (double)0.65f, this.getX() + (double)0.65f, this.getY() + (double)2.45f, this.getZ() + (double)0.65f);
                                                                                                                                ^
  symbol: method getY()
G:\Proyectos\Mods_Minecraft\the_sundering\neoforge\26.2\src\main\java\com\skd\thesundering\entity\Deepling\Deepling_Angler_Entity.java:258: error: cannot find symbol
        return new AABB(this.getX() - (double)0.65f, this.getY(), this.getZ() - (double)0.65f, this.getX() + (double)0.65f, this.getY() + (double)2.45f, this.getZ() + (double)0.65f);
                                                                                                                                                             ^
  symbol: method getZ()
G:\Proyectos\Mods_Minecraft\the_sundering\neoforge\26.2\src\main\java\com\skd\thesundering\entity\Deepling\Deepling_Angler_Entity.java:258: error: cannot find symbol
        return new AABB(this.getX() - (double)0.65f, this.getY(), this.getZ() - (double)0.65f, this.getX() + (double)0.65f, this.getY() + (double)2.45f, this.getZ() + (double)0.65f);
                                                         ^
  symbol: method getY()
G:\Proyectos\Mods_Minecraft\the_sundering\neoforge\26.2\src\main\java\com\skd\thesundering\entity\Deepling\Deepling_Angler_Entity.java:262: error: cannot find symbol
        if (this.isEffectiveAi() && this.isInWater() && this.wantsToSwim()) {
                ^
  symbol: method isEffectiveAi()
G:\Proyectos\Mods_Minecraft\the_sundering\neoforge\26.2\src\main\java\com\skd\thesundering\entity\Deepling\Deepling_Angler_Entity.java:262: error: cannot find symbol
        if (this.isEffectiveAi() && this.isInWater() && this.wantsToSwim()) {
                                        ^
  symbol: method isInWater()
G:\Proyectos\Mods_Minecraft\the_sundering\neoforge\26.2\src\main\java\com\skd\thesundering\entity\Deepling\Deepling_Angler_Entity.java:263: error: cannot find symbol
            this.moveRelative(0.01f, p_32394_);
                ^
  symbol: method moveRelative(float,Vec3)
G:\Proyectos\Mods_Minecraft\the_sundering\neoforge\26.2\src\main\java\com\skd\thesundering\entity\Deepling\Deepling_Angler_Entity.java:264: error: cannot find symbol
            this.move(MoverType.SELF, this.getDeltaMovement());
                                          ^
  symbol: method getDeltaMovement()
G:\Proyectos\Mods_Minecraft\the_sundering\neoforge\26.2\src\main\java\com\skd\thesundering\entity\Deepling\Deepling_Angler_Entity.java:265: error: cannot find symbol
            this.setDeltaMovement(this.getDeltaMovement().scale(0.9));
                                      ^
  symbol: method getDeltaMovement()
G:\Proyectos\Mods_Minecraft\the_sundering\neoforge\26.2\src\main\java\com\skd\thesundering\entity\Deepling\Deepling_Angler_Entity.java:267: error: cannot find symbol
            super.travel(p_32394_);
                 ^
  symbol: method travel(Vec3)
G:\Proyectos\Mods_Minecraft\the_sundering\neoforge\26.2\src\main\java\com\skd\thesundering\entity\Deepling\Deepling_Angler_Entity.java:280: error: cannot find symbol
        Path path = this.getNavigation().getPath();
                        ^
  symbol: method getNavigation()
G:\Proyectos\Mods_Minecraft\the_sundering\neoforge\26.2\src\main\java\com\skd\thesundering\entity\Deepling\Deepling_Angler_Entity.java:281: error: cannot find symbol
        return path != null && (blockpos = path.getTarget()) != null && (d0 = this.distanceToSqr(blockpos.getX(), blockpos.getY(), blockpos.getZ())) < 4.0;
                                                                                  ^
  symbol: method distanceToSqr(int,int,int)
G:\Proyectos\Mods_Minecraft\the_sundering\neoforge\26.2\src\main\java\com\skd\thesundering\entity\Deepling\Deepling_Angler_Entity.java:294: error: incompatible types: Deepling_Angler_Entity cannot be converted to Mob
            super(p_32433_);
                  ^
G:\Proyectos\Mods_Minecraft\the_sundering\neoforge\26.2\src\main\java\com\skd\thesundering\entity\Deepling\Deepling_Angler_Entity.java:300: error: cannot find symbol
            LivingEntity livingentity = this.drowned.getTarget();
                                                    ^
  symbol:   method getTarget()
  location: variable drowned of type Deepling_Angler_Entity
G:\Proyectos\Mods_Minecraft\the_sundering\neoforge\26.2\src\main\java\com\skd\thesundering\entity\Deepling\Deepling_Angler_Entity.java:301: error: cannot find symbol
            if (this.drowned.wantsToSwim() && this.drowned.isInWater()) {
                                                          ^
  symbol:   method isInWater()
  location: variable drowned of type Deepling_Angler_Entity
G:\Proyectos\Mods_Minecraft\the_sundering\neoforge\26.2\src\main\java\com\skd\thesundering\entity\Deepling\Deepling_Angler_Entity.java:302: error: cannot find symbol
                if (livingentity != null && livingentity.getY() > this.drowned.getY() || this.drowned.searchingForLand) {
                                                                              ^
  symbol:   method getY()
  location: variable drowned of type Deepling_Angler_Entity
G:\Proyectos\Mods_Minecraft\the_sundering\neoforge\26.2\src\main\java\com\skd\thesundering\entity\Deepling\Deepling_Angler_Entity.java:303: error: cannot find symbol
                    this.drowned.setDeltaMovement(this.drowned.getDeltaMovement().add(0.0, 0.002, 0.0));
                                                              ^
  symbol:   method getDeltaMovement()
  location: variable drowned of type Deepling_Angler_Entity
G:\Proyectos\Mods_Minecraft\the_sundering\neoforge\26.2\src\main\java\com\skd\thesundering\entity\Deepling\Deepling_Angler_Entity.java:305: error: cannot find symbol
                if (this.operation != MoveControl.Operation.MOVE_TO || this.drowned.getNavigation().isDone()) {
                                                                                   ^
  symbol:   method getNavigation()
  location: variable drowned of type Deepling_Angler_Entity
G:\Proyectos\Mods_Minecraft\the_sundering\neoforge\26.2\src\main\java\com\skd\thesundering\entity\Deepling\Deepling_Angler_Entity.java:306: error: cannot find symbol
                    this.drowned.setSpeed(0.0f);
                                ^
  symbol:   method setSpeed(float)
  location: variable drowned of type Deepling_Angler_Entity
G:\Proyectos\Mods_Minecraft\the_sundering\neoforge\26.2\src\main\java\com\skd\thesundering\entity\Deepling\Deepling_Angler_Entity.java:309: error: cannot find symbol
                double d0 = this.wantedX - this.drowned.getX();
                                                       ^
  symbol:   method getX()
  location: variable drowned of type Deepling_Angler_Entity
G:\Proyectos\Mods_Minecraft\the_sundering\neoforge\26.2\src\main\java\com\skd\thesundering\entity\Deepling\Deepling_Angler_Entity.java:310: error: cannot find symbol
                double d1 = this.wantedY - this.drowned.getY();
                                                       ^
  symbol:   method getY()
  location: variable drowned of type Deepling_Angler_Entity
G:\Proyectos\Mods_Minecraft\the_sundering\neoforge\26.2\src\main\java\com\skd\thesundering\entity\Deepling\Deepling_Angler_Entity.java:311: error: cannot find symbol
                double d2 = this.wantedZ - this.drowned.getZ();
                                                       ^
  symbol:   method getZ()
  location: variable drowned of type Deepling_Angler_Entity
G:\Proyectos\Mods_Minecraft\the_sundering\neoforge\26.2\src\main\java\com\skd\thesundering\entity\Deepling\Deepling_Angler_Entity.java:315: error: cannot find symbol
                this.drowned.setYRot(this.rotlerp(this.drowned.getYRot(), f, 90.0f));
                                                              ^
  symbol:   method getYRot()
  location: variable drowned of type Deepling_Angler_Entity
G:\Proyectos\Mods_Minecraft\the_sundering\neoforge\26.2\src\main\java\com\skd\thesundering\entity\Deepling\Deepling_Angler_Entity.java:316: error: cannot find symbol
                this.drowned.yBodyRot = this.drowned.getYRot();
                            ^
  symbol:   variable yBodyRot
  location: variable drowned of type Deepling_Angler_Entity
G:\Proyectos\Mods_Minecraft\the_sundering\neoforge\26.2\src\main\java\com\skd\thesundering\entity\Deepling\Deepling_Angler_Entity.java:316: error: cannot find symbol
                this.drowned.yBodyRot = this.drowned.getYRot();
                                                    ^
  symbol:   method getYRot()
  location: variable drowned of type Deepling_Angler_Entity
G:\Proyectos\Mods_Minecraft\the_sundering\neoforge\26.2\src\main\java\com\skd\thesundering\entity\Deepling\Deepling_Angler_Entity.java:317: error: cannot find symbol
                float f1 = (float)(this.speedModifier * (double)this.speedMulti * this.drowned.getAttributeValue(Attributes.MOVEMENT_SPEED));
                                                                                              ^
  symbol:   method getAttributeValue(Holder<Attribute>)
  location: variable drowned of type Deepling_Angler_Entity
G:\Proyectos\Mods_Minecraft\the_sundering\neoforge\26.2\src\main\java\com\skd\thesundering\entity\Deepling\Deepling_Angler_Entity.java:318: error: cannot find symbol
                float f2 = Mth.lerp((float)0.125f, (float)this.drowned.getSpeed(), (float)f1);
                                                                      ^
  symbol:   method getSpeed()
  location: variable drowned of type Deepling_Angler_Entity
G:\Proyectos\Mods_Minecraft\the_sundering\neoforge\26.2\src\main\java\com\skd\thesundering\entity\Deepling\Deepling_Angler_Entity.java:319: error: cannot find symbol
                this.drowned.setSpeed(f2);
                            ^
  symbol:   method setSpeed(float)
  location: variable drowned of type Deepling_Angler_Entity
G:\Proyectos\Mods_Minecraft\the_sundering\neoforge\26.2\src\main\java\com\skd\thesundering\entity\Deepling\Deepling_Angler_Entity.java:320: error: cannot find symbol
                this.drowned.setDeltaMovement(this.drowned.getDeltaMovement().add((double)f2 * d0 * 0.005, (double)f2 * d1 * 0.1, (double)f2 * d2 * 0.005));
                                                          ^
  symbol:   method getDeltaMovement()
  location: variable drowned of type Deepling_Angler_Entity
G:\Proyectos\Mods_Minecraft\the_sundering\neoforge\26.2\src\main\java\com\skd\thesundering\entity\Deepling\Deepling_Angler_Entity.java:322: error: cannot find symbol
                if (!this.drowned.onGround()) {
                                 ^
  symbol:   method onGround()
  location: variable drowned of type Deepling_Angler_Entity
G:\Proyectos\Mods_Minecraft\the_sundering\neoforge\26.2\src\main\java\com\skd\thesundering\entity\Deepling\Deepling_Angler_Entity.java:323: error: cannot find symbol
                    this.drowned.setDeltaMovement(this.drowned.getDeltaMovement().add(0.0, -0.008, 0.0));
                                                              ^
  symbol:   method getDeltaMovement()
  location: variable drowned of type Deepling_Angler_Entity
G:\Proyectos\Mods_Minecraft\the_sundering\neoforge\26.2\src\main\java\com\skd\thesundering\entity\Deepling\Deepling_Angler_Entity.java:335: error: incompatible types: Deepling_Angler_Entity cannot be converted to PathfinderMob
            super(p_32409_, p_32410_, 8, 2);
                  ^
G:\Proyectos\Mods_Minecraft\the_sundering\neoforge\26.2\src\main\java\com\skd\thesundering\entity\Deepling\Deepling_Angler_Entity.java:340: error: cannot find symbol
            return super.canUse() && this.drowned.level().isRaining() && this.drowned.isInWater() && this.drowned.getY() >= (double)(this.drowned.level().getSeaLevel() - 3);
                                                 ^
  symbol:   method level()
  location: variable drowned of type Deepling_Angler_Entity
G:\Proyectos\Mods_Minecraft\the_sundering\neoforge\26.2\src\main\java\com\skd\thesundering\entity\Deepling\Deepling_Angler_Entity.java:340: error: cannot find symbol
            return super.canUse() && this.drowned.level().isRaining() && this.drowned.isInWater() && this.drowned.getY() >= (double)(this.drowned.level().getSeaLevel() - 3);
                                                                                     ^
  symbol:   method isInWater()
  location: variable drowned of type Deepling_Angler_Entity
G:\Proyectos\Mods_Minecraft\the_sundering\neoforge\26.2\src\main\java\com\skd\thesundering\entity\Deepling\Deepling_Angler_Entity.java:340: error: cannot find symbol
            return super.canUse() && this.drowned.level().isRaining() && this.drowned.isInWater() && this.drowned.getY() >= (double)(this.drowned.level().getSeaLevel() - 3);
                                                                                                                 ^
  symbol:   method getY()
  location: variable drowned of type Deepling_Angler_Entity
G:\Proyectos\Mods_Minecraft\the_sundering\neoforge\26.2\src\main\java\com\skd\thesundering\entity\Deepling\Deepling_Angler_Entity.java:340: error: cannot find symbol
            return super.canUse() && this.drowned.level().isRaining() && this.drowned.isInWater() && this.drowned.getY() >= (double)(this.drowned.level().getSeaLevel() - 3);
                                                                                                                                                 ^
  symbol:   method level()
  location: variable drowned of type Deepling_Angler_Entity
G:\Proyectos\Mods_Minecraft\the_sundering\neoforge\26.2\src\main\java\com\skd\thesundering\entity\Deepling\Deepling_Angler_Entity.java:349: error: incompatible types: Deepling_Angler_Entity cannot be converted to Entity
            return p_32413_.isEmptyBlock(blockpos) && p_32413_.isEmptyBlock(blockpos.above()) ? p_32413_.getBlockState(p_32414_).entityCanStandOn(p_32413_, p_32414_, this.drowned) : false;
                                                                                                                                                                          ^
G:\Proyectos\Mods_Minecraft\the_sundering\neoforge\26.2\src\main\java\com\skd\thesundering\entity\Deepling\Deepling_Angler_Entity.java:376: error: cannot find symbol
            return (this.drowned.level().isRaining() || this.drowned.isInWater()) && this.drowned.getY() < (double)(this.seaLevel - 2);
                                ^
  symbol:   method level()
  location: variable drowned of type Deepling_Angler_Entity
G:\Proyectos\Mods_Minecraft\the_sundering\neoforge\26.2\src\main\java\com\skd\thesundering\entity\Deepling\Deepling_Angler_Entity.java:376: error: cannot find symbol
            return (this.drowned.level().isRaining() || this.drowned.isInWater()) && this.drowned.getY() < (double)(this.seaLevel - 2);
                                                                    ^
  symbol:   method isInWater()
  location: variable drowned of type Deepling_Angler_Entity
G:\Proyectos\Mods_Minecraft\the_sundering\neoforge\26.2\src\main\java\com\skd\thesundering\entity\Deepling\Deepling_Angler_Entity.java:376: error: cannot find symbol
            return (this.drowned.level().isRaining() || this.drowned.isInWater()) && this.drowned.getY() < (double)(this.seaLevel - 2);
                                                                                                 ^
  symbol:   method getY()
  location: variable drowned of type Deepling_Angler_Entity
G:\Proyectos\Mods_Minecraft\the_sundering\neoforge\26.2\src\main\java\com\skd\thesundering\entity\Deepling\Deepling_Angler_Entity.java:384: error: cannot find symbol
            if (this.drowned.getY() < (double)(this.seaLevel - 1) && (this.drowned.getNavigation().isDone() || this.drowned.closeToNextPos())) {
                            ^
  symbol:   method getY()
  location: variable drowned of type Deepling_Angler_Entity
G:\Proyectos\Mods_Minecraft\the_sundering\neoforge\26.2\src\main\java\com\skd\thesundering\entity\Deepling\Deepling_Angler_Entity.java:384: error: cannot find symbol
            if (this.drowned.getY() < (double)(this.seaLevel - 1) && (this.drowned.getNavigation().isDone() || this.drowned.closeToNextPos())) {
                                                                                  ^
  symbol:   method getNavigation()
  location: variable drowned of type Deepling_Angler_Entity
G:\Proyectos\Mods_Minecraft\the_sundering\neoforge\26.2\src\main\java\com\skd\thesundering\entity\Deepling\Deepling_Angler_Entity.java:385: error: cannot find symbol
                Vec3 vec3 = DefaultRandomPos.getPosTowards(this.drowned, 4, 8, new Vec3(this.drowned.getX(), (double)(this.seaLevel - 1), this.drowned.getZ()), (double)1.5707963705062866);
                                                                                                    ^
  symbol:   method getX()
  location: variable drowned of type Deepling_Angler_Entity
G:\Proyectos\Mods_Minecraft\the_sundering\neoforge\26.2\src\main\java\com\skd\thesundering\entity\Deepling\Deepling_Angler_Entity.java:385: error: cannot find symbol
                Vec3 vec3 = DefaultRandomPos.getPosTowards(this.drowned, 4, 8, new Vec3(this.drowned.getX(), (double)(this.seaLevel - 1), this.drowned.getZ()), (double)1.5707963705062866);
                                                                                                                                                      ^
  symbol:   method getZ()
  location: variable drowned of type Deepling_Angler_Entity
G:\Proyectos\Mods_Minecraft\the_sundering\neoforge\26.2\src\main\java\com\skd\thesundering\entity\Deepling\Deepling_Angler_Entity.java:385: error: incompatible types: Deepling_Angler_Entity cannot be converted to PathfinderMob
                Vec3 vec3 = DefaultRandomPos.getPosTowards(this.drowned, 4, 8, new Vec3(this.drowned.getX(), (double)(this.seaLevel - 1), this.drowned.getZ()), (double)1.5707963705062866);
                                                               ^
G:\Proyectos\Mods_Minecraft\the_sundering\neoforge\26.2\src\main\java\com\skd\thesundering\entity\Deepling\Deepling_Angler_Entity.java:390: error: cannot find symbol
                this.drowned.getNavigation().moveTo(vec3.x, vec3.y, vec3.z, this.speedModifier);
                            ^
  symbol:   method getNavigation()
  location: variable drowned of type Deepling_Angler_Entity
G:\Proyectos\Mods_Minecraft\the_sundering\neoforge\26.2\src\main\java\com\skd\thesundering\entity\Deepling\Deepling_Angler_Entity.java:409: error: incompatible types: Deepling_Angler_Entity cannot be converted to PathfinderMob
            super(p_25552_, p_25553_, p_25554_);
                  ^
G:\Proyectos\Mods_Minecraft\the_sundering\neoforge\26.2\src\main\java\com\skd\thesundering\entity\Deepling\Deepling_Angler_Entity.java:417: error: cannot find symbol
                    this.mob.setAnimation(DEEPLING_HUG);
                            ^
  symbol:   method setAnimation(Animation)
  location: variable mob of type Deepling_Angler_Entity
G:\Proyectos\Mods_Minecraft\the_sundering\neoforge\26.2\src\main\java\com\skd\thesundering\entity\Deepling\Deepling_Angler_Entity.java:420: error: cannot find symbol
                    this.mob.setAnimation(DEEPLING_MELEE);
                            ^
  symbol:   method setAnimation(Animation)
  location: variable mob of type Deepling_Angler_Entity
G:\Proyectos\Mods_Minecraft\the_sundering\neoforge\26.2\src\main\java\com\skd\thesundering\client\model\entity\Deepling_Brute_Model.java:25: error: type argument Deepling_Brute_Entity is not within bounds of type-variable T
extends AdvancedEntityModel<Deepling_Brute_Entity> {
                            ^
  where T is a type-variable:
    T extends Entity declared in class AdvancedEntityModel
G:\Proyectos\Mods_Minecraft\the_sundering\neoforge\26.2\src\main\java\com\skd\thesundering\client\model\entity\Deepling_Brute_Model.java:108: error: incompatible types: inference variable E has incompatible bounds
        return ImmutableList.of((Object)this.root, (Object)this.left_leg, (Object)this.right_leg, (Object)this.body, (Object)this.headwear, (Object)this.head, (Object)this.head2, (Object)this.r_fin, (Object)this.l_fin, (Object)this.right_arm, (Object)this.left_arm, (Object)this.l_armor, (Object[])new AdvancedModelBox[]{this.left_arm_r1});
                               ^
    equality constraints: AdvancedModelBox
    lower bounds: Object
  where E is a type-variable:
    E extends Object declared in method <E>of(E,E,E,E,E,E,E,E,E,E,E,E,E...)
G:\Proyectos\Mods_Minecraft\the_sundering\neoforge\26.2\src\main\java\com\skd\thesundering\client\model\entity\Deepling_Brute_Model.java:115: error: cannot find symbol
        if (entity.isLeftHanded()) {
                  ^
  symbol:   method isLeftHanded()
  location: variable entity of type Deepling_Brute_Entity
G:\Proyectos\Mods_Minecraft\the_sundering\neoforge\26.2\src\main\java\com\skd\thesundering\client\model\entity\Deepling_Brute_Model.java:145: error: cannot find symbol
        if (entity.isLeftHanded()) {
                  ^
  symbol:   method isLeftHanded()
  location: variable entity of type Deepling_Brute_Entity
G:\Proyectos\Mods_Minecraft\the_sundering\neoforge\26.2\src\main\java\com\skd\thesundering\client\model\entity\Deepling_Brute_Model.java:176: error: cannot find symbol
        float swim = entity.getSwimAmount(partialTick);
                           ^
  symbol:   method getSwimAmount(float)
  location: variable entity of type Deepling_Brute_Entity
G:\Proyectos\Mods_Minecraft\the_sundering\neoforge\26.2\src\main\java\com\skd\thesundering\client\model\entity\Deepling_Brute_Model.java:201: error: cannot find symbol
        if (this.riding) {
                ^
  symbol: variable riding
G:\Proyectos\Mods_Minecraft\the_sundering\neoforge\26.2\src\main\java\com\skd\thesundering\entity\Deepling\Deepling_Brute_Entity.java:124: error: incompatible types: Class<Deepling_Brute_Entity> cannot be converted to Class<? extends SyncedDataHolder>
    private static final EntityDataAccessor<Boolean> SPINATTACK = SynchedEntityData.defineId(Deepling_Brute_Entity.class, EntityDataSerializers.BOOLEAN);
                                                                                                                  ^
G:\Proyectos\Mods_Minecraft\the_sundering\neoforge\26.2\src\main\java\com\skd\thesundering\entity\Deepling\Deepling_Brute_Entity.java:129: error: cannot find symbol
        this.moveControl = new DeeplingMoveControl(this, 2.0f);
            ^
  symbol: variable moveControl
G:\Proyectos\Mods_Minecraft\the_sundering\neoforge\26.2\src\main\java\com\skd\thesundering\entity\Deepling\Deepling_Brute_Entity.java:131: error: cannot find symbol
        this.xpReward = 15;
            ^
  symbol: variable xpReward
G:\Proyectos\Mods_Minecraft\the_sundering\neoforge\26.2\src\main\java\com\skd\thesundering\entity\Deepling\Deepling_Brute_Entity.java:137: error: cannot find symbol
        this.goalSelector.addGoal(2, new DeeplingBruteTridentShoot(this, 1.0, 15.0f));
            ^
  symbol: variable goalSelector
G:\Proyectos\Mods_Minecraft\the_sundering\neoforge\26.2\src\main\java\com\skd\thesundering\entity\Deepling\Deepling_Brute_Entity.java:138: error: cannot find symbol
        this.goalSelector.addGoal(5, new DeeplingGoToBeachGoal(this, 1.0));
            ^
  symbol: variable goalSelector
G:\Proyectos\Mods_Minecraft\the_sundering\neoforge\26.2\src\main\java\com\skd\thesundering\entity\Deepling\Deepling_Brute_Entity.java:139: error: cannot find symbol
        this.goalSelector.addGoal(6, new DeeplingSwimUpGoal(this, 1.0, this.level().getSeaLevel()));
                                                                           ^
  symbol: method level()
G:\Proyectos\Mods_Minecraft\the_sundering\neoforge\26.2\src\main\java\com\skd\thesundering\entity\Deepling\Deepling_Brute_Entity.java:139: error: cannot find symbol
        this.goalSelector.addGoal(6, new DeeplingSwimUpGoal(this, 1.0, this.level().getSeaLevel()));
            ^
  symbol: variable goalSelector
G:\Proyectos\Mods_Minecraft\the_sundering\neoforge\26.2\src\main\java\com\skd\thesundering\entity\Deepling\Deepling_Brute_Entity.java:140: error: cannot find symbol
        this.targetSelector.addGoal(1, new HurtByTargetGoal(this, new Class[0]).setAlertOthers(new Class[0]));
            ^
  symbol: variable targetSelector
G:\Proyectos\Mods_Minecraft\the_sundering\neoforge\26.2\src\main\java\com\skd\thesundering\entity\Deepling\Deepling_Brute_Entity.java:140: error: incompatible types: Deepling_Brute_Entity cannot be converted to PathfinderMob
        this.targetSelector.addGoal(1, new HurtByTargetGoal(this, new Class[0]).setAlertOthers(new Class[0]));
                                                            ^
G:\Proyectos\Mods_Minecraft\the_sundering\neoforge\26.2\src\main\java\com\skd\thesundering\entity\Deepling\Deepling_Brute_Entity.java:141: error: cannot find symbol
        this.goalSelector.addGoal(3, new AnimationMeleeAttackGoal(this, 1.1f, false));
            ^
  symbol: variable goalSelector
G:\Proyectos\Mods_Minecraft\the_sundering\neoforge\26.2\src\main\java\com\skd\thesundering\entity\Deepling\Deepling_Brute_Entity.java:163: error: incompatible types: Optional<Integer> cannot be converted to int
        this.setMoistness(compound.getInt("Moisture"));
                                         ^
G:\Proyectos\Mods_Minecraft\the_sundering\neoforge\26.2\src\main\java\com\skd\thesundering\entity\Deepling\Deepling_Brute_Entity.java:167: error: cannot find symbol
        this.setItemSlot(EquipmentSlot.MAINHAND, new ItemStack((ItemLike)ModItems.CORAL_BARDICHE.get()));
            ^
  symbol: method setItemSlot(EquipmentSlot,ItemStack)
G:\Proyectos\Mods_Minecraft\the_sundering\neoforge\26.2\src\main\java\com\skd\thesundering\entity\Deepling\Deepling_Brute_Entity.java:183: error: cannot find symbol
        this.playSound((SoundEvent)ModSounds.DEEPLING_IDLE.get(), 0.15f, 0.6f);
            ^
  symbol: method playSound(SoundEvent,float,float)
G:\Proyectos\Mods_Minecraft\the_sundering\neoforge\26.2\src\main\java\com\skd\thesundering\entity\Deepling\Deepling_Brute_Entity.java:187: error: cannot find symbol
        return ModEntities.rollSpawn(CMCommonConfig.Spawning.DeeplingBruteSpawnRolls, this.getRandom(), spawnReasonIn);
                                                                                          ^
  symbol: method getRandom()
G:\Proyectos\Mods_Minecraft\the_sundering\neoforge\26.2\src\main\java\com\skd\thesundering\entity\Deepling\Deepling_Brute_Entity.java:199: error: incompatible types: Deepling_Brute_Entity cannot be converted to Entity
        return p_32829_.isUnobstructed((Entity)this);
                                               ^
G:\Proyectos\Mods_Minecraft\the_sundering\neoforge\26.2\src\main\java\com\skd\thesundering\entity\Deepling\Deepling_Brute_Entity.java:202: error: type argument ? extends Deepling_Brute_Entity is not within bounds of type-variable T
    public static boolean candeeplingSpawn(EntityType<? extends Deepling_Brute_Entity> guardian, LevelAccessor level, MobSpawnType spawnType, BlockPos pos, RandomSource random) {
                                                      ^
  where T is a type-variable:
    T extends Entity declared in class EntityType
G:\Proyectos\Mods_Minecraft\the_sundering\neoforge\26.2\src\main\java\com\skd\thesundering\entity\Deepling\Deepling_Brute_Entity.java:203: error: cannot find symbol
        return level.getDifficulty() != Difficulty.PEACEFUL && (MobSpawnType.isSpawner((MobSpawnType)spawnType) || level.getFluidState(pos).is(FluidTags.WATER));
                                                                                        ^
  symbol:   class MobSpawnType
  location: class Deepling_Brute_Entity
G:\Proyectos\Mods_Minecraft\the_sundering\neoforge\26.2\src\main\java\com\skd\thesundering\entity\Deepling\Deepling_Brute_Entity.java:203: error: cannot find symbol
        return level.getDifficulty() != Difficulty.PEACEFUL && (MobSpawnType.isSpawner((MobSpawnType)spawnType) || level.getFluidState(pos).is(FluidTags.WATER));
                                                                ^
  symbol:   variable MobSpawnType
  location: class Deepling_Brute_Entity
G:\Proyectos\Mods_Minecraft\the_sundering\neoforge\26.2\src\main\java\com\skd\thesundering\entity\Deepling\Deepling_Brute_Entity.java:206: error: method does not override or implement a method from a supertype
    @Override
    ^
G:\Proyectos\Mods_Minecraft\the_sundering\neoforge\26.2\src\main\java\com\skd\thesundering\entity\Deepling\Deepling_Brute_Entity.java:208: error: cannot find symbol
        return new Animation[]{NO_ANIMATION, DEEPLING_BRUTE_TRIDENT_THROW, DEEPLING_BRUTE_MELEE};
                               ^
  symbol:   variable NO_ANIMATION
  location: class Deepling_Brute_Entity
G:\Proyectos\Mods_Minecraft\the_sundering\neoforge\26.2\src\main\java\com\skd\thesundering\entity\Deepling\Deepling_Brute_Entity.java:212: error: cannot find symbol
        return this.entityData.get(SPINATTACK);
                   ^
  symbol: variable entityData
G:\Proyectos\Mods_Minecraft\the_sundering\neoforge\26.2\src\main\java\com\skd\thesundering\entity\Deepling\Deepling_Brute_Entity.java:216: error: cannot find symbol
        this.entityData.set(SPINATTACK, p_211137_1_);
            ^
  symbol: variable entityData
G:\Proyectos\Mods_Minecraft\the_sundering\neoforge\26.2\src\main\java\com\skd\thesundering\entity\Deepling\Deepling_Brute_Entity.java:222: error: cannot find symbol
        LivingEntity target = this.getTarget();
                                  ^
  symbol: method getTarget()
G:\Proyectos\Mods_Minecraft\the_sundering\neoforge\26.2\src\main\java\com\skd\thesundering\entity\Deepling\Deepling_Brute_Entity.java:223: error: cannot find symbol
        if (this.isAlive()) {
                ^
  symbol: method isAlive()
G:\Proyectos\Mods_Minecraft\the_sundering\neoforge\26.2\src\main\java\com\skd\thesundering\entity\Deepling\Deepling_Brute_Entity.java:224: error: cannot find symbol
            if (this.getAnimation() == DEEPLING_BRUTE_TRIDENT_THROW && target != null && this.getAnimationTick() == 11) {
                    ^
  symbol: method getAnimation()
G:\Proyectos\Mods_Minecraft\the_sundering\neoforge\26.2\src\main\java\com\skd\thesundering\entity\Deepling\Deepling_Brute_Entity.java:224: error: cannot find symbol
            if (this.getAnimation() == DEEPLING_BRUTE_TRIDENT_THROW && target != null && this.getAnimationTick() == 11) {
                                                                                             ^
  symbol: method getAnimationTick()
G:\Proyectos\Mods_Minecraft\the_sundering\neoforge\26.2\src\main\java\com\skd\thesundering\entity\Deepling\Deepling_Brute_Entity.java:225: error: cannot find symbol
                if (this.isInWaterOrRain() && !this.isPassenger()) {
                        ^
  symbol: method isInWaterOrRain()
G:\Proyectos\Mods_Minecraft\the_sundering\neoforge\26.2\src\main\java\com\skd\thesundering\entity\Deepling\Deepling_Brute_Entity.java:225: error: cannot find symbol
                if (this.isInWaterOrRain() && !this.isPassenger()) {
                                                   ^
  symbol: method isPassenger()
G:\Proyectos\Mods_Minecraft\the_sundering\neoforge\26.2\src\main\java\com\skd\thesundering\entity\Deepling\Deepling_Brute_Entity.java:226: error: cannot find symbol
                    double f1 = target.getX() - this.getX();
                                                    ^
  symbol: method getX()
G:\Proyectos\Mods_Minecraft\the_sundering\neoforge\26.2\src\main\java\com\skd\thesundering\entity\Deepling\Deepling_Brute_Entity.java:227: error: cannot find symbol
                    double f2 = target.getY() - this.getY();
                                                    ^
  symbol: method getY()
G:\Proyectos\Mods_Minecraft\the_sundering\neoforge\26.2\src\main\java\com\skd\thesundering\entity\Deepling\Deepling_Brute_Entity.java:228: error: cannot find symbol
                    double f3 = target.getZ() - this.getZ();
                                                    ^
  symbol: method getZ()
G:\Proyectos\Mods_Minecraft\the_sundering\neoforge\26.2\src\main\java\com\skd\thesundering\entity\Deepling\Deepling_Brute_Entity.java:231: error: cannot find symbol
                    this.push(f1 *= (double)f5 / f4, f2 *= (double)f5 / f4, f3 *= (double)f5 / f4);
                        ^
  symbol: method push(double,double,double)
G:\Proyectos\Mods_Minecraft\the_sundering\neoforge\26.2\src\main\java\com\skd\thesundering\entity\Deepling\Deepling_Brute_Entity.java:233: error: cannot find symbol
                    if (this.onGround()) {
                            ^
  symbol: method onGround()
G:\Proyectos\Mods_Minecraft\the_sundering\neoforge\26.2\src\main\java\com\skd\thesundering\entity\Deepling\Deepling_Brute_Entity.java:234: error: cannot find symbol
                        this.move(MoverType.SELF, new Vec3(0.0, 1.1999999284744263, 0.0));
                            ^
  symbol: method move(MoverType,Vec3)
G:\Proyectos\Mods_Minecraft\the_sundering\neoforge\26.2\src\main\java\com\skd\thesundering\entity\Deepling\Deepling_Brute_Entity.java:236: error: cannot find symbol
                    this.playSound((SoundEvent)SoundEvents.TRIDENT_RIPTIDE_3.value(), 1.0f, 1.0f);
                        ^
  symbol: method playSound(SoundEvent,float,float)
G:\Proyectos\Mods_Minecraft\the_sundering\neoforge\26.2\src\main\java\com\skd\thesundering\entity\Deepling\Deepling_Brute_Entity.java:238: error: cannot find symbol
                    ThrownCoral_Bardiche_Entity throwntrident = new ThrownCoral_Bardiche_Entity(this.level(), this, new ItemStack(ModItems.CORAL_BARDICHE.get()));
                                                                                                    ^
  symbol: method level()
G:\Proyectos\Mods_Minecraft\the_sundering\neoforge\26.2\src\main\java\com\skd\thesundering\entity\Deepling\Deepling_Brute_Entity.java:239: error: cannot find symbol
                    double p0 = target.getX() - this.getX();
                                                    ^
  symbol: method getX()
G:\Proyectos\Mods_Minecraft\the_sundering\neoforge\26.2\src\main\java\com\skd\thesundering\entity\Deepling\Deepling_Brute_Entity.java:241: error: cannot find symbol
                    double p2 = target.getZ() - this.getZ();
                                                    ^
  symbol: method getZ()
G:\Proyectos\Mods_Minecraft\the_sundering\neoforge\26.2\src\main\java\com\skd\thesundering\entity\Deepling\Deepling_Brute_Entity.java:243: error: cannot find symbol
                    throwntrident.shoot(p0, p1 + p3 * (double)0.2f, p2, 1.6f, 14 - this.level().getDifficulty().getId() * 4);
                                                                                       ^
  symbol: method level()
G:\Proyectos\Mods_Minecraft\the_sundering\neoforge\26.2\src\main\java\com\skd\thesundering\entity\Deepling\Deepling_Brute_Entity.java:244: error: cannot find symbol
                    this.playSound(SoundEvents.DROWNED_SHOOT, 1.0f, 1.0f / (this.getRandom().nextFloat() * 0.4f + 0.8f));
                                                                                ^
  symbol: method getRandom()
G:\Proyectos\Mods_Minecraft\the_sundering\neoforge\26.2\src\main\java\com\skd\thesundering\entity\Deepling\Deepling_Brute_Entity.java:245: error: cannot find symbol
                    this.level().addFreshEntity((Entity)throwntrident);
                        ^
  symbol: method level()
G:\Proyectos\Mods_Minecraft\the_sundering\neoforge\26.2\src\main\java\com\skd\thesundering\entity\Deepling\Deepling_Brute_Entity.java:248: error: cannot find symbol
            if (this.getAnimation() == DEEPLING_BRUTE_MELEE && this.getAnimationTick() == 5) {
                    ^
  symbol: method getAnimation()
G:\Proyectos\Mods_Minecraft\the_sundering\neoforge\26.2\src\main\java\com\skd\thesundering\entity\Deepling\Deepling_Brute_Entity.java:248: error: cannot find symbol
            if (this.getAnimation() == DEEPLING_BRUTE_MELEE && this.getAnimationTick() == 5) {
                                                                   ^
  symbol: method getAnimationTick()
G:\Proyectos\Mods_Minecraft\the_sundering\neoforge\26.2\src\main\java\com\skd\thesundering\entity\Deepling\Deepling_Brute_Entity.java:249: error: cannot find symbol
                this.playSound((SoundEvent)ModSounds.DEEPLING_SWING.get(), 1.0f, 1.0f / (this.getRandom().nextFloat() * 0.4f + 0.8f));
                                                                                             ^
  symbol: method getRandom()
G:\Proyectos\Mods_Minecraft\the_sundering\neoforge\26.2\src\main\java\com\skd\thesundering\entity\Deepling\Deepling_Brute_Entity.java:250: error: cannot find symbol
                if (target != null && this.distanceTo(target) < 3.0f) {
                                          ^
  symbol: method distanceTo(LivingEntity)
G:\Proyectos\Mods_Minecraft\the_sundering\neoforge\26.2\src\main\java\com\skd\thesundering\entity\Deepling\Deepling_Brute_Entity.java:251: error: cannot find symbol
                    float damage = (float)this.getAttributeValue(Attributes.ATTACK_DAMAGE);
                                              ^
  symbol: method getAttributeValue(Holder<Attribute>)
G:\Proyectos\Mods_Minecraft\the_sundering\neoforge\26.2\src\main\java\com\skd\thesundering\entity\Deepling\Deepling_Brute_Entity.java:252: error: incompatible types: Deepling_Brute_Entity cannot be converted to LivingEntity
                    target.hurt(this.damageSources().mobAttack((LivingEntity)this), damage);
                                                                             ^
G:\Proyectos\Mods_Minecraft\the_sundering\neoforge\26.2\src\main\java\com\skd\thesundering\entity\Deepling\Deepling_Brute_Entity.java:252: error: cannot find symbol
                    target.hurt(this.damageSources().mobAttack((LivingEntity)this), damage);
                                    ^
  symbol: method damageSources()
G:\Proyectos\Mods_Minecraft\the_sundering\neoforge\26.2\src\main\java\com\skd\thesundering\entity\Deepling\Deepling_Brute_Entity.java:256: error: cannot find symbol
        AABB aabb = this.getBoundingBox();
                        ^
  symbol: method getBoundingBox()
G:\Proyectos\Mods_Minecraft\the_sundering\neoforge\26.2\src\main\java\com\skd\thesundering\entity\Deepling\Deepling_Brute_Entity.java:259: error: cannot find symbol
            this.checkAutoSpinAttack(aabb, this.getBoundingBox());
                                               ^
  symbol: method getBoundingBox()
G:\Proyectos\Mods_Minecraft\the_sundering\neoforge\26.2\src\main\java\com\skd\thesundering\entity\Deepling\Deepling_Brute_Entity.java:265: error: cannot find symbol
        if (!this.level().isClientSide()) {
                 ^
  symbol: method level()
G:\Proyectos\Mods_Minecraft\the_sundering\neoforge\26.2\src\main\java\com\skd\thesundering\entity\Deepling\Deepling_Brute_Entity.java:272: error: cannot find symbol
        List<Entity> list = this.level().getEntities(this, aabb);
                                ^
  symbol: method level()
G:\Proyectos\Mods_Minecraft\the_sundering\neoforge\26.2\src\main\java\com\skd\thesundering\entity\Deepling\Deepling_Brute_Entity.java:276: error: cannot find symbol
                entity.hurt(this.damageSources().mobAttack((LivingEntity)this), (float)this.getAttributeValue(Attributes.ATTACK_DAMAGE));
                                                                                           ^
  symbol: method getAttributeValue(Holder<Attribute>)
G:\Proyectos\Mods_Minecraft\the_sundering\neoforge\26.2\src\main\java\com\skd\thesundering\entity\Deepling\Deepling_Brute_Entity.java:276: error: incompatible types: Deepling_Brute_Entity cannot be converted to LivingEntity
                entity.hurt(this.damageSources().mobAttack((LivingEntity)this), (float)this.getAttributeValue(Attributes.ATTACK_DAMAGE));
                                                                         ^
G:\Proyectos\Mods_Minecraft\the_sundering\neoforge\26.2\src\main\java\com\skd\thesundering\entity\Deepling\Deepling_Brute_Entity.java:276: error: cannot find symbol
                entity.hurt(this.damageSources().mobAttack((LivingEntity)this), (float)this.getAttributeValue(Attributes.ATTACK_DAMAGE));
                                ^
  symbol: method damageSources()
G:\Proyectos\Mods_Minecraft\the_sundering\neoforge\26.2\src\main\java\com\skd\thesundering\entity\Deepling\Deepling_Brute_Entity.java:278: error: cannot find symbol
                this.setDeltaMovement(this.getDeltaMovement().scale(-0.2));
                                          ^
  symbol: method getDeltaMovement()
G:\Proyectos\Mods_Minecraft\the_sundering\neoforge\26.2\src\main\java\com\skd\thesundering\entity\Deepling\Deepling_Brute_Entity.java:281: error: cannot find symbol
        } else if (this.horizontalCollision) {
                       ^
  symbol: variable horizontalCollision
G:\Proyectos\Mods_Minecraft\the_sundering\neoforge\26.2\src\main\java\com\skd\thesundering\entity\Deepling\Deepling_Brute_Entity.java:284: error: cannot find symbol
        if (!this.level().isClientSide() && this.SpinAttackTicks <= 0) {
                 ^
  symbol: method level()
G:\Proyectos\Mods_Minecraft\the_sundering\neoforge\26.2\src\main\java\com\skd\thesundering\entity\Deepling\Deepling_Brute_Entity.java:293: error: cannot find symbol
        LivingEntity livingentity = this.getTarget();
                                        ^
  symbol: method getTarget()
G:\Proyectos\Mods_Minecraft\the_sundering\neoforge\26.2\src\main\java\com\skd\thesundering\entity\Deepling\Deepling_Brute_Entity.java:299: error: cannot find symbol
        return new AABB(this.getX() - (double)1.3f, this.getY(), this.getZ() - (double)1.3f, this.getX() + (double)1.3f, this.getY() + (double)0.7f, this.getZ() + (double)1.3f);
                            ^
  symbol: method getX()
G:\Proyectos\Mods_Minecraft\the_sundering\neoforge\26.2\src\main\java\com\skd\thesundering\entity\Deepling\Deepling_Brute_Entity.java:299: error: cannot find symbol
        return new AABB(this.getX() - (double)1.3f, this.getY(), this.getZ() - (double)1.3f, this.getX() + (double)1.3f, this.getY() + (double)0.7f, this.getZ() + (double)1.3f);
                                                                     ^
  symbol: method getZ()
G:\Proyectos\Mods_Minecraft\the_sundering\neoforge\26.2\src\main\java\com\skd\thesundering\entity\Deepling\Deepling_Brute_Entity.java:299: error: cannot find symbol
        return new AABB(this.getX() - (double)1.3f, this.getY(), this.getZ() - (double)1.3f, this.getX() + (double)1.3f, this.getY() + (double)0.7f, this.getZ() + (double)1.3f);
                                                                                                 ^
  symbol: method getX()
G:\Proyectos\Mods_Minecraft\the_sundering\neoforge\26.2\src\main\java\com\skd\thesundering\entity\Deepling\Deepling_Brute_Entity.java:299: error: cannot find symbol
        return new AABB(this.getX() - (double)1.3f, this.getY(), this.getZ() - (double)1.3f, this.getX() + (double)1.3f, this.getY() + (double)0.7f, this.getZ() + (double)1.3f);
                                                                                                                             ^
  symbol: method getY()
G:\Proyectos\Mods_Minecraft\the_sundering\neoforge\26.2\src\main\java\com\skd\thesundering\entity\Deepling\Deepling_Brute_Entity.java:299: error: cannot find symbol
        return new AABB(this.getX() - (double)1.3f, this.getY(), this.getZ() - (double)1.3f, this.getX() + (double)1.3f, this.getY() + (double)0.7f, this.getZ() + (double)1.3f);
                                                                                                                                                         ^
  symbol: method getZ()
G:\Proyectos\Mods_Minecraft\the_sundering\neoforge\26.2\src\main\java\com\skd\thesundering\entity\Deepling\Deepling_Brute_Entity.java:299: error: cannot find symbol
        return new AABB(this.getX() - (double)1.3f, this.getY(), this.getZ() - (double)1.3f, this.getX() + (double)1.3f, this.getY() + (double)0.7f, this.getZ() + (double)1.3f);
                                                        ^
  symbol: method getY()
G:\Proyectos\Mods_Minecraft\the_sundering\neoforge\26.2\src\main\java\com\skd\thesundering\entity\Deepling\Deepling_Brute_Entity.java:304: error: cannot find symbol
        return new AABB(this.getX() - (double)0.7f, this.getY(), this.getZ() - (double)0.7f, this.getX() + (double)0.7f, this.getY() + (double)2.6f, this.getZ() + (double)0.7f);
                            ^
  symbol: method getX()
G:\Proyectos\Mods_Minecraft\the_sundering\neoforge\26.2\src\main\java\com\skd\thesundering\entity\Deepling\Deepling_Brute_Entity.java:304: error: cannot find symbol
        return new AABB(this.getX() - (double)0.7f, this.getY(), this.getZ() - (double)0.7f, this.getX() + (double)0.7f, this.getY() + (double)2.6f, this.getZ() + (double)0.7f);
                                                                     ^
  symbol: method getZ()
G:\Proyectos\Mods_Minecraft\the_sundering\neoforge\26.2\src\main\java\com\skd\thesundering\entity\Deepling\Deepling_Brute_Entity.java:304: error: cannot find symbol
        return new AABB(this.getX() - (double)0.7f, this.getY(), this.getZ() - (double)0.7f, this.getX() + (double)0.7f, this.getY() + (double)2.6f, this.getZ() + (double)0.7f);
                                                                                                 ^
  symbol: method getX()
G:\Proyectos\Mods_Minecraft\the_sundering\neoforge\26.2\src\main\java\com\skd\thesundering\entity\Deepling\Deepling_Brute_Entity.java:304: error: cannot find symbol
        return new AABB(this.getX() - (double)0.7f, this.getY(), this.getZ() - (double)0.7f, this.getX() + (double)0.7f, this.getY() + (double)2.6f, this.getZ() + (double)0.7f);
                                                                                                                             ^
  symbol: method getY()
G:\Proyectos\Mods_Minecraft\the_sundering\neoforge\26.2\src\main\java\com\skd\thesundering\entity\Deepling\Deepling_Brute_Entity.java:304: error: cannot find symbol
        return new AABB(this.getX() - (double)0.7f, this.getY(), this.getZ() - (double)0.7f, this.getX() + (double)0.7f, this.getY() + (double)2.6f, this.getZ() + (double)0.7f);
                                                                                                                                                         ^
  symbol: method getZ()
G:\Proyectos\Mods_Minecraft\the_sundering\neoforge\26.2\src\main\java\com\skd\thesundering\entity\Deepling\Deepling_Brute_Entity.java:304: error: cannot find symbol
        return new AABB(this.getX() - (double)0.7f, this.getY(), this.getZ() - (double)0.7f, this.getX() + (double)0.7f, this.getY() + (double)2.6f, this.getZ() + (double)0.7f);
                                                        ^
  symbol: method getY()
G:\Proyectos\Mods_Minecraft\the_sundering\neoforge\26.2\src\main\java\com\skd\thesundering\entity\Deepling\Deepling_Brute_Entity.java:313: error: cannot find symbol
        if (this.isEffectiveAi() && this.isInWater() && this.wantsToSwim()) {
                ^
  symbol: method isEffectiveAi()
G:\Proyectos\Mods_Minecraft\the_sundering\neoforge\26.2\src\main\java\com\skd\thesundering\entity\Deepling\Deepling_Brute_Entity.java:313: error: cannot find symbol
        if (this.isEffectiveAi() && this.isInWater() && this.wantsToSwim()) {
                                        ^
  symbol: method isInWater()
G:\Proyectos\Mods_Minecraft\the_sundering\neoforge\26.2\src\main\java\com\skd\thesundering\entity\Deepling\Deepling_Brute_Entity.java:314: error: cannot find symbol
            this.moveRelative(0.01f, p_32394_);
                ^
  symbol: method moveRelative(float,Vec3)
G:\Proyectos\Mods_Minecraft\the_sundering\neoforge\26.2\src\main\java\com\skd\thesundering\entity\Deepling\Deepling_Brute_Entity.java:315: error: cannot find symbol
            this.move(MoverType.SELF, this.getDeltaMovement());
                                          ^
  symbol: method getDeltaMovement()
G:\Proyectos\Mods_Minecraft\the_sundering\neoforge\26.2\src\main\java\com\skd\thesundering\entity\Deepling\Deepling_Brute_Entity.java:316: error: cannot find symbol
            this.setDeltaMovement(this.getDeltaMovement().scale(0.9));
                                      ^
  symbol: method getDeltaMovement()
G:\Proyectos\Mods_Minecraft\the_sundering\neoforge\26.2\src\main\java\com\skd\thesundering\entity\Deepling\Deepling_Brute_Entity.java:318: error: cannot find symbol
            super.travel(p_32394_);
                 ^
  symbol: method travel(Vec3)
G:\Proyectos\Mods_Minecraft\the_sundering\neoforge\26.2\src\main\java\com\skd\thesundering\entity\Deepling\Deepling_Brute_Entity.java:331: error: cannot find symbol
        Path path = this.getNavigation().getPath();
                        ^
  symbol: method getNavigation()
G:\Proyectos\Mods_Minecraft\the_sundering\neoforge\26.2\src\main\java\com\skd\thesundering\entity\Deepling\Deepling_Brute_Entity.java:332: error: cannot find symbol
        return path != null && (blockpos = path.getTarget()) != null && (d0 = this.distanceToSqr(blockpos.getX(), blockpos.getY(), blockpos.getZ())) < 4.0;
                                                                                  ^
  symbol: method distanceToSqr(int,int,int)
G:\Proyectos\Mods_Minecraft\the_sundering\neoforge\26.2\src\main\java\com\skd\thesundering\entity\Deepling\Deepling_Brute_Entity.java:345: error: incompatible types: Deepling_Brute_Entity cannot be converted to Mob
            super(p_32433_);
                  ^
G:\Proyectos\Mods_Minecraft\the_sundering\neoforge\26.2\src\main\java\com\skd\thesundering\entity\Deepling\Deepling_Brute_Entity.java:351: error: cannot find symbol
            LivingEntity livingentity = this.drowned.getTarget();
                                                    ^
  symbol:   method getTarget()
  location: variable drowned of type Deepling_Brute_Entity
G:\Proyectos\Mods_Minecraft\the_sundering\neoforge\26.2\src\main\java\com\skd\thesundering\entity\Deepling\Deepling_Brute_Entity.java:352: error: cannot find symbol
            if (this.drowned.wantsToSwim() && this.drowned.isInWater()) {
                                                          ^
  symbol:   method isInWater()
  location: variable drowned of type Deepling_Brute_Entity
G:\Proyectos\Mods_Minecraft\the_sundering\neoforge\26.2\src\main\java\com\skd\thesundering\entity\Deepling\Deepling_Brute_Entity.java:353: error: cannot find symbol
                if (livingentity != null && livingentity.getY() > this.drowned.getY() || this.drowned.searchingForLand) {
                                                                              ^
  symbol:   method getY()
  location: variable drowned of type Deepling_Brute_Entity
G:\Proyectos\Mods_Minecraft\the_sundering\neoforge\26.2\src\main\java\com\skd\thesundering\entity\Deepling\Deepling_Brute_Entity.java:354: error: cannot find symbol
                    this.drowned.setDeltaMovement(this.drowned.getDeltaMovement().add(0.0, 0.002, 0.0));
                                                              ^
  symbol:   method getDeltaMovement()
  location: variable drowned of type Deepling_Brute_Entity
G:\Proyectos\Mods_Minecraft\the_sundering\neoforge\26.2\src\main\java\com\skd\thesundering\entity\Deepling\Deepling_Brute_Entity.java:356: error: cannot find symbol
                if (this.operation != MoveControl.Operation.MOVE_TO || this.drowned.getNavigation().isDone()) {
                                                                                   ^
  symbol:   method getNavigation()
  location: variable drowned of type Deepling_Brute_Entity
G:\Proyectos\Mods_Minecraft\the_sundering\neoforge\26.2\src\main\java\com\skd\thesundering\entity\Deepling\Deepling_Brute_Entity.java:357: error: cannot find symbol
                    this.drowned.setSpeed(0.0f);
                                ^
  symbol:   method setSpeed(float)
  location: variable drowned of type Deepling_Brute_Entity
G:\Proyectos\Mods_Minecraft\the_sundering\neoforge\26.2\src\main\java\com\skd\thesundering\entity\Deepling\Deepling_Brute_Entity.java:360: error: cannot find symbol
                double d0 = this.wantedX - this.drowned.getX();
                                                       ^
  symbol:   method getX()
  location: variable drowned of type Deepling_Brute_Entity
G:\Proyectos\Mods_Minecraft\the_sundering\neoforge\26.2\src\main\java\com\skd\thesundering\entity\Deepling\Deepling_Brute_Entity.java:361: error: cannot find symbol
                double d1 = this.wantedY - this.drowned.getY();
                                                       ^
  symbol:   method getY()
  location: variable drowned of type Deepling_Brute_Entity
G:\Proyectos\Mods_Minecraft\the_sundering\neoforge\26.2\src\main\java\com\skd\thesundering\entity\Deepling\Deepling_Brute_Entity.java:362: error: cannot find symbol
                double d2 = this.wantedZ - this.drowned.getZ();
                                                       ^
  symbol:   method getZ()
  location: variable drowned of type Deepling_Brute_Entity
G:\Proyectos\Mods_Minecraft\the_sundering\neoforge\26.2\src\main\java\com\skd\thesundering\entity\Deepling\Deepling_Brute_Entity.java:366: error: cannot find symbol
                this.drowned.setYRot(this.rotlerp(this.drowned.getYRot(), f, 90.0f));
                                                              ^
  symbol:   method getYRot()
  location: variable drowned of type Deepling_Brute_Entity
G:\Proyectos\Mods_Minecraft\the_sundering\neoforge\26.2\src\main\java\com\skd\thesundering\entity\Deepling\Deepling_Brute_Entity.java:367: error: cannot find symbol
                this.drowned.yBodyRot = this.drowned.getYRot();
                            ^
  symbol:   variable yBodyRot
  location: variable drowned of type Deepling_Brute_Entity
G:\Proyectos\Mods_Minecraft\the_sundering\neoforge\26.2\src\main\java\com\skd\thesundering\entity\Deepling\Deepling_Brute_Entity.java:367: error: cannot find symbol
                this.drowned.yBodyRot = this.drowned.getYRot();
                                                    ^
  symbol:   method getYRot()
  location: variable drowned of type Deepling_Brute_Entity
G:\Proyectos\Mods_Minecraft\the_sundering\neoforge\26.2\src\main\java\com\skd\thesundering\entity\Deepling\Deepling_Brute_Entity.java:368: error: cannot find symbol
                float f1 = (float)(this.speedModifier * (double)this.speedMulti * this.drowned.getAttributeValue(Attributes.MOVEMENT_SPEED));
                                                                                              ^
  symbol:   method getAttributeValue(Holder<Attribute>)
  location: variable drowned of type Deepling_Brute_Entity
G:\Proyectos\Mods_Minecraft\the_sundering\neoforge\26.2\src\main\java\com\skd\thesundering\entity\Deepling\Deepling_Brute_Entity.java:369: error: cannot find symbol
                float f2 = Mth.lerp((float)0.125f, (float)this.drowned.getSpeed(), (float)f1);
                                                                      ^
  symbol:   method getSpeed()
  location: variable drowned of type Deepling_Brute_Entity
G:\Proyectos\Mods_Minecraft\the_sundering\neoforge\26.2\src\main\java\com\skd\thesundering\entity\Deepling\Deepling_Brute_Entity.java:370: error: cannot find symbol
                this.drowned.setSpeed(f2);
                            ^
  symbol:   method setSpeed(float)
  location: variable drowned of type Deepling_Brute_Entity
G:\Proyectos\Mods_Minecraft\the_sundering\neoforge\26.2\src\main\java\com\skd\thesundering\entity\Deepling\Deepling_Brute_Entity.java:371: error: cannot find symbol
                this.drowned.setDeltaMovement(this.drowned.getDeltaMovement().add((double)f2 * d0 * 0.005, (double)f2 * d1 * 0.1, (double)f2 * d2 * 0.005));
                                                          ^
  symbol:   method getDeltaMovement()
  location: variable drowned of type Deepling_Brute_Entity
G:\Proyectos\Mods_Minecraft\the_sundering\neoforge\26.2\src\main\java\com\skd\thesundering\entity\Deepling\Deepling_Brute_Entity.java:373: error: cannot find symbol
                if (!this.drowned.onGround()) {
                                 ^
  symbol:   method onGround()
  location: variable drowned of type Deepling_Brute_Entity
G:\Proyectos\Mods_Minecraft\the_sundering\neoforge\26.2\src\main\java\com\skd\thesundering\entity\Deepling\Deepling_Brute_Entity.java:374: error: cannot find symbol
                    this.drowned.setDeltaMovement(this.drowned.getDeltaMovement().add(0.0, -0.008, 0.0));
                                                              ^
  symbol:   method getDeltaMovement()
  location: variable drowned of type Deepling_Brute_Entity
G:\Proyectos\Mods_Minecraft\the_sundering\neoforge\26.2\src\main\java\com\skd\thesundering\entity\Deepling\Deepling_Brute_Entity.java:401: error: cannot find symbol
            LivingEntity livingentity = this.mob.getTarget();
                                                ^
  symbol:   method getTarget()
  location: variable mob of type Deepling_Brute_Entity
G:\Proyectos\Mods_Minecraft\the_sundering\neoforge\26.2\src\main\java\com\skd\thesundering\entity\Deepling\Deepling_Brute_Entity.java:402: error: cannot find symbol
            return livingentity != null && livingentity.isAlive() && this.mob.getMainHandItem().is(ModItems.CORAL_BARDICHE.get()) && this.mob.distanceToSqr(livingentity) >= 36.0;
                                                                             ^
  symbol:   method getMainHandItem()
  location: variable mob of type Deepling_Brute_Entity
G:\Proyectos\Mods_Minecraft\the_sundering\neoforge\26.2\src\main\java\com\skd\thesundering\entity\Deepling\Deepling_Brute_Entity.java:402: error: cannot find symbol
            return livingentity != null && livingentity.isAlive() && this.mob.getMainHandItem().is(ModItems.CORAL_BARDICHE.get()) && this.mob.distanceToSqr(livingentity) >= 36.0;
                                                                                                                                             ^
  symbol:   method distanceToSqr(LivingEntity)
  location: variable mob of type Deepling_Brute_Entity
G:\Proyectos\Mods_Minecraft\the_sundering\neoforge\26.2\src\main\java\com\skd\thesundering\entity\Deepling\Deepling_Brute_Entity.java:406: error: cannot find symbol
            return this.canUse() || !this.mob.getNavigation().isDone();
                                             ^
  symbol:   method getNavigation()
  location: variable mob of type Deepling_Brute_Entity
G:\Proyectos\Mods_Minecraft\the_sundering\neoforge\26.2\src\main\java\com\skd\thesundering\entity\Deepling\Deepling_Brute_Entity.java:411: error: cannot find symbol
            this.mob.setAggressive(true);
                    ^
  symbol:   method setAggressive(boolean)
  location: variable mob of type Deepling_Brute_Entity
G:\Proyectos\Mods_Minecraft\the_sundering\neoforge\26.2\src\main\java\com\skd\thesundering\entity\Deepling\Deepling_Brute_Entity.java:412: error: cannot find symbol
            this.mob.startUsingItem(InteractionHand.MAIN_HAND);
                    ^
  symbol:   method startUsingItem(InteractionHand)
  location: variable mob of type Deepling_Brute_Entity
G:\Proyectos\Mods_Minecraft\the_sundering\neoforge\26.2\src\main\java\com\skd\thesundering\entity\Deepling\Deepling_Brute_Entity.java:417: error: cannot find symbol
            this.mob.setAggressive(false);
                    ^
  symbol:   method setAggressive(boolean)
  location: variable mob of type Deepling_Brute_Entity
G:\Proyectos\Mods_Minecraft\the_sundering\neoforge\26.2\src\main\java\com\skd\thesundering\entity\Deepling\Deepling_Brute_Entity.java:420: error: cannot find symbol
            this.mob.stopUsingItem();
                    ^
  symbol:   method stopUsingItem()
  location: variable mob of type Deepling_Brute_Entity
G:\Proyectos\Mods_Minecraft\the_sundering\neoforge\26.2\src\main\java\com\skd\thesundering\entity\Deepling\Deepling_Brute_Entity.java:424: error: cannot find symbol
            LivingEntity livingentity = this.mob.getTarget();
                                                ^
  symbol:   method getTarget()
  location: variable mob of type Deepling_Brute_Entity
G:\Proyectos\Mods_Minecraft\the_sundering\neoforge\26.2\src\main\java\com\skd\thesundering\entity\Deepling\Deepling_Brute_Entity.java:427: error: cannot find symbol
                double d0 = this.mob.distanceToSqr(livingentity.getX(), livingentity.getY(), livingentity.getZ());
                                    ^
  symbol:   method distanceToSqr(double,double,double)
  location: variable mob of type Deepling_Brute_Entity
G:\Proyectos\Mods_Minecraft\the_sundering\neoforge\26.2\src\main\java\com\skd\thesundering\entity\Deepling\Deepling_Brute_Entity.java:428: error: cannot find symbol
                boolean flag = this.mob.hasLineOfSight((Entity)livingentity);
                                       ^
  symbol:   method hasLineOfSight(Entity)
  location: variable mob of type Deepling_Brute_Entity
G:\Proyectos\Mods_Minecraft\the_sundering\neoforge\26.2\src\main\java\com\skd\thesundering\entity\Deepling\Deepling_Brute_Entity.java:435: error: cannot find symbol
                    this.mob.getNavigation().stop();
                            ^
  symbol:   method getNavigation()
  location: variable mob of type Deepling_Brute_Entity
G:\Proyectos\Mods_Minecraft\the_sundering\neoforge\26.2\src\main\java\com\skd\thesundering\entity\Deepling\Deepling_Brute_Entity.java:438: error: cannot find symbol
                    this.mob.getNavigation().moveTo(livingentity, this.moveSpeedAmp);
                            ^
  symbol:   method getNavigation()
  location: variable mob of type Deepling_Brute_Entity
G:\Proyectos\Mods_Minecraft\the_sundering\neoforge\26.2\src\main\java\com\skd\thesundering\entity\Deepling\Deepling_Brute_Entity.java:442: error: cannot find symbol
                    if ((double)this.mob.getRandom().nextFloat() < 0.3) {
                                        ^
  symbol:   method getRandom()
  location: variable mob of type Deepling_Brute_Entity
G:\Proyectos\Mods_Minecraft\the_sundering\neoforge\26.2\src\main\java\com\skd\thesundering\entity\Deepling\Deepling_Brute_Entity.java:445: error: cannot find symbol
                    if ((double)this.mob.getRandom().nextFloat() < 0.3) {
                                        ^
  symbol:   method getRandom()
  location: variable mob of type Deepling_Brute_Entity
G:\Proyectos\Mods_Minecraft\the_sundering\neoforge\26.2\src\main\java\com\skd\thesundering\entity\Deepling\Deepling_Brute_Entity.java:456: error: cannot find symbol
                    this.mob.getMoveControl().strafe(this.strafingBackwards ? -0.5f : 0.5f, this.strafingClockwise ? 0.5f : -0.5f);
                            ^
  symbol:   method getMoveControl()
  location: variable mob of type Deepling_Brute_Entity
G:\Proyectos\Mods_Minecraft\the_sundering\neoforge\26.2\src\main\java\com\skd\thesundering\entity\Deepling\Deepling_Brute_Entity.java:457: error: cannot find symbol
                    this.mob.lookAt(livingentity, 30.0f, 30.0f);
                            ^
  symbol:   method lookAt(LivingEntity,float,float)
  location: variable mob of type Deepling_Brute_Entity
G:\Proyectos\Mods_Minecraft\the_sundering\neoforge\26.2\src\main\java\com\skd\thesundering\entity\Deepling\Deepling_Brute_Entity.java:459: error: cannot find symbol
                    this.mob.getLookControl().setLookAt(livingentity, 30.0f, 30.0f);
                            ^
  symbol:   method getLookControl()
  location: variable mob of type Deepling_Brute_Entity
G:\Proyectos\Mods_Minecraft\the_sundering\neoforge\26.2\src\main\java\com\skd\thesundering\entity\Deepling\Deepling_Brute_Entity.java:462: error: cannot find symbol
                    this.mob.stopUsingItem();
                            ^
  symbol:   method stopUsingItem()
  location: variable mob of type Deepling_Brute_Entity
G:\Proyectos\Mods_Minecraft\the_sundering\neoforge\26.2\src\main\java\com\skd\thesundering\entity\Deepling\Deepling_Brute_Entity.java:463: error: cannot find symbol
                } else if (flag && this.mob.getAnimation() != DEEPLING_BRUTE_TRIDENT_THROW) {
                                           ^
  symbol:   method getAnimation()
  location: variable mob of type Deepling_Brute_Entity
G:\Proyectos\Mods_Minecraft\the_sundering\neoforge\26.2\src\main\java\com\skd\thesundering\entity\Deepling\Deepling_Brute_Entity.java:464: error: cannot find symbol
                    this.mob.setAnimation(DEEPLING_BRUTE_TRIDENT_THROW);
                            ^
  symbol:   method setAnimation(Animation)
  location: variable mob of type Deepling_Brute_Entity
G:\Proyectos\Mods_Minecraft\the_sundering\neoforge\26.2\src\main\java\com\skd\thesundering\entity\Deepling\Deepling_Brute_Entity.java:476: error: incompatible types: Deepling_Brute_Entity cannot be converted to PathfinderMob
            super(p_32409_, p_32410_, 8, 2);
                  ^
G:\Proyectos\Mods_Minecraft\the_sundering\neoforge\26.2\src\main\java\com\skd\thesundering\entity\Deepling\Deepling_Brute_Entity.java:481: error: cannot find symbol
            return super.canUse() && this.drowned.level().isRaining() && this.drowned.isInWater() && this.drowned.getY() >= (double)(this.drowned.level().getSeaLevel() - 3);
                                                 ^
  symbol:   method level()
  location: variable drowned of type Deepling_Brute_Entity
G:\Proyectos\Mods_Minecraft\the_sundering\neoforge\26.2\src\main\java\com\skd\thesundering\entity\Deepling\Deepling_Brute_Entity.java:481: error: cannot find symbol
            return super.canUse() && this.drowned.level().isRaining() && this.drowned.isInWater() && this.drowned.getY() >= (double)(this.drowned.level().getSeaLevel() - 3);
                                                                                     ^
  symbol:   method isInWater()
  location: variable drowned of type Deepling_Brute_Entity
G:\Proyectos\Mods_Minecraft\the_sundering\neoforge\26.2\src\main\java\com\skd\thesundering\entity\Deepling\Deepling_Brute_Entity.java:481: error: cannot find symbol
            return super.canUse() && this.drowned.level().isRaining() && this.drowned.isInWater() && this.drowned.getY() >= (double)(this.drowned.level().getSeaLevel() - 3);
                                                                                                                 ^
  symbol:   method getY()
  location: variable drowned of type Deepling_Brute_Entity
G:\Proyectos\Mods_Minecraft\the_sundering\neoforge\26.2\src\main\java\com\skd\thesundering\entity\Deepling\Deepling_Brute_Entity.java:481: error: cannot find symbol
            return super.canUse() && this.drowned.level().isRaining() && this.drowned.isInWater() && this.drowned.getY() >= (double)(this.drowned.level().getSeaLevel() - 3);
                                                                                                                                                 ^
  symbol:   method level()
  location: variable drowned of type Deepling_Brute_Entity
G:\Proyectos\Mods_Minecraft\the_sundering\neoforge\26.2\src\main\java\com\skd\thesundering\entity\Deepling\Deepling_Brute_Entity.java:490: error: incompatible types: Deepling_Brute_Entity cannot be converted to Entity
            return p_32413_.isEmptyBlock(blockpos) && p_32413_.isEmptyBlock(blockpos.above()) ? p_32413_.getBlockState(p_32414_).entityCanStandOn(p_32413_, p_32414_, this.drowned) : false;
                                                                                                                                                                          ^
G:\Proyectos\Mods_Minecraft\the_sundering\neoforge\26.2\src\main\java\com\skd\thesundering\entity\Deepling\Deepling_Brute_Entity.java:517: error: cannot find symbol
            return (this.drowned.level().isRaining() || this.drowned.isInWater()) && this.drowned.getY() < (double)(this.seaLevel - 2);
                                ^
  symbol:   method level()
  location: variable drowned of type Deepling_Brute_Entity
G:\Proyectos\Mods_Minecraft\the_sundering\neoforge\26.2\src\main\java\com\skd\thesundering\entity\Deepling\Deepling_Brute_Entity.java:517: error: cannot find symbol
            return (this.drowned.level().isRaining() || this.drowned.isInWater()) && this.drowned.getY() < (double)(this.seaLevel - 2);
                                                                    ^
  symbol:   method isInWater()
  location: variable drowned of type Deepling_Brute_Entity
G:\Proyectos\Mods_Minecraft\the_sundering\neoforge\26.2\src\main\java\com\skd\thesundering\entity\Deepling\Deepling_Brute_Entity.java:517: error: cannot find symbol
            return (this.drowned.level().isRaining() || this.drowned.isInWater()) && this.drowned.getY() < (double)(this.seaLevel - 2);
                                                                                                 ^
  symbol:   method getY()
  location: variable drowned of type Deepling_Brute_Entity
G:\Proyectos\Mods_Minecraft\the_sundering\neoforge\26.2\src\main\java\com\skd\thesundering\entity\Deepling\Deepling_Brute_Entity.java:525: error: cannot find symbol
            if (this.drowned.getY() < (double)(this.seaLevel - 1) && (this.drowned.getNavigation().isDone() || this.drowned.closeToNextPos())) {
                            ^
  symbol:   method getY()
  location: variable drowned of type Deepling_Brute_Entity
G:\Proyectos\Mods_Minecraft\the_sundering\neoforge\26.2\src\main\java\com\skd\thesundering\entity\Deepling\Deepling_Brute_Entity.java:525: error: cannot find symbol
            if (this.drowned.getY() < (double)(this.seaLevel - 1) && (this.drowned.getNavigation().isDone() || this.drowned.closeToNextPos())) {
                                                                                  ^
  symbol:   method getNavigation()
  location: variable drowned of type Deepling_Brute_Entity
G:\Proyectos\Mods_Minecraft\the_sundering\neoforge\26.2\src\main\java\com\skd\thesundering\entity\Deepling\Deepling_Brute_Entity.java:526: error: cannot find symbol
                Vec3 vec3 = DefaultRandomPos.getPosTowards(this.drowned, 4, 8, new Vec3(this.drowned.getX(), (double)(this.seaLevel - 1), this.drowned.getZ()), (double)1.5707963705062866);
                                                                                                    ^
  symbol:   method getX()
  location: variable drowned of type Deepling_Brute_Entity
G:\Proyectos\Mods_Minecraft\the_sundering\neoforge\26.2\src\main\java\com\skd\thesundering\entity\Deepling\Deepling_Brute_Entity.java:526: error: cannot find symbol
                Vec3 vec3 = DefaultRandomPos.getPosTowards(this.drowned, 4, 8, new Vec3(this.drowned.getX(), (double)(this.seaLevel - 1), this.drowned.getZ()), (double)1.5707963705062866);
                                                                                                                                                      ^
  symbol:   method getZ()
  location: variable drowned of type Deepling_Brute_Entity
G:\Proyectos\Mods_Minecraft\the_sundering\neoforge\26.2\src\main\java\com\skd\thesundering\entity\Deepling\Deepling_Brute_Entity.java:526: error: incompatible types: Deepling_Brute_Entity cannot be converted to PathfinderMob
                Vec3 vec3 = DefaultRandomPos.getPosTowards(this.drowned, 4, 8, new Vec3(this.drowned.getX(), (double)(this.seaLevel - 1), this.drowned.getZ()), (double)1.5707963705062866);
                                                               ^
G:\Proyectos\Mods_Minecraft\the_sundering\neoforge\26.2\src\main\java\com\skd\thesundering\entity\Deepling\Deepling_Brute_Entity.java:531: error: cannot find symbol
                this.drowned.getNavigation().moveTo(vec3.x, vec3.y, vec3.z, this.speedModifier);
                            ^
  symbol:   method getNavigation()
  location: variable drowned of type Deepling_Brute_Entity
G:\Proyectos\Mods_Minecraft\the_sundering\neoforge\26.2\src\main\java\com\skd\thesundering\entity\Deepling\Deepling_Brute_Entity.java:550: error: incompatible types: Deepling_Brute_Entity cannot be converted to PathfinderMob
            super(p_25552_, p_25553_, p_25554_);
                  ^
G:\Proyectos\Mods_Minecraft\the_sundering\neoforge\26.2\src\main\java\com\skd\thesundering\entity\Deepling\Deepling_Brute_Entity.java:556: error: cannot find symbol
            if (this.canPerformAttack(p_25557_) && this.mob.getAnimation() == IAnimatedEntity.NO_ANIMATION) {
                                                           ^
  symbol:   method getAnimation()
  location: variable mob of type Deepling_Brute_Entity
G:\Proyectos\Mods_Minecraft\the_sundering\neoforge\26.2\src\main\java\com\skd\thesundering\entity\Deepling\Deepling_Brute_Entity.java:557: error: cannot find symbol
                this.mob.setAnimation(DEEPLING_BRUTE_MELEE);
                        ^
  symbol:   method setAnimation(Animation)
  location: variable mob of type Deepling_Brute_Entity
G:\Proyectos\Mods_Minecraft\the_sundering\neoforge\26.2\src\main\java\com\skd\thesundering\client\model\entity\Deepling_Model.java:25: error: type argument Deepling_Entity is not within bounds of type-variable T
extends AdvancedEntityModel<Deepling_Entity> {
                            ^
  where T is a type-variable:
    T extends Entity declared in class AdvancedEntityModel
G:\Proyectos\Mods_Minecraft\the_sundering\neoforge\26.2\src\main\java\com\skd\thesundering\client\model\entity\Deepling_Model.java:95: error: incompatible types: inference variable E has incompatible bounds
        return ImmutableList.of((Object)this.root, (Object)this.left_leg, (Object)this.right_leg, (Object)this.body, (Object)this.headwear, (Object)this.head, (Object)this.head2, (Object)this.r_fin, (Object)this.l_fin, (Object)this.right_arm, (Object)this.left_arm);
                               ^
    equality constraints: AdvancedModelBox
    lower bounds: Object
  where E is a type-variable:
    E extends Object declared in method <E>of(E,E,E,E,E,E,E,E,E,E,E)
G:\Proyectos\Mods_Minecraft\the_sundering\neoforge\26.2\src\main\java\com\skd\thesundering\client\model\entity\Deepling_Model.java:102: error: cannot find symbol
        if (entity.isLeftHanded()) {
                  ^
  symbol:   method isLeftHanded()
  location: variable entity of type Deepling_Entity
G:\Proyectos\Mods_Minecraft\the_sundering\neoforge\26.2\src\main\java\com\skd\thesundering\client\model\entity\Deepling_Model.java:132: error: cannot find symbol
        if (entity.isLeftHanded()) {
                  ^
  symbol:   method isLeftHanded()
  location: variable entity of type Deepling_Entity
G:\Proyectos\Mods_Minecraft\the_sundering\neoforge\26.2\src\main\java\com\skd\thesundering\client\model\entity\Deepling_Model.java:163: error: cannot find symbol
        float swim = entity.getSwimAmount(partialTick);
                           ^
  symbol:   method getSwimAmount(float)
  location: variable entity of type Deepling_Entity
G:\Proyectos\Mods_Minecraft\the_sundering\neoforge\26.2\src\main\java\com\skd\thesundering\client\model\entity\Deepling_Model.java:188: error: cannot find symbol
        if (this.riding) {
                ^
  symbol: variable riding
G:\Proyectos\Mods_Minecraft\the_sundering\neoforge\26.2\src\main\java\com\skd\thesundering\entity\Deepling\Deepling_Entity.java:123: error: cannot find symbol
        this.moveControl = new DeeplingMoveControl(this, 2.0f);
            ^
  symbol: variable moveControl
G:\Proyectos\Mods_Minecraft\the_sundering\neoforge\26.2\src\main\java\com\skd\thesundering\entity\Deepling\Deepling_Entity.java:125: error: cannot find symbol
        this.xpReward = 8;
            ^
  symbol: variable xpReward
G:\Proyectos\Mods_Minecraft\the_sundering\neoforge\26.2\src\main\java\com\skd\thesundering\entity\Deepling\Deepling_Entity.java:131: error: cannot find symbol
        this.goalSelector.addGoal(2, new DeeplingTridentShoot(this, 0.8, 10.0f));
            ^
  symbol: variable goalSelector
G:\Proyectos\Mods_Minecraft\the_sundering\neoforge\26.2\src\main\java\com\skd\thesundering\entity\Deepling\Deepling_Entity.java:132: error: cannot find symbol
        this.goalSelector.addGoal(5, new DeeplingGoToBeachGoal(this, 1.0));
            ^
  symbol: variable goalSelector
G:\Proyectos\Mods_Minecraft\the_sundering\neoforge\26.2\src\main\java\com\skd\thesundering\entity\Deepling\Deepling_Entity.java:133: error: cannot find symbol
        this.goalSelector.addGoal(6, new DeeplingSwimUpGoal(this, 1.0, this.level().getSeaLevel()));
                                                                           ^
  symbol: method level()
G:\Proyectos\Mods_Minecraft\the_sundering\neoforge\26.2\src\main\java\com\skd\thesundering\entity\Deepling\Deepling_Entity.java:133: error: cannot find symbol
        this.goalSelector.addGoal(6, new DeeplingSwimUpGoal(this, 1.0, this.level().getSeaLevel()));
            ^
  symbol: variable goalSelector
G:\Proyectos\Mods_Minecraft\the_sundering\neoforge\26.2\src\main\java\com\skd\thesundering\entity\Deepling\Deepling_Entity.java:134: error: cannot find symbol
        this.targetSelector.addGoal(1, new HurtByTargetGoal(this, new Class[0]).setAlertOthers(new Class[0]));
            ^
  symbol: variable targetSelector
G:\Proyectos\Mods_Minecraft\the_sundering\neoforge\26.2\src\main\java\com\skd\thesundering\entity\Deepling\Deepling_Entity.java:134: error: incompatible types: Deepling_Entity cannot be converted to PathfinderMob
        this.targetSelector.addGoal(1, new HurtByTargetGoal(this, new Class[0]).setAlertOthers(new Class[0]));
                                                            ^
G:\Proyectos\Mods_Minecraft\the_sundering\neoforge\26.2\src\main\java\com\skd\thesundering\entity\Deepling\Deepling_Entity.java:135: error: cannot find symbol
        this.goalSelector.addGoal(3, new AnimationMeleeAttackGoal(this, 1.0, false));
            ^
  symbol: variable goalSelector
G:\Proyectos\Mods_Minecraft\the_sundering\neoforge\26.2\src\main\java\com\skd\thesundering\entity\Deepling\Deepling_Entity.java:148: error: incompatible types: Deepling_Entity cannot be converted to Mob
        return new WaterBoundPathNavigation(this, worldIn);
                                            ^
G:\Proyectos\Mods_Minecraft\the_sundering\neoforge\26.2\src\main\java\com\skd\thesundering\entity\Deepling\Deepling_Entity.java:162: error: cannot find symbol
        this.setItemSlot(EquipmentSlot.MAINHAND, new ItemStack((ItemLike)ModItems.CORAL_SPEAR.get()));
            ^
  symbol: method setItemSlot(EquipmentSlot,ItemStack)
G:\Proyectos\Mods_Minecraft\the_sundering\neoforge\26.2\src\main\java\com\skd\thesundering\entity\Deepling\Deepling_Entity.java:178: error: cannot find symbol
        this.playSound((SoundEvent)ModSounds.DEEPLING_IDLE.get(), 0.15f, 0.6f);
            ^
  symbol: method playSound(SoundEvent,float,float)
G:\Proyectos\Mods_Minecraft\the_sundering\neoforge\26.2\src\main\java\com\skd\thesundering\entity\Deepling\Deepling_Entity.java:182: error: cannot find symbol
        return ModEntities.rollSpawn(CMCommonConfig.Spawning.DeeplingSpawnRolls, this.getRandom(), spawnReasonIn);
                                                                                     ^
  symbol: method getRandom()
G:\Proyectos\Mods_Minecraft\the_sundering\neoforge\26.2\src\main\java\com\skd\thesundering\entity\Deepling\Deepling_Entity.java:194: error: incompatible types: Deepling_Entity cannot be converted to Entity
        return p_32829_.isUnobstructed((Entity)this);
                                               ^
G:\Proyectos\Mods_Minecraft\the_sundering\neoforge\26.2\src\main\java\com\skd\thesundering\entity\Deepling\Deepling_Entity.java:197: error: type argument ? extends Deepling_Entity is not within bounds of type-variable T
    public static boolean candeeplingSpawn(EntityType<? extends Deepling_Entity> guardian, LevelAccessor level, MobSpawnType spawnType, BlockPos pos, RandomSource random) {
                                                      ^
  where T is a type-variable:
    T extends Entity declared in class EntityType
G:\Proyectos\Mods_Minecraft\the_sundering\neoforge\26.2\src\main\java\com\skd\thesundering\entity\Deepling\Deepling_Entity.java:198: error: cannot find symbol
        return level.getDifficulty() != Difficulty.PEACEFUL && (MobSpawnType.isSpawner((MobSpawnType)spawnType) || level.getFluidState(pos).is(FluidTags.WATER));
                                                                                        ^
  symbol:   class MobSpawnType
  location: class Deepling_Entity
G:\Proyectos\Mods_Minecraft\the_sundering\neoforge\26.2\src\main\java\com\skd\thesundering\entity\Deepling\Deepling_Entity.java:198: error: cannot find symbol
        return level.getDifficulty() != Difficulty.PEACEFUL && (MobSpawnType.isSpawner((MobSpawnType)spawnType) || level.getFluidState(pos).is(FluidTags.WATER));
                                                                ^
  symbol:   variable MobSpawnType
  location: class Deepling_Entity
G:\Proyectos\Mods_Minecraft\the_sundering\neoforge\26.2\src\main\java\com\skd\thesundering\entity\Deepling\Deepling_Entity.java:201: error: method does not override or implement a method from a supertype
    @Override
    ^
G:\Proyectos\Mods_Minecraft\the_sundering\neoforge\26.2\src\main\java\com\skd\thesundering\entity\Deepling\Deepling_Entity.java:203: error: cannot find symbol
        return new Animation[]{NO_ANIMATION, DEEPLING_TRIDENT_THROW, DEEPLING_MELEE};
                               ^
  symbol:   variable NO_ANIMATION
  location: class Deepling_Entity
G:\Proyectos\Mods_Minecraft\the_sundering\neoforge\26.2\src\main\java\com\skd\thesundering\entity\Deepling\Deepling_Entity.java:209: error: cannot find symbol
        LivingEntity target = this.getTarget();
                                  ^
  symbol: method getTarget()
G:\Proyectos\Mods_Minecraft\the_sundering\neoforge\26.2\src\main\java\com\skd\thesundering\entity\Deepling\Deepling_Entity.java:210: error: cannot find symbol
        if (this.isAlive()) {
                ^
  symbol: method isAlive()
G:\Proyectos\Mods_Minecraft\the_sundering\neoforge\26.2\src\main\java\com\skd\thesundering\entity\Deepling\Deepling_Entity.java:211: error: cannot find symbol
            if (this.getAnimation() == DEEPLING_TRIDENT_THROW && target != null && this.getAnimationTick() == 11) {
                    ^
  symbol: method getAnimation()
G:\Proyectos\Mods_Minecraft\the_sundering\neoforge\26.2\src\main\java\com\skd\thesundering\entity\Deepling\Deepling_Entity.java:211: error: cannot find symbol
            if (this.getAnimation() == DEEPLING_TRIDENT_THROW && target != null && this.getAnimationTick() == 11) {
                                                                                       ^
  symbol: method getAnimationTick()
G:\Proyectos\Mods_Minecraft\the_sundering\neoforge\26.2\src\main\java\com\skd\thesundering\entity\Deepling\Deepling_Entity.java:212: error: cannot find symbol
                ThrownCoral_Spear_Entity throwntrident = new ThrownCoral_Spear_Entity(this.level(), this, new ItemStack(ModItems.CORAL_SPEAR.get()));
                                                                                          ^
  symbol: method level()
G:\Proyectos\Mods_Minecraft\the_sundering\neoforge\26.2\src\main\java\com\skd\thesundering\entity\Deepling\Deepling_Entity.java:213: error: cannot find symbol
                double p0 = target.getX() - this.getX();
                                                ^
  symbol: method getX()
G:\Proyectos\Mods_Minecraft\the_sundering\neoforge\26.2\src\main\java\com\skd\thesundering\entity\Deepling\Deepling_Entity.java:215: error: cannot find symbol
                double p2 = target.getZ() - this.getZ();
                                                ^
  symbol: method getZ()
G:\Proyectos\Mods_Minecraft\the_sundering\neoforge\26.2\src\main\java\com\skd\thesundering\entity\Deepling\Deepling_Entity.java:217: error: cannot find symbol
                throwntrident.shoot(p0, p1 + p3 * (double)0.2f, p2, 1.6f, 14 - this.level().getDifficulty().getId() * 4);
                                                                                   ^
  symbol: method level()
G:\Proyectos\Mods_Minecraft\the_sundering\neoforge\26.2\src\main\java\com\skd\thesundering\entity\Deepling\Deepling_Entity.java:218: error: cannot find symbol
                this.playSound(SoundEvents.DROWNED_SHOOT, 1.0f, 1.0f / (this.getRandom().nextFloat() * 0.4f + 0.8f));
                                                                            ^
  symbol: method getRandom()
G:\Proyectos\Mods_Minecraft\the_sundering\neoforge\26.2\src\main\java\com\skd\thesundering\entity\Deepling\Deepling_Entity.java:219: error: cannot find symbol
                this.level().addFreshEntity((Entity)throwntrident);
                    ^
  symbol: method level()
G:\Proyectos\Mods_Minecraft\the_sundering\neoforge\26.2\src\main\java\com\skd\thesundering\entity\Deepling\Deepling_Entity.java:221: error: cannot find symbol
            if (this.getAnimation() == DEEPLING_MELEE && this.getAnimationTick() == 5) {
                    ^
  symbol: method getAnimation()
G:\Proyectos\Mods_Minecraft\the_sundering\neoforge\26.2\src\main\java\com\skd\thesundering\entity\Deepling\Deepling_Entity.java:221: error: cannot find symbol
            if (this.getAnimation() == DEEPLING_MELEE && this.getAnimationTick() == 5) {
                                                             ^
  symbol: method getAnimationTick()
G:\Proyectos\Mods_Minecraft\the_sundering\neoforge\26.2\src\main\java\com\skd\thesundering\entity\Deepling\Deepling_Entity.java:222: error: cannot find symbol
                this.playSound((SoundEvent)ModSounds.DEEPLING_SWING.get(), 1.0f, 1.0f / (this.getRandom().nextFloat() * 0.4f + 0.8f));
                                                                                             ^
  symbol: method getRandom()
G:\Proyectos\Mods_Minecraft\the_sundering\neoforge\26.2\src\main\java\com\skd\thesundering\entity\Deepling\Deepling_Entity.java:223: error: cannot find symbol
                if (target != null && this.distanceTo(target) < 3.0f) {
                                          ^
  symbol: method distanceTo(LivingEntity)
G:\Proyectos\Mods_Minecraft\the_sundering\neoforge\26.2\src\main\java\com\skd\thesundering\entity\Deepling\Deepling_Entity.java:224: error: cannot find symbol
                    float damage = (float)this.getAttributeValue(Attributes.ATTACK_DAMAGE);
                                              ^
  symbol: method getAttributeValue(Holder<Attribute>)
G:\Proyectos\Mods_Minecraft\the_sundering\neoforge\26.2\src\main\java\com\skd\thesundering\entity\Deepling\Deepling_Entity.java:225: error: incompatible types: Deepling_Entity cannot be converted to LivingEntity
                    target.hurt(this.damageSources().mobAttack((LivingEntity)this), damage);
                                                                             ^
G:\Proyectos\Mods_Minecraft\the_sundering\neoforge\26.2\src\main\java\com\skd\thesundering\entity\Deepling\Deepling_Entity.java:225: error: cannot find symbol
                    target.hurt(this.damageSources().mobAttack((LivingEntity)this), damage);
                                    ^
  symbol: method damageSources()
G:\Proyectos\Mods_Minecraft\the_sundering\neoforge\26.2\src\main\java\com\skd\thesundering\entity\Deepling\Deepling_Entity.java:235: error: cannot find symbol
        LivingEntity livingentity = this.getTarget();
                                        ^
  symbol: method getTarget()
G:\Proyectos\Mods_Minecraft\the_sundering\neoforge\26.2\src\main\java\com\skd\thesundering\entity\Deepling\Deepling_Entity.java:245: error: cannot find symbol
        if (this.isEffectiveAi() && this.isInWater() && this.wantsToSwim()) {
                ^
  symbol: method isEffectiveAi()
G:\Proyectos\Mods_Minecraft\the_sundering\neoforge\26.2\src\main\java\com\skd\thesundering\entity\Deepling\Deepling_Entity.java:245: error: cannot find symbol
        if (this.isEffectiveAi() && this.isInWater() && this.wantsToSwim()) {
                                        ^
  symbol: method isInWater()
G:\Proyectos\Mods_Minecraft\the_sundering\neoforge\26.2\src\main\java\com\skd\thesundering\entity\Deepling\Deepling_Entity.java:246: error: cannot find symbol
            this.moveRelative(0.01f, p_32394_);
                ^
  symbol: method moveRelative(float,Vec3)
G:\Proyectos\Mods_Minecraft\the_sundering\neoforge\26.2\src\main\java\com\skd\thesundering\entity\Deepling\Deepling_Entity.java:247: error: cannot find symbol
            this.move(MoverType.SELF, this.getDeltaMovement());
                                          ^
  symbol: method getDeltaMovement()
G:\Proyectos\Mods_Minecraft\the_sundering\neoforge\26.2\src\main\java\com\skd\thesundering\entity\Deepling\Deepling_Entity.java:248: error: cannot find symbol
            this.setDeltaMovement(this.getDeltaMovement().scale(0.9));
                                      ^
  symbol: method getDeltaMovement()
G:\Proyectos\Mods_Minecraft\the_sundering\neoforge\26.2\src\main\java\com\skd\thesundering\entity\Deepling\Deepling_Entity.java:250: error: cannot find symbol
            super.travel(p_32394_);
                 ^
  symbol: method travel(Vec3)
G:\Proyectos\Mods_Minecraft\the_sundering\neoforge\26.2\src\main\java\com\skd\thesundering\entity\Deepling\Deepling_Entity.java:263: error: cannot find symbol
        Path path = this.getNavigation().getPath();
                        ^
  symbol: method getNavigation()
G:\Proyectos\Mods_Minecraft\the_sundering\neoforge\26.2\src\main\java\com\skd\thesundering\entity\Deepling\Deepling_Entity.java:264: error: cannot find symbol
        return path != null && (blockpos = path.getTarget()) != null && (d0 = this.distanceToSqr(blockpos.getX(), blockpos.getY(), blockpos.getZ())) < 4.0;
                                                                                  ^
  symbol: method distanceToSqr(int,int,int)
G:\Proyectos\Mods_Minecraft\the_sundering\neoforge\26.2\src\main\java\com\skd\thesundering\entity\Deepling\Deepling_Entity.java:277: error: incompatible types: Deepling_Entity cannot be converted to Mob
            super(p_32433_);
                  ^
G:\Proyectos\Mods_Minecraft\the_sundering\neoforge\26.2\src\main\java\com\skd\thesundering\entity\Deepling\Deepling_Entity.java:283: error: cannot find symbol
            LivingEntity livingentity = this.drowned.getTarget();
                                                    ^
  symbol:   method getTarget()
  location: variable drowned of type Deepling_Entity
G:\Proyectos\Mods_Minecraft\the_sundering\neoforge\26.2\src\main\java\com\skd\thesundering\entity\Deepling\Deepling_Entity.java:284: error: cannot find symbol
            if (this.drowned.wantsToSwim() && this.drowned.isInWater()) {
                                                          ^
  symbol:   method isInWater()
  location: variable drowned of type Deepling_Entity
G:\Proyectos\Mods_Minecraft\the_sundering\neoforge\26.2\src\main\java\com\skd\thesundering\entity\Deepling\Deepling_Entity.java:285: error: cannot find symbol
                if (livingentity != null && livingentity.getY() > this.drowned.getY() || this.drowned.searchingForLand) {
                                                                              ^
  symbol:   method getY()
  location: variable drowned of type Deepling_Entity
G:\Proyectos\Mods_Minecraft\the_sundering\neoforge\26.2\src\main\java\com\skd\thesundering\entity\Deepling\Deepling_Entity.java:286: error: cannot find symbol
                    this.drowned.setDeltaMovement(this.drowned.getDeltaMovement().add(0.0, 0.002, 0.0));
                                                              ^
  symbol:   method getDeltaMovement()
  location: variable drowned of type Deepling_Entity
G:\Proyectos\Mods_Minecraft\the_sundering\neoforge\26.2\src\main\java\com\skd\thesundering\entity\Deepling\Deepling_Entity.java:288: error: cannot find symbol
                if (this.operation != MoveControl.Operation.MOVE_TO || this.drowned.getNavigation().isDone()) {
                                                                                   ^
  symbol:   method getNavigation()
  location: variable drowned of type Deepling_Entity
G:\Proyectos\Mods_Minecraft\the_sundering\neoforge\26.2\src\main\java\com\skd\thesundering\entity\Deepling\Deepling_Entity.java:289: error: cannot find symbol
                    this.drowned.setSpeed(0.0f);
                                ^
  symbol:   method setSpeed(float)
  location: variable drowned of type Deepling_Entity
G:\Proyectos\Mods_Minecraft\the_sundering\neoforge\26.2\src\main\java\com\skd\thesundering\entity\Deepling\Deepling_Entity.java:292: error: cannot find symbol
                double d0 = this.wantedX - this.drowned.getX();
                                                       ^
  symbol:   method getX()
  location: variable drowned of type Deepling_Entity
G:\Proyectos\Mods_Minecraft\the_sundering\neoforge\26.2\src\main\java\com\skd\thesundering\entity\Deepling\Deepling_Entity.java:293: error: cannot find symbol
                double d1 = this.wantedY - this.drowned.getY();
                                                       ^
  symbol:   method getY()
  location: variable drowned of type Deepling_Entity
G:\Proyectos\Mods_Minecraft\the_sundering\neoforge\26.2\src\main\java\com\skd\thesundering\entity\Deepling\Deepling_Entity.java:294: error: cannot find symbol
                double d2 = this.wantedZ - this.drowned.getZ();
                                                       ^
  symbol:   method getZ()
  location: variable drowned of type Deepling_Entity
G:\Proyectos\Mods_Minecraft\the_sundering\neoforge\26.2\src\main\java\com\skd\thesundering\entity\Deepling\Deepling_Entity.java:298: error: cannot find symbol
                this.drowned.setYRot(this.rotlerp(this.drowned.getYRot(), f, 90.0f));
                                                              ^
  symbol:   method getYRot()
  location: variable drowned of type Deepling_Entity
G:\Proyectos\Mods_Minecraft\the_sundering\neoforge\26.2\src\main\java\com\skd\thesundering\entity\Deepling\Deepling_Entity.java:299: error: cannot find symbol
                this.drowned.yBodyRot = this.drowned.getYRot();
                            ^
  symbol:   variable yBodyRot
  location: variable drowned of type Deepling_Entity
G:\Proyectos\Mods_Minecraft\the_sundering\neoforge\26.2\src\main\java\com\skd\thesundering\entity\Deepling\Deepling_Entity.java:299: error: cannot find symbol
                this.drowned.yBodyRot = this.drowned.getYRot();
                                                    ^
  symbol:   method getYRot()
  location: variable drowned of type Deepling_Entity
G:\Proyectos\Mods_Minecraft\the_sundering\neoforge\26.2\src\main\java\com\skd\thesundering\entity\Deepling\Deepling_Entity.java:300: error: cannot find symbol
                float f1 = (float)(this.speedModifier * (double)this.speedMulti * this.drowned.getAttributeValue(Attributes.MOVEMENT_SPEED));
                                                                                              ^
  symbol:   method getAttributeValue(Holder<Attribute>)
  location: variable drowned of type Deepling_Entity
G:\Proyectos\Mods_Minecraft\the_sundering\neoforge\26.2\src\main\java\com\skd\thesundering\entity\Deepling\Deepling_Entity.java:301: error: cannot find symbol
                float f2 = Mth.lerp((float)0.125f, (float)this.drowned.getSpeed(), (float)f1);
                                                                      ^
  symbol:   method getSpeed()
  location: variable drowned of type Deepling_Entity
G:\Proyectos\Mods_Minecraft\the_sundering\neoforge\26.2\src\main\java\com\skd\thesundering\entity\Deepling\Deepling_Entity.java:302: error: cannot find symbol
                this.drowned.setSpeed(f2);
                            ^
  symbol:   method setSpeed(float)
  location: variable drowned of type Deepling_Entity
G:\Proyectos\Mods_Minecraft\the_sundering\neoforge\26.2\src\main\java\com\skd\thesundering\entity\Deepling\Deepling_Entity.java:303: error: cannot find symbol
                this.drowned.setDeltaMovement(this.drowned.getDeltaMovement().add((double)f2 * d0 * 0.005, (double)f2 * d1 * 0.1, (double)f2 * d2 * 0.005));
                                                          ^
  symbol:   method getDeltaMovement()
  location: variable drowned of type Deepling_Entity
G:\Proyectos\Mods_Minecraft\the_sundering\neoforge\26.2\src\main\java\com\skd\thesundering\entity\Deepling\Deepling_Entity.java:305: error: cannot find symbol
                if (!this.drowned.onGround()) {
                                 ^
  symbol:   method onGround()
  location: variable drowned of type Deepling_Entity
G:\Proyectos\Mods_Minecraft\the_sundering\neoforge\26.2\src\main\java\com\skd\thesundering\entity\Deepling\Deepling_Entity.java:306: error: cannot find symbol
                    this.drowned.setDeltaMovement(this.drowned.getDeltaMovement().add(0.0, -0.008, 0.0));
                                                              ^
  symbol:   method getDeltaMovement()
  location: variable drowned of type Deepling_Entity
G:\Proyectos\Mods_Minecraft\the_sundering\neoforge\26.2\src\main\java\com\skd\thesundering\entity\Deepling\Deepling_Entity.java:333: error: cannot find symbol
            LivingEntity livingentity = this.mob.getTarget();
                                                ^
  symbol:   method getTarget()
  location: variable mob of type Deepling_Entity
G:\Proyectos\Mods_Minecraft\the_sundering\neoforge\26.2\src\main\java\com\skd\thesundering\entity\Deepling\Deepling_Entity.java:334: error: cannot find symbol
            return livingentity != null && livingentity.isAlive() && this.mob.getMainHandItem().is(ModItems.CORAL_SPEAR.get()) && this.mob.distanceToSqr(livingentity) >= 36.0;
                                                                             ^
  symbol:   method getMainHandItem()
  location: variable mob of type Deepling_Entity
G:\Proyectos\Mods_Minecraft\the_sundering\neoforge\26.2\src\main\java\com\skd\thesundering\entity\Deepling\Deepling_Entity.java:334: error: cannot find symbol
            return livingentity != null && livingentity.isAlive() && this.mob.getMainHandItem().is(ModItems.CORAL_SPEAR.get()) && this.mob.distanceToSqr(livingentity) >= 36.0;
                                                                                                                                          ^
  symbol:   method distanceToSqr(LivingEntity)
  location: variable mob of type Deepling_Entity
G:\Proyectos\Mods_Minecraft\the_sundering\neoforge\26.2\src\main\java\com\skd\thesundering\entity\Deepling\Deepling_Entity.java:338: error: cannot find symbol
            return this.canUse() || !this.mob.getNavigation().isDone();
                                             ^
  symbol:   method getNavigation()
  location: variable mob of type Deepling_Entity
G:\Proyectos\Mods_Minecraft\the_sundering\neoforge\26.2\src\main\java\com\skd\thesundering\entity\Deepling\Deepling_Entity.java:343: error: cannot find symbol
            this.mob.setAggressive(true);
                    ^
  symbol:   method setAggressive(boolean)
  location: variable mob of type Deepling_Entity
G:\Proyectos\Mods_Minecraft\the_sundering\neoforge\26.2\src\main\java\com\skd\thesundering\entity\Deepling\Deepling_Entity.java:344: error: cannot find symbol
            this.mob.startUsingItem(InteractionHand.MAIN_HAND);
                    ^
  symbol:   method startUsingItem(InteractionHand)
  location: variable mob of type Deepling_Entity
G:\Proyectos\Mods_Minecraft\the_sundering\neoforge\26.2\src\main\java\com\skd\thesundering\entity\Deepling\Deepling_Entity.java:349: error: cannot find symbol
            this.mob.setAggressive(false);
                    ^
  symbol:   method setAggressive(boolean)
  location: variable mob of type Deepling_Entity
G:\Proyectos\Mods_Minecraft\the_sundering\neoforge\26.2\src\main\java\com\skd\thesundering\entity\Deepling\Deepling_Entity.java:352: error: cannot find symbol
            this.mob.stopUsingItem();
                    ^
  symbol:   method stopUsingItem()
  location: variable mob of type Deepling_Entity
G:\Proyectos\Mods_Minecraft\the_sundering\neoforge\26.2\src\main\java\com\skd\thesundering\entity\Deepling\Deepling_Entity.java:356: error: cannot find symbol
            LivingEntity livingentity = this.mob.getTarget();
                                                ^
  symbol:   method getTarget()
  location: variable mob of type Deepling_Entity
G:\Proyectos\Mods_Minecraft\the_sundering\neoforge\26.2\src\main\java\com\skd\thesundering\entity\Deepling\Deepling_Entity.java:359: error: cannot find symbol
                double d0 = this.mob.distanceToSqr(livingentity.getX(), livingentity.getY(), livingentity.getZ());
                                    ^
  symbol:   method distanceToSqr(double,double,double)
  location: variable mob of type Deepling_Entity
G:\Proyectos\Mods_Minecraft\the_sundering\neoforge\26.2\src\main\java\com\skd\thesundering\entity\Deepling\Deepling_Entity.java:360: error: cannot find symbol
                boolean flag = this.mob.hasLineOfSight((Entity)livingentity);
                                       ^
  symbol:   method hasLineOfSight(Entity)
  location: variable mob of type Deepling_Entity
G:\Proyectos\Mods_Minecraft\the_sundering\neoforge\26.2\src\main\java\com\skd\thesundering\entity\Deepling\Deepling_Entity.java:367: error: cannot find symbol
                    this.mob.getNavigation().stop();
                            ^
  symbol:   method getNavigation()
  location: variable mob of type Deepling_Entity
G:\Proyectos\Mods_Minecraft\the_sundering\neoforge\26.2\src\main\java\com\skd\thesundering\entity\Deepling\Deepling_Entity.java:370: error: cannot find symbol
                    this.mob.getNavigation().moveTo(livingentity, this.moveSpeedAmp);
                            ^
  symbol:   method getNavigation()
  location: variable mob of type Deepling_Entity
G:\Proyectos\Mods_Minecraft\the_sundering\neoforge\26.2\src\main\java\com\skd\thesundering\entity\Deepling\Deepling_Entity.java:374: error: cannot find symbol
                    if ((double)this.mob.getRandom().nextFloat() < 0.3) {
                                        ^
  symbol:   method getRandom()
  location: variable mob of type Deepling_Entity
G:\Proyectos\Mods_Minecraft\the_sundering\neoforge\26.2\src\main\java\com\skd\thesundering\entity\Deepling\Deepling_Entity.java:377: error: cannot find symbol
                    if ((double)this.mob.getRandom().nextFloat() < 0.3) {
                                        ^
  symbol:   method getRandom()
  location: variable mob of type Deepling_Entity
G:\Proyectos\Mods_Minecraft\the_sundering\neoforge\26.2\src\main\java\com\skd\thesundering\entity\Deepling\Deepling_Entity.java:388: error: cannot find symbol
                    this.mob.getMoveControl().strafe(this.strafingBackwards ? -0.5f : 0.5f, this.strafingClockwise ? 0.5f : -0.5f);
                            ^
  symbol:   method getMoveControl()
  location: variable mob of type Deepling_Entity
G:\Proyectos\Mods_Minecraft\the_sundering\neoforge\26.2\src\main\java\com\skd\thesundering\entity\Deepling\Deepling_Entity.java:389: error: cannot find symbol
                    this.mob.lookAt(livingentity, 30.0f, 30.0f);
                            ^
  symbol:   method lookAt(LivingEntity,float,float)
  location: variable mob of type Deepling_Entity
G:\Proyectos\Mods_Minecraft\the_sundering\neoforge\26.2\src\main\java\com\skd\thesundering\entity\Deepling\Deepling_Entity.java:391: error: cannot find symbol
                    this.mob.getLookControl().setLookAt(livingentity, 30.0f, 30.0f);
                            ^
  symbol:   method getLookControl()
  location: variable mob of type Deepling_Entity
G:\Proyectos\Mods_Minecraft\the_sundering\neoforge\26.2\src\main\java\com\skd\thesundering\entity\Deepling\Deepling_Entity.java:394: error: cannot find symbol
                    this.mob.stopUsingItem();
                            ^
  symbol:   method stopUsingItem()
  location: variable mob of type Deepling_Entity
G:\Proyectos\Mods_Minecraft\the_sundering\neoforge\26.2\src\main\java\com\skd\thesundering\entity\Deepling\Deepling_Entity.java:395: error: cannot find symbol
                } else if (flag && this.mob.getAnimation() != DEEPLING_TRIDENT_THROW) {
                                           ^
  symbol:   method getAnimation()
  location: variable mob of type Deepling_Entity
G:\Proyectos\Mods_Minecraft\the_sundering\neoforge\26.2\src\main\java\com\skd\thesundering\entity\Deepling\Deepling_Entity.java:396: error: cannot find symbol
                    this.mob.setAnimation(DEEPLING_TRIDENT_THROW);
                            ^
  symbol:   method setAnimation(Animation)
  location: variable mob of type Deepling_Entity
G:\Proyectos\Mods_Minecraft\the_sundering\neoforge\26.2\src\main\java\com\skd\thesundering\entity\Deepling\Deepling_Entity.java:408: error: incompatible types: Deepling_Entity cannot be converted to PathfinderMob
            super(p_32409_, p_32410_, 8, 2);
                  ^
G:\Proyectos\Mods_Minecraft\the_sundering\neoforge\26.2\src\main\java\com\skd\thesundering\entity\Deepling\Deepling_Entity.java:413: error: cannot find symbol
            return super.canUse() && this.drowned.level().isRaining() && this.drowned.isInWater() && this.drowned.getY() >= (double)(this.drowned.level().getSeaLevel() - 3);
                                                 ^
  symbol:   method level()
  location: variable drowned of type Deepling_Entity
G:\Proyectos\Mods_Minecraft\the_sundering\neoforge\26.2\src\main\java\com\skd\thesundering\entity\Deepling\Deepling_Entity.java:413: error: cannot find symbol
            return super.canUse() && this.drowned.level().isRaining() && this.drowned.isInWater() && this.drowned.getY() >= (double)(this.drowned.level().getSeaLevel() - 3);
                                                                                     ^
  symbol:   method isInWater()
  location: variable drowned of type Deepling_Entity
G:\Proyectos\Mods_Minecraft\the_sundering\neoforge\26.2\src\main\java\com\skd\thesundering\entity\Deepling\Deepling_Entity.java:413: error: cannot find symbol
            return super.canUse() && this.drowned.level().isRaining() && this.drowned.isInWater() && this.drowned.getY() >= (double)(this.drowned.level().getSeaLevel() - 3);
                                                                                                                 ^
  symbol:   method getY()
  location: variable drowned of type Deepling_Entity
G:\Proyectos\Mods_Minecraft\the_sundering\neoforge\26.2\src\main\java\com\skd\thesundering\entity\Deepling\Deepling_Entity.java:413: error: cannot find symbol
            return super.canUse() && this.drowned.level().isRaining() && this.drowned.isInWater() && this.drowned.getY() >= (double)(this.drowned.level().getSeaLevel() - 3);
                                                                                                                                                 ^
  symbol:   method level()
  location: variable drowned of type Deepling_Entity
G:\Proyectos\Mods_Minecraft\the_sundering\neoforge\26.2\src\main\java\com\skd\thesundering\entity\Deepling\Deepling_Entity.java:422: error: incompatible types: Deepling_Entity cannot be converted to Entity
            return p_32413_.isEmptyBlock(blockpos) && p_32413_.isEmptyBlock(blockpos.above()) ? p_32413_.getBlockState(p_32414_).entityCanStandOn(p_32413_, p_32414_, this.drowned) : false;
                                                                                                                                                                          ^
G:\Proyectos\Mods_Minecraft\the_sundering\neoforge\26.2\src\main\java\com\skd\thesundering\entity\Deepling\Deepling_Entity.java:449: error: cannot find symbol
            return (this.drowned.level().isRaining() || this.drowned.isInWater()) && this.drowned.getY() < (double)(this.seaLevel - 2);
                                ^
  symbol:   method level()
  location: variable drowned of type Deepling_Entity
G:\Proyectos\Mods_Minecraft\the_sundering\neoforge\26.2\src\main\java\com\skd\thesundering\entity\Deepling\Deepling_Entity.java:449: error: cannot find symbol
            return (this.drowned.level().isRaining() || this.drowned.isInWater()) && this.drowned.getY() < (double)(this.seaLevel - 2);
                                                                    ^
  symbol:   method isInWater()
  location: variable drowned of type Deepling_Entity
G:\Proyectos\Mods_Minecraft\the_sundering\neoforge\26.2\src\main\java\com\skd\thesundering\entity\Deepling\Deepling_Entity.java:449: error: cannot find symbol
            return (this.drowned.level().isRaining() || this.drowned.isInWater()) && this.drowned.getY() < (double)(this.seaLevel - 2);
                                                                                                 ^
  symbol:   method getY()
  location: variable drowned of type Deepling_Entity
G:\Proyectos\Mods_Minecraft\the_sundering\neoforge\26.2\src\main\java\com\skd\thesundering\entity\Deepling\Deepling_Entity.java:457: error: cannot find symbol
            if (this.drowned.getY() < (double)(this.seaLevel - 1) && (this.drowned.getNavigation().isDone() || this.drowned.closeToNextPos())) {
                            ^
  symbol:   method getY()
  location: variable drowned of type Deepling_Entity
G:\Proyectos\Mods_Minecraft\the_sundering\neoforge\26.2\src\main\java\com\skd\thesundering\entity\Deepling\Deepling_Entity.java:457: error: cannot find symbol
            if (this.drowned.getY() < (double)(this.seaLevel - 1) && (this.drowned.getNavigation().isDone() || this.drowned.closeToNextPos())) {
                                                                                  ^
  symbol:   method getNavigation()
  location: variable drowned of type Deepling_Entity
G:\Proyectos\Mods_Minecraft\the_sundering\neoforge\26.2\src\main\java\com\skd\thesundering\entity\Deepling\Deepling_Entity.java:458: error: cannot find symbol
                Vec3 vec3 = DefaultRandomPos.getPosTowards(this.drowned, 4, 8, new Vec3(this.drowned.getX(), (double)(this.seaLevel - 1), this.drowned.getZ()), (double)1.5707963705062866);
                                                                                                    ^
  symbol:   method getX()
  location: variable drowned of type Deepling_Entity
G:\Proyectos\Mods_Minecraft\the_sundering\neoforge\26.2\src\main\java\com\skd\thesundering\entity\Deepling\Deepling_Entity.java:458: error: cannot find symbol
                Vec3 vec3 = DefaultRandomPos.getPosTowards(this.drowned, 4, 8, new Vec3(this.drowned.getX(), (double)(this.seaLevel - 1), this.drowned.getZ()), (double)1.5707963705062866);
                                                                                                                                                      ^
  symbol:   method getZ()
  location: variable drowned of type Deepling_Entity
G:\Proyectos\Mods_Minecraft\the_sundering\neoforge\26.2\src\main\java\com\skd\thesundering\entity\Deepling\Deepling_Entity.java:458: error: incompatible types: Deepling_Entity cannot be converted to PathfinderMob
                Vec3 vec3 = DefaultRandomPos.getPosTowards(this.drowned, 4, 8, new Vec3(this.drowned.getX(), (double)(this.seaLevel - 1), this.drowned.getZ()), (double)1.5707963705062866);
                                                               ^
G:\Proyectos\Mods_Minecraft\the_sundering\neoforge\26.2\src\main\java\com\skd\thesundering\entity\Deepling\Deepling_Entity.java:463: error: cannot find symbol
                this.drowned.getNavigation().moveTo(vec3.x, vec3.y, vec3.z, this.speedModifier);
                            ^
  symbol:   method getNavigation()
  location: variable drowned of type Deepling_Entity
G:\Proyectos\Mods_Minecraft\the_sundering\neoforge\26.2\src\main\java\com\skd\thesundering\entity\Deepling\Deepling_Entity.java:482: error: incompatible types: Deepling_Entity cannot be converted to PathfinderMob
            super(p_25552_, p_25553_, p_25554_);
                  ^
G:\Proyectos\Mods_Minecraft\the_sundering\neoforge\26.2\src\main\java\com\skd\thesundering\entity\Deepling\Deepling_Entity.java:488: error: cannot find symbol
            if (this.canPerformAttack(p_25557_) && this.mob.getAnimation() == IAnimatedEntity.NO_ANIMATION) {
                                                           ^
  symbol:   method getAnimation()
  location: variable mob of type Deepling_Entity
G:\Proyectos\Mods_Minecraft\the_sundering\neoforge\26.2\src\main\java\com\skd\thesundering\entity\Deepling\Deepling_Entity.java:489: error: cannot find symbol
                this.mob.setAnimation(DEEPLING_MELEE);
                        ^
  symbol:   method setAnimation(Animation)
  location: variable mob of type Deepling_Entity
G:\Proyectos\Mods_Minecraft\the_sundering\neoforge\26.2\src\main\java\com\skd\thesundering\client\model\entity\Deepling_Priest_Model.java:25: error: type argument Deepling_Priest_Entity is not within bounds of type-variable T
extends AdvancedEntityModel<Deepling_Priest_Entity> {
                            ^
  where T is a type-variable:
    T extends Entity declared in class AdvancedEntityModel
G:\Proyectos\Mods_Minecraft\the_sundering\neoforge\26.2\src\main\java\com\skd\thesundering\client\model\entity\Deepling_Priest_Model.java:128: error: incompatible types: inference variable E has incompatible bounds
        return ImmutableList.of((Object)this.root, (Object)this.left_leg, (Object)this.right_leg, (Object)this.body, (Object)this.headwear, (Object)this.head, (Object)this.head2, (Object)this.r_fin, (Object)this.l_fin, (Object)this.right_arm, (Object)this.left_arm, (Object)this.fin, (Object[])new AdvancedModelBox[]{this.light});
                               ^
    equality constraints: AdvancedModelBox
    lower bounds: Object
  where E is a type-variable:
    E extends Object declared in method <E>of(E,E,E,E,E,E,E,E,E,E,E,E,E...)
G:\Proyectos\Mods_Minecraft\the_sundering\neoforge\26.2\src\main\java\com\skd\thesundering\client\model\entity\Deepling_Priest_Model.java:135: error: cannot find symbol
        if (entity.isLeftHanded()) {
                  ^
  symbol:   method isLeftHanded()
  location: variable entity of type Deepling_Priest_Entity
G:\Proyectos\Mods_Minecraft\the_sundering\neoforge\26.2\src\main\java\com\skd\thesundering\client\model\entity\Deepling_Priest_Model.java:185: error: cannot find symbol
        float swim = entity.getSwimAmount(partialTick);
                           ^
  symbol:   method getSwimAmount(float)
  location: variable entity of type Deepling_Priest_Entity
G:\Proyectos\Mods_Minecraft\the_sundering\neoforge\26.2\src\main\java\com\skd\thesundering\client\model\entity\Deepling_Priest_Model.java:210: error: cannot find symbol
        if (this.riding) {
                ^
  symbol: variable riding
G:\Proyectos\Mods_Minecraft\the_sundering\neoforge\26.2\src\main\java\com\skd\thesundering\entity\Deepling\Deepling_Priest_Entity.java:113: error: cannot find symbol
        this.xpReward = 10;
            ^
  symbol: variable xpReward
G:\Proyectos\Mods_Minecraft\the_sundering\neoforge\26.2\src\main\java\com\skd\thesundering\entity\Deepling\Deepling_Priest_Entity.java:119: error: cannot find symbol
        this.goalSelector.addGoal(2, new DeeplingLightGoal(this));
            ^
  symbol: variable goalSelector
G:\Proyectos\Mods_Minecraft\the_sundering\neoforge\26.2\src\main\java\com\skd\thesundering\entity\Deepling\Deepling_Priest_Entity.java:120: error: cannot find symbol
        this.targetSelector.addGoal(1, new HurtByTargetGoal(this, new Class[0]).setAlertOthers(new Class[0]));
            ^
  symbol: variable targetSelector
G:\Proyectos\Mods_Minecraft\the_sundering\neoforge\26.2\src\main\java\com\skd\thesundering\entity\Deepling\Deepling_Priest_Entity.java:120: error: incompatible types: Deepling_Priest_Entity cannot be converted to PathfinderMob
        this.targetSelector.addGoal(1, new HurtByTargetGoal(this, new Class[0]).setAlertOthers(new Class[0]));
                                                            ^
G:\Proyectos\Mods_Minecraft\the_sundering\neoforge\26.2\src\main\java\com\skd\thesundering\entity\Deepling\Deepling_Priest_Entity.java:121: error: cannot find symbol
        this.goalSelector.addGoal(3, new AnimationMeleeAttackGoal(this, 1.0, false));
            ^
  symbol: variable goalSelector
G:\Proyectos\Mods_Minecraft\the_sundering\neoforge\26.2\src\main\java\com\skd\thesundering\entity\Deepling\Deepling_Priest_Entity.java:134: error: incompatible types: Deepling_Priest_Entity cannot be converted to Mob
        return new WaterBoundPathNavigation(this, worldIn);
                                            ^
G:\Proyectos\Mods_Minecraft\the_sundering\neoforge\26.2\src\main\java\com\skd\thesundering\entity\Deepling\Deepling_Priest_Entity.java:148: error: cannot find symbol
        this.setItemSlot(EquipmentSlot.MAINHAND, new ItemStack((ItemLike)ModItems.ATHAME.get()));
            ^
  symbol: method setItemSlot(EquipmentSlot,ItemStack)
G:\Proyectos\Mods_Minecraft\the_sundering\neoforge\26.2\src\main\java\com\skd\thesundering\entity\Deepling\Deepling_Priest_Entity.java:149: error: cannot find symbol
        this.setDropChance(EquipmentSlot.MAINHAND, 0.0f);
            ^
  symbol: method setDropChance(EquipmentSlot,float)
G:\Proyectos\Mods_Minecraft\the_sundering\neoforge\26.2\src\main\java\com\skd\thesundering\entity\Deepling\Deepling_Priest_Entity.java:165: error: cannot find symbol
        this.playSound((SoundEvent)ModSounds.DEEPLING_IDLE.get(), 0.15f, 0.6f);
            ^
  symbol: method playSound(SoundEvent,float,float)
G:\Proyectos\Mods_Minecraft\the_sundering\neoforge\26.2\src\main\java\com\skd\thesundering\entity\Deepling\Deepling_Priest_Entity.java:169: error: cannot find symbol
        if (ModEntities.rollSpawn(CMCommonConfig.Spawning.DeeplingPriestSpawnRolls, this.getRandom(), spawnReasonIn) && worldIn instanceof ServerLevel) {
                                                                                        ^
  symbol: method getRandom()
G:\Proyectos\Mods_Minecraft\the_sundering\neoforge\26.2\src\main\java\com\skd\thesundering\entity\Deepling\Deepling_Priest_Entity.java:186: error: incompatible types: Deepling_Priest_Entity cannot be converted to Entity
        return p_32829_.isUnobstructed((Entity)this);
                                               ^
G:\Proyectos\Mods_Minecraft\the_sundering\neoforge\26.2\src\main\java\com\skd\thesundering\entity\Deepling\Deepling_Priest_Entity.java:189: error: type argument ? extends Deepling_Priest_Entity is not within bounds of type-variable T
    public static boolean candeeplingSpawn(EntityType<? extends Deepling_Priest_Entity> guardian, LevelAccessor level, MobSpawnType spawnType, BlockPos pos, RandomSource random) {
                                                      ^
  where T is a type-variable:
    T extends Entity declared in class EntityType
G:\Proyectos\Mods_Minecraft\the_sundering\neoforge\26.2\src\main\java\com\skd\thesundering\entity\Deepling\Deepling_Priest_Entity.java:190: error: cannot find symbol
        return level.getDifficulty() != Difficulty.PEACEFUL && (MobSpawnType.isSpawner((MobSpawnType)spawnType) || level.getFluidState(pos).is(FluidTags.WATER));
                                                                                        ^
  symbol:   class MobSpawnType
  location: class Deepling_Priest_Entity
G:\Proyectos\Mods_Minecraft\the_sundering\neoforge\26.2\src\main\java\com\skd\thesundering\entity\Deepling\Deepling_Priest_Entity.java:190: error: cannot find symbol
        return level.getDifficulty() != Difficulty.PEACEFUL && (MobSpawnType.isSpawner((MobSpawnType)spawnType) || level.getFluidState(pos).is(FluidTags.WATER));
                                                                ^
  symbol:   variable MobSpawnType
  location: class Deepling_Priest_Entity
G:\Proyectos\Mods_Minecraft\the_sundering\neoforge\26.2\src\main\java\com\skd\thesundering\entity\Deepling\Deepling_Priest_Entity.java:193: error: method does not override or implement a method from a supertype
    @Override
    ^
G:\Proyectos\Mods_Minecraft\the_sundering\neoforge\26.2\src\main\java\com\skd\thesundering\entity\Deepling\Deepling_Priest_Entity.java:195: error: cannot find symbol
        return new Animation[]{NO_ANIMATION, DEEPLING_MELEE, DEEPLING_BLIND};
                               ^
  symbol:   variable NO_ANIMATION
  location: class Deepling_Priest_Entity
G:\Proyectos\Mods_Minecraft\the_sundering\neoforge\26.2\src\main\java\com\skd\thesundering\entity\Deepling\Deepling_Priest_Entity.java:209: error: cannot find symbol
        LivingEntity target = this.getTarget();
                                  ^
  symbol: method getTarget()
G:\Proyectos\Mods_Minecraft\the_sundering\neoforge\26.2\src\main\java\com\skd\thesundering\entity\Deepling\Deepling_Priest_Entity.java:213: error: cannot find symbol
        if (this.isAlive()) {
                ^
  symbol: method isAlive()
G:\Proyectos\Mods_Minecraft\the_sundering\neoforge\26.2\src\main\java\com\skd\thesundering\entity\Deepling\Deepling_Priest_Entity.java:214: error: cannot find symbol
            if (this.getAnimation() == DEEPLING_MELEE && this.getAnimationTick() == 5) {
                    ^
  symbol: method getAnimation()
G:\Proyectos\Mods_Minecraft\the_sundering\neoforge\26.2\src\main\java\com\skd\thesundering\entity\Deepling\Deepling_Priest_Entity.java:214: error: cannot find symbol
            if (this.getAnimation() == DEEPLING_MELEE && this.getAnimationTick() == 5) {
                                                             ^
  symbol: method getAnimationTick()
G:\Proyectos\Mods_Minecraft\the_sundering\neoforge\26.2\src\main\java\com\skd\thesundering\entity\Deepling\Deepling_Priest_Entity.java:215: error: cannot find symbol
                this.playSound((SoundEvent)ModSounds.DEEPLING_SWING.get(), 1.0f, 1.0f / (this.getRandom().nextFloat() * 0.4f + 0.8f));
                                                                                             ^
  symbol: method getRandom()
G:\Proyectos\Mods_Minecraft\the_sundering\neoforge\26.2\src\main\java\com\skd\thesundering\entity\Deepling\Deepling_Priest_Entity.java:216: error: cannot find symbol
                if (target != null && this.distanceTo(target) < 3.0f) {
                                          ^
  symbol: method distanceTo(LivingEntity)
G:\Proyectos\Mods_Minecraft\the_sundering\neoforge\26.2\src\main\java\com\skd\thesundering\entity\Deepling\Deepling_Priest_Entity.java:217: error: cannot find symbol
                    float damage = (float)this.getAttributeValue(Attributes.ATTACK_DAMAGE);
                                              ^
  symbol: method getAttributeValue(Holder<Attribute>)
G:\Proyectos\Mods_Minecraft\the_sundering\neoforge\26.2\src\main\java\com\skd\thesundering\entity\Deepling\Deepling_Priest_Entity.java:218: error: incompatible types: Deepling_Priest_Entity cannot be converted to LivingEntity
                    target.hurt(this.damageSources().mobAttack((LivingEntity)this), damage);
                                                                             ^
G:\Proyectos\Mods_Minecraft\the_sundering\neoforge\26.2\src\main\java\com\skd\thesundering\entity\Deepling\Deepling_Priest_Entity.java:218: error: cannot find symbol
                    target.hurt(this.damageSources().mobAttack((LivingEntity)this), damage);
                                    ^
  symbol: method damageSources()
G:\Proyectos\Mods_Minecraft\the_sundering\neoforge\26.2\src\main\java\com\skd\thesundering\entity\Deepling\Deepling_Priest_Entity.java:221: error: cannot find symbol
            if (this.getAnimation() == DEEPLING_BLIND) {
                    ^
  symbol: method getAnimation()
G:\Proyectos\Mods_Minecraft\the_sundering\neoforge\26.2\src\main\java\com\skd\thesundering\entity\Deepling\Deepling_Priest_Entity.java:222: error: cannot find symbol
                if (this.getAnimationTick() == 18) {
                        ^
  symbol: method getAnimationTick()
G:\Proyectos\Mods_Minecraft\the_sundering\neoforge\26.2\src\main\java\com\skd\thesundering\entity\Deepling\Deepling_Priest_Entity.java:223: error: cannot find symbol
                    this.playSound((SoundEvent)ModSounds.DEEPLING_LIGHT.get(), 0.2f, 1.0f / (this.getRandom().nextFloat() * 0.4f + 0.8f));
                                                                                                 ^
  symbol: method getRandom()
G:\Proyectos\Mods_Minecraft\the_sundering\neoforge\26.2\src\main\java\com\skd\thesundering\entity\Deepling\Deepling_Priest_Entity.java:225: error: cannot find symbol
                if (this.getAnimationTick() > 18 && this.getAnimationTick() < 47) {
                        ^
  symbol: method getAnimationTick()
G:\Proyectos\Mods_Minecraft\the_sundering\neoforge\26.2\src\main\java\com\skd\thesundering\entity\Deepling\Deepling_Priest_Entity.java:225: error: cannot find symbol
                if (this.getAnimationTick() > 18 && this.getAnimationTick() < 47) {
                                                        ^
  symbol: method getAnimationTick()
G:\Proyectos\Mods_Minecraft\the_sundering\neoforge\26.2\src\main\java\com\skd\thesundering\entity\Deepling\Deepling_Priest_Entity.java:226: error: cannot find symbol
                    for (LivingEntity entity : this.level().getEntitiesOfClass(LivingEntity.class, this.getBoundingBox().inflate(7.0))) {
                                                   ^
  symbol: method level()
G:\Proyectos\Mods_Minecraft\the_sundering\neoforge\26.2\src\main\java\com\skd\thesundering\entity\Deepling\Deepling_Priest_Entity.java:226: error: cannot find symbol
                    for (LivingEntity entity : this.level().getEntitiesOfClass(LivingEntity.class, this.getBoundingBox().inflate(7.0))) {
                                                                                                       ^
  symbol: method getBoundingBox()
G:\Proyectos\Mods_Minecraft\the_sundering\neoforge\26.2\src\main\java\com\skd\thesundering\entity\Deepling\Deepling_Priest_Entity.java:228: error: incomparable types: LivingEntity and Deepling_Priest_Entity
                        if (this.isAlliedTo(entity) || entity == this || !this.isEntityLookingAt(entity, (LivingEntity)this, 0.6) || !(flag = entity.hurt(this.damageSources().indirectMagic(this, this), (float)this.getAttributeValue(Attributes.ATTACK_DAMAGE) * 0.7f))) continue;
                                                              ^
G:\Proyectos\Mods_Minecraft\the_sundering\neoforge\26.2\src\main\java\com\skd\thesundering\entity\Deepling\Deepling_Priest_Entity.java:228: error: incompatible types: Deepling_Priest_Entity cannot be converted to LivingEntity
                        if (this.isAlliedTo(entity) || entity == this || !this.isEntityLookingAt(entity, (LivingEntity)this, 0.6) || !(flag = entity.hurt(this.damageSources().indirectMagic(this, this), (float)this.getAttributeValue(Attributes.ATTACK_DAMAGE) * 0.7f))) continue;
                                                                                                                       ^
G:\Proyectos\Mods_Minecraft\the_sundering\neoforge\26.2\src\main\java\com\skd\thesundering\entity\Deepling\Deepling_Priest_Entity.java:228: error: cannot find symbol
                        if (this.isAlliedTo(entity) || entity == this || !this.isEntityLookingAt(entity, (LivingEntity)this, 0.6) || !(flag = entity.hurt(this.damageSources().indirectMagic(this, this), (float)this.getAttributeValue(Attributes.ATTACK_DAMAGE) * 0.7f))) continue;
                                                                                                                                                                                                                     ^
  symbol: method getAttributeValue(Holder<Attribute>)
G:\Proyectos\Mods_Minecraft\the_sundering\neoforge\26.2\src\main\java\com\skd\thesundering\entity\Deepling\Deepling_Priest_Entity.java:228: error: cannot find symbol
                        if (this.isAlliedTo(entity) || entity == this || !this.isEntityLookingAt(entity, (LivingEntity)this, 0.6) || !(flag = entity.hurt(this.damageSources().indirectMagic(this, this), (float)this.getAttributeValue(Attributes.ATTACK_DAMAGE) * 0.7f))) continue;
                                                                                                                                                              ^
  symbol: method damageSources()
G:\Proyectos\Mods_Minecraft\the_sundering\neoforge\26.2\src\main\java\com\skd\thesundering\entity\Deepling\Deepling_Priest_Entity.java:240: error: cannot find symbol
        LivingEntity livingentity = this.getTarget();
                                        ^
  symbol: method getTarget()
G:\Proyectos\Mods_Minecraft\the_sundering\neoforge\26.2\src\main\java\com\skd\thesundering\entity\Deepling\Deepling_Priest_Entity.java:250: error: cannot find symbol
        if (this.isEffectiveAi() && this.isInWater() && this.wantsToSwim()) {
                ^
  symbol: method isEffectiveAi()
G:\Proyectos\Mods_Minecraft\the_sundering\neoforge\26.2\src\main\java\com\skd\thesundering\entity\Deepling\Deepling_Priest_Entity.java:250: error: cannot find symbol
        if (this.isEffectiveAi() && this.isInWater() && this.wantsToSwim()) {
                                        ^
  symbol: method isInWater()
G:\Proyectos\Mods_Minecraft\the_sundering\neoforge\26.2\src\main\java\com\skd\thesundering\entity\Deepling\Deepling_Priest_Entity.java:251: error: cannot find symbol
            this.moveRelative(0.01f, p_32394_);
                ^
  symbol: method moveRelative(float,Vec3)
G:\Proyectos\Mods_Minecraft\the_sundering\neoforge\26.2\src\main\java\com\skd\thesundering\entity\Deepling\Deepling_Priest_Entity.java:252: error: cannot find symbol
            this.move(MoverType.SELF, this.getDeltaMovement());
                                          ^
  symbol: method getDeltaMovement()
G:\Proyectos\Mods_Minecraft\the_sundering\neoforge\26.2\src\main\java\com\skd\thesundering\entity\Deepling\Deepling_Priest_Entity.java:253: error: cannot find symbol
            this.setDeltaMovement(this.getDeltaMovement().scale(0.9));
                                      ^
  symbol: method getDeltaMovement()
G:\Proyectos\Mods_Minecraft\the_sundering\neoforge\26.2\src\main\java\com\skd\thesundering\entity\Deepling\Deepling_Priest_Entity.java:255: error: cannot find symbol
            super.travel(p_32394_);
                 ^
  symbol: method travel(Vec3)
G:\Proyectos\Mods_Minecraft\the_sundering\neoforge\26.2\src\main\java\com\skd\thesundering\entity\Deepling\Deepling_Priest_Entity.java:269: error: cannot find symbol
            LivingEntity target = this.angler.getTarget();
                                             ^
  symbol:   method getTarget()
  location: variable angler of type Deepling_Priest_Entity
G:\Proyectos\Mods_Minecraft\the_sundering\neoforge\26.2\src\main\java\com\skd\thesundering\entity\Deepling\Deepling_Priest_Entity.java:270: error: cannot find symbol
            return this.angler.lightcooldown <= 0 && this.angler.getAnimation() == IAnimatedEntity.NO_ANIMATION && target != null && this.angler.distanceToSqr(target) <= 64.0 && target.isAlive() && this.angler.getRandom().nextFloat() * 100.0f < 12.0f;
                                                                ^
  symbol:   method getAnimation()
  location: variable angler of type Deepling_Priest_Entity
G:\Proyectos\Mods_Minecraft\the_sundering\neoforge\26.2\src\main\java\com\skd\thesundering\entity\Deepling\Deepling_Priest_Entity.java:270: error: cannot find symbol
            return this.angler.lightcooldown <= 0 && this.angler.getAnimation() == IAnimatedEntity.NO_ANIMATION && target != null && this.angler.distanceToSqr(target) <= 64.0 && target.isAlive() && this.angler.getRandom().nextFloat() * 100.0f < 12.0f;
                                                                                                                                                ^
  symbol:   method distanceToSqr(LivingEntity)
  location: variable angler of type Deepling_Priest_Entity
G:\Proyectos\Mods_Minecraft\the_sundering\neoforge\26.2\src\main\java\com\skd\thesundering\entity\Deepling\Deepling_Priest_Entity.java:270: error: cannot find symbol
            return this.angler.lightcooldown <= 0 && this.angler.getAnimation() == IAnimatedEntity.NO_ANIMATION && target != null && this.angler.distanceToSqr(target) <= 64.0 && target.isAlive() && this.angler.getRandom().nextFloat() * 100.0f < 12.0f;
                                                                                                                                                                                                                 ^
  symbol:   method getRandom()
  location: variable angler of type Deepling_Priest_Entity
G:\Proyectos\Mods_Minecraft\the_sundering\neoforge\26.2\src\main\java\com\skd\thesundering\entity\Deepling\Deepling_Priest_Entity.java:275: error: cannot find symbol
            this.angler.setAnimation(DEEPLING_BLIND);
                       ^
  symbol:   method setAnimation(Animation)
  location: variable angler of type Deepling_Priest_Entity
G:\Proyectos\Mods_Minecraft\the_sundering\neoforge\26.2\src\main\java\com\skd\thesundering\entity\Deepling\Deepling_Priest_Entity.java:277: error: cannot find symbol
            this.angler.navigation.stop();
                       ^
  symbol:   variable navigation
  location: variable angler of type Deepling_Priest_Entity
G:\Proyectos\Mods_Minecraft\the_sundering\neoforge\26.2\src\main\java\com\skd\thesundering\entity\Deepling\Deepling_Priest_Entity.java:290: error: incompatible types: Deepling_Priest_Entity cannot be converted to PathfinderMob
            super(p_25552_, p_25553_, p_25554_);
                  ^
G:\Proyectos\Mods_Minecraft\the_sundering\neoforge\26.2\src\main\java\com\skd\thesundering\entity\Deepling\Deepling_Priest_Entity.java:296: error: cannot find symbol
            if (this.canPerformAttack(p_25557_) && this.mob.getAnimation() == IAnimatedEntity.NO_ANIMATION) {
                                                           ^
  symbol:   method getAnimation()
  location: variable mob of type Deepling_Priest_Entity
G:\Proyectos\Mods_Minecraft\the_sundering\neoforge\26.2\src\main\java\com\skd\thesundering\entity\Deepling\Deepling_Priest_Entity.java:297: error: cannot find symbol
                this.mob.setAnimation(DEEPLING_MELEE);
                        ^
  symbol:   method setAnimation(Animation)
  location: variable mob of type Deepling_Priest_Entity
G:\Proyectos\Mods_Minecraft\the_sundering\neoforge\26.2\src\main\java\com\skd\thesundering\client\model\entity\Deepling_Warlock_Model.java:25: error: type argument Deepling_Warlock_Entity is not within bounds of type-variable T
extends AdvancedEntityModel<Deepling_Warlock_Entity> {
                            ^
  where T is a type-variable:
    T extends Entity declared in class AdvancedEntityModel
G:\Proyectos\Mods_Minecraft\the_sundering\neoforge\26.2\src\main\java\com\skd\thesundering\client\model\entity\Deepling_Warlock_Model.java:182: error: incompatible types: inference variable E has incompatible bounds
        return ImmutableList.of((Object)this.root, (Object)this.left_leg, (Object)this.right_leg, (Object)this.body, (Object)this.headwear, (Object)this.head, (Object)this.head2, (Object)this.r_fin, (Object)this.l_fin, (Object)this.right_arm, (Object)this.left_arm);
                               ^
    equality constraints: AdvancedModelBox
    lower bounds: Object
  where E is a type-variable:
    E extends Object declared in method <E>of(E,E,E,E,E,E,E,E,E,E,E)
G:\Proyectos\Mods_Minecraft\the_sundering\neoforge\26.2\src\main\java\com\skd\thesundering\client\model\entity\Deepling_Warlock_Model.java:224: error: cannot find symbol
        if (entity.isLeftHanded()) {
                  ^
  symbol:   method isLeftHanded()
  location: variable entity of type Deepling_Warlock_Entity
G:\Proyectos\Mods_Minecraft\the_sundering\neoforge\26.2\src\main\java\com\skd\thesundering\client\model\entity\Deepling_Warlock_Model.java:255: error: cannot find symbol
        float swim = entity.getSwimAmount(partialTick);
                           ^
  symbol:   method getSwimAmount(float)
  location: variable entity of type Deepling_Warlock_Entity
G:\Proyectos\Mods_Minecraft\the_sundering\neoforge\26.2\src\main\java\com\skd\thesundering\client\model\entity\Deepling_Warlock_Model.java:280: error: cannot find symbol
        if (this.riding) {
                ^
  symbol: variable riding
G:\Proyectos\Mods_Minecraft\the_sundering\neoforge\26.2\src\main\java\com\skd\thesundering\entity\Deepling\Deepling_Warlock_Entity.java:105: error: cannot find symbol
        this.xpReward = 10;
            ^
  symbol: variable xpReward
G:\Proyectos\Mods_Minecraft\the_sundering\neoforge\26.2\src\main\java\com\skd\thesundering\entity\Deepling\Deepling_Warlock_Entity.java:111: error: cannot find symbol
        this.goalSelector.addGoal(0, new MagicTrackingGoal(this, DEEPLING_MAGIC));
            ^
  symbol: variable goalSelector
G:\Proyectos\Mods_Minecraft\the_sundering\neoforge\26.2\src\main\java\com\skd\thesundering\entity\Deepling\Deepling_Warlock_Entity.java:112: error: cannot find symbol
        this.goalSelector.addGoal(2, new DeeplingMagicGoal(this));
            ^
  symbol: variable goalSelector
G:\Proyectos\Mods_Minecraft\the_sundering\neoforge\26.2\src\main\java\com\skd\thesundering\entity\Deepling\Deepling_Warlock_Entity.java:113: error: cannot find symbol
        this.targetSelector.addGoal(1, new HurtByTargetGoal(this, new Class[0]).setAlertOthers(new Class[0]));
            ^
  symbol: variable targetSelector
G:\Proyectos\Mods_Minecraft\the_sundering\neoforge\26.2\src\main\java\com\skd\thesundering\entity\Deepling\Deepling_Warlock_Entity.java:113: error: incompatible types: Deepling_Warlock_Entity cannot be converted to PathfinderMob
        this.targetSelector.addGoal(1, new HurtByTargetGoal(this, new Class[0]).setAlertOthers(new Class[0]));
                                                            ^
G:\Proyectos\Mods_Minecraft\the_sundering\neoforge\26.2\src\main\java\com\skd\thesundering\entity\Deepling\Deepling_Warlock_Entity.java:114: error: cannot find symbol
        this.goalSelector.addGoal(3, new AnimationMeleeAttackGoal(this, 1.0, false));
            ^
  symbol: variable goalSelector
G:\Proyectos\Mods_Minecraft\the_sundering\neoforge\26.2\src\main\java\com\skd\thesundering\entity\Deepling\Deepling_Warlock_Entity.java:137: error: cannot find symbol
        this.setItemSlot(EquipmentSlot.MAINHAND, new ItemStack((ItemLike)ModItems.ATHAME.get()));
            ^
  symbol: method setItemSlot(EquipmentSlot,ItemStack)
G:\Proyectos\Mods_Minecraft\the_sundering\neoforge\26.2\src\main\java\com\skd\thesundering\entity\Deepling\Deepling_Warlock_Entity.java:138: error: cannot find symbol
        this.setDropChance(EquipmentSlot.MAINHAND, 0.0f);
            ^
  symbol: method setDropChance(EquipmentSlot,float)
G:\Proyectos\Mods_Minecraft\the_sundering\neoforge\26.2\src\main\java\com\skd\thesundering\entity\Deepling\Deepling_Warlock_Entity.java:154: error: cannot find symbol
        this.playSound((SoundEvent)ModSounds.DEEPLING_IDLE.get(), 0.15f, 0.6f);
            ^
  symbol: method playSound(SoundEvent,float,float)
G:\Proyectos\Mods_Minecraft\the_sundering\neoforge\26.2\src\main\java\com\skd\thesundering\entity\Deepling\Deepling_Warlock_Entity.java:158: error: cannot find symbol
        if (ModEntities.rollSpawn(CMCommonConfig.Spawning.DeeplingWarlockSpawnRolls, this.getRandom(), spawnReasonIn) && worldIn instanceof ServerLevel) {
                                                                                         ^
  symbol: method getRandom()
G:\Proyectos\Mods_Minecraft\the_sundering\neoforge\26.2\src\main\java\com\skd\thesundering\entity\Deepling\Deepling_Warlock_Entity.java:175: error: incompatible types: Deepling_Warlock_Entity cannot be converted to Entity
        return p_32829_.isUnobstructed((Entity)this);
                                               ^
G:\Proyectos\Mods_Minecraft\the_sundering\neoforge\26.2\src\main\java\com\skd\thesundering\entity\Deepling\Deepling_Warlock_Entity.java:178: error: type argument ? extends Deepling_Warlock_Entity is not within bounds of type-variable T
    public static boolean candeeplingSpawn(EntityType<? extends Deepling_Warlock_Entity> guardian, LevelAccessor level, MobSpawnType spawnType, BlockPos pos, RandomSource random) {
                                                      ^
  where T is a type-variable:
    T extends Entity declared in class EntityType
G:\Proyectos\Mods_Minecraft\the_sundering\neoforge\26.2\src\main\java\com\skd\thesundering\entity\Deepling\Deepling_Warlock_Entity.java:179: error: cannot find symbol
        return level.getDifficulty() != Difficulty.PEACEFUL && (MobSpawnType.isSpawner((MobSpawnType)spawnType) || level.getFluidState(pos).is(FluidTags.WATER));
                                                                                        ^
  symbol:   class MobSpawnType
  location: class Deepling_Warlock_Entity
G:\Proyectos\Mods_Minecraft\the_sundering\neoforge\26.2\src\main\java\com\skd\thesundering\entity\Deepling\Deepling_Warlock_Entity.java:179: error: cannot find symbol
        return level.getDifficulty() != Difficulty.PEACEFUL && (MobSpawnType.isSpawner((MobSpawnType)spawnType) || level.getFluidState(pos).is(FluidTags.WATER));
                                                                ^
  symbol:   variable MobSpawnType
  location: class Deepling_Warlock_Entity
G:\Proyectos\Mods_Minecraft\the_sundering\neoforge\26.2\src\main\java\com\skd\thesundering\entity\Deepling\Deepling_Warlock_Entity.java:182: error: method does not override or implement a method from a supertype
    @Override
    ^
G:\Proyectos\Mods_Minecraft\the_sundering\neoforge\26.2\src\main\java\com\skd\thesundering\entity\Deepling\Deepling_Warlock_Entity.java:184: error: cannot find symbol
        return new Animation[]{NO_ANIMATION, DEEPLING_MELEE, DEEPLING_MAGIC};
                               ^
  symbol:   variable NO_ANIMATION
  location: class Deepling_Warlock_Entity
G:\Proyectos\Mods_Minecraft\the_sundering\neoforge\26.2\src\main\java\com\skd\thesundering\entity\Deepling\Deepling_Warlock_Entity.java:190: error: cannot find symbol
        LivingEntity target = this.getTarget();
                                  ^
  symbol: method getTarget()
G:\Proyectos\Mods_Minecraft\the_sundering\neoforge\26.2\src\main\java\com\skd\thesundering\entity\Deepling\Deepling_Warlock_Entity.java:194: error: cannot find symbol
        if (this.isAlive() && this.getAnimation() == DEEPLING_MELEE && this.getAnimationTick() == 5) {
                ^
  symbol: method isAlive()
G:\Proyectos\Mods_Minecraft\the_sundering\neoforge\26.2\src\main\java\com\skd\thesundering\entity\Deepling\Deepling_Warlock_Entity.java:194: error: cannot find symbol
        if (this.isAlive() && this.getAnimation() == DEEPLING_MELEE && this.getAnimationTick() == 5) {
                                  ^
  symbol: method getAnimation()
G:\Proyectos\Mods_Minecraft\the_sundering\neoforge\26.2\src\main\java\com\skd\thesundering\entity\Deepling\Deepling_Warlock_Entity.java:194: error: cannot find symbol
        if (this.isAlive() && this.getAnimation() == DEEPLING_MELEE && this.getAnimationTick() == 5) {
                                                                           ^
  symbol: method getAnimationTick()
G:\Proyectos\Mods_Minecraft\the_sundering\neoforge\26.2\src\main\java\com\skd\thesundering\entity\Deepling\Deepling_Warlock_Entity.java:195: error: cannot find symbol
            this.playSound((SoundEvent)ModSounds.DEEPLING_SWING.get(), 1.0f, 1.0f / (this.getRandom().nextFloat() * 0.4f + 0.8f));
                                                                                         ^
  symbol: method getRandom()
G:\Proyectos\Mods_Minecraft\the_sundering\neoforge\26.2\src\main\java\com\skd\thesundering\entity\Deepling\Deepling_Warlock_Entity.java:196: error: cannot find symbol
            if (target != null && this.distanceTo((Entity)target) < 3.0f) {
                                      ^
  symbol: method distanceTo(Entity)
G:\Proyectos\Mods_Minecraft\the_sundering\neoforge\26.2\src\main\java\com\skd\thesundering\entity\Deepling\Deepling_Warlock_Entity.java:197: error: cannot find symbol
                float damage = (float)this.getAttributeValue(Attributes.ATTACK_DAMAGE);
                                          ^
  symbol: method getAttributeValue(Holder<Attribute>)
G:\Proyectos\Mods_Minecraft\the_sundering\neoforge\26.2\src\main\java\com\skd\thesundering\entity\Deepling\Deepling_Warlock_Entity.java:198: error: incompatible types: Deepling_Warlock_Entity cannot be converted to LivingEntity
                target.hurt(this.damageSources().mobAttack((LivingEntity)this), damage);
                                                                         ^
G:\Proyectos\Mods_Minecraft\the_sundering\neoforge\26.2\src\main\java\com\skd\thesundering\entity\Deepling\Deepling_Warlock_Entity.java:198: error: cannot find symbol
                target.hurt(this.damageSources().mobAttack((LivingEntity)this), damage);
                                ^
  symbol: method damageSources()
G:\Proyectos\Mods_Minecraft\the_sundering\neoforge\26.2\src\main\java\com\skd\thesundering\entity\Deepling\Deepling_Warlock_Entity.java:212: error: cannot find symbol
        LivingEntity livingentity = this.getTarget();
                                        ^
  symbol: method getTarget()
G:\Proyectos\Mods_Minecraft\the_sundering\neoforge\26.2\src\main\java\com\skd\thesundering\entity\Deepling\Deepling_Warlock_Entity.java:217: error: cannot find symbol
        if (this.isEffectiveAi() && this.isInWater() && this.wantsToSwim()) {
                ^
  symbol: method isEffectiveAi()
G:\Proyectos\Mods_Minecraft\the_sundering\neoforge\26.2\src\main\java\com\skd\thesundering\entity\Deepling\Deepling_Warlock_Entity.java:217: error: cannot find symbol
        if (this.isEffectiveAi() && this.isInWater() && this.wantsToSwim()) {
                                        ^
  symbol: method isInWater()
G:\Proyectos\Mods_Minecraft\the_sundering\neoforge\26.2\src\main\java\com\skd\thesundering\entity\Deepling\Deepling_Warlock_Entity.java:218: error: cannot find symbol
            this.moveRelative(0.01f, p_32394_);
                ^
  symbol: method moveRelative(float,Vec3)
G:\Proyectos\Mods_Minecraft\the_sundering\neoforge\26.2\src\main\java\com\skd\thesundering\entity\Deepling\Deepling_Warlock_Entity.java:219: error: cannot find symbol
            this.move(MoverType.SELF, this.getDeltaMovement());
                                          ^
  symbol: method getDeltaMovement()
G:\Proyectos\Mods_Minecraft\the_sundering\neoforge\26.2\src\main\java\com\skd\thesundering\entity\Deepling\Deepling_Warlock_Entity.java:220: error: cannot find symbol
            this.setDeltaMovement(this.getDeltaMovement().scale(0.9));
                                      ^
  symbol: method getDeltaMovement()
G:\Proyectos\Mods_Minecraft\the_sundering\neoforge\26.2\src\main\java\com\skd\thesundering\entity\Deepling\Deepling_Warlock_Entity.java:222: error: cannot find symbol
            super.travel(p_32394_);
                 ^
  symbol: method travel(Vec3)
G:\Proyectos\Mods_Minecraft\the_sundering\neoforge\26.2\src\main\java\com\skd\thesundering\entity\Deepling\Deepling_Warlock_Entity.java:227: error: type argument Deepling_Warlock_Entity is not within bounds of type-variable T
    extends SimpleAnimationGoal<Deepling_Warlock_Entity> {
                                ^
  where T is a type-variable:
    T extends LLibrary_Monster declared in class SimpleAnimationGoal
G:\Proyectos\Mods_Minecraft\the_sundering\neoforge\26.2\src\main\java\com\skd\thesundering\entity\Deepling\Deepling_Warlock_Entity.java:237: error: cannot find symbol
            LivingEntity target = this.warlock.getTarget();
                                              ^
  symbol:   method getTarget()
  location: variable warlock of type Deepling_Warlock_Entity
G:\Proyectos\Mods_Minecraft\the_sundering\neoforge\26.2\src\main\java\com\skd\thesundering\entity\Deepling\Deepling_Warlock_Entity.java:239: error: cannot find symbol
                this.warlock.getLookControl().setLookAt(target, 30.0f, 30.0f);
                            ^
  symbol:   method getLookControl()
  location: variable warlock of type Deepling_Warlock_Entity
G:\Proyectos\Mods_Minecraft\the_sundering\neoforge\26.2\src\main\java\com\skd\thesundering\entity\Deepling\Deepling_Warlock_Entity.java:245: error: cannot find symbol
            LivingEntity target = this.warlock.getTarget();
                                              ^
  symbol:   method getTarget()
  location: variable warlock of type Deepling_Warlock_Entity
G:\Proyectos\Mods_Minecraft\the_sundering\neoforge\26.2\src\main\java\com\skd\thesundering\entity\Deepling\Deepling_Warlock_Entity.java:247: error: cannot find symbol
                this.warlock.getLookControl().setLookAt(target, 30.0f, 30.0f);
                            ^
  symbol:   method getLookControl()
  location: variable warlock of type Deepling_Warlock_Entity
G:\Proyectos\Mods_Minecraft\the_sundering\neoforge\26.2\src\main\java\com\skd\thesundering\entity\Deepling\Deepling_Warlock_Entity.java:248: error: cannot find symbol
                if (this.warlock.getAnimationTick() == 18) {
                                ^
  symbol:   method getAnimationTick()
  location: variable warlock of type Deepling_Warlock_Entity
G:\Proyectos\Mods_Minecraft\the_sundering\neoforge\26.2\src\main\java\com\skd\thesundering\entity\Deepling\Deepling_Warlock_Entity.java:249: error: cannot find symbol
                    double sx = this.warlock.getX();
                                            ^
  symbol:   method getX()
  location: variable warlock of type Deepling_Warlock_Entity
G:\Proyectos\Mods_Minecraft\the_sundering\neoforge\26.2\src\main\java\com\skd\thesundering\entity\Deepling\Deepling_Warlock_Entity.java:250: error: cannot find symbol
                    double sy = this.warlock.getY();
                                            ^
  symbol:   method getY()
  location: variable warlock of type Deepling_Warlock_Entity
G:\Proyectos\Mods_Minecraft\the_sundering\neoforge\26.2\src\main\java\com\skd\thesundering\entity\Deepling\Deepling_Warlock_Entity.java:251: error: cannot find symbol
                    double sz = this.warlock.getZ();
                                            ^
  symbol:   method getZ()
  location: variable warlock of type Deepling_Warlock_Entity
G:\Proyectos\Mods_Minecraft\the_sundering\neoforge\26.2\src\main\java\com\skd\thesundering\entity\Deepling\Deepling_Warlock_Entity.java:252: error: cannot find symbol
                    Abyss_Mark_Entity fireball = new Abyss_Mark_Entity(this.warlock.level(), sx, sy, sz, 80, (float)CMCommonConfig.Leviathan.AbyssBlastDamage, (float)CMCommonConfig.Leviathan.AbyssBlastHpDamage, this.warlock.getUUID(), target);
                                                                                   ^
  symbol:   method level()
  location: variable warlock of type Deepling_Warlock_Entity
G:\Proyectos\Mods_Minecraft\the_sundering\neoforge\26.2\src\main\java\com\skd\thesundering\entity\Deepling\Deepling_Warlock_Entity.java:252: error: cannot find symbol
                    Abyss_Mark_Entity fireball = new Abyss_Mark_Entity(this.warlock.level(), sx, sy, sz, 80, (float)CMCommonConfig.Leviathan.AbyssBlastDamage, (float)CMCommonConfig.Leviathan.AbyssBlastHpDamage, this.warlock.getUUID(), target);
                                                                                                                                                                                                                               ^
  symbol:   method getUUID()
  location: variable warlock of type Deepling_Warlock_Entity
G:\Proyectos\Mods_Minecraft\the_sundering\neoforge\26.2\src\main\java\com\skd\thesundering\entity\Deepling\Deepling_Warlock_Entity.java:253: error: cannot find symbol
                    this.warlock.level().addFreshEntity((Entity)fireball);
                                ^
  symbol:   method level()
  location: variable warlock of type Deepling_Warlock_Entity
G:\Proyectos\Mods_Minecraft\the_sundering\neoforge\26.2\src\main\java\com\skd\thesundering\entity\Deepling\Deepling_Warlock_Entity.java:269: error: cannot find symbol
            LivingEntity target = this.angler.getTarget();
                                             ^
  symbol:   method getTarget()
  location: variable angler of type Deepling_Warlock_Entity
G:\Proyectos\Mods_Minecraft\the_sundering\neoforge\26.2\src\main\java\com\skd\thesundering\entity\Deepling\Deepling_Warlock_Entity.java:270: error: cannot find symbol
            return this.angler.lightcooldown <= 0 && this.angler.getAnimation() == IAnimatedEntity.NO_ANIMATION && target != null && this.angler.distanceToSqr(target) >= 25.0 && target.isAlive() && this.angler.getRandom().nextFloat() * 100.0f < 12.0f;
                                                                ^
  symbol:   method getAnimation()
  location: variable angler of type Deepling_Warlock_Entity
G:\Proyectos\Mods_Minecraft\the_sundering\neoforge\26.2\src\main\java\com\skd\thesundering\entity\Deepling\Deepling_Warlock_Entity.java:270: error: cannot find symbol
            return this.angler.lightcooldown <= 0 && this.angler.getAnimation() == IAnimatedEntity.NO_ANIMATION && target != null && this.angler.distanceToSqr(target) >= 25.0 && target.isAlive() && this.angler.getRandom().nextFloat() * 100.0f < 12.0f;
                                                                                                                                                ^
  symbol:   method distanceToSqr(LivingEntity)
  location: variable angler of type Deepling_Warlock_Entity
G:\Proyectos\Mods_Minecraft\the_sundering\neoforge\26.2\src\main\java\com\skd\thesundering\entity\Deepling\Deepling_Warlock_Entity.java:270: error: cannot find symbol
            return this.angler.lightcooldown <= 0 && this.angler.getAnimation() == IAnimatedEntity.NO_ANIMATION && target != null && this.angler.distanceToSqr(target) >= 25.0 && target.isAlive() && this.angler.getRandom().nextFloat() * 100.0f < 12.0f;
                                                                                                                                                                                                                 ^
  symbol:   method getRandom()
  location: variable angler of type Deepling_Warlock_Entity
G:\Proyectos\Mods_Minecraft\the_sundering\neoforge\26.2\src\main\java\com\skd\thesundering\entity\Deepling\Deepling_Warlock_Entity.java:275: error: cannot find symbol
            this.angler.setAnimation(DEEPLING_MAGIC);
                       ^
  symbol:   method setAnimation(Animation)
  location: variable angler of type Deepling_Warlock_Entity
G:\Proyectos\Mods_Minecraft\the_sundering\neoforge\26.2\src\main\java\com\skd\thesundering\entity\Deepling\Deepling_Warlock_Entity.java:277: error: cannot find symbol
            this.angler.navigation.stop();
                       ^
  symbol:   variable navigation
  location: variable angler of type Deepling_Warlock_Entity
G:\Proyectos\Mods_Minecraft\the_sundering\neoforge\26.2\src\main\java\com\skd\thesundering\entity\Deepling\Deepling_Warlock_Entity.java:290: error: incompatible types: Deepling_Warlock_Entity cannot be converted to PathfinderMob
            super(p_25552_, p_25553_, p_25554_);
                  ^
G:\Proyectos\Mods_Minecraft\the_sundering\neoforge\26.2\src\main\java\com\skd\thesundering\entity\Deepling\Deepling_Warlock_Entity.java:296: error: cannot find symbol
            if (this.canPerformAttack(p_25557_) && this.mob.getAnimation() == IAnimatedEntity.NO_ANIMATION) {
                                                           ^
  symbol:   method getAnimation()
  location: variable mob of type Deepling_Warlock_Entity
G:\Proyectos\Mods_Minecraft\the_sundering\neoforge\26.2\src\main\java\com\skd\thesundering\entity\Deepling\Deepling_Warlock_Entity.java:297: error: cannot find symbol
                this.mob.setAnimation(DEEPLING_MELEE);
                        ^
  symbol:   method setAnimation(Animation)
  location: variable mob of type Deepling_Warlock_Entity
G:\Proyectos\Mods_Minecraft\the_sundering\neoforge\26.2\src\main\java\com\skd\thesundering\client\model\entity\Draugr_Model.java:39: error: Draugr_Model is not abstract and does not override abstract method translateToHand(EntityRenderState,HumanoidArm,PoseStack) in ArmedModel
public class Draugr_Model
       ^
G:\Proyectos\Mods_Minecraft\the_sundering\neoforge\26.2\src\main\java\com\skd\thesundering\client\model\entity\Draugr_Model.java:99: error: cannot find symbol
        this.animateWalk(Draugar_Animation.WALK, limbSwing, limbSwingAmount, 2.0f, 2.0f);
            ^
  symbol: method animateWalk(AnimationDefinition,float,float,float,float)
G:\Proyectos\Mods_Minecraft\the_sundering\neoforge\26.2\src\main\java\com\skd\thesundering\client\model\entity\Draugr_Model.java:100: error: cannot find symbol
        this.animate(entity.getAnimationState("idle"), Draugar_Animation.IDLE, ageInTicks, 1.0f);
            ^
  symbol: method animate(AnimationState,AnimationDefinition,float,float)
G:\Proyectos\Mods_Minecraft\the_sundering\neoforge\26.2\src\main\java\com\skd\thesundering\client\model\entity\Draugr_Model.java:101: error: cannot find symbol
        this.animate(entity.getAnimationState("attack"), Draugar_Animation.ATTACK, ageInTicks, 1.0f);
            ^
  symbol: method animate(AnimationState,AnimationDefinition,float,float)
G:\Proyectos\Mods_Minecraft\the_sundering\neoforge\26.2\src\main\java\com\skd\thesundering\client\model\entity\Draugr_Model.java:102: error: cannot find symbol
        this.animate(entity.getAnimationState("attack2"), Draugar_Animation.ATTACK2, ageInTicks, 1.0f);
            ^
  symbol: method animate(AnimationState,AnimationDefinition,float,float)
G:\Proyectos\Mods_Minecraft\the_sundering\neoforge\26.2\src\main\java\com\skd\thesundering\client\model\entity\Draugr_Model.java:106: error: children has private access in ModelPart
        for (Map.Entry entry : part.children.entrySet()) {
                                   ^
G:\Proyectos\Mods_Minecraft\the_sundering\neoforge\26.2\src\main\java\com\skd\thesundering\client\model\entity\Draugr_Model.java:111: error: children has private access in ModelPart
            if (childPart.children.isEmpty()) continue;
                         ^
G:\Proyectos\Mods_Minecraft\the_sundering\neoforge\26.2\src\main\java\com\skd\thesundering\entity\InternalAnimationMonster\Draugar\Draugr_Entity.java:102: error: cannot find symbol
        this.targetSelector.addGoal(3, (Goal)new NearestAttackableTargetGoal((Mob)this, IronGolem.class, false));
                                                                                        ^
  symbol:   class IronGolem
  location: class Draugr_Entity
G:\Proyectos\Mods_Minecraft\the_sundering\neoforge\26.2\src\main\java\com\skd\thesundering\entity\InternalAnimationMonster\Draugar\Draugr_Entity.java:103: error: cannot find symbol
        this.targetSelector.addGoal(3, (Goal)new NearestAttackableTargetGoal((Mob)this, SnowGolem.class, false));
                                                                                        ^
  symbol:   class SnowGolem
  location: class Draugr_Entity
G:\Proyectos\Mods_Minecraft\the_sundering\neoforge\26.2\src\main\java\com\skd\thesundering\entity\InternalAnimationMonster\Draugar\Draugr_Entity.java:104: error: cannot find symbol
        this.targetSelector.addGoal(3, (Goal)new NearestAttackableTargetGoal((Mob)this, AbstractVillager.class, false));
                                                                                        ^
  symbol:   class AbstractVillager
  location: class Draugr_Entity
G:\Proyectos\Mods_Minecraft\the_sundering\neoforge\26.2\src\main\java\com\skd\thesundering\entity\InternalAnimationMonster\Draugar\Draugr_Entity.java:151: error: method doHurtTarget in class Mob cannot be applied to given types;
        return super.doHurtTarget(p_219472_);
                    ^
  required: ServerLevel,Entity
  found:    Entity
  reason: actual and formal argument lists differ in length
G:\Proyectos\Mods_Minecraft\the_sundering\neoforge\26.2\src\main\java\com\skd\thesundering\entity\InternalAnimationMonster\Draugar\Draugr_Entity.java:166: error: incompatible types: CompoundTag cannot be converted to ValueOutput
        super.addAdditionalSaveData(compound);
                                    ^
G:\Proyectos\Mods_Minecraft\the_sundering\neoforge\26.2\src\main\java\com\skd\thesundering\entity\InternalAnimationMonster\Draugar\Draugr_Entity.java:170: error: incompatible types: CompoundTag cannot be converted to ValueInput
        super.readAdditionalSaveData(compound);
                                     ^
G:\Proyectos\Mods_Minecraft\the_sundering\neoforge\26.2\src\main\java\com\skd\thesundering\entity\InternalAnimationMonster\Draugar\Draugr_Entity.java:188: error: cannot find symbol
        if (entity instanceof Creeper && (creeper = (Creeper)entity).canDropMobsSkull()) {
                                                                    ^
  symbol:   method canDropMobsSkull()
  location: class Creeper
G:\Proyectos\Mods_Minecraft\the_sundering\neoforge\26.2\src\main\java\com\skd\thesundering\entity\InternalAnimationMonster\Draugar\Draugr_Entity.java:190: error: cannot find symbol
            creeper.increaseDroppedSkulls();
                   ^
  symbol:   method increaseDroppedSkulls()
  location: variable creeper of type Creeper
G:\Proyectos\Mods_Minecraft\the_sundering\neoforge\26.2\src\main\java\com\skd\thesundering\entity\InternalAnimationMonster\Draugar\Draugr_Entity.java:191: error: no suitable method found for spawnAtLocation(ItemStack)
            this.spawnAtLocation(itemstack);
                ^
    method Entity.spawnAtLocation(ServerLevel,ItemLike) is not applicable
      (actual and formal argument lists differ in length)
    method Entity.spawnAtLocation(ServerLevel,ItemStack) is not applicable
      (actual and formal argument lists differ in length)
    method Entity.spawnAtLocation(ServerLevel,ItemStack,Vec3) is not applicable
      (actual and formal argument lists differ in length)
    method Entity.spawnAtLocation(ServerLevel,ItemStack,float) is not applicable
      (actual and formal argument lists differ in length)
G:\Proyectos\Mods_Minecraft\the_sundering\neoforge\26.2\src\main\java\com\skd\thesundering\entity\InternalAnimationMonster\Draugar\Draugr_Entity.java:195: error: isAlliedTo(Entity) in Draugr_Entity cannot override isAlliedTo(@org.jspecify.annotations.Nullable Entity) in Entity
    public boolean isAlliedTo(Entity entityIn) {
                   ^
  overridden method is final
G:\Proyectos\Mods_Minecraft\the_sundering\neoforge\26.2\src\main\java\com\skd\thesundering\entity\InternalAnimationMonster\Draugar\Draugr_Entity.java:202: error: cannot find symbol
        if (entityIn.getType().is(ModTag.TEAM_MALEDICTUS)) {
                              ^
  symbol:   method is(TagKey<EntityType<?>>)
  location: class EntityType<CAP#1>
  where CAP#1 is a fresh type-variable:
    CAP#1 extends Entity from capture of ?
G:\Proyectos\Mods_Minecraft\the_sundering\neoforge\26.2\src\main\java\com\skd\thesundering\entity\InternalAnimationMonster\Draugar\Draugr_Entity.java:221: error: method getAttackBoundingBox in class Mob cannot be applied to given types;
        AABB aabb = super.getAttackBoundingBox();
                         ^
  required: double
  found:    no arguments
  reason: actual and formal argument lists differ in length
G:\Proyectos\Mods_Minecraft\the_sundering\neoforge\26.2\src\main\java\com\skd\thesundering\client\model\entity\Drowned_Host_Model.java:61: error: cannot find symbol
        this.rightArmPose = HumanoidModel.ArmPose.EMPTY;
            ^
  symbol: variable rightArmPose
G:\Proyectos\Mods_Minecraft\the_sundering\neoforge\26.2\src\main\java\com\skd\thesundering\client\model\entity\Drowned_Host_Model.java:62: error: cannot find symbol
        this.leftArmPose = HumanoidModel.ArmPose.EMPTY;
            ^
  symbol: variable leftArmPose
G:\Proyectos\Mods_Minecraft\the_sundering\neoforge\26.2\src\main\java\com\skd\thesundering\client\model\entity\Drowned_Host_Model.java:66: error: cannot find symbol
                this.rightArmPose = HumanoidModel.ArmPose.THROW_SPEAR;
                    ^
  symbol: variable rightArmPose
G:\Proyectos\Mods_Minecraft\the_sundering\neoforge\26.2\src\main\java\com\skd\thesundering\client\model\entity\Drowned_Host_Model.java:66: error: cannot find symbol
                this.rightArmPose = HumanoidModel.ArmPose.THROW_SPEAR;
                                                         ^
  symbol:   variable THROW_SPEAR
  location: class ArmPose
G:\Proyectos\Mods_Minecraft\the_sundering\neoforge\26.2\src\main\java\com\skd\thesundering\client\model\entity\Drowned_Host_Model.java:68: error: cannot find symbol
                this.leftArmPose = HumanoidModel.ArmPose.THROW_SPEAR;
                    ^
  symbol: variable leftArmPose
G:\Proyectos\Mods_Minecraft\the_sundering\neoforge\26.2\src\main\java\com\skd\thesundering\client\model\entity\Drowned_Host_Model.java:68: error: cannot find symbol
                this.leftArmPose = HumanoidModel.ArmPose.THROW_SPEAR;
                                                        ^
  symbol:   variable THROW_SPEAR
  location: class ArmPose
G:\Proyectos\Mods_Minecraft\the_sundering\neoforge\26.2\src\main\java\com\skd\thesundering\client\model\entity\Drowned_Host_Model.java:71: error: cannot find symbol
        super.prepareMobModel(entity, limbSwing, limbSwingAmount, partialTick);
        ^
  symbol:   variable super
  location: class Drowned_Host_Model<T>
  where T is a type-variable:
    T declared in class Drowned_Host_Model
G:\Proyectos\Mods_Minecraft\the_sundering\neoforge\26.2\src\main\java\com\skd\thesundering\client\model\entity\Drowned_Host_Model.java:75: error: cannot find symbol
        super.setupAnim(entity, limbSwing, limbSwingAmount, ageInTicks, netHeadYaw, headPitch);
        ^
  symbol:   variable super
  location: class Drowned_Host_Model<T>
  where T is a type-variable:
    T declared in class Drowned_Host_Model
G:\Proyectos\Mods_Minecraft\the_sundering\neoforge\26.2\src\main\java\com\skd\thesundering\client\model\entity\Drowned_Host_Model.java:76: error: cannot find symbol
        if (this.leftArmPose == HumanoidModel.ArmPose.THROW_SPEAR) {
                ^
  symbol: variable leftArmPose
G:\Proyectos\Mods_Minecraft\the_sundering\neoforge\26.2\src\main\java\com\skd\thesundering\client\model\entity\Drowned_Host_Model.java:76: error: cannot find symbol
        if (this.leftArmPose == HumanoidModel.ArmPose.THROW_SPEAR) {
                                                     ^
  symbol:   variable THROW_SPEAR
  location: class ArmPose
G:\Proyectos\Mods_Minecraft\the_sundering\neoforge\26.2\src\main\java\com\skd\thesundering\client\model\entity\Drowned_Host_Model.java:77: error: cannot find symbol
            this.leftArm.xRot = this.leftArm.xRot * 0.5f - (float)Math.PI;
                ^
  symbol: variable leftArm
G:\Proyectos\Mods_Minecraft\the_sundering\neoforge\26.2\src\main\java\com\skd\thesundering\client\model\entity\Drowned_Host_Model.java:77: error: cannot find symbol
            this.leftArm.xRot = this.leftArm.xRot * 0.5f - (float)Math.PI;
                                    ^
  symbol: variable leftArm
G:\Proyectos\Mods_Minecraft\the_sundering\neoforge\26.2\src\main\java\com\skd\thesundering\client\model\entity\Drowned_Host_Model.java:78: error: cannot find symbol
            this.leftArm.yRot = 0.0f;
                ^
  symbol: variable leftArm
G:\Proyectos\Mods_Minecraft\the_sundering\neoforge\26.2\src\main\java\com\skd\thesundering\client\model\entity\Drowned_Host_Model.java:81: error: cannot find symbol
            this.head.xRot -= (float)Math.toRadians(22.5);
                ^
  symbol: variable head
G:\Proyectos\Mods_Minecraft\the_sundering\neoforge\26.2\src\main\java\com\skd\thesundering\client\model\entity\Drowned_Host_Model.java:83: error: cannot find symbol
        if (this.rightArmPose == HumanoidModel.ArmPose.THROW_SPEAR) {
                ^
  symbol: variable rightArmPose
G:\Proyectos\Mods_Minecraft\the_sundering\neoforge\26.2\src\main\java\com\skd\thesundering\client\model\entity\Drowned_Host_Model.java:83: error: cannot find symbol
        if (this.rightArmPose == HumanoidModel.ArmPose.THROW_SPEAR) {
                                                      ^
  symbol:   variable THROW_SPEAR
  location: class ArmPose
G:\Proyectos\Mods_Minecraft\the_sundering\neoforge\26.2\src\main\java\com\skd\thesundering\client\model\entity\Drowned_Host_Model.java:84: error: cannot find symbol
            this.rightArm.xRot = this.rightArm.xRot * 0.5f - (float)Math.PI;
                ^
  symbol: variable rightArm
G:\Proyectos\Mods_Minecraft\the_sundering\neoforge\26.2\src\main\java\com\skd\thesundering\client\model\entity\Drowned_Host_Model.java:84: error: cannot find symbol
            this.rightArm.xRot = this.rightArm.xRot * 0.5f - (float)Math.PI;
                                     ^
  symbol: variable rightArm
G:\Proyectos\Mods_Minecraft\the_sundering\neoforge\26.2\src\main\java\com\skd\thesundering\client\model\entity\Drowned_Host_Model.java:85: error: cannot find symbol
            this.rightArm.yRot = 0.0f;
                ^
  symbol: variable rightArm
G:\Proyectos\Mods_Minecraft\the_sundering\neoforge\26.2\src\main\java\com\skd\thesundering\client\model\entity\Drowned_Host_Model.java:87: error: cannot find symbol
        if (this.swimAmount > 0.0f) {
                ^
  symbol: variable swimAmount
G:\Proyectos\Mods_Minecraft\the_sundering\neoforge\26.2\src\main\java\com\skd\thesundering\client\model\entity\Drowned_Host_Model.java:88: error: cannot find symbol
            this.rightArm.xRot = this.rotlerpRad(this.swimAmount, this.rightArm.xRot, -2.5132742f) + this.swimAmount * 0.35f * Mth.sin((float)(0.1f * ageInTicks));
                ^
  symbol: variable rightArm
G:\Proyectos\Mods_Minecraft\the_sundering\neoforge\26.2\src\main\java\com\skd\thesundering\client\model\entity\Drowned_Host_Model.java:88: error: cannot find symbol
            this.rightArm.xRot = this.rotlerpRad(this.swimAmount, this.rightArm.xRot, -2.5132742f) + this.swimAmount * 0.35f * Mth.sin((float)(0.1f * ageInTicks));
                                                     ^
  symbol: variable swimAmount
G:\Proyectos\Mods_Minecraft\the_sundering\neoforge\26.2\src\main\java\com\skd\thesundering\client\model\entity\Drowned_Host_Model.java:88: error: cannot find symbol
            this.rightArm.xRot = this.rotlerpRad(this.swimAmount, this.rightArm.xRot, -2.5132742f) + this.swimAmount * 0.35f * Mth.sin((float)(0.1f * ageInTicks));
                                                                      ^
  symbol: variable rightArm
G:\Proyectos\Mods_Minecraft\the_sundering\neoforge\26.2\src\main\java\com\skd\thesundering\client\model\entity\Drowned_Host_Model.java:88: error: cannot find symbol
            this.rightArm.xRot = this.rotlerpRad(this.swimAmount, this.rightArm.xRot, -2.5132742f) + this.swimAmount * 0.35f * Mth.sin((float)(0.1f * ageInTicks));
                                                                                                         ^
  symbol: variable swimAmount
G:\Proyectos\Mods_Minecraft\the_sundering\neoforge\26.2\src\main\java\com\skd\thesundering\client\model\entity\Drowned_Host_Model.java:89: error: cannot find symbol
            this.leftArm.xRot = this.rotlerpRad(this.swimAmount, this.leftArm.xRot, -2.5132742f) - this.swimAmount * 0.35f * Mth.sin((float)(0.1f * ageInTicks));
                ^
  symbol: variable leftArm
G:\Proyectos\Mods_Minecraft\the_sundering\neoforge\26.2\src\main\java\com\skd\thesundering\client\model\entity\Drowned_Host_Model.java:89: error: cannot find symbol
            this.leftArm.xRot = this.rotlerpRad(this.swimAmount, this.leftArm.xRot, -2.5132742f) - this.swimAmount * 0.35f * Mth.sin((float)(0.1f * ageInTicks));
                                                    ^
  symbol: variable swimAmount
G:\Proyectos\Mods_Minecraft\the_sundering\neoforge\26.2\src\main\java\com\skd\thesundering\client\model\entity\Drowned_Host_Model.java:89: error: cannot find symbol
            this.leftArm.xRot = this.rotlerpRad(this.swimAmount, this.leftArm.xRot, -2.5132742f) - this.swimAmount * 0.35f * Mth.sin((float)(0.1f * ageInTicks));
                                                                     ^
  symbol: variable leftArm
G:\Proyectos\Mods_Minecraft\the_sundering\neoforge\26.2\src\main\java\com\skd\thesundering\client\model\entity\Drowned_Host_Model.java:89: error: cannot find symbol
            this.leftArm.xRot = this.rotlerpRad(this.swimAmount, this.leftArm.xRot, -2.5132742f) - this.swimAmount * 0.35f * Mth.sin((float)(0.1f * ageInTicks));
                                                                                                       ^
  symbol: variable swimAmount
G:\Proyectos\Mods_Minecraft\the_sundering\neoforge\26.2\src\main\java\com\skd\thesundering\client\model\entity\Drowned_Host_Model.java:90: error: cannot find symbol
            this.rightArm.zRot = this.rotlerpRad(this.swimAmount, this.rightArm.zRot, -0.15f);
                ^
  symbol: variable rightArm
G:\Proyectos\Mods_Minecraft\the_sundering\neoforge\26.2\src\main\java\com\skd\thesundering\client\model\entity\Drowned_Host_Model.java:90: error: cannot find symbol
            this.rightArm.zRot = this.rotlerpRad(this.swimAmount, this.rightArm.zRot, -0.15f);
                                                     ^
  symbol: variable swimAmount
G:\Proyectos\Mods_Minecraft\the_sundering\neoforge\26.2\src\main\java\com\skd\thesundering\client\model\entity\Drowned_Host_Model.java:90: error: cannot find symbol
            this.rightArm.zRot = this.rotlerpRad(this.swimAmount, this.rightArm.zRot, -0.15f);
                                                                      ^
  symbol: variable rightArm
G:\Proyectos\Mods_Minecraft\the_sundering\neoforge\26.2\src\main\java\com\skd\thesundering\client\model\entity\Drowned_Host_Model.java:91: error: cannot find symbol
            this.leftArm.zRot = this.rotlerpRad(this.swimAmount, this.leftArm.zRot, 0.15f);
                ^
  symbol: variable leftArm
G:\Proyectos\Mods_Minecraft\the_sundering\neoforge\26.2\src\main\java\com\skd\thesundering\client\model\entity\Drowned_Host_Model.java:91: error: cannot find symbol
            this.leftArm.zRot = this.rotlerpRad(this.swimAmount, this.leftArm.zRot, 0.15f);
                                                    ^
  symbol: variable swimAmount
G:\Proyectos\Mods_Minecraft\the_sundering\neoforge\26.2\src\main\java\com\skd\thesundering\client\model\entity\Drowned_Host_Model.java:91: error: cannot find symbol
            this.leftArm.zRot = this.rotlerpRad(this.swimAmount, this.leftArm.zRot, 0.15f);
                                                                     ^
  symbol: variable leftArm
G:\Proyectos\Mods_Minecraft\the_sundering\neoforge\26.2\src\main\java\com\skd\thesundering\client\model\entity\Drowned_Host_Model.java:92: error: cannot find symbol
            this.leftLeg.xRot -= this.swimAmount * 0.55f * Mth.sin((float)(0.1f * ageInTicks));
                ^
  symbol: variable leftLeg
G:\Proyectos\Mods_Minecraft\the_sundering\neoforge\26.2\src\main\java\com\skd\thesundering\client\model\entity\Drowned_Host_Model.java:92: error: cannot find symbol
            this.leftLeg.xRot -= this.swimAmount * 0.55f * Mth.sin((float)(0.1f * ageInTicks));
                                     ^
  symbol: variable swimAmount
G:\Proyectos\Mods_Minecraft\the_sundering\neoforge\26.2\src\main\java\com\skd\thesundering\client\model\entity\Drowned_Host_Model.java:93: error: cannot find symbol
            this.rightLeg.xRot += this.swimAmount * 0.55f * Mth.sin((float)(0.1f * ageInTicks));
                ^
  symbol: variable rightLeg
G:\Proyectos\Mods_Minecraft\the_sundering\neoforge\26.2\src\main\java\com\skd\thesundering\client\model\entity\Drowned_Host_Model.java:93: error: cannot find symbol
            this.rightLeg.xRot += this.swimAmount * 0.55f * Mth.sin((float)(0.1f * ageInTicks));
                                      ^
  symbol: variable swimAmount
G:\Proyectos\Mods_Minecraft\the_sundering\neoforge\26.2\src\main\java\com\skd\thesundering\client\model\entity\Drowned_Host_Model.java:94: error: cannot find symbol
            this.head.xRot = 0.0f;
                ^
  symbol: variable head
G:\Proyectos\Mods_Minecraft\the_sundering\neoforge\26.2\src\main\java\com\skd\thesundering\client\model\entity\Elemental_Spear_Model.java:50: error: cannot find symbol
        this.animate(entity.getAnimationState("idle"), Elemental_Spear_Animation.IDLE, ageInTicks, 1.0f);
            ^
  symbol: method animate(AnimationState,AnimationDefinition,float,float)
G:\Proyectos\Mods_Minecraft\the_sundering\neoforge\26.2\src\main\java\com\skd\thesundering\client\model\entity\Elemental_Spear_Model.java:51: error: cannot find symbol
        this.animate(entity.getAnimationState("spawn"), Elemental_Spear_Animation.SPAWN, ageInTicks, 1.0f);
            ^
  symbol: method animate(AnimationState,AnimationDefinition,float,float)
G:\Proyectos\Mods_Minecraft\the_sundering\neoforge\26.2\src\main\java\com\skd\thesundering\entity\projectile\Elemental_Spear_Entity.java:82: error: method define in class Builder cannot be applied to given types;
        p_326229_.define(DAMAGE, (Object)Float.valueOf(0.0f));
                 ^
  required: EntityDataAccessor<T>,T
  found:    EntityDataAccessor<Float>,Object
  reason: inference variable T has incompatible bounds
    equality constraints: Float
    lower bounds: Object
  where T is a type-variable:
    T extends Object declared in method <T>define(EntityDataAccessor<T>,T)
G:\Proyectos\Mods_Minecraft\the_sundering\neoforge\26.2\src\main\java\com\skd\thesundering\entity\projectile\Elemental_Spear_Entity.java:83: error: method define in class Builder cannot be applied to given types;
        p_326229_.define(STATE, (Object)0);
                 ^
  required: EntityDataAccessor<T>,T
  found:    EntityDataAccessor<Integer>,Object
  reason: inference variable T has incompatible bounds
    equality constraints: Integer
    lower bounds: Object
  where T is a type-variable:
    T extends Object declared in method <T>define(EntityDataAccessor<T>,T)
G:\Proyectos\Mods_Minecraft\the_sundering\neoforge\26.2\src\main\java\com\skd\thesundering\entity\projectile\Elemental_Spear_Entity.java:127: error: no suitable method found for set(EntityDataAccessor<Integer>,Object)
        this.entityData.set(STATE, (Object)state);
                       ^
    method SynchedEntityData.<T#1>set(EntityDataAccessor<T#1>,T#1) is not applicable
      (inference variable T#1 has incompatible bounds
        equality constraints: Integer
        lower bounds: Object)
    method SynchedEntityData.<T#2>set(EntityDataAccessor<T#2>,T#2,boolean) is not applicable
      (cannot infer type-variable(s) T#2
        (actual and formal argument lists differ in length))
  where T#1,T#2 are type-variables:
    T#1 extends Object declared in method <T#1>set(EntityDataAccessor<T#1>,T#1)
    T#2 extends Object declared in method <T#2>set(EntityDataAccessor<T#2>,T#2,boolean)
G:\Proyectos\Mods_Minecraft\the_sundering\neoforge\26.2\src\main\java\com\skd\thesundering\entity\projectile\Elemental_Spear_Entity.java:135: error: no suitable method found for set(EntityDataAccessor<Float>,Object)
        this.entityData.set(DAMAGE, (Object)Float.valueOf(damage));
                       ^
    method SynchedEntityData.<T#1>set(EntityDataAccessor<T#1>,T#1) is not applicable
      (inference variable T#1 has incompatible bounds
        equality constraints: Float
        lower bounds: Object)
    method SynchedEntityData.<T#2>set(EntityDataAccessor<T#2>,T#2,boolean) is not applicable
      (cannot infer type-variable(s) T#2
        (actual and formal argument lists differ in length))
  where T#1,T#2 are type-variables:
    T#1 extends Object declared in method <T#1>set(EntityDataAccessor<T#1>,T#1)
    T#2 extends Object declared in method <T#2>set(EntityDataAccessor<T#2>,T#2,boolean)
G:\Proyectos\Mods_Minecraft\the_sundering\neoforge\26.2\src\main\java\com\skd\thesundering\entity\projectile\Elemental_Spear_Entity.java:157: error: cannot find symbol
            this.checkInsideBlocks();
                ^
  symbol: method checkInsideBlocks()
G:\Proyectos\Mods_Minecraft\the_sundering\neoforge\26.2\src\main\java\com\skd\thesundering\entity\projectile\Elemental_Spear_Entity.java:184: error: cannot find symbol
            if (entity.getType().is(EntityTypeTags.REDIRECTABLE_PROJECTILE) && entity instanceof Projectile) {
                                ^
  symbol:   method is(TagKey<EntityType<?>>)
  location: class EntityType<CAP#1>
  where CAP#1 is a fresh type-variable:
    CAP#1 extends Entity from capture of ?
G:\Proyectos\Mods_Minecraft\the_sundering\neoforge\26.2\src\main\java\com\skd\thesundering\entity\projectile\Elemental_Spear_Entity.java:186: error: incompatible types: Entity cannot be converted to EntityReference<Entity>
                projectile.deflect(ProjectileDeflection.AIM_DEFLECT, this.getOwner(), this.getOwner(), true);
                                                                                                   ^
G:\Proyectos\Mods_Minecraft\the_sundering\neoforge\26.2\src\main\java\com\skd\thesundering\entity\projectile\Elemental_Spear_Entity.java:207: error: incompatible types: CompoundTag cannot be converted to ValueOutput
        super.addAdditionalSaveData(compound);
                                    ^
G:\Proyectos\Mods_Minecraft\the_sundering\neoforge\26.2\src\main\java\com\skd\thesundering\entity\projectile\Elemental_Spear_Entity.java:214: error: incompatible types: CompoundTag cannot be converted to ValueInput
        super.readAdditionalSaveData(compound);
                                     ^
G:\Proyectos\Mods_Minecraft\the_sundering\neoforge\26.2\src\main\java\com\skd\thesundering\entity\projectile\Elemental_Spear_Entity.java:215: error: method contains in class CompoundTag cannot be applied to given types;
        if (compound.contains("acceleration_power", 6)) {
                    ^
  required: String
  found:    String,int
  reason: actual and formal argument lists differ in length
G:\Proyectos\Mods_Minecraft\the_sundering\neoforge\26.2\src\main\java\com\skd\thesundering\entity\projectile\Elemental_Spear_Entity.java:216: error: incompatible types: Optional<Double> cannot be converted to double
            this.accelerationPower = compound.getDouble("acceleration_power");
                                                       ^
G:\Proyectos\Mods_Minecraft\the_sundering\neoforge\26.2\src\main\java\com\skd\thesundering\entity\projectile\Elemental_Spear_Entity.java:218: error: incompatible types: Optional<Float> cannot be converted to float
        this.setDamage(compound.getFloat("Damage"));
                                        ^
G:\Proyectos\Mods_Minecraft\the_sundering\neoforge\26.2\src\main\java\com\skd\thesundering\entity\projectile\Elemental_Spear_Entity.java:219: error: incompatible types: Optional<Integer> cannot be converted to int
        this.setState(compound.getInt("State"));
                                     ^
G:\Proyectos\Mods_Minecraft\the_sundering\neoforge\26.2\src\main\java\com\skd\thesundering\client\model\entity\Elite_Draugr_Model.java:39: error: Elite_Draugr_Model is not abstract and does not override abstract method translateToHand(EntityRenderState,HumanoidArm,PoseStack) in ArmedModel
public class Elite_Draugr_Model
       ^
G:\Proyectos\Mods_Minecraft\the_sundering\neoforge\26.2\src\main\java\com\skd\thesundering\client\model\entity\Elite_Draugr_Model.java:117: error: cannot find symbol
        this.animateWalk(Elite_Draugr_Animation.WALK, limbSwing, limbSwingAmount, 2.0f, 2.0f);
            ^
  symbol: method animateWalk(AnimationDefinition,float,float,float,float)
G:\Proyectos\Mods_Minecraft\the_sundering\neoforge\26.2\src\main\java\com\skd\thesundering\client\model\entity\Elite_Draugr_Model.java:118: error: cannot find symbol
        this.animate(entity.getAnimationState("idle"), Elite_Draugr_Animation.IDLE, ageInTicks, 1.0f);
            ^
  symbol: method animate(AnimationState,AnimationDefinition,float,float)
G:\Proyectos\Mods_Minecraft\the_sundering\neoforge\26.2\src\main\java\com\skd\thesundering\client\model\entity\Elite_Draugr_Model.java:119: error: cannot find symbol
        this.animate(entity.getAnimationState("re_load"), Elite_Draugr_Animation.RE_LOAD, ageInTicks, 1.0f);
            ^
  symbol: method animate(AnimationState,AnimationDefinition,float,float)
G:\Proyectos\Mods_Minecraft\the_sundering\neoforge\26.2\src\main\java\com\skd\thesundering\client\model\entity\Elite_Draugr_Model.java:120: error: cannot find symbol
        this.animate(entity.getAnimationState("shoot"), Elite_Draugr_Animation.SHOOT, ageInTicks, 1.0f);
            ^
  symbol: method animate(AnimationState,AnimationDefinition,float,float)
G:\Proyectos\Mods_Minecraft\the_sundering\neoforge\26.2\src\main\java\com\skd\thesundering\client\model\entity\Elite_Draugr_Model.java:121: error: cannot find symbol
        this.animate(entity.getAnimationState("shoot2"), Elite_Draugr_Animation.SHOOT2, ageInTicks, 1.0f);
            ^
  symbol: method animate(AnimationState,AnimationDefinition,float,float)
G:\Proyectos\Mods_Minecraft\the_sundering\neoforge\26.2\src\main\java\com\skd\thesundering\client\model\entity\Elite_Draugr_Model.java:122: error: cannot find symbol
        this.animate(entity.getAnimationState("swing"), Elite_Draugr_Animation.SWING, ageInTicks, 1.0f);
            ^
  symbol: method animate(AnimationState,AnimationDefinition,float,float)
G:\Proyectos\Mods_Minecraft\the_sundering\neoforge\26.2\src\main\java\com\skd\thesundering\client\model\entity\Elite_Draugr_Model.java:123: error: cannot find symbol
        this.animate(entity.getAnimationState("attack"), Elite_Draugr_Animation.ATTACK, ageInTicks, 1.5f);
            ^
  symbol: method animate(AnimationState,AnimationDefinition,float,float)
G:\Proyectos\Mods_Minecraft\the_sundering\neoforge\26.2\src\main\java\com\skd\thesundering\client\model\entity\Elite_Draugr_Model.java:124: error: cannot find symbol
        this.animate(entity.getAnimationState("attack2"), Elite_Draugr_Animation.ATTACK2, ageInTicks, 1.5f);
            ^
  symbol: method animate(AnimationState,AnimationDefinition,float,float)
G:\Proyectos\Mods_Minecraft\the_sundering\neoforge\26.2\src\main\java\com\skd\thesundering\client\model\entity\Elite_Draugr_Model.java:133: error: children has private access in ModelPart
        for (Map.Entry entry : part.children.entrySet()) {
                                   ^
G:\Proyectos\Mods_Minecraft\the_sundering\neoforge\26.2\src\main\java\com\skd\thesundering\client\model\entity\Elite_Draugr_Model.java:138: error: children has private access in ModelPart
            if (childPart.children.isEmpty()) continue;
                         ^
G:\Proyectos\Mods_Minecraft\the_sundering\neoforge\26.2\src\main\java\com\skd\thesundering\entity\InternalAnimationMonster\Draugar\Elite_Draugr_Entity.java:134: error: cannot find symbol
        this.targetSelector.addGoal(3, (Goal)new NearestAttackableTargetGoal((Mob)this, IronGolem.class, false));
                                                                                        ^
  symbol:   class IronGolem
  location: class Elite_Draugr_Entity
G:\Proyectos\Mods_Minecraft\the_sundering\neoforge\26.2\src\main\java\com\skd\thesundering\entity\InternalAnimationMonster\Draugar\Elite_Draugr_Entity.java:135: error: cannot find symbol
        this.targetSelector.addGoal(3, (Goal)new NearestAttackableTargetGoal((Mob)this, SnowGolem.class, false));
                                                                                        ^
  symbol:   class SnowGolem
  location: class Elite_Draugr_Entity
G:\Proyectos\Mods_Minecraft\the_sundering\neoforge\26.2\src\main\java\com\skd\thesundering\entity\InternalAnimationMonster\Draugar\Elite_Draugr_Entity.java:136: error: cannot find symbol
        this.targetSelector.addGoal(3, (Goal)new NearestAttackableTargetGoal((Mob)this, AbstractVillager.class, false));
                                                                                        ^
  symbol:   class AbstractVillager
  location: class Elite_Draugr_Entity
G:\Proyectos\Mods_Minecraft\the_sundering\neoforge\26.2\src\main\java\com\skd\thesundering\entity\InternalAnimationMonster\Draugar\Elite_Draugr_Entity.java:202: error: method define in class Builder cannot be applied to given types;
        p_326229_.define(IS_CHARGING_CROSSBOW, (Object)false);
                 ^
  required: EntityDataAccessor<T>,T
  found:    EntityDataAccessor<Boolean>,Object
  reason: inference variable T has incompatible bounds
    equality constraints: Boolean
    lower bounds: Object
  where T is a type-variable:
    T extends Object declared in method <T>define(EntityDataAccessor<T>,T)
G:\Proyectos\Mods_Minecraft\the_sundering\neoforge\26.2\src\main\java\com\skd\thesundering\entity\InternalAnimationMonster\Draugar\Elite_Draugr_Entity.java:206: error: method getAttackBoundingBox in class Mob cannot be applied to given types;
        AABB aabb = super.getAttackBoundingBox();
                         ^
  required: double
  found:    no arguments
  reason: actual and formal argument lists differ in length
G:\Proyectos\Mods_Minecraft\the_sundering\neoforge\26.2\src\main\java\com\skd\thesundering\entity\InternalAnimationMonster\Draugar\Elite_Draugr_Entity.java:238: error: method doHurtTarget in class Mob cannot be applied to given types;
        return super.doHurtTarget(p_219472_);
                    ^
  required: ServerLevel,Entity
  found:    Entity
  reason: actual and formal argument lists differ in length
G:\Proyectos\Mods_Minecraft\the_sundering\neoforge\26.2\src\main\java\com\skd\thesundering\entity\InternalAnimationMonster\Draugar\Elite_Draugr_Entity.java:253: error: incompatible types: CompoundTag cannot be converted to ValueOutput
        super.addAdditionalSaveData(compound);
                                    ^
G:\Proyectos\Mods_Minecraft\the_sundering\neoforge\26.2\src\main\java\com\skd\thesundering\entity\InternalAnimationMonster\Draugar\Elite_Draugr_Entity.java:257: error: incompatible types: CompoundTag cannot be converted to ValueInput
        super.readAdditionalSaveData(compound);
                                     ^
G:\Proyectos\Mods_Minecraft\the_sundering\neoforge\26.2\src\main\java\com\skd\thesundering\entity\InternalAnimationMonster\Draugar\Elite_Draugr_Entity.java:276: error: cannot find symbol
        if (entity instanceof Creeper && (creeper = (Creeper)entity).canDropMobsSkull()) {
                                                                    ^
  symbol:   method canDropMobsSkull()
  location: class Creeper
G:\Proyectos\Mods_Minecraft\the_sundering\neoforge\26.2\src\main\java\com\skd\thesundering\entity\InternalAnimationMonster\Draugar\Elite_Draugr_Entity.java:278: error: cannot find symbol
            creeper.increaseDroppedSkulls();
                   ^
  symbol:   method increaseDroppedSkulls()
  location: variable creeper of type Creeper
G:\Proyectos\Mods_Minecraft\the_sundering\neoforge\26.2\src\main\java\com\skd\thesundering\entity\InternalAnimationMonster\Draugar\Elite_Draugr_Entity.java:279: error: no suitable method found for spawnAtLocation(ItemStack)
            this.spawnAtLocation(itemstack);
                ^
    method Entity.spawnAtLocation(ServerLevel,ItemLike) is not applicable
      (actual and formal argument lists differ in length)
    method Entity.spawnAtLocation(ServerLevel,ItemStack) is not applicable
      (actual and formal argument lists differ in length)
    method Entity.spawnAtLocation(ServerLevel,ItemStack,Vec3) is not applicable
      (actual and formal argument lists differ in length)
    method Entity.spawnAtLocation(ServerLevel,ItemStack,float) is not applicable
      (actual and formal argument lists differ in length)
G:\Proyectos\Mods_Minecraft\the_sundering\neoforge\26.2\src\main\java\com\skd\thesundering\entity\InternalAnimationMonster\Draugar\Elite_Draugr_Entity.java:283: error: isAlliedTo(Entity) in Elite_Draugr_Entity cannot override isAlliedTo(@org.jspecify.annotations.Nullable Entity) in Entity
    public boolean isAlliedTo(Entity entityIn) {
                   ^
  overridden method is final
G:\Proyectos\Mods_Minecraft\the_sundering\neoforge\26.2\src\main\java\com\skd\thesundering\entity\InternalAnimationMonster\Draugar\Elite_Draugr_Entity.java:290: error: cannot find symbol
        if (entityIn.getType().is(ModTag.TEAM_MALEDICTUS)) {
                              ^
  symbol:   method is(TagKey<EntityType<?>>)
  location: class EntityType<CAP#1>
  where CAP#1 is a fresh type-variable:
    CAP#1 extends Entity from capture of ?
G:\Proyectos\Mods_Minecraft\the_sundering\neoforge\26.2\src\main\java\com\skd\thesundering\entity\InternalAnimationMonster\Draugar\Elite_Draugr_Entity.java:313: error: no suitable method found for set(EntityDataAccessor<Boolean>,Object)
        this.entityData.set(IS_CHARGING_CROSSBOW, (Object)p_33302_);
                       ^
    method SynchedEntityData.<T#1>set(EntityDataAccessor<T#1>,T#1) is not applicable
      (inference variable T#1 has incompatible bounds
        equality constraints: Boolean
        lower bounds: Object)
    method SynchedEntityData.<T#2>set(EntityDataAccessor<T#2>,T#2,boolean) is not applicable
      (cannot infer type-variable(s) T#2
        (actual and formal argument lists differ in length))
  where T#1,T#2 are type-variables:
    T#1 extends Object declared in method <T#1>set(EntityDataAccessor<T#1>,T#1)
    T#2 extends Object declared in method <T#2>set(EntityDataAccessor<T#2>,T#2,boolean)
G:\Proyectos\Mods_Minecraft\the_sundering\neoforge\26.2\src\main\java\com\skd\thesundering\entity\InternalAnimationMonster\Draugar\Elite_Draugr_Entity.java:525: error: no suitable method found for set(DataComponentType<ChargedProjectiles>,Object)
                    this.entity.getUseItem().set(DataComponents.CHARGED_PROJECTILES, (Object)ChargedProjectiles.EMPTY);
                                            ^
    method MutableDataComponentHolder.<T#1>set(Supplier<? extends DataComponentType<T#1>>,@org.jspecify.annotations.Nullable T#1) is not applicable
      (cannot infer type-variable(s) T#1
        (argument mismatch; DataComponentType<ChargedProjectiles> cannot be converted to Supplier<? extends DataComponentType<T#1>>))
    method ItemStack.<T#2>set(DataComponentType<T#2>,@org.jspecify.annotations.Nullable T#1) is not applicable
      (inference variable T#2 has incompatible bounds
        equality constraints: ChargedProjectiles
        lower bounds: Object)
    method ItemStack.<T#3>set(TypedDataComponent<T#3>) is not applicable
      (cannot infer type-variable(s) T#3
        (actual and formal argument lists differ in length))
  where T#1,T#2,T#3 are type-variables:
    T#1 extends Object declared in method <T#1>set(Supplier<? extends DataComponentType<T#1>>,@org.jspecify.annotations.Nullable T#1)
    T#2 extends Object declared in method <T#2>set(DataComponentType<T#2>,@org.jspecify.annotations.Nullable T#1)
    T#3 extends Object declared in method <T#3>set(TypedDataComponent<T#3>)
G:\Proyectos\Mods_Minecraft\the_sundering\neoforge\26.2\src\main\java\com\skd\thesundering\client\model\entity\Endermaptera_Model.java:185: error: incompatible types: inference variable E has incompatible bounds
        return ImmutableList.of((Object)this.root, (Object)this.head, (Object)this.body, (Object)this.abdomen, (Object)this.left_antenna, (Object)this.right_antenna, (Object)this.left_jaw, (Object)this.right_jaw, (Object)this.left_leg_front, (Object)this.right_leg_front, (Object)this.left_leg_mid, (Object)this.right_leg_mid, (Object[])new AdvancedModelBox[]{this.left_leg_back, this.right_leg_back});
                               ^
    equality constraints: AdvancedModelBox
    lower bounds: Object
  where E is a type-variable:
    E extends Object declared in method <E>of(E,E,E,E,E,E,E,E,E,E,E,E,E...)
G:\Proyectos\Mods_Minecraft\the_sundering\neoforge\26.2\src\main\java\com\skd\thesundering\entity\AnimationMonster\Endermaptera_Entity.java:166: error: method define in class Builder cannot be applied to given types;
        p_326229_.define(CLIMBING, (Object)0);
                 ^
  required: EntityDataAccessor<T>,T
  found:    EntityDataAccessor<Byte>,Object
  reason: inference variable T has incompatible bounds
    equality constraints: Byte
    lower bounds: Object
  where T is a type-variable:
    T extends Object declared in method <T>define(EntityDataAccessor<T>,T)
G:\Proyectos\Mods_Minecraft\the_sundering\neoforge\26.2\src\main\java\com\skd\thesundering\entity\AnimationMonster\Endermaptera_Entity.java:167: error: method define in class Builder cannot be applied to given types;
        p_326229_.define(ATTACHED_FACE, (Object)Direction.DOWN);
                 ^
  required: EntityDataAccessor<T>,T
  found:    EntityDataAccessor<Direction>,Object
  reason: inference variable T has incompatible bounds
    equality constraints: Direction
    lower bounds: Object
  where T is a type-variable:
    T extends Object declared in method <T>define(EntityDataAccessor<T>,T)
G:\Proyectos\Mods_Minecraft\the_sundering\neoforge\26.2\src\main\java\com\skd\thesundering\entity\AnimationMonster\Endermaptera_Entity.java:168: error: method define in class Builder cannot be applied to given types;
        p_326229_.define(HAS_JAWS, (Object)true);
                 ^
  required: EntityDataAccessor<T>,T
  found:    EntityDataAccessor<Boolean>,Object
  reason: inference variable T has incompatible bounds
    equality constraints: Boolean
    lower bounds: Object
  where T is a type-variable:
    T extends Object declared in method <T>define(EntityDataAccessor<T>,T)
G:\Proyectos\Mods_Minecraft\the_sundering\neoforge\26.2\src\main\java\com\skd\thesundering\entity\AnimationMonster\Endermaptera_Entity.java:181: error: cannot find symbol
        return this.getHasJaws() ? this.HAS_JAWS_LOOT : super.getDefaultLootTable();
                                                             ^
  symbol: method getDefaultLootTable()
G:\Proyectos\Mods_Minecraft\the_sundering\neoforge\26.2\src\main\java\com\skd\thesundering\entity\AnimationMonster\Endermaptera_Entity.java:185: error: incompatible types: CompoundTag cannot be converted to ValueOutput
        super.addAdditionalSaveData(compound);
                                    ^
G:\Proyectos\Mods_Minecraft\the_sundering\neoforge\26.2\src\main\java\com\skd\thesundering\entity\AnimationMonster\Endermaptera_Entity.java:190: error: incompatible types: CompoundTag cannot be converted to ValueInput
        super.readAdditionalSaveData(compound);
                                     ^
G:\Proyectos\Mods_Minecraft\the_sundering\neoforge\26.2\src\main\java\com\skd\thesundering\entity\AnimationMonster\Endermaptera_Entity.java:191: error: incompatible types: Optional<Byte> cannot be converted to int
        this.entityData.set(ATTACHED_FACE, (Object)Direction.from3DDataValue((int)compound.getByte("AttachFace")));
                                                                                                  ^
G:\Proyectos\Mods_Minecraft\the_sundering\neoforge\26.2\src\main\java\com\skd\thesundering\entity\AnimationMonster\Endermaptera_Entity.java:191: error: no suitable method found for set(EntityDataAccessor<Direction>,Object)
        this.entityData.set(ATTACHED_FACE, (Object)Direction.from3DDataValue((int)compound.getByte("AttachFace")));
                       ^
    method SynchedEntityData.<T#1>set(EntityDataAccessor<T#1>,T#1) is not applicable
      (inference variable T#1 has incompatible bounds
        equality constraints: Direction
        lower bounds: Object)
    method SynchedEntityData.<T#2>set(EntityDataAccessor<T#2>,T#2,boolean) is not applicable
      (cannot infer type-variable(s) T#2
        (actual and formal argument lists differ in length))
  where T#1,T#2 are type-variables:
    T#1 extends Object declared in method <T#1>set(EntityDataAccessor<T#1>,T#1)
    T#2 extends Object declared in method <T#2>set(EntityDataAccessor<T#2>,T#2,boolean)
G:\Proyectos\Mods_Minecraft\the_sundering\neoforge\26.2\src\main\java\com\skd\thesundering\entity\AnimationMonster\Endermaptera_Entity.java:192: error: incompatible types: Optional<Boolean> cannot be converted to boolean
        this.setHasJaw(compound.getBoolean("Has_Jaws"));
                                          ^
G:\Proyectos\Mods_Minecraft\the_sundering\neoforge\26.2\src\main\java\com\skd\thesundering\entity\AnimationMonster\Endermaptera_Entity.java:196: error: no suitable method found for set(EntityDataAccessor<Boolean>,Object)
        this.entityData.set(HAS_JAWS, (Object)HasJaws);
                       ^
    method SynchedEntityData.<T#1>set(EntityDataAccessor<T#1>,T#1) is not applicable
      (inference variable T#1 has incompatible bounds
        equality constraints: Boolean
        lower bounds: Object)
    method SynchedEntityData.<T#2>set(EntityDataAccessor<T#2>,T#2,boolean) is not applicable
      (cannot infer type-variable(s) T#2
        (actual and formal argument lists differ in length))
  where T#1,T#2 are type-variables:
    T#1 extends Object declared in method <T#1>set(EntityDataAccessor<T#1>,T#1)
    T#2 extends Object declared in method <T#2>set(EntityDataAccessor<T#2>,T#2,boolean)
G:\Proyectos\Mods_Minecraft\the_sundering\neoforge\26.2\src\main\java\com\skd\thesundering\entity\AnimationMonster\Endermaptera_Entity.java:230: error: isAlliedTo(Entity) in Endermaptera_Entity cannot override isAlliedTo(@org.jspecify.annotations.Nullable Entity) in Entity
    public boolean isAlliedTo(Entity entityIn) {
                   ^
  overridden method is final
G:\Proyectos\Mods_Minecraft\the_sundering\neoforge\26.2\src\main\java\com\skd\thesundering\entity\AnimationMonster\Endermaptera_Entity.java:237: error: cannot find symbol
        if (entityIn.getType().is(ModTag.TEAM_ENDER_GUARDIAN)) {
                              ^
  symbol:   method is(TagKey<EntityType<?>>)
  location: class EntityType<CAP#1>
  where CAP#1 is a fresh type-variable:
    CAP#1 extends Entity from capture of ?
G:\Proyectos\Mods_Minecraft\the_sundering\neoforge\26.2\src\main\java\com\skd\thesundering\entity\AnimationMonster\Endermaptera_Entity.java:265: error: cannot find symbol
                    if (this.onGround() || this.isInWaterOrBubble() || this.isInLava()) {
                                               ^
  symbol: method isInWaterOrBubble()
G:\Proyectos\Mods_Minecraft\the_sundering\neoforge\26.2\src\main\java\com\skd\thesundering\entity\AnimationMonster\Endermaptera_Entity.java:266: error: no suitable method found for set(EntityDataAccessor<Direction>,Object)
                        this.entityData.set(ATTACHED_FACE, (Object)Direction.DOWN);
                                       ^
    method SynchedEntityData.<T#1>set(EntityDataAccessor<T#1>,T#1) is not applicable
      (inference variable T#1 has incompatible bounds
        equality constraints: Direction
        lower bounds: Object)
    method SynchedEntityData.<T#2>set(EntityDataAccessor<T#2>,T#2,boolean) is not applicable
      (cannot infer type-variable(s) T#2
        (actual and formal argument lists differ in length))
  where T#1,T#2 are type-variables:
    T#1 extends Object declared in method <T#1>set(EntityDataAccessor<T#1>,T#1)
    T#2 extends Object declared in method <T#2>set(EntityDataAccessor<T#2>,T#2,boolean)
G:\Proyectos\Mods_Minecraft\the_sundering\neoforge\26.2\src\main\java\com\skd\thesundering\entity\AnimationMonster\Endermaptera_Entity.java:268: error: no suitable method found for set(EntityDataAccessor<Direction>,Object)
                        this.entityData.set(ATTACHED_FACE, (Object)Direction.UP);
                                       ^
    method SynchedEntityData.<T#1>set(EntityDataAccessor<T#1>,T#1) is not applicable
      (inference variable T#1 has incompatible bounds
        equality constraints: Direction
        lower bounds: Object)
    method SynchedEntityData.<T#2>set(EntityDataAccessor<T#2>,T#2,boolean) is not applicable
      (cannot infer type-variable(s) T#2
        (actual and formal argument lists differ in length))
  where T#1,T#2 are type-variables:
    T#1 extends Object declared in method <T#1>set(EntityDataAccessor<T#1>,T#1)
    T#2 extends Object declared in method <T#2>set(EntityDataAccessor<T#2>,T#2,boolean)
G:\Proyectos\Mods_Minecraft\the_sundering\neoforge\26.2\src\main\java\com\skd\thesundering\entity\AnimationMonster\Endermaptera_Entity.java:280: error: no suitable method found for set(EntityDataAccessor<Direction>,Object)
                        this.entityData.set(ATTACHED_FACE, (Object)closestDirection);
                                       ^
    method SynchedEntityData.<T#1>set(EntityDataAccessor<T#1>,T#1) is not applicable
      (inference variable T#1 has incompatible bounds
        equality constraints: Direction
        lower bounds: Object)
    method SynchedEntityData.<T#2>set(EntityDataAccessor<T#2>,T#2,boolean) is not applicable
      (cannot infer type-variable(s) T#2
        (actual and formal argument lists differ in length))
  where T#1,T#2 are type-variables:
    T#1 extends Object declared in method <T#1>set(EntityDataAccessor<T#1>,T#1)
    T#2 extends Object declared in method <T#2>set(EntityDataAccessor<T#2>,T#2,boolean)
G:\Proyectos\Mods_Minecraft\the_sundering\neoforge\26.2\src\main\java\com\skd\thesundering\entity\AnimationMonster\Endermaptera_Entity.java:289: error: cannot find symbol
                            Vec3 vec = Vec3.atLowerCornerOf((Vec3i)this.getAttachmentFacing().getNormal());
                                                                                             ^
  symbol:   method getNormal()
  location: class Direction
G:\Proyectos\Mods_Minecraft\the_sundering\neoforge\26.2\src\main\java\com\skd\thesundering\entity\AnimationMonster\Endermaptera_Entity.java:337: error: incompatible types: Reference<SoundEvent> cannot be converted to SoundEvent
        this.playSound(SoundEvents.ITEM_BREAK, 0.5f, 1.0f + this.getRandom().nextFloat() * 0.1f);
                                  ^
G:\Proyectos\Mods_Minecraft\the_sundering\neoforge\26.2\src\main\java\com\skd\thesundering\entity\AnimationMonster\Endermaptera_Entity.java:345: error: incompatible types: Void_Shard_Entity cannot be converted to Entity
                this.level().addFreshEntity((Entity)shard);
                                                    ^
G:\Proyectos\Mods_Minecraft\the_sundering\neoforge\26.2\src\main\java\com\skd\thesundering\entity\AnimationMonster\Endermaptera_Entity.java:364: error: no suitable method found for set(EntityDataAccessor<Byte>,Object)
        this.entityData.set(CLIMBING, (Object)b0);
                       ^
    method SynchedEntityData.<T#1>set(EntityDataAccessor<T#1>,T#1) is not applicable
      (inference variable T#1 has incompatible bounds
        equality constraints: Byte
        lower bounds: Object)
    method SynchedEntityData.<T#2>set(EntityDataAccessor<T#2>,T#2,boolean) is not applicable
      (cannot infer type-variable(s) T#2
        (actual and formal argument lists differ in length))
  where T#1,T#2 are type-variables:
    T#1 extends Object declared in method <T#1>set(EntityDataAccessor<T#1>,T#1)
    T#2 extends Object declared in method <T#2>set(EntityDataAccessor<T#2>,T#2,boolean)
G:\Proyectos\Mods_Minecraft\the_sundering\neoforge\26.2\src\main\java\com\skd\thesundering\entity\AnimationMonster\Endermaptera_Entity.java:368: error: cannot find symbol
        return !worldIn.getBlockState(pos.below()).is(ModTag.ENDERMAPTERA_CAN_NOT_SPAWN) && Endermaptera_Entity.checkMonsterSpawnRules(entity, (ServerLevelAccessor)worldIn, (MobSpawnType)reason, (BlockPos)pos, (RandomSource)randomIn);
                                                                                                                                                                              ^
  symbol:   class MobSpawnType
  location: class Endermaptera_Entity
G:\Proyectos\Mods_Minecraft\the_sundering\neoforge\26.2\src\main\java\com\skd\thesundering\client\model\entity\Ender_Golem_Model.java:335: error: incompatible types: inference variable E has incompatible bounds
        return ImmutableList.of((Object)this.root, (Object)this.left_arm, (Object)this.right_arm, (Object)this.left_arm2, (Object)this.right_arm2, (Object)this.left_finger, (Object)this.right_finger, (Object)this.left_leg, (Object)this.right_leg, (Object)this.head, (Object)this.lowerbody, (Object)this.upperbody, (Object[])new AdvancedModelBox[]{this.voidstone});
                               ^
    equality constraints: AdvancedModelBox
    lower bounds: Object
  where E is a type-variable:
    E extends Object declared in method <E>of(E,E,E,E,E,E,E,E,E,E,E,E,E...)
G:\Proyectos\Mods_Minecraft\the_sundering\neoforge\26.2\src\main\java\com\skd\thesundering\entity\AnimationMonster\BossMonsters\Ender_Golem_Entity.java:144: error: cannot find symbol
        this.targetSelector.addGoal(3, (Goal)new NearestAttackableTargetGoal((Mob)this, IronGolem.class, true));
                                                                                        ^
  symbol:   class IronGolem
  location: class Ender_Golem_Entity
G:\Proyectos\Mods_Minecraft\the_sundering\neoforge\26.2\src\main\java\com\skd\thesundering\entity\AnimationMonster\BossMonsters\Ender_Golem_Entity.java:169: error: hurt(DamageSource,float) in Ender_Golem_Entity cannot override hurt(DamageSource,float) in Entity
    public boolean hurt(DamageSource source, float damage) {
                   ^
  overridden method is final
G:\Proyectos\Mods_Minecraft\the_sundering\neoforge\26.2\src\main\java\com\skd\thesundering\entity\AnimationMonster\BossMonsters\Ender_Golem_Entity.java:175: error: cannot find symbol
        if (entity instanceof AbstractGolem) {
                              ^
  symbol:   class AbstractGolem
  location: class Ender_Golem_Entity
G:\Proyectos\Mods_Minecraft\the_sundering\neoforge\26.2\src\main\java\com\skd\thesundering\entity\AnimationMonster\BossMonsters\Ender_Golem_Entity.java:184: error: method define in class Builder cannot be applied to given types;
        p_326229_.define(IS_AWAKEN, (Object)false);
                 ^
  required: EntityDataAccessor<T>,T
  found:    EntityDataAccessor<Boolean>,Object
  reason: inference variable T has incompatible bounds
    equality constraints: Boolean
    lower bounds: Object
  where T is a type-variable:
    T extends Object declared in method <T>define(EntityDataAccessor<T>,T)
G:\Proyectos\Mods_Minecraft\the_sundering\neoforge\26.2\src\main\java\com\skd\thesundering\entity\AnimationMonster\BossMonsters\Ender_Golem_Entity.java:196: error: incompatible types: Optional<Boolean> cannot be converted to boolean
        this.setIsAwaken(compound.getBoolean("is_Awaken"));
                                            ^
G:\Proyectos\Mods_Minecraft\the_sundering\neoforge\26.2\src\main\java\com\skd\thesundering\entity\AnimationMonster\BossMonsters\Ender_Golem_Entity.java:200: error: no suitable method found for set(EntityDataAccessor<Boolean>,Object)
        this.entityData.set(IS_AWAKEN, (Object)isAwaken);
                       ^
    method SynchedEntityData.<T#1>set(EntityDataAccessor<T#1>,T#1) is not applicable
      (inference variable T#1 has incompatible bounds
        equality constraints: Boolean
        lower bounds: Object)
    method SynchedEntityData.<T#2>set(EntityDataAccessor<T#2>,T#2,boolean) is not applicable
      (cannot infer type-variable(s) T#2
        (actual and formal argument lists differ in length))
  where T#1,T#2 are type-variables:
    T#1 extends Object declared in method <T#1>set(EntityDataAccessor<T#1>,T#1)
    T#2 extends Object declared in method <T#2>set(EntityDataAccessor<T#2>,T#2,boolean)
G:\Proyectos\Mods_Minecraft\the_sundering\neoforge\26.2\src\main\java\com\skd\thesundering\entity\AnimationMonster\BossMonsters\Ender_Golem_Entity.java:238: error: incompatible types: Level cannot be converted to ServerLevel
                    } else if (EventHooks.canEntityGrief((Level)this.level(), (Entity)this)) {
                                                         ^
G:\Proyectos\Mods_Minecraft\the_sundering\neoforge\26.2\src\main\java\com\skd\thesundering\entity\AnimationMonster\BossMonsters\Ender_Golem_Entity.java:247: error: no suitable method found for knockback(double,double,double)
                    target.knockback(1.25, this.getX() - target.getX(), this.getZ() - target.getZ());
                          ^
    method LivingEntity.knockback(double,double,double,DamageSource,float,boolean) is not applicable
      (actual and formal argument lists differ in length)
    method LivingEntity.knockback(double,double,double,DamageSource,float) is not applicable
      (actual and formal argument lists differ in length)
G:\Proyectos\Mods_Minecraft\the_sundering\neoforge\26.2\src\main\java\com\skd\thesundering\entity\AnimationMonster\BossMonsters\Ender_Golem_Entity.java:257: error: incompatible types: Level cannot be converted to ServerLevel
                        } else if (EventHooks.canEntityGrief((Level)this.level(), (Entity)this)) {
                                                             ^
G:\Proyectos\Mods_Minecraft\the_sundering\neoforge\26.2\src\main\java\com\skd\thesundering\entity\AnimationMonster\BossMonsters\Ender_Golem_Entity.java:388: error: isAlliedTo(Entity) in Ender_Golem_Entity cannot override isAlliedTo(@org.jspecify.annotations.Nullable Entity) in Entity
    public boolean isAlliedTo(Entity entityIn) {
                   ^
  overridden method is final
G:\Proyectos\Mods_Minecraft\the_sundering\neoforge\26.2\src\main\java\com\skd\thesundering\entity\AnimationMonster\BossMonsters\Ender_Golem_Entity.java:395: error: cannot find symbol
        if (entityIn.getType().is(ModTag.TEAM_ENDER_GUARDIAN)) {
                              ^
  symbol:   method is(TagKey<EntityType<?>>)
  location: class EntityType<CAP#1>
  where CAP#1 is a fresh type-variable:
    CAP#1 extends Entity from capture of ?
G:\Proyectos\Mods_Minecraft\the_sundering\neoforge\26.2\src\main\java\com\skd\thesundering\client\model\entity\Ender_Guardian_Bullet_Model.java:34: error: incompatible types: inference variable E has incompatible bounds
        return ImmutableList.of((Object)this.renderer);
                               ^
    equality constraints: AdvancedModelBox
    lower bounds: Object
  where E is a type-variable:
    E extends Object declared in method <E>of(E)
G:\Proyectos\Mods_Minecraft\the_sundering\neoforge\26.2\src\main\java\com\skd\thesundering\client\model\entity\Ender_Guardian_Model.java:960: error: incompatible types: inference variable E has incompatible bounds
        return ImmutableList.of((Object)this.root, (Object)this.left_arm, (Object)this.right_arm, (Object)this.left_arm2, (Object)this.right_arm2, (Object)this.left_fist, (Object)this.right_fist, (Object)this.left_leg, (Object)this.right_leg, (Object)this.head, (Object)this.armor, (Object)this.helmet, (Object[])new AdvancedModelBox[]{this.upperhelmet, this.lowerbody, this.upperbody, this.rightarmor, this.leftarmor});
                               ^
    equality constraints: AdvancedModelBox
    lower bounds: Object
  where E is a type-variable:
    E extends Object declared in method <E>of(E,E,E,E,E,E,E,E,E,E,E,E,E...)
G:\Proyectos\Mods_Minecraft\the_sundering\neoforge\26.2\src\main\java\com\skd\thesundering\entity\AnimationMonster\BossMonsters\Ender_Guardian_Entity.java:217: error: cannot find symbol
        this.setPathfindingMalus(PathType.DANGER_FIRE, 0.0f);
                                         ^
  symbol:   variable DANGER_FIRE
  location: class PathType
G:\Proyectos\Mods_Minecraft\the_sundering\neoforge\26.2\src\main\java\com\skd\thesundering\entity\AnimationMonster\BossMonsters\Ender_Guardian_Entity.java:218: error: cannot find symbol
        this.setPathfindingMalus(PathType.DAMAGE_FIRE, 0.0f);
                                         ^
  symbol:   variable DAMAGE_FIRE
  location: class PathType
G:\Proyectos\Mods_Minecraft\the_sundering\neoforge\26.2\src\main\java\com\skd\thesundering\entity\AnimationMonster\BossMonsters\Ender_Guardian_Entity.java:230: error: constructor AttackAnimationGoal2 in class AttackAnimationGoal2<T> cannot be applied to given types;
        this.goalSelector.addGoal(1, (Goal)new AttackAnimationGoal2<Ender_Guardian_Entity>(this, this, GUARDIAN_MASS_DESTRUCTION, 39, 50){
                                           ^
  required: Ender_Guardian_Entity,Animation,int,int
  found:    Ender_Guardian_Entity,Ender_Guardian_Entity,Animation,int,int
  reason: actual and formal argument lists differ in length
  where T is a type-variable:
    T extends LLibrary_Monster declared in class AttackAnimationGoal2
G:\Proyectos\Mods_Minecraft\the_sundering\neoforge\26.2\src\main\java\com\skd\thesundering\entity\AnimationMonster\BossMonsters\Ender_Guardian_Entity.java:253: error: cannot find symbol
        this.targetSelector.addGoal(3, (Goal)new NearestAttackableTargetGoal((Mob)this, IronGolem.class, true));
                                                                                        ^
  symbol:   class IronGolem
  location: class Ender_Guardian_Entity
G:\Proyectos\Mods_Minecraft\the_sundering\neoforge\26.2\src\main\java\com\skd\thesundering\entity\AnimationMonster\BossMonsters\Ender_Guardian_Entity.java:263: error: method define in class Builder cannot be applied to given types;
        p_326229_.define(IS_HELMETLESS, (Object)false);
                 ^
  required: EntityDataAccessor<T>,T
  found:    EntityDataAccessor<Boolean>,Object
  reason: inference variable T has incompatible bounds
    equality constraints: Boolean
    lower bounds: Object
  where T is a type-variable:
    T extends Object declared in method <T>define(EntityDataAccessor<T>,T)
G:\Proyectos\Mods_Minecraft\the_sundering\neoforge\26.2\src\main\java\com\skd\thesundering\entity\AnimationMonster\BossMonsters\Ender_Guardian_Entity.java:265: error: method define in class Builder cannot be applied to given types;
        p_326229_.define(USED_MASS_DESTRUCTION, (Object)true);
                 ^
  required: EntityDataAccessor<T>,T
  found:    EntityDataAccessor<Boolean>,Object
  reason: inference variable T has incompatible bounds
    equality constraints: Boolean
    lower bounds: Object
  where T is a type-variable:
    T extends Object declared in method <T>define(EntityDataAccessor<T>,T)
G:\Proyectos\Mods_Minecraft\the_sundering\neoforge\26.2\src\main\java\com\skd\thesundering\entity\AnimationMonster\BossMonsters\Ender_Guardian_Entity.java:291: error: cannot find symbol
            compound.put("TeleportPos", NbtUtils.writeBlockPos((BlockPos)this.getTeleportPos().get()));
                                                ^
  symbol:   method writeBlockPos(BlockPos)
  location: class NbtUtils
G:\Proyectos\Mods_Minecraft\the_sundering\neoforge\26.2\src\main\java\com\skd\thesundering\entity\AnimationMonster\BossMonsters\Ender_Guardian_Entity.java:300: error: cannot find symbol
        NbtUtils.readBlockPos((CompoundTag)compound, (String)"TeleportPos").ifPresent(this::setTeleportPos);
                ^
  symbol:   method readBlockPos(CompoundTag,String)
  location: class NbtUtils
G:\Proyectos\Mods_Minecraft\the_sundering\neoforge\26.2\src\main\java\com\skd\thesundering\entity\AnimationMonster\BossMonsters\Ender_Guardian_Entity.java:301: error: incompatible types: Optional<Boolean> cannot be converted to boolean
        this.setIsHelmetless(compound.getBoolean("is_Helmetless"));
                                                ^
G:\Proyectos\Mods_Minecraft\the_sundering\neoforge\26.2\src\main\java\com\skd\thesundering\entity\AnimationMonster\BossMonsters\Ender_Guardian_Entity.java:302: error: incompatible types: Optional<Boolean> cannot be converted to boolean
        this.setUsedMassDestruction(compound.getBoolean("used_mass_destruction"));
                                                       ^
G:\Proyectos\Mods_Minecraft\the_sundering\neoforge\26.2\src\main\java\com\skd\thesundering\entity\AnimationMonster\BossMonsters\Ender_Guardian_Entity.java:316: error: no suitable method found for set(EntityDataAccessor<Boolean>,Object)
        this.entityData.set(IS_HELMETLESS, (Object)isHelmetless);
                       ^
    method SynchedEntityData.<T#1>set(EntityDataAccessor<T#1>,T#1) is not applicable
      (inference variable T#1 has incompatible bounds
        equality constraints: Boolean
        lower bounds: Object)
    method SynchedEntityData.<T#2>set(EntityDataAccessor<T#2>,T#2,boolean) is not applicable
      (cannot infer type-variable(s) T#2
        (actual and formal argument lists differ in length))
  where T#1,T#2 are type-variables:
    T#1 extends Object declared in method <T#1>set(EntityDataAccessor<T#1>,T#1)
    T#2 extends Object declared in method <T#2>set(EntityDataAccessor<T#2>,T#2,boolean)
G:\Proyectos\Mods_Minecraft\the_sundering\neoforge\26.2\src\main\java\com\skd\thesundering\entity\AnimationMonster\BossMonsters\Ender_Guardian_Entity.java:324: error: no suitable method found for set(EntityDataAccessor<Boolean>,Object)
        this.entityData.set(USED_MASS_DESTRUCTION, (Object)usedMassDestruction);
                       ^
    method SynchedEntityData.<T#1>set(EntityDataAccessor<T#1>,T#1) is not applicable
      (inference variable T#1 has incompatible bounds
        equality constraints: Boolean
        lower bounds: Object)
    method SynchedEntityData.<T#2>set(EntityDataAccessor<T#2>,T#2,boolean) is not applicable
      (cannot infer type-variable(s) T#2
        (actual and formal argument lists differ in length))
  where T#1,T#2 are type-variables:
    T#1 extends Object declared in method <T#1>set(EntityDataAccessor<T#1>,T#1)
    T#2 extends Object declared in method <T#2>set(EntityDataAccessor<T#2>,T#2,boolean)
G:\Proyectos\Mods_Minecraft\the_sundering\neoforge\26.2\src\main\java\com\skd\thesundering\entity\AnimationMonster\BossMonsters\Ender_Guardian_Entity.java:349: error: hurt(DamageSource,float) in Ender_Guardian_Entity cannot override hurt(DamageSource,float) in Entity
    public boolean hurt(DamageSource source, float damage) {
                   ^
  overridden method is final
G:\Proyectos\Mods_Minecraft\the_sundering\neoforge\26.2\src\main\java\com\skd\thesundering\entity\AnimationMonster\BossMonsters\Ender_Guardian_Entity.java:358: error: incompatible types: Entity cannot be converted to Ender_Guardian_Bullet_Entity
        if (entity instanceof ShulkerBullet || entity instanceof Ender_Guardian_Bullet_Entity) {
                                               ^
G:\Proyectos\Mods_Minecraft\the_sundering\neoforge\26.2\src\main\java\com\skd\thesundering\entity\AnimationMonster\BossMonsters\Ender_Guardian_Entity.java:361: error: cannot find symbol
        if (entity instanceof AbstractGolem) {
                              ^
  symbol:   class AbstractGolem
  location: class Ender_Guardian_Entity
G:\Proyectos\Mods_Minecraft\the_sundering\neoforge\26.2\src\main\java\com\skd\thesundering\entity\AnimationMonster\BossMonsters\Ender_Guardian_Entity.java:391: error: method isInvulnerableTo in class LivingEntity cannot be applied to given types;
        return source.is(DamageTypes.IN_WALL) || super.isInvulnerableTo(source);
                                                      ^
  required: ServerLevel,DamageSource
  found:    DamageSource
  reason: actual and formal argument lists differ in length
G:\Proyectos\Mods_Minecraft\the_sundering\neoforge\26.2\src\main\java\com\skd\thesundering\entity\AnimationMonster\BossMonsters\Ender_Guardian_Entity.java:548: error: incompatible types: Level cannot be converted to ServerLevel
                    } else if (EventHooks.canEntityGrief((Level)this.level(), (Entity)this)) {
                                                         ^
G:\Proyectos\Mods_Minecraft\the_sundering\neoforge\26.2\src\main\java\com\skd\thesundering\entity\AnimationMonster\BossMonsters\Ender_Guardian_Entity.java:704: error: incompatible types: void cannot be converted to boolean
                boolean flag = entityHit.hurt(damagesource, (float)(this.getAttributeValue(Attributes.ATTACK_DAMAGE) * (double)damage + Math.min(this.getAttributeValue(Attributes.ATTACK_DAMAGE) * (double)damage, (double)(entityHit.getMaxHealth() * hpdamage))));
                                             ^
G:\Proyectos\Mods_Minecraft\the_sundering\neoforge\26.2\src\main\java\com\skd\thesundering\entity\AnimationMonster\BossMonsters\Ender_Guardian_Entity.java:705: error: cannot find symbol
                if (entityHit.isDamageSourceBlocked(damagesource) && entityHit instanceof Player) {
                             ^
  symbol:   method isDamageSourceBlocked(DamageSource)
  location: variable entityHit of type LivingEntity
G:\Proyectos\Mods_Minecraft\the_sundering\neoforge\26.2\src\main\java\com\skd\thesundering\entity\AnimationMonster\BossMonsters\Ender_Guardian_Entity.java:729: error: cannot find symbol
                if (entityHit.isDamageSourceBlocked(damagesource) && entityHit instanceof Player) {
                             ^
  symbol:   method isDamageSourceBlocked(DamageSource)
  location: variable entityHit of type LivingEntity
G:\Proyectos\Mods_Minecraft\the_sundering\neoforge\26.2\src\main\java\com\skd\thesundering\entity\AnimationMonster\BossMonsters\Ender_Guardian_Entity.java:1002: error: no suitable method found for getNearest(double,double,double)
                Direction dir = Direction.getNearest((double)(tx - sx), (double)0.0, (double)(tz - sz));
                                         ^
    method Direction.getNearest(int,int,int,@org.jspecify.annotations.Nullable Direction) is not applicable
      (actual and formal argument lists differ in length)
    method Direction.getNearest(Vec3i,@org.jspecify.annotations.Nullable Direction) is not applicable
      (actual and formal argument lists differ in length)
G:\Proyectos\Mods_Minecraft\the_sundering\neoforge\26.2\src\main\java\com\skd\thesundering\entity\AnimationMonster\BossMonsters\Ender_Guardian_Entity.java:1012: error: cannot find symbol
                    bullet.setOwner((Entity)this);
                          ^
  symbol:   method setOwner(Entity)
  location: variable bullet of type Ender_Guardian_Bullet_Entity
G:\Proyectos\Mods_Minecraft\the_sundering\neoforge\26.2\src\main\java\com\skd\thesundering\entity\AnimationMonster\BossMonsters\Ender_Guardian_Entity.java:1013: error: cannot find symbol
                    bullet.setPos(this.getX(), this.getY() - 2.0 + this.random.nextDouble() * 4.0, this.getZ());
                          ^
  symbol:   method setPos(double,double,double)
  location: variable bullet of type Ender_Guardian_Bullet_Entity
G:\Proyectos\Mods_Minecraft\the_sundering\neoforge\26.2\src\main\java\com\skd\thesundering\entity\AnimationMonster\BossMonsters\Ender_Guardian_Entity.java:1015: error: incompatible types: Ender_Guardian_Bullet_Entity cannot be converted to Entity
                    this.level().addFreshEntity((Entity)bullet);
                                                        ^
G:\Proyectos\Mods_Minecraft\the_sundering\neoforge\26.2\src\main\java\com\skd\thesundering\entity\AnimationMonster\BossMonsters\Ender_Guardian_Entity.java:1023: error: cannot find symbol
        while (blockpos$mutableblockpos.getY() > this.level().getMinBuildHeight() && !this.level().getBlockState((BlockPos)blockpos$mutableblockpos).blocksMotion()) {
                                                             ^
  symbol:   method getMinBuildHeight()
  location: class Level
G:\Proyectos\Mods_Minecraft\the_sundering\neoforge\26.2\src\main\java\com\skd\thesundering\entity\AnimationMonster\BossMonsters\Ender_Guardian_Entity.java:1056: error: cannot find symbol
            while (!flag1 && blockpos.getY() > level.getMinBuildHeight()) {
                                                    ^
  symbol:   method getMinBuildHeight()
  location: variable level of type Level
G:\Proyectos\Mods_Minecraft\the_sundering\neoforge\26.2\src\main\java\com\skd\thesundering\entity\AnimationMonster\BossMonsters\Ender_Guardian_Entity.java:1084: error: isAffectedByFluids() in Ender_Guardian_Entity cannot override isAffectedByFluids() in LivingEntity
    protected boolean isAffectedByFluids() {
                      ^
  attempting to assign weaker access privileges; was public
G:\Proyectos\Mods_Minecraft\the_sundering\neoforge\26.2\src\main\java\com\skd\thesundering\entity\AnimationMonster\BossMonsters\Ender_Guardian_Entity.java:1093: error: no suitable method found for spawnAtLocation(ItemStack,float)
        ItemEntity itementity = this.spawnAtLocation(stack, 0.0f);
                                    ^
    method Entity.spawnAtLocation(ServerLevel,ItemLike) is not applicable
      (argument mismatch; ItemStack cannot be converted to ServerLevel)
    method Entity.spawnAtLocation(ServerLevel,ItemStack) is not applicable
      (argument mismatch; ItemStack cannot be converted to ServerLevel)
G:\Proyectos\Mods_Minecraft\the_sundering\neoforge\26.2\src\main\java\com\skd\thesundering\entity\AnimationMonster\BossMonsters\Ender_Guardian_Entity.java:1102: error: isAlliedTo(Entity) in Ender_Guardian_Entity cannot override isAlliedTo(@org.jspecify.annotations.Nullable Entity) in Entity
    public boolean isAlliedTo(Entity entityIn) {
                   ^
  overridden method is final
G:\Proyectos\Mods_Minecraft\the_sundering\neoforge\26.2\src\main\java\com\skd\thesundering\entity\AnimationMonster\BossMonsters\Ender_Guardian_Entity.java:1109: error: cannot find symbol
        if (entityIn.getType().is(ModTag.TEAM_ENDER_GUARDIAN)) {
                              ^
  symbol:   method is(TagKey<EntityType<?>>)
  location: class EntityType<CAP#1>
  where CAP#1 is a fresh type-variable:
    CAP#1 extends Entity from capture of ?
G:\Proyectos\Mods_Minecraft\the_sundering\neoforge\26.2\src\main\java\com\skd\thesundering\entity\projectile\Flare_Bomb_Entity.java:72: error: no suitable constructor found for ThrowableProjectile(EntityType<Flare_Bomb_Entity>,LivingEntity,Level)
        super(type, thrower, world);
        ^
    constructor ThrowableProjectile.ThrowableProjectile(EntityType<? extends ThrowableProjectile>,Level) is not applicable
      (actual and formal argument lists differ in length)
    constructor ThrowableProjectile.ThrowableProjectile(EntityType<? extends ThrowableProjectile>,double,double,double,Level) is not applicable
      (actual and formal argument lists differ in length)
G:\Proyectos\Mods_Minecraft\the_sundering\neoforge\26.2\src\main\java\com\skd\thesundering\entity\projectile\Flare_Bomb_Entity.java:90: error: incompatible types: void cannot be converted to boolean
                    boolean flag = entity.hurt(damagesource, 7.0f);
                                              ^
G:\Proyectos\Mods_Minecraft\the_sundering\neoforge\26.2\src\main\java\com\skd\thesundering\entity\projectile\Flare_Bomb_Entity.java:200: error: random has protected access in Level
            this.level().playLocalSound(this.getX(), this.getY(), this.getZ(), (SoundEvent)ModSounds.EXPLOSION.get(), SoundSource.BLOCKS, 4.0f, (1.0f + (this.level().random.nextFloat() - this.level().random.nextFloat()) * 0.2f) * 0.7f, false);
                                                                                                                                                                     ^
G:\Proyectos\Mods_Minecraft\the_sundering\neoforge\26.2\src\main\java\com\skd\thesundering\entity\projectile\Flare_Bomb_Entity.java:200: error: random has protected access in Level
            this.level().playLocalSound(this.getX(), this.getY(), this.getZ(), (SoundEvent)ModSounds.EXPLOSION.get(), SoundSource.BLOCKS, 4.0f, (1.0f + (this.level().random.nextFloat() - this.level().random.nextFloat()) * 0.2f) * 0.7f, false);
                                                                                                                                                                                                       ^
G:\Proyectos\Mods_Minecraft\the_sundering\neoforge\26.2\src\main\java\com\skd\thesundering\client\model\entity\Hippocamtus_Model.java:102: error: children has private access in ModelPart
        for (Map.Entry entry : part.children.entrySet()) {
                                   ^
G:\Proyectos\Mods_Minecraft\the_sundering\neoforge\26.2\src\main\java\com\skd\thesundering\client\model\entity\Hippocamtus_Model.java:107: error: children has private access in ModelPart
            if (childPart.children.isEmpty()) continue;
                         ^
G:\Proyectos\Mods_Minecraft\the_sundering\neoforge\26.2\src\main\java\com\skd\thesundering\client\model\entity\Hippocamtus_Model.java:123: error: cannot find symbol
        this.animateWalk(Hippocamtus_Animation.WALK, limbSwing, limbSwingAmount, 1.0f, 1.5f);
            ^
  symbol: method animateWalk(AnimationDefinition,float,float,float,float)
G:\Proyectos\Mods_Minecraft\the_sundering\neoforge\26.2\src\main\java\com\skd\thesundering\client\model\entity\Hippocamtus_Model.java:124: error: cannot find symbol
        this.animate(entity.getAnimationState("idle"), Hippocamtus_Animation.IDLE, ageInTicks, 1.0f);
            ^
  symbol: method animate(AnimationState,AnimationDefinition,float,float)
G:\Proyectos\Mods_Minecraft\the_sundering\neoforge\26.2\src\main\java\com\skd\thesundering\client\model\entity\Hippocamtus_Model.java:125: error: cannot find symbol
        this.animate(entity.getAnimationState("stab"), Hippocamtus_Animation.STAB, ageInTicks, 1.0f);
            ^
  symbol: method animate(AnimationState,AnimationDefinition,float,float)
G:\Proyectos\Mods_Minecraft\the_sundering\neoforge\26.2\src\main\java\com\skd\thesundering\client\model\entity\Hippocamtus_Model.java:126: error: cannot find symbol
        this.animate(entity.getAnimationState("swing1"), Hippocamtus_Animation.SWING, ageInTicks, 1.0f);
            ^
  symbol: method animate(AnimationState,AnimationDefinition,float,float)
G:\Proyectos\Mods_Minecraft\the_sundering\neoforge\26.2\src\main\java\com\skd\thesundering\client\model\entity\Hippocamtus_Model.java:127: error: cannot find symbol
        this.animate(entity.getAnimationState("swing2"), Hippocamtus_Animation.SWING2, ageInTicks, 1.0f);
            ^
  symbol: method animate(AnimationState,AnimationDefinition,float,float)
G:\Proyectos\Mods_Minecraft\the_sundering\neoforge\26.2\src\main\java\com\skd\thesundering\client\model\entity\Hippocamtus_Model.java:128: error: cannot find symbol
        this.animate(entity.getAnimationState("guard"), Hippocamtus_Animation.GUARD, ageInTicks, 1.0f);
            ^
  symbol: method animate(AnimationState,AnimationDefinition,float,float)
G:\Proyectos\Mods_Minecraft\the_sundering\neoforge\26.2\src\main\java\com\skd\thesundering\client\model\entity\Hippocamtus_Model.java:129: error: cannot find symbol
        this.animate(entity.getAnimationState("guardcounter"), Hippocamtus_Animation.GUARD_COUNTER, ageInTicks, 1.0f);
            ^
  symbol: method animate(AnimationState,AnimationDefinition,float,float)
G:\Proyectos\Mods_Minecraft\the_sundering\neoforge\26.2\src\main\java\com\skd\thesundering\client\model\entity\Hippocamtus_Model.java:130: error: cannot find symbol
        this.animate(entity.getAnimationState("parry"), Hippocamtus_Animation.PARRYING, ageInTicks, 1.0f);
            ^
  symbol: method animate(AnimationState,AnimationDefinition,float,float)
G:\Proyectos\Mods_Minecraft\the_sundering\neoforge\26.2\src\main\java\com\skd\thesundering\client\model\entity\Hippocamtus_Model.java:131: error: cannot find symbol
        this.animate(entity.getAnimationState("death"), Hippocamtus_Animation.DEATH, ageInTicks, 1.0f);
            ^
  symbol: method animate(AnimationState,AnimationDefinition,float,float)
G:\Proyectos\Mods_Minecraft\the_sundering\neoforge\26.2\src\main\java\com\skd\thesundering\entity\InternalAnimationMonster\AcropolisMonsters\Hippocamtus_Entity.java:214: error: cannot find symbol
        if (this.isControlledByLocalInstance() && this.isInWater() && this.wantsToSwim()) {
                ^
  symbol: method isControlledByLocalInstance()
G:\Proyectos\Mods_Minecraft\the_sundering\neoforge\26.2\src\main\java\com\skd\thesundering\entity\InternalAnimationMonster\AcropolisMonsters\Hippocamtus_Entity.java:239: error: hurt(DamageSource,float) in Hippocamtus_Entity cannot override hurt(DamageSource,float) in Entity
    public boolean hurt(DamageSource source, float damage) {
                   ^
  overridden method is final
G:\Proyectos\Mods_Minecraft\the_sundering\neoforge\26.2\src\main\java\com\skd\thesundering\entity\InternalAnimationMonster\AcropolisMonsters\Hippocamtus_Entity.java:262: error: no suitable method found for knockback(double,double,double)
                        living.knockback(0.5, this.getX() - living.getX(), this.getZ() - living.getZ());
                              ^
    method LivingEntity.knockback(double,double,double,DamageSource,float,boolean) is not applicable
      (actual and formal argument lists differ in length)
    method LivingEntity.knockback(double,double,double,DamageSource,float) is not applicable
      (actual and formal argument lists differ in length)
G:\Proyectos\Mods_Minecraft\the_sundering\neoforge\26.2\src\main\java\com\skd\thesundering\entity\InternalAnimationMonster\AcropolisMonsters\Hippocamtus_Entity.java:266: error: incompatible types: void cannot be converted to boolean
                return super.hurt(source, damage);
                                 ^
G:\Proyectos\Mods_Minecraft\the_sundering\neoforge\26.2\src\main\java\com\skd\thesundering\entity\InternalAnimationMonster\AcropolisMonsters\Hippocamtus_Entity.java:269: error: incompatible types: void cannot be converted to boolean
        return super.hurt(source, damage);
                         ^
G:\Proyectos\Mods_Minecraft\the_sundering\neoforge\26.2\src\main\java\com\skd\thesundering\entity\InternalAnimationMonster\AcropolisMonsters\Hippocamtus_Entity.java:307: error: method define in class Builder cannot be applied to given types;
        p_326229_.define(STAB, (Object)false);
                 ^
  required: EntityDataAccessor<T>,T
  found:    EntityDataAccessor<Boolean>,Object
  reason: inference variable T has incompatible bounds
    equality constraints: Boolean
    lower bounds: Object
  where T is a type-variable:
    T extends Object declared in method <T>define(EntityDataAccessor<T>,T)
G:\Proyectos\Mods_Minecraft\the_sundering\neoforge\26.2\src\main\java\com\skd\thesundering\entity\InternalAnimationMonster\AcropolisMonsters\Hippocamtus_Entity.java:311: error: no suitable method found for set(EntityDataAccessor<Boolean>,Object)
        this.entityData.set(STAB, (Object)stab);
                       ^
    method SynchedEntityData.<T#1>set(EntityDataAccessor<T#1>,T#1) is not applicable
      (inference variable T#1 has incompatible bounds
        equality constraints: Boolean
        lower bounds: Object)
    method SynchedEntityData.<T#2>set(EntityDataAccessor<T#2>,T#2,boolean) is not applicable
      (cannot infer type-variable(s) T#2
        (actual and formal argument lists differ in length))
  where T#1,T#2 are type-variables:
    T#1 extends Object declared in method <T#1>set(EntityDataAccessor<T#1>,T#1)
    T#2 extends Object declared in method <T#2>set(EntityDataAccessor<T#2>,T#2,boolean)
G:\Proyectos\Mods_Minecraft\the_sundering\neoforge\26.2\src\main\java\com\skd\thesundering\entity\InternalAnimationMonster\AcropolisMonsters\Hippocamtus_Entity.java:398: error: incompatible types: CompoundTag cannot be converted to ValueOutput
        super.addAdditionalSaveData(compound);
                                    ^
G:\Proyectos\Mods_Minecraft\the_sundering\neoforge\26.2\src\main\java\com\skd\thesundering\entity\InternalAnimationMonster\AcropolisMonsters\Hippocamtus_Entity.java:402: error: incompatible types: CompoundTag cannot be converted to ValueInput
        super.readAdditionalSaveData(compound);
                                     ^
G:\Proyectos\Mods_Minecraft\the_sundering\neoforge\26.2\src\main\java\com\skd\thesundering\entity\InternalAnimationMonster\AcropolisMonsters\Hippocamtus_Entity.java:468: error: incompatible types: void cannot be converted to boolean
                boolean hurt = entityHit.hurt(damagesource, (float)(this.getAttributeValue(Attributes.ATTACK_DAMAGE) * (double)damage));
                                             ^
G:\Proyectos\Mods_Minecraft\the_sundering\neoforge\26.2\src\main\java\com\skd\thesundering\entity\InternalAnimationMonster\AcropolisMonsters\Hippocamtus_Entity.java:469: error: cannot find symbol
                if (entityHit.isDamageSourceBlocked(damagesource) && entityHit instanceof Player) {
                             ^
  symbol:   method isDamageSourceBlocked(DamageSource)
  location: variable entityHit of type LivingEntity
G:\Proyectos\Mods_Minecraft\the_sundering\neoforge\26.2\src\main\java\com\skd\thesundering\entity\InternalAnimationMonster\AcropolisMonsters\Hippocamtus_Entity.java:510: error: isAlliedTo(Entity) in Hippocamtus_Entity cannot override isAlliedTo(@org.jspecify.annotations.Nullable Entity) in Entity
    public boolean isAlliedTo(Entity entityIn) {
                   ^
  overridden method is final
G:\Proyectos\Mods_Minecraft\the_sundering\neoforge\26.2\src\main\java\com\skd\thesundering\entity\InternalAnimationMonster\AcropolisMonsters\Hippocamtus_Entity.java:517: error: cannot find symbol
        if (entityIn.getType().is(ModTag.TEAM_SCYLLA)) {
                              ^
  symbol:   method is(TagKey<EntityType<?>>)
  location: class EntityType<CAP#1>
  where CAP#1 is a fresh type-variable:
    CAP#1 extends Entity from capture of ?
G:\Proyectos\Mods_Minecraft\the_sundering\neoforge\26.2\src\main\java\com\skd\thesundering\client\model\entity\Ignis_Fireball_Model.java:43: error: incompatible types: inference variable E has incompatible bounds
        return ImmutableList.of((Object)this.root, (Object)this.core, (Object)this.out_line);
                               ^
    equality constraints: AdvancedModelBox
    lower bounds: Object
  where E is a type-variable:
    E extends Object declared in method <E>of(E,E,E)
G:\Proyectos\Mods_Minecraft\the_sundering\neoforge\26.2\src\main\java\com\skd\thesundering\client\model\entity\Ignis_Model.java:3156: error: incompatible types: inference variable E has incompatible bounds
        return ImmutableList.of((Object)this.root, (Object)this.upperbody, (Object)this.head, (Object)this.right_chestplate, (Object)this.lowerbody, (Object)this.lowerbody2, (Object)this.left_arm_joint, (Object)this.left_arm, (Object)this.left_guantlet, (Object)this.left_big_guantlet, (Object)this.left_hand, (Object)this.left_fist, (Object[])new AdvancedModelBox[]{this.right_arm_joint, this.right_arm, this.right_guantlet, this.right_big_guantlet, this.right_hand, this.right_fist, this.sword, this.handle_core, this.core, this.shield_root, this.shield});
                               ^
    equality constraints: AdvancedModelBox
    lower bounds: Object
  where E is a type-variable:
    E extends Object declared in method <E>of(E,E,E,E,E,E,E,E,E,E,E,E,E...)
G:\Proyectos\Mods_Minecraft\the_sundering\neoforge\26.2\src\main\java\com\skd\thesundering\entity\AnimationMonster\BossMonsters\Ignis_Entity.java:278: error: cannot find symbol
        this.setPathfindingMalus(PathType.DANGER_FIRE, 0.0f);
                                         ^
  symbol:   variable DANGER_FIRE
  location: class PathType
G:\Proyectos\Mods_Minecraft\the_sundering\neoforge\26.2\src\main\java\com\skd\thesundering\entity\AnimationMonster\BossMonsters\Ignis_Entity.java:279: error: cannot find symbol
        this.setPathfindingMalus(PathType.DAMAGE_FIRE, 0.0f);
                                         ^
  symbol:   variable DAMAGE_FIRE
  location: class PathType
G:\Proyectos\Mods_Minecraft\the_sundering\neoforge\26.2\src\main\java\com\skd\thesundering\entity\AnimationMonster\BossMonsters\Ignis_Entity.java:280: error: cannot find symbol
        this.setPathfindingMalus(PathType.DAMAGE_FIRE, 0.0f);
                                         ^
  symbol:   variable DAMAGE_FIRE
  location: class PathType
G:\Proyectos\Mods_Minecraft\the_sundering\neoforge\26.2\src\main\java\com\skd\thesundering\entity\AnimationMonster\BossMonsters\Ignis_Entity.java:340: error: cannot find symbol
        this.targetSelector.addGoal(3, (Goal)new NearestAttackableTargetGoal((Mob)this, IronGolem.class, true));
                                                                                        ^
  symbol:   class IronGolem
  location: class Ignis_Entity
G:\Proyectos\Mods_Minecraft\the_sundering\neoforge\26.2\src\main\java\com\skd\thesundering\entity\AnimationMonster\BossMonsters\Ignis_Entity.java:344: error: hurt(DamageSource,float) in Ignis_Entity cannot override hurt(DamageSource,float) in Entity
    public boolean hurt(DamageSource source, float damage) {
                   ^
  overridden method is final
G:\Proyectos\Mods_Minecraft\the_sundering\neoforge\26.2\src\main\java\com\skd\thesundering\entity\AnimationMonster\BossMonsters\Ignis_Entity.java:391: error: cannot find symbol
            this.hurtCurrentlyUsedShield(damage);
                ^
  symbol: method hurtCurrentlyUsedShield(float)
G:\Proyectos\Mods_Minecraft\the_sundering\neoforge\26.2\src\main\java\com\skd\thesundering\entity\AnimationMonster\BossMonsters\Ignis_Entity.java:393: error: cannot find symbol
                this.blockUsingShield((LivingEntity)entity);
                    ^
  symbol: method blockUsingShield(LivingEntity)
G:\Proyectos\Mods_Minecraft\the_sundering\neoforge\26.2\src\main\java\com\skd\thesundering\entity\AnimationMonster\BossMonsters\Ignis_Entity.java:428: error: method define in class Builder cannot be applied to given types;
        p_326229_.define(IS_BLOCKING, (Object)false);
                 ^
  required: EntityDataAccessor<T>,T
  found:    EntityDataAccessor<Boolean>,Object
  reason: inference variable T has incompatible bounds
    equality constraints: Boolean
    lower bounds: Object
  where T is a type-variable:
    T extends Object declared in method <T>define(EntityDataAccessor<T>,T)
G:\Proyectos\Mods_Minecraft\the_sundering\neoforge\26.2\src\main\java\com\skd\thesundering\entity\AnimationMonster\BossMonsters\Ignis_Entity.java:429: error: method define in class Builder cannot be applied to given types;
        p_326229_.define(IS_SHIELD, (Object)false);
                 ^
  required: EntityDataAccessor<T>,T
  found:    EntityDataAccessor<Boolean>,Object
  reason: inference variable T has incompatible bounds
    equality constraints: Boolean
    lower bounds: Object
  where T is a type-variable:
    T extends Object declared in method <T>define(EntityDataAccessor<T>,T)
G:\Proyectos\Mods_Minecraft\the_sundering\neoforge\26.2\src\main\java\com\skd\thesundering\entity\AnimationMonster\BossMonsters\Ignis_Entity.java:430: error: method define in class Builder cannot be applied to given types;
        p_326229_.define(IS_SHIELD_BREAK, (Object)false);
                 ^
  required: EntityDataAccessor<T>,T
  found:    EntityDataAccessor<Boolean>,Object
  reason: inference variable T has incompatible bounds
    equality constraints: Boolean
    lower bounds: Object
  where T is a type-variable:
    T extends Object declared in method <T>define(EntityDataAccessor<T>,T)
G:\Proyectos\Mods_Minecraft\the_sundering\neoforge\26.2\src\main\java\com\skd\thesundering\entity\AnimationMonster\BossMonsters\Ignis_Entity.java:431: error: method define in class Builder cannot be applied to given types;
        p_326229_.define(SHIELD_DURABILITY, (Object)0);
                 ^
  required: EntityDataAccessor<T>,T
  found:    EntityDataAccessor<Integer>,Object
  reason: inference variable T has incompatible bounds
    equality constraints: Integer
    lower bounds: Object
  where T is a type-variable:
    T extends Object declared in method <T>define(EntityDataAccessor<T>,T)
G:\Proyectos\Mods_Minecraft\the_sundering\neoforge\26.2\src\main\java\com\skd\thesundering\entity\AnimationMonster\BossMonsters\Ignis_Entity.java:432: error: method define in class Builder cannot be applied to given types;
        p_326229_.define(IS_SWORD, (Object)false);
                 ^
  required: EntityDataAccessor<T>,T
  found:    EntityDataAccessor<Boolean>,Object
  reason: inference variable T has incompatible bounds
    equality constraints: Boolean
    lower bounds: Object
  where T is a type-variable:
    T extends Object declared in method <T>define(EntityDataAccessor<T>,T)
G:\Proyectos\Mods_Minecraft\the_sundering\neoforge\26.2\src\main\java\com\skd\thesundering\entity\AnimationMonster\BossMonsters\Ignis_Entity.java:433: error: method define in class Builder cannot be applied to given types;
        p_326229_.define(SHOW_SHIELD, (Object)true);
                 ^
  required: EntityDataAccessor<T>,T
  found:    EntityDataAccessor<Boolean>,Object
  reason: inference variable T has incompatible bounds
    equality constraints: Boolean
    lower bounds: Object
  where T is a type-variable:
    T extends Object declared in method <T>define(EntityDataAccessor<T>,T)
G:\Proyectos\Mods_Minecraft\the_sundering\neoforge\26.2\src\main\java\com\skd\thesundering\entity\AnimationMonster\BossMonsters\Ignis_Entity.java:434: error: method define in class Builder cannot be applied to given types;
        p_326229_.define(BOSS_PHASE, (Object)0);
                 ^
  required: EntityDataAccessor<T>,T
  found:    EntityDataAccessor<Integer>,Object
  reason: inference variable T has incompatible bounds
    equality constraints: Integer
    lower bounds: Object
  where T is a type-variable:
    T extends Object declared in method <T>define(EntityDataAccessor<T>,T)
G:\Proyectos\Mods_Minecraft\the_sundering\neoforge\26.2\src\main\java\com\skd\thesundering\entity\AnimationMonster\BossMonsters\Ignis_Entity.java:449: error: incompatible types: Optional<Integer> cannot be converted to int
        this.setBossPhase(compound.getInt("BossPhase"));
                                         ^
G:\Proyectos\Mods_Minecraft\the_sundering\neoforge\26.2\src\main\java\com\skd\thesundering\entity\AnimationMonster\BossMonsters\Ignis_Entity.java:450: error: incompatible types: Optional<Boolean> cannot be converted to boolean
        this.setIsShieldBreak(compound.getBoolean("Is_Shield_Break"));
                                                 ^
G:\Proyectos\Mods_Minecraft\the_sundering\neoforge\26.2\src\main\java\com\skd\thesundering\entity\AnimationMonster\BossMonsters\Ignis_Entity.java:451: error: incompatible types: Optional<Integer> cannot be converted to int
        this.setShieldDurability(compound.getInt("Shield_Durability"));
                                                ^
G:\Proyectos\Mods_Minecraft\the_sundering\neoforge\26.2\src\main\java\com\skd\thesundering\entity\AnimationMonster\BossMonsters\Ignis_Entity.java:463: error: incompatible types: Object cannot be converted to Vec3
        return ((Optional)this.entityData.get(TARGET_VEC)).orElse(null);
                                                                 ^
G:\Proyectos\Mods_Minecraft\the_sundering\neoforge\26.2\src\main\java\com\skd\thesundering\entity\AnimationMonster\BossMonsters\Ignis_Entity.java:470: error: no suitable method found for set(EntityDataAccessor<Boolean>,Object)
        this.entityData.set(IS_BLOCKING, (Object)isBlocking);
                       ^
    method SynchedEntityData.<T#1>set(EntityDataAccessor<T#1>,T#1) is not applicable
      (inference variable T#1 has incompatible bounds
        equality constraints: Boolean
        lower bounds: Object)
    method SynchedEntityData.<T#2>set(EntityDataAccessor<T#2>,T#2,boolean) is not applicable
      (cannot infer type-variable(s) T#2
        (actual and formal argument lists differ in length))
  where T#1,T#2 are type-variables:
    T#1 extends Object declared in method <T#1>set(EntityDataAccessor<T#1>,T#1)
    T#2 extends Object declared in method <T#2>set(EntityDataAccessor<T#2>,T#2,boolean)
G:\Proyectos\Mods_Minecraft\the_sundering\neoforge\26.2\src\main\java\com\skd\thesundering\entity\AnimationMonster\BossMonsters\Ignis_Entity.java:478: error: no suitable method found for set(EntityDataAccessor<Boolean>,Object)
        this.entityData.set(IS_SHIELD, (Object)isShield);
                       ^
    method SynchedEntityData.<T#1>set(EntityDataAccessor<T#1>,T#1) is not applicable
      (inference variable T#1 has incompatible bounds
        equality constraints: Boolean
        lower bounds: Object)
    method SynchedEntityData.<T#2>set(EntityDataAccessor<T#2>,T#2,boolean) is not applicable
      (cannot infer type-variable(s) T#2
        (actual and formal argument lists differ in length))
  where T#1,T#2 are type-variables:
    T#1 extends Object declared in method <T#1>set(EntityDataAccessor<T#1>,T#1)
    T#2 extends Object declared in method <T#2>set(EntityDataAccessor<T#2>,T#2,boolean)
G:\Proyectos\Mods_Minecraft\the_sundering\neoforge\26.2\src\main\java\com\skd\thesundering\entity\AnimationMonster\BossMonsters\Ignis_Entity.java:489: error: no suitable method found for set(EntityDataAccessor<Boolean>,Object)
        this.entityData.set(IS_SWORD, (Object)isSword);
                       ^
    method SynchedEntityData.<T#1>set(EntityDataAccessor<T#1>,T#1) is not applicable
      (inference variable T#1 has incompatible bounds
        equality constraints: Boolean
        lower bounds: Object)
    method SynchedEntityData.<T#2>set(EntityDataAccessor<T#2>,T#2,boolean) is not applicable
      (cannot infer type-variable(s) T#2
        (actual and formal argument lists differ in length))
  where T#1,T#2 are type-variables:
    T#1 extends Object declared in method <T#1>set(EntityDataAccessor<T#1>,T#1)
    T#2 extends Object declared in method <T#2>set(EntityDataAccessor<T#2>,T#2,boolean)
G:\Proyectos\Mods_Minecraft\the_sundering\neoforge\26.2\src\main\java\com\skd\thesundering\entity\AnimationMonster\BossMonsters\Ignis_Entity.java:505: error: no suitable method found for set(EntityDataAccessor<Boolean>,Object)
        this.entityData.set(IS_SHIELD_BREAK, (Object)isShieldBreak);
                       ^
    method SynchedEntityData.<T#1>set(EntityDataAccessor<T#1>,T#1) is not applicable
      (inference variable T#1 has incompatible bounds
        equality constraints: Boolean
        lower bounds: Object)
    method SynchedEntityData.<T#2>set(EntityDataAccessor<T#2>,T#2,boolean) is not applicable
      (cannot infer type-variable(s) T#2
        (actual and formal argument lists differ in length))
  where T#1,T#2 are type-variables:
    T#1 extends Object declared in method <T#1>set(EntityDataAccessor<T#1>,T#1)
    T#2 extends Object declared in method <T#2>set(EntityDataAccessor<T#2>,T#2,boolean)
G:\Proyectos\Mods_Minecraft\the_sundering\neoforge\26.2\src\main\java\com\skd\thesundering\entity\AnimationMonster\BossMonsters\Ignis_Entity.java:513: error: no suitable method found for set(EntityDataAccessor<Integer>,Object)
        this.entityData.set(SHIELD_DURABILITY, (Object)ShieldDurability);
                       ^
    method SynchedEntityData.<T#1>set(EntityDataAccessor<T#1>,T#1) is not applicable
      (inference variable T#1 has incompatible bounds
        equality constraints: Integer
        lower bounds: Object)
    method SynchedEntityData.<T#2>set(EntityDataAccessor<T#2>,T#2,boolean) is not applicable
      (cannot infer type-variable(s) T#2
        (actual and formal argument lists differ in length))
  where T#1,T#2 are type-variables:
    T#1 extends Object declared in method <T#1>set(EntityDataAccessor<T#1>,T#1)
    T#2 extends Object declared in method <T#2>set(EntityDataAccessor<T#2>,T#2,boolean)
G:\Proyectos\Mods_Minecraft\the_sundering\neoforge\26.2\src\main\java\com\skd\thesundering\entity\AnimationMonster\BossMonsters\Ignis_Entity.java:521: error: no suitable method found for set(EntityDataAccessor<Boolean>,Object)
        this.entityData.set(SHOW_SHIELD, (Object)showShield);
                       ^
    method SynchedEntityData.<T#1>set(EntityDataAccessor<T#1>,T#1) is not applicable
      (inference variable T#1 has incompatible bounds
        equality constraints: Boolean
        lower bounds: Object)
    method SynchedEntityData.<T#2>set(EntityDataAccessor<T#2>,T#2,boolean) is not applicable
      (cannot infer type-variable(s) T#2
        (actual and formal argument lists differ in length))
  where T#1,T#2 are type-variables:
    T#1 extends Object declared in method <T#1>set(EntityDataAccessor<T#1>,T#1)
    T#2 extends Object declared in method <T#2>set(EntityDataAccessor<T#2>,T#2,boolean)
G:\Proyectos\Mods_Minecraft\the_sundering\neoforge\26.2\src\main\java\com\skd\thesundering\entity\AnimationMonster\BossMonsters\Ignis_Entity.java:529: error: no suitable method found for set(EntityDataAccessor<Integer>,Object)
        this.entityData.set(BOSS_PHASE, (Object)bossPhase);
                       ^
    method SynchedEntityData.<T#1>set(EntityDataAccessor<T#1>,T#1) is not applicable
      (inference variable T#1 has incompatible bounds
        equality constraints: Integer
        lower bounds: Object)
    method SynchedEntityData.<T#2>set(EntityDataAccessor<T#2>,T#2,boolean) is not applicable
      (cannot infer type-variable(s) T#2
        (actual and formal argument lists differ in length))
  where T#1,T#2 are type-variables:
    T#1 extends Object declared in method <T#1>set(EntityDataAccessor<T#1>,T#1)
    T#2 extends Object declared in method <T#2>set(EntityDataAccessor<T#2>,T#2,boolean)
G:\Proyectos\Mods_Minecraft\the_sundering\neoforge\26.2\src\main\java\com\skd\thesundering\entity\AnimationMonster\BossMonsters\Ignis_Entity.java:575: error: cannot find symbol
            if (lvt_1_1_.isAbove(LiquidBlock.STABLE_SHAPE, this.blockPosition().below(), true) && !this.level().getFluidState(this.blockPosition().above()).is(FluidTags.LAVA)) {
                                            ^
  symbol:   variable STABLE_SHAPE
  location: class LiquidBlock
G:\Proyectos\Mods_Minecraft\the_sundering\neoforge\26.2\src\main\java\com\skd\thesundering\entity\AnimationMonster\BossMonsters\Ignis_Entity.java:584: error: no suitable method found for spawnAtLocation(ItemStack,float)
        ItemEntity itementity = this.spawnAtLocation(stack, 0.0f);
                                    ^
    method Entity.spawnAtLocation(ServerLevel,ItemLike) is not applicable
      (argument mismatch; ItemStack cannot be converted to ServerLevel)
    method Entity.spawnAtLocation(ServerLevel,ItemStack) is not applicable
      (argument mismatch; ItemStack cannot be converted to ServerLevel)
G:\Proyectos\Mods_Minecraft\the_sundering\neoforge\26.2\src\main\java\com\skd\thesundering\entity\AnimationMonster\BossMonsters\Ignis_Entity.java:667: error: cannot find symbol
                int n = this.getCrackiness() == Crackiness.NONE ? 5 : (this.getCrackiness() == Crackiness.LOW ? 4 : (i = this.getCrackiness() == Crackiness.MEDIUM ? 3 : 2));
                                                                                                                     ^
  symbol:   variable i
  location: class Ignis_Entity
G:\Proyectos\Mods_Minecraft\the_sundering\neoforge\26.2\src\main\java\com\skd\thesundering\entity\AnimationMonster\BossMonsters\Ignis_Entity.java:668: error: cannot find symbol
                if (this.random.nextInt(i) == 0) {
                                        ^
  symbol:   variable i
  location: class Ignis_Entity
G:\Proyectos\Mods_Minecraft\the_sundering\neoforge\26.2\src\main\java\com\skd\thesundering\entity\AnimationMonster\BossMonsters\Ignis_Entity.java:672: error: cannot find symbol
                for (i = 0; i < 2; ++i) {
                     ^
  symbol:   variable i
  location: class Ignis_Entity
G:\Proyectos\Mods_Minecraft\the_sundering\neoforge\26.2\src\main\java\com\skd\thesundering\entity\AnimationMonster\BossMonsters\Ignis_Entity.java:672: error: cannot find symbol
                for (i = 0; i < 2; ++i) {
                            ^
  symbol:   variable i
  location: class Ignis_Entity
G:\Proyectos\Mods_Minecraft\the_sundering\neoforge\26.2\src\main\java\com\skd\thesundering\entity\AnimationMonster\BossMonsters\Ignis_Entity.java:672: error: cannot find symbol
                for (i = 0; i < 2; ++i) {
                                     ^
  symbol:   variable i
  location: class Ignis_Entity
G:\Proyectos\Mods_Minecraft\the_sundering\neoforge\26.2\src\main\java\com\skd\thesundering\entity\AnimationMonster\BossMonsters\Ignis_Entity.java:1049: error: cannot find symbol
                        if (!entity.isDamageSourceBlocked(damagesource) || !(entity instanceof Player)) continue;
                                   ^
  symbol:   method isDamageSourceBlocked(DamageSource)
  location: variable entity of type LivingEntity
G:\Proyectos\Mods_Minecraft\the_sundering\neoforge\26.2\src\main\java\com\skd\thesundering\entity\AnimationMonster\BossMonsters\Ignis_Entity.java:1154: error: incompatible types: void cannot be converted to boolean
                        boolean flag = entity.hurt(damagesource, (float)(this.getAttributeValue(Attributes.ATTACK_DAMAGE) * 1.5 + (double)(entity.getMaxHealth() * 0.15f)));
                                                  ^
G:\Proyectos\Mods_Minecraft\the_sundering\neoforge\26.2\src\main\java\com\skd\thesundering\entity\AnimationMonster\BossMonsters\Ignis_Entity.java:1155: error: cannot find symbol
                        if (!entity.isDamageSourceBlocked(damagesource) || !(entity instanceof Player)) continue;
                                   ^
  symbol:   method isDamageSourceBlocked(DamageSource)
  location: variable entity of type LivingEntity
G:\Proyectos\Mods_Minecraft\the_sundering\neoforge\26.2\src\main\java\com\skd\thesundering\entity\AnimationMonster\BossMonsters\Ignis_Entity.java:1701: error: incompatible types: Level cannot be converted to ServerLevel
            if (this.destroyBlocksTick == 0 && EventHooks.canEntityGrief((Level)this.level(), (Entity)this)) {
                                                                         ^
G:\Proyectos\Mods_Minecraft\the_sundering\neoforge\26.2\src\main\java\com\skd\thesundering\entity\AnimationMonster\BossMonsters\Ignis_Entity.java:1738: error: incompatible types: void cannot be converted to boolean
                boolean flag = entityHit.hurt(damagesource, (float)(this.getAttributeValue(Attributes.ATTACK_DAMAGE) * (double)damage + (double)(entityHit.getMaxHealth() * hpdamage)));
                                             ^
G:\Proyectos\Mods_Minecraft\the_sundering\neoforge\26.2\src\main\java\com\skd\thesundering\entity\AnimationMonster\BossMonsters\Ignis_Entity.java:1739: error: cannot find symbol
                if (entityHit.isDamageSourceBlocked(damagesource) && entityHit instanceof Player) {
                             ^
  symbol:   method isDamageSourceBlocked(DamageSource)
  location: variable entityHit of type LivingEntity
G:\Proyectos\Mods_Minecraft\the_sundering\neoforge\26.2\src\main\java\com\skd\thesundering\entity\AnimationMonster\BossMonsters\Ignis_Entity.java:1787: error: incompatible types: void cannot be converted to boolean
                boolean flag = entityHit.hurt(damagesource, (float)(this.getAttributeValue(Attributes.ATTACK_DAMAGE) * (double)damage + (double)(entityHit.getMaxHealth() * hpdamage)));
                                             ^
G:\Proyectos\Mods_Minecraft\the_sundering\neoforge\26.2\src\main\java\com\skd\thesundering\entity\AnimationMonster\BossMonsters\Ignis_Entity.java:1788: error: cannot find symbol
                if (entityHit.isDamageSourceBlocked(damagesource) && entityHit instanceof Player) {
                             ^
  symbol:   method isDamageSourceBlocked(DamageSource)
  location: variable entityHit of type LivingEntity
G:\Proyectos\Mods_Minecraft\the_sundering\neoforge\26.2\src\main\java\com\skd\thesundering\entity\AnimationMonster\BossMonsters\Ignis_Entity.java:1821: error: incompatible types: void cannot be converted to boolean
                boolean flag = entityHit.hurt(damagesource, (float)this.getAttributeValue(Attributes.ATTACK_DAMAGE) + entityHit.getMaxHealth() * 0.1f);
                                             ^
G:\Proyectos\Mods_Minecraft\the_sundering\neoforge\26.2\src\main\java\com\skd\thesundering\entity\AnimationMonster\BossMonsters\Ignis_Entity.java:1822: error: cannot find symbol
                if (entityHit.isDamageSourceBlocked(damagesource) && entityHit instanceof Player) {
                             ^
  symbol:   method isDamageSourceBlocked(DamageSource)
  location: variable entityHit of type LivingEntity
G:\Proyectos\Mods_Minecraft\the_sundering\neoforge\26.2\src\main\java\com\skd\thesundering\entity\AnimationMonster\BossMonsters\Ignis_Entity.java:1828: error: cannot find symbol
                if (!flag || entityHit.getType().is(ModTag.IGNIS_CANT_POKE) || !entityHit.isAlive() || !this.getPassengers().isEmpty()) continue;
                                                ^
  symbol:   method is(TagKey<EntityType<?>>)
  location: class EntityType<CAP#1>
  where CAP#1 is a fresh type-variable:
    CAP#1 extends Entity from capture of ?
G:\Proyectos\Mods_Minecraft\the_sundering\neoforge\26.2\src\main\java\com\skd\thesundering\entity\AnimationMonster\BossMonsters\Ignis_Entity.java:1832: error: no suitable method found for startRiding(Entity,boolean)
                entityHit.startRiding((Entity)this, true);
                         ^
    method Entity.startRiding(Entity) is not applicable
      (actual and formal argument lists differ in length)
    method Entity.startRiding(Entity,boolean,boolean) is not applicable
      (actual and formal argument lists differ in length)
G:\Proyectos\Mods_Minecraft\the_sundering\neoforge\26.2\src\main\java\com\skd\thesundering\entity\AnimationMonster\BossMonsters\Ignis_Entity.java:1857: error: incompatible types: void cannot be converted to boolean
                if (!this.level().isClientSide() && (flag = living.hurt(this.damageSources().mobAttack((LivingEntity)this), 4.0f + living.getMaxHealth() * 0.02f))) {
                                                                       ^
G:\Proyectos\Mods_Minecraft\the_sundering\neoforge\26.2\src\main\java\com\skd\thesundering\entity\AnimationMonster\BossMonsters\Ignis_Entity.java:2052: error: incompatible types: Level cannot be converted to ServerLevel
                if (block.is(ModTag.IGNIS_CAN_DESTROY_CRACKED_BLOCK) && (CMCommonConfig.Ignis.ignoreMobGriefing || EventHooks.canEntityGrief((Level)this.level(), (Entity)this))) {
                                                                                                                                             ^
G:\Proyectos\Mods_Minecraft\the_sundering\neoforge\26.2\src\main\java\com\skd\thesundering\entity\AnimationMonster\BossMonsters\Ignis_Entity.java:2057: error: incompatible types: Object cannot be converted to LivingEntity
                for (LivingEntity entity : hit) {
                                           ^
G:\Proyectos\Mods_Minecraft\the_sundering\neoforge\26.2\src\main\java\com\skd\thesundering\entity\AnimationMonster\BossMonsters\Ignis_Entity.java:2060: error: incompatible types: void cannot be converted to boolean
                    boolean flag = entity.hurt(damagesource, finalDamage);
                                              ^
G:\Proyectos\Mods_Minecraft\the_sundering\neoforge\26.2\src\main\java\com\skd\thesundering\entity\AnimationMonster\BossMonsters\Ignis_Entity.java:2061: error: cannot find symbol
                    if (entity.isDamageSourceBlocked(damagesource) && entity instanceof Player) {
                              ^
  symbol:   method isDamageSourceBlocked(DamageSource)
  location: variable entity of type LivingEntity
G:\Proyectos\Mods_Minecraft\the_sundering\neoforge\26.2\src\main\java\com\skd\thesundering\entity\AnimationMonster\BossMonsters\Ignis_Entity.java:2076: error: random has protected access in Level
                    entity.setDeltaMovement(entity.getDeltaMovement().add(0.0, (double)(airborne * (float)distance) + this.level().random.nextDouble() * 0.15, 0.0));
                                                                                                                                  ^
G:\Proyectos\Mods_Minecraft\the_sundering\neoforge\26.2\src\main\java\com\skd\thesundering\entity\AnimationMonster\BossMonsters\Ignis_Entity.java:2107: error: incompatible types: Level cannot be converted to ServerLevel
            if (block.is(ModTag.IGNIS_CAN_DESTROY_CRACKED_BLOCK) && (CMCommonConfig.Ignis.ignoreMobGriefing || EventHooks.canEntityGrief((Level)this.level(), (Entity)this))) {
                                                                                                                                         ^
G:\Proyectos\Mods_Minecraft\the_sundering\neoforge\26.2\src\main\java\com\skd\thesundering\entity\AnimationMonster\BossMonsters\Ignis_Entity.java:2117: error: incompatible types: Object cannot be converted to LivingEntity
                for (LivingEntity entity : hit) {
                                           ^
G:\Proyectos\Mods_Minecraft\the_sundering\neoforge\26.2\src\main\java\com\skd\thesundering\entity\AnimationMonster\BossMonsters\Ignis_Entity.java:2120: error: incompatible types: void cannot be converted to boolean
                    boolean flag = entity.hurt(damagesource, finalDamage);
                                              ^
G:\Proyectos\Mods_Minecraft\the_sundering\neoforge\26.2\src\main\java\com\skd\thesundering\entity\AnimationMonster\BossMonsters\Ignis_Entity.java:2121: error: cannot find symbol
                    if (entity.isDamageSourceBlocked(damagesource) && entity instanceof Player) {
                              ^
  symbol:   method isDamageSourceBlocked(DamageSource)
  location: variable entity of type LivingEntity
G:\Proyectos\Mods_Minecraft\the_sundering\neoforge\26.2\src\main\java\com\skd\thesundering\entity\AnimationMonster\BossMonsters\Ignis_Entity.java:2128: error: random has protected access in Level
                    entity.setDeltaMovement(entity.getDeltaMovement().add(0.0, (double)airborne + this.level().random.nextDouble() * 0.15, 0.0));
                                                                                                              ^
G:\Proyectos\Mods_Minecraft\the_sundering\neoforge\26.2\src\main\java\com\skd\thesundering\entity\AnimationMonster\BossMonsters\Ignis_Entity.java:2168: error: isAlliedTo(Entity) in Ignis_Entity cannot override isAlliedTo(@org.jspecify.annotations.Nullable Entity) in Entity
    public boolean isAlliedTo(Entity entityIn) {
                   ^
  overridden method is final
G:\Proyectos\Mods_Minecraft\the_sundering\neoforge\26.2\src\main\java\com\skd\thesundering\entity\AnimationMonster\BossMonsters\Ignis_Entity.java:2175: error: cannot find symbol
        if (entityIn.getType().is(ModTag.TEAM_IGNIS)) {
                              ^
  symbol:   method is(TagKey<EntityType<?>>)
  location: class EntityType<CAP#1>
  where CAP#1 is a fresh type-variable:
    CAP#1 extends Entity from capture of ?
G:\Proyectos\Mods_Minecraft\the_sundering\neoforge\26.2\src\main\java\com\skd\thesundering\entity\AnimationMonster\BossMonsters\Ignis_Entity.java:2190: error: cannot find symbol
                serverLevel.getPlayers(EntitySelector.NO_SPECTATORS).forEach(serverPlayer -> serverPlayer.displayClientMessage((Component)Component.translatable((String)"entity.cataclysm.ignis.defeat_message").withStyle(ChatFormatting.GOLD), true));
                                                                                                         ^
  symbol:   method displayClientMessage(Component,boolean)
  location: variable serverPlayer of type ServerPlayer
G:\Proyectos\Mods_Minecraft\the_sundering\neoforge\26.2\src\main\java\com\skd\thesundering\entity\AnimationMonster\BossMonsters\Ignis_Entity.java:2253: error: incompatible types: void cannot be converted to boolean
                    if (this.isAlliedTo((Entity)entityHit) || entityHit instanceof Ignis_Entity || entityHit == this || !(flag = entityHit.hurt(damagesource, (float)(this.getAttributeValue(Attributes.ATTACK_DAMAGE) * (double)damage + (double)(entityHit.getMaxHealth() * hpdamage))))) continue;
                                                                                                                                               ^
G:\Proyectos\Mods_Minecraft\the_sundering\neoforge\26.2\src\main\java\com\skd\thesundering\entity\AnimationMonster\BossMonsters\Ignis_Entity.java:2282: error: isAffectedByFluids() in Ignis_Entity cannot override isAffectedByFluids() in LivingEntity
    protected boolean isAffectedByFluids() {
                      ^
  attempting to assign weaker access privileges; was public
G:\Proyectos\Mods_Minecraft\the_sundering\neoforge\26.2\src\main\java\com\skd\thesundering\client\model\entity\Ignited_Berserker_Model.java:115: error: cannot find symbol
            this.animateWalk(Ignited_Berserker_Animation.WALK, limbSwing, limbSwingAmount, 1.0f, 2.0f);
                ^
  symbol: method animateWalk(AnimationDefinition,float,float,float,float)
G:\Proyectos\Mods_Minecraft\the_sundering\neoforge\26.2\src\main\java\com\skd\thesundering\client\model\entity\Ignited_Berserker_Model.java:118: error: cannot find symbol
        this.animate(((Ignited_Berserker_Entity)((Object)entity)).getAnimationState("idle"), Ignited_Berserker_Animation.IDLE, ageInTicks, 1.0f);
            ^
  symbol: method animate(AnimationState,AnimationDefinition,float,float)
G:\Proyectos\Mods_Minecraft\the_sundering\neoforge\26.2\src\main\java\com\skd\thesundering\client\model\entity\Ignited_Berserker_Model.java:119: error: cannot find symbol
        this.animate(((Ignited_Berserker_Entity)((Object)entity)).getAnimationState("x_slash"), Ignited_Berserker_Animation.X_SLASH, ageInTicks, 1.0f);
            ^
  symbol: method animate(AnimationState,AnimationDefinition,float,float)
G:\Proyectos\Mods_Minecraft\the_sundering\neoforge\26.2\src\main\java\com\skd\thesundering\client\model\entity\Ignited_Berserker_Model.java:120: error: cannot find symbol
        this.animate(((Ignited_Berserker_Entity)((Object)entity)).getAnimationState("mixer_start"), Ignited_Berserker_Animation.MIXER_START, ageInTicks, 1.0f);
            ^
  symbol: method animate(AnimationState,AnimationDefinition,float,float)
G:\Proyectos\Mods_Minecraft\the_sundering\neoforge\26.2\src\main\java\com\skd\thesundering\client\model\entity\Ignited_Berserker_Model.java:121: error: cannot find symbol
        this.animate(((Ignited_Berserker_Entity)((Object)entity)).getAnimationState("mixer_idle"), Ignited_Berserker_Animation.MIXER_IDLE, ageInTicks, 1.0f);
            ^
  symbol: method animate(AnimationState,AnimationDefinition,float,float)
G:\Proyectos\Mods_Minecraft\the_sundering\neoforge\26.2\src\main\java\com\skd\thesundering\client\model\entity\Ignited_Berserker_Model.java:122: error: cannot find symbol
        this.animate(((Ignited_Berserker_Entity)((Object)entity)).getAnimationState("mixer_finish"), Ignited_Berserker_Animation.MIXER_FINISH, ageInTicks, 1.0f);
            ^
  symbol: method animate(AnimationState,AnimationDefinition,float,float)
G:\Proyectos\Mods_Minecraft\the_sundering\neoforge\26.2\src\main\java\com\skd\thesundering\client\model\entity\Ignited_Berserker_Model.java:123: error: cannot find symbol
        this.animate(((Ignited_Berserker_Entity)((Object)entity)).getAnimationState("sword_dance_left"), Ignited_Berserker_Animation.SWORD_DANCE_LEFT, ageInTicks, 1.0f);
            ^
  symbol: method animate(AnimationState,AnimationDefinition,float,float)
G:\Proyectos\Mods_Minecraft\the_sundering\neoforge\26.2\src\main\java\com\skd\thesundering\client\model\entity\Ignited_Berserker_Model.java:124: error: cannot find symbol
        this.animate(((Ignited_Berserker_Entity)((Object)entity)).getAnimationState("sword_dance_right"), Ignited_Berserker_Animation.SWORD_DANCE_RIGHT, ageInTicks, 1.0f);
            ^
  symbol: method animate(AnimationState,AnimationDefinition,float,float)
G:\Proyectos\Mods_Minecraft\the_sundering\neoforge\26.2\src\main\java\com\skd\thesundering\client\model\entity\Ignited_Berserker_Model.java:128: error: children has private access in ModelPart
        for (Map.Entry entry : part.children.entrySet()) {
                                   ^
G:\Proyectos\Mods_Minecraft\the_sundering\neoforge\26.2\src\main\java\com\skd\thesundering\client\model\entity\Ignited_Berserker_Model.java:133: error: children has private access in ModelPart
            if (childPart.children.isEmpty()) continue;
                         ^
G:\Proyectos\Mods_Minecraft\the_sundering\neoforge\26.2\src\main\java\com\skd\thesundering\entity\InternalAnimationMonster\Ignited_Berserker_Entity.java:278: error: incompatible types: CompoundTag cannot be converted to ValueOutput
        super.addAdditionalSaveData(compound);
                                    ^
G:\Proyectos\Mods_Minecraft\the_sundering\neoforge\26.2\src\main\java\com\skd\thesundering\entity\InternalAnimationMonster\Ignited_Berserker_Entity.java:282: error: incompatible types: CompoundTag cannot be converted to ValueInput
        super.readAdditionalSaveData(compound);
                                     ^
G:\Proyectos\Mods_Minecraft\the_sundering\neoforge\26.2\src\main\java\com\skd\thesundering\entity\InternalAnimationMonster\Ignited_Berserker_Entity.java:322: error: incompatible types: void cannot be converted to boolean
                if (this.isAlliedTo((Entity)entity) || entity instanceof Ignited_Berserker_Entity || entity == this || !(flag = entity.hurt(this.damageSources().mobAttack((LivingEntity)this), (float)this.getAttributeValue(Attributes.ATTACK_DAMAGE)))) continue;
                                                                                                                                           ^
G:\Proyectos\Mods_Minecraft\the_sundering\neoforge\26.2\src\main\java\com\skd\thesundering\entity\InternalAnimationMonster\Ignited_Berserker_Entity.java:387: error: incompatible types: void cannot be converted to boolean
            if (!(entityHitDistance <= range && entityRelativeAngle <= arc / 2.0f && entityRelativeAngle >= -arc / 2.0f || entityRelativeAngle >= 360.0f - arc / 2.0f) && !(entityRelativeAngle <= -360.0f + arc / 2.0f) || this.isAlliedTo((Entity)entityHit) || entityHit == this || !(flag = entityHit.hurt(CMDamageTypes.causeSwordDanceDamage((LivingEntity)this), (float)(this.getAttributeValue(Attributes.ATTACK_DAMAGE) * (double)damage)))) continue;
                                                                                                                                                                                                                                                                                                              ^
G:\Proyectos\Mods_Minecraft\the_sundering\neoforge\26.2\src\main\java\com\skd\thesundering\entity\InternalAnimationMonster\Ignited_Berserker_Entity.java:419: error: incompatible types: void cannot be converted to boolean
                boolean flag = entityHit.hurt(damagesource, (float)(this.getAttributeValue(Attributes.ATTACK_DAMAGE) * (double)damage));
                                             ^
G:\Proyectos\Mods_Minecraft\the_sundering\neoforge\26.2\src\main\java\com\skd\thesundering\entity\InternalAnimationMonster\Ignited_Berserker_Entity.java:420: error: cannot find symbol
                if (entityHit.isDamageSourceBlocked(damagesource) && entityHit instanceof Player) {
                             ^
  symbol:   method isDamageSourceBlocked(DamageSource)
  location: variable entityHit of type LivingEntity
G:\Proyectos\Mods_Minecraft\the_sundering\neoforge\26.2\src\main\java\com\skd\thesundering\entity\InternalAnimationMonster\Ignited_Berserker_Entity.java:443: error: isAlliedTo(Entity) in Ignited_Berserker_Entity cannot override isAlliedTo(@org.jspecify.annotations.Nullable Entity) in Entity
    public boolean isAlliedTo(Entity entityIn) {
                   ^
  overridden method is final
G:\Proyectos\Mods_Minecraft\the_sundering\neoforge\26.2\src\main\java\com\skd\thesundering\entity\InternalAnimationMonster\Ignited_Berserker_Entity.java:450: error: cannot find symbol
        if (entityIn.getType().is(ModTag.TEAM_IGNIS)) {
                              ^
  symbol:   method is(TagKey<EntityType<?>>)
  location: class EntityType<CAP#1>
  where CAP#1 is a fresh type-variable:
    CAP#1 extends Entity from capture of ?
G:\Proyectos\Mods_Minecraft\the_sundering\neoforge\26.2\src\main\java\com\skd\thesundering\client\model\entity\Ignited_Revenant_Model.java:388: error: incompatible types: inference variable E has incompatible bounds
        return ImmutableList.of((Object)this.root, (Object)this.head, (Object)this.jaw, (Object)this.helmet, (Object)this.skull, (Object)this.body, (Object)this.guardingring, (Object)this.guardingring2, (Object)this.shield, (Object)this.shieldjoint, (Object)this.shield2, (Object)this.shieldjoint2, (Object[])new AdvancedModelBox[]{this.shield3, this.shieldjoint3, this.shield4, this.shieldjoint4, this.center});
                               ^
    equality constraints: AdvancedModelBox
    lower bounds: Object
  where E is a type-variable:
    E extends Object declared in method <E>of(E,E,E,E,E,E,E,E,E,E,E,E,E...)
G:\Proyectos\Mods_Minecraft\the_sundering\neoforge\26.2\src\main\java\com\skd\thesundering\entity\AnimationMonster\BossMonsters\Ignited_Revenant_Entity.java:144: error: no suitable method found for spawnAtLocation(ItemStack,float)
        ItemEntity itementity = this.spawnAtLocation(stack, 0.0f);
                                    ^
    method Entity.spawnAtLocation(ServerLevel,ItemLike) is not applicable
      (argument mismatch; ItemStack cannot be converted to ServerLevel)
    method Entity.spawnAtLocation(ServerLevel,ItemStack) is not applicable
      (argument mismatch; ItemStack cannot be converted to ServerLevel)
G:\Proyectos\Mods_Minecraft\the_sundering\neoforge\26.2\src\main\java\com\skd\thesundering\entity\AnimationMonster\BossMonsters\Ignited_Revenant_Entity.java:153: error: hurt(DamageSource,float) in Ignited_Revenant_Entity cannot override hurt(DamageSource,float) in Entity
    public boolean hurt(DamageSource source, float damage) {
                   ^
  overridden method is final
G:\Proyectos\Mods_Minecraft\the_sundering\neoforge\26.2\src\main\java\com\skd\thesundering\entity\AnimationMonster\BossMonsters\Ignited_Revenant_Entity.java:164: error: cannot find symbol
            this.hurtCurrentlyUsedShield(damage);
                ^
  symbol: method hurtCurrentlyUsedShield(float)
G:\Proyectos\Mods_Minecraft\the_sundering\neoforge\26.2\src\main\java\com\skd\thesundering\entity\AnimationMonster\BossMonsters\Ignited_Revenant_Entity.java:166: error: cannot find symbol
                this.blockUsingShield((LivingEntity)entity);
                    ^
  symbol: method blockUsingShield(LivingEntity)
G:\Proyectos\Mods_Minecraft\the_sundering\neoforge\26.2\src\main\java\com\skd\thesundering\entity\AnimationMonster\BossMonsters\Ignited_Revenant_Entity.java:177: error: method compute in record ItemAttributeModifiers cannot be applied to given types;
        return itemattributemodifiers.compute(living.getAttributeBaseValue(Attributes.ATTACK_DAMAGE), EquipmentSlot.MAINHAND);
                                     ^
  required: Holder<Attribute>,double,EquipmentSlot
  found:    double,EquipmentSlot
  reason: actual and formal argument lists differ in length
G:\Proyectos\Mods_Minecraft\the_sundering\neoforge\26.2\src\main\java\com\skd\thesundering\entity\AnimationMonster\BossMonsters\Ignited_Revenant_Entity.java:177: error: incompatible types: double cannot be converted to Holder<Attribute>
        return itemattributemodifiers.compute(living.getAttributeBaseValue(Attributes.ATTACK_DAMAGE), EquipmentSlot.MAINHAND);
                                                                          ^
G:\Proyectos\Mods_Minecraft\the_sundering\neoforge\26.2\src\main\java\com\skd\thesundering\entity\AnimationMonster\BossMonsters\Ignited_Revenant_Entity.java:200: error: method define in class Builder cannot be applied to given types;
        p_326229_.define(ANGER, (Object)false);
                 ^
  required: EntityDataAccessor<T>,T
  found:    EntityDataAccessor<Boolean>,Object
  reason: inference variable T has incompatible bounds
    equality constraints: Boolean
    lower bounds: Object
  where T is a type-variable:
    T extends Object declared in method <T>define(EntityDataAccessor<T>,T)
G:\Proyectos\Mods_Minecraft\the_sundering\neoforge\26.2\src\main\java\com\skd\thesundering\entity\AnimationMonster\BossMonsters\Ignited_Revenant_Entity.java:201: error: method define in class Builder cannot be applied to given types;
        p_326229_.define(SHIELD_DURABILITY, (Object)0);
                 ^
  required: EntityDataAccessor<T>,T
  found:    EntityDataAccessor<Integer>,Object
  reason: inference variable T has incompatible bounds
    equality constraints: Integer
    lower bounds: Object
  where T is a type-variable:
    T extends Object declared in method <T>define(EntityDataAccessor<T>,T)
G:\Proyectos\Mods_Minecraft\the_sundering\neoforge\26.2\src\main\java\com\skd\thesundering\entity\AnimationMonster\BossMonsters\Ignited_Revenant_Entity.java:215: error: no suitable method found for set(EntityDataAccessor<Boolean>,Object)
        this.entityData.set(ANGER, (Object)isAnger);
                       ^
    method SynchedEntityData.<T#1>set(EntityDataAccessor<T#1>,T#1) is not applicable
      (inference variable T#1 has incompatible bounds
        equality constraints: Boolean
        lower bounds: Object)
    method SynchedEntityData.<T#2>set(EntityDataAccessor<T#2>,T#2,boolean) is not applicable
      (cannot infer type-variable(s) T#2
        (actual and formal argument lists differ in length))
  where T#1,T#2 are type-variables:
    T#1 extends Object declared in method <T#1>set(EntityDataAccessor<T#1>,T#1)
    T#2 extends Object declared in method <T#2>set(EntityDataAccessor<T#2>,T#2,boolean)
G:\Proyectos\Mods_Minecraft\the_sundering\neoforge\26.2\src\main\java\com\skd\thesundering\entity\AnimationMonster\BossMonsters\Ignited_Revenant_Entity.java:223: error: no suitable method found for set(EntityDataAccessor<Integer>,Object)
        this.entityData.set(SHIELD_DURABILITY, (Object)ShieldDurability);
                       ^
    method SynchedEntityData.<T#1>set(EntityDataAccessor<T#1>,T#1) is not applicable
      (inference variable T#1 has incompatible bounds
        equality constraints: Integer
        lower bounds: Object)
    method SynchedEntityData.<T#2>set(EntityDataAccessor<T#2>,T#2,boolean) is not applicable
      (cannot infer type-variable(s) T#2
        (actual and formal argument lists differ in length))
  where T#1,T#2 are type-variables:
    T#1 extends Object declared in method <T#1>set(EntityDataAccessor<T#1>,T#1)
    T#2 extends Object declared in method <T#2>set(EntityDataAccessor<T#2>,T#2,boolean)
G:\Proyectos\Mods_Minecraft\the_sundering\neoforge\26.2\src\main\java\com\skd\thesundering\entity\AnimationMonster\BossMonsters\Ignited_Revenant_Entity.java:265: error: incompatible types: void cannot be converted to boolean
                    if (this.isAlliedTo((Entity)entity) || entity instanceof Ignited_Revenant_Entity || entity == this || !(flag = entity.hurt(this.damageSources().mobAttack((LivingEntity)this), (float)this.getAttributeValue(Attributes.ATTACK_DAMAGE)))) continue;
                                                                                                                                              ^
G:\Proyectos\Mods_Minecraft\the_sundering\neoforge\26.2\src\main\java\com\skd\thesundering\entity\AnimationMonster\BossMonsters\Ignited_Revenant_Entity.java:275: error: isAlliedTo(Entity) in Ignited_Revenant_Entity cannot override isAlliedTo(@org.jspecify.annotations.Nullable Entity) in Entity
    public boolean isAlliedTo(Entity entityIn) {
                   ^
  overridden method is final
G:\Proyectos\Mods_Minecraft\the_sundering\neoforge\26.2\src\main\java\com\skd\thesundering\entity\AnimationMonster\BossMonsters\Ignited_Revenant_Entity.java:282: error: cannot find symbol
        if (entityIn.getType().is(ModTag.TEAM_IGNIS)) {
                              ^
  symbol:   method is(TagKey<EntityType<?>>)
  location: class EntityType<CAP#1>
  where CAP#1 is a fresh type-variable:
    CAP#1 extends Entity from capture of ?
G:\Proyectos\Mods_Minecraft\the_sundering\neoforge\26.2\src\main\java\com\skd\thesundering\entity\AnimationMonster\BossMonsters\Ignited_Revenant_Entity.java:335: error: cannot find symbol
            projectile.moveTo(sx, sy, sz, (float)i * 45.0f, this.getXRot());
                      ^
  symbol:   method moveTo(double,double,double,float,float)
  location: variable projectile of type Blazing_Bone_Entity
G:\Proyectos\Mods_Minecraft\the_sundering\neoforge\26.2\src\main\java\com\skd\thesundering\entity\AnimationMonster\BossMonsters\Ignited_Revenant_Entity.java:337: error: cannot find symbol
            projectile.shoot(vx, vy, vz, speed, 1.0f);
                      ^
  symbol:   method shoot(double,double,double,float,float)
  location: variable projectile of type Blazing_Bone_Entity
G:\Proyectos\Mods_Minecraft\the_sundering\neoforge\26.2\src\main\java\com\skd\thesundering\entity\AnimationMonster\BossMonsters\Ignited_Revenant_Entity.java:338: error: incompatible types: Blazing_Bone_Entity cannot be converted to Entity
            this.level().addFreshEntity((Entity)projectile);
                                                ^
G:\Proyectos\Mods_Minecraft\the_sundering\neoforge\26.2\src\main\java\com\skd\thesundering\entity\AnimationMonster\BossMonsters\Ignited_Revenant_Entity.java:354: error: cannot find symbol
            projectile.moveTo(sx, sy, sz, (float)i * 60.0f, this.getXRot());
                      ^
  symbol:   method moveTo(double,double,double,float,float)
  location: variable projectile of type Blazing_Bone_Entity
G:\Proyectos\Mods_Minecraft\the_sundering\neoforge\26.2\src\main\java\com\skd\thesundering\entity\AnimationMonster\BossMonsters\Ignited_Revenant_Entity.java:356: error: cannot find symbol
            projectile.shoot(vx, vy, vz, speed, 1.0f);
                      ^
  symbol:   method shoot(double,double,double,float,float)
  location: variable projectile of type Blazing_Bone_Entity
G:\Proyectos\Mods_Minecraft\the_sundering\neoforge\26.2\src\main\java\com\skd\thesundering\entity\AnimationMonster\BossMonsters\Ignited_Revenant_Entity.java:357: error: incompatible types: Blazing_Bone_Entity cannot be converted to Entity
            this.level().addFreshEntity((Entity)projectile);
                                                ^
G:\Proyectos\Mods_Minecraft\the_sundering\neoforge\26.2\src\main\java\com\skd\thesundering\entity\AnimationMonster\BossMonsters\Ignited_Revenant_Entity.java:373: error: cannot find symbol
            projectile.moveTo(sx, sy, sz, (float)i * 36.0f, this.getXRot());
                      ^
  symbol:   method moveTo(double,double,double,float,float)
  location: variable projectile of type Blazing_Bone_Entity
G:\Proyectos\Mods_Minecraft\the_sundering\neoforge\26.2\src\main\java\com\skd\thesundering\entity\AnimationMonster\BossMonsters\Ignited_Revenant_Entity.java:375: error: cannot find symbol
            projectile.shoot(vx, vy, vz, speed, 1.0f);
                      ^
  symbol:   method shoot(double,double,double,float,float)
  location: variable projectile of type Blazing_Bone_Entity
G:\Proyectos\Mods_Minecraft\the_sundering\neoforge\26.2\src\main\java\com\skd\thesundering\entity\AnimationMonster\BossMonsters\Ignited_Revenant_Entity.java:376: error: incompatible types: Blazing_Bone_Entity cannot be converted to Entity
            this.level().addFreshEntity((Entity)projectile);
                                                ^
G:\Proyectos\Mods_Minecraft\the_sundering\neoforge\26.2\src\main\java\com\skd\thesundering\entity\AnimationMonster\AI\AttackMoveGoal.java:68: error: cannot find symbol
        if (!this.Boss_monster.isWithinRestriction(target.blockPosition())) {
                              ^
  symbol:   method isWithinRestriction(BlockPos)
  location: variable Boss_monster of type LLibrary_Monster
G:\Proyectos\Mods_Minecraft\the_sundering\neoforge\26.2\src\main\java\com\skd\thesundering\entity\AnimationMonster\BossMonsters\Ignited_Revenant_Entity.java:522: error: cannot find symbol
                breath.absMoveTo(mouthPos.x, mouthPos.y, mouthPos.z, Ignited_Revenant_Entity.this.yHeadRot, Ignited_Revenant_Entity.this.getXRot());
                      ^
  symbol:   method absMoveTo(double,double,double,float,float)
  location: variable breath of type Ashen_Breath_Entity
G:\Proyectos\Mods_Minecraft\the_sundering\neoforge\26.2\src\main\java\com\skd\thesundering\client\model\entity\Kobolediator_Model.java:135: error: cannot find symbol
            this.animateWalk(Kobolediator_Animation.WALK, limbSwing, limbSwingAmount, 1.0f, 4.0f);
                ^
  symbol: method animateWalk(AnimationDefinition,float,float,float,float)
G:\Proyectos\Mods_Minecraft\the_sundering\neoforge\26.2\src\main\java\com\skd\thesundering\client\model\entity\Kobolediator_Model.java:137: error: cannot find symbol
        this.animate(entity.getAnimationState("idle"), Kobolediator_Animation.IDLE, ageInTicks, 1.0f);
            ^
  symbol: method animate(AnimationState,AnimationDefinition,float,float)
G:\Proyectos\Mods_Minecraft\the_sundering\neoforge\26.2\src\main\java\com\skd\thesundering\client\model\entity\Kobolediator_Model.java:138: error: cannot find symbol
        this.animate(entity.getAnimationState("awake"), Kobolediator_Animation.AWAKE, ageInTicks, 1.0f);
            ^
  symbol: method animate(AnimationState,AnimationDefinition,float,float)
G:\Proyectos\Mods_Minecraft\the_sundering\neoforge\26.2\src\main\java\com\skd\thesundering\client\model\entity\Kobolediator_Model.java:139: error: cannot find symbol
        this.animate(entity.getAnimationState("sword1"), Kobolediator_Animation.SWORD1, ageInTicks, 1.0f);
            ^
  symbol: method animate(AnimationState,AnimationDefinition,float,float)
G:\Proyectos\Mods_Minecraft\the_sundering\neoforge\26.2\src\main\java\com\skd\thesundering\client\model\entity\Kobolediator_Model.java:140: error: cannot find symbol
        this.animate(entity.getAnimationState("sword2"), Kobolediator_Animation.SWORD2, ageInTicks, 1.0f);
            ^
  symbol: method animate(AnimationState,AnimationDefinition,float,float)
G:\Proyectos\Mods_Minecraft\the_sundering\neoforge\26.2\src\main\java\com\skd\thesundering\client\model\entity\Kobolediator_Model.java:141: error: cannot find symbol
        this.animate(entity.getAnimationState("charge"), Kobolediator_Animation.CHARGE, ageInTicks, 1.0f);
            ^
  symbol: method animate(AnimationState,AnimationDefinition,float,float)
G:\Proyectos\Mods_Minecraft\the_sundering\neoforge\26.2\src\main\java\com\skd\thesundering\client\model\entity\Kobolediator_Model.java:142: error: cannot find symbol
        this.animate(entity.getAnimationState("charge_prepare"), Kobolediator_Animation.CHARGE_PREPARE, ageInTicks, 1.0f);
            ^
  symbol: method animate(AnimationState,AnimationDefinition,float,float)
G:\Proyectos\Mods_Minecraft\the_sundering\neoforge\26.2\src\main\java\com\skd\thesundering\client\model\entity\Kobolediator_Model.java:143: error: cannot find symbol
        this.animate(entity.getAnimationState("charge_end"), Kobolediator_Animation.CHARGE_END, ageInTicks, 1.0f);
            ^
  symbol: method animate(AnimationState,AnimationDefinition,float,float)
G:\Proyectos\Mods_Minecraft\the_sundering\neoforge\26.2\src\main\java\com\skd\thesundering\client\model\entity\Kobolediator_Model.java:144: error: cannot find symbol
        this.animate(entity.getAnimationState("death"), Kobolediator_Animation.DEATH, ageInTicks, 1.0f);
            ^
  symbol: method animate(AnimationState,AnimationDefinition,float,float)
G:\Proyectos\Mods_Minecraft\the_sundering\neoforge\26.2\src\main\java\com\skd\thesundering\client\model\entity\Kobolediator_Model.java:145: error: cannot find symbol
        this.animate(entity.getAnimationState("block"), Kobolediator_Animation.BLOCK, ageInTicks, 1.0f);
            ^
  symbol: method animate(AnimationState,AnimationDefinition,float,float)
G:\Proyectos\Mods_Minecraft\the_sundering\neoforge\26.2\src\main\java\com\skd\thesundering\client\model\entity\Kobolediator_Model.java:147: error: cannot find symbol
            this.applyStatic(Kobolediator_Animation.SLEEP);
                ^
  symbol: method applyStatic(AnimationDefinition)
G:\Proyectos\Mods_Minecraft\the_sundering\neoforge\26.2\src\main\java\com\skd\thesundering\client\model\entity\Kobolediator_Model.java:152: error: children has private access in ModelPart
        for (Map.Entry entry : part.children.entrySet()) {
                                   ^
G:\Proyectos\Mods_Minecraft\the_sundering\neoforge\26.2\src\main\java\com\skd\thesundering\client\model\entity\Kobolediator_Model.java:157: error: children has private access in ModelPart
            if (childPart.children.isEmpty()) continue;
                         ^
G:\Proyectos\Mods_Minecraft\the_sundering\neoforge\26.2\src\main\java\com\skd\thesundering\entity\InternalAnimationMonster\Kobolediator_Entity.java:182: error: no suitable constructor found for InternalStateGoal(Kobolediator_Entity,Kobolediator_Entity,int,int,int,int,int)
        this.goalSelector.addGoal(1, (Goal)new InternalStateGoal(this, this, 6, 6, 7, 30, 0){
                                           ^
    constructor InternalStateGoal.InternalStateGoal(Internal_Animation_Monster,int,int,int,int,int,boolean) is not applicable
      (argument mismatch; Kobolediator_Entity cannot be converted to int)
    constructor InternalStateGoal.InternalStateGoal(Internal_Animation_Monster,int,int,int,int,int,EnumSet<Flag>) is not applicable
      (argument mismatch; Kobolediator_Entity cannot be converted to int)
G:\Proyectos\Mods_Minecraft\the_sundering\neoforge\26.2\src\main\java\com\skd\thesundering\entity\InternalAnimationMonster\Kobolediator_Entity.java:219: error: hurt(DamageSource,float) in Kobolediator_Entity cannot override hurt(DamageSource,float) in Entity
    public boolean hurt(DamageSource source, float damage) {
                   ^
  overridden method is final
G:\Proyectos\Mods_Minecraft\the_sundering\neoforge\26.2\src\main\java\com\skd\thesundering\entity\InternalAnimationMonster\Kobolediator_Entity.java:240: error: incompatible types: void cannot be converted to boolean
        return super.hurt(source, damage);
                         ^
G:\Proyectos\Mods_Minecraft\the_sundering\neoforge\26.2\src\main\java\com\skd\thesundering\entity\InternalAnimationMonster\Kobolediator_Entity.java:296: error: method define in class Builder cannot be applied to given types;
        p_326229_.define(AWAKEN, (Object)false);
                 ^
  required: EntityDataAccessor<T>,T
  found:    EntityDataAccessor<Boolean>,Object
  reason: inference variable T has incompatible bounds
    equality constraints: Boolean
    lower bounds: Object
  where T is a type-variable:
    T extends Object declared in method <T>define(EntityDataAccessor<T>,T)
G:\Proyectos\Mods_Minecraft\the_sundering\neoforge\26.2\src\main\java\com\skd\thesundering\entity\InternalAnimationMonster\Kobolediator_Entity.java:303: error: no suitable method found for set(EntityDataAccessor<Boolean>,Object)
        this.entityData.set(AWAKEN, (Object)necklace);
                       ^
    method SynchedEntityData.<T#1>set(EntityDataAccessor<T#1>,T#1) is not applicable
      (inference variable T#1 has incompatible bounds
        equality constraints: Boolean
        lower bounds: Object)
    method SynchedEntityData.<T#2>set(EntityDataAccessor<T#2>,T#2,boolean) is not applicable
      (cannot infer type-variable(s) T#2
        (actual and formal argument lists differ in length))
  where T#1,T#2 are type-variables:
    T#1 extends Object declared in method <T#1>set(EntityDataAccessor<T#1>,T#1)
    T#2 extends Object declared in method <T#2>set(EntityDataAccessor<T#2>,T#2,boolean)
G:\Proyectos\Mods_Minecraft\the_sundering\neoforge\26.2\src\main\java\com\skd\thesundering\entity\InternalAnimationMonster\Kobolediator_Entity.java:407: error: incompatible types: CompoundTag cannot be converted to ValueOutput
        super.addAdditionalSaveData(compound);
                                    ^
G:\Proyectos\Mods_Minecraft\the_sundering\neoforge\26.2\src\main\java\com\skd\thesundering\entity\InternalAnimationMonster\Kobolediator_Entity.java:412: error: incompatible types: CompoundTag cannot be converted to ValueInput
        super.readAdditionalSaveData(compound);
                                     ^
G:\Proyectos\Mods_Minecraft\the_sundering\neoforge\26.2\src\main\java\com\skd\thesundering\entity\InternalAnimationMonster\Kobolediator_Entity.java:413: error: incompatible types: Optional<Boolean> cannot be converted to boolean
        this.setAwaken(compound.getBoolean("Awaken"));
                                          ^
G:\Proyectos\Mods_Minecraft\the_sundering\neoforge\26.2\src\main\java\com\skd\thesundering\entity\InternalAnimationMonster\Kobolediator_Entity.java:488: error: incompatible types: Level cannot be converted to ServerLevel
            } else if (EventHooks.canEntityGrief((Level)this.level(), (Entity)this)) {
                                                 ^
G:\Proyectos\Mods_Minecraft\the_sundering\neoforge\26.2\src\main\java\com\skd\thesundering\entity\InternalAnimationMonster\Kobolediator_Entity.java:495: error: incompatible types: void cannot be converted to boolean
                    if (this.isAlliedTo((Entity)Lentity) || Lentity instanceof Kobolediator_Entity || Lentity == this || !(flag = Lentity.hurt(damagesource, (float)this.getAttributeValue(Attributes.ATTACK_DAMAGE) * 0.4f)) || !Lentity.onGround()) continue;
                                                                                                                                              ^
G:\Proyectos\Mods_Minecraft\the_sundering\neoforge\26.2\src\main\java\com\skd\thesundering\entity\InternalAnimationMonster\Kobolediator_Entity.java:581: error: cannot find symbol
                if (!entityHit.isDamageSourceBlocked(damagesource) || !(entityHit instanceof Player)) continue;
                              ^
  symbol:   method isDamageSourceBlocked(DamageSource)
  location: variable entityHit of type LivingEntity
G:\Proyectos\Mods_Minecraft\the_sundering\neoforge\26.2\src\main\java\com\skd\thesundering\entity\InternalAnimationMonster\Kobolediator_Entity.java:646: error: incompatible types: Object cannot be converted to LivingEntity
            for (LivingEntity entity : hit) {
                                       ^
G:\Proyectos\Mods_Minecraft\the_sundering\neoforge\26.2\src\main\java\com\skd\thesundering\entity\InternalAnimationMonster\Kobolediator_Entity.java:648: error: incompatible types: void cannot be converted to boolean
                boolean flag = entity.hurt(damagesource, (float)(this.getAttributeValue(Attributes.ATTACK_DAMAGE) * (double)damage));
                                          ^
G:\Proyectos\Mods_Minecraft\the_sundering\neoforge\26.2\src\main\java\com\skd\thesundering\entity\InternalAnimationMonster\Kobolediator_Entity.java:649: error: cannot find symbol
                if (entity.isDamageSourceBlocked(damagesource) && entity instanceof Player) {
                          ^
  symbol:   method isDamageSourceBlocked(DamageSource)
  location: variable entity of type LivingEntity
G:\Proyectos\Mods_Minecraft\the_sundering\neoforge\26.2\src\main\java\com\skd\thesundering\entity\InternalAnimationMonster\Kobolediator_Entity.java:665: error: isAlliedTo(Entity) in Kobolediator_Entity cannot override isAlliedTo(@org.jspecify.annotations.Nullable Entity) in Entity
    public boolean isAlliedTo(Entity entityIn) {
                   ^
  overridden method is final
G:\Proyectos\Mods_Minecraft\the_sundering\neoforge\26.2\src\main\java\com\skd\thesundering\entity\InternalAnimationMonster\Kobolediator_Entity.java:672: error: cannot find symbol
        if (entityIn.getType().is(ModTag.TEAM_ANCIENT_REMNANT)) {
                              ^
  symbol:   method is(TagKey<EntityType<?>>)
  location: class EntityType<CAP#1>
  where CAP#1 is a fresh type-variable:
    CAP#1 extends Entity from capture of ?
G:\Proyectos\Mods_Minecraft\the_sundering\neoforge\26.2\src\main\java\com\skd\thesundering\client\model\entity\Koboleton_Model.java:393: error: incompatible types: inference variable E has incompatible bounds
        return ImmutableList.of((Object)this.root, (Object)this.legs, (Object)this.right_leg, (Object)this.right_fore_leg, (Object)this.right_foot, (Object)this.left_leg, (Object)this.left_fore_leg, (Object)this.left_foot, (Object)this.pelvis, (Object)this.pelvis_cube, (Object)this.lower_body, (Object)this.body, (Object[])new AdvancedModelBox[]{this.right_arm, this.right_weapon, this.left_arm, this.left_weapon, this.head, this.nose, this.right_eyebrow, this.left_eyebrow, this.skull, this.jaw, this.neck, this.tail1, this.tail2});
                               ^
    equality constraints: AdvancedModelBox
    lower bounds: Object
  where E is a type-variable:
    E extends Object declared in method <E>of(E,E,E,E,E,E,E,E,E,E,E,E,E...)
G:\Proyectos\Mods_Minecraft\the_sundering\neoforge\26.2\src\main\java\com\skd\thesundering\entity\AnimationMonster\Koboleton_Entity.java:134: error: hurt(DamageSource,float) in Koboleton_Entity cannot override hurt(DamageSource,float) in Entity
    public boolean hurt(DamageSource source, float damage) {
                   ^
  overridden method is final
G:\Proyectos\Mods_Minecraft\the_sundering\neoforge\26.2\src\main\java\com\skd\thesundering\entity\AnimationMonster\Koboleton_Entity.java:139: error: incompatible types: void cannot be converted to boolean
        return super.hurt(source, damage);
                         ^
G:\Proyectos\Mods_Minecraft\the_sundering\neoforge\26.2\src\main\java\com\skd\thesundering\entity\AnimationMonster\Koboleton_Entity.java:167: error: incompatible types: CompoundTag cannot be converted to ValueOutput
        super.addAdditionalSaveData(compound);
                                    ^
G:\Proyectos\Mods_Minecraft\the_sundering\neoforge\26.2\src\main\java\com\skd\thesundering\entity\AnimationMonster\Koboleton_Entity.java:171: error: incompatible types: CompoundTag cannot be converted to ValueInput
        super.readAdditionalSaveData(compound);
                                     ^
G:\Proyectos\Mods_Minecraft\the_sundering\neoforge\26.2\src\main\java\com\skd\thesundering\entity\AnimationMonster\Koboleton_Entity.java:204: error: cannot find symbol
                Optional slot = CuriosApi.getCuriosHelper().findFirstCurio(target, stack -> stack.is((Item)ModItems.STICKY_GLOVES.get()));
                                         ^
  symbol:   method getCuriosHelper()
  location: class CuriosApi
G:\Proyectos\Mods_Minecraft\the_sundering\neoforge\26.2\src\main\java\com\skd\thesundering\entity\AnimationMonster\Koboleton_Entity.java:249: error: cannot find symbol
        return Koboleton_Entity.checkMonsterSpawnRules(husk, (ServerLevelAccessor)level, (MobSpawnType)spawnType, (BlockPos)pos, (RandomSource)random) && (MobSpawnType.isSpawner((MobSpawnType)spawnType) || level.canSeeSky(pos));
                                                                                          ^
  symbol:   class MobSpawnType
  location: class Koboleton_Entity
G:\Proyectos\Mods_Minecraft\the_sundering\neoforge\26.2\src\main\java\com\skd\thesundering\entity\AnimationMonster\Koboleton_Entity.java:249: error: cannot find symbol
        return Koboleton_Entity.checkMonsterSpawnRules(husk, (ServerLevelAccessor)level, (MobSpawnType)spawnType, (BlockPos)pos, (RandomSource)random) && (MobSpawnType.isSpawner((MobSpawnType)spawnType) || level.canSeeSky(pos));
                                                                                                                                                                                   ^
  symbol:   class MobSpawnType
  location: class Koboleton_Entity
G:\Proyectos\Mods_Minecraft\the_sundering\neoforge\26.2\src\main\java\com\skd\thesundering\entity\AnimationMonster\Koboleton_Entity.java:249: error: cannot find symbol
        return Koboleton_Entity.checkMonsterSpawnRules(husk, (ServerLevelAccessor)level, (MobSpawnType)spawnType, (BlockPos)pos, (RandomSource)random) && (MobSpawnType.isSpawner((MobSpawnType)spawnType) || level.canSeeSky(pos));
                                                                                                                                                           ^
  symbol:   variable MobSpawnType
  location: class Koboleton_Entity
G:\Proyectos\Mods_Minecraft\the_sundering\neoforge\26.2\src\main\java\com\skd\thesundering\entity\AnimationMonster\Koboleton_Entity.java:252: error: isAlliedTo(Entity) in Koboleton_Entity cannot override isAlliedTo(@org.jspecify.annotations.Nullable Entity) in Entity
    public boolean isAlliedTo(Entity entityIn) {
                   ^
  overridden method is final
G:\Proyectos\Mods_Minecraft\the_sundering\neoforge\26.2\src\main\java\com\skd\thesundering\entity\AnimationMonster\Koboleton_Entity.java:259: error: cannot find symbol
        if (entityIn.getType().is(ModTag.TEAM_ANCIENT_REMNANT)) {
                              ^
  symbol:   method is(TagKey<EntityType<?>>)
  location: class EntityType<CAP#1>
  where CAP#1 is a fresh type-variable:
    CAP#1 extends Entity from capture of ?
G:\Proyectos\Mods_Minecraft\the_sundering\neoforge\26.2\src\main\java\com\skd\thesundering\entity\projectile\Laser_Beam_Entity.java:84: error: cannot find symbol
        this.moveTo(getX, gety, getz, this.getYRot(), this.getXRot());
            ^
  symbol: method moveTo(double,double,double,float,float)
G:\Proyectos\Mods_Minecraft\the_sundering\neoforge\26.2\src\main\java\com\skd\thesundering\entity\projectile\Laser_Beam_Entity.java:97: error: cannot find symbol
        this.moveTo(getX, gety, getz, this.getYRot(), this.getXRot());
            ^
  symbol: method moveTo(double,double,double,float,float)
G:\Proyectos\Mods_Minecraft\the_sundering\neoforge\26.2\src\main\java\com\skd\thesundering\entity\projectile\Laser_Beam_Entity.java:105: error: method define in class Builder cannot be applied to given types;
        p_326229_.define(DAMAGE, (Object)Float.valueOf(0.0f));
                 ^
  required: EntityDataAccessor<T>,T
  found:    EntityDataAccessor<Float>,Object
  reason: inference variable T has incompatible bounds
    equality constraints: Float
    lower bounds: Object
  where T is a type-variable:
    T extends Object declared in method <T>define(EntityDataAccessor<T>,T)
G:\Proyectos\Mods_Minecraft\the_sundering\neoforge\26.2\src\main\java\com\skd\thesundering\entity\projectile\Laser_Beam_Entity.java:113: error: no suitable method found for set(EntityDataAccessor<Float>,Object)
        this.entityData.set(DAMAGE, (Object)Float.valueOf(damage));
                       ^
    method SynchedEntityData.<T#1>set(EntityDataAccessor<T#1>,T#1) is not applicable
      (inference variable T#1 has incompatible bounds
        equality constraints: Float
        lower bounds: Object)
    method SynchedEntityData.<T#2>set(EntityDataAccessor<T#2>,T#2,boolean) is not applicable
      (cannot infer type-variable(s) T#2
        (actual and formal argument lists differ in length))
  where T#1,T#2 are type-variables:
    T#1 extends Object declared in method <T#1>set(EntityDataAccessor<T#1>,T#1)
    T#2 extends Object declared in method <T#2>set(EntityDataAccessor<T#2>,T#2,boolean)
G:\Proyectos\Mods_Minecraft\the_sundering\neoforge\26.2\src\main\java\com\skd\thesundering\entity\projectile\Laser_Beam_Entity.java:136: error: cannot find symbol
            this.checkInsideBlocks();
                ^
  symbol: method checkInsideBlocks()
G:\Proyectos\Mods_Minecraft\the_sundering\neoforge\26.2\src\main\java\com\skd\thesundering\entity\projectile\Laser_Beam_Entity.java:160: error: 'void' type not allowed here
            if (!entity1.hurt($$6, this.getDamage())) {
                             ^
G:\Proyectos\Mods_Minecraft\the_sundering\neoforge\26.2\src\main\java\com\skd\thesundering\entity\projectile\Laser_Beam_Entity.java:177: error: incompatible types: Level cannot be converted to ServerLevel
            } else if (!(entity instanceof Mob) || EventHooks.canEntityGrief((Level)this.level(), (Entity)entity)) {
                                                                             ^
G:\Proyectos\Mods_Minecraft\the_sundering\neoforge\26.2\src\main\java\com\skd\thesundering\entity\projectile\Laser_Beam_Entity.java:211: error: incompatible types: CompoundTag cannot be converted to ValueOutput
        super.addAdditionalSaveData(compound);
                                    ^
G:\Proyectos\Mods_Minecraft\the_sundering\neoforge\26.2\src\main\java\com\skd\thesundering\entity\projectile\Laser_Beam_Entity.java:216: error: incompatible types: CompoundTag cannot be converted to ValueInput
        super.readAdditionalSaveData(compound);
                                     ^
G:\Proyectos\Mods_Minecraft\the_sundering\neoforge\26.2\src\main\java\com\skd\thesundering\entity\projectile\Laser_Beam_Entity.java:217: error: method contains in class CompoundTag cannot be applied to given types;
        if (compound.contains("acceleration_power", 6)) {
                    ^
  required: String
  found:    String,int
  reason: actual and formal argument lists differ in length
G:\Proyectos\Mods_Minecraft\the_sundering\neoforge\26.2\src\main\java\com\skd\thesundering\entity\projectile\Laser_Beam_Entity.java:218: error: incompatible types: Optional<Double> cannot be converted to double
            this.accelerationPower = compound.getDouble("acceleration_power");
                                                       ^
G:\Proyectos\Mods_Minecraft\the_sundering\neoforge\26.2\src\main\java\com\skd\thesundering\client\model\entity\Lava_Bomb_Model.java:36: error: incompatible types: inference variable E has incompatible bounds
        return ImmutableList.of((Object)this.root);
                               ^
    equality constraints: AdvancedModelBox
    lower bounds: Object
  where E is a type-variable:
    E extends Object declared in method <E>of(E)
G:\Proyectos\Mods_Minecraft\the_sundering\neoforge\26.2\src\main\java\com\skd\thesundering\entity\projectile\Lava_Bomb_Entity.java:69: error: no suitable constructor found for ThrowableProjectile(EntityType<Lava_Bomb_Entity>,LivingEntity,Level)
        super(type, thrower, world);
        ^
    constructor ThrowableProjectile.ThrowableProjectile(EntityType<? extends ThrowableProjectile>,Level) is not applicable
      (actual and formal argument lists differ in length)
    constructor ThrowableProjectile.ThrowableProjectile(EntityType<? extends ThrowableProjectile>,double,double,double,Level) is not applicable
      (actual and formal argument lists differ in length)
G:\Proyectos\Mods_Minecraft\the_sundering\neoforge\26.2\src\main\java\com\skd\thesundering\entity\projectile\Lava_Bomb_Entity.java:73: error: method define in class Builder cannot be applied to given types;
        p_326229_.define(ON_GROUND, (Object)false);
                 ^
  required: EntityDataAccessor<T>,T
  found:    EntityDataAccessor<Boolean>,Object
  reason: inference variable T has incompatible bounds
    equality constraints: Boolean
    lower bounds: Object
  where T is a type-variable:
    T extends Object declared in method <T>define(EntityDataAccessor<T>,T)
G:\Proyectos\Mods_Minecraft\the_sundering\neoforge\26.2\src\main\java\com\skd\thesundering\entity\projectile\Lava_Bomb_Entity.java:74: error: method define in class Builder cannot be applied to given types;
        p_326229_.define(LAVA_TIME, (Object)0);
                 ^
  required: EntityDataAccessor<T>,T
  found:    EntityDataAccessor<Integer>,Object
  reason: inference variable T has incompatible bounds
    equality constraints: Integer
    lower bounds: Object
  where T is a type-variable:
    T extends Object declared in method <T>define(EntityDataAccessor<T>,T)
G:\Proyectos\Mods_Minecraft\the_sundering\neoforge\26.2\src\main\java\com\skd\thesundering\entity\projectile\Lava_Bomb_Entity.java:75: error: method define in class Builder cannot be applied to given types;
        p_326229_.define(MAX_LAVA_TIME, (Object)200);
                 ^
  required: EntityDataAccessor<T>,T
  found:    EntityDataAccessor<Integer>,Object
  reason: inference variable T has incompatible bounds
    equality constraints: Integer
    lower bounds: Object
  where T is a type-variable:
    T extends Object declared in method <T>define(EntityDataAccessor<T>,T)
G:\Proyectos\Mods_Minecraft\the_sundering\neoforge\26.2\src\main\java\com\skd\thesundering\entity\projectile\Lava_Bomb_Entity.java:76: error: method define in class Builder cannot be applied to given types;
        p_326229_.define(LAVA_POS, (Object)BlockPos.ZERO);
                 ^
  required: EntityDataAccessor<T>,T
  found:    EntityDataAccessor<BlockPos>,Object
  reason: inference variable T has incompatible bounds
    equality constraints: BlockPos
    lower bounds: Object
  where T is a type-variable:
    T extends Object declared in method <T>define(EntityDataAccessor<T>,T)
G:\Proyectos\Mods_Minecraft\the_sundering\neoforge\26.2\src\main\java\com\skd\thesundering\entity\projectile\Lava_Bomb_Entity.java:111: error: cannot find symbol
        while (landed.getY() < this.level().getMaxBuildHeight() && (!this.level().getBlockState(landed).isAir() || !this.level().getBlockState(landed).getFluidState().isEmpty() && this.level().getBlockState(landed).getFluidState().getFluidType() != NeoForgeMod.LAVA_TYPE.value())) {
                                           ^
  symbol:   method getMaxBuildHeight()
  location: class Level
G:\Proyectos\Mods_Minecraft\the_sundering\neoforge\26.2\src\main\java\com\skd\thesundering\entity\projectile\Lava_Bomb_Entity.java:164: error: no suitable method found for set(EntityDataAccessor<BlockPos>,Object)
        this.entityData.set(LAVA_POS, (Object)p_31960_);
                       ^
    method SynchedEntityData.<T#1>set(EntityDataAccessor<T#1>,T#1) is not applicable
      (inference variable T#1 has incompatible bounds
        equality constraints: BlockPos
        lower bounds: Object)
    method SynchedEntityData.<T#2>set(EntityDataAccessor<T#2>,T#2,boolean) is not applicable
      (cannot infer type-variable(s) T#2
        (actual and formal argument lists differ in length))
  where T#1,T#2 are type-variables:
    T#1 extends Object declared in method <T#1>set(EntityDataAccessor<T#1>,T#1)
    T#2 extends Object declared in method <T#2>set(EntityDataAccessor<T#2>,T#2,boolean)
G:\Proyectos\Mods_Minecraft\the_sundering\neoforge\26.2\src\main\java\com\skd\thesundering\entity\projectile\Lava_Bomb_Entity.java:176: error: no suitable method found for set(EntityDataAccessor<Boolean>,Object)
        this.entityData.set(ON_GROUND, (Object)weapon);
                       ^
    method SynchedEntityData.<T#1>set(EntityDataAccessor<T#1>,T#1) is not applicable
      (inference variable T#1 has incompatible bounds
        equality constraints: Boolean
        lower bounds: Object)
    method SynchedEntityData.<T#2>set(EntityDataAccessor<T#2>,T#2,boolean) is not applicable
      (cannot infer type-variable(s) T#2
        (actual and formal argument lists differ in length))
  where T#1,T#2 are type-variables:
    T#1 extends Object declared in method <T#1>set(EntityDataAccessor<T#1>,T#1)
    T#2 extends Object declared in method <T#2>set(EntityDataAccessor<T#2>,T#2,boolean)
G:\Proyectos\Mods_Minecraft\the_sundering\neoforge\26.2\src\main\java\com\skd\thesundering\entity\projectile\Lava_Bomb_Entity.java:184: error: no suitable method found for set(EntityDataAccessor<Integer>,Object)
        this.entityData.set(LAVA_TIME, (Object)time);
                       ^
    method SynchedEntityData.<T#1>set(EntityDataAccessor<T#1>,T#1) is not applicable
      (inference variable T#1 has incompatible bounds
        equality constraints: Integer
        lower bounds: Object)
    method SynchedEntityData.<T#2>set(EntityDataAccessor<T#2>,T#2,boolean) is not applicable
      (cannot infer type-variable(s) T#2
        (actual and formal argument lists differ in length))
  where T#1,T#2 are type-variables:
    T#1 extends Object declared in method <T#1>set(EntityDataAccessor<T#1>,T#1)
    T#2 extends Object declared in method <T#2>set(EntityDataAccessor<T#2>,T#2,boolean)
G:\Proyectos\Mods_Minecraft\the_sundering\neoforge\26.2\src\main\java\com\skd\thesundering\entity\projectile\Lava_Bomb_Entity.java:192: error: no suitable method found for set(EntityDataAccessor<Integer>,Object)
        this.entityData.set(MAX_LAVA_TIME, (Object)time);
                       ^
    method SynchedEntityData.<T#1>set(EntityDataAccessor<T#1>,T#1) is not applicable
      (inference variable T#1 has incompatible bounds
        equality constraints: Integer
        lower bounds: Object)
    method SynchedEntityData.<T#2>set(EntityDataAccessor<T#2>,T#2,boolean) is not applicable
      (cannot infer type-variable(s) T#2
        (actual and formal argument lists differ in length))
  where T#1,T#2 are type-variables:
    T#1 extends Object declared in method <T#1>set(EntityDataAccessor<T#1>,T#1)
    T#2 extends Object declared in method <T#2>set(EntityDataAccessor<T#2>,T#2,boolean)
G:\Proyectos\Mods_Minecraft\the_sundering\neoforge\26.2\src\main\java\com\skd\thesundering\entity\projectile\Lava_Bomb_Entity.java:196: error: incompatible types: CompoundTag cannot be converted to ValueInput
        super.readAdditionalSaveData(compound);
                                     ^
G:\Proyectos\Mods_Minecraft\the_sundering\neoforge\26.2\src\main\java\com\skd\thesundering\entity\projectile\Lava_Bomb_Entity.java:197: error: incompatible types: Optional<Boolean> cannot be converted to boolean
        this.setGround(compound.getBoolean("bomb_ground"));
                                          ^
G:\Proyectos\Mods_Minecraft\the_sundering\neoforge\26.2\src\main\java\com\skd\thesundering\entity\projectile\Lava_Bomb_Entity.java:198: error: incompatible types: Optional<Integer> cannot be converted to int
        this.setLavaTime(compound.getInt("lava_time"));
                                        ^
G:\Proyectos\Mods_Minecraft\the_sundering\neoforge\26.2\src\main\java\com\skd\thesundering\entity\projectile\Lava_Bomb_Entity.java:199: error: incompatible types: Optional<Integer> cannot be converted to int
        this.setMaxLavaTime(compound.getInt("max_lava_time"));
                                           ^
G:\Proyectos\Mods_Minecraft\the_sundering\neoforge\26.2\src\main\java\com\skd\thesundering\entity\projectile\Lava_Bomb_Entity.java:200: error: incompatible types: Optional<Integer> cannot be converted to int
        int i = compound.getInt("LavaPosX");
                               ^
G:\Proyectos\Mods_Minecraft\the_sundering\neoforge\26.2\src\main\java\com\skd\thesundering\entity\projectile\Lava_Bomb_Entity.java:201: error: incompatible types: Optional<Integer> cannot be converted to int
        int j = compound.getInt("LavaPosY");
                               ^
G:\Proyectos\Mods_Minecraft\the_sundering\neoforge\26.2\src\main\java\com\skd\thesundering\entity\projectile\Lava_Bomb_Entity.java:202: error: incompatible types: Optional<Integer> cannot be converted to int
        int k = compound.getInt("LavaPosZ");
                               ^
G:\Proyectos\Mods_Minecraft\the_sundering\neoforge\26.2\src\main\java\com\skd\thesundering\entity\projectile\Lava_Bomb_Entity.java:207: error: incompatible types: CompoundTag cannot be converted to ValueOutput
        super.addAdditionalSaveData(compound);
                                    ^
G:\Proyectos\Mods_Minecraft\the_sundering\neoforge\26.2\src\main\java\com\skd\thesundering\client\model\entity\Lionfish_Model.java:150: error: incompatible types: inference variable E has incompatible bounds
        return ImmutableList.of((Object)this.root, (Object)this.body, (Object)this.tail, (Object)this.tail2, (Object)this.l_fin, (Object)this.left_long_fin, (Object)this.right_long_fin, (Object)this.upper_jaw, (Object)this.jaw, (Object)this.head, (Object)this.r_fin);
                               ^
    equality constraints: AdvancedModelBox
    lower bounds: Object
  where E is a type-variable:
    E extends Object declared in method <E>of(E,E,E,E,E,E,E,E,E,E,E)
G:\Proyectos\Mods_Minecraft\the_sundering\neoforge\26.2\src\main\java\com\skd\thesundering\entity\Deepling\Lionfish_Entity.java:106: error: cannot find symbol
        return SoundEvents.PUFFER_FISH_AMBIENT;
                          ^
  symbol:   variable PUFFER_FISH_AMBIENT
  location: class SoundEvents
G:\Proyectos\Mods_Minecraft\the_sundering\neoforge\26.2\src\main\java\com\skd\thesundering\entity\Deepling\Lionfish_Entity.java:141: error: hurt(DamageSource,float) in Lionfish_Entity cannot override hurt(DamageSource,float) in Entity
    public boolean hurt(DamageSource p_32820_, float p_32821_) {
                   ^
  overridden method is final
G:\Proyectos\Mods_Minecraft\the_sundering\neoforge\26.2\src\main\java\com\skd\thesundering\entity\Deepling\Lionfish_Entity.java:147: error: 'void' type not allowed here
        if (!p_32820_.is(DamageTypeTags.AVOIDS_GUARDIAN_THORNS) && !p_32820_.is(DamageTypes.THORNS) && (entity = p_32820_.getDirectEntity()) instanceof LivingEntity && (livingentity = (LivingEntity)entity).hurt(this.damageSources().thorns((Entity)this), 1.0f)) {
                                                                                                                                                                                                                  ^
G:\Proyectos\Mods_Minecraft\the_sundering\neoforge\26.2\src\main\java\com\skd\thesundering\entity\Deepling\Lionfish_Entity.java:150: error: incompatible types: void cannot be converted to boolean
        return super.hurt(p_32820_, p_32821_);
                         ^
G:\Proyectos\Mods_Minecraft\the_sundering\neoforge\26.2\src\main\java\com\skd\thesundering\entity\Deepling\Lionfish_Entity.java:185: error: cannot find symbol
        if (this.isAlive() && !this.isInWaterOrBubble()) {
                                   ^
  symbol: method isInWaterOrBubble()
G:\Proyectos\Mods_Minecraft\the_sundering\neoforge\26.2\src\main\java\com\skd\thesundering\entity\Deepling\Lionfish_Entity.java:202: error: isAlliedTo(Entity) in Lionfish_Entity cannot override isAlliedTo(@org.jspecify.annotations.Nullable Entity) in Entity
    public boolean isAlliedTo(Entity entityIn) {
                   ^
  overridden method is final
G:\Proyectos\Mods_Minecraft\the_sundering\neoforge\26.2\src\main\java\com\skd\thesundering\entity\Deepling\Lionfish_Entity.java:209: error: cannot find symbol
        if (entityIn.getType().is(ModTag.TEAM_THE_LEVIATHAN)) {
                              ^
  symbol:   method is(TagKey<EntityType<?>>)
  location: class EntityType<CAP#1>
  where CAP#1 is a fresh type-variable:
    CAP#1 extends Entity from capture of ?
G:\Proyectos\Mods_Minecraft\the_sundering\neoforge\26.2\src\main\java\com\skd\thesundering\entity\Deepling\Lionfish_Entity.java:222: error: cannot find symbol
                shard.shoot(this.random.nextFloat() * 0.4f * 2.0f - 0.4f, this.random.nextFloat() * 0.25f + 0.1f, this.random.nextFloat() * 0.4f * 2.0f - 0.4f, 0.35f, 1.0f);
                     ^
  symbol:   method shoot(float,float,float,float,float)
  location: variable shard of type Lionfish_Spike_Entity
G:\Proyectos\Mods_Minecraft\the_sundering\neoforge\26.2\src\main\java\com\skd\thesundering\entity\Deepling\Lionfish_Entity.java:223: error: incompatible types: Lionfish_Spike_Entity cannot be converted to Entity
                this.level().addFreshEntity((Entity)shard);
                                                    ^
G:\Proyectos\Mods_Minecraft\the_sundering\neoforge\26.2\src\main\java\com\skd\thesundering\entity\Deepling\Lionfish_Entity.java:229: error: incompatible types: CompoundTag cannot be converted to ValueOutput
        super.addAdditionalSaveData(compound);
                                    ^
G:\Proyectos\Mods_Minecraft\the_sundering\neoforge\26.2\src\main\java\com\skd\thesundering\entity\Deepling\Lionfish_Entity.java:233: error: incompatible types: CompoundTag cannot be converted to ValueInput
        super.readAdditionalSaveData(compound);
                                     ^
G:\Proyectos\Mods_Minecraft\the_sundering\neoforge\26.2\src\main\java\com\skd\thesundering\entity\Deepling\Lionfish_Entity.java:259: error: incompatible types: Entity cannot be converted to Deepling_Angler_Entity
        return this.getLeashHolder() instanceof Deepling_Angler_Entity;
                                  ^
G:\Proyectos\Mods_Minecraft\the_sundering\neoforge\26.2\src\main\java\com\skd\thesundering\client\model\entity\Maledictus_Model.java:229: error: cannot find symbol
        this.animate(entity.getAnimationState("idle"), Maledictus_Animation.IDLE, ageInTicks, 0.75f);
            ^
  symbol: method animate(AnimationState,AnimationDefinition,float,float)
G:\Proyectos\Mods_Minecraft\the_sundering\neoforge\26.2\src\main\java\com\skd\thesundering\client\model\entity\Maledictus_Model.java:230: error: cannot find symbol
        this.animate(entity.getAnimationState("swing"), Maledictus_Animation.SWING, ageInTicks, 1.0f);
            ^
  symbol: method animate(AnimationState,AnimationDefinition,float,float)
G:\Proyectos\Mods_Minecraft\the_sundering\neoforge\26.2\src\main\java\com\skd\thesundering\client\model\entity\Maledictus_Model.java:231: error: cannot find symbol
        this.animate(entity.getAnimationState("shoot"), Maledictus_Animation.SHOOT, ageInTicks, 1.0f);
            ^
  symbol: method animate(AnimationState,AnimationDefinition,float,float)
G:\Proyectos\Mods_Minecraft\the_sundering\neoforge\26.2\src\main\java\com\skd\thesundering\client\model\entity\Maledictus_Model.java:232: error: cannot find symbol
        this.animate(entity.getAnimationState("flying_shoot"), Maledictus_Animation.FLYING_SHOOT, ageInTicks, 1.0f);
            ^
  symbol: method animate(AnimationState,AnimationDefinition,float,float)
G:\Proyectos\Mods_Minecraft\the_sundering\neoforge\26.2\src\main\java\com\skd\thesundering\client\model\entity\Maledictus_Model.java:233: error: cannot find symbol
        this.animate(entity.getAnimationState("fall_loop"), Maledictus_Animation.FALL_LOOP, ageInTicks, 1.0f);
            ^
  symbol: method animate(AnimationState,AnimationDefinition,float,float)
G:\Proyectos\Mods_Minecraft\the_sundering\neoforge\26.2\src\main\java\com\skd\thesundering\client\model\entity\Maledictus_Model.java:234: error: cannot find symbol
        this.animate(entity.getAnimationState("fall_end"), Maledictus_Animation.FALL_END, ageInTicks, 1.0f);
            ^
  symbol: method animate(AnimationState,AnimationDefinition,float,float)
G:\Proyectos\Mods_Minecraft\the_sundering\neoforge\26.2\src\main\java\com\skd\thesundering\client\model\entity\Maledictus_Model.java:235: error: cannot find symbol
        this.animate(entity.getAnimationState("mass_effect"), Maledictus_Animation.MASS_EFFECT, ageInTicks, 1.0f);
            ^
  symbol: method animate(AnimationState,AnimationDefinition,float,float)
G:\Proyectos\Mods_Minecraft\the_sundering\neoforge\26.2\src\main\java\com\skd\thesundering\client\model\entity\Maledictus_Model.java:236: error: cannot find symbol
        this.animate(entity.getAnimationState("flying_smash_1"), Maledictus_Animation.FLYING_SMASH_1, ageInTicks, 1.0f);
            ^
  symbol: method animate(AnimationState,AnimationDefinition,float,float)
G:\Proyectos\Mods_Minecraft\the_sundering\neoforge\26.2\src\main\java\com\skd\thesundering\client\model\entity\Maledictus_Model.java:237: error: cannot find symbol
        this.animate(entity.getAnimationState("flying_smash_2"), Maledictus_Animation.FLYING_SMASH_2, ageInTicks, 1.0f);
            ^
  symbol: method animate(AnimationState,AnimationDefinition,float,float)
G:\Proyectos\Mods_Minecraft\the_sundering\neoforge\26.2\src\main\java\com\skd\thesundering\client\model\entity\Maledictus_Model.java:238: error: cannot find symbol
        this.animate(entity.getAnimationState("flying_halberd_smash_1"), Maledictus_Halberd_Animation.FLYING_HALBERD_SMASH_1, ageInTicks, 1.0f);
            ^
  symbol: method animate(AnimationState,AnimationDefinition,float,float)
G:\Proyectos\Mods_Minecraft\the_sundering\neoforge\26.2\src\main\java\com\skd\thesundering\client\model\entity\Maledictus_Model.java:239: error: cannot find symbol
        this.animate(entity.getAnimationState("flying_halberd_smash_2"), Maledictus_Halberd_Animation.FLYING_HALBERD_SMASH_2, ageInTicks, 1.0f);
            ^
  symbol: method animate(AnimationState,AnimationDefinition,float,float)
G:\Proyectos\Mods_Minecraft\the_sundering\neoforge\26.2\src\main\java\com\skd\thesundering\client\model\entity\Maledictus_Model.java:240: error: cannot find symbol
        this.animate(entity.getAnimationState("death"), Maledictus_Animation.DEATH, ageInTicks, 1.0f);
            ^
  symbol: method animate(AnimationState,AnimationDefinition,float,float)
G:\Proyectos\Mods_Minecraft\the_sundering\neoforge\26.2\src\main\java\com\skd\thesundering\client\model\entity\Maledictus_Model.java:241: error: cannot find symbol
        this.animate(entity.getAnimationState("back_step"), Maledictus_Animation.CHARGE_BACKSTEP, ageInTicks, 1.0f);
            ^
  symbol: method animate(AnimationState,AnimationDefinition,float,float)
G:\Proyectos\Mods_Minecraft\the_sundering\neoforge\26.2\src\main\java\com\skd\thesundering\client\model\entity\Maledictus_Model.java:242: error: cannot find symbol
        this.animate(entity.getAnimationState("back_step_dash"), Maledictus_Halberd_Animation.DASH1, ageInTicks, 1.0f);
            ^
  symbol: method animate(AnimationState,AnimationDefinition,float,float)
G:\Proyectos\Mods_Minecraft\the_sundering\neoforge\26.2\src\main\java\com\skd\thesundering\client\model\entity\Maledictus_Model.java:243: error: cannot find symbol
        this.animate(entity.getAnimationState("radagon"), Maledictus_Halberd_Animation.RADAGON, ageInTicks, 1.0f);
            ^
  symbol: method animate(AnimationState,AnimationDefinition,float,float)
G:\Proyectos\Mods_Minecraft\the_sundering\neoforge\26.2\src\main\java\com\skd\thesundering\client\model\entity\Maledictus_Model.java:244: error: cannot find symbol
        this.animate(entity.getAnimationState("halberd_swing"), Maledictus_Halberd_Animation.HALBERD_SLASH, ageInTicks, 1.0f);
            ^
  symbol: method animate(AnimationState,AnimationDefinition,float,float)
G:\Proyectos\Mods_Minecraft\the_sundering\neoforge\26.2\src\main\java\com\skd\thesundering\client\model\entity\Maledictus_Model.java:245: error: cannot find symbol
        this.animate(entity.getAnimationState("dash"), Maledictus_Halberd_Animation.DASH1, ageInTicks, 1.0f);
            ^
  symbol: method animate(AnimationState,AnimationDefinition,float,float)
G:\Proyectos\Mods_Minecraft\the_sundering\neoforge\26.2\src\main\java\com\skd\thesundering\client\model\entity\Maledictus_Model.java:246: error: cannot find symbol
        this.animate(entity.getAnimationState("back_step_dash_no_back_step"), Maledictus_Halberd_Animation.DASH1_NO_BACK_STEP, ageInTicks, 1.0f);
            ^
  symbol: method animate(AnimationState,AnimationDefinition,float,float)
G:\Proyectos\Mods_Minecraft\the_sundering\neoforge\26.2\src\main\java\com\skd\thesundering\client\model\entity\Maledictus_Model.java:247: error: cannot find symbol
        this.animate(entity.getAnimationState("dash_no_back_step"), Maledictus_Halberd_Animation.DASH1_NO_BACK_STEP, ageInTicks, 1.0f);
            ^
  symbol: method animate(AnimationState,AnimationDefinition,float,float)
G:\Proyectos\Mods_Minecraft\the_sundering\neoforge\26.2\src\main\java\com\skd\thesundering\client\model\entity\Maledictus_Model.java:248: error: cannot find symbol
        this.animate(entity.getAnimationState("dash2"), Maledictus_Halberd_Animation.DASH2, ageInTicks, 1.0f);
            ^
  symbol: method animate(AnimationState,AnimationDefinition,float,float)
G:\Proyectos\Mods_Minecraft\the_sundering\neoforge\26.2\src\main\java\com\skd\thesundering\client\model\entity\Maledictus_Model.java:249: error: cannot find symbol
        this.animate(entity.getAnimationState("dash2_no_back_step"), Maledictus_Halberd_Animation.DASH2_NO_BACK_STEP, ageInTicks, 1.0f);
            ^
  symbol: method animate(AnimationState,AnimationDefinition,float,float)
G:\Proyectos\Mods_Minecraft\the_sundering\neoforge\26.2\src\main\java\com\skd\thesundering\client\model\entity\Maledictus_Model.java:250: error: cannot find symbol
        this.animate(entity.getAnimationState("dash3"), Maledictus_Halberd_Animation.DASH3, ageInTicks, 1.0f);
            ^
  symbol: method animate(AnimationState,AnimationDefinition,float,float)
G:\Proyectos\Mods_Minecraft\the_sundering\neoforge\26.2\src\main\java\com\skd\thesundering\client\model\entity\Maledictus_Model.java:251: error: cannot find symbol
        this.animate(entity.getAnimationState("spin_slashes"), Maledictus_Attack_Animation.SPIN_SLASHES, ageInTicks, 1.0f);
            ^
  symbol: method animate(AnimationState,AnimationDefinition,float,float)
G:\Proyectos\Mods_Minecraft\the_sundering\neoforge\26.2\src\main\java\com\skd\thesundering\client\model\entity\Maledictus_Model.java:252: error: cannot find symbol
        this.animate(entity.getAnimationState("combo_first"), Maledictus_Attack_Animation.COMBO_FIRST, ageInTicks, 1.0f);
            ^
  symbol: method animate(AnimationState,AnimationDefinition,float,float)
G:\Proyectos\Mods_Minecraft\the_sundering\neoforge\26.2\src\main\java\com\skd\thesundering\client\model\entity\Maledictus_Model.java:253: error: cannot find symbol
        this.animate(entity.getAnimationState("combo_first_end"), Maledictus_Attack_Animation.COMBO_FIRST_END, ageInTicks, 1.0f);
            ^
  symbol: method animate(AnimationState,AnimationDefinition,float,float)
G:\Proyectos\Mods_Minecraft\the_sundering\neoforge\26.2\src\main\java\com\skd\thesundering\client\model\entity\Maledictus_Model.java:254: error: cannot find symbol
        this.animate(entity.getAnimationState("combo_second"), Maledictus_Attack_Animation.COMBO_SECOND, ageInTicks, 1.0f);
            ^
  symbol: method animate(AnimationState,AnimationDefinition,float,float)
G:\Proyectos\Mods_Minecraft\the_sundering\neoforge\26.2\src\main\java\com\skd\thesundering\client\model\entity\Maledictus_Model.java:255: error: cannot find symbol
        this.animate(entity.getAnimationState("uppercut_right"), Maledictus_Attack_Animation.UPPERCUT_RIGHT, ageInTicks, 1.0f);
            ^
  symbol: method animate(AnimationState,AnimationDefinition,float,float)
G:\Proyectos\Mods_Minecraft\the_sundering\neoforge\26.2\src\main\java\com\skd\thesundering\client\model\entity\Maledictus_Model.java:256: error: cannot find symbol
        this.animate(entity.getAnimationState("uppercut_left"), Maledictus_Attack_Animation.UPPERCUT_LEFT, ageInTicks, 1.0f);
            ^
  symbol: method animate(AnimationState,AnimationDefinition,float,float)
G:\Proyectos\Mods_Minecraft\the_sundering\neoforge\26.2\src\main\java\com\skd\thesundering\client\model\entity\Maledictus_Model.java:257: error: cannot find symbol
        this.animate(entity.getAnimationState("grab_start"), Maledictus_Grab_Attack_Animation.GRAB_START, ageInTicks, 1.0f);
            ^
  symbol: method animate(AnimationState,AnimationDefinition,float,float)
G:\Proyectos\Mods_Minecraft\the_sundering\neoforge\26.2\src\main\java\com\skd\thesundering\client\model\entity\Maledictus_Model.java:258: error: cannot find symbol
        this.animate(entity.getAnimationState("grab_loop"), Maledictus_Grab_Attack_Animation.GRAB_LOOP, ageInTicks, 1.0f);
            ^
  symbol: method animate(AnimationState,AnimationDefinition,float,float)
G:\Proyectos\Mods_Minecraft\the_sundering\neoforge\26.2\src\main\java\com\skd\thesundering\client\model\entity\Maledictus_Model.java:259: error: cannot find symbol
        this.animate(entity.getAnimationState("grab_fail"), Maledictus_Grab_Attack_Animation.GRAB_FAIL, ageInTicks, 1.0f);
            ^
  symbol: method animate(AnimationState,AnimationDefinition,float,float)
G:\Proyectos\Mods_Minecraft\the_sundering\neoforge\26.2\src\main\java\com\skd\thesundering\client\model\entity\Maledictus_Model.java:260: error: cannot find symbol
        this.animate(entity.getAnimationState("grab_success"), Maledictus_Grab_Attack_Animation.GRAB_SUCCESS_FLY, ageInTicks, 1.0f);
            ^
  symbol: method animate(AnimationState,AnimationDefinition,float,float)
G:\Proyectos\Mods_Minecraft\the_sundering\neoforge\26.2\src\main\java\com\skd\thesundering\client\model\entity\Maledictus_Model.java:261: error: cannot find symbol
        this.animate(entity.getAnimationState("grab_success_loop"), Maledictus_Grab_Attack_Animation.GRAB_DIVE_LOOP, ageInTicks, 1.0f);
            ^
  symbol: method animate(AnimationState,AnimationDefinition,float,float)
G:\Proyectos\Mods_Minecraft\the_sundering\neoforge\26.2\src\main\java\com\skd\thesundering\client\model\entity\Maledictus_Model.java:262: error: cannot find symbol
        this.animate(entity.getAnimationState("grab_success_end"), Maledictus_Grab_Attack_Animation.GRAB_LAND, ageInTicks, 1.0f);
            ^
  symbol: method animate(AnimationState,AnimationDefinition,float,float)
G:\Proyectos\Mods_Minecraft\the_sundering\neoforge\26.2\src\main\java\com\skd\thesundering\client\model\entity\Maledictus_Model.java:264: error: cannot find symbol
            this.animateWalk(Maledictus_Animation.WALK, limbSwing, limbSwingAmount, 1.0f, 4.0f);
                ^
  symbol: method animateWalk(AnimationDefinition,float,float,float,float)
G:\Proyectos\Mods_Minecraft\the_sundering\neoforge\26.2\src\main\java\com\skd\thesundering\client\model\entity\Maledictus_Model.java:282: error: children has private access in ModelPart
        for (Map.Entry entry : part.children.entrySet()) {
                                   ^
G:\Proyectos\Mods_Minecraft\the_sundering\neoforge\26.2\src\main\java\com\skd\thesundering\client\model\entity\Maledictus_Model.java:287: error: children has private access in ModelPart
            if (childPart.children.isEmpty()) continue;
                         ^
G:\Proyectos\Mods_Minecraft\the_sundering\neoforge\26.2\src\main\java\com\skd\thesundering\entity\InternalAnimationMonster\IABossMonsters\Maledictus\Maledictus_Entity.java:304: error: no suitable constructor found for InternalStateGoal(Maledictus_Entity,Maledictus_Entity,int,int,int,int,int)
        this.goalSelector.addGoal(0, (Goal)new InternalStateGoal(this, this, 21, 21, 0, 45, 8){
                                           ^
    constructor InternalStateGoal.InternalStateGoal(Internal_Animation_Monster,int,int,int,int,int,boolean) is not applicable
      (argument mismatch; Maledictus_Entity cannot be converted to int)
    constructor InternalStateGoal.InternalStateGoal(Internal_Animation_Monster,int,int,int,int,int,EnumSet<Flag>) is not applicable
      (argument mismatch; Maledictus_Entity cannot be converted to int)
G:\Proyectos\Mods_Minecraft\the_sundering\neoforge\26.2\src\main\java\com\skd\thesundering\entity\InternalAnimationMonster\IABossMonsters\Maledictus\Maledictus_Entity.java:413: error: no suitable method found for spawnAtLocation(ItemStack,float)
        ItemEntity itementity = this.spawnAtLocation(stack, 0.0f);
                                    ^
    method Entity.spawnAtLocation(ServerLevel,ItemLike) is not applicable
      (argument mismatch; ItemStack cannot be converted to ServerLevel)
    method Entity.spawnAtLocation(ServerLevel,ItemStack) is not applicable
      (argument mismatch; ItemStack cannot be converted to ServerLevel)
G:\Proyectos\Mods_Minecraft\the_sundering\neoforge\26.2\src\main\java\com\skd\thesundering\entity\InternalAnimationMonster\IABossMonsters\Maledictus\Maledictus_Entity.java:422: error: hurt(DamageSource,float) in Maledictus_Entity cannot override hurt(DamageSource,float) in Entity
    public boolean hurt(DamageSource source, float damage) {
                   ^
  overridden method is final
G:\Proyectos\Mods_Minecraft\the_sundering\neoforge\26.2\src\main\java\com\skd\thesundering\entity\InternalAnimationMonster\IABossMonsters\Maledictus\Maledictus_Entity.java:573: error: method define in class Builder cannot be applied to given types;
        p_326229_.define(TOMBSTONE_DIRECTION, (Object)Direction.NORTH);
                 ^
  required: EntityDataAccessor<T>,T
  found:    EntityDataAccessor<Direction>,Object
  reason: inference variable T has incompatible bounds
    equality constraints: Direction
    lower bounds: Object
  where T is a type-variable:
    T extends Object declared in method <T>define(EntityDataAccessor<T>,T)
G:\Proyectos\Mods_Minecraft\the_sundering\neoforge\26.2\src\main\java\com\skd\thesundering\entity\InternalAnimationMonster\IABossMonsters\Maledictus\Maledictus_Entity.java:574: error: method define in class Builder cannot be applied to given types;
        p_326229_.define(WEAPON, (Object)0);
                 ^
  required: EntityDataAccessor<T>,T
  found:    EntityDataAccessor<Integer>,Object
  reason: inference variable T has incompatible bounds
    equality constraints: Integer
    lower bounds: Object
  where T is a type-variable:
    T extends Object declared in method <T>define(EntityDataAccessor<T>,T)
G:\Proyectos\Mods_Minecraft\the_sundering\neoforge\26.2\src\main\java\com\skd\thesundering\entity\InternalAnimationMonster\IABossMonsters\Maledictus\Maledictus_Entity.java:575: error: method define in class Builder cannot be applied to given types;
        p_326229_.define(FLYING, (Object)false);
                 ^
  required: EntityDataAccessor<T>,T
  found:    EntityDataAccessor<Boolean>,Object
  reason: inference variable T has incompatible bounds
    equality constraints: Boolean
    lower bounds: Object
  where T is a type-variable:
    T extends Object declared in method <T>define(EntityDataAccessor<T>,T)
G:\Proyectos\Mods_Minecraft\the_sundering\neoforge\26.2\src\main\java\com\skd\thesundering\entity\InternalAnimationMonster\IABossMonsters\Maledictus\Maledictus_Entity.java:576: error: method define in class Builder cannot be applied to given types;
        p_326229_.define(RAGE, (Object)0);
                 ^
  required: EntityDataAccessor<T>,T
  found:    EntityDataAccessor<Integer>,Object
  reason: inference variable T has incompatible bounds
    equality constraints: Integer
    lower bounds: Object
  where T is a type-variable:
    T extends Object declared in method <T>define(EntityDataAccessor<T>,T)
G:\Proyectos\Mods_Minecraft\the_sundering\neoforge\26.2\src\main\java\com\skd\thesundering\entity\InternalAnimationMonster\IABossMonsters\Maledictus\Maledictus_Entity.java:584: error: no suitable method found for set(EntityDataAccessor<Integer>,Object)
        this.entityData.set(WEAPON, (Object)weapon);
                       ^
    method SynchedEntityData.<T#1>set(EntityDataAccessor<T#1>,T#1) is not applicable
      (inference variable T#1 has incompatible bounds
        equality constraints: Integer
        lower bounds: Object)
    method SynchedEntityData.<T#2>set(EntityDataAccessor<T#2>,T#2,boolean) is not applicable
      (cannot infer type-variable(s) T#2
        (actual and formal argument lists differ in length))
  where T#1,T#2 are type-variables:
    T#1 extends Object declared in method <T#1>set(EntityDataAccessor<T#1>,T#1)
    T#2 extends Object declared in method <T#2>set(EntityDataAccessor<T#2>,T#2,boolean)
G:\Proyectos\Mods_Minecraft\the_sundering\neoforge\26.2\src\main\java\com\skd\thesundering\entity\InternalAnimationMonster\IABossMonsters\Maledictus\Maledictus_Entity.java:592: error: no suitable method found for set(EntityDataAccessor<Boolean>,Object)
        this.entityData.set(FLYING, (Object)flying);
                       ^
    method SynchedEntityData.<T#1>set(EntityDataAccessor<T#1>,T#1) is not applicable
      (inference variable T#1 has incompatible bounds
        equality constraints: Boolean
        lower bounds: Object)
    method SynchedEntityData.<T#2>set(EntityDataAccessor<T#2>,T#2,boolean) is not applicable
      (cannot infer type-variable(s) T#2
        (actual and formal argument lists differ in length))
  where T#1,T#2 are type-variables:
    T#1 extends Object declared in method <T#1>set(EntityDataAccessor<T#1>,T#1)
    T#2 extends Object declared in method <T#2>set(EntityDataAccessor<T#2>,T#2,boolean)
G:\Proyectos\Mods_Minecraft\the_sundering\neoforge\26.2\src\main\java\com\skd\thesundering\entity\InternalAnimationMonster\IABossMonsters\Maledictus\Maledictus_Entity.java:600: error: no suitable method found for set(EntityDataAccessor<Direction>,Object)
        this.entityData.set(TOMBSTONE_DIRECTION, (Object)p_30220_);
                       ^
    method SynchedEntityData.<T#1>set(EntityDataAccessor<T#1>,T#1) is not applicable
      (inference variable T#1 has incompatible bounds
        equality constraints: Direction
        lower bounds: Object)
    method SynchedEntityData.<T#2>set(EntityDataAccessor<T#2>,T#2,boolean) is not applicable
      (cannot infer type-variable(s) T#2
        (actual and formal argument lists differ in length))
  where T#1,T#2 are type-variables:
    T#1 extends Object declared in method <T#1>set(EntityDataAccessor<T#1>,T#1)
    T#2 extends Object declared in method <T#2>set(EntityDataAccessor<T#2>,T#2,boolean)
G:\Proyectos\Mods_Minecraft\the_sundering\neoforge\26.2\src\main\java\com\skd\thesundering\entity\InternalAnimationMonster\IABossMonsters\Maledictus\Maledictus_Entity.java:608: error: no suitable method found for set(EntityDataAccessor<Integer>,Object)
        this.entityData.set(RAGE, (Object)Rage);
                       ^
    method SynchedEntityData.<T#1>set(EntityDataAccessor<T#1>,T#1) is not applicable
      (inference variable T#1 has incompatible bounds
        equality constraints: Integer
        lower bounds: Object)
    method SynchedEntityData.<T#2>set(EntityDataAccessor<T#2>,T#2,boolean) is not applicable
      (cannot infer type-variable(s) T#2
        (actual and formal argument lists differ in length))
  where T#1,T#2 are type-variables:
    T#1 extends Object declared in method <T#1>set(EntityDataAccessor<T#1>,T#1)
    T#2 extends Object declared in method <T#2>set(EntityDataAccessor<T#2>,T#2,boolean)
G:\Proyectos\Mods_Minecraft\the_sundering\neoforge\26.2\src\main\java\com\skd\thesundering\entity\InternalAnimationMonster\IABossMonsters\Maledictus\Maledictus_Entity.java:902: error: incompatible types: Optional<Byte> cannot be converted to int
        this.setTombstoneDirection(Direction.from3DDataValue((int)compound.getByte("Tombstone_Direction")));
                                                                                  ^
G:\Proyectos\Mods_Minecraft\the_sundering\neoforge\26.2\src\main\java\com\skd\thesundering\entity\InternalAnimationMonster\IABossMonsters\Maledictus\Maledictus_Entity.java:903: error: incompatible types: Optional<Integer> cannot be converted to int
        this.setRageMeter(compound.getInt("RageMeter"));
                                         ^
G:\Proyectos\Mods_Minecraft\the_sundering\neoforge\26.2\src\main\java\com\skd\thesundering\entity\InternalAnimationMonster\IABossMonsters\Maledictus\Maledictus_Entity.java:1090: error: incompatible types: void cannot be converted to boolean
                        if (this.isAlliedTo((Entity)entity) || entity == this || !(flag = entity.hurt(damagesource, this.DMG() * 1.25f + Math.min(this.DMG() * 1.25f, entity.getMaxHealth() * (float)CMCommonConfig.Maledictus.FlyingSmashHpDamage)))) continue;
                                                                                                     ^
G:\Proyectos\Mods_Minecraft\the_sundering\neoforge\26.2\src\main\java\com\skd\thesundering\entity\InternalAnimationMonster\IABossMonsters\Maledictus\Maledictus_Entity.java:1284: error: incompatible types: void cannot be converted to boolean
                        if (this.isAlliedTo((Entity)entity) || entity == this || !(flag = entity.hurt(damagesource, this.DMG() * 1.25f + Math.min(this.DMG() * 1.25f, entity.getMaxHealth() * (float)CMCommonConfig.Maledictus.FlyingSmashHpDamage)))) continue;
                                                                                                     ^
G:\Proyectos\Mods_Minecraft\the_sundering\neoforge\26.2\src\main\java\com\skd\thesundering\entity\InternalAnimationMonster\IABossMonsters\Maledictus\Maledictus_Entity.java:1300: error: incompatible types: void cannot be converted to boolean
                        if (this.isAlliedTo((Entity)entity) || entity == this || !(flag = entity.hurt(damagesource, this.DMG() * 1.25f + Math.min(this.DMG() * 1.25f, entity.getMaxHealth() * (float)CMCommonConfig.Maledictus.FlyingSmashHpDamage)))) continue;
                                                                                                     ^
G:\Proyectos\Mods_Minecraft\the_sundering\neoforge\26.2\src\main\java\com\skd\thesundering\entity\InternalAnimationMonster\IABossMonsters\Maledictus\Maledictus_Entity.java:1423: error: incompatible types: Level cannot be converted to ServerLevel
            } else if (EventHooks.canEntityGrief((Level)this.level(), (Entity)this)) {
                                                 ^
G:\Proyectos\Mods_Minecraft\the_sundering\neoforge\26.2\src\main\java\com\skd\thesundering\entity\InternalAnimationMonster\IABossMonsters\Maledictus\Maledictus_Entity.java:1433: error: incompatible types: Level cannot be converted to ServerLevel
            } else if (EventHooks.canEntityGrief((Level)this.level(), (Entity)this)) {
                                                 ^
G:\Proyectos\Mods_Minecraft\the_sundering\neoforge\26.2\src\main\java\com\skd\thesundering\entity\InternalAnimationMonster\IABossMonsters\Maledictus\Maledictus_Entity.java:1603: error: incompatible types: void cannot be converted to boolean
                boolean flag = entityHit.hurt(damagesource, this.DMG() * damage + Math.min(this.DMG() * damage, entityHit.getMaxHealth() * hpdamage));
                                             ^
G:\Proyectos\Mods_Minecraft\the_sundering\neoforge\26.2\src\main\java\com\skd\thesundering\entity\InternalAnimationMonster\IABossMonsters\Maledictus\Maledictus_Entity.java:1604: error: cannot find symbol
                if (entityHit.isDamageSourceBlocked(damagesource) && entityHit instanceof Player) {
                             ^
  symbol:   method isDamageSourceBlocked(DamageSource)
  location: variable entityHit of type LivingEntity
G:\Proyectos\Mods_Minecraft\the_sundering\neoforge\26.2\src\main\java\com\skd\thesundering\entity\InternalAnimationMonster\IABossMonsters\Maledictus\Maledictus_Entity.java:1628: error: incompatible types: void cannot be converted to boolean
                boolean flag = entity.hurt(damagesource, this.DMG() * damage + Math.min(this.DMG() * damage, entity.getMaxHealth() * hpdamage));
                                          ^
G:\Proyectos\Mods_Minecraft\the_sundering\neoforge\26.2\src\main\java\com\skd\thesundering\entity\InternalAnimationMonster\IABossMonsters\Maledictus\Maledictus_Entity.java:1629: error: cannot find symbol
                if (entity.isDamageSourceBlocked(damagesource) && entity instanceof Player) {
                          ^
  symbol:   method isDamageSourceBlocked(DamageSource)
  location: variable entity of type LivingEntity
G:\Proyectos\Mods_Minecraft\the_sundering\neoforge\26.2\src\main\java\com\skd\thesundering\entity\InternalAnimationMonster\IABossMonsters\Maledictus\Maledictus_Entity.java:1637: error: cannot find symbol
                if (entity.getType().is(ModTag.IGNIS_CANT_POKE) || !entity.isAlive()) continue;
                                    ^
  symbol:   method is(TagKey<EntityType<?>>)
  location: class EntityType<CAP#1>
  where CAP#1 is a fresh type-variable:
    CAP#1 extends Entity from capture of ?
G:\Proyectos\Mods_Minecraft\the_sundering\neoforge\26.2\src\main\java\com\skd\thesundering\entity\InternalAnimationMonster\IABossMonsters\Maledictus\Maledictus_Entity.java:1642: error: no suitable method found for startRiding(Entity,boolean)
                entity.startRiding((Entity)this, true);
                      ^
    method Entity.startRiding(Entity) is not applicable
      (actual and formal argument lists differ in length)
    method Entity.startRiding(Entity,boolean,boolean) is not applicable
      (actual and formal argument lists differ in length)
G:\Proyectos\Mods_Minecraft\the_sundering\neoforge\26.2\src\main\java\com\skd\thesundering\entity\InternalAnimationMonster\IABossMonsters\Maledictus\Maledictus_Entity.java:1689: error: incompatible types: Object cannot be converted to LivingEntity
                for (LivingEntity entity : hit) {
                                           ^
G:\Proyectos\Mods_Minecraft\the_sundering\neoforge\26.2\src\main\java\com\skd\thesundering\entity\InternalAnimationMonster\IABossMonsters\Maledictus\Maledictus_Entity.java:1692: error: incompatible types: void cannot be converted to boolean
                    if (this.isAlliedTo((Entity)entity) || entity == this || !(flag = entity.hurt(damageSource, finalDamage = baseDamage + Math.min(baseDamage, entity.getMaxHealth() * hpdamage)))) continue;
                                                                                                 ^
G:\Proyectos\Mods_Minecraft\the_sundering\neoforge\26.2\src\main\java\com\skd\thesundering\entity\InternalAnimationMonster\IABossMonsters\Maledictus\Maledictus_Entity.java:1693: error: random has protected access in Level
                    entity.setDeltaMovement(entity.getDeltaMovement().add(0.0, (double)(airborne * (float)distance) + this.level().random.nextDouble() * 0.15, 0.0));
                                                                                                                                  ^
G:\Proyectos\Mods_Minecraft\the_sundering\neoforge\26.2\src\main\java\com\skd\thesundering\entity\InternalAnimationMonster\IABossMonsters\Maledictus\Maledictus_Entity.java:1810: error: incompatible types: void cannot be converted to boolean
                boolean flag = entity.hurt(damagesource, this.DMG() * damage + Math.min(this.DMG() * damage, entity.getMaxHealth() * hpdamage));
                                          ^
G:\Proyectos\Mods_Minecraft\the_sundering\neoforge\26.2\src\main\java\com\skd\thesundering\entity\InternalAnimationMonster\IABossMonsters\Maledictus\Maledictus_Entity.java:1811: error: cannot find symbol
                if (entity.isDamageSourceBlocked(damagesource) && entity instanceof Player) {
                          ^
  symbol:   method isDamageSourceBlocked(DamageSource)
  location: variable entity of type LivingEntity
G:\Proyectos\Mods_Minecraft\the_sundering\neoforge\26.2\src\main\java\com\skd\thesundering\entity\InternalAnimationMonster\IABossMonsters\Maledictus\Maledictus_Entity.java:1833: error: incompatible types: void cannot be converted to boolean
            boolean flag = entity.hurt(damagesource, this.DMG() * damage + Math.min(this.DMG() * damage, entity.getMaxHealth() * hpdamage));
                                      ^
G:\Proyectos\Mods_Minecraft\the_sundering\neoforge\26.2\src\main\java\com\skd\thesundering\entity\InternalAnimationMonster\IABossMonsters\Maledictus\Maledictus_Entity.java:1834: error: cannot find symbol
            if (entity.isDamageSourceBlocked(damagesource) && entity instanceof Player) {
                      ^
  symbol:   method isDamageSourceBlocked(DamageSource)
  location: variable entity of type LivingEntity
G:\Proyectos\Mods_Minecraft\the_sundering\neoforge\26.2\src\main\java\com\skd\thesundering\entity\InternalAnimationMonster\IABossMonsters\Maledictus\Maledictus_Entity.java:1867: error: incompatible types: void cannot be converted to boolean
            boolean flag = entityHit.hurt(damagesource, this.DMG() * damage + Math.min(this.DMG() * damage, entityHit.getMaxHealth() * hpdamage));
                                         ^
G:\Proyectos\Mods_Minecraft\the_sundering\neoforge\26.2\src\main\java\com\skd\thesundering\entity\InternalAnimationMonster\IABossMonsters\Maledictus\Maledictus_Entity.java:1868: error: cannot find symbol
            if (entityHit.isDamageSourceBlocked(damagesource) && entityHit instanceof Player) {
                         ^
  symbol:   method isDamageSourceBlocked(DamageSource)
  location: variable entityHit of type LivingEntity
G:\Proyectos\Mods_Minecraft\the_sundering\neoforge\26.2\src\main\java\com\skd\thesundering\entity\InternalAnimationMonster\IABossMonsters\Maledictus\Maledictus_Entity.java:1887: error: isAlliedTo(Entity) in Maledictus_Entity cannot override isAlliedTo(@org.jspecify.annotations.Nullable Entity) in Entity
    public boolean isAlliedTo(Entity entityIn) {
                   ^
  overridden method is final
G:\Proyectos\Mods_Minecraft\the_sundering\neoforge\26.2\src\main\java\com\skd\thesundering\entity\InternalAnimationMonster\IABossMonsters\Maledictus\Maledictus_Entity.java:1894: error: cannot find symbol
        if (entityIn.getType().is(ModTag.TEAM_MALEDICTUS)) {
                              ^
  symbol:   method is(TagKey<EntityType<?>>)
  location: class EntityType<CAP#1>
  where CAP#1 is a fresh type-variable:
    CAP#1 extends Entity from capture of ?
G:\Proyectos\Mods_Minecraft\the_sundering\neoforge\26.2\src\main\java\com\skd\thesundering\entity\InternalAnimationMonster\IABossMonsters\Maledictus\Maledictus_Entity.java:1917: error: isAffectedByFluids() in Maledictus_Entity cannot override isAffectedByFluids() in LivingEntity
    protected boolean isAffectedByFluids() {
                      ^
  attempting to assign weaker access privileges; was public
G:\Proyectos\Mods_Minecraft\the_sundering\neoforge\26.2\src\main\java\com\skd\thesundering\client\model\entity\Modern_Remnant_Model.java:286: error: incompatible types: inference variable E has incompatible bounds
        return ImmutableList.of((Object)this.root, (Object)this.body, (Object)this.upper_body, (Object)this.right_arm, (Object)this.right_hand, (Object)this.left_arm, (Object)this.left_hand, (Object)this.neck, (Object)this.bandage, (Object)this.headjoint, (Object)this.head, (Object)this.helmet, (Object[])new AdvancedModelBox[]{this.helmet2, this.jaw, this.tail, this.tail2, this.tail3, this.right_leg, this.right_leg2, this.left_leg, this.left_leg2});
                               ^
    equality constraints: AdvancedModelBox
    lower bounds: Object
  where E is a type-variable:
    E extends Object declared in method <E>of(E,E,E,E,E,E,E,E,E,E,E,E,E...)
G:\Proyectos\Mods_Minecraft\the_sundering\neoforge\26.2\src\main\java\com\skd\thesundering\entity\Pet\Modern_Remnant_Entity.java:186: error: incompatible types: Predicate<LivingEntity> cannot be converted to Selector
        this.targetSelector.addGoal(5, (Goal)new NonTameRandomTargetGoal((TamableAnimal)this, LivingEntity.class, false, ModEntities.buildPredicateFromTag(ModTag.MODERN_REMNANT_TARGET)));
                                                                                                                                                          ^
G:\Proyectos\Mods_Minecraft\the_sundering\neoforge\26.2\src\main\java\com\skd\thesundering\entity\Pet\Modern_Remnant_Entity.java:200: error: method isInvulnerableTo in class LivingEntity cannot be applied to given types;
        return source.is(DamageTypes.IN_WALL) || source.is(DamageTypes.FALLING_BLOCK) || super.isInvulnerableTo(source);
                                                                                              ^
  required: ServerLevel,DamageSource
  found:    DamageSource
  reason: actual and formal argument lists differ in length
G:\Proyectos\Mods_Minecraft\the_sundering\neoforge\26.2\src\main\java\com\skd\thesundering\entity\Pet\Modern_Remnant_Entity.java:206: error: method define in class Builder cannot be applied to given types;
        p_326229_.define(FROM_BUCKET, (Object)false);
                 ^
  required: EntityDataAccessor<T>,T
  found:    EntityDataAccessor<Boolean>,Object
  reason: inference variable T has incompatible bounds
    equality constraints: Boolean
    lower bounds: Object
  where T is a type-variable:
    T extends Object declared in method <T>define(EntityDataAccessor<T>,T)
G:\Proyectos\Mods_Minecraft\the_sundering\neoforge\26.2\src\main\java\com\skd\thesundering\entity\Pet\Modern_Remnant_Entity.java:218: error: incompatible types: Optional<Boolean> cannot be converted to boolean
        this.setFromBucket(compound.getBoolean("FromBucket"));
                                              ^
G:\Proyectos\Mods_Minecraft\the_sundering\neoforge\26.2\src\main\java\com\skd\thesundering\entity\Pet\Modern_Remnant_Entity.java:231: error: no suitable method found for set(EntityDataAccessor<Boolean>,Object)
        this.entityData.set(FROM_BUCKET, (Object)sit);
                       ^
    method SynchedEntityData.<T#1>set(EntityDataAccessor<T#1>,T#1) is not applicable
      (inference variable T#1 has incompatible bounds
        equality constraints: Boolean
        lower bounds: Object)
    method SynchedEntityData.<T#2>set(EntityDataAccessor<T#2>,T#2,boolean) is not applicable
      (cannot infer type-variable(s) T#2
        (actual and formal argument lists differ in length))
  where T#1,T#2 are type-variables:
    T#1 extends Object declared in method <T#1>set(EntityDataAccessor<T#1>,T#1)
    T#2 extends Object declared in method <T#2>set(EntityDataAccessor<T#2>,T#2,boolean)
G:\Proyectos\Mods_Minecraft\the_sundering\neoforge\26.2\src\main\java\com\skd\thesundering\entity\Pet\Modern_Remnant_Entity.java:235: error: cannot find symbol
        Bucketable.saveDefaultDataToBucketTag((Mob)this, (ItemStack)bucket);
        ^
  symbol:   variable Bucketable
  location: class Modern_Remnant_Entity
G:\Proyectos\Mods_Minecraft\the_sundering\neoforge\26.2\src\main\java\com\skd\thesundering\entity\Pet\Modern_Remnant_Entity.java:241: error: cannot find symbol
        Bucketable.loadDefaultDataFromBucketTag((Mob)this, (CompoundTag)p_148832_);
        ^
  symbol:   variable Bucketable
  location: class Modern_Remnant_Entity
G:\Proyectos\Mods_Minecraft\the_sundering\neoforge\26.2\src\main\java\com\skd\thesundering\entity\Pet\Modern_Remnant_Entity.java:289: error: cannot find symbol
            player.displayClientMessage((Component)Component.translatable((String)("entity.cataclysm.all.command_" + this.getCommand()), (Object[])new Object[]{this.getName()}), true);
                  ^
  symbol:   method displayClientMessage(Component,boolean)
  location: variable player of type Player
G:\Proyectos\Mods_Minecraft\the_sundering\neoforge\26.2\src\main\java\com\skd\thesundering\entity\Pet\Modern_Remnant_Entity.java:304: error: cannot find symbol
            p_148831_.playSound(((Bucketable)p_148831_).getPickupSound(), 1.0f, 1.0f);
                                  ^
  symbol:   class Bucketable
  location: class Modern_Remnant_Entity
G:\Proyectos\Mods_Minecraft\the_sundering\neoforge\26.2\src\main\java\com\skd\thesundering\entity\Pet\Modern_Remnant_Entity.java:305: error: cannot find symbol
            ItemStack itemstack1 = ((Bucketable)p_148831_).getBucketItemStack();
                                     ^
  symbol:   class Bucketable
  location: class Modern_Remnant_Entity
G:\Proyectos\Mods_Minecraft\the_sundering\neoforge\26.2\src\main\java\com\skd\thesundering\entity\Pet\Modern_Remnant_Entity.java:306: error: cannot find symbol
            ((Bucketable)p_148831_).saveToBucketTag(itemstack1);
              ^
  symbol:   class Bucketable
  location: class Modern_Remnant_Entity
G:\Proyectos\Mods_Minecraft\the_sundering\neoforge\26.2\src\main\java\com\skd\thesundering\entity\Pet\Modern_Remnant_Entity.java:311: error: package CriteriaTriggers does not exist
                CriteriaTriggers.FILLED_BUCKET.trigger((ServerPlayer)p_148829_, itemstack1);
                                ^
G:\Proyectos\Mods_Minecraft\the_sundering\neoforge\26.2\src\main\java\com\skd\thesundering\entity\Pet\Modern_Remnant_Entity.java:314: error: cannot find symbol
            return Optional.of(InteractionResult.sidedSuccess((boolean)level.isClientSide()));
                                                ^
  symbol:   method sidedSuccess(boolean)
  location: interface InteractionResult
G:\Proyectos\Mods_Minecraft\the_sundering\neoforge\26.2\src\main\java\com\skd\thesundering\entity\Pet\Modern_Remnant_Entity.java:341: error: isAlliedTo(Entity) in Modern_Remnant_Entity cannot override isAlliedTo(@org.jspecify.annotations.Nullable Entity) in Entity
    public boolean isAlliedTo(Entity entityIn) {
                   ^
  overridden method is final
G:\Proyectos\Mods_Minecraft\the_sundering\neoforge\26.2\src\main\java\com\skd\thesundering\client\model\entity\Netherite_Ministrosity_Model.java:80: error: cannot find symbol
        this.animate(entity.getAnimationState("idle"), Netherite_Ministrosity_Animation.IDLE, ageInTicks, 1.0f);
            ^
  symbol: method animate(AnimationState,AnimationDefinition,float,float)
G:\Proyectos\Mods_Minecraft\the_sundering\neoforge\26.2\src\main\java\com\skd\thesundering\client\model\entity\Netherite_Ministrosity_Model.java:81: error: cannot find symbol
        this.animateWalk(Netherite_Ministrosity_Animation.WALK, limbSwing, limbSwingAmount, 2.0f, 2.0f);
            ^
  symbol: method animateWalk(AnimationDefinition,float,float,float,float)
G:\Proyectos\Mods_Minecraft\the_sundering\neoforge\26.2\src\main\java\com\skd\thesundering\client\model\entity\Netherite_Ministrosity_Model.java:83: error: cannot find symbol
            this.applyStatic(Netherite_Ministrosity_Animation.SLEEP);
                ^
  symbol: method applyStatic(AnimationDefinition)
G:\Proyectos\Mods_Minecraft\the_sundering\neoforge\26.2\src\main\java\com\skd\thesundering\client\model\entity\Netherite_Ministrosity_Model.java:85: error: cannot find symbol
        this.animate(entity.getAnimationState("operation"), Netherite_Ministrosity_Animation.OPERATION, ageInTicks, 1.0f);
            ^
  symbol: method animate(AnimationState,AnimationDefinition,float,float)
G:\Proyectos\Mods_Minecraft\the_sundering\neoforge\26.2\src\main\java\com\skd\thesundering\client\model\entity\Netherite_Ministrosity_Model.java:86: error: cannot find symbol
        this.animate(entity.getAnimationState("chest_open"), Netherite_Ministrosity_Animation.CHEST_OPEN, ageInTicks, 1.0f);
            ^
  symbol: method animate(AnimationState,AnimationDefinition,float,float)
G:\Proyectos\Mods_Minecraft\the_sundering\neoforge\26.2\src\main\java\com\skd\thesundering\client\model\entity\Netherite_Ministrosity_Model.java:87: error: cannot find symbol
        this.animate(entity.getAnimationState("chest_loop"), Netherite_Ministrosity_Animation.CHEST_LOOP, ageInTicks, 1.0f);
            ^
  symbol: method animate(AnimationState,AnimationDefinition,float,float)
G:\Proyectos\Mods_Minecraft\the_sundering\neoforge\26.2\src\main\java\com\skd\thesundering\client\model\entity\Netherite_Ministrosity_Model.java:88: error: cannot find symbol
        this.animate(entity.getAnimationState("chest_close"), Netherite_Ministrosity_Animation.CHEST_CLOSE, ageInTicks, 1.0f);
            ^
  symbol: method animate(AnimationState,AnimationDefinition,float,float)
G:\Proyectos\Mods_Minecraft\the_sundering\neoforge\26.2\src\main\java\com\skd\thesundering\client\model\entity\Netherite_Ministrosity_Model.java:89: error: cannot find symbol
        this.animate(entity.getAnimationState("sit_start"), Netherite_Ministrosity_Animation.SIT, ageInTicks, 1.0f);
            ^
  symbol: method animate(AnimationState,AnimationDefinition,float,float)
G:\Proyectos\Mods_Minecraft\the_sundering\neoforge\26.2\src\main\java\com\skd\thesundering\client\model\entity\Netherite_Ministrosity_Model.java:90: error: cannot find symbol
        this.animate(entity.getAnimationState("sit_end"), Netherite_Ministrosity_Animation.SIT_END, ageInTicks, 1.0f);
            ^
  symbol: method animate(AnimationState,AnimationDefinition,float,float)
G:\Proyectos\Mods_Minecraft\the_sundering\neoforge\26.2\src\main\java\com\skd\thesundering\client\model\entity\Netherite_Ministrosity_Model.java:94: error: children has private access in ModelPart
        for (Map.Entry entry : part.children.entrySet()) {
                                   ^
G:\Proyectos\Mods_Minecraft\the_sundering\neoforge\26.2\src\main\java\com\skd\thesundering\client\model\entity\Netherite_Ministrosity_Model.java:99: error: children has private access in ModelPart
            if (childPart.children.isEmpty()) continue;
                         ^
G:\Proyectos\Mods_Minecraft\the_sundering\neoforge\26.2\src\main\java\com\skd\thesundering\client\model\entity\Netherite_Monstrosity_Model.java:194: error: cannot find symbol
            this.animateWalk(Netherite_Monstrosity_Animation.WALK, limbSwing, limbSwingAmount, 2.0f, 2.0f);
                ^
  symbol: method animateWalk(AnimationDefinition,float,float,float,float)
G:\Proyectos\Mods_Minecraft\the_sundering\neoforge\26.2\src\main\java\com\skd\thesundering\client\model\entity\Netherite_Monstrosity_Model.java:197: error: cannot find symbol
            this.applyStatic(Netherite_Monstrosity_Animation.SLEEP);
                ^
  symbol: method applyStatic(AnimationDefinition)
G:\Proyectos\Mods_Minecraft\the_sundering\neoforge\26.2\src\main\java\com\skd\thesundering\client\model\entity\Netherite_Monstrosity_Model.java:199: error: cannot find symbol
        this.animate(entity.getAnimationState("idle"), Netherite_Monstrosity_Animation.IDLE, ageInTicks, 1.0f);
            ^
  symbol: method animate(AnimationState,AnimationDefinition,float,float)
G:\Proyectos\Mods_Minecraft\the_sundering\neoforge\26.2\src\main\java\com\skd\thesundering\client\model\entity\Netherite_Monstrosity_Model.java:200: error: cannot find symbol
        this.animate(entity.getAnimationState("smash"), Netherite_Monstrosity_Animation.SMASH, ageInTicks, 1.0f);
            ^
  symbol: method animate(AnimationState,AnimationDefinition,float,float)
G:\Proyectos\Mods_Minecraft\the_sundering\neoforge\26.2\src\main\java\com\skd\thesundering\client\model\entity\Netherite_Monstrosity_Model.java:201: error: cannot find symbol
        this.animate(entity.getAnimationState("sleep"), Netherite_Monstrosity_Animation.SLEEP, ageInTicks, 1.0f);
            ^
  symbol: method animate(AnimationState,AnimationDefinition,float,float)
G:\Proyectos\Mods_Minecraft\the_sundering\neoforge\26.2\src\main\java\com\skd\thesundering\client\model\entity\Netherite_Monstrosity_Model.java:202: error: cannot find symbol
        this.animate(entity.getAnimationState("awake"), Netherite_Monstrosity_Animation.AWAKE, ageInTicks, 1.0f);
            ^
  symbol: method animate(AnimationState,AnimationDefinition,float,float)
G:\Proyectos\Mods_Minecraft\the_sundering\neoforge\26.2\src\main\java\com\skd\thesundering\client\model\entity\Netherite_Monstrosity_Model.java:203: error: cannot find symbol
        this.animate(entity.getAnimationState("phase_two"), Netherite_Monstrosity_Animation.PHASE, ageInTicks, 1.0f);
            ^
  symbol: method animate(AnimationState,AnimationDefinition,float,float)
G:\Proyectos\Mods_Minecraft\the_sundering\neoforge\26.2\src\main\java\com\skd\thesundering\client\model\entity\Netherite_Monstrosity_Model.java:204: error: cannot find symbol
        this.animate(entity.getAnimationState("death"), Netherite_Monstrosity_Animation.DEATH, ageInTicks, 1.0f);
            ^
  symbol: method animate(AnimationState,AnimationDefinition,float,float)
G:\Proyectos\Mods_Minecraft\the_sundering\neoforge\26.2\src\main\java\com\skd\thesundering\client\model\entity\Netherite_Monstrosity_Model.java:205: error: cannot find symbol
        this.animate(entity.getAnimationState("fire"), Netherite_Monstrosity_Animation.FIRE, ageInTicks, 1.0f);
            ^
  symbol: method animate(AnimationState,AnimationDefinition,float,float)
G:\Proyectos\Mods_Minecraft\the_sundering\neoforge\26.2\src\main\java\com\skd\thesundering\client\model\entity\Netherite_Monstrosity_Model.java:206: error: cannot find symbol
        this.animate(entity.getAnimationState("drain"), Netherite_Monstrosity_Animation.DRAIN, ageInTicks, 1.0f);
            ^
  symbol: method animate(AnimationState,AnimationDefinition,float,float)
G:\Proyectos\Mods_Minecraft\the_sundering\neoforge\26.2\src\main\java\com\skd\thesundering\client\model\entity\Netherite_Monstrosity_Model.java:207: error: cannot find symbol
        this.animate(entity.getAnimationState("shoulder_check"), Netherite_Monstrosity_Animation.SHOULDER_CHECK, ageInTicks, 1.0f);
            ^
  symbol: method animate(AnimationState,AnimationDefinition,float,float)
G:\Proyectos\Mods_Minecraft\the_sundering\neoforge\26.2\src\main\java\com\skd\thesundering\client\model\entity\Netherite_Monstrosity_Model.java:208: error: cannot find symbol
        this.animate(entity.getAnimationState("overpower"), Netherite_Monstrosity_Animation.OVERPOWER, ageInTicks, 1.0f);
            ^
  symbol: method animate(AnimationState,AnimationDefinition,float,float)
G:\Proyectos\Mods_Minecraft\the_sundering\neoforge\26.2\src\main\java\com\skd\thesundering\client\model\entity\Netherite_Monstrosity_Model.java:209: error: cannot find symbol
        this.animate(entity.getAnimationState("flare_shot"), Netherite_Monstrosity_Animation.FLARE_SHOT, ageInTicks, 1.0f);
            ^
  symbol: method animate(AnimationState,AnimationDefinition,float,float)
G:\Proyectos\Mods_Minecraft\the_sundering\neoforge\26.2\src\main\java\com\skd\thesundering\client\model\entity\Netherite_Monstrosity_Model.java:218: error: children has private access in ModelPart
        for (Map.Entry entry : part.children.entrySet()) {
                                   ^
G:\Proyectos\Mods_Minecraft\the_sundering\neoforge\26.2\src\main\java\com\skd\thesundering\client\model\entity\Netherite_Monstrosity_Model.java:223: error: children has private access in ModelPart
            if (childPart.children.isEmpty()) continue;
                         ^
G:\Proyectos\Mods_Minecraft\the_sundering\neoforge\26.2\src\main\java\com\skd\thesundering\entity\InternalAnimationMonster\IABossMonsters\NewNetherite_Monstrosity\Netherite_Monstrosity_Entity.java:228: error: cannot find symbol
        this.setPathfindingMalus(PathType.DANGER_FIRE, 0.0f);
                                         ^
  symbol:   variable DANGER_FIRE
  location: class PathType
G:\Proyectos\Mods_Minecraft\the_sundering\neoforge\26.2\src\main\java\com\skd\thesundering\entity\InternalAnimationMonster\IABossMonsters\NewNetherite_Monstrosity\Netherite_Monstrosity_Entity.java:238: error: cannot find symbol
        this.targetSelector.addGoal(3, (Goal)new NearestAttackableTargetGoal((Mob)this, IronGolem.class, true));
                                                                                        ^
  symbol:   class IronGolem
  location: class Netherite_Monstrosity_Entity
G:\Proyectos\Mods_Minecraft\the_sundering\neoforge\26.2\src\main\java\com\skd\thesundering\entity\InternalAnimationMonster\IABossMonsters\NewNetherite_Monstrosity\Netherite_Monstrosity_Entity.java:239: error: cannot find symbol
        this.targetSelector.addGoal(3, (Goal)new NearestAttackableTargetGoal((Mob)this, AbstractVillager.class, true));
                                                                                        ^
  symbol:   class AbstractVillager
  location: class Netherite_Monstrosity_Entity
G:\Proyectos\Mods_Minecraft\the_sundering\neoforge\26.2\src\main\java\com\skd\thesundering\entity\InternalAnimationMonster\IABossMonsters\NewNetherite_Monstrosity\Netherite_Monstrosity_Entity.java:240: error: constructor InternalMoveGoal in class InternalMoveGoal cannot be applied to given types;
        this.goalSelector.addGoal(5, (Goal)new InternalMoveGoal(this, this, false, 1.0){
                                           ^
  required: Internal_Animation_Monster,boolean,double
  found:    Netherite_Monstrosity_Entity,Netherite_Monstrosity_Entity,boolean,double
  reason: actual and formal argument lists differ in length
G:\Proyectos\Mods_Minecraft\the_sundering\neoforge\26.2\src\main\java\com\skd\thesundering\entity\InternalAnimationMonster\AI\InternalMoveGoal.java:66: error: cannot find symbol
        if (!this.monster.isWithinRestriction(target.blockPosition())) {
                         ^
  symbol:   method isWithinRestriction(BlockPos)
  location: variable monster of type Internal_Animation_Monster
G:\Proyectos\Mods_Minecraft\the_sundering\neoforge\26.2\src\main\java\com\skd\thesundering\entity\InternalAnimationMonster\IABossMonsters\NewNetherite_Monstrosity\Netherite_Monstrosity_Entity.java:305: error: hurt(DamageSource,float) in Netherite_Monstrosity_Entity cannot override hurt(DamageSource,float) in Entity
    public boolean hurt(DamageSource source, float damage) {
                   ^
  overridden method is final
G:\Proyectos\Mods_Minecraft\the_sundering\neoforge\26.2\src\main\java\com\skd\thesundering\entity\InternalAnimationMonster\IABossMonsters\NewNetherite_Monstrosity\Netherite_Monstrosity_Entity.java:311: error: cannot find symbol
        if (entity instanceof AbstractGolem) {
                              ^
  symbol:   class AbstractGolem
  location: class Netherite_Monstrosity_Entity
G:\Proyectos\Mods_Minecraft\the_sundering\neoforge\26.2\src\main\java\com\skd\thesundering\entity\InternalAnimationMonster\IABossMonsters\NewNetherite_Monstrosity\Netherite_Monstrosity_Entity.java:400: error: method define in class Builder cannot be applied to given types;
        p_326229_.define(IS_BERSERK, (Object)false);
                 ^
  required: EntityDataAccessor<T>,T
  found:    EntityDataAccessor<Boolean>,Object
  reason: inference variable T has incompatible bounds
    equality constraints: Boolean
    lower bounds: Object
  where T is a type-variable:
    T extends Object declared in method <T>define(EntityDataAccessor<T>,T)
G:\Proyectos\Mods_Minecraft\the_sundering\neoforge\26.2\src\main\java\com\skd\thesundering\entity\InternalAnimationMonster\IABossMonsters\NewNetherite_Monstrosity\Netherite_Monstrosity_Entity.java:401: error: method define in class Builder cannot be applied to given types;
        p_326229_.define(IS_AWAKEN, (Object)false);
                 ^
  required: EntityDataAccessor<T>,T
  found:    EntityDataAccessor<Boolean>,Object
  reason: inference variable T has incompatible bounds
    equality constraints: Boolean
    lower bounds: Object
  where T is a type-variable:
    T extends Object declared in method <T>define(EntityDataAccessor<T>,T)
G:\Proyectos\Mods_Minecraft\the_sundering\neoforge\26.2\src\main\java\com\skd\thesundering\entity\InternalAnimationMonster\IABossMonsters\NewNetherite_Monstrosity\Netherite_Monstrosity_Entity.java:402: error: method define in class Builder cannot be applied to given types;
        p_326229_.define(MAGAZINE, (Object)0);
                 ^
  required: EntityDataAccessor<T>,T
  found:    EntityDataAccessor<Integer>,Object
  reason: inference variable T has incompatible bounds
    equality constraints: Integer
    lower bounds: Object
  where T is a type-variable:
    T extends Object declared in method <T>define(EntityDataAccessor<T>,T)
G:\Proyectos\Mods_Minecraft\the_sundering\neoforge\26.2\src\main\java\com\skd\thesundering\entity\InternalAnimationMonster\IABossMonsters\NewNetherite_Monstrosity\Netherite_Monstrosity_Entity.java:414: error: no suitable method found for set(EntityDataAccessor<Boolean>,Object)
        this.entityData.set(IS_BERSERK, (Object)isBerserk);
                       ^
    method SynchedEntityData.<T#1>set(EntityDataAccessor<T#1>,T#1) is not applicable
      (inference variable T#1 has incompatible bounds
        equality constraints: Boolean
        lower bounds: Object)
    method SynchedEntityData.<T#2>set(EntityDataAccessor<T#2>,T#2,boolean) is not applicable
      (cannot infer type-variable(s) T#2
        (actual and formal argument lists differ in length))
  where T#1,T#2 are type-variables:
    T#1 extends Object declared in method <T#1>set(EntityDataAccessor<T#1>,T#1)
    T#2 extends Object declared in method <T#2>set(EntityDataAccessor<T#2>,T#2,boolean)
G:\Proyectos\Mods_Minecraft\the_sundering\neoforge\26.2\src\main\java\com\skd\thesundering\entity\InternalAnimationMonster\IABossMonsters\NewNetherite_Monstrosity\Netherite_Monstrosity_Entity.java:430: error: no suitable method found for set(EntityDataAccessor<Boolean>,Object)
        this.entityData.set(IS_AWAKEN, (Object)isAwaken);
                       ^
    method SynchedEntityData.<T#1>set(EntityDataAccessor<T#1>,T#1) is not applicable
      (inference variable T#1 has incompatible bounds
        equality constraints: Boolean
        lower bounds: Object)
    method SynchedEntityData.<T#2>set(EntityDataAccessor<T#2>,T#2,boolean) is not applicable
      (cannot infer type-variable(s) T#2
        (actual and formal argument lists differ in length))
  where T#1,T#2 are type-variables:
    T#1 extends Object declared in method <T#1>set(EntityDataAccessor<T#1>,T#1)
    T#2 extends Object declared in method <T#2>set(EntityDataAccessor<T#2>,T#2,boolean)
G:\Proyectos\Mods_Minecraft\the_sundering\neoforge\26.2\src\main\java\com\skd\thesundering\entity\InternalAnimationMonster\IABossMonsters\NewNetherite_Monstrosity\Netherite_Monstrosity_Entity.java:442: error: no suitable method found for set(EntityDataAccessor<Integer>,Object)
        this.entityData.set(MAGAZINE, (Object)isAwaken);
                       ^
    method SynchedEntityData.<T#1>set(EntityDataAccessor<T#1>,T#1) is not applicable
      (inference variable T#1 has incompatible bounds
        equality constraints: Integer
        lower bounds: Object)
    method SynchedEntityData.<T#2>set(EntityDataAccessor<T#2>,T#2,boolean) is not applicable
      (cannot infer type-variable(s) T#2
        (actual and formal argument lists differ in length))
  where T#1,T#2 are type-variables:
    T#1 extends Object declared in method <T#1>set(EntityDataAccessor<T#1>,T#1)
    T#2 extends Object declared in method <T#2>set(EntityDataAccessor<T#2>,T#2,boolean)
G:\Proyectos\Mods_Minecraft\the_sundering\neoforge\26.2\src\main\java\com\skd\thesundering\entity\InternalAnimationMonster\IABossMonsters\NewNetherite_Monstrosity\Netherite_Monstrosity_Entity.java:569: error: incompatible types: Optional<Boolean> cannot be converted to boolean
        this.setIsBerserk(compound.getBoolean("is_Berserk"));
                                             ^
G:\Proyectos\Mods_Minecraft\the_sundering\neoforge\26.2\src\main\java\com\skd\thesundering\entity\InternalAnimationMonster\IABossMonsters\NewNetherite_Monstrosity\Netherite_Monstrosity_Entity.java:570: error: incompatible types: Optional<Boolean> cannot be converted to boolean
        this.setIsAwaken(compound.getBoolean("is_Awaken"));
                                            ^
G:\Proyectos\Mods_Minecraft\the_sundering\neoforge\26.2\src\main\java\com\skd\thesundering\entity\InternalAnimationMonster\IABossMonsters\NewNetherite_Monstrosity\Netherite_Monstrosity_Entity.java:571: error: incompatible types: Optional<Integer> cannot be converted to int
        this.setMagazine(compound.getInt("Magazine"));
                                        ^
G:\Proyectos\Mods_Minecraft\the_sundering\neoforge\26.2\src\main\java\com\skd\thesundering\entity\InternalAnimationMonster\IABossMonsters\NewNetherite_Monstrosity\Netherite_Monstrosity_Entity.java:579: error: cannot find symbol
        if (this.isInLava() && (lvt_1_1_ = CollisionContext.of((Entity)this)).isAbove(LiquidBlock.STABLE_SHAPE, this.blockPosition().below(), true) && !this.level().getFluidState(this.blockPosition().above()).is(FluidTags.LAVA)) {
                                                                                                 ^
  symbol:   variable STABLE_SHAPE
  location: class LiquidBlock
G:\Proyectos\Mods_Minecraft\the_sundering\neoforge\26.2\src\main\java\com\skd\thesundering\entity\InternalAnimationMonster\IABossMonsters\NewNetherite_Monstrosity\Netherite_Monstrosity_Entity.java:584: error: isAlliedTo(Entity) in Netherite_Monstrosity_Entity cannot override isAlliedTo(@org.jspecify.annotations.Nullable Entity) in Entity
    public boolean isAlliedTo(Entity entityIn) {
                   ^
  overridden method is final
G:\Proyectos\Mods_Minecraft\the_sundering\neoforge\26.2\src\main\java\com\skd\thesundering\entity\InternalAnimationMonster\IABossMonsters\NewNetherite_Monstrosity\Netherite_Monstrosity_Entity.java:591: error: cannot find symbol
        if (entityIn.getType().is(ModTag.TEAM_MONSTROSITY)) {
                              ^
  symbol:   method is(TagKey<EntityType<?>>)
  location: class EntityType<CAP#1>
  where CAP#1 is a fresh type-variable:
    CAP#1 extends Entity from capture of ?
G:\Proyectos\Mods_Minecraft\the_sundering\neoforge\26.2\src\main\java\com\skd\thesundering\entity\InternalAnimationMonster\IABossMonsters\NewNetherite_Monstrosity\Netherite_Monstrosity_Entity.java:682: error: cannot find symbol
        if (spawnType == MobSpawnType.COMMAND || spawnType == MobSpawnType.SPAWN_EGG || MobSpawnType.isSpawner((MobSpawnType)spawnType) || spawnType == MobSpawnType.DISPENSER) {
                         ^
  symbol:   variable MobSpawnType
  location: class Netherite_Monstrosity_Entity
G:\Proyectos\Mods_Minecraft\the_sundering\neoforge\26.2\src\main\java\com\skd\thesundering\entity\InternalAnimationMonster\IABossMonsters\NewNetherite_Monstrosity\Netherite_Monstrosity_Entity.java:682: error: cannot find symbol
        if (spawnType == MobSpawnType.COMMAND || spawnType == MobSpawnType.SPAWN_EGG || MobSpawnType.isSpawner((MobSpawnType)spawnType) || spawnType == MobSpawnType.DISPENSER) {
                                                              ^
  symbol:   variable MobSpawnType
  location: class Netherite_Monstrosity_Entity
G:\Proyectos\Mods_Minecraft\the_sundering\neoforge\26.2\src\main\java\com\skd\thesundering\entity\InternalAnimationMonster\IABossMonsters\NewNetherite_Monstrosity\Netherite_Monstrosity_Entity.java:682: error: cannot find symbol
        if (spawnType == MobSpawnType.COMMAND || spawnType == MobSpawnType.SPAWN_EGG || MobSpawnType.isSpawner((MobSpawnType)spawnType) || spawnType == MobSpawnType.DISPENSER) {
                                                                                                                ^
  symbol:   class MobSpawnType
  location: class Netherite_Monstrosity_Entity
G:\Proyectos\Mods_Minecraft\the_sundering\neoforge\26.2\src\main\java\com\skd\thesundering\entity\InternalAnimationMonster\IABossMonsters\NewNetherite_Monstrosity\Netherite_Monstrosity_Entity.java:682: error: cannot find symbol
        if (spawnType == MobSpawnType.COMMAND || spawnType == MobSpawnType.SPAWN_EGG || MobSpawnType.isSpawner((MobSpawnType)spawnType) || spawnType == MobSpawnType.DISPENSER) {
                                                                                        ^
  symbol:   variable MobSpawnType
  location: class Netherite_Monstrosity_Entity
G:\Proyectos\Mods_Minecraft\the_sundering\neoforge\26.2\src\main\java\com\skd\thesundering\entity\InternalAnimationMonster\IABossMonsters\NewNetherite_Monstrosity\Netherite_Monstrosity_Entity.java:682: error: cannot find symbol
        if (spawnType == MobSpawnType.COMMAND || spawnType == MobSpawnType.SPAWN_EGG || MobSpawnType.isSpawner((MobSpawnType)spawnType) || spawnType == MobSpawnType.DISPENSER) {
                                                                                                                                                        ^
  symbol:   variable MobSpawnType
  location: class Netherite_Monstrosity_Entity
G:\Proyectos\Mods_Minecraft\the_sundering\neoforge\26.2\src\main\java\com\skd\thesundering\entity\InternalAnimationMonster\IABossMonsters\NewNetherite_Monstrosity\Netherite_Monstrosity_Entity.java:752: error: incompatible types: Level cannot be converted to ServerLevel
                } else if (EventHooks.canEntityGrief((Level)this.level(), (Entity)this)) {
                                                     ^
G:\Proyectos\Mods_Minecraft\the_sundering\neoforge\26.2\src\main\java\com\skd\thesundering\entity\InternalAnimationMonster\IABossMonsters\NewNetherite_Monstrosity\Netherite_Monstrosity_Entity.java:762: error: incompatible types: void cannot be converted to boolean
                    if (this.isAlliedTo((Entity)Lentity) || Lentity instanceof Netherite_Monstrosity_Entity || Lentity == this || !(flag = Lentity.hurt(damagesource, (float)this.getAttributeValue(Attributes.ATTACK_DAMAGE) * 0.4f))) continue;
                                                                                                                                                       ^
G:\Proyectos\Mods_Minecraft\the_sundering\neoforge\26.2\src\main\java\com\skd\thesundering\entity\InternalAnimationMonster\IABossMonsters\NewNetherite_Monstrosity\Netherite_Monstrosity_Entity.java:951: error: incompatible types: Object cannot be converted to LivingEntity
            for (LivingEntity entity : hit) {
                                       ^
G:\Proyectos\Mods_Minecraft\the_sundering\neoforge\26.2\src\main\java\com\skd\thesundering\entity\InternalAnimationMonster\IABossMonsters\NewNetherite_Monstrosity\Netherite_Monstrosity_Entity.java:953: error: incompatible types: void cannot be converted to boolean
                boolean flag = entity.hurt(damagesource, (float)(this.getAttributeValue(Attributes.ATTACK_DAMAGE) * (double)damage));
                                          ^
G:\Proyectos\Mods_Minecraft\the_sundering\neoforge\26.2\src\main\java\com\skd\thesundering\entity\InternalAnimationMonster\IABossMonsters\NewNetherite_Monstrosity\Netherite_Monstrosity_Entity.java:954: error: cannot find symbol
                if (entity.isDamageSourceBlocked(damagesource) && entity instanceof Player) {
                          ^
  symbol:   method isDamageSourceBlocked(DamageSource)
  location: variable entity of type LivingEntity
G:\Proyectos\Mods_Minecraft\the_sundering\neoforge\26.2\src\main\java\com\skd\thesundering\entity\InternalAnimationMonster\IABossMonsters\NewNetherite_Monstrosity\Netherite_Monstrosity_Entity.java:1003: error: incompatible types: void cannot be converted to boolean
                boolean flag = entity.hurt(damagesource, (float)((double)((float)this.getAttributeValue(Attributes.ATTACK_DAMAGE)) + Math.min(this.getAttributeValue(Attributes.ATTACK_DAMAGE), (double)(entity.getMaxHealth() * (float)CMCommonConfig.NetheriteMonstrosity.SmashHpdamage))));
                                          ^
G:\Proyectos\Mods_Minecraft\the_sundering\neoforge\26.2\src\main\java\com\skd\thesundering\entity\InternalAnimationMonster\IABossMonsters\NewNetherite_Monstrosity\Netherite_Monstrosity_Entity.java:1004: error: cannot find symbol
                if (entity.isDamageSourceBlocked(damagesource) && entity instanceof Player) {
                          ^
  symbol:   method isDamageSourceBlocked(DamageSource)
  location: variable entity of type LivingEntity
G:\Proyectos\Mods_Minecraft\the_sundering\neoforge\26.2\src\main\java\com\skd\thesundering\entity\InternalAnimationMonster\IABossMonsters\NewNetherite_Monstrosity\Netherite_Monstrosity_Entity.java:1095: error: incompatible types: Level cannot be converted to ServerLevel
        if (!this.level().isClientSide() && EventHooks.canEntityGrief((Level)this.level(), (Entity)this)) {
                                                                      ^
G:\Proyectos\Mods_Minecraft\the_sundering\neoforge\26.2\src\main\java\com\skd\thesundering\entity\InternalAnimationMonster\IABossMonsters\NewNetherite_Monstrosity\Netherite_Monstrosity_Entity.java:1122: error: incompatible types: Level cannot be converted to ServerLevel
        if (!this.isNoAi() && !this.level().isClientSide() && this.blockBreakCounter == 0 && EventHooks.canEntityGrief((Level)this.level(), (Entity)this)) {
                                                                                                                       ^
G:\Proyectos\Mods_Minecraft\the_sundering\neoforge\26.2\src\main\java\com\skd\thesundering\entity\InternalAnimationMonster\IABossMonsters\NewNetherite_Monstrosity\Netherite_Monstrosity_Entity.java:1151: error: isAffectedByFluids() in Netherite_Monstrosity_Entity cannot override isAffectedByFluids() in LivingEntity
    protected boolean isAffectedByFluids() {
                      ^
  attempting to assign weaker access privileges; was public
G:\Proyectos\Mods_Minecraft\the_sundering\neoforge\26.2\src\main\java\com\skd\thesundering\entity\InternalAnimationMonster\IABossMonsters\NewNetherite_Monstrosity\Netherite_Monstrosity_Entity.java:1160: error: no suitable method found for spawnAtLocation(ItemStack,float)
        ItemEntity itementity = this.spawnAtLocation(stack, 0.0f);
                                    ^
    method Entity.spawnAtLocation(ServerLevel,ItemLike) is not applicable
      (argument mismatch; ItemStack cannot be converted to ServerLevel)
    method Entity.spawnAtLocation(ServerLevel,ItemStack) is not applicable
      (argument mismatch; ItemStack cannot be converted to ServerLevel)
G:\Proyectos\Mods_Minecraft\the_sundering\neoforge\26.2\src\main\java\com\skd\thesundering\entity\partentity\Cm_Part_Entity.java:86: error: cannot find symbol
        this.moveTo(this.getX(), this.getY(), this.getZ());
            ^
  symbol: method moveTo(double,double,double)
G:\Proyectos\Mods_Minecraft\the_sundering\neoforge\26.2\src\main\java\com\skd\thesundering\entity\InternalAnimationMonster\IABossMonsters\NewNetherite_Monstrosity\Netherite_Monstrosity_Part.java:25: error: Netherite_Monstrosity_Part is not abstract and does not override abstract method addAdditionalSaveData(ValueOutput) in Entity
public class Netherite_Monstrosity_Part
       ^
G:\Proyectos\Mods_Minecraft\the_sundering\neoforge\26.2\src\main\java\com\skd\thesundering\entity\InternalAnimationMonster\IABossMonsters\NewNetherite_Monstrosity\Netherite_Monstrosity_Part.java:58: error: hurt(DamageSource,float) in Netherite_Monstrosity_Part cannot override hurt(DamageSource,float) in Entity
    public boolean hurt(DamageSource source, float amount) {
                   ^
  overridden method is final
G:\Proyectos\Mods_Minecraft\the_sundering\neoforge\26.2\src\main\java\com\skd\thesundering\entity\InternalAnimationMonster\IABossMonsters\NewNetherite_Monstrosity\Netherite_Monstrosity_Part.java:59: error: cannot find symbol
        return this.isInvulnerableTo(source) ? false : this.parentMob.hurtParts(this, source, amount);
                   ^
  symbol: method isInvulnerableTo(DamageSource)
G:\Proyectos\Mods_Minecraft\the_sundering\neoforge\26.2\src\main\java\com\skd\thesundering\client\model\entity\Phantom_Halberd_Model.java:82: error: incompatible types: inference variable E has incompatible bounds
        return ImmutableList.of((Object)this.root, (Object)this.mid_root, (Object)this.halberd, (Object)this.halberd2, (Object)this.cube_r1, (Object)this.cube_r2, (Object)this.cube_r3);
                               ^
    equality constraints: AdvancedModelBox
    lower bounds: Object
  where E is a type-variable:
    E extends Object declared in method <E>of(E,E,E,E,E,E,E)
G:\Proyectos\Mods_Minecraft\the_sundering\neoforge\26.2\src\main\java\com\skd\thesundering\entity\projectile\Phantom_Halberd_Entity.java:48: error: Phantom_Halberd_Entity is not abstract and does not override abstract method addAdditionalSaveData(ValueOutput) in Entity
public class Phantom_Halberd_Entity
       ^
G:\Proyectos\Mods_Minecraft\the_sundering\neoforge\26.2\src\main\java\com\skd\thesundering\entity\projectile\Phantom_Halberd_Entity.java:77: error: method define in class Builder cannot be applied to given types;
        p_326229_.define(STATE, (Object)0);
                 ^
  required: EntityDataAccessor<T>,T
  found:    EntityDataAccessor<Integer>,Object
  reason: inference variable T has incompatible bounds
    equality constraints: Integer
    lower bounds: Object
  where T is a type-variable:
    T extends Object declared in method <T>define(EntityDataAccessor<T>,T)
G:\Proyectos\Mods_Minecraft\the_sundering\neoforge\26.2\src\main\java\com\skd\thesundering\entity\projectile\Phantom_Halberd_Entity.java:78: error: method define in class Builder cannot be applied to given types;
        p_326229_.define(DAMAGE, (Object)Float.valueOf(0.0f));
                 ^
  required: EntityDataAccessor<T>,T
  found:    EntityDataAccessor<Float>,Object
  reason: inference variable T has incompatible bounds
    equality constraints: Float
    lower bounds: Object
  where T is a type-variable:
    T extends Object declared in method <T>define(EntityDataAccessor<T>,T)
G:\Proyectos\Mods_Minecraft\the_sundering\neoforge\26.2\src\main\java\com\skd\thesundering\entity\projectile\Phantom_Halberd_Entity.java:140: error: no suitable method found for set(EntityDataAccessor<Integer>,Object)
        this.entityData.set(STATE, (Object)state);
                       ^
    method SynchedEntityData.<T#1>set(EntityDataAccessor<T#1>,T#1) is not applicable
      (inference variable T#1 has incompatible bounds
        equality constraints: Integer
        lower bounds: Object)
    method SynchedEntityData.<T#2>set(EntityDataAccessor<T#2>,T#2,boolean) is not applicable
      (cannot infer type-variable(s) T#2
        (actual and formal argument lists differ in length))
  where T#1,T#2 are type-variables:
    T#1 extends Object declared in method <T#1>set(EntityDataAccessor<T#1>,T#1)
    T#2 extends Object declared in method <T#2>set(EntityDataAccessor<T#2>,T#2,boolean)
G:\Proyectos\Mods_Minecraft\the_sundering\neoforge\26.2\src\main\java\com\skd\thesundering\entity\projectile\Phantom_Halberd_Entity.java:148: error: no suitable method found for set(EntityDataAccessor<Float>,Object)
        this.entityData.set(DAMAGE, (Object)Float.valueOf(damage));
                       ^
    method SynchedEntityData.<T#1>set(EntityDataAccessor<T#1>,T#1) is not applicable
      (inference variable T#1 has incompatible bounds
        equality constraints: Float
        lower bounds: Object)
    method SynchedEntityData.<T#2>set(EntityDataAccessor<T#2>,T#2,boolean) is not applicable
      (cannot infer type-variable(s) T#2
        (actual and formal argument lists differ in length))
  where T#1,T#2 are type-variables:
    T#1 extends Object declared in method <T#1>set(EntityDataAccessor<T#1>,T#1)
    T#2 extends Object declared in method <T#2>set(EntityDataAccessor<T#2>,T#2,boolean)
G:\Proyectos\Mods_Minecraft\the_sundering\neoforge\26.2\src\main\java\com\skd\thesundering\entity\projectile\Phantom_Halberd_Entity.java:166: error: incompatible types: Optional<Integer> cannot be converted to int
        this.warmupDelayTicks = compound.getInt("Warmup");
                                               ^
G:\Proyectos\Mods_Minecraft\the_sundering\neoforge\26.2\src\main\java\com\skd\thesundering\entity\projectile\Phantom_Halberd_Entity.java:167: error: cannot find symbol
        if (compound.hasUUID("Owner")) {
                    ^
  symbol:   method hasUUID(String)
  location: variable compound of type CompoundTag
G:\Proyectos\Mods_Minecraft\the_sundering\neoforge\26.2\src\main\java\com\skd\thesundering\entity\projectile\Phantom_Halberd_Entity.java:168: error: cannot find symbol
            this.casterUuid = compound.getUUID("Owner");
                                      ^
  symbol:   method getUUID(String)
  location: variable compound of type CompoundTag
G:\Proyectos\Mods_Minecraft\the_sundering\neoforge\26.2\src\main\java\com\skd\thesundering\entity\projectile\Phantom_Halberd_Entity.java:175: error: cannot find symbol
            compound.putUUID("Owner", this.casterUuid);
                    ^
  symbol:   method putUUID(String,UUID)
  location: variable compound of type CompoundTag
G:\Proyectos\Mods_Minecraft\the_sundering\neoforge\26.2\src\main\java\com\skd\thesundering\client\model\entity\Royal_Draugr_Model.java:41: error: Royal_Draugr_Model is not abstract and does not override abstract method translateToHand(EntityRenderState,HumanoidArm,PoseStack) in ArmedModel
public class Royal_Draugr_Model
       ^
G:\Proyectos\Mods_Minecraft\the_sundering\neoforge\26.2\src\main\java\com\skd\thesundering\client\model\entity\Royal_Draugr_Model.java:99: error: cannot find symbol
        this.animateWalk(Draugar_Animation.WALK, limbSwing, limbSwingAmount, 2.0f, 2.0f);
            ^
  symbol: method animateWalk(AnimationDefinition,float,float,float,float)
G:\Proyectos\Mods_Minecraft\the_sundering\neoforge\26.2\src\main\java\com\skd\thesundering\client\model\entity\Royal_Draugr_Model.java:100: error: cannot find symbol
        this.animate(entity.getAnimationState("idle"), Draugar_Animation.IDLE, ageInTicks, 1.0f);
            ^
  symbol: method animate(AnimationState,AnimationDefinition,float,float)
G:\Proyectos\Mods_Minecraft\the_sundering\neoforge\26.2\src\main\java\com\skd\thesundering\client\model\entity\Royal_Draugr_Model.java:101: error: cannot find symbol
        this.animate(entity.getAnimationState("attack"), Draugar_Animation.ATTACK, ageInTicks, 1.0f);
            ^
  symbol: method animate(AnimationState,AnimationDefinition,float,float)
G:\Proyectos\Mods_Minecraft\the_sundering\neoforge\26.2\src\main\java\com\skd\thesundering\client\model\entity\Royal_Draugr_Model.java:102: error: cannot find symbol
        this.animate(entity.getAnimationState("attack2"), Draugar_Animation.ATTACK2, ageInTicks, 1.0f);
            ^
  symbol: method animate(AnimationState,AnimationDefinition,float,float)
G:\Proyectos\Mods_Minecraft\the_sundering\neoforge\26.2\src\main\java\com\skd\thesundering\client\model\entity\Royal_Draugr_Model.java:135: error: children has private access in ModelPart
        for (Map.Entry entry : part.children.entrySet()) {
                                   ^
G:\Proyectos\Mods_Minecraft\the_sundering\neoforge\26.2\src\main\java\com\skd\thesundering\client\model\entity\Royal_Draugr_Model.java:140: error: children has private access in ModelPart
            if (childPart.children.isEmpty()) continue;
                         ^
G:\Proyectos\Mods_Minecraft\the_sundering\neoforge\26.2\src\main\java\com\skd\thesundering\entity\InternalAnimationMonster\Draugar\Royal_Draugr_Entity.java:124: error: cannot find symbol
        this.targetSelector.addGoal(3, (Goal)new NearestAttackableTargetGoal((Mob)this, IronGolem.class, false));
                                                                                        ^
  symbol:   class IronGolem
  location: class Royal_Draugr_Entity
G:\Proyectos\Mods_Minecraft\the_sundering\neoforge\26.2\src\main\java\com\skd\thesundering\entity\InternalAnimationMonster\Draugar\Royal_Draugr_Entity.java:125: error: cannot find symbol
        this.targetSelector.addGoal(3, (Goal)new NearestAttackableTargetGoal((Mob)this, SnowGolem.class, false));
                                                                                        ^
  symbol:   class SnowGolem
  location: class Royal_Draugr_Entity
G:\Proyectos\Mods_Minecraft\the_sundering\neoforge\26.2\src\main\java\com\skd\thesundering\entity\InternalAnimationMonster\Draugar\Royal_Draugr_Entity.java:126: error: cannot find symbol
        this.targetSelector.addGoal(3, (Goal)new NearestAttackableTargetGoal((Mob)this, AbstractVillager.class, false));
                                                                                        ^
  symbol:   class AbstractVillager
  location: class Royal_Draugr_Entity
G:\Proyectos\Mods_Minecraft\the_sundering\neoforge\26.2\src\main\java\com\skd\thesundering\entity\InternalAnimationMonster\Draugar\Royal_Draugr_Entity.java:134: error: method getAttackBoundingBox in class Mob cannot be applied to given types;
        AABB aabb = super.getAttackBoundingBox();
                         ^
  required: double
  found:    no arguments
  reason: actual and formal argument lists differ in length
G:\Proyectos\Mods_Minecraft\the_sundering\neoforge\26.2\src\main\java\com\skd\thesundering\entity\InternalAnimationMonster\Draugar\Royal_Draugr_Entity.java:151: error: hurt(DamageSource,float) in Royal_Draugr_Entity cannot override hurt(DamageSource,float) in Entity
    public boolean hurt(DamageSource source, float damage) {
                   ^
  overridden method is final
G:\Proyectos\Mods_Minecraft\the_sundering\neoforge\26.2\src\main\java\com\skd\thesundering\entity\InternalAnimationMonster\Draugar\Royal_Draugr_Entity.java:158: error: random has protected access in Level
            this.playSound(SoundEvents.SHIELD_BLOCK, 1.0f, 0.8f + this.level().random.nextFloat() * 0.4f);
                                                                              ^
G:\Proyectos\Mods_Minecraft\the_sundering\neoforge\26.2\src\main\java\com\skd\thesundering\entity\InternalAnimationMonster\Draugar\Royal_Draugr_Entity.java:158: error: incompatible types: Reference<SoundEvent> cannot be converted to SoundEvent
            this.playSound(SoundEvents.SHIELD_BLOCK, 1.0f, 0.8f + this.level().random.nextFloat() * 0.4f);
                                      ^
G:\Proyectos\Mods_Minecraft\the_sundering\neoforge\26.2\src\main\java\com\skd\thesundering\entity\InternalAnimationMonster\Draugar\Royal_Draugr_Entity.java:161: error: incompatible types: void cannot be converted to boolean
        return super.hurt(source, damage);
                         ^
G:\Proyectos\Mods_Minecraft\the_sundering\neoforge\26.2\src\main\java\com\skd\thesundering\entity\InternalAnimationMonster\Draugar\Royal_Draugr_Entity.java:188: error: random has protected access in Level
        this.playSound(SoundEvents.SHIELD_BREAK, 0.8f, 0.8f + this.level().random.nextFloat() * 0.4f);
                                                                          ^
G:\Proyectos\Mods_Minecraft\the_sundering\neoforge\26.2\src\main\java\com\skd\thesundering\entity\InternalAnimationMonster\Draugar\Royal_Draugr_Entity.java:188: error: incompatible types: Reference<SoundEvent> cannot be converted to SoundEvent
        this.playSound(SoundEvents.SHIELD_BREAK, 0.8f, 0.8f + this.level().random.nextFloat() * 0.4f);
                                  ^
G:\Proyectos\Mods_Minecraft\the_sundering\neoforge\26.2\src\main\java\com\skd\thesundering\entity\InternalAnimationMonster\Draugar\Royal_Draugr_Entity.java:192: error: cannot find symbol
        if (this.useItem.canPerformAction(ItemAbilities.SHIELD_BLOCK) && p_36383_ >= 3.0f) {
                                                       ^
  symbol:   variable SHIELD_BLOCK
  location: class ItemAbilities
G:\Proyectos\Mods_Minecraft\the_sundering\neoforge\26.2\src\main\java\com\skd\thesundering\entity\InternalAnimationMonster\Draugar\Royal_Draugr_Entity.java:200: error: cannot find symbol
                        this.onEquippedItemBroken((Item)item, Royal_Draugr_Entity.getSlotForHand((InteractionHand)interactionhand));
                                                                                 ^
  symbol:   method getSlotForHand(InteractionHand)
  location: class Royal_Draugr_Entity
G:\Proyectos\Mods_Minecraft\the_sundering\neoforge\26.2\src\main\java\com\skd\thesundering\entity\InternalAnimationMonster\Draugar\Royal_Draugr_Entity.java:213: error: random has protected access in Level
                this.playSound(SoundEvents.SHIELD_BREAK, 0.8f, 0.8f + this.level().random.nextFloat() * 0.4f);
                                                                                  ^
G:\Proyectos\Mods_Minecraft\the_sundering\neoforge\26.2\src\main\java\com\skd\thesundering\entity\InternalAnimationMonster\Draugar\Royal_Draugr_Entity.java:213: error: incompatible types: Reference<SoundEvent> cannot be converted to SoundEvent
                this.playSound(SoundEvents.SHIELD_BREAK, 0.8f, 0.8f + this.level().random.nextFloat() * 0.4f);
                                          ^
G:\Proyectos\Mods_Minecraft\the_sundering\neoforge\26.2\src\main\java\com\skd\thesundering\entity\InternalAnimationMonster\Draugar\Royal_Draugr_Entity.java:223: error: cannot find symbol
        super.blockUsingShield(p_36295_);
             ^
  symbol: method blockUsingShield(LivingEntity)
G:\Proyectos\Mods_Minecraft\the_sundering\neoforge\26.2\src\main\java\com\skd\thesundering\entity\InternalAnimationMonster\Draugar\Royal_Draugr_Entity.java:224: error: cannot find symbol
        if (p_36295_.getMainHandItem().canDisableShield(this.useItem, (LivingEntity)this, p_36295_)) {
                                      ^
  symbol:   method canDisableShield(ItemStack,LivingEntity,LivingEntity)
  location: class ItemStack
G:\Proyectos\Mods_Minecraft\the_sundering\neoforge\26.2\src\main\java\com\skd\thesundering\entity\InternalAnimationMonster\Draugar\Royal_Draugr_Entity.java:232: error: cannot find symbol
            return !this.useItem.canPerformAction(ItemAbilities.SHIELD_BLOCK) ? false : item.getUseDuration(this.useItem, (LivingEntity)this) - this.useItemRemaining >= 5;
                                                               ^
  symbol:   variable SHIELD_BLOCK
  location: class ItemAbilities
G:\Proyectos\Mods_Minecraft\the_sundering\neoforge\26.2\src\main\java\com\skd\thesundering\entity\InternalAnimationMonster\Draugar\Royal_Draugr_Entity.java:281: error: method doHurtTarget in class Mob cannot be applied to given types;
        return super.doHurtTarget(p_219472_);
                    ^
  required: ServerLevel,Entity
  found:    Entity
  reason: actual and formal argument lists differ in length
G:\Proyectos\Mods_Minecraft\the_sundering\neoforge\26.2\src\main\java\com\skd\thesundering\entity\InternalAnimationMonster\Draugar\Royal_Draugr_Entity.java:288: error: cannot find symbol
        if (entity instanceof Creeper && (creeper = (Creeper)entity).canDropMobsSkull()) {
                                                                    ^
  symbol:   method canDropMobsSkull()
  location: class Creeper
G:\Proyectos\Mods_Minecraft\the_sundering\neoforge\26.2\src\main\java\com\skd\thesundering\entity\InternalAnimationMonster\Draugar\Royal_Draugr_Entity.java:290: error: cannot find symbol
            creeper.increaseDroppedSkulls();
                   ^
  symbol:   method increaseDroppedSkulls()
  location: variable creeper of type Creeper
G:\Proyectos\Mods_Minecraft\the_sundering\neoforge\26.2\src\main\java\com\skd\thesundering\entity\InternalAnimationMonster\Draugar\Royal_Draugr_Entity.java:291: error: no suitable method found for spawnAtLocation(ItemStack)
            this.spawnAtLocation(itemstack);
                ^
    method Entity.spawnAtLocation(ServerLevel,ItemLike) is not applicable
      (actual and formal argument lists differ in length)
    method Entity.spawnAtLocation(ServerLevel,ItemStack) is not applicable
      (actual and formal argument lists differ in length)
    method Entity.spawnAtLocation(ServerLevel,ItemStack,Vec3) is not applicable
      (actual and formal argument lists differ in length)
    method Entity.spawnAtLocation(ServerLevel,ItemStack,float) is not applicable
      (actual and formal argument lists differ in length)
G:\Proyectos\Mods_Minecraft\the_sundering\neoforge\26.2\src\main\java\com\skd\thesundering\entity\InternalAnimationMonster\Draugar\Royal_Draugr_Entity.java:318: error: incompatible types: CompoundTag cannot be converted to ValueOutput
        super.addAdditionalSaveData(compound);
                                    ^
G:\Proyectos\Mods_Minecraft\the_sundering\neoforge\26.2\src\main\java\com\skd\thesundering\entity\InternalAnimationMonster\Draugar\Royal_Draugr_Entity.java:322: error: incompatible types: CompoundTag cannot be converted to ValueInput
        super.readAdditionalSaveData(compound);
                                     ^
G:\Proyectos\Mods_Minecraft\the_sundering\neoforge\26.2\src\main\java\com\skd\thesundering\entity\InternalAnimationMonster\Draugar\Royal_Draugr_Entity.java:339: error: isAlliedTo(Entity) in Royal_Draugr_Entity cannot override isAlliedTo(@org.jspecify.annotations.Nullable Entity) in Entity
    public boolean isAlliedTo(Entity entityIn) {
                   ^
  overridden method is final
G:\Proyectos\Mods_Minecraft\the_sundering\neoforge\26.2\src\main\java\com\skd\thesundering\entity\InternalAnimationMonster\Draugar\Royal_Draugr_Entity.java:346: error: cannot find symbol
        if (entityIn.getType().is(ModTag.TEAM_MALEDICTUS)) {
                              ^
  symbol:   method is(TagKey<EntityType<?>>)
  location: class EntityType<CAP#1>
  where CAP#1 is a fresh type-variable:
    CAP#1 extends Entity from capture of ?
G:\Proyectos\Mods_Minecraft\the_sundering\neoforge\26.2\src\main\java\com\skd\thesundering\client\model\entity\Sandstorm_Model.java:56: error: incompatible types: inference variable E has incompatible bounds
        return ImmutableList.of((Object)this.root, (Object)this.storm, (Object)this.storm2, (Object)this.storm3, (Object)this.storm4);
                               ^
    equality constraints: AdvancedModelBox
    lower bounds: Object
  where E is a type-variable:
    E extends Object declared in method <E>of(E,E,E,E,E)
G:\Proyectos\Mods_Minecraft\the_sundering\neoforge\26.2\src\main\java\com\skd\thesundering\entity\effect\Sandstorm_Entity.java:57: error: Sandstorm_Entity is not abstract and does not override abstract method addAdditionalSaveData(ValueOutput) in Entity
public class Sandstorm_Entity
       ^
G:\Proyectos\Mods_Minecraft\the_sundering\neoforge\26.2\src\main\java\com\skd\thesundering\entity\effect\Sandstorm_Entity.java:108: error: package Cataclysm does not exist
            Cataclysm.PROXY.playWorldSound((Object)this, (byte)2);
                     ^
G:\Proyectos\Mods_Minecraft\the_sundering\neoforge\26.2\src\main\java\com\skd\thesundering\entity\effect\Sandstorm_Entity.java:115: error: package Cataclysm does not exist
            Cataclysm.PROXY.clearSoundCacheFor(this);
                     ^
G:\Proyectos\Mods_Minecraft\the_sundering\neoforge\26.2\src\main\java\com\skd\thesundering\entity\effect\Sandstorm_Entity.java:125: error: incompatible types: void cannot be converted to boolean
                boolean flag2 = Hitentity.hurt(this.damageSources().magic(), 7.0f);
                                              ^
G:\Proyectos\Mods_Minecraft\the_sundering\neoforge\26.2\src\main\java\com\skd\thesundering\entity\effect\Sandstorm_Entity.java:130: error: incompatible types: void cannot be converted to boolean
            } else if (!livingentity.isAlliedTo((Entity)Hitentity) && !Hitentity.isAlliedTo((Entity)livingentity) && (flag = Hitentity.hurt(this.damageSources().indirectMagic((Entity)this, (Entity)livingentity), 7.0f))) {
                                                                                                                                           ^
G:\Proyectos\Mods_Minecraft\the_sundering\neoforge\26.2\src\main\java\com\skd\thesundering\entity\effect\Sandstorm_Entity.java:142: error: no suitable method found for set(EntityDataAccessor<Integer>,Object)
        this.entityData.set(LIFESPAN, (Object)i);
                       ^
    method SynchedEntityData.<T#1>set(EntityDataAccessor<T#1>,T#1) is not applicable
      (inference variable T#1 has incompatible bounds
        equality constraints: Integer
        lower bounds: Object)
    method SynchedEntityData.<T#2>set(EntityDataAccessor<T#2>,T#2,boolean) is not applicable
      (cannot infer type-variable(s) T#2
        (actual and formal argument lists differ in length))
  where T#1,T#2 are type-variables:
    T#1 extends Object declared in method <T#1>set(EntityDataAccessor<T#1>,T#1)
    T#2 extends Object declared in method <T#2>set(EntityDataAccessor<T#2>,T#2,boolean)
G:\Proyectos\Mods_Minecraft\the_sundering\neoforge\26.2\src\main\java\com\skd\thesundering\entity\effect\Sandstorm_Entity.java:150: error: no suitable method found for set(EntityDataAccessor<Float>,Object)
        this.entityData.set(OFFSET, (Object)Float.valueOf(i));
                       ^
    method SynchedEntityData.<T#1>set(EntityDataAccessor<T#1>,T#1) is not applicable
      (inference variable T#1 has incompatible bounds
        equality constraints: Float
        lower bounds: Object)
    method SynchedEntityData.<T#2>set(EntityDataAccessor<T#2>,T#2,boolean) is not applicable
      (cannot infer type-variable(s) T#2
        (actual and formal argument lists differ in length))
  where T#1,T#2 are type-variables:
    T#1 extends Object declared in method <T#1>set(EntityDataAccessor<T#1>,T#1)
    T#2 extends Object declared in method <T#2>set(EntityDataAccessor<T#2>,T#2,boolean)
G:\Proyectos\Mods_Minecraft\the_sundering\neoforge\26.2\src\main\java\com\skd\thesundering\entity\effect\Sandstorm_Entity.java:181: error: cannot find symbol
                this.moveTo(orbit);
                    ^
  symbol: method moveTo(Vec3)
G:\Proyectos\Mods_Minecraft\the_sundering\neoforge\26.2\src\main\java\com\skd\thesundering\entity\effect\Sandstorm_Entity.java:189: error: cannot find symbol
                this.moveTo(orbit);
                    ^
  symbol: method moveTo(Vec3)
G:\Proyectos\Mods_Minecraft\the_sundering\neoforge\26.2\src\main\java\com\skd\thesundering\entity\effect\Sandstorm_Entity.java:195: error: method define in class Builder cannot be applied to given types;
        p_326229_.define(LIFESPAN, (Object)300);
                 ^
  required: EntityDataAccessor<T>,T
  found:    EntityDataAccessor<Integer>,Object
  reason: inference variable T has incompatible bounds
    equality constraints: Integer
    lower bounds: Object
  where T is a type-variable:
    T extends Object declared in method <T>define(EntityDataAccessor<T>,T)
G:\Proyectos\Mods_Minecraft\the_sundering\neoforge\26.2\src\main\java\com\skd\thesundering\entity\effect\Sandstorm_Entity.java:196: error: method define in class Builder cannot be applied to given types;
        p_326229_.define(OFFSET, (Object)Float.valueOf(0.0f));
                 ^
  required: EntityDataAccessor<T>,T
  found:    EntityDataAccessor<Float>,Object
  reason: inference variable T has incompatible bounds
    equality constraints: Float
    lower bounds: Object
  where T is a type-variable:
    T extends Object declared in method <T>define(EntityDataAccessor<T>,T)
G:\Proyectos\Mods_Minecraft\the_sundering\neoforge\26.2\src\main\java\com\skd\thesundering\entity\effect\Sandstorm_Entity.java:197: error: method define in class Builder cannot be applied to given types;
        p_326229_.define(STATE, (Object)0);
                 ^
  required: EntityDataAccessor<T>,T
  found:    EntityDataAccessor<Integer>,Object
  reason: inference variable T has incompatible bounds
    equality constraints: Integer
    lower bounds: Object
  where T is a type-variable:
    T extends Object declared in method <T>define(EntityDataAccessor<T>,T)
G:\Proyectos\Mods_Minecraft\the_sundering\neoforge\26.2\src\main\java\com\skd\thesundering\entity\effect\Sandstorm_Entity.java:241: error: no suitable method found for set(EntityDataAccessor<Integer>,Object)
        this.entityData.set(STATE, (Object)state);
                       ^
    method SynchedEntityData.<T#1>set(EntityDataAccessor<T#1>,T#1) is not applicable
      (inference variable T#1 has incompatible bounds
        equality constraints: Integer
        lower bounds: Object)
    method SynchedEntityData.<T#2>set(EntityDataAccessor<T#2>,T#2,boolean) is not applicable
      (cannot infer type-variable(s) T#2
        (actual and formal argument lists differ in length))
  where T#1,T#2 are type-variables:
    T#1 extends Object declared in method <T#1>set(EntityDataAccessor<T#1>,T#1)
    T#2 extends Object declared in method <T#2>set(EntityDataAccessor<T#2>,T#2,boolean)
G:\Proyectos\Mods_Minecraft\the_sundering\neoforge\26.2\src\main\java\com\skd\thesundering\entity\effect\Sandstorm_Entity.java:245: error: incompatible types: Optional<Integer> cannot be converted to int
        this.setLifespan(compound.getInt("Lifespan"));
                                        ^
G:\Proyectos\Mods_Minecraft\the_sundering\neoforge\26.2\src\main\java\com\skd\thesundering\entity\effect\Sandstorm_Entity.java:246: error: cannot find symbol
        if (compound.hasUUID("Owner")) {
                    ^
  symbol:   method hasUUID(String)
  location: variable compound of type CompoundTag
G:\Proyectos\Mods_Minecraft\the_sundering\neoforge\26.2\src\main\java\com\skd\thesundering\entity\effect\Sandstorm_Entity.java:247: error: cannot find symbol
            this.casterUuid = compound.getUUID("Owner");
                                      ^
  symbol:   method getUUID(String)
  location: variable compound of type CompoundTag
G:\Proyectos\Mods_Minecraft\the_sundering\neoforge\26.2\src\main\java\com\skd\thesundering\entity\effect\Sandstorm_Entity.java:254: error: cannot find symbol
            compound.putUUID("Owner", this.casterUuid);
                    ^
  symbol:   method putUUID(String,UUID)
  location: variable compound of type CompoundTag
G:\Proyectos\Mods_Minecraft\the_sundering\neoforge\26.2\src\main\java\com\skd\thesundering\client\model\entity\Sandstorm_Projectile_Model.java:56: error: incompatible types: inference variable E has incompatible bounds
        return ImmutableList.of((Object)this.root, (Object)this.storm, (Object)this.storm2, (Object)this.storm3, (Object)this.storm4);
                               ^
    equality constraints: AdvancedModelBox
    lower bounds: Object
  where E is a type-variable:
    E extends Object declared in method <E>of(E,E,E,E,E)
G:\Proyectos\Mods_Minecraft\the_sundering\neoforge\26.2\src\main\java\com\skd\thesundering\entity\projectile\Sandstorm_Projectile.java:97: error: cannot find symbol
        this.moveTo(getX, gety, getz, this.getYRot(), this.getXRot());
            ^
  symbol: method moveTo(double,double,double,float,float)
G:\Proyectos\Mods_Minecraft\the_sundering\neoforge\26.2\src\main\java\com\skd\thesundering\entity\projectile\Sandstorm_Projectile.java:116: error: cannot find symbol
        this.moveTo(getX, gety, getz, this.getYRot(), this.getXRot());
            ^
  symbol: method moveTo(double,double,double,float,float)
G:\Proyectos\Mods_Minecraft\the_sundering\neoforge\26.2\src\main\java\com\skd\thesundering\entity\projectile\Sandstorm_Projectile.java:129: error: method define in class Builder cannot be applied to given types;
        p_326229_.define(DAMAGE, (Object)Float.valueOf(0.0f));
                 ^
  required: EntityDataAccessor<T>,T
  found:    EntityDataAccessor<Float>,Object
  reason: inference variable T has incompatible bounds
    equality constraints: Float
    lower bounds: Object
  where T is a type-variable:
    T extends Object declared in method <T>define(EntityDataAccessor<T>,T)
G:\Proyectos\Mods_Minecraft\the_sundering\neoforge\26.2\src\main\java\com\skd\thesundering\entity\projectile\Sandstorm_Projectile.java:130: error: method define in class Builder cannot be applied to given types;
        p_326229_.define(STATE, (Object)0);
                 ^
  required: EntityDataAccessor<T>,T
  found:    EntityDataAccessor<Integer>,Object
  reason: inference variable T has incompatible bounds
    equality constraints: Integer
    lower bounds: Object
  where T is a type-variable:
    T extends Object declared in method <T>define(EntityDataAccessor<T>,T)
G:\Proyectos\Mods_Minecraft\the_sundering\neoforge\26.2\src\main\java\com\skd\thesundering\entity\projectile\Sandstorm_Projectile.java:174: error: no suitable method found for set(EntityDataAccessor<Integer>,Object)
        this.entityData.set(STATE, (Object)state);
                       ^
    method SynchedEntityData.<T#1>set(EntityDataAccessor<T#1>,T#1) is not applicable
      (inference variable T#1 has incompatible bounds
        equality constraints: Integer
        lower bounds: Object)
    method SynchedEntityData.<T#2>set(EntityDataAccessor<T#2>,T#2,boolean) is not applicable
      (cannot infer type-variable(s) T#2
        (actual and formal argument lists differ in length))
  where T#1,T#2 are type-variables:
    T#1 extends Object declared in method <T#1>set(EntityDataAccessor<T#1>,T#1)
    T#2 extends Object declared in method <T#2>set(EntityDataAccessor<T#2>,T#2,boolean)
G:\Proyectos\Mods_Minecraft\the_sundering\neoforge\26.2\src\main\java\com\skd\thesundering\entity\projectile\Sandstorm_Projectile.java:182: error: no suitable method found for set(EntityDataAccessor<Float>,Object)
        this.entityData.set(DAMAGE, (Object)Float.valueOf(damage));
                       ^
    method SynchedEntityData.<T#1>set(EntityDataAccessor<T#1>,T#1) is not applicable
      (inference variable T#1 has incompatible bounds
        equality constraints: Float
        lower bounds: Object)
    method SynchedEntityData.<T#2>set(EntityDataAccessor<T#2>,T#2,boolean) is not applicable
      (cannot infer type-variable(s) T#2
        (actual and formal argument lists differ in length))
  where T#1,T#2 are type-variables:
    T#1 extends Object declared in method <T#1>set(EntityDataAccessor<T#1>,T#1)
    T#2 extends Object declared in method <T#2>set(EntityDataAccessor<T#2>,T#2,boolean)
G:\Proyectos\Mods_Minecraft\the_sundering\neoforge\26.2\src\main\java\com\skd\thesundering\entity\projectile\Sandstorm_Projectile.java:214: error: cannot find symbol
            this.checkInsideBlocks();
                ^
  symbol: method checkInsideBlocks()
G:\Proyectos\Mods_Minecraft\the_sundering\neoforge\26.2\src\main\java\com\skd\thesundering\entity\projectile\Sandstorm_Projectile.java:227: error: package Cataclysm does not exist
                Cataclysm.PROXY.playWorldSound((Object)this, (byte)2);
                         ^
G:\Proyectos\Mods_Minecraft\the_sundering\neoforge\26.2\src\main\java\com\skd\thesundering\entity\projectile\Sandstorm_Projectile.java:232: error: package Cataclysm does not exist
            Cataclysm.PROXY.clearSoundCacheFor((Entity)this);
                     ^
G:\Proyectos\Mods_Minecraft\the_sundering\neoforge\26.2\src\main\java\com\skd\thesundering\entity\projectile\Sandstorm_Projectile.java:247: error: cannot find symbol
                if (!entity.getType().is(ModTag.TEAM_ANCIENT_REMNANT) || !entity1.getType().is(ModTag.TEAM_ANCIENT_REMNANT)) {
                                     ^
  symbol:   method is(TagKey<EntityType<?>>)
  location: class EntityType<CAP#1>
  where CAP#1 is a fresh type-variable:
    CAP#1 extends Entity from capture of ?
G:\Proyectos\Mods_Minecraft\the_sundering\neoforge\26.2\src\main\java\com\skd\thesundering\entity\projectile\Sandstorm_Projectile.java:247: error: cannot find symbol
                if (!entity.getType().is(ModTag.TEAM_ANCIENT_REMNANT) || !entity1.getType().is(ModTag.TEAM_ANCIENT_REMNANT)) {
                                                                                           ^
  symbol:   method is(TagKey<EntityType<?>>)
  location: class EntityType<CAP#1>
  where CAP#1 is a fresh type-variable:
    CAP#1 extends Entity from capture of ?
G:\Proyectos\Mods_Minecraft\the_sundering\neoforge\26.2\src\main\java\com\skd\thesundering\entity\projectile\Sandstorm_Projectile.java:249: error: incompatible types: void cannot be converted to boolean
                    flag = entity.hurt(this.damageSources().mobProjectile((Entity)this, livingentity), this.getDamage());
                                      ^
G:\Proyectos\Mods_Minecraft\the_sundering\neoforge\26.2\src\main\java\com\skd\thesundering\entity\projectile\Sandstorm_Projectile.java:255: error: incompatible types: void cannot be converted to boolean
                flag = entity.hurt(this.damageSources().magic(), this.getDamage());
                                  ^
G:\Proyectos\Mods_Minecraft\the_sundering\neoforge\26.2\src\main\java\com\skd\thesundering\entity\projectile\Sandstorm_Projectile.java:269: error: cannot find symbol
            if (entity.getType().is(EntityTypeTags.REDIRECTABLE_PROJECTILE) && entity instanceof Projectile) {
                                ^
  symbol:   method is(TagKey<EntityType<?>>)
  location: class EntityType<CAP#1>
  where CAP#1 is a fresh type-variable:
    CAP#1 extends Entity from capture of ?
G:\Proyectos\Mods_Minecraft\the_sundering\neoforge\26.2\src\main\java\com\skd\thesundering\entity\projectile\Sandstorm_Projectile.java:271: error: incompatible types: Entity cannot be converted to EntityReference<Entity>
                projectile.deflect(ProjectileDeflection.AIM_DEFLECT, this.getOwner(), this.getOwner(), true);
                                                                                                   ^
G:\Proyectos\Mods_Minecraft\the_sundering\neoforge\26.2\src\main\java\com\skd\thesundering\entity\projectile\Sandstorm_Projectile.java:292: error: incompatible types: CompoundTag cannot be converted to ValueOutput
        super.addAdditionalSaveData(p_36848_);
                                    ^
G:\Proyectos\Mods_Minecraft\the_sundering\neoforge\26.2\src\main\java\com\skd\thesundering\entity\projectile\Sandstorm_Projectile.java:293: error: cannot find symbol
        p_36848_.put("power", (Tag)this.newDoubleList(new double[]{this.xPower, this.yPower, this.zPower}));
                                       ^
  symbol: method newDoubleList(double[])
G:\Proyectos\Mods_Minecraft\the_sundering\neoforge\26.2\src\main\java\com\skd\thesundering\entity\projectile\Sandstorm_Projectile.java:300: error: incompatible types: CompoundTag cannot be converted to ValueInput
        super.readAdditionalSaveData(p_36844_);
                                     ^
G:\Proyectos\Mods_Minecraft\the_sundering\neoforge\26.2\src\main\java\com\skd\thesundering\entity\projectile\Sandstorm_Projectile.java:301: error: method contains in class CompoundTag cannot be applied to given types;
        if (p_36844_.contains("power", 9) && (listtag = p_36844_.getList("power", 6)).size() == 3) {
                    ^
  required: String
  found:    String,int
  reason: actual and formal argument lists differ in length
G:\Proyectos\Mods_Minecraft\the_sundering\neoforge\26.2\src\main\java\com\skd\thesundering\entity\projectile\Sandstorm_Projectile.java:301: error: method getList in class CompoundTag cannot be applied to given types;
        if (p_36844_.contains("power", 9) && (listtag = p_36844_.getList("power", 6)).size() == 3) {
                                                                ^
  required: String
  found:    String,int
  reason: actual and formal argument lists differ in length
G:\Proyectos\Mods_Minecraft\the_sundering\neoforge\26.2\src\main\java\com\skd\thesundering\entity\projectile\Sandstorm_Projectile.java:302: error: incompatible types: Optional<Double> cannot be converted to double
            this.xPower = listtag.getDouble(0);
                                           ^
G:\Proyectos\Mods_Minecraft\the_sundering\neoforge\26.2\src\main\java\com\skd\thesundering\entity\projectile\Sandstorm_Projectile.java:303: error: incompatible types: Optional<Double> cannot be converted to double
            this.yPower = listtag.getDouble(1);
                                           ^
G:\Proyectos\Mods_Minecraft\the_sundering\neoforge\26.2\src\main\java\com\skd\thesundering\entity\projectile\Sandstorm_Projectile.java:304: error: incompatible types: Optional<Double> cannot be converted to double
            this.zPower = listtag.getDouble(2);
                                           ^
G:\Proyectos\Mods_Minecraft\the_sundering\neoforge\26.2\src\main\java\com\skd\thesundering\entity\projectile\Sandstorm_Projectile.java:306: error: incompatible types: Optional<Integer> cannot be converted to int
        this.setState(p_36844_.getInt("state"));
                                     ^
G:\Proyectos\Mods_Minecraft\the_sundering\neoforge\26.2\src\main\java\com\skd\thesundering\entity\projectile\Sandstorm_Projectile.java:307: error: incompatible types: Optional<Float> cannot be converted to float
        this.setDamage(p_36844_.getFloat("damage"));
                                        ^
G:\Proyectos\Mods_Minecraft\the_sundering\neoforge\26.2\src\main\java\com\skd\thesundering\entity\projectile\Sandstorm_Projectile.java:327: error: cannot find symbol
        double d0 = p_150128_.getXa();
                             ^
  symbol:   method getXa()
  location: variable p_150128_ of type ClientboundAddEntityPacket
G:\Proyectos\Mods_Minecraft\the_sundering\neoforge\26.2\src\main\java\com\skd\thesundering\entity\projectile\Sandstorm_Projectile.java:328: error: cannot find symbol
        double d1 = p_150128_.getYa();
                             ^
  symbol:   method getYa()
  location: variable p_150128_ of type ClientboundAddEntityPacket
G:\Proyectos\Mods_Minecraft\the_sundering\neoforge\26.2\src\main\java\com\skd\thesundering\entity\projectile\Sandstorm_Projectile.java:329: error: cannot find symbol
        double d2 = p_150128_.getZa();
                             ^
  symbol:   method getZa()
  location: variable p_150128_ of type ClientboundAddEntityPacket
G:\Proyectos\Mods_Minecraft\the_sundering\neoforge\26.2\src\main\java\com\skd\thesundering\client\model\entity\Scylla_Model.java:285: error: children has private access in ModelPart
        for (Map.Entry entry : part.children.entrySet()) {
                                   ^
G:\Proyectos\Mods_Minecraft\the_sundering\neoforge\26.2\src\main\java\com\skd\thesundering\client\model\entity\Scylla_Model.java:290: error: children has private access in ModelPart
            if (childPart.children.isEmpty()) continue;
                         ^
G:\Proyectos\Mods_Minecraft\the_sundering\neoforge\26.2\src\main\java\com\skd\thesundering\client\model\entity\Scylla_Model.java:307: error: cannot find symbol
            this.animateWalk(Scylla_Normal_Animation.WALK, limbSwing, limbSwingAmount, 1.5f, 4.0f);
                ^
  symbol: method animateWalk(AnimationDefinition,float,float,float,float)
G:\Proyectos\Mods_Minecraft\the_sundering\neoforge\26.2\src\main\java\com\skd\thesundering\client\model\entity\Scylla_Model.java:313: error: cannot find symbol
        this.animate(entity.getAnimationState("idle"), Scylla_Normal_Animation.IDLE, ageInTicks, 1.0f);
            ^
  symbol: method animate(AnimationState,AnimationDefinition,float,float)
G:\Proyectos\Mods_Minecraft\the_sundering\neoforge\26.2\src\main\java\com\skd\thesundering\client\model\entity\Scylla_Model.java:314: error: cannot find symbol
        this.animate(entity.getAnimationState("cross_swing"), Scylla_Normal_Animation.CROSS_SWING, ageInTicks, 1.0f);
            ^
  symbol: method animate(AnimationState,AnimationDefinition,float,float)
G:\Proyectos\Mods_Minecraft\the_sundering\neoforge\26.2\src\main\java\com\skd\thesundering\client\model\entity\Scylla_Model.java:315: error: cannot find symbol
        this.animate(entity.getAnimationState("cross_swing2"), Scylla_Normal_Animation.CROSS_SWING2, ageInTicks, 1.0f);
            ^
  symbol: method animate(AnimationState,AnimationDefinition,float,float)
G:\Proyectos\Mods_Minecraft\the_sundering\neoforge\26.2\src\main\java\com\skd\thesundering\client\model\entity\Scylla_Model.java:316: error: cannot find symbol
        this.animate(entity.getAnimationState("double_swing"), Scylla_Normal_Animation.DOUBLE_CROSS_SWING, ageInTicks, 1.0f);
            ^
  symbol: method animate(AnimationState,AnimationDefinition,float,float)
G:\Proyectos\Mods_Minecraft\the_sundering\neoforge\26.2\src\main\java\com\skd\thesundering\client\model\entity\Scylla_Model.java:317: error: cannot find symbol
        this.animate(entity.getAnimationState("swing_smash"), Scylla_Normal_Animation.SWING_SMASH, ageInTicks, 1.0f);
            ^
  symbol: method animate(AnimationState,AnimationDefinition,float,float)
G:\Proyectos\Mods_Minecraft\the_sundering\neoforge\26.2\src\main\java\com\skd\thesundering\client\model\entity\Scylla_Model.java:318: error: cannot find symbol
        this.animate(entity.getAnimationState("smash"), Scylla_Normal_Animation.SMASH, ageInTicks, 1.0f);
            ^
  symbol: method animate(AnimationState,AnimationDefinition,float,float)
G:\Proyectos\Mods_Minecraft\the_sundering\neoforge\26.2\src\main\java\com\skd\thesundering\client\model\entity\Scylla_Model.java:319: error: cannot find symbol
        this.animate(entity.getAnimationState("back_step"), Scylla_Normal_Animation.BACKSTEP, ageInTicks, 1.2f);
            ^
  symbol: method animate(AnimationState,AnimationDefinition,float,float)
G:\Proyectos\Mods_Minecraft\the_sundering\neoforge\26.2\src\main\java\com\skd\thesundering\client\model\entity\Scylla_Model.java:320: error: cannot find symbol
        this.animate(entity.getAnimationState("spin"), Scylla_Normal_Animation.ANCHOR_SPIN_ATTACK, ageInTicks, 1.0f);
            ^
  symbol: method animate(AnimationState,AnimationDefinition,float,float)
G:\Proyectos\Mods_Minecraft\the_sundering\neoforge\26.2\src\main\java\com\skd\thesundering\client\model\entity\Scylla_Model.java:321: error: cannot find symbol
        this.animate(entity.getAnimationState("wave"), Scylla_Projectile_Animation.WAVE_SHOOT, ageInTicks, 1.0f);
            ^
  symbol: method animate(AnimationState,AnimationDefinition,float,float)
G:\Proyectos\Mods_Minecraft\the_sundering\neoforge\26.2\src\main\java\com\skd\thesundering\client\model\entity\Scylla_Model.java:322: error: cannot find symbol
        this.animate(entity.getAnimationState("lightning_explosion"), Scylla_Lightning_Animation.LIGHTNING_EXPLOSION, ageInTicks, 1.0f);
            ^
  symbol: method animate(AnimationState,AnimationDefinition,float,float)
G:\Proyectos\Mods_Minecraft\the_sundering\neoforge\26.2\src\main\java\com\skd\thesundering\client\model\entity\Scylla_Model.java:323: error: cannot find symbol
        this.animate(entity.getAnimationState("lightning_spear_throw"), Scylla_Lightning_Animation.LIGHTNING_SPEAR_THROW, ageInTicks, 1.0f);
            ^
  symbol: method animate(AnimationState,AnimationDefinition,float,float)
G:\Proyectos\Mods_Minecraft\the_sundering\neoforge\26.2\src\main\java\com\skd\thesundering\client\model\entity\Scylla_Model.java:324: error: cannot find symbol
        this.animate(entity.getAnimationState("water_spear_throw"), Scylla_Projectile_Animation.WATER_SPEAR_THROW, ageInTicks, 1.0f);
            ^
  symbol: method animate(AnimationState,AnimationDefinition,float,float)
G:\Proyectos\Mods_Minecraft\the_sundering\neoforge\26.2\src\main\java\com\skd\thesundering\client\model\entity\Scylla_Model.java:325: error: cannot find symbol
        this.animate(entity.getAnimationState("anchor_shot"), Scylla_Projectile_Animation.ANCHOR_THROW, ageInTicks, 1.0f);
            ^
  symbol: method animate(AnimationState,AnimationDefinition,float,float)
G:\Proyectos\Mods_Minecraft\the_sundering\neoforge\26.2\src\main\java\com\skd\thesundering\client\model\entity\Scylla_Model.java:326: error: cannot find symbol
        this.animate(entity.getAnimationState("anchor_shot_pull"), Scylla_Projectile_Animation.ANCHOR_THROW_PULL, ageInTicks, 1.1f);
            ^
  symbol: method animate(AnimationState,AnimationDefinition,float,float)
G:\Proyectos\Mods_Minecraft\the_sundering\neoforge\26.2\src\main\java\com\skd\thesundering\client\model\entity\Scylla_Model.java:327: error: cannot find symbol
        this.animate(entity.getAnimationState("chain_jump_1"), Scylla_Projectile_Animation.CHAIN_JUMP, ageInTicks, 1.0f);
            ^
  symbol: method animate(AnimationState,AnimationDefinition,float,float)
G:\Proyectos\Mods_Minecraft\the_sundering\neoforge\26.2\src\main\java\com\skd\thesundering\client\model\entity\Scylla_Model.java:328: error: cannot find symbol
        this.animate(entity.getAnimationState("chain_jump_2"), Scylla_Projectile_Animation.LANDING, ageInTicks, 1.0f);
            ^
  symbol: method animate(AnimationState,AnimationDefinition,float,float)
G:\Proyectos\Mods_Minecraft\the_sundering\neoforge\26.2\src\main\java\com\skd\thesundering\client\model\entity\Scylla_Model.java:329: error: cannot find symbol
        this.animate(entity.getAnimationState("chain_jump_3"), Scylla_Projectile_Animation.SUPER_HERO_LANDING, ageInTicks, 1.0f);
            ^
  symbol: method animate(AnimationState,AnimationDefinition,float,float)
G:\Proyectos\Mods_Minecraft\the_sundering\neoforge\26.2\src\main\java\com\skd\thesundering\client\model\entity\Scylla_Model.java:330: error: cannot find symbol
        this.animate(entity.getAnimationState("anchor_explosion"), Scylla_Lightning_Animation.ANCHOR_EXPLOSION, ageInTicks, 1.0f);
            ^
  symbol: method animate(AnimationState,AnimationDefinition,float,float)
G:\Proyectos\Mods_Minecraft\the_sundering\neoforge\26.2\src\main\java\com\skd\thesundering\client\model\entity\Scylla_Model.java:331: error: cannot find symbol
        this.animate(entity.getAnimationState("parry"), Scylla_Projectile_Animation.PARRY, ageInTicks, 1.0f);
            ^
  symbol: method animate(AnimationState,AnimationDefinition,float,float)
G:\Proyectos\Mods_Minecraft\the_sundering\neoforge\26.2\src\main\java\com\skd\thesundering\client\model\entity\Scylla_Model.java:332: error: cannot find symbol
        this.animate(entity.getAnimationState("electric_whip"), Scylla_Lightning_Animation.ELECTRIC_WHIP, ageInTicks, 1.0f);
            ^
  symbol: method animate(AnimationState,AnimationDefinition,float,float)
G:\Proyectos\Mods_Minecraft\the_sundering\neoforge\26.2\src\main\java\com\skd\thesundering\client\model\entity\Scylla_Model.java:333: error: cannot find symbol
        this.animate(entity.getAnimationState("whip_and_spear"), Scylla_Projectile_Animation.WHIP_AND_SPEAR, ageInTicks, 1.0f);
            ^
  symbol: method animate(AnimationState,AnimationDefinition,float,float)
G:\Proyectos\Mods_Minecraft\the_sundering\neoforge\26.2\src\main\java\com\skd\thesundering\client\model\entity\Scylla_Model.java:334: error: cannot find symbol
        this.animate(entity.getAnimationState("death"), Scylla_Lightning_Animation.DEATH, ageInTicks, 1.0f);
            ^
  symbol: method animate(AnimationState,AnimationDefinition,float,float)
G:\Proyectos\Mods_Minecraft\the_sundering\neoforge\26.2\src\main\java\com\skd\thesundering\client\model\entity\Scylla_Model.java:335: error: cannot find symbol
        this.animate(entity.getAnimationState("enchant_1"), Scylla_Lightning_Animation.WEAPON_ENCHANT, ageInTicks, 1.0f);
            ^
  symbol: method animate(AnimationState,AnimationDefinition,float,float)
G:\Proyectos\Mods_Minecraft\the_sundering\neoforge\26.2\src\main\java\com\skd\thesundering\client\model\entity\Scylla_Model.java:336: error: cannot find symbol
        this.animate(entity.getAnimationState("enchant_2"), Scylla_Lightning_Animation.WEAPON_ENCHANT2, ageInTicks, 1.0f);
            ^
  symbol: method animate(AnimationState,AnimationDefinition,float,float)
G:\Proyectos\Mods_Minecraft\the_sundering\neoforge\26.2\src\main\java\com\skd\thesundering\client\model\entity\Scylla_Model.java:337: error: cannot find symbol
        this.animate(entity.getAnimationState("spawn"), Scylla_Lightning_Animation.SPAWN, ageInTicks, 1.0f);
            ^
  symbol: method animate(AnimationState,AnimationDefinition,float,float)
G:\Proyectos\Mods_Minecraft\the_sundering\neoforge\26.2\src\main\java\com\skd\thesundering\client\model\entity\Scylla_Model.java:338: error: cannot find symbol
        this.animate(entity.getAnimationState("spawn_idle"), Scylla_Lightning_Animation.SPAWN_IDLE, ageInTicks, 1.0f);
            ^
  symbol: method animate(AnimationState,AnimationDefinition,float,float)
G:\Proyectos\Mods_Minecraft\the_sundering\neoforge\26.2\src\main\java\com\skd\thesundering\client\model\entity\Scylla_Model.java:339: error: cannot find symbol
        this.animate(entity.getAnimationState("summon_snake"), Scylla_Lightning_Animation.SUMMON_SNAKE, ageInTicks, 1.0f);
            ^
  symbol: method animate(AnimationState,AnimationDefinition,float,float)
G:\Proyectos\Mods_Minecraft\the_sundering\neoforge\26.2\src\main\java\com\skd\thesundering\client\model\entity\Scylla_Model.java:340: error: cannot find symbol
        this.animate(entity.getAnimationState("grab_smash"), Scylla_Normal_Animation.GRAB_SMASH, ageInTicks, 1.0f);
            ^
  symbol: method animate(AnimationState,AnimationDefinition,float,float)
G:\Proyectos\Mods_Minecraft\the_sundering\neoforge\26.2\src\main\java\com\skd\thesundering\entity\InternalAnimationMonster\IABossMonsters\Scylla\Scylla_Entity.java:210: error: cannot find symbol
    private static final EntityDataAccessor<Optional<UUID>> ANCHOR_UUID = SynchedEntityData.defineId(Scylla_Entity.class, (EntityDataSerializer)EntityDataSerializers.OPTIONAL_UUID);
                                                                                                                                                                     ^
  symbol:   variable OPTIONAL_UUID
  location: class EntityDataSerializers
G:\Proyectos\Mods_Minecraft\the_sundering\neoforge\26.2\src\main\java\com\skd\thesundering\entity\InternalAnimationMonster\IABossMonsters\Scylla\Scylla_Entity.java:430: error: hurt(DamageSource,float) in Scylla_Entity cannot override hurt(DamageSource,float) in Entity
    public boolean hurt(DamageSource source, float damage) {
                   ^
  overridden method is final
G:\Proyectos\Mods_Minecraft\the_sundering\neoforge\26.2\src\main\java\com\skd\thesundering\entity\InternalAnimationMonster\IABossMonsters\Scylla\Scylla_Entity.java:485: error: lastDamageSource has private access in LivingEntity
        this.lastDamageSource = damageSource;
            ^
G:\Proyectos\Mods_Minecraft\the_sundering\neoforge\26.2\src\main\java\com\skd\thesundering\entity\InternalAnimationMonster\IABossMonsters\Scylla\Scylla_Entity.java:486: error: lastDamageStamp has private access in LivingEntity
        this.lastDamageStamp = this.level().getGameTime();
            ^
G:\Proyectos\Mods_Minecraft\the_sundering\neoforge\26.2\src\main\java\com\skd\thesundering\entity\InternalAnimationMonster\IABossMonsters\Scylla\Scylla_Entity.java:530: error: cannot find symbol
        if (spawnType == MobSpawnType.COMMAND || spawnType == MobSpawnType.SPAWN_EGG || MobSpawnType.isSpawner((MobSpawnType)spawnType) || spawnType == MobSpawnType.DISPENSER) {
                         ^
  symbol:   variable MobSpawnType
  location: class Scylla_Entity
G:\Proyectos\Mods_Minecraft\the_sundering\neoforge\26.2\src\main\java\com\skd\thesundering\entity\InternalAnimationMonster\IABossMonsters\Scylla\Scylla_Entity.java:530: error: cannot find symbol
        if (spawnType == MobSpawnType.COMMAND || spawnType == MobSpawnType.SPAWN_EGG || MobSpawnType.isSpawner((MobSpawnType)spawnType) || spawnType == MobSpawnType.DISPENSER) {
                                                              ^
  symbol:   variable MobSpawnType
  location: class Scylla_Entity
G:\Proyectos\Mods_Minecraft\the_sundering\neoforge\26.2\src\main\java\com\skd\thesundering\entity\InternalAnimationMonster\IABossMonsters\Scylla\Scylla_Entity.java:530: error: cannot find symbol
        if (spawnType == MobSpawnType.COMMAND || spawnType == MobSpawnType.SPAWN_EGG || MobSpawnType.isSpawner((MobSpawnType)spawnType) || spawnType == MobSpawnType.DISPENSER) {
                                                                                                                ^
  symbol:   class MobSpawnType
  location: class Scylla_Entity
G:\Proyectos\Mods_Minecraft\the_sundering\neoforge\26.2\src\main\java\com\skd\thesundering\entity\InternalAnimationMonster\IABossMonsters\Scylla\Scylla_Entity.java:530: error: cannot find symbol
        if (spawnType == MobSpawnType.COMMAND || spawnType == MobSpawnType.SPAWN_EGG || MobSpawnType.isSpawner((MobSpawnType)spawnType) || spawnType == MobSpawnType.DISPENSER) {
                                                                                        ^
  symbol:   variable MobSpawnType
  location: class Scylla_Entity
G:\Proyectos\Mods_Minecraft\the_sundering\neoforge\26.2\src\main\java\com\skd\thesundering\entity\InternalAnimationMonster\IABossMonsters\Scylla\Scylla_Entity.java:530: error: cannot find symbol
        if (spawnType == MobSpawnType.COMMAND || spawnType == MobSpawnType.SPAWN_EGG || MobSpawnType.isSpawner((MobSpawnType)spawnType) || spawnType == MobSpawnType.DISPENSER) {
                                                                                                                                                        ^
  symbol:   variable MobSpawnType
  location: class Scylla_Entity
G:\Proyectos\Mods_Minecraft\the_sundering\neoforge\26.2\src\main\java\com\skd\thesundering\entity\InternalAnimationMonster\IABossMonsters\Scylla\Scylla_Entity.java:627: error: method define in class Builder cannot be applied to given types;
        p_326229_.define(EYE, (Object)false);
                 ^
  required: EntityDataAccessor<T>,T
  found:    EntityDataAccessor<Boolean>,Object
  reason: inference variable T has incompatible bounds
    equality constraints: Boolean
    lower bounds: Object
  where T is a type-variable:
    T extends Object declared in method <T>define(EntityDataAccessor<T>,T)
G:\Proyectos\Mods_Minecraft\the_sundering\neoforge\26.2\src\main\java\com\skd\thesundering\entity\InternalAnimationMonster\IABossMonsters\Scylla\Scylla_Entity.java:628: error: method define in class Builder cannot be applied to given types;
        p_326229_.define(CHAIN_ANCHOR, (Object)false);
                 ^
  required: EntityDataAccessor<T>,T
  found:    EntityDataAccessor<Boolean>,Object
  reason: inference variable T has incompatible bounds
    equality constraints: Boolean
    lower bounds: Object
  where T is a type-variable:
    T extends Object declared in method <T>define(EntityDataAccessor<T>,T)
G:\Proyectos\Mods_Minecraft\the_sundering\neoforge\26.2\src\main\java\com\skd\thesundering\entity\InternalAnimationMonster\IABossMonsters\Scylla\Scylla_Entity.java:630: error: cannot find symbol
        p_326229_.define(ANCHOR_ID, (Object)-1);
                                     ^
  symbol:   variable Object
  location: class Scylla_Entity
G:\Proyectos\Mods_Minecraft\the_sundering\neoforge\26.2\src\main\java\com\skd\thesundering\entity\InternalAnimationMonster\IABossMonsters\Scylla\Scylla_Entity.java:631: error: method define in class Builder cannot be applied to given types;
        p_326229_.define(FLYING, (Object)false);
                 ^
  required: EntityDataAccessor<T>,T
  found:    EntityDataAccessor<Boolean>,Object
  reason: inference variable T has incompatible bounds
    equality constraints: Boolean
    lower bounds: Object
  where T is a type-variable:
    T extends Object declared in method <T>define(EntityDataAccessor<T>,T)
G:\Proyectos\Mods_Minecraft\the_sundering\neoforge\26.2\src\main\java\com\skd\thesundering\entity\InternalAnimationMonster\IABossMonsters\Scylla\Scylla_Entity.java:632: error: method define in class Builder cannot be applied to given types;
        p_326229_.define(PARRY_COUNT, (Object)0);
                 ^
  required: EntityDataAccessor<T>,T
  found:    EntityDataAccessor<Integer>,Object
  reason: inference variable T has incompatible bounds
    equality constraints: Integer
    lower bounds: Object
  where T is a type-variable:
    T extends Object declared in method <T>define(EntityDataAccessor<T>,T)
G:\Proyectos\Mods_Minecraft\the_sundering\neoforge\26.2\src\main\java\com\skd\thesundering\entity\InternalAnimationMonster\IABossMonsters\Scylla\Scylla_Entity.java:633: error: method define in class Builder cannot be applied to given types;
        p_326229_.define(PHASE, (Object)0);
                 ^
  required: EntityDataAccessor<T>,T
  found:    EntityDataAccessor<Integer>,Object
  reason: inference variable T has incompatible bounds
    equality constraints: Integer
    lower bounds: Object
  where T is a type-variable:
    T extends Object declared in method <T>define(EntityDataAccessor<T>,T)
G:\Proyectos\Mods_Minecraft\the_sundering\neoforge\26.2\src\main\java\com\skd\thesundering\entity\InternalAnimationMonster\IABossMonsters\Scylla\Scylla_Entity.java:634: error: method define in class Builder cannot be applied to given types;
        p_326229_.define(ACT, (Object)false);
                 ^
  required: EntityDataAccessor<T>,T
  found:    EntityDataAccessor<Boolean>,Object
  reason: inference variable T has incompatible bounds
    equality constraints: Boolean
    lower bounds: Object
  where T is a type-variable:
    T extends Object declared in method <T>define(EntityDataAccessor<T>,T)
G:\Proyectos\Mods_Minecraft\the_sundering\neoforge\26.2\src\main\java\com\skd\thesundering\entity\InternalAnimationMonster\IABossMonsters\Scylla\Scylla_Entity.java:642: error: no suitable method found for set(EntityDataAccessor<Boolean>,Object)
        this.entityData.set(EYE, (Object)weapon);
                       ^
    method SynchedEntityData.<T#1>set(EntityDataAccessor<T#1>,T#1) is not applicable
      (inference variable T#1 has incompatible bounds
        equality constraints: Boolean
        lower bounds: Object)
    method SynchedEntityData.<T#2>set(EntityDataAccessor<T#2>,T#2,boolean) is not applicable
      (cannot infer type-variable(s) T#2
        (actual and formal argument lists differ in length))
  where T#1,T#2 are type-variables:
    T#1 extends Object declared in method <T#1>set(EntityDataAccessor<T#1>,T#1)
    T#2 extends Object declared in method <T#2>set(EntityDataAccessor<T#2>,T#2,boolean)
G:\Proyectos\Mods_Minecraft\the_sundering\neoforge\26.2\src\main\java\com\skd\thesundering\entity\InternalAnimationMonster\IABossMonsters\Scylla\Scylla_Entity.java:650: error: no suitable method found for set(EntityDataAccessor<Boolean>,Object)
        this.entityData.set(FLYING, (Object)flying);
                       ^
    method SynchedEntityData.<T#1>set(EntityDataAccessor<T#1>,T#1) is not applicable
      (inference variable T#1 has incompatible bounds
        equality constraints: Boolean
        lower bounds: Object)
    method SynchedEntityData.<T#2>set(EntityDataAccessor<T#2>,T#2,boolean) is not applicable
      (cannot infer type-variable(s) T#2
        (actual and formal argument lists differ in length))
  where T#1,T#2 are type-variables:
    T#1 extends Object declared in method <T#1>set(EntityDataAccessor<T#1>,T#1)
    T#2 extends Object declared in method <T#2>set(EntityDataAccessor<T#2>,T#2,boolean)
G:\Proyectos\Mods_Minecraft\the_sundering\neoforge\26.2\src\main\java\com\skd\thesundering\entity\InternalAnimationMonster\IABossMonsters\Scylla\Scylla_Entity.java:658: error: no suitable method found for set(EntityDataAccessor<Integer>,Object)
        this.entityData.set(PHASE, (Object)phase);
                       ^
    method SynchedEntityData.<T#1>set(EntityDataAccessor<T#1>,T#1) is not applicable
      (inference variable T#1 has incompatible bounds
        equality constraints: Integer
        lower bounds: Object)
    method SynchedEntityData.<T#2>set(EntityDataAccessor<T#2>,T#2,boolean) is not applicable
      (cannot infer type-variable(s) T#2
        (actual and formal argument lists differ in length))
  where T#1,T#2 are type-variables:
    T#1 extends Object declared in method <T#1>set(EntityDataAccessor<T#1>,T#1)
    T#2 extends Object declared in method <T#2>set(EntityDataAccessor<T#2>,T#2,boolean)
G:\Proyectos\Mods_Minecraft\the_sundering\neoforge\26.2\src\main\java\com\skd\thesundering\entity\InternalAnimationMonster\IABossMonsters\Scylla\Scylla_Entity.java:666: error: no suitable method found for set(EntityDataAccessor<Integer>,Object)
        this.entityData.set(PARRY_COUNT, (Object)parry);
                       ^
    method SynchedEntityData.<T#1>set(EntityDataAccessor<T#1>,T#1) is not applicable
      (inference variable T#1 has incompatible bounds
        equality constraints: Integer
        lower bounds: Object)
    method SynchedEntityData.<T#2>set(EntityDataAccessor<T#2>,T#2,boolean) is not applicable
      (cannot infer type-variable(s) T#2
        (actual and formal argument lists differ in length))
  where T#1,T#2 are type-variables:
    T#1 extends Object declared in method <T#1>set(EntityDataAccessor<T#1>,T#1)
    T#2 extends Object declared in method <T#2>set(EntityDataAccessor<T#2>,T#2,boolean)
G:\Proyectos\Mods_Minecraft\the_sundering\neoforge\26.2\src\main\java\com\skd\thesundering\entity\InternalAnimationMonster\IABossMonsters\Scylla\Scylla_Entity.java:674: error: no suitable method found for set(EntityDataAccessor<Boolean>,Object)
        this.entityData.set(CHAIN_ANCHOR, (Object)weapon);
                       ^
    method SynchedEntityData.<T#1>set(EntityDataAccessor<T#1>,T#1) is not applicable
      (inference variable T#1 has incompatible bounds
        equality constraints: Boolean
        lower bounds: Object)
    method SynchedEntityData.<T#2>set(EntityDataAccessor<T#2>,T#2,boolean) is not applicable
      (cannot infer type-variable(s) T#2
        (actual and formal argument lists differ in length))
  where T#1,T#2 are type-variables:
    T#1 extends Object declared in method <T#1>set(EntityDataAccessor<T#1>,T#1)
    T#2 extends Object declared in method <T#2>set(EntityDataAccessor<T#2>,T#2,boolean)
G:\Proyectos\Mods_Minecraft\the_sundering\neoforge\26.2\src\main\java\com\skd\thesundering\entity\InternalAnimationMonster\IABossMonsters\Scylla\Scylla_Entity.java:682: error: no suitable method found for set(EntityDataAccessor<Boolean>,Object)
        this.entityData.set(ACT, (Object)necklace);
                       ^
    method SynchedEntityData.<T#1>set(EntityDataAccessor<T#1>,T#1) is not applicable
      (inference variable T#1 has incompatible bounds
        equality constraints: Boolean
        lower bounds: Object)
    method SynchedEntityData.<T#2>set(EntityDataAccessor<T#2>,T#2,boolean) is not applicable
      (cannot infer type-variable(s) T#2
        (actual and formal argument lists differ in length))
  where T#1,T#2 are type-variables:
    T#1 extends Object declared in method <T#1>set(EntityDataAccessor<T#1>,T#1)
    T#2 extends Object declared in method <T#2>set(EntityDataAccessor<T#2>,T#2,boolean)
G:\Proyectos\Mods_Minecraft\the_sundering\neoforge\26.2\src\main\java\com\skd\thesundering\entity\InternalAnimationMonster\IABossMonsters\Scylla\Scylla_Entity.java:695: error: incompatible types: Object cannot be converted to UUID
        return ((Optional)this.entityData.get(ANCHOR_UUID)).orElse(null);
                                                                  ^
G:\Proyectos\Mods_Minecraft\the_sundering\neoforge\26.2\src\main\java\com\skd\thesundering\entity\InternalAnimationMonster\IABossMonsters\Scylla\Scylla_Entity.java:934: error: cannot find symbol
            compound.putUUID("AnchorUUID", this.getAnchorUUID());
                    ^
  symbol:   method putUUID(String,UUID)
  location: variable compound of type CompoundTag
G:\Proyectos\Mods_Minecraft\the_sundering\neoforge\26.2\src\main\java\com\skd\thesundering\entity\InternalAnimationMonster\IABossMonsters\Scylla\Scylla_Entity.java:943: error: cannot find symbol
        if (compound.hasUUID("AnchorUUID")) {
                    ^
  symbol:   method hasUUID(String)
  location: variable compound of type CompoundTag
G:\Proyectos\Mods_Minecraft\the_sundering\neoforge\26.2\src\main\java\com\skd\thesundering\entity\InternalAnimationMonster\IABossMonsters\Scylla\Scylla_Entity.java:944: error: cannot find symbol
            this.setAnchorUUID(compound.getUUID("AnchorUUID"));
                                       ^
  symbol:   method getUUID(String)
  location: variable compound of type CompoundTag
G:\Proyectos\Mods_Minecraft\the_sundering\neoforge\26.2\src\main\java\com\skd\thesundering\entity\InternalAnimationMonster\IABossMonsters\Scylla\Scylla_Entity.java:946: error: incompatible types: Optional<Integer> cannot be converted to int
        this.setPhase(compound.getInt("Phase"));
                                     ^
G:\Proyectos\Mods_Minecraft\the_sundering\neoforge\26.2\src\main\java\com\skd\thesundering\entity\InternalAnimationMonster\IABossMonsters\Scylla\Scylla_Entity.java:947: error: incompatible types: Optional<Boolean> cannot be converted to boolean
        this.setAct(compound.getBoolean("Act"));
                                       ^
G:\Proyectos\Mods_Minecraft\the_sundering\neoforge\26.2\src\main\java\com\skd\thesundering\entity\InternalAnimationMonster\IABossMonsters\Scylla\Scylla_Entity.java:965: error: no suitable method found for set(EntityDataAccessor<Integer>,Object)
            this.entityData.set(ANCHOR_ID, (Object)anchor.getId());
                           ^
    method SynchedEntityData.<T#1>set(EntityDataAccessor<T#1>,T#1) is not applicable
      (inference variable T#1 has incompatible bounds
        equality constraints: Integer
        lower bounds: Object)
    method SynchedEntityData.<T#2>set(EntityDataAccessor<T#2>,T#2,boolean) is not applicable
      (cannot infer type-variable(s) T#2
        (actual and formal argument lists differ in length))
  where T#1,T#2 are type-variables:
    T#1 extends Object declared in method <T#1>set(EntityDataAccessor<T#1>,T#1)
    T#2 extends Object declared in method <T#2>set(EntityDataAccessor<T#2>,T#2,boolean)
G:\Proyectos\Mods_Minecraft\the_sundering\neoforge\26.2\src\main\java\com\skd\thesundering\entity\InternalAnimationMonster\IABossMonsters\Scylla\Scylla_Entity.java:1015: error: incompatible types: Level cannot be converted to ServerLevel
            if (this.destroyBlocksTick == 0 && EventHooks.canEntityGrief((Level)this.level(), (Entity)this)) {
                                                                         ^
G:\Proyectos\Mods_Minecraft\the_sundering\neoforge\26.2\src\main\java\com\skd\thesundering\entity\InternalAnimationMonster\IABossMonsters\Scylla\Scylla_Entity.java:1242: error: cannot find symbol
                if (CMCommonConfig.Scylla.WeatherChange && this.level().getGameRules().getBoolean(GameRules.RULE_WEATHER_CYCLE) && (g2 = this.level()) instanceof ServerLevel) {
                                                                                                  ^
  symbol:   variable GameRules
  location: class Scylla_Entity
G:\Proyectos\Mods_Minecraft\the_sundering\neoforge\26.2\src\main\java\com\skd\thesundering\entity\InternalAnimationMonster\IABossMonsters\Scylla\Scylla_Entity.java:1242: error: cannot find symbol
                if (CMCommonConfig.Scylla.WeatherChange && this.level().getGameRules().getBoolean(GameRules.RULE_WEATHER_CYCLE) && (g2 = this.level()) instanceof ServerLevel) {
                                                                       ^
  symbol:   method getGameRules()
  location: class Level
G:\Proyectos\Mods_Minecraft\the_sundering\neoforge\26.2\src\main\java\com\skd\thesundering\entity\InternalAnimationMonster\IABossMonsters\Scylla\Scylla_Entity.java:1244: error: cannot find symbol
                    serverLevel.setWeatherParameters(24000, 0, false, false);
                               ^
  symbol:   method setWeatherParameters(int,int,boolean,boolean)
  location: variable serverLevel of type ServerLevel
G:\Proyectos\Mods_Minecraft\the_sundering\neoforge\26.2\src\main\java\com\skd\thesundering\entity\InternalAnimationMonster\IABossMonsters\Scylla\Scylla_Entity.java:1429: error: variable g32 is already defined in method aiStep()
                    float g32 = 0.94509804f;
                          ^
G:\Proyectos\Mods_Minecraft\the_sundering\neoforge\26.2\src\main\java\com\skd\thesundering\entity\InternalAnimationMonster\IABossMonsters\Scylla\Scylla_Entity.java:1441: error: cannot find symbol
            if (this.attackTicks == 30 && CMCommonConfig.Scylla.WeatherChange && this.level().getGameRules().getBoolean(GameRules.RULE_WEATHER_CYCLE) && (g32 = this.level()) instanceof ServerLevel) {
                                                                                                                        ^
  symbol:   variable GameRules
  location: class Scylla_Entity
G:\Proyectos\Mods_Minecraft\the_sundering\neoforge\26.2\src\main\java\com\skd\thesundering\entity\InternalAnimationMonster\IABossMonsters\Scylla\Scylla_Entity.java:1441: error: cannot find symbol
            if (this.attackTicks == 30 && CMCommonConfig.Scylla.WeatherChange && this.level().getGameRules().getBoolean(GameRules.RULE_WEATHER_CYCLE) && (g32 = this.level()) instanceof ServerLevel) {
                                                                                             ^
  symbol:   method getGameRules()
  location: class Level
G:\Proyectos\Mods_Minecraft\the_sundering\neoforge\26.2\src\main\java\com\skd\thesundering\entity\InternalAnimationMonster\IABossMonsters\Scylla\Scylla_Entity.java:1443: error: cannot find symbol
                serverLevel.setWeatherParameters(0, 24000, true, false);
                           ^
  symbol:   method setWeatherParameters(int,int,boolean,boolean)
  location: variable serverLevel of type ServerLevel
G:\Proyectos\Mods_Minecraft\the_sundering\neoforge\26.2\src\main\java\com\skd\thesundering\entity\InternalAnimationMonster\IABossMonsters\Scylla\Scylla_Entity.java:1450: error: variable math2 is already defined in method aiStep()
                float math2 = 0.5f;
                      ^
G:\Proyectos\Mods_Minecraft\the_sundering\neoforge\26.2\src\main\java\com\skd\thesundering\entity\InternalAnimationMonster\IABossMonsters\Scylla\Scylla_Entity.java:1488: error: cannot find symbol
            if (this.attackTicks == 30 && CMCommonConfig.Scylla.WeatherChange && this.level().getGameRules().getBoolean(GameRules.RULE_WEATHER_CYCLE) && (math2 = this.level()) instanceof ServerLevel) {
                                                                                                                        ^
  symbol:   variable GameRules
  location: class Scylla_Entity
G:\Proyectos\Mods_Minecraft\the_sundering\neoforge\26.2\src\main\java\com\skd\thesundering\entity\InternalAnimationMonster\IABossMonsters\Scylla\Scylla_Entity.java:1488: error: cannot find symbol
            if (this.attackTicks == 30 && CMCommonConfig.Scylla.WeatherChange && this.level().getGameRules().getBoolean(GameRules.RULE_WEATHER_CYCLE) && (math2 = this.level()) instanceof ServerLevel) {
                                                                                             ^
  symbol:   method getGameRules()
  location: class Level
G:\Proyectos\Mods_Minecraft\the_sundering\neoforge\26.2\src\main\java\com\skd\thesundering\entity\InternalAnimationMonster\IABossMonsters\Scylla\Scylla_Entity.java:1490: error: cannot find symbol
                serverLevel.setWeatherParameters(0, 24000, true, true);
                           ^
  symbol:   method setWeatherParameters(int,int,boolean,boolean)
  location: variable serverLevel of type ServerLevel
G:\Proyectos\Mods_Minecraft\the_sundering\neoforge\26.2\src\main\java\com\skd\thesundering\entity\InternalAnimationMonster\IABossMonsters\Scylla\Scylla_Entity.java:1803: error: incompatible types: Object cannot be converted to LivingEntity
            for (LivingEntity entity : hit) {
                                       ^
G:\Proyectos\Mods_Minecraft\the_sundering\neoforge\26.2\src\main\java\com\skd\thesundering\entity\InternalAnimationMonster\IABossMonsters\Scylla\Scylla_Entity.java:1805: error: incompatible types: void cannot be converted to boolean
                boolean flag = entity.hurt(damagesource, (float)(this.getAttributeValue(Attributes.ATTACK_DAMAGE) * (double)damage + Math.min(this.getAttributeValue(Attributes.ATTACK_DAMAGE) * (double)damage, (double)(entity.getMaxHealth() * hpdamage))));
                                          ^
G:\Proyectos\Mods_Minecraft\the_sundering\neoforge\26.2\src\main\java\com\skd\thesundering\entity\InternalAnimationMonster\IABossMonsters\Scylla\Scylla_Entity.java:1806: error: cannot find symbol
                if (entity.isDamageSourceBlocked(damagesource) && entity instanceof Player) {
                          ^
  symbol:   method isDamageSourceBlocked(DamageSource)
  location: variable entity of type LivingEntity
G:\Proyectos\Mods_Minecraft\the_sundering\neoforge\26.2\src\main\java\com\skd\thesundering\entity\InternalAnimationMonster\IABossMonsters\Scylla\Scylla_Entity.java:1813: error: random has protected access in Level
                entity.setDeltaMovement(entity.getDeltaMovement().add(0.0, (double)airborne * distance + this.level().random.nextDouble() * 0.15, 0.0));
                                                                                                                     ^
G:\Proyectos\Mods_Minecraft\the_sundering\neoforge\26.2\src\main\java\com\skd\thesundering\entity\InternalAnimationMonster\IABossMonsters\Scylla\Scylla_Entity.java:1946: error: incompatible types: void cannot be converted to boolean
                boolean hurt = entityHit.hurt(damagesource, (float)(this.getAttributeValue(Attributes.ATTACK_DAMAGE) * (double)damage + Math.min(this.getAttributeValue(Attributes.ATTACK_DAMAGE) * (double)damage, (double)(entityHit.getMaxHealth() * (float)CMCommonConfig.Scylla.HpDamage))));
                                             ^
G:\Proyectos\Mods_Minecraft\the_sundering\neoforge\26.2\src\main\java\com\skd\thesundering\entity\InternalAnimationMonster\IABossMonsters\Scylla\Scylla_Entity.java:1947: error: cannot find symbol
                if (entityHit.isDamageSourceBlocked(damagesource) && entityHit instanceof Player) {
                             ^
  symbol:   method isDamageSourceBlocked(DamageSource)
  location: variable entityHit of type LivingEntity
G:\Proyectos\Mods_Minecraft\the_sundering\neoforge\26.2\src\main\java\com\skd\thesundering\entity\InternalAnimationMonster\IABossMonsters\Scylla\Scylla_Entity.java:2033: error: isAlliedTo(Entity) in Scylla_Entity cannot override isAlliedTo(@org.jspecify.annotations.Nullable Entity) in Entity
    public boolean isAlliedTo(Entity entityIn) {
                   ^
  overridden method is final
G:\Proyectos\Mods_Minecraft\the_sundering\neoforge\26.2\src\main\java\com\skd\thesundering\entity\InternalAnimationMonster\IABossMonsters\Scylla\Scylla_Entity.java:2040: error: cannot find symbol
        if (entityIn.getType().is(ModTag.TEAM_SCYLLA)) {
                              ^
  symbol:   method is(TagKey<EntityType<?>>)
  location: class EntityType<CAP#1>
  where CAP#1 is a fresh type-variable:
    CAP#1 extends Entity from capture of ?
G:\Proyectos\Mods_Minecraft\the_sundering\neoforge\26.2\src\main\java\com\skd\thesundering\entity\InternalAnimationMonster\IABossMonsters\Scylla\Scylla_Entity.java:2092: error: isAffectedByFluids() in Scylla_Entity cannot override isAffectedByFluids() in LivingEntity
    protected boolean isAffectedByFluids() {
                      ^
  attempting to assign weaker access privileges; was public
G:\Proyectos\Mods_Minecraft\the_sundering\neoforge\26.2\src\main\java\com\skd\thesundering\entity\InternalAnimationMonster\IABossMonsters\Scylla\Scylla_Entity.java:2107: error: cannot find symbol
            if (collisioncontext.isAbove(LiquidBlock.STABLE_SHAPE, this.blockPosition(), true) && !this.level().getFluidState(this.blockPosition().above()).is(FluidTags.WATER)) {
                                                    ^
  symbol:   variable STABLE_SHAPE
  location: class LiquidBlock
G:\Proyectos\Mods_Minecraft\the_sundering\neoforge\26.2\src\main\java\com\skd\thesundering\client\model\entity\Storm_Serpent_Model.java:85: error: cannot find symbol
        this.animate(entity.getAnimationState("spawn"), Storm_Serpent_Animation.STORM_SERPENT, ageInTicks, 1.0f);
            ^
  symbol: method animate(AnimationState,AnimationDefinition,float,float)
G:\Proyectos\Mods_Minecraft\the_sundering\neoforge\26.2\src\main\java\com\skd\thesundering\client\model\entity\Storm_Serpent_Model.java:86: error: cannot find symbol
        this.animate(entity.getAnimationState("spawn2"), Storm_Serpent_Animation.STORM_SERPENT2, ageInTicks, 1.0f);
            ^
  symbol: method animate(AnimationState,AnimationDefinition,float,float)
G:\Proyectos\Mods_Minecraft\the_sundering\neoforge\26.2\src\main\java\com\skd\thesundering\entity\projectile\Storm_Serpent_Entity.java:54: error: Storm_Serpent_Entity is not abstract and does not override abstract method addAdditionalSaveData(ValueOutput) in Entity
public class Storm_Serpent_Entity
       ^
G:\Proyectos\Mods_Minecraft\the_sundering\neoforge\26.2\src\main\java\com\skd\thesundering\entity\projectile\Storm_Serpent_Entity.java:88: error: method define in class Builder cannot be applied to given types;
        p_326229_.define(STATE, (Object)0);
                 ^
  required: EntityDataAccessor<T>,T
  found:    EntityDataAccessor<Integer>,Object
  reason: inference variable T has incompatible bounds
    equality constraints: Integer
    lower bounds: Object
  where T is a type-variable:
    T extends Object declared in method <T>define(EntityDataAccessor<T>,T)
G:\Proyectos\Mods_Minecraft\the_sundering\neoforge\26.2\src\main\java\com\skd\thesundering\entity\projectile\Storm_Serpent_Entity.java:89: error: method define in class Builder cannot be applied to given types;
        p_326229_.define(DAMAGE, (Object)Float.valueOf(0.0f));
                 ^
  required: EntityDataAccessor<T>,T
  found:    EntityDataAccessor<Float>,Object
  reason: inference variable T has incompatible bounds
    equality constraints: Float
    lower bounds: Object
  where T is a type-variable:
    T extends Object declared in method <T>define(EntityDataAccessor<T>,T)
G:\Proyectos\Mods_Minecraft\the_sundering\neoforge\26.2\src\main\java\com\skd\thesundering\entity\projectile\Storm_Serpent_Entity.java:90: error: method define in class Builder cannot be applied to given types;
        p_326229_.define(RIGHT, (Object)false);
                 ^
  required: EntityDataAccessor<T>,T
  found:    EntityDataAccessor<Boolean>,Object
  reason: inference variable T has incompatible bounds
    equality constraints: Boolean
    lower bounds: Object
  where T is a type-variable:
    T extends Object declared in method <T>define(EntityDataAccessor<T>,T)
G:\Proyectos\Mods_Minecraft\the_sundering\neoforge\26.2\src\main\java\com\skd\thesundering\entity\projectile\Storm_Serpent_Entity.java:134: error: no suitable method found for set(EntityDataAccessor<Integer>,Object)
        this.entityData.set(STATE, (Object)state);
                       ^
    method SynchedEntityData.<T#1>set(EntityDataAccessor<T#1>,T#1) is not applicable
      (inference variable T#1 has incompatible bounds
        equality constraints: Integer
        lower bounds: Object)
    method SynchedEntityData.<T#2>set(EntityDataAccessor<T#2>,T#2,boolean) is not applicable
      (cannot infer type-variable(s) T#2
        (actual and formal argument lists differ in length))
  where T#1,T#2 are type-variables:
    T#1 extends Object declared in method <T#1>set(EntityDataAccessor<T#1>,T#1)
    T#2 extends Object declared in method <T#2>set(EntityDataAccessor<T#2>,T#2,boolean)
G:\Proyectos\Mods_Minecraft\the_sundering\neoforge\26.2\src\main\java\com\skd\thesundering\entity\projectile\Storm_Serpent_Entity.java:142: error: no suitable method found for set(EntityDataAccessor<Boolean>,Object)
        this.entityData.set(RIGHT, (Object)right);
                       ^
    method SynchedEntityData.<T#1>set(EntityDataAccessor<T#1>,T#1) is not applicable
      (inference variable T#1 has incompatible bounds
        equality constraints: Boolean
        lower bounds: Object)
    method SynchedEntityData.<T#2>set(EntityDataAccessor<T#2>,T#2,boolean) is not applicable
      (cannot infer type-variable(s) T#2
        (actual and formal argument lists differ in length))
  where T#1,T#2 are type-variables:
    T#1 extends Object declared in method <T#1>set(EntityDataAccessor<T#1>,T#1)
    T#2 extends Object declared in method <T#2>set(EntityDataAccessor<T#2>,T#2,boolean)
G:\Proyectos\Mods_Minecraft\the_sundering\neoforge\26.2\src\main\java\com\skd\thesundering\entity\projectile\Storm_Serpent_Entity.java:150: error: no suitable method found for set(EntityDataAccessor<Float>,Object)
        this.entityData.set(DAMAGE, (Object)Float.valueOf(damage));
                       ^
    method SynchedEntityData.<T#1>set(EntityDataAccessor<T#1>,T#1) is not applicable
      (inference variable T#1 has incompatible bounds
        equality constraints: Float
        lower bounds: Object)
    method SynchedEntityData.<T#2>set(EntityDataAccessor<T#2>,T#2,boolean) is not applicable
      (cannot infer type-variable(s) T#2
        (actual and formal argument lists differ in length))
  where T#1,T#2 are type-variables:
    T#1 extends Object declared in method <T#1>set(EntityDataAccessor<T#1>,T#1)
    T#2 extends Object declared in method <T#2>set(EntityDataAccessor<T#2>,T#2,boolean)
G:\Proyectos\Mods_Minecraft\the_sundering\neoforge\26.2\src\main\java\com\skd\thesundering\entity\projectile\Storm_Serpent_Entity.java:168: error: incompatible types: Optional<Integer> cannot be converted to int
        this.warmupDelayTicks = compound.getInt("Warmup");
                                               ^
G:\Proyectos\Mods_Minecraft\the_sundering\neoforge\26.2\src\main\java\com\skd\thesundering\entity\projectile\Storm_Serpent_Entity.java:169: error: cannot find symbol
        if (compound.hasUUID("Owner")) {
                    ^
  symbol:   method hasUUID(String)
  location: variable compound of type CompoundTag
G:\Proyectos\Mods_Minecraft\the_sundering\neoforge\26.2\src\main\java\com\skd\thesundering\entity\projectile\Storm_Serpent_Entity.java:170: error: cannot find symbol
            this.casterUuid = compound.getUUID("Owner");
                                      ^
  symbol:   method getUUID(String)
  location: variable compound of type CompoundTag
G:\Proyectos\Mods_Minecraft\the_sundering\neoforge\26.2\src\main\java\com\skd\thesundering\entity\projectile\Storm_Serpent_Entity.java:172: error: cannot find symbol
        if (compound.hasUUID("Target")) {
                    ^
  symbol:   method hasUUID(String)
  location: variable compound of type CompoundTag
G:\Proyectos\Mods_Minecraft\the_sundering\neoforge\26.2\src\main\java\com\skd\thesundering\entity\projectile\Storm_Serpent_Entity.java:173: error: cannot find symbol
            this.targetId = compound.getUUID("Target");
                                    ^
  symbol:   method getUUID(String)
  location: variable compound of type CompoundTag
G:\Proyectos\Mods_Minecraft\the_sundering\neoforge\26.2\src\main\java\com\skd\thesundering\entity\projectile\Storm_Serpent_Entity.java:175: error: incompatible types: Optional<Float> cannot be converted to float
        this.setDamage(compound.getFloat("Damage"));
                                        ^
G:\Proyectos\Mods_Minecraft\the_sundering\neoforge\26.2\src\main\java\com\skd\thesundering\entity\projectile\Storm_Serpent_Entity.java:180: error: cannot find symbol
            compound.putUUID("Target", this.finalTarget.getUUID());
                    ^
  symbol:   method putUUID(String,UUID)
  location: variable compound of type CompoundTag
G:\Proyectos\Mods_Minecraft\the_sundering\neoforge\26.2\src\main\java\com\skd\thesundering\entity\projectile\Storm_Serpent_Entity.java:184: error: cannot find symbol
            compound.putUUID("Owner", this.casterUuid);
                    ^
  symbol:   method putUUID(String,UUID)
  location: variable compound of type CompoundTag
G:\Proyectos\Mods_Minecraft\the_sundering\neoforge\26.2\src\main\java\com\skd\thesundering\entity\projectile\Storm_Serpent_Entity.java:312: error: incompatible types: void cannot be converted to boolean
            } else if (!livingentity.isAlliedTo((Entity)Hitentity) && !Hitentity.isAlliedTo((Entity)livingentity) && (flag = Hitentity.hurt(this.damageSources().indirectMagic((Entity)this, (Entity)livingentity), this.getDamage()))) {
                                                                                                                                           ^
G:\Proyectos\Mods_Minecraft\the_sundering\neoforge\26.2\src\main\java\com\skd\thesundering\client\model\entity\Symbiocto_Model.java:107: error: cannot find symbol
        this.animateWalk(Symbiocto_Animation.WALK, limbSwing, limbSwingAmount, 2.0f, 4.0f);
            ^
  symbol: method animateWalk(AnimationDefinition,float,float,float,float)
G:\Proyectos\Mods_Minecraft\the_sundering\neoforge\26.2\src\main\java\com\skd\thesundering\client\model\entity\Symbiocto_Model.java:108: error: cannot find symbol
        this.animate(entity.getAnimationState("idle"), Symbiocto_Animation.IDLE, ageInTicks, 1.0f);
            ^
  symbol: method animate(AnimationState,AnimationDefinition,float,float)
G:\Proyectos\Mods_Minecraft\the_sundering\neoforge\26.2\src\main\java\com\skd\thesundering\client\model\entity\Symbiocto_Model.java:109: error: cannot find symbol
        this.animate(entity.getAnimationState("attack"), Symbiocto_Animation.ATTACK, ageInTicks, 1.0f);
            ^
  symbol: method animate(AnimationState,AnimationDefinition,float,float)
G:\Proyectos\Mods_Minecraft\the_sundering\neoforge\26.2\src\main\java\com\skd\thesundering\client\model\entity\Symbiocto_Model.java:110: error: cannot find symbol
        this.animate(entity.getAnimationState("spit"), Symbiocto_Animation.INK, ageInTicks, 1.0f);
            ^
  symbol: method animate(AnimationState,AnimationDefinition,float,float)
G:\Proyectos\Mods_Minecraft\the_sundering\neoforge\26.2\src\main\java\com\skd\thesundering\client\model\entity\Symbiocto_Model.java:111: error: cannot find symbol
        if (this.riding) {
                ^
  symbol: variable riding
G:\Proyectos\Mods_Minecraft\the_sundering\neoforge\26.2\src\main\java\com\skd\thesundering\client\model\entity\Symbiocto_Model.java:130: error: children has private access in ModelPart
        for (Map.Entry entry : part.children.entrySet()) {
                                   ^
G:\Proyectos\Mods_Minecraft\the_sundering\neoforge\26.2\src\main\java\com\skd\thesundering\client\model\entity\Symbiocto_Model.java:135: error: children has private access in ModelPart
            if (childPart.children.isEmpty()) continue;
                         ^
G:\Proyectos\Mods_Minecraft\the_sundering\neoforge\26.2\src\main\java\com\skd\thesundering\entity\InternalAnimationMonster\AcropolisMonsters\Symbiocto_Entity.java:130: error: cannot find symbol
        if (this.isControlledByLocalInstance() && this.isInWater() && this.wantsToSwim()) {
                ^
  symbol: method isControlledByLocalInstance()
G:\Proyectos\Mods_Minecraft\the_sundering\neoforge\26.2\src\main\java\com\skd\thesundering\entity\InternalAnimationMonster\AcropolisMonsters\Symbiocto_Entity.java:169: error: incompatible types: Entity cannot be converted to Drowned_Host_Entity
        return this.getVehicle() instanceof Drowned_Host_Entity;
                              ^
G:\Proyectos\Mods_Minecraft\the_sundering\neoforge\26.2\src\main\java\com\skd\thesundering\entity\InternalAnimationMonster\AcropolisMonsters\Symbiocto_Entity.java:174: error: method define in class Builder cannot be applied to given types;
        p_326229_.define(ATTACK_STATE, (Object)0);
                 ^
  required: EntityDataAccessor<T>,T
  found:    EntityDataAccessor<Integer>,Object
  reason: inference variable T has incompatible bounds
    equality constraints: Integer
    lower bounds: Object
  where T is a type-variable:
    T extends Object declared in method <T>define(EntityDataAccessor<T>,T)
G:\Proyectos\Mods_Minecraft\the_sundering\neoforge\26.2\src\main\java\com\skd\thesundering\entity\InternalAnimationMonster\AcropolisMonsters\Symbiocto_Entity.java:199: error: no suitable method found for set(EntityDataAccessor<Integer>,Object)
        this.entityData.set(ATTACK_STATE, (Object)input);
                       ^
    method SynchedEntityData.<T#1>set(EntityDataAccessor<T#1>,T#1) is not applicable
      (inference variable T#1 has incompatible bounds
        equality constraints: Integer
        lower bounds: Object)
    method SynchedEntityData.<T#2>set(EntityDataAccessor<T#2>,T#2,boolean) is not applicable
      (cannot infer type-variable(s) T#2
        (actual and formal argument lists differ in length))
  where T#1,T#2 are type-variables:
    T#1 extends Object declared in method <T#1>set(EntityDataAccessor<T#1>,T#1)
    T#2 extends Object declared in method <T#2>set(EntityDataAccessor<T#2>,T#2,boolean)
G:\Proyectos\Mods_Minecraft\the_sundering\neoforge\26.2\src\main\java\com\skd\thesundering\entity\InternalAnimationMonster\AcropolisMonsters\Symbiocto_Entity.java:204: error: method isInvulnerableTo in class LivingEntity cannot be applied to given types;
        return source.is(DamageTypes.IN_WALL) || super.isInvulnerableTo(source);
                                                      ^
  required: ServerLevel,DamageSource
  found:    DamageSource
  reason: actual and formal argument lists differ in length
G:\Proyectos\Mods_Minecraft\the_sundering\neoforge\26.2\src\main\java\com\skd\thesundering\entity\InternalAnimationMonster\AcropolisMonsters\Symbiocto_Entity.java:213: error: method doHurtTarget in class Mob cannot be applied to given types;
        return super.doHurtTarget(p_219472_);
                    ^
  required: ServerLevel,Entity
  found:    Entity
  reason: actual and formal argument lists differ in length
G:\Proyectos\Mods_Minecraft\the_sundering\neoforge\26.2\src\main\java\com\skd\thesundering\entity\InternalAnimationMonster\AcropolisMonsters\Symbiocto_Entity.java:217: error: incompatible types: CompoundTag cannot be converted to ValueOutput
        super.addAdditionalSaveData(compound);
                                    ^
G:\Proyectos\Mods_Minecraft\the_sundering\neoforge\26.2\src\main\java\com\skd\thesundering\entity\InternalAnimationMonster\AcropolisMonsters\Symbiocto_Entity.java:221: error: incompatible types: CompoundTag cannot be converted to ValueInput
        super.readAdditionalSaveData(compound);
                                     ^
G:\Proyectos\Mods_Minecraft\the_sundering\neoforge\26.2\src\main\java\com\skd\thesundering\entity\InternalAnimationMonster\AcropolisMonsters\Symbiocto_Entity.java:248: error: isAlliedTo(Entity) in Symbiocto_Entity cannot override isAlliedTo(@org.jspecify.annotations.Nullable Entity) in Entity
    public boolean isAlliedTo(Entity entityIn) {
                   ^
  overridden method is final
G:\Proyectos\Mods_Minecraft\the_sundering\neoforge\26.2\src\main\java\com\skd\thesundering\entity\InternalAnimationMonster\AcropolisMonsters\Symbiocto_Entity.java:255: error: cannot find symbol
        if (entityIn.getType().is(ModTag.TEAM_SCYLLA)) {
                              ^
  symbol:   method is(TagKey<EntityType<?>>)
  location: class EntityType<CAP#1>
  where CAP#1 is a fresh type-variable:
    CAP#1 extends Entity from capture of ?
G:\Proyectos\Mods_Minecraft\the_sundering\neoforge\26.2\src\main\java\com\skd\thesundering\client\model\entity\The_Baby_Leviathan_Model.java:386: error: incompatible types: inference variable E has incompatible bounds
        return ImmutableList.of((Object)this.root, (Object)this.body, (Object)this.main_belly, (Object)this.r_tentacle, (Object)this.r_tentacle2, (Object)this.r_hook1, (Object)this.r_hook2, (Object)this.r_hook3, (Object)this.r_hook4, (Object)this.l_tentacle, (Object)this.l_tentacle2, (Object)this.l_hook1, (Object[])new AdvancedModelBox[]{this.l_hook2, this.l_hook3, this.l_hook4, this.belly, this.r_down_fin, this.l_down_fin, this.tail, this.tail_back, this.r_spike1, this.r_spike2, this.head, this.maw, this.skul, this.main_mouth, this.mouth1, this.mouth1_e, this.mouth2, this.mouth2_e, this.mouth3, this.mouth3_e, this.mouth4, this.mouth4_e, this.r_fin, this.l_fin, this.l_spike1, this.l_spike2});
                               ^
    equality constraints: AdvancedModelBox
    lower bounds: Object
  where E is a type-variable:
    E extends Object declared in method <E>of(E,E,E,E,E,E,E,E,E,E,E,E,E...)
G:\Proyectos\Mods_Minecraft\the_sundering\neoforge\26.2\src\main\java\com\skd\thesundering\entity\Pet\The_Baby_Leviathan_Entity.java:204: error: hurt(DamageSource,float) in The_Baby_Leviathan_Entity cannot override hurt(DamageSource,float) in Entity
    public boolean hurt(DamageSource source, float amount) {
                   ^
  overridden method is final
G:\Proyectos\Mods_Minecraft\the_sundering\neoforge\26.2\src\main\java\com\skd\thesundering\entity\Pet\The_Baby_Leviathan_Entity.java:209: error: incompatible types: void cannot be converted to boolean
        return super.hurt(source, amount);
                         ^
G:\Proyectos\Mods_Minecraft\the_sundering\neoforge\26.2\src\main\java\com\skd\thesundering\entity\AI\EntityAINearestTarget3D.java:31: error: incompatible types: Predicate<LivingEntity> cannot be converted to Selector
        super(goalOwnerIn, targetClassIn, targetChanceIn, checkSight, nearbyOnlyIn, targetPredicate);
                                                                                    ^
G:\Proyectos\Mods_Minecraft\the_sundering\neoforge\26.2\src\main\java\com\skd\thesundering\entity\Pet\The_Baby_Leviathan_Entity.java:273: error: method isInvulnerableTo in class LivingEntity cannot be applied to given types;
        return source.is(DamageTypes.IN_WALL) || source.is(DamageTypes.FALLING_BLOCK) || super.isInvulnerableTo(source);
                                                                                              ^
  required: ServerLevel,DamageSource
  found:    DamageSource
  reason: actual and formal argument lists differ in length
G:\Proyectos\Mods_Minecraft\the_sundering\neoforge\26.2\src\main\java\com\skd\thesundering\entity\Pet\The_Baby_Leviathan_Entity.java:279: error: method define in class Builder cannot be applied to given types;
        p_326229_.define(FROM_BUCKET, (Object)false);
                 ^
  required: EntityDataAccessor<T>,T
  found:    EntityDataAccessor<Boolean>,Object
  reason: inference variable T has incompatible bounds
    equality constraints: Boolean
    lower bounds: Object
  where T is a type-variable:
    T extends Object declared in method <T>define(EntityDataAccessor<T>,T)
G:\Proyectos\Mods_Minecraft\the_sundering\neoforge\26.2\src\main\java\com\skd\thesundering\entity\Pet\The_Baby_Leviathan_Entity.java:291: error: incompatible types: Optional<Boolean> cannot be converted to boolean
        this.setFromBucket(compound.getBoolean("FromBucket"));
                                              ^
G:\Proyectos\Mods_Minecraft\the_sundering\neoforge\26.2\src\main\java\com\skd\thesundering\entity\Pet\The_Baby_Leviathan_Entity.java:304: error: no suitable method found for set(EntityDataAccessor<Boolean>,Object)
        this.entityData.set(FROM_BUCKET, (Object)sit);
                       ^
    method SynchedEntityData.<T#1>set(EntityDataAccessor<T#1>,T#1) is not applicable
      (inference variable T#1 has incompatible bounds
        equality constraints: Boolean
        lower bounds: Object)
    method SynchedEntityData.<T#2>set(EntityDataAccessor<T#2>,T#2,boolean) is not applicable
      (cannot infer type-variable(s) T#2
        (actual and formal argument lists differ in length))
  where T#1,T#2 are type-variables:
    T#1 extends Object declared in method <T#1>set(EntityDataAccessor<T#1>,T#1)
    T#2 extends Object declared in method <T#2>set(EntityDataAccessor<T#2>,T#2,boolean)
G:\Proyectos\Mods_Minecraft\the_sundering\neoforge\26.2\src\main\java\com\skd\thesundering\entity\Pet\The_Baby_Leviathan_Entity.java:308: error: cannot find symbol
        Bucketable.saveDefaultDataToBucketTag((Mob)this, (ItemStack)bucket);
        ^
  symbol:   variable Bucketable
  location: class The_Baby_Leviathan_Entity
G:\Proyectos\Mods_Minecraft\the_sundering\neoforge\26.2\src\main\java\com\skd\thesundering\entity\Pet\The_Baby_Leviathan_Entity.java:314: error: cannot find symbol
        Bucketable.loadDefaultDataFromBucketTag((Mob)this, (CompoundTag)p_148832_);
        ^
  symbol:   variable Bucketable
  location: class The_Baby_Leviathan_Entity
G:\Proyectos\Mods_Minecraft\the_sundering\neoforge\26.2\src\main\java\com\skd\thesundering\entity\Pet\The_Baby_Leviathan_Entity.java:353: error: cannot find symbol
        if (this.isTame() && (result = Bucketable.bucketMobPickup((Player)player, (InteractionHand)hand, (LivingEntity)this)).isPresent()) {
                                       ^
  symbol:   variable Bucketable
  location: class The_Baby_Leviathan_Entity
G:\Proyectos\Mods_Minecraft\the_sundering\neoforge\26.2\src\main\java\com\skd\thesundering\entity\Pet\The_Baby_Leviathan_Entity.java:363: error: cannot find symbol
            player.displayClientMessage((Component)Component.translatable((String)("entity.cataclysm.all.command_" + this.getCommand()), (Object[])new Object[]{this.getName()}), true);
                  ^
  symbol:   method displayClientMessage(Component,boolean)
  location: variable player of type Player
G:\Proyectos\Mods_Minecraft\the_sundering\neoforge\26.2\src\main\java\com\skd\thesundering\entity\Pet\The_Baby_Leviathan_Entity.java:436: error: incompatible types: Object cannot be converted to LivingEntity
        for (LivingEntity entity : entities) {
                                   ^
G:\Proyectos\Mods_Minecraft\the_sundering\neoforge\26.2\src\main\java\com\skd\thesundering\entity\Pet\The_Baby_Leviathan_Entity.java:454: error: isAlliedTo(Entity) in The_Baby_Leviathan_Entity cannot override isAlliedTo(@org.jspecify.annotations.Nullable Entity) in Entity
    public boolean isAlliedTo(Entity entityIn) {
                   ^
  overridden method is final
G:\Proyectos\Mods_Minecraft\the_sundering\neoforge\26.2\src\main\java\com\skd\thesundering\client\model\entity\The_Harbinger_Model.java:499: error: incompatible types: inference variable E has incompatible bounds
        return ImmutableList.of((Object)this.root, (Object)this.main_head, (Object)this.mid, (Object)this.head, (Object)this.headgear, (Object)this.eyebrows, (Object)this.jaw, (Object)this.righthead, (Object)this.rightlaser, (Object)this.rightlaser2, (Object)this.right_guard, (Object)this.right_upper_guard, (Object[])new AdvancedModelBox[]{this.right_lower_guard, this.lefthead, this.left_side_guard, this.left_upper_guard, this.left_lower_guard, this.leftlaser, this.leftlaser2, this.body, this.tail, this.nether_star, this.tailbone, this.jetpack, this.rightside, this.rightedge1, this.rightedge2, this.rightedge3, this.leftside, this.leftedge1, this.leftedge2, this.leftedge3, this.left_jet, this.right_jet});
                               ^
    equality constraints: AdvancedModelBox
    lower bounds: Object
  where E is a type-variable:
    E extends Object declared in method <E>of(E,E,E,E,E,E,E,E,E,E,E,E,E...)
G:\Proyectos\Mods_Minecraft\the_sundering\neoforge\26.2\src\main\java\com\skd\thesundering\entity\AnimationMonster\BossMonsters\The_Harbinger_Entity.java:195: error: cannot find symbol
    private static final Predicate<LivingEntity> LIVING_ENTITY_SELECTOR = p_31504_ -> p_31504_.attackable() && !p_31504_.getType().is(ModTag.TEAM_THE_HARBINGER);
                                                                                                                                  ^
  symbol:   method is(TagKey<EntityType<?>>)
  location: class EntityType<CAP#1>
  where CAP#1 is a fresh type-variable:
    CAP#1 extends Entity from capture of ?
G:\Proyectos\Mods_Minecraft\the_sundering\neoforge\26.2\src\main\java\com\skd\thesundering\entity\AnimationMonster\BossMonsters\The_Harbinger_Entity.java:196: error: incompatible types: Predicate<LivingEntity> cannot be converted to Selector
    private static final TargetingConditions TARGETING_CONDITIONS = TargetingConditions.forCombat().range(20.0).selector(LIVING_ENTITY_SELECTOR);
                                                                                                                         ^
G:\Proyectos\Mods_Minecraft\the_sundering\neoforge\26.2\src\main\java\com\skd\thesundering\entity\AnimationMonster\BossMonsters\The_Harbinger_Entity.java:209: error: cannot find symbol
        flyingpathnavigation.setCanPassDoors(true);
                            ^
  symbol:   method setCanPassDoors(boolean)
  location: variable flyingpathnavigation of type FlyingPathNavigation
G:\Proyectos\Mods_Minecraft\the_sundering\neoforge\26.2\src\main\java\com\skd\thesundering\entity\AnimationMonster\BossMonsters\The_Harbinger_Entity.java:231: error: incompatible types: Predicate<LivingEntity> cannot be converted to Selector
        this.targetSelector.addGoal(2, (Goal)new NearestAttackableTargetGoal((Mob)this, LivingEntity.class, 0, false, false, LIVING_ENTITY_SELECTOR));
                                                                                                                             ^
G:\Proyectos\Mods_Minecraft\the_sundering\neoforge\26.2\src\main\java\com\skd\thesundering\entity\AnimationMonster\BossMonsters\The_Harbinger_Entity.java:263: error: no suitable method found for spawnAtLocation(ItemStack,float)
        ItemEntity itementity = this.spawnAtLocation(stack, 0.0f);
                                    ^
    method Entity.spawnAtLocation(ServerLevel,ItemLike) is not applicable
      (argument mismatch; ItemStack cannot be converted to ServerLevel)
    method Entity.spawnAtLocation(ServerLevel,ItemStack) is not applicable
      (argument mismatch; ItemStack cannot be converted to ServerLevel)
G:\Proyectos\Mods_Minecraft\the_sundering\neoforge\26.2\src\main\java\com\skd\thesundering\entity\AnimationMonster\BossMonsters\The_Harbinger_Entity.java:274: error: method define in class Builder cannot be applied to given types;
        p_326229_.define(LASER_MODE, (Object)false);
                 ^
  required: EntityDataAccessor<T>,T
  found:    EntityDataAccessor<Boolean>,Object
  reason: inference variable T has incompatible bounds
    equality constraints: Boolean
    lower bounds: Object
  where T is a type-variable:
    T extends Object declared in method <T>define(EntityDataAccessor<T>,T)
G:\Proyectos\Mods_Minecraft\the_sundering\neoforge\26.2\src\main\java\com\skd\thesundering\entity\AnimationMonster\BossMonsters\The_Harbinger_Entity.java:275: error: method define in class Builder cannot be applied to given types;
        p_326229_.define(ISCHARGE, (Object)false);
                 ^
  required: EntityDataAccessor<T>,T
  found:    EntityDataAccessor<Boolean>,Object
  reason: inference variable T has incompatible bounds
    equality constraints: Boolean
    lower bounds: Object
  where T is a type-variable:
    T extends Object declared in method <T>define(EntityDataAccessor<T>,T)
G:\Proyectos\Mods_Minecraft\the_sundering\neoforge\26.2\src\main\java\com\skd\thesundering\entity\AnimationMonster\BossMonsters\The_Harbinger_Entity.java:276: error: method define in class Builder cannot be applied to given types;
        p_326229_.define(IS_ACT, (Object)true);
                 ^
  required: EntityDataAccessor<T>,T
  found:    EntityDataAccessor<Boolean>,Object
  reason: inference variable T has incompatible bounds
    equality constraints: Boolean
    lower bounds: Object
  where T is a type-variable:
    T extends Object declared in method <T>define(EntityDataAccessor<T>,T)
G:\Proyectos\Mods_Minecraft\the_sundering\neoforge\26.2\src\main\java\com\skd\thesundering\entity\AnimationMonster\BossMonsters\The_Harbinger_Entity.java:277: error: method define in class Builder cannot be applied to given types;
        p_326229_.define(FIRST_HEAD_TARGET, (Object)0);
                 ^
  required: EntityDataAccessor<T>,T
  found:    EntityDataAccessor<Integer>,Object
  reason: inference variable T has incompatible bounds
    equality constraints: Integer
    lower bounds: Object
  where T is a type-variable:
    T extends Object declared in method <T>define(EntityDataAccessor<T>,T)
G:\Proyectos\Mods_Minecraft\the_sundering\neoforge\26.2\src\main\java\com\skd\thesundering\entity\AnimationMonster\BossMonsters\The_Harbinger_Entity.java:278: error: method define in class Builder cannot be applied to given types;
        p_326229_.define(SECOND_HEAD_TARGET, (Object)0);
                 ^
  required: EntityDataAccessor<T>,T
  found:    EntityDataAccessor<Integer>,Object
  reason: inference variable T has incompatible bounds
    equality constraints: Integer
    lower bounds: Object
  where T is a type-variable:
    T extends Object declared in method <T>define(EntityDataAccessor<T>,T)
G:\Proyectos\Mods_Minecraft\the_sundering\neoforge\26.2\src\main\java\com\skd\thesundering\entity\AnimationMonster\BossMonsters\The_Harbinger_Entity.java:279: error: method define in class Builder cannot be applied to given types;
        p_326229_.define(THIRD_HEAD_TARGET, (Object)0);
                 ^
  required: EntityDataAccessor<T>,T
  found:    EntityDataAccessor<Integer>,Object
  reason: inference variable T has incompatible bounds
    equality constraints: Integer
    lower bounds: Object
  where T is a type-variable:
    T extends Object declared in method <T>define(EntityDataAccessor<T>,T)
G:\Proyectos\Mods_Minecraft\the_sundering\neoforge\26.2\src\main\java\com\skd\thesundering\entity\AnimationMonster\BossMonsters\The_Harbinger_Entity.java:280: error: method define in class Builder cannot be applied to given types;
        p_326229_.define(OVERLOAD, (Object)0);
                 ^
  required: EntityDataAccessor<T>,T
  found:    EntityDataAccessor<Integer>,Object
  reason: inference variable T has incompatible bounds
    equality constraints: Integer
    lower bounds: Object
  where T is a type-variable:
    T extends Object declared in method <T>define(EntityDataAccessor<T>,T)
G:\Proyectos\Mods_Minecraft\the_sundering\neoforge\26.2\src\main\java\com\skd\thesundering\entity\AnimationMonster\BossMonsters\The_Harbinger_Entity.java:292: error: incompatible types: Optional<Boolean> cannot be converted to boolean
        this.setIsAct(compound.getBoolean("Is_Act"));
                                         ^
G:\Proyectos\Mods_Minecraft\the_sundering\neoforge\26.2\src\main\java\com\skd\thesundering\entity\AnimationMonster\BossMonsters\The_Harbinger_Entity.java:299: error: hurt(DamageSource,float) in The_Harbinger_Entity cannot override hurt(DamageSource,float) in Entity
    public boolean hurt(DamageSource source, float damage) {
                   ^
  overridden method is final
G:\Proyectos\Mods_Minecraft\the_sundering\neoforge\26.2\src\main\java\com\skd\thesundering\entity\AnimationMonster\BossMonsters\The_Harbinger_Entity.java:339: error: isAlliedTo(Entity) in The_Harbinger_Entity cannot override isAlliedTo(@org.jspecify.annotations.Nullable Entity) in Entity
    public boolean isAlliedTo(Entity entityIn) {
                   ^
  overridden method is final
G:\Proyectos\Mods_Minecraft\the_sundering\neoforge\26.2\src\main\java\com\skd\thesundering\entity\AnimationMonster\BossMonsters\The_Harbinger_Entity.java:346: error: cannot find symbol
        if (entityIn.getType().is(ModTag.TEAM_THE_HARBINGER)) {
                              ^
  symbol:   method is(TagKey<EntityType<?>>)
  location: class EntityType<CAP#1>
  where CAP#1 is a fresh type-variable:
    CAP#1 extends Entity from capture of ?
G:\Proyectos\Mods_Minecraft\the_sundering\neoforge\26.2\src\main\java\com\skd\thesundering\entity\AnimationMonster\BossMonsters\The_Harbinger_Entity.java:418: error: random has protected access in Level
            this.level().playSound((Player)null, (Entity)this, (SoundEvent)ModSounds.HARBINGER_STUN.get(), SoundSource.HOSTILE, 4.0f, this.level().random.nextFloat() * 0.2f + 1.0f);
                                                                                                                                                  ^
G:\Proyectos\Mods_Minecraft\the_sundering\neoforge\26.2\src\main\java\com\skd\thesundering\entity\AnimationMonster\BossMonsters\The_Harbinger_Entity.java:487: error: incompatible types: Level cannot be converted to ServerLevel
            if (!this.level().isClientSide() && EventHooks.canEntityGrief((Level)this.level(), (Entity)this)) {
                                                                          ^
G:\Proyectos\Mods_Minecraft\the_sundering\neoforge\26.2\src\main\java\com\skd\thesundering\entity\AnimationMonster\BossMonsters\The_Harbinger_Entity.java:509: error: incompatible types: void cannot be converted to boolean
                    if (this.isAlliedTo((Entity)Lentity) || Lentity instanceof The_Harbinger_Entity || Lentity == this || !(flag = Lentity.hurt(this.damageSources().mobAttack((LivingEntity)this), (float)((double)((float)this.getAttributeValue(Attributes.ATTACK_DAMAGE) + (float)this.random.nextInt(5)) + Math.min(this.getAttributeValue(Attributes.ATTACK_DAMAGE), (double)(Lentity.getMaxHealth() * (float)CMCommonConfig.Harbinger.ChargeHpDamage))))) || !Lentity.onGround()) continue;
                                                                                                                                               ^
G:\Proyectos\Mods_Minecraft\the_sundering\neoforge\26.2\src\main\java\com\skd\thesundering\entity\AnimationMonster\BossMonsters\The_Harbinger_Entity.java:526: error: incompatible types: Level cannot be converted to ServerLevel
        if (this.getAnimation() == NO_ANIMATION && !this.getIsCharge() && !this.level().isClientSide() && this.blockBreakCounter == 0 && EventHooks.canEntityGrief((Level)this.level(), (Entity)this)) {
                                                                                                                                                                   ^
G:\Proyectos\Mods_Minecraft\the_sundering\neoforge\26.2\src\main\java\com\skd\thesundering\entity\AnimationMonster\BossMonsters\The_Harbinger_Entity.java:551: error: incompatible types: Level cannot be converted to ServerLevel
            if (this.destroyBlocksTick == 0 && EventHooks.canEntityGrief((Level)this.level(), (Entity)this)) {
                                                                         ^
G:\Proyectos\Mods_Minecraft\the_sundering\neoforge\26.2\src\main\java\com\skd\thesundering\entity\AnimationMonster\BossMonsters\The_Harbinger_Entity.java:606: error: method customServerAiStep in class Mob cannot be applied to given types;
                super.customServerAiStep();
                     ^
  required: ServerLevel
  found:    no arguments
  reason: actual and formal argument lists differ in length
G:\Proyectos\Mods_Minecraft\the_sundering\neoforge\26.2\src\main\java\com\skd\thesundering\entity\AnimationMonster\BossMonsters\The_Harbinger_Entity.java:623: error: cannot find symbol
                    List list = this.level().getNearbyEntities(LivingEntity.class, TARGETING_CONDITIONS, (LivingEntity)this, this.getBoundingBox().inflate(20.0, 8.0, 20.0));
                                            ^
  symbol:   method getNearbyEntities(Class<LivingEntity>,TargetingConditions,LivingEntity,AABB)
  location: class Level
G:\Proyectos\Mods_Minecraft\the_sundering\neoforge\26.2\src\main\java\com\skd\thesundering\entity\AnimationMonster\BossMonsters\The_Harbinger_Entity.java:797: error: no suitable method found for set(EntityDataAccessor<Integer>,Object)
        this.entityData.set(HEAD_TARGETS.get(targetOffset), (Object)newId);
                       ^
    method SynchedEntityData.<T#1>set(EntityDataAccessor<T#1>,T#1) is not applicable
      (inference variable T#1 has incompatible bounds
        equality constraints: Integer
        lower bounds: Object)
    method SynchedEntityData.<T#2>set(EntityDataAccessor<T#2>,T#2,boolean) is not applicable
      (cannot infer type-variable(s) T#2
        (actual and formal argument lists differ in length))
  where T#1,T#2 are type-variables:
    T#1 extends Object declared in method <T#1>set(EntityDataAccessor<T#1>,T#1)
    T#2 extends Object declared in method <T#2>set(EntityDataAccessor<T#2>,T#2,boolean)
G:\Proyectos\Mods_Minecraft\the_sundering\neoforge\26.2\src\main\java\com\skd\thesundering\entity\AnimationMonster\BossMonsters\The_Harbinger_Entity.java:801: error: no suitable method found for set(EntityDataAccessor<Boolean>,Object)
        this.entityData.set(LASER_MODE, (Object)isLaserMode);
                       ^
    method SynchedEntityData.<T#1>set(EntityDataAccessor<T#1>,T#1) is not applicable
      (inference variable T#1 has incompatible bounds
        equality constraints: Boolean
        lower bounds: Object)
    method SynchedEntityData.<T#2>set(EntityDataAccessor<T#2>,T#2,boolean) is not applicable
      (cannot infer type-variable(s) T#2
        (actual and formal argument lists differ in length))
  where T#1,T#2 are type-variables:
    T#1 extends Object declared in method <T#1>set(EntityDataAccessor<T#1>,T#1)
    T#2 extends Object declared in method <T#2>set(EntityDataAccessor<T#2>,T#2,boolean)
G:\Proyectos\Mods_Minecraft\the_sundering\neoforge\26.2\src\main\java\com\skd\thesundering\entity\AnimationMonster\BossMonsters\The_Harbinger_Entity.java:809: error: no suitable method found for set(EntityDataAccessor<Boolean>,Object)
        this.entityData.set(IS_ACT, (Object)isAct);
                       ^
    method SynchedEntityData.<T#1>set(EntityDataAccessor<T#1>,T#1) is not applicable
      (inference variable T#1 has incompatible bounds
        equality constraints: Boolean
        lower bounds: Object)
    method SynchedEntityData.<T#2>set(EntityDataAccessor<T#2>,T#2,boolean) is not applicable
      (cannot infer type-variable(s) T#2
        (actual and formal argument lists differ in length))
  where T#1,T#2 are type-variables:
    T#1 extends Object declared in method <T#1>set(EntityDataAccessor<T#1>,T#1)
    T#2 extends Object declared in method <T#2>set(EntityDataAccessor<T#2>,T#2,boolean)
G:\Proyectos\Mods_Minecraft\the_sundering\neoforge\26.2\src\main\java\com\skd\thesundering\entity\AnimationMonster\BossMonsters\The_Harbinger_Entity.java:818: error: no suitable method found for set(EntityDataAccessor<Boolean>,Object)
        this.entityData.set(ISCHARGE, (Object)isCharge);
                       ^
    method SynchedEntityData.<T#1>set(EntityDataAccessor<T#1>,T#1) is not applicable
      (inference variable T#1 has incompatible bounds
        equality constraints: Boolean
        lower bounds: Object)
    method SynchedEntityData.<T#2>set(EntityDataAccessor<T#2>,T#2,boolean) is not applicable
      (cannot infer type-variable(s) T#2
        (actual and formal argument lists differ in length))
  where T#1,T#2 are type-variables:
    T#1 extends Object declared in method <T#1>set(EntityDataAccessor<T#1>,T#1)
    T#2 extends Object declared in method <T#2>set(EntityDataAccessor<T#2>,T#2,boolean)
G:\Proyectos\Mods_Minecraft\the_sundering\neoforge\26.2\src\main\java\com\skd\thesundering\entity\AnimationMonster\BossMonsters\The_Harbinger_Entity.java:826: error: no suitable method found for set(EntityDataAccessor<Integer>,Object)
        this.entityData.set(OVERLOAD, (Object)Overload);
                       ^
    method SynchedEntityData.<T#1>set(EntityDataAccessor<T#1>,T#1) is not applicable
      (inference variable T#1 has incompatible bounds
        equality constraints: Integer
        lower bounds: Object)
    method SynchedEntityData.<T#2>set(EntityDataAccessor<T#2>,T#2,boolean) is not applicable
      (cannot infer type-variable(s) T#2
        (actual and formal argument lists differ in length))
  where T#1,T#2 are type-variables:
    T#1 extends Object declared in method <T#1>set(EntityDataAccessor<T#1>,T#1)
    T#2 extends Object declared in method <T#2>set(EntityDataAccessor<T#2>,T#2,boolean)
G:\Proyectos\Mods_Minecraft\the_sundering\neoforge\26.2\src\main\java\com\skd\thesundering\entity\AnimationMonster\BossMonsters\The_Harbinger_Entity.java:854: error: cannot find symbol
        return p_31495_.getEffect() != MobEffects.MOVEMENT_SLOWDOWN && p_31495_.getEffect() != MobEffects.POISON && p_31495_.getEffect() != MobEffects.WITHER && p_31495_.getEffect() != MobEffects.WEAKNESS && p_31495_.getEffect() != MobEffects.LEVITATION && super.canBeAffected(p_31495_);
                                                 ^
  symbol:   variable MOVEMENT_SLOWDOWN
  location: class MobEffects
G:\Proyectos\Mods_Minecraft\the_sundering\neoforge\26.2\src\main\java\com\skd\thesundering\client\model\entity\The_Leviathan_Model.java:2553: error: incompatible types: inference variable E has incompatible bounds
        return ImmutableList.of((Object)this.root, (Object)this.body, (Object)this.R_Spike, (Object)this.L_Spike, (Object)this.Main_belly, (Object)this.R_Spike2, (Object)this.L_Spike2, (Object)this.R_mini_fin, (Object)this.L_mini_fin, (Object)this.Belly, (Object)this.R_down_fin, (Object)this.R_down_fin2, (Object[])new AdvancedModelBox[]{this.L_down_fin, this.L_down_fin2, this.Tail, this.R_Spike3, this.L_Spike3, this.Tail2, this.R_Spike4, this.L_Spike4, this.Tail3, this.Tail_Particle, this.UpperL_Tentacle, this.UpperL_Tentacle2, this.UpperL_Tentacle3, this.UpperL_Tentacle4, this.UpperL_Hook, this.UpperL_Hook2, this.UpperL_Hook3, this.UpperL_Hook4, this.UpperR_Tentacle, this.UpperR_Tentacle2, this.UpperR_Tentacle3, this.UpperR_Tentacle4, this.UpperR_Hook, this.UpperR_Hook2, this.UpperR_Hook3, this.UpperR_Hook4, this.LowerL_Tentacle, this.LowerL_Tentacle2, this.LowerL_Tentacle3, this.LowerL_Tentacle4, this.LowerL_Hook, this.LowerL_Hook2, this.LowerL_Hook3, this.LowerL_Hook4, this.LowerR_Tentacle, this.LowerR_Tentacle2, this.LowerR_Tentacle3, this.LowerR_Tentacle4, this.LowerR_Hook, this.LowerR_Hook2, this.LowerR_Hook3, this.LowerR_Hook4, this.Head, this.Muscle, this.Maw, this.Skul, this.tongue, this.R_fin, this.R_fin2, this.R_fin3, this.L_fin, this.L_fin2, this.L_fin3, this.four_mouths, this.Mouth4, this.Mouth4_e, this.Mouth3, this.Mouth3_e, this.Mouth2, this.Mouth2_e, this.Mouth, this.Mouth1_e});
                               ^
    equality constraints: AdvancedModelBox
    lower bounds: Object
  where E is a type-variable:
    E extends Object declared in method <E>of(E,E,E,E,E,E,E,E,E,E,E,E,E...)
G:\Proyectos\Mods_Minecraft\the_sundering\neoforge\26.2\src\main\java\com\skd\thesundering\entity\AnimationMonster\BossMonsters\The_Leviathan\The_Leviathan_Entity.java:257: error: cannot find symbol
    private static final EntityDataAccessor<Optional<UUID>> TONGUE_UUID = SynchedEntityData.defineId(The_Leviathan_Entity.class, (EntityDataSerializer)EntityDataSerializers.OPTIONAL_UUID);
                                                                                                                                                                            ^
  symbol:   variable OPTIONAL_UUID
  location: class EntityDataSerializers
G:\Proyectos\Mods_Minecraft\the_sundering\neoforge\26.2\src\main\java\com\skd\thesundering\entity\AnimationMonster\BossMonsters\The_Leviathan\The_Leviathan_Entity.java:310: error: method define in class Builder cannot be applied to given types;
        p_326229_.define(BLAST_CHANCE, (Object)0);
                 ^
  required: EntityDataAccessor<T>,T
  found:    EntityDataAccessor<Integer>,Object
  reason: inference variable T has incompatible bounds
    equality constraints: Integer
    lower bounds: Object
  where T is a type-variable:
    T extends Object declared in method <T>define(EntityDataAccessor<T>,T)
G:\Proyectos\Mods_Minecraft\the_sundering\neoforge\26.2\src\main\java\com\skd\thesundering\entity\AnimationMonster\BossMonsters\The_Leviathan\The_Leviathan_Entity.java:311: error: method define in class Builder cannot be applied to given types;
        p_326229_.define(MODE_CHANCE, (Object)0);
                 ^
  required: EntityDataAccessor<T>,T
  found:    EntityDataAccessor<Integer>,Object
  reason: inference variable T has incompatible bounds
    equality constraints: Integer
    lower bounds: Object
  where T is a type-variable:
    T extends Object declared in method <T>define(EntityDataAccessor<T>,T)
G:\Proyectos\Mods_Minecraft\the_sundering\neoforge\26.2\src\main\java\com\skd\thesundering\entity\AnimationMonster\BossMonsters\The_Leviathan\The_Leviathan_Entity.java:312: error: method define in class Builder cannot be applied to given types;
        p_326229_.define(MELT_DOWN, (Object)false);
                 ^
  required: EntityDataAccessor<T>,T
  found:    EntityDataAccessor<Boolean>,Object
  reason: inference variable T has incompatible bounds
    equality constraints: Boolean
    lower bounds: Object
  where T is a type-variable:
    T extends Object declared in method <T>define(EntityDataAccessor<T>,T)
G:\Proyectos\Mods_Minecraft\the_sundering\neoforge\26.2\src\main\java\com\skd\thesundering\entity\AnimationMonster\BossMonsters\The_Leviathan\The_Leviathan_Entity.java:314: error: cannot find symbol
        p_326229_.define(TONGUE_ID, (Object)-1);
                                     ^
  symbol:   variable Object
  location: class The_Leviathan_Entity
G:\Proyectos\Mods_Minecraft\the_sundering\neoforge\26.2\src\main\java\com\skd\thesundering\entity\AnimationMonster\BossMonsters\The_Leviathan\The_Leviathan_Entity.java:391: error: isAlliedTo(Entity) in The_Leviathan_Entity cannot override isAlliedTo(@org.jspecify.annotations.Nullable Entity) in Entity
    public boolean isAlliedTo(Entity entityIn) {
                   ^
  overridden method is final
G:\Proyectos\Mods_Minecraft\the_sundering\neoforge\26.2\src\main\java\com\skd\thesundering\entity\AnimationMonster\BossMonsters\The_Leviathan\The_Leviathan_Entity.java:398: error: cannot find symbol
        if (entityIn.getType().is(ModTag.TEAM_THE_LEVIATHAN)) {
                              ^
  symbol:   method is(TagKey<EntityType<?>>)
  location: class EntityType<CAP#1>
  where CAP#1 is a fresh type-variable:
    CAP#1 extends Entity from capture of ?
G:\Proyectos\Mods_Minecraft\the_sundering\neoforge\26.2\src\main\java\com\skd\thesundering\entity\AnimationMonster\BossMonsters\The_Leviathan\The_Leviathan_Entity.java:405: error: hurt(DamageSource,float) in The_Leviathan_Entity cannot override hurt(DamageSource,float) in Entity
    public boolean hurt(DamageSource source, float damage) {
                   ^
  overridden method is final
G:\Proyectos\Mods_Minecraft\the_sundering\neoforge\26.2\src\main\java\com\skd\thesundering\entity\AnimationMonster\BossMonsters\The_Leviathan\The_Leviathan_Entity.java:414: error: cannot find symbol
        boolean flag1 = this.canInFluidType(this.getEyeInFluidType());
                                                ^
  symbol: method getEyeInFluidType()
G:\Proyectos\Mods_Minecraft\the_sundering\neoforge\26.2\src\main\java\com\skd\thesundering\entity\AnimationMonster\BossMonsters\The_Leviathan\The_Leviathan_Entity.java:418: error: cannot find symbol
                player.displayClientMessage((Component)Component.translatable((String)"entity.cataclysm.the_leviathan_immune"), true);
                      ^
  symbol:   method displayClientMessage(Component,boolean)
  location: variable player of type Player
G:\Proyectos\Mods_Minecraft\the_sundering\neoforge\26.2\src\main\java\com\skd\thesundering\entity\AnimationMonster\BossMonsters\The_Leviathan\The_Leviathan_Entity.java:438: error: no suitable method found for spawnAtLocation(ItemStack,float)
        ItemEntity itementity = this.spawnAtLocation(stack, 0.0f);
                                    ^
    method Entity.spawnAtLocation(ServerLevel,ItemLike) is not applicable
      (argument mismatch; ItemStack cannot be converted to ServerLevel)
    method Entity.spawnAtLocation(ServerLevel,ItemStack) is not applicable
      (argument mismatch; ItemStack cannot be converted to ServerLevel)
G:\Proyectos\Mods_Minecraft\the_sundering\neoforge\26.2\src\main\java\com\skd\thesundering\entity\AnimationMonster\BossMonsters\The_Leviathan\The_Leviathan_Entity.java:458: error: method isInvulnerableTo in class LivingEntity cannot be applied to given types;
        return source.is(DamageTypes.IN_WALL) || source.is(DamageTypes.FALLING_BLOCK) || super.isInvulnerableTo(source);
                                                                                              ^
  required: ServerLevel,DamageSource
  found:    DamageSource
  reason: actual and formal argument lists differ in length
G:\Proyectos\Mods_Minecraft\the_sundering\neoforge\26.2\src\main\java\com\skd\thesundering\entity\AnimationMonster\BossMonsters\The_Leviathan\The_Leviathan_Entity.java:478: error: no suitable method found for set(EntityDataAccessor<Integer>,Object)
            this.entityData.set(TONGUE_ID, (Object)magneticWeapon.getId());
                           ^
    method SynchedEntityData.<T#1>set(EntityDataAccessor<T#1>,T#1) is not applicable
      (inference variable T#1 has incompatible bounds
        equality constraints: Integer
        lower bounds: Object)
    method SynchedEntityData.<T#2>set(EntityDataAccessor<T#2>,T#2,boolean) is not applicable
      (cannot infer type-variable(s) T#2
        (actual and formal argument lists differ in length))
  where T#1,T#2 are type-variables:
    T#1 extends Object declared in method <T#1>set(EntityDataAccessor<T#1>,T#1)
    T#2 extends Object declared in method <T#2>set(EntityDataAccessor<T#2>,T#2,boolean)
G:\Proyectos\Mods_Minecraft\the_sundering\neoforge\26.2\src\main\java\com\skd\thesundering\entity\AnimationMonster\BossMonsters\The_Leviathan\The_Leviathan_Entity.java:558: error: incompatible types: Level cannot be converted to ServerLevel
                        } else if (EventHooks.canEntityGrief((Level)this.level(), (Entity)this)) {
                                                             ^
G:\Proyectos\Mods_Minecraft\the_sundering\neoforge\26.2\src\main\java\com\skd\thesundering\entity\AnimationMonster\BossMonsters\The_Leviathan\The_Leviathan_Entity.java:566: error: incompatible types: Level cannot be converted to ServerLevel
                    } else if (EventHooks.canEntityGrief((Level)this.level(), (Entity)this)) {
                                                         ^
G:\Proyectos\Mods_Minecraft\the_sundering\neoforge\26.2\src\main\java\com\skd\thesundering\entity\AnimationMonster\BossMonsters\The_Leviathan\The_Leviathan_Entity.java:700: error: incompatible types: Level cannot be converted to ServerLevel
                    } else if (EventHooks.canEntityGrief((Level)this.level(), (Entity)this)) {
                                                         ^
G:\Proyectos\Mods_Minecraft\the_sundering\neoforge\26.2\src\main\java\com\skd\thesundering\entity\AnimationMonster\BossMonsters\The_Leviathan\The_Leviathan_Entity.java:943: error: cannot find symbol
                serverLevel.getPlayers(EntitySelector.NO_SPECTATORS).forEach(serverPlayer -> serverPlayer.displayClientMessage((Component)Component.translatable((String)"entity.cataclysm.the_leviathan.defeat_message").withStyle(ChatFormatting.DARK_PURPLE), true));
                                                                                                         ^
  symbol:   method displayClientMessage(Component,boolean)
  location: variable serverPlayer of type ServerPlayer
G:\Proyectos\Mods_Minecraft\the_sundering\neoforge\26.2\src\main\java\com\skd\thesundering\entity\AnimationMonster\BossMonsters\The_Leviathan\The_Leviathan_Entity.java:953: error: incompatible types: void cannot be converted to boolean
                boolean flag = entity.hurt(damagesource, (float)((double)((float)this.getAttributeValue(Attributes.ATTACK_DAMAGE)) + Math.min(this.getAttributeValue(Attributes.ATTACK_DAMAGE), (double)(entity.getMaxHealth() * (float)CMCommonConfig.Leviathan.TailSwingHpDamage))));
                                          ^
G:\Proyectos\Mods_Minecraft\the_sundering\neoforge\26.2\src\main\java\com\skd\thesundering\entity\AnimationMonster\BossMonsters\The_Leviathan\The_Leviathan_Entity.java:954: error: cannot find symbol
                if (entity.isDamageSourceBlocked(damagesource) && entity instanceof Player) {
                          ^
  symbol:   method isDamageSourceBlocked(DamageSource)
  location: variable entity of type LivingEntity
G:\Proyectos\Mods_Minecraft\the_sundering\neoforge\26.2\src\main\java\com\skd\thesundering\entity\AnimationMonster\BossMonsters\The_Leviathan\The_Leviathan_Entity.java:1093: error: incompatible types: void cannot be converted to boolean
                boolean flag = Lentity.hurt(damagesource, (float)((double)((float)this.getAttributeValue(Attributes.ATTACK_DAMAGE)) + Math.min(this.getAttributeValue(Attributes.ATTACK_DAMAGE), (double)(Lentity.getMaxHealth() * (float)CMCommonConfig.Leviathan.RushHpDamage))));
                                           ^
G:\Proyectos\Mods_Minecraft\the_sundering\neoforge\26.2\src\main\java\com\skd\thesundering\entity\AnimationMonster\BossMonsters\The_Leviathan\The_Leviathan_Entity.java:1096: error: cannot find symbol
                    if (Lentity.isDamageSourceBlocked(damagesource)) {
                               ^
  symbol:   method isDamageSourceBlocked(DamageSource)
  location: variable Lentity of type LivingEntity
G:\Proyectos\Mods_Minecraft\the_sundering\neoforge\26.2\src\main\java\com\skd\thesundering\entity\AnimationMonster\BossMonsters\The_Leviathan\The_Leviathan_Entity.java:1121: error: incompatible types: void cannot be converted to boolean
                boolean flag = target.hurt(damagesource, (float)((double)((float)this.getAttributeValue(Attributes.ATTACK_DAMAGE)) * 1.5 + Math.min(this.getAttributeValue(Attributes.ATTACK_DAMAGE) * 1.5, (double)(target.getMaxHealth() * (float)CMCommonConfig.Leviathan.TentacleHpDamage))));
                                          ^
G:\Proyectos\Mods_Minecraft\the_sundering\neoforge\26.2\src\main\java\com\skd\thesundering\entity\AnimationMonster\BossMonsters\The_Leviathan\The_Leviathan_Entity.java:1124: error: cannot find symbol
                    if (target.isDamageSourceBlocked(damagesource)) {
                              ^
  symbol:   method isDamageSourceBlocked(DamageSource)
  location: variable target of type LivingEntity
G:\Proyectos\Mods_Minecraft\the_sundering\neoforge\26.2\src\main\java\com\skd\thesundering\entity\AnimationMonster\BossMonsters\The_Leviathan\The_Leviathan_Entity.java:1147: error: incompatible types: void cannot be converted to boolean
                    boolean flag = target.hurt(damagesource, (float)((double)((float)this.getAttributeValue(Attributes.ATTACK_DAMAGE)) + Math.min(this.getAttributeValue(Attributes.ATTACK_DAMAGE), (double)(target.getMaxHealth() * (float)CMCommonConfig.Leviathan.TentacleHpDamage))));
                                              ^
G:\Proyectos\Mods_Minecraft\the_sundering\neoforge\26.2\src\main\java\com\skd\thesundering\entity\AnimationMonster\BossMonsters\The_Leviathan\The_Leviathan_Entity.java:1150: error: cannot find symbol
                        if (target.isDamageSourceBlocked(damagesource)) {
                                  ^
  symbol:   method isDamageSourceBlocked(DamageSource)
  location: variable target of type LivingEntity
G:\Proyectos\Mods_Minecraft\the_sundering\neoforge\26.2\src\main\java\com\skd\thesundering\entity\AnimationMonster\BossMonsters\The_Leviathan\The_Leviathan_Entity.java:1175: error: incompatible types: void cannot be converted to boolean
                boolean flag = target.hurt(damagesource, (float)this.getAttributeValue(Attributes.ATTACK_DAMAGE) + target.getMaxHealth() * 0.1f);
                                          ^
G:\Proyectos\Mods_Minecraft\the_sundering\neoforge\26.2\src\main\java\com\skd\thesundering\entity\AnimationMonster\BossMonsters\The_Leviathan\The_Leviathan_Entity.java:1178: error: cannot find symbol
                    if (target.isDamageSourceBlocked(damagesource) && shieldbreakticks > 0) {
                              ^
  symbol:   method isDamageSourceBlocked(DamageSource)
  location: variable target of type LivingEntity
G:\Proyectos\Mods_Minecraft\the_sundering\neoforge\26.2\src\main\java\com\skd\thesundering\entity\AnimationMonster\BossMonsters\The_Leviathan\The_Leviathan_Entity.java:1182: error: cannot find symbol
                if (!flag || target.getType().is(ModTag.IGNIS_CANT_POKE) || !target.isAlive()) continue;
                                             ^
  symbol:   method is(TagKey<EntityType<?>>)
  location: class EntityType<CAP#1>
  where CAP#1 is a fresh type-variable:
    CAP#1 extends Entity from capture of ?
G:\Proyectos\Mods_Minecraft\the_sundering\neoforge\26.2\src\main\java\com\skd\thesundering\entity\AnimationMonster\BossMonsters\The_Leviathan\The_Leviathan_Entity.java:1186: error: no suitable method found for startRiding(Entity,boolean)
                target.startRiding((Entity)this, true);
                      ^
    method Entity.startRiding(Entity) is not applicable
      (actual and formal argument lists differ in length)
    method Entity.startRiding(Entity,boolean,boolean) is not applicable
      (actual and formal argument lists differ in length)
G:\Proyectos\Mods_Minecraft\the_sundering\neoforge\26.2\src\main\java\com\skd\thesundering\entity\AnimationMonster\BossMonsters\The_Leviathan\The_Leviathan_Entity.java:1233: error: incompatible types: Object cannot be converted to LivingEntity
        for (LivingEntity entity : entities) {
                                   ^
G:\Proyectos\Mods_Minecraft\the_sundering\neoforge\26.2\src\main\java\com\skd\thesundering\entity\AnimationMonster\BossMonsters\The_Leviathan\The_Leviathan_Entity.java:1266: error: incompatible types: Optional<Integer> cannot be converted to int
        this.setBlastChance(compound.getInt("BlastChance"));
                                           ^
G:\Proyectos\Mods_Minecraft\the_sundering\neoforge\26.2\src\main\java\com\skd\thesundering\entity\AnimationMonster\BossMonsters\The_Leviathan\The_Leviathan_Entity.java:1267: error: incompatible types: Optional<Integer> cannot be converted to int
        this.setModeChance(compound.getInt("ModeChance"));
                                          ^
G:\Proyectos\Mods_Minecraft\the_sundering\neoforge\26.2\src\main\java\com\skd\thesundering\entity\AnimationMonster\BossMonsters\The_Leviathan\The_Leviathan_Entity.java:1268: error: incompatible types: Optional<Boolean> cannot be converted to boolean
        this.setMeltDown(compound.getBoolean("MeltDown"));
                                            ^
G:\Proyectos\Mods_Minecraft\the_sundering\neoforge\26.2\src\main\java\com\skd\thesundering\entity\AnimationMonster\BossMonsters\The_Leviathan\The_Leviathan_Entity.java:1294: error: no suitable method found for set(EntityDataAccessor<Boolean>,Object)
        this.entityData.set(MELT_DOWN, (Object)chance);
                       ^
    method SynchedEntityData.<T#1>set(EntityDataAccessor<T#1>,T#1) is not applicable
      (inference variable T#1 has incompatible bounds
        equality constraints: Boolean
        lower bounds: Object)
    method SynchedEntityData.<T#2>set(EntityDataAccessor<T#2>,T#2,boolean) is not applicable
      (cannot infer type-variable(s) T#2
        (actual and formal argument lists differ in length))
  where T#1,T#2 are type-variables:
    T#1 extends Object declared in method <T#1>set(EntityDataAccessor<T#1>,T#1)
    T#2 extends Object declared in method <T#2>set(EntityDataAccessor<T#2>,T#2,boolean)
G:\Proyectos\Mods_Minecraft\the_sundering\neoforge\26.2\src\main\java\com\skd\thesundering\entity\AnimationMonster\BossMonsters\The_Leviathan\The_Leviathan_Entity.java:1302: error: no suitable method found for set(EntityDataAccessor<Integer>,Object)
        this.entityData.set(BLAST_CHANCE, (Object)chance);
                       ^
    method SynchedEntityData.<T#1>set(EntityDataAccessor<T#1>,T#1) is not applicable
      (inference variable T#1 has incompatible bounds
        equality constraints: Integer
        lower bounds: Object)
    method SynchedEntityData.<T#2>set(EntityDataAccessor<T#2>,T#2,boolean) is not applicable
      (cannot infer type-variable(s) T#2
        (actual and formal argument lists differ in length))
  where T#1,T#2 are type-variables:
    T#1 extends Object declared in method <T#1>set(EntityDataAccessor<T#1>,T#1)
    T#2 extends Object declared in method <T#2>set(EntityDataAccessor<T#2>,T#2,boolean)
G:\Proyectos\Mods_Minecraft\the_sundering\neoforge\26.2\src\main\java\com\skd\thesundering\entity\AnimationMonster\BossMonsters\The_Leviathan\The_Leviathan_Entity.java:1310: error: no suitable method found for set(EntityDataAccessor<Integer>,Object)
        this.entityData.set(MODE_CHANCE, (Object)chance);
                       ^
    method SynchedEntityData.<T#1>set(EntityDataAccessor<T#1>,T#1) is not applicable
      (inference variable T#1 has incompatible bounds
        equality constraints: Integer
        lower bounds: Object)
    method SynchedEntityData.<T#2>set(EntityDataAccessor<T#2>,T#2,boolean) is not applicable
      (cannot infer type-variable(s) T#2
        (actual and formal argument lists differ in length))
  where T#1,T#2 are type-variables:
    T#1 extends Object declared in method <T#1>set(EntityDataAccessor<T#1>,T#1)
    T#2 extends Object declared in method <T#2>set(EntityDataAccessor<T#2>,T#2,boolean)
G:\Proyectos\Mods_Minecraft\the_sundering\neoforge\26.2\src\main\java\com\skd\thesundering\entity\AnimationMonster\BossMonsters\The_Leviathan\The_Leviathan_Entity.java:1315: error: incompatible types: Object cannot be converted to UUID
        return ((Optional)this.entityData.get(TONGUE_UUID)).orElse(null);
                                                                  ^
G:\Proyectos\Mods_Minecraft\the_sundering\neoforge\26.2\src\main\java\com\skd\thesundering\entity\AnimationMonster\BossMonsters\The_Leviathan\The_Leviathan_Entity.java:1340: error: no suitable method found for create(Level)
            Abyss_Portal_Entity portal = (Abyss_Portal_Entity)((EntityType)ModEntities.ABYSS_PORTAL.get()).create(this.level());
                                                                                                          ^
    method EntityType.create(ServerLevel,PostSpawnProcessor,BlockPos,EntitySpawnReason,boolean,boolean) is not applicable
      (actual and formal argument lists differ in length)
    method EntityType.create(Level,EntitySpawnReason) is not applicable
      (actual and formal argument lists differ in length)
    method EntityType.create(Level,EntitySpawnRequest) is not applicable
      (actual and formal argument lists differ in length)
    method EntityType.create(ValueInput,Level,EntitySpawnRequest) is not applicable
      (actual and formal argument lists differ in length)
    method EntityType.create(EntityType<?>,ValueInput,Level,EntitySpawnReason) is not applicable
      (actual and formal argument lists differ in length)
G:\Proyectos\Mods_Minecraft\the_sundering\neoforge\26.2\src\main\java\com\skd\thesundering\entity\AnimationMonster\BossMonsters\The_Leviathan\The_Leviathan_Entity.java:1618: error: no suitable method found for create(Level)
                The_Leviathan_Tongue_Entity segment = (The_Leviathan_Tongue_Entity)((EntityType)ModEntities.THE_LEVIATHAN_TONGUE.get()).create(((The_Leviathan_Entity)this.entity).level());
                                                                                                                                       ^
    method EntityType.create(ServerLevel,PostSpawnProcessor,BlockPos,EntitySpawnReason,boolean,boolean) is not applicable
      (actual and formal argument lists differ in length)
    method EntityType.create(Level,EntitySpawnReason) is not applicable
      (actual and formal argument lists differ in length)
    method EntityType.create(Level,EntitySpawnRequest) is not applicable
      (actual and formal argument lists differ in length)
    method EntityType.create(ValueInput,Level,EntitySpawnRequest) is not applicable
      (actual and formal argument lists differ in length)
    method EntityType.create(EntityType<?>,ValueInput,Level,EntitySpawnReason) is not applicable
      (actual and formal argument lists differ in length)
G:\Proyectos\Mods_Minecraft\the_sundering\neoforge\26.2\src\main\java\com\skd\thesundering\entity\AnimationMonster\BossMonsters\The_Leviathan\The_Leviathan_Entity.java:1695: error: incompatible types: Object cannot be converted to Dimensional_Rift_Entity
                for (Dimensional_Rift_Entity entity : list) {
                                                      ^
G:\Proyectos\Mods_Minecraft\the_sundering\neoforge\26.2\src\main\java\com\skd\thesundering\entity\AnimationMonster\BossMonsters\The_Leviathan\The_Leviathan_Entity.java:2091: error: cannot find symbol
            } while ((blockpos = blockpos.above()).getY() < Math.min(((The_Leviathan_Entity)this.entity).level().getMaxBuildHeight(), ((The_Leviathan_Entity)this.entity).getBlockY() + 100) && !((The_Leviathan_Entity)this.entity).level().getBlockState(blockpos).isSolid());
                                                                                                                ^
  symbol:   method getMaxBuildHeight()
  location: class Level
G:\Proyectos\Mods_Minecraft\the_sundering\neoforge\26.2\src\main\java\com\skd\thesundering\entity\AnimationMonster\BossMonsters\The_Leviathan\The_Leviathan_Part.java:33: error: The_Leviathan_Part is not abstract and does not override abstract method addAdditionalSaveData(ValueOutput) in Entity
public class The_Leviathan_Part
       ^
G:\Proyectos\Mods_Minecraft\the_sundering\neoforge\26.2\src\main\java\com\skd\thesundering\entity\AnimationMonster\BossMonsters\The_Leviathan\The_Leviathan_Part.java:69: error: hurt(DamageSource,float) in The_Leviathan_Part cannot override hurt(DamageSource,float) in Entity
    public boolean hurt(DamageSource source, float amount) {
                   ^
  overridden method is final
G:\Proyectos\Mods_Minecraft\the_sundering\neoforge\26.2\src\main\java\com\skd\thesundering\entity\AnimationMonster\BossMonsters\The_Leviathan\Abyss_Portal_Entity.java:56: error: Abyss_Portal_Entity is not abstract and does not override abstract method addAdditionalSaveData(ValueOutput) in Entity
public class Abyss_Portal_Entity
       ^
G:\Proyectos\Mods_Minecraft\the_sundering\neoforge\26.2\src\main\java\com\skd\thesundering\entity\AnimationMonster\BossMonsters\The_Leviathan\Abyss_Portal_Entity.java:61: error: cannot find symbol
    private static final EntityDataAccessor<Optional<UUID>> SISTER_UUID = SynchedEntityData.defineId(Abyss_Portal_Entity.class, (EntityDataSerializer)EntityDataSerializers.OPTIONAL_UUID);
                                                                                                                                                                           ^
  symbol:   variable OPTIONAL_UUID
  location: class EntityDataSerializers
G:\Proyectos\Mods_Minecraft\the_sundering\neoforge\26.2\src\main\java\com\skd\thesundering\entity\AnimationMonster\BossMonsters\The_Leviathan\Abyss_Portal_Entity.java:91: error: incompatible types: Object cannot be converted to Entity
            for (Entity e : entities) {
                            ^
G:\Proyectos\Mods_Minecraft\the_sundering\neoforge\26.2\src\main\java\com\skd\thesundering\entity\AnimationMonster\BossMonsters\The_Leviathan\Abyss_Portal_Entity.java:118: error: no suitable method found for set(EntityDataAccessor<Integer>,Object)
        this.entityData.set(LIFESPAN, (Object)i);
                       ^
    method SynchedEntityData.<T#1>set(EntityDataAccessor<T#1>,T#1) is not applicable
      (inference variable T#1 has incompatible bounds
        equality constraints: Integer
        lower bounds: Object)
    method SynchedEntityData.<T#2>set(EntityDataAccessor<T#2>,T#2,boolean) is not applicable
      (cannot infer type-variable(s) T#2
        (actual and formal argument lists differ in length))
  where T#1,T#2 are type-variables:
    T#1 extends Object declared in method <T#1>set(EntityDataAccessor<T#1>,T#1)
    T#2 extends Object declared in method <T#2>set(EntityDataAccessor<T#2>,T#2,boolean)
G:\Proyectos\Mods_Minecraft\the_sundering\neoforge\26.2\src\main\java\com\skd\thesundering\entity\AnimationMonster\BossMonsters\The_Leviathan\Abyss_Portal_Entity.java:126: error: no suitable method found for set(EntityDataAccessor<Boolean>,Object)
        this.entityData.set(ENTRANCE, (Object)entrance);
                       ^
    method SynchedEntityData.<T#1>set(EntityDataAccessor<T#1>,T#1) is not applicable
      (inference variable T#1 has incompatible bounds
        equality constraints: Boolean
        lower bounds: Object)
    method SynchedEntityData.<T#2>set(EntityDataAccessor<T#2>,T#2,boolean) is not applicable
      (cannot infer type-variable(s) T#2
        (actual and formal argument lists differ in length))
  where T#1,T#2 are type-variables:
    T#1 extends Object declared in method <T#1>set(EntityDataAccessor<T#1>,T#1)
    T#2 extends Object declared in method <T#2>set(EntityDataAccessor<T#2>,T#2,boolean)
G:\Proyectos\Mods_Minecraft\the_sundering\neoforge\26.2\src\main\java\com\skd\thesundering\entity\AnimationMonster\BossMonsters\The_Leviathan\Abyss_Portal_Entity.java:138: error: incompatible types: Object cannot be converted to BlockPos
        return ((Optional)this.getEntityData().get(DESTINATION)).orElse(null);
                                                                       ^
G:\Proyectos\Mods_Minecraft\the_sundering\neoforge\26.2\src\main\java\com\skd\thesundering\entity\AnimationMonster\BossMonsters\The_Leviathan\Abyss_Portal_Entity.java:142: error: no suitable method found for create(Level)
        Abyss_Portal_Entity portal = (Abyss_Portal_Entity)((EntityType)ModEntities.ABYSS_PORTAL.get()).create(world);
                                                                                                      ^
    method EntityType.create(ServerLevel,PostSpawnProcessor,BlockPos,EntitySpawnReason,boolean,boolean) is not applicable
      (actual and formal argument lists differ in length)
    method EntityType.create(Level,EntitySpawnReason) is not applicable
      (actual and formal argument lists differ in length)
    method EntityType.create(Level,EntitySpawnRequest) is not applicable
      (actual and formal argument lists differ in length)
    method EntityType.create(ValueInput,Level,EntitySpawnRequest) is not applicable
      (actual and formal argument lists differ in length)
    method EntityType.create(EntityType<?>,ValueInput,Level,EntitySpawnReason) is not applicable
      (actual and formal argument lists differ in length)
G:\Proyectos\Mods_Minecraft\the_sundering\neoforge\26.2\src\main\java\com\skd\thesundering\entity\AnimationMonster\BossMonsters\The_Leviathan\Abyss_Portal_Entity.java:166: error: method define in class Builder cannot be applied to given types;
        p_326229_.define(LIFESPAN, (Object)300);
                 ^
  required: EntityDataAccessor<T>,T
  found:    EntityDataAccessor<Integer>,Object
  reason: inference variable T has incompatible bounds
    equality constraints: Integer
    lower bounds: Object
  where T is a type-variable:
    T extends Object declared in method <T>define(EntityDataAccessor<T>,T)
G:\Proyectos\Mods_Minecraft\the_sundering\neoforge\26.2\src\main\java\com\skd\thesundering\entity\AnimationMonster\BossMonsters\The_Leviathan\Abyss_Portal_Entity.java:169: error: method define in class Builder cannot be applied to given types;
        p_326229_.define(ENTRANCE, (Object)true);
                 ^
  required: EntityDataAccessor<T>,T
  found:    EntityDataAccessor<Boolean>,Object
  reason: inference variable T has incompatible bounds
    equality constraints: Boolean
    lower bounds: Object
  where T is a type-variable:
    T extends Object declared in method <T>define(EntityDataAccessor<T>,T)
G:\Proyectos\Mods_Minecraft\the_sundering\neoforge\26.2\src\main\java\com\skd\thesundering\entity\AnimationMonster\BossMonsters\The_Leviathan\Abyss_Portal_Entity.java:173: error: incompatible types: Optional<Integer> cannot be converted to int
        this.setLifespan(compound.getInt("Lifespan"));
                                        ^
G:\Proyectos\Mods_Minecraft\the_sundering\neoforge\26.2\src\main\java\com\skd\thesundering\entity\AnimationMonster\BossMonsters\The_Leviathan\Abyss_Portal_Entity.java:174: error: cannot find symbol
        NbtUtils.readBlockPos((CompoundTag)compound, (String)"Destination").ifPresent(this::setDestination);
                ^
  symbol:   method readBlockPos(CompoundTag,String)
  location: class NbtUtils
G:\Proyectos\Mods_Minecraft\the_sundering\neoforge\26.2\src\main\java\com\skd\thesundering\entity\AnimationMonster\BossMonsters\The_Leviathan\Abyss_Portal_Entity.java:175: error: cannot find symbol
        if (compound.hasUUID("SisterUUID")) {
                    ^
  symbol:   method hasUUID(String)
  location: variable compound of type CompoundTag
G:\Proyectos\Mods_Minecraft\the_sundering\neoforge\26.2\src\main\java\com\skd\thesundering\entity\AnimationMonster\BossMonsters\The_Leviathan\Abyss_Portal_Entity.java:176: error: cannot find symbol
            this.setSisterId(compound.getUUID("SisterUUID"));
                                     ^
  symbol:   method getUUID(String)
  location: variable compound of type CompoundTag
G:\Proyectos\Mods_Minecraft\the_sundering\neoforge\26.2\src\main\java\com\skd\thesundering\entity\AnimationMonster\BossMonsters\The_Leviathan\Abyss_Portal_Entity.java:183: error: cannot find symbol
            compound.put("Destination", NbtUtils.writeBlockPos((BlockPos)this.getDestination()));
                                                ^
  symbol:   method writeBlockPos(BlockPos)
  location: class NbtUtils
G:\Proyectos\Mods_Minecraft\the_sundering\neoforge\26.2\src\main\java\com\skd\thesundering\entity\AnimationMonster\BossMonsters\The_Leviathan\Abyss_Portal_Entity.java:186: error: cannot find symbol
            compound.putUUID("SisterUUID", this.getSisterId());
                    ^
  symbol:   method putUUID(String,UUID)
  location: variable compound of type CompoundTag
G:\Proyectos\Mods_Minecraft\the_sundering\neoforge\26.2\src\main\java\com\skd\thesundering\entity\AnimationMonster\BossMonsters\The_Leviathan\Abyss_Portal_Entity.java:204: error: incompatible types: Object cannot be converted to UUID
        return ((Optional)this.entityData.get(SISTER_UUID)).orElse(null);
                                                                  ^
G:\Proyectos\Mods_Minecraft\the_sundering\neoforge\26.2\src\main\java\com\skd\thesundering\client\model\entity\The_Leviathan_Tongue_End_Model.java:43: error: incompatible types: inference variable E has incompatible bounds
        return ImmutableList.of((Object)this.root, (Object)this.tongue);
                               ^
    equality constraints: AdvancedModelBox
    lower bounds: Object
  where E is a type-variable:
    E extends Object declared in method <E>of(E,E)
G:\Proyectos\Mods_Minecraft\the_sundering\neoforge\26.2\src\main\java\com\skd\thesundering\client\model\entity\The_Leviathan_Tongue_Model.java:43: error: incompatible types: inference variable E has incompatible bounds
        return ImmutableList.of((Object)this.root, (Object)this.tonguePivot, (Object)this.tongue);
                               ^
    equality constraints: AdvancedModelBox
    lower bounds: Object
  where E is a type-variable:
    E extends Object declared in method <E>of(E,E,E)
G:\Proyectos\Mods_Minecraft\the_sundering\neoforge\26.2\src\main\java\com\skd\thesundering\client\model\entity\The_Prowler_Model.java:144: error: cannot find symbol
        this.animate(entity.getAnimationState("death"), Prowler_Animation.DEATH, ageInTicks, 1.0f);
            ^
  symbol: method animate(AnimationState,AnimationDefinition,float,float)
G:\Proyectos\Mods_Minecraft\the_sundering\neoforge\26.2\src\main\java\com\skd\thesundering\client\model\entity\The_Prowler_Model.java:145: error: cannot find symbol
        this.animate(entity.getAnimationState("idle"), Prowler_Animation.IDLE, ageInTicks, 1.0f);
            ^
  symbol: method animate(AnimationState,AnimationDefinition,float,float)
G:\Proyectos\Mods_Minecraft\the_sundering\neoforge\26.2\src\main\java\com\skd\thesundering\client\model\entity\The_Prowler_Model.java:146: error: cannot find symbol
        this.animate(entity.getAnimationState("spin"), Prowler_Animation.SPIN, ageInTicks, 1.0f);
            ^
  symbol: method animate(AnimationState,AnimationDefinition,float,float)
G:\Proyectos\Mods_Minecraft\the_sundering\neoforge\26.2\src\main\java\com\skd\thesundering\client\model\entity\The_Prowler_Model.java:147: error: cannot find symbol
        this.animate(entity.getAnimationState("melee"), Prowler_Animation.MELEE, ageInTicks, 1.0f);
            ^
  symbol: method animate(AnimationState,AnimationDefinition,float,float)
G:\Proyectos\Mods_Minecraft\the_sundering\neoforge\26.2\src\main\java\com\skd\thesundering\client\model\entity\The_Prowler_Model.java:148: error: cannot find symbol
        this.animate(entity.getAnimationState("strong_attack"), Prowler_Animation.STRONG_ATTACK, ageInTicks, 1.0f);
            ^
  symbol: method animate(AnimationState,AnimationDefinition,float,float)
G:\Proyectos\Mods_Minecraft\the_sundering\neoforge\26.2\src\main\java\com\skd\thesundering\client\model\entity\The_Prowler_Model.java:149: error: cannot find symbol
        this.animate(entity.getAnimationState("stun"), Prowler_Animation.STUN, ageInTicks, 1.0f);
            ^
  symbol: method animate(AnimationState,AnimationDefinition,float,float)
G:\Proyectos\Mods_Minecraft\the_sundering\neoforge\26.2\src\main\java\com\skd\thesundering\client\model\entity\The_Prowler_Model.java:150: error: cannot find symbol
        this.animate(entity.getAnimationState("laser"), Prowler_Animation.LASER, ageInTicks, 1.0f);
            ^
  symbol: method animate(AnimationState,AnimationDefinition,float,float)
G:\Proyectos\Mods_Minecraft\the_sundering\neoforge\26.2\src\main\java\com\skd\thesundering\client\model\entity\The_Prowler_Model.java:151: error: cannot find symbol
        this.animate(entity.getAnimationState("pierce"), Prowler_Animation.PIERCE, ageInTicks, 1.0f);
            ^
  symbol: method animate(AnimationState,AnimationDefinition,float,float)
G:\Proyectos\Mods_Minecraft\the_sundering\neoforge\26.2\src\main\java\com\skd\thesundering\client\model\entity\The_Prowler_Model.java:156: error: children has private access in ModelPart
        for (Map.Entry entry : part.children.entrySet()) {
                                   ^
G:\Proyectos\Mods_Minecraft\the_sundering\neoforge\26.2\src\main\java\com\skd\thesundering\client\model\entity\The_Prowler_Model.java:161: error: children has private access in ModelPart
            if (childPart.children.isEmpty()) continue;
                         ^
G:\Proyectos\Mods_Minecraft\the_sundering\neoforge\26.2\src\main\java\com\skd\thesundering\entity\InternalAnimationMonster\The_Prowler_Entity.java:136: error: incompatible types: The_Prowler_Entity cannot be converted to int
        this.goalSelector.addGoal(1, (Goal)new InternalAttackGoal(this, this, 0, 5, 0, 50, 38, 5.0f){
                                                                        ^
G:\Proyectos\Mods_Minecraft\the_sundering\neoforge\26.2\src\main\java\com\skd\thesundering\entity\InternalAnimationMonster\The_Prowler_Entity.java:136: error: cannot find symbol
        this.goalSelector.addGoal(1, (Goal)new InternalAttackGoal(this, this, 0, 5, 0, 50, 38, 5.0f){
                                           ^
  symbol: constructor (The_Prowler_Entity,The_Prowler_Entity,int,int,int,int,int,float)
G:\Proyectos\Mods_Minecraft\the_sundering\neoforge\26.2\src\main\java\com\skd\thesundering\entity\InternalAnimationMonster\The_Prowler_Entity.java:143: error: incompatible types: The_Prowler_Entity cannot be converted to int
        this.goalSelector.addGoal(1, (Goal)new InternalAttackGoal(this, this, 0, 6, 0, 55, 45, 6.0f){
                                                                        ^
G:\Proyectos\Mods_Minecraft\the_sundering\neoforge\26.2\src\main\java\com\skd\thesundering\entity\InternalAnimationMonster\The_Prowler_Entity.java:143: error: cannot find symbol
        this.goalSelector.addGoal(1, (Goal)new InternalAttackGoal(this, this, 0, 6, 0, 55, 45, 6.0f){
                                           ^
  symbol: constructor (The_Prowler_Entity,The_Prowler_Entity,int,int,int,int,int,float)
G:\Proyectos\Mods_Minecraft\the_sundering\neoforge\26.2\src\main\java\com\skd\thesundering\entity\InternalAnimationMonster\The_Prowler_Entity.java:151: error: incompatible types: The_Prowler_Entity cannot be converted to int
        this.goalSelector.addGoal(1, (Goal)new InternalAttackGoal(this, this, 0, 7, 0, 80, 38, 4.25f){
                                                                        ^
G:\Proyectos\Mods_Minecraft\the_sundering\neoforge\26.2\src\main\java\com\skd\thesundering\entity\InternalAnimationMonster\The_Prowler_Entity.java:151: error: cannot find symbol
        this.goalSelector.addGoal(1, (Goal)new InternalAttackGoal(this, this, 0, 7, 0, 80, 38, 4.25f){
                                           ^
  symbol: constructor (The_Prowler_Entity,The_Prowler_Entity,int,int,int,int,int,float)
G:\Proyectos\Mods_Minecraft\the_sundering\neoforge\26.2\src\main\java\com\skd\thesundering\entity\InternalAnimationMonster\The_Prowler_Entity.java:165: error: hurt(DamageSource,float) in The_Prowler_Entity cannot override hurt(DamageSource,float) in Entity
    public boolean hurt(DamageSource source, float damage) {
                   ^
  overridden method is final
G:\Proyectos\Mods_Minecraft\the_sundering\neoforge\26.2\src\main\java\com\skd\thesundering\entity\InternalAnimationMonster\The_Prowler_Entity.java:184: error: incompatible types: void cannot be converted to boolean
        return super.hurt(source, damage);
                         ^
G:\Proyectos\Mods_Minecraft\the_sundering\neoforge\26.2\src\main\java\com\skd\thesundering\entity\InternalAnimationMonster\The_Prowler_Entity.java:197: error: incompatible types: CompoundTag cannot be converted to ValueOutput
        super.addAdditionalSaveData(compound);
                                    ^
G:\Proyectos\Mods_Minecraft\the_sundering\neoforge\26.2\src\main\java\com\skd\thesundering\entity\InternalAnimationMonster\The_Prowler_Entity.java:201: error: incompatible types: CompoundTag cannot be converted to ValueInput
        super.readAdditionalSaveData(compound);
                                     ^
G:\Proyectos\Mods_Minecraft\the_sundering\neoforge\26.2\src\main\java\com\skd\thesundering\entity\InternalAnimationMonster\The_Prowler_Entity.java:432: error: isAlliedTo(Entity) in The_Prowler_Entity cannot override isAlliedTo(@org.jspecify.annotations.Nullable Entity) in Entity
    public boolean isAlliedTo(Entity entityIn) {
                   ^
  overridden method is final
G:\Proyectos\Mods_Minecraft\the_sundering\neoforge\26.2\src\main\java\com\skd\thesundering\entity\InternalAnimationMonster\The_Prowler_Entity.java:439: error: cannot find symbol
        if (entityIn.getType().is(ModTag.TEAM_THE_HARBINGER)) {
                              ^
  symbol:   method is(TagKey<EntityType<?>>)
  location: class EntityType<CAP#1>
  where CAP#1 is a fresh type-variable:
    CAP#1 extends Entity from capture of ?
G:\Proyectos\Mods_Minecraft\the_sundering\neoforge\26.2\src\main\java\com\skd\thesundering\client\model\entity\The_Watcher_Model.java:288: error: incompatible types: inference variable E has incompatible bounds
        return ImmutableList.of((Object)this.root, (Object)this.pivot, (Object)this.head, (Object)this.jaw, (Object)this.cannon, (Object)this.bone, (Object)this.headgear, (Object)this.right_wing, (Object)this.sail, (Object)this.head, (Object)this.left_wing, (Object)this.sail2, (Object[])new AdvancedModelBox[]{this.booster, this.upper_sub_booster, this.lower_sub_booster});
                               ^
    equality constraints: AdvancedModelBox
    lower bounds: Object
  where E is a type-variable:
    E extends Object declared in method <E>of(E,E,E,E,E,E,E,E,E,E,E,E,E...)
G:\Proyectos\Mods_Minecraft\the_sundering\neoforge\26.2\src\main\java\com\skd\thesundering\entity\AnimationMonster\The_Watcher_Entity.java:106: error: hurt(DamageSource,float) in The_Watcher_Entity cannot override hurt(DamageSource,float) in Entity
    public boolean hurt(DamageSource source, float damage) {
                   ^
  overridden method is final
G:\Proyectos\Mods_Minecraft\the_sundering\neoforge\26.2\src\main\java\com\skd\thesundering\entity\AnimationMonster\The_Watcher_Entity.java:111: error: incompatible types: void cannot be converted to boolean
        return super.hurt(source, damage);
                         ^
G:\Proyectos\Mods_Minecraft\the_sundering\neoforge\26.2\src\main\java\com\skd\thesundering\entity\AnimationMonster\The_Watcher_Entity.java:124: error: incompatible types: CompoundTag cannot be converted to ValueOutput
        super.addAdditionalSaveData(compound);
                                    ^
G:\Proyectos\Mods_Minecraft\the_sundering\neoforge\26.2\src\main\java\com\skd\thesundering\entity\AnimationMonster\The_Watcher_Entity.java:128: error: incompatible types: CompoundTag cannot be converted to ValueInput
        super.readAdditionalSaveData(compound);
                                     ^
G:\Proyectos\Mods_Minecraft\the_sundering\neoforge\26.2\src\main\java\com\skd\thesundering\entity\AnimationMonster\The_Watcher_Entity.java:163: error: isAlliedTo(Entity) in The_Watcher_Entity cannot override isAlliedTo(@org.jspecify.annotations.Nullable Entity) in Entity
    public boolean isAlliedTo(Entity entityIn) {
                   ^
  overridden method is final
G:\Proyectos\Mods_Minecraft\the_sundering\neoforge\26.2\src\main\java\com\skd\thesundering\entity\AnimationMonster\The_Watcher_Entity.java:170: error: cannot find symbol
        if (entityIn.getType().is(ModTag.TEAM_THE_HARBINGER)) {
                              ^
  symbol:   method is(TagKey<EntityType<?>>)
  location: class EntityType<CAP#1>
  where CAP#1 is a fresh type-variable:
    CAP#1 extends Entity from capture of ?
G:\Proyectos\Mods_Minecraft\the_sundering\neoforge\26.2\src\main\java\com\skd\thesundering\entity\AnimationMonster\The_Watcher_Entity.java:225: error: cannot find symbol
            if (!this.watcher.isWithinRestriction(target.blockPosition())) {
                             ^
  symbol:   method isWithinRestriction(BlockPos)
  location: variable watcher of type The_Watcher_Entity
G:\Proyectos\Mods_Minecraft\the_sundering\neoforge\26.2\src\main\java\com\skd\thesundering\client\model\entity\Tidal_Hook_Model.java:73: error: incompatible types: inference variable E has incompatible bounds
        return ImmutableList.of((Object)this.body, (Object)this.claw, (Object)this.claw2, (Object)this.claw3, (Object)this.claw4);
                               ^
    equality constraints: AdvancedModelBox
    lower bounds: Object
  where E is a type-variable:
    E extends Object declared in method <E>of(E,E,E,E,E)
G:\Proyectos\Mods_Minecraft\the_sundering\neoforge\26.2\src\main\java\com\skd\thesundering\entity\projectile\Tidal_Hook_Entity.java:93: error: method define in class Builder cannot be applied to given types;
        p_326229_.define(HOOKED_ENTITY_ID, (Object)0);
                 ^
  required: EntityDataAccessor<T>,T
  found:    EntityDataAccessor<Integer>,Object
  reason: inference variable T has incompatible bounds
    equality constraints: Integer
    lower bounds: Object
  where T is a type-variable:
    T extends Object declared in method <T>define(EntityDataAccessor<T>,T)
G:\Proyectos\Mods_Minecraft\the_sundering\neoforge\26.2\src\main\java\com\skd\thesundering\entity\projectile\Tidal_Hook_Entity.java:114: error: cannot find symbol
                        this.moveTo(this.hookedEntity.getX(), this.hookedEntity.getY(0.8), this.hookedEntity.getZ());
                            ^
  symbol: method moveTo(double,double,double)
G:\Proyectos\Mods_Minecraft\the_sundering\neoforge\26.2\src\main\java\com\skd\thesundering\entity\projectile\Tidal_Hook_Entity.java:150: error: method kill in class Entity cannot be applied to given types;
        super.kill();
             ^
  required: ServerLevel
  found:    no arguments
  reason: actual and formal argument lists differ in length
G:\Proyectos\Mods_Minecraft\the_sundering\neoforge\26.2\src\main\java\com\skd\thesundering\entity\projectile\Tidal_Hook_Entity.java:193: error: cannot find symbol
            if (entityHitResult.getEntity() != owner && (entityHitResult.getEntity() instanceof LivingEntity || entityHitResult.getEntity() instanceof EnderDragonPart) && this.hookedEntity == null) {
                                                                                                                                                       ^
  symbol:   class EnderDragonPart
  location: class Tidal_Hook_Entity
G:\Proyectos\Mods_Minecraft\the_sundering\neoforge\26.2\src\main\java\com\skd\thesundering\entity\projectile\Tidal_Hook_Entity.java:195: error: no suitable method found for set(EntityDataAccessor<Integer>,Object)
                this.getEntityData().set(HOOKED_ENTITY_ID, (Object)(this.hookedEntity.getId() + 1));
                                    ^
    method SynchedEntityData.<T#1>set(EntityDataAccessor<T#1>,T#1) is not applicable
      (inference variable T#1 has incompatible bounds
        equality constraints: Integer
        lower bounds: Object)
    method SynchedEntityData.<T#2>set(EntityDataAccessor<T#2>,T#2,boolean) is not applicable
      (cannot infer type-variable(s) T#2
        (actual and formal argument lists differ in length))
  where T#1,T#2 are type-variables:
    T#1 extends Object declared in method <T#1>set(EntityDataAccessor<T#1>,T#1)
    T#2 extends Object declared in method <T#2>set(EntityDataAccessor<T#2>,T#2,boolean)
G:\Proyectos\Mods_Minecraft\the_sundering\neoforge\26.2\src\main\java\com\skd\thesundering\entity\projectile\Tidal_Hook_Entity.java:202: error: incompatible types: CompoundTag cannot be converted to ValueInput
        super.readAdditionalSaveData(tag);
                                     ^
G:\Proyectos\Mods_Minecraft\the_sundering\neoforge\26.2\src\main\java\com\skd\thesundering\entity\projectile\Tidal_Hook_Entity.java:203: error: incompatible types: Optional<Double> cannot be converted to double
        this.maxRange = tag.getDouble("maxRange");
                                     ^
G:\Proyectos\Mods_Minecraft\the_sundering\neoforge\26.2\src\main\java\com\skd\thesundering\entity\projectile\Tidal_Hook_Entity.java:204: error: incompatible types: Optional<Double> cannot be converted to double
        this.maxSpeed = tag.getDouble("maxSpeed");
                                     ^
G:\Proyectos\Mods_Minecraft\the_sundering\neoforge\26.2\src\main\java\com\skd\thesundering\entity\projectile\Tidal_Hook_Entity.java:205: error: incompatible types: Optional<Boolean> cannot be converted to boolean
        this.isPulling = tag.getBoolean("isPulling");
                                       ^
G:\Proyectos\Mods_Minecraft\the_sundering\neoforge\26.2\src\main\java\com\skd\thesundering\entity\projectile\Tidal_Hook_Entity.java:209: error: incompatible types: CompoundTag cannot be converted to ValueOutput
        super.addAdditionalSaveData(tag);
                                    ^
G:\Proyectos\Mods_Minecraft\the_sundering\neoforge\26.2\src\main\java\com\skd\thesundering\client\model\entity\Tidal_Tentacle_Claws_Model.java:56: error: incompatible types: inference variable E has incompatible bounds
        return ImmutableList.of((Object)this.root, (Object)this.claw1, (Object)this.claw2, (Object)this.claw3, (Object)this.claw4);
                               ^
    equality constraints: AdvancedModelBox
    lower bounds: Object
  where E is a type-variable:
    E extends Object declared in method <E>of(E,E,E,E,E)
G:\Proyectos\Mods_Minecraft\the_sundering\neoforge\26.2\src\main\java\com\skd\thesundering\client\model\entity\Tidal_Tentacle_Model.java:43: error: incompatible types: inference variable E has incompatible bounds
        return ImmutableList.of((Object)this.root, (Object)this.tonguePivot, (Object)this.tongue);
                               ^
    equality constraints: AdvancedModelBox
    lower bounds: Object
  where E is a type-variable:
    E extends Object declared in method <E>of(E,E,E)
G:\Proyectos\Mods_Minecraft\the_sundering\neoforge\26.2\src\main\java\com\skd\thesundering\client\model\entity\Urchinkin_Model.java:77: error: children has private access in ModelPart
        for (Map.Entry entry : part.children.entrySet()) {
                                   ^
G:\Proyectos\Mods_Minecraft\the_sundering\neoforge\26.2\src\main\java\com\skd\thesundering\client\model\entity\Urchinkin_Model.java:82: error: children has private access in ModelPart
            if (childPart.children.isEmpty()) continue;
                         ^
G:\Proyectos\Mods_Minecraft\the_sundering\neoforge\26.2\src\main\java\com\skd\thesundering\client\model\entity\Urchinkin_Model.java:98: error: cannot find symbol
        this.animateWalk(Urchinkin_Animation.WALK, limbSwing, limbSwingAmount, 1.0f, 4.0f);
            ^
  symbol: method animateWalk(AnimationDefinition,float,float,float,float)
G:\Proyectos\Mods_Minecraft\the_sundering\neoforge\26.2\src\main\java\com\skd\thesundering\client\model\entity\Urchinkin_Model.java:99: error: cannot find symbol
        this.animate(entity.getAnimationState("idle"), Urchinkin_Animation.IDLE, ageInTicks, 1.0f);
            ^
  symbol: method animate(AnimationState,AnimationDefinition,float,float)
G:\Proyectos\Mods_Minecraft\the_sundering\neoforge\26.2\src\main\java\com\skd\thesundering\client\model\entity\Urchinkin_Model.java:100: error: cannot find symbol
        this.animate(entity.getAnimationState("roll"), Urchinkin_Animation.ROLL, ageInTicks, 1.0f);
            ^
  symbol: method animate(AnimationState,AnimationDefinition,float,float)
G:\Proyectos\Mods_Minecraft\the_sundering\neoforge\26.2\src\main\java\com\skd\thesundering\client\model\entity\Urchinkin_Model.java:101: error: cannot find symbol
        this.animate(entity.getAnimationState("attack"), Urchinkin_Animation.ATTACK, ageInTicks, 1.0f);
            ^
  symbol: method animate(AnimationState,AnimationDefinition,float,float)
G:\Proyectos\Mods_Minecraft\the_sundering\neoforge\26.2\src\main\java\com\skd\thesundering\entity\InternalAnimationMonster\AcropolisMonsters\Urchinkin_Entity.java:135: error: cannot find symbol
        if (this.isControlledByLocalInstance() && this.isInWater() && this.wantsToSwim()) {
                ^
  symbol: method isControlledByLocalInstance()
G:\Proyectos\Mods_Minecraft\the_sundering\neoforge\26.2\src\main\java\com\skd\thesundering\entity\InternalAnimationMonster\AcropolisMonsters\Urchinkin_Entity.java:180: error: method define in class Builder cannot be applied to given types;
        p_326229_.define(ATTACK_STATE, (Object)0);
                 ^
  required: EntityDataAccessor<T>,T
  found:    EntityDataAccessor<Integer>,Object
  reason: inference variable T has incompatible bounds
    equality constraints: Integer
    lower bounds: Object
  where T is a type-variable:
    T extends Object declared in method <T>define(EntityDataAccessor<T>,T)
G:\Proyectos\Mods_Minecraft\the_sundering\neoforge\26.2\src\main\java\com\skd\thesundering\entity\InternalAnimationMonster\AcropolisMonsters\Urchinkin_Entity.java:205: error: no suitable method found for set(EntityDataAccessor<Integer>,Object)
        this.entityData.set(ATTACK_STATE, (Object)input);
                       ^
    method SynchedEntityData.<T#1>set(EntityDataAccessor<T#1>,T#1) is not applicable
      (inference variable T#1 has incompatible bounds
        equality constraints: Integer
        lower bounds: Object)
    method SynchedEntityData.<T#2>set(EntityDataAccessor<T#2>,T#2,boolean) is not applicable
      (cannot infer type-variable(s) T#2
        (actual and formal argument lists differ in length))
  where T#1,T#2 are type-variables:
    T#1 extends Object declared in method <T#1>set(EntityDataAccessor<T#1>,T#1)
    T#2 extends Object declared in method <T#2>set(EntityDataAccessor<T#2>,T#2,boolean)
G:\Proyectos\Mods_Minecraft\the_sundering\neoforge\26.2\src\main\java\com\skd\thesundering\entity\InternalAnimationMonster\AcropolisMonsters\Urchinkin_Entity.java:215: error: method doHurtTarget in class Mob cannot be applied to given types;
        return super.doHurtTarget(p_219472_);
                    ^
  required: ServerLevel,Entity
  found:    Entity
  reason: actual and formal argument lists differ in length
G:\Proyectos\Mods_Minecraft\the_sundering\neoforge\26.2\src\main\java\com\skd\thesundering\entity\InternalAnimationMonster\AcropolisMonsters\Urchinkin_Entity.java:219: error: incompatible types: CompoundTag cannot be converted to ValueOutput
        super.addAdditionalSaveData(compound);
                                    ^
G:\Proyectos\Mods_Minecraft\the_sundering\neoforge\26.2\src\main\java\com\skd\thesundering\entity\InternalAnimationMonster\AcropolisMonsters\Urchinkin_Entity.java:223: error: incompatible types: CompoundTag cannot be converted to ValueInput
        super.readAdditionalSaveData(compound);
                                     ^
G:\Proyectos\Mods_Minecraft\the_sundering\neoforge\26.2\src\main\java\com\skd\thesundering\entity\InternalAnimationMonster\AcropolisMonsters\Urchinkin_Entity.java:260: error: incompatible types: void cannot be converted to boolean
                    if (this.isAlliedTo((Entity)livingentity) || livingentity instanceof Urchinkin_Entity || livingentity == this || !(flag = livingentity.hurt(damagesource, (float)this.getAttributeValue(Attributes.ATTACK_DAMAGE)))) continue;
                                                                                                                                                               ^
G:\Proyectos\Mods_Minecraft\the_sundering\neoforge\26.2\src\main\java\com\skd\thesundering\entity\InternalAnimationMonster\AcropolisMonsters\Urchinkin_Entity.java:283: error: cannot find symbol
                    shard.setItem(itemstack);
                         ^
  symbol:   method setItem(ItemStack)
  location: variable shard of type Urchin_Spike_Entity
G:\Proyectos\Mods_Minecraft\the_sundering\neoforge\26.2\src\main\java\com\skd\thesundering\entity\InternalAnimationMonster\AcropolisMonsters\Urchinkin_Entity.java:285: error: cannot find symbol
                shard.shoot(this.random.nextFloat() * 0.4f * 2.0f - 0.4f, this.random.nextFloat() * 0.25f + 0.1f, this.random.nextFloat() * 0.4f * 2.0f - 0.4f, 0.35f, 1.0f);
                     ^
  symbol:   method shoot(float,float,float,float,float)
  location: variable shard of type Urchin_Spike_Entity
G:\Proyectos\Mods_Minecraft\the_sundering\neoforge\26.2\src\main\java\com\skd\thesundering\entity\InternalAnimationMonster\AcropolisMonsters\Urchinkin_Entity.java:286: error: incompatible types: Urchin_Spike_Entity cannot be converted to Entity
                this.level().addFreshEntity((Entity)shard);
                                                    ^
G:\Proyectos\Mods_Minecraft\the_sundering\neoforge\26.2\src\main\java\com\skd\thesundering\entity\InternalAnimationMonster\AcropolisMonsters\Urchinkin_Entity.java:291: error: isAlliedTo(Entity) in Urchinkin_Entity cannot override isAlliedTo(@org.jspecify.annotations.Nullable Entity) in Entity
    public boolean isAlliedTo(Entity entityIn) {
                   ^
  overridden method is final
G:\Proyectos\Mods_Minecraft\the_sundering\neoforge\26.2\src\main\java\com\skd\thesundering\entity\InternalAnimationMonster\AcropolisMonsters\Urchinkin_Entity.java:298: error: cannot find symbol
        if (entityIn.getType().is(ModTag.TEAM_SCYLLA)) {
                              ^
  symbol:   method is(TagKey<EntityType<?>>)
  location: class EntityType<CAP#1>
  where CAP#1 is a fresh type-variable:
    CAP#1 extends Entity from capture of ?
G:\Proyectos\Mods_Minecraft\the_sundering\neoforge\26.2\src\main\java\com\skd\thesundering\client\model\entity\Void_Howitzer_Model.java:34: error: incompatible types: inference variable E has incompatible bounds
        return ImmutableList.of((Object)this.root);
                               ^
    equality constraints: AdvancedModelBox
    lower bounds: Object
  where E is a type-variable:
    E extends Object declared in method <E>of(E)
G:\Proyectos\Mods_Minecraft\the_sundering\neoforge\26.2\src\main\java\com\skd\thesundering\entity\projectile\Void_Howitzer_Entity.java:62: error: no suitable constructor found for ThrowableProjectile(EntityType<Void_Howitzer_Entity>,LivingEntity,Level)
        super(type, thrower, world);
        ^
    constructor ThrowableProjectile.ThrowableProjectile(EntityType<? extends ThrowableProjectile>,Level) is not applicable
      (actual and formal argument lists differ in length)
    constructor ThrowableProjectile.ThrowableProjectile(EntityType<? extends ThrowableProjectile>,double,double,double,Level) is not applicable
      (actual and formal argument lists differ in length)
G:\Proyectos\Mods_Minecraft\the_sundering\neoforge\26.2\src\main\java\com\skd\thesundering\entity\projectile\Void_Howitzer_Entity.java:78: error: incompatible types: void cannot be converted to boolean
                boolean flag = entity.hurt(damagesource, 8.0f);
                                          ^
G:\Proyectos\Mods_Minecraft\the_sundering\neoforge\26.2\src\main\java\com\skd\thesundering\entity\projectile\Void_Howitzer_Entity.java:147: error: incompatible types: CompoundTag cannot be converted to ValueOutput
        super.addAdditionalSaveData(compound);
                                    ^
G:\Proyectos\Mods_Minecraft\the_sundering\neoforge\26.2\src\main\java\com\skd\thesundering\entity\projectile\Void_Howitzer_Entity.java:151: error: incompatible types: CompoundTag cannot be converted to ValueInput
        super.readAdditionalSaveData(compound);
                                     ^
G:\Proyectos\Mods_Minecraft\the_sundering\neoforge\26.2\src\main\java\com\skd\thesundering\client\model\entity\Void_Rune_Model.java:47: error: incompatible types: inference variable E has incompatible bounds
        return ImmutableList.of((Object)this.root);
                               ^
    equality constraints: AdvancedModelBox
    lower bounds: Object
  where E is a type-variable:
    E extends Object declared in method <E>of(E)
G:\Proyectos\Mods_Minecraft\the_sundering\neoforge\26.2\src\main\java\com\skd\thesundering\entity\projectile\Void_Rune_Entity.java:49: error: Void_Rune_Entity is not abstract and does not override abstract method addAdditionalSaveData(ValueOutput) in Entity
public class Void_Rune_Entity
       ^
G:\Proyectos\Mods_Minecraft\the_sundering\neoforge\26.2\src\main\java\com\skd\thesundering\entity\projectile\Void_Rune_Entity.java:76: error: method define in class Builder cannot be applied to given types;
        p_326229_.define(ACTIVATE, (Object)false);
                 ^
  required: EntityDataAccessor<T>,T
  found:    EntityDataAccessor<Boolean>,Object
  reason: inference variable T has incompatible bounds
    equality constraints: Boolean
    lower bounds: Object
  where T is a type-variable:
    T extends Object declared in method <T>define(EntityDataAccessor<T>,T)
G:\Proyectos\Mods_Minecraft\the_sundering\neoforge\26.2\src\main\java\com\skd\thesundering\entity\projectile\Void_Rune_Entity.java:77: error: method define in class Builder cannot be applied to given types;
        p_326229_.define(DAMAGE, (Object)Float.valueOf(0.0f));
                 ^
  required: EntityDataAccessor<T>,T
  found:    EntityDataAccessor<Float>,Object
  reason: inference variable T has incompatible bounds
    equality constraints: Float
    lower bounds: Object
  where T is a type-variable:
    T extends Object declared in method <T>define(EntityDataAccessor<T>,T)
G:\Proyectos\Mods_Minecraft\the_sundering\neoforge\26.2\src\main\java\com\skd\thesundering\entity\projectile\Void_Rune_Entity.java:85: error: no suitable method found for set(EntityDataAccessor<Float>,Object)
        this.entityData.set(DAMAGE, (Object)Float.valueOf(damage));
                       ^
    method SynchedEntityData.<T#1>set(EntityDataAccessor<T#1>,T#1) is not applicable
      (inference variable T#1 has incompatible bounds
        equality constraints: Float
        lower bounds: Object)
    method SynchedEntityData.<T#2>set(EntityDataAccessor<T#2>,T#2,boolean) is not applicable
      (cannot infer type-variable(s) T#2
        (actual and formal argument lists differ in length))
  where T#1,T#2 are type-variables:
    T#1 extends Object declared in method <T#1>set(EntityDataAccessor<T#1>,T#1)
    T#2 extends Object declared in method <T#2>set(EntityDataAccessor<T#2>,T#2,boolean)
G:\Proyectos\Mods_Minecraft\the_sundering\neoforge\26.2\src\main\java\com\skd\thesundering\entity\projectile\Void_Rune_Entity.java:103: error: incompatible types: Optional<Integer> cannot be converted to int
        this.warmupDelayTicks = compound.getInt("Warmup");
                                               ^
G:\Proyectos\Mods_Minecraft\the_sundering\neoforge\26.2\src\main\java\com\skd\thesundering\entity\projectile\Void_Rune_Entity.java:104: error: cannot find symbol
        if (compound.hasUUID("Owner")) {
                    ^
  symbol:   method hasUUID(String)
  location: variable compound of type CompoundTag
G:\Proyectos\Mods_Minecraft\the_sundering\neoforge\26.2\src\main\java\com\skd\thesundering\entity\projectile\Void_Rune_Entity.java:105: error: cannot find symbol
            this.casterUuid = compound.getUUID("Owner");
                                      ^
  symbol:   method getUUID(String)
  location: variable compound of type CompoundTag
G:\Proyectos\Mods_Minecraft\the_sundering\neoforge\26.2\src\main\java\com\skd\thesundering\entity\projectile\Void_Rune_Entity.java:107: error: incompatible types: Optional<Float> cannot be converted to float
        this.setDamage(compound.getFloat("damage"));
                                        ^
G:\Proyectos\Mods_Minecraft\the_sundering\neoforge\26.2\src\main\java\com\skd\thesundering\entity\projectile\Void_Rune_Entity.java:113: error: cannot find symbol
            compound.putUUID("Owner", this.casterUuid);
                    ^
  symbol:   method putUUID(String,UUID)
  location: variable compound of type CompoundTag
G:\Proyectos\Mods_Minecraft\the_sundering\neoforge\26.2\src\main\java\com\skd\thesundering\entity\projectile\Void_Rune_Entity.java:180: error: no suitable method found for set(EntityDataAccessor<Boolean>,Object)
        this.entityData.set(ACTIVATE, (Object)Activate);
                       ^
    method SynchedEntityData.<T#1>set(EntityDataAccessor<T#1>,T#1) is not applicable
      (inference variable T#1 has incompatible bounds
        equality constraints: Boolean
        lower bounds: Object)
    method SynchedEntityData.<T#2>set(EntityDataAccessor<T#2>,T#2,boolean) is not applicable
      (cannot infer type-variable(s) T#2
        (actual and formal argument lists differ in length))
  where T#1,T#2 are type-variables:
    T#1 extends Object declared in method <T#1>set(EntityDataAccessor<T#1>,T#1)
    T#2 extends Object declared in method <T#2>set(EntityDataAccessor<T#2>,T#2,boolean)
G:\Proyectos\Mods_Minecraft\the_sundering\neoforge\26.2\src\main\java\com\skd\thesundering\client\model\entity\Wadjet_Model.java:294: error: incompatible types: inference variable E has incompatible bounds
        return ImmutableList.of((Object)this.everything, (Object)this.upper_body1, (Object)this.mid_root, (Object)this.pelvis, (Object)this.upper_body2, (Object)this.body, (Object)this.neck1, (Object)this.neck2, (Object)this.face, (Object)this.head, (Object)this.cube_r1, (Object)this.cube_r2, (Object[])new AdvancedModelBox[]{this.cube_r3, this.cube_r4, this.jaw, this.right_arm, this.right_fore_arm, this.right_finger3, this.right_finger2, this.right_finger1, this.right_finger4, this.wand, this.cube_r5, this.left_arm, this.left_fore_arm, this.left_finger3, this.left_finger2, this.left_finger1, this.left_finger4, this.tail1, this.tail2, this.tail3, this.tail4, this.tail5, this.tailend});
                               ^
    equality constraints: AdvancedModelBox
    lower bounds: Object
  where E is a type-variable:
    E extends Object declared in method <E>of(E,E,E,E,E,E,E,E,E,E,E,E,E...)
G:\Proyectos\Mods_Minecraft\the_sundering\neoforge\26.2\src\main\java\com\skd\thesundering\entity\InternalAnimationMonster\Wadjet_Entity.java:190: error: no suitable constructor found for InternalStateGoal(Wadjet_Entity,Wadjet_Entity,int,int,int,int,int)
        this.goalSelector.addGoal(1, (Goal)new InternalStateGoal(this, this, 1, 1, 0, 0, 0){
                                           ^
    constructor InternalStateGoal.InternalStateGoal(Internal_Animation_Monster,int,int,int,int,int,boolean) is not applicable
      (argument mismatch; Wadjet_Entity cannot be converted to int)
    constructor InternalStateGoal.InternalStateGoal(Internal_Animation_Monster,int,int,int,int,int,EnumSet<Flag>) is not applicable
      (argument mismatch; Wadjet_Entity cannot be converted to int)
G:\Proyectos\Mods_Minecraft\the_sundering\neoforge\26.2\src\main\java\com\skd\thesundering\entity\InternalAnimationMonster\Wadjet_Entity.java:205: error: hurt(DamageSource,float) in Wadjet_Entity cannot override hurt(DamageSource,float) in Entity
    public boolean hurt(DamageSource source, float damage) {
                   ^
  overridden method is final
G:\Proyectos\Mods_Minecraft\the_sundering\neoforge\26.2\src\main\java\com\skd\thesundering\entity\InternalAnimationMonster\Wadjet_Entity.java:226: error: incompatible types: void cannot be converted to boolean
        return super.hurt(source, damage);
                         ^
G:\Proyectos\Mods_Minecraft\the_sundering\neoforge\26.2\src\main\java\com\skd\thesundering\entity\InternalAnimationMonster\Wadjet_Entity.java:237: error: lastDamageSource has private access in LivingEntity
        this.lastDamageSource = damageSource;
            ^
G:\Proyectos\Mods_Minecraft\the_sundering\neoforge\26.2\src\main\java\com\skd\thesundering\entity\InternalAnimationMonster\Wadjet_Entity.java:238: error: lastDamageStamp has private access in LivingEntity
        this.lastDamageStamp = this.level().getGameTime();
            ^
G:\Proyectos\Mods_Minecraft\the_sundering\neoforge\26.2\src\main\java\com\skd\thesundering\entity\InternalAnimationMonster\Wadjet_Entity.java:291: error: method define in class Builder cannot be applied to given types;
        p_326229_.define(STAB, (Object)false);
                 ^
  required: EntityDataAccessor<T>,T
  found:    EntityDataAccessor<Boolean>,Object
  reason: inference variable T has incompatible bounds
    equality constraints: Boolean
    lower bounds: Object
  where T is a type-variable:
    T extends Object declared in method <T>define(EntityDataAccessor<T>,T)
G:\Proyectos\Mods_Minecraft\the_sundering\neoforge\26.2\src\main\java\com\skd\thesundering\entity\InternalAnimationMonster\Wadjet_Entity.java:292: error: method define in class Builder cannot be applied to given types;
        p_326229_.define(AWAKEN, (Object)false);
                 ^
  required: EntityDataAccessor<T>,T
  found:    EntityDataAccessor<Boolean>,Object
  reason: inference variable T has incompatible bounds
    equality constraints: Boolean
    lower bounds: Object
  where T is a type-variable:
    T extends Object declared in method <T>define(EntityDataAccessor<T>,T)
G:\Proyectos\Mods_Minecraft\the_sundering\neoforge\26.2\src\main\java\com\skd\thesundering\entity\InternalAnimationMonster\Wadjet_Entity.java:304: error: no suitable method found for set(EntityDataAccessor<Boolean>,Object)
        this.entityData.set(STAB, (Object)stab);
                       ^
    method SynchedEntityData.<T#1>set(EntityDataAccessor<T#1>,T#1) is not applicable
      (inference variable T#1 has incompatible bounds
        equality constraints: Boolean
        lower bounds: Object)
    method SynchedEntityData.<T#2>set(EntityDataAccessor<T#2>,T#2,boolean) is not applicable
      (cannot infer type-variable(s) T#2
        (actual and formal argument lists differ in length))
  where T#1,T#2 are type-variables:
    T#1 extends Object declared in method <T#1>set(EntityDataAccessor<T#1>,T#1)
    T#2 extends Object declared in method <T#2>set(EntityDataAccessor<T#2>,T#2,boolean)
G:\Proyectos\Mods_Minecraft\the_sundering\neoforge\26.2\src\main\java\com\skd\thesundering\entity\InternalAnimationMonster\Wadjet_Entity.java:315: error: no suitable method found for set(EntityDataAccessor<Boolean>,Object)
        this.entityData.set(AWAKEN, (Object)necklace);
                       ^
    method SynchedEntityData.<T#1>set(EntityDataAccessor<T#1>,T#1) is not applicable
      (inference variable T#1 has incompatible bounds
        equality constraints: Boolean
        lower bounds: Object)
    method SynchedEntityData.<T#2>set(EntityDataAccessor<T#2>,T#2,boolean) is not applicable
      (cannot infer type-variable(s) T#2
        (actual and formal argument lists differ in length))
  where T#1,T#2 are type-variables:
    T#1 extends Object declared in method <T#1>set(EntityDataAccessor<T#1>,T#1)
    T#2 extends Object declared in method <T#2>set(EntityDataAccessor<T#2>,T#2,boolean)
G:\Proyectos\Mods_Minecraft\the_sundering\neoforge\26.2\src\main\java\com\skd\thesundering\entity\InternalAnimationMonster\Wadjet_Entity.java:404: error: incompatible types: CompoundTag cannot be converted to ValueOutput
        super.addAdditionalSaveData(compound);
                                    ^
G:\Proyectos\Mods_Minecraft\the_sundering\neoforge\26.2\src\main\java\com\skd\thesundering\entity\InternalAnimationMonster\Wadjet_Entity.java:409: error: incompatible types: CompoundTag cannot be converted to ValueInput
        super.readAdditionalSaveData(compound);
                                     ^
G:\Proyectos\Mods_Minecraft\the_sundering\neoforge\26.2\src\main\java\com\skd\thesundering\entity\InternalAnimationMonster\Wadjet_Entity.java:410: error: incompatible types: Optional<Boolean> cannot be converted to boolean
        this.setAwaken(compound.getBoolean("Awaken"));
                                          ^
G:\Proyectos\Mods_Minecraft\the_sundering\neoforge\26.2\src\main\java\com\skd\thesundering\entity\InternalAnimationMonster\Wadjet_Entity.java:485: error: incompatible types: void cannot be converted to boolean
                boolean hurt = entityHit.hurt(damagesource, (float)(this.getAttributeValue(Attributes.ATTACK_DAMAGE) * (double)damage));
                                             ^
G:\Proyectos\Mods_Minecraft\the_sundering\neoforge\26.2\src\main\java\com\skd\thesundering\entity\InternalAnimationMonster\Wadjet_Entity.java:486: error: cannot find symbol
                if (entityHit.isDamageSourceBlocked(damagesource) && entityHit instanceof Player) {
                             ^
  symbol:   method isDamageSourceBlocked(DamageSource)
  location: variable entityHit of type LivingEntity
G:\Proyectos\Mods_Minecraft\the_sundering\neoforge\26.2\src\main\java\com\skd\thesundering\entity\InternalAnimationMonster\Wadjet_Entity.java:505: error: isAlliedTo(Entity) in Wadjet_Entity cannot override isAlliedTo(@org.jspecify.annotations.Nullable Entity) in Entity
    public boolean isAlliedTo(Entity entityIn) {
                   ^
  overridden method is final
G:\Proyectos\Mods_Minecraft\the_sundering\neoforge\26.2\src\main\java\com\skd\thesundering\entity\InternalAnimationMonster\Wadjet_Entity.java:512: error: cannot find symbol
        if (entityIn.getType().is(ModTag.TEAM_ANCIENT_REMNANT)) {
                              ^
  symbol:   method is(TagKey<EntityType<?>>)
  location: class EntityType<CAP#1>
  where CAP#1 is a fresh type-variable:
    CAP#1 extends Entity from capture of ?
G:\Proyectos\Mods_Minecraft\the_sundering\neoforge\26.2\src\main\java\com\skd\thesundering\entity\InternalAnimationMonster\Wadjet_Entity.java:703: error: cannot find symbol
            } while ((blockpos = blockpos.above()).getY() < Math.min(this.entity.level().getMaxBuildHeight(), this.entity.getBlockY() + 12));
                                                                                        ^
  symbol:   method getMaxBuildHeight()
  location: class Level
G:\Proyectos\Mods_Minecraft\the_sundering\neoforge\26.2\src\main\java\com\skd\thesundering\client\model\entity\Wave_Model.java:49: error: cannot find symbol
        this.animate(entity.getAnimationState("spawn"), Wave_Animation.SPAWN, ageInTicks, 1.0f);
            ^
  symbol: method animate(AnimationState,AnimationDefinition,float,float)
G:\Proyectos\Mods_Minecraft\the_sundering\neoforge\26.2\src\main\java\com\skd\thesundering\client\model\entity\Wave_Model.java:50: error: cannot find symbol
        this.animate(entity.getAnimationState("idle"), Wave_Animation.LOOP, ageInTicks, 0.75f);
            ^
  symbol: method animate(AnimationState,AnimationDefinition,float,float)
G:\Proyectos\Mods_Minecraft\the_sundering\neoforge\26.2\src\main\java\com\skd\thesundering\client\model\entity\Wave_Model.java:51: error: cannot find symbol
        this.animate(entity.getAnimationState("despawn"), Wave_Animation.END, ageInTicks, 1.0f);
            ^
  symbol: method animate(AnimationState,AnimationDefinition,float,float)
G:\Proyectos\Mods_Minecraft\the_sundering\neoforge\26.2\src\main\java\com\skd\thesundering\entity\effect\Wave_Entity.java:57: error: Wave_Entity is not abstract and does not override abstract method addAdditionalSaveData(ValueOutput) in Entity
public class Wave_Entity
       ^
G:\Proyectos\Mods_Minecraft\the_sundering\neoforge\26.2\src\main\java\com\skd\thesundering\entity\effect\Wave_Entity.java:114: error: method define in class Builder cannot be applied to given types;
        p_326229_.define(LIFESPAN, (Object)0);
                 ^
  required: EntityDataAccessor<T>,T
  found:    EntityDataAccessor<Integer>,Object
  reason: inference variable T has incompatible bounds
    equality constraints: Integer
    lower bounds: Object
  where T is a type-variable:
    T extends Object declared in method <T>define(EntityDataAccessor<T>,T)
G:\Proyectos\Mods_Minecraft\the_sundering\neoforge\26.2\src\main\java\com\skd\thesundering\entity\effect\Wave_Entity.java:115: error: method define in class Builder cannot be applied to given types;
        p_326229_.define(MAX_TICKS, (Object)0);
                 ^
  required: EntityDataAccessor<T>,T
  found:    EntityDataAccessor<Integer>,Object
  reason: inference variable T has incompatible bounds
    equality constraints: Integer
    lower bounds: Object
  where T is a type-variable:
    T extends Object declared in method <T>define(EntityDataAccessor<T>,T)
G:\Proyectos\Mods_Minecraft\the_sundering\neoforge\26.2\src\main\java\com\skd\thesundering\entity\effect\Wave_Entity.java:116: error: method define in class Builder cannot be applied to given types;
        p_326229_.define(Y_ROT, (Object)Float.valueOf(0.0f));
                 ^
  required: EntityDataAccessor<T>,T
  found:    EntityDataAccessor<Float>,Object
  reason: inference variable T has incompatible bounds
    equality constraints: Float
    lower bounds: Object
  where T is a type-variable:
    T extends Object declared in method <T>define(EntityDataAccessor<T>,T)
G:\Proyectos\Mods_Minecraft\the_sundering\neoforge\26.2\src\main\java\com\skd\thesundering\entity\effect\Wave_Entity.java:117: error: method define in class Builder cannot be applied to given types;
        p_326229_.define(STATE, (Object)0);
                 ^
  required: EntityDataAccessor<T>,T
  found:    EntityDataAccessor<Integer>,Object
  reason: inference variable T has incompatible bounds
    equality constraints: Integer
    lower bounds: Object
  where T is a type-variable:
    T extends Object declared in method <T>define(EntityDataAccessor<T>,T)
G:\Proyectos\Mods_Minecraft\the_sundering\neoforge\26.2\src\main\java\com\skd\thesundering\entity\effect\Wave_Entity.java:118: error: method define in class Builder cannot be applied to given types;
        p_326229_.define(DAMAGE, (Object)Float.valueOf(0.0f));
                 ^
  required: EntityDataAccessor<T>,T
  found:    EntityDataAccessor<Float>,Object
  reason: inference variable T has incompatible bounds
    equality constraints: Float
    lower bounds: Object
  where T is a type-variable:
    T extends Object declared in method <T>define(EntityDataAccessor<T>,T)
G:\Proyectos\Mods_Minecraft\the_sundering\neoforge\26.2\src\main\java\com\skd\thesundering\entity\effect\Wave_Entity.java:171: error: no suitable method found for set(EntityDataAccessor<Integer>,Object)
        this.entityData.set(STATE, (Object)state);
                       ^
    method SynchedEntityData.<T#1>set(EntityDataAccessor<T#1>,T#1) is not applicable
      (inference variable T#1 has incompatible bounds
        equality constraints: Integer
        lower bounds: Object)
    method SynchedEntityData.<T#2>set(EntityDataAccessor<T#2>,T#2,boolean) is not applicable
      (cannot infer type-variable(s) T#2
        (actual and formal argument lists differ in length))
  where T#1,T#2 are type-variables:
    T#1 extends Object declared in method <T#1>set(EntityDataAccessor<T#1>,T#1)
    T#2 extends Object declared in method <T#2>set(EntityDataAccessor<T#2>,T#2,boolean)
G:\Proyectos\Mods_Minecraft\the_sundering\neoforge\26.2\src\main\java\com\skd\thesundering\entity\effect\Wave_Entity.java:179: error: no suitable method found for set(EntityDataAccessor<Float>,Object)
        this.entityData.set(DAMAGE, (Object)Float.valueOf(damage));
                       ^
    method SynchedEntityData.<T#1>set(EntityDataAccessor<T#1>,T#1) is not applicable
      (inference variable T#1 has incompatible bounds
        equality constraints: Float
        lower bounds: Object)
    method SynchedEntityData.<T#2>set(EntityDataAccessor<T#2>,T#2,boolean) is not applicable
      (cannot infer type-variable(s) T#2
        (actual and formal argument lists differ in length))
  where T#1,T#2 are type-variables:
    T#1 extends Object declared in method <T#1>set(EntityDataAccessor<T#1>,T#1)
    T#2 extends Object declared in method <T#2>set(EntityDataAccessor<T#2>,T#2,boolean)
G:\Proyectos\Mods_Minecraft\the_sundering\neoforge\26.2\src\main\java\com\skd\thesundering\entity\effect\Wave_Entity.java:183: error: cannot find symbol
        if (tag.hasUUID("Owner")) {
               ^
  symbol:   method hasUUID(String)
  location: variable tag of type CompoundTag
G:\Proyectos\Mods_Minecraft\the_sundering\neoforge\26.2\src\main\java\com\skd\thesundering\entity\effect\Wave_Entity.java:184: error: cannot find symbol
            this.ownerUUID = tag.getUUID("Owner");
                                ^
  symbol:   method getUUID(String)
  location: variable tag of type CompoundTag
G:\Proyectos\Mods_Minecraft\the_sundering\neoforge\26.2\src\main\java\com\skd\thesundering\entity\effect\Wave_Entity.java:187: error: incompatible types: Optional<Integer> cannot be converted to int
            this.setLifespan(tag.getInt("Lifespan"));
                                       ^
G:\Proyectos\Mods_Minecraft\the_sundering\neoforge\26.2\src\main\java\com\skd\thesundering\entity\effect\Wave_Entity.java:190: error: incompatible types: Optional<Integer> cannot be converted to int
            this.setMaxTicks(tag.getInt("Maxticks"));
                                       ^
G:\Proyectos\Mods_Minecraft\the_sundering\neoforge\26.2\src\main\java\com\skd\thesundering\entity\effect\Wave_Entity.java:196: error: cannot find symbol
            compoundTag.putUUID("Owner", this.ownerUUID);
                       ^
  symbol:   method putUUID(String,UUID)
  location: variable compoundTag of type CompoundTag
G:\Proyectos\Mods_Minecraft\the_sundering\neoforge\26.2\src\main\java\com\skd\thesundering\entity\effect\Wave_Entity.java:207: error: no suitable method found for set(EntityDataAccessor<Float>,Object)
        this.entityData.set(Y_ROT, (Object)Float.valueOf(f));
                       ^
    method SynchedEntityData.<T#1>set(EntityDataAccessor<T#1>,T#1) is not applicable
      (inference variable T#1 has incompatible bounds
        equality constraints: Float
        lower bounds: Object)
    method SynchedEntityData.<T#2>set(EntityDataAccessor<T#2>,T#2,boolean) is not applicable
      (cannot infer type-variable(s) T#2
        (actual and formal argument lists differ in length))
  where T#1,T#2 are type-variables:
    T#1 extends Object declared in method <T#1>set(EntityDataAccessor<T#1>,T#1)
    T#2 extends Object declared in method <T#2>set(EntityDataAccessor<T#2>,T#2,boolean)
G:\Proyectos\Mods_Minecraft\the_sundering\neoforge\26.2\src\main\java\com\skd\thesundering\entity\effect\Wave_Entity.java:215: error: no suitable method found for set(EntityDataAccessor<Integer>,Object)
        this.entityData.set(LIFESPAN, (Object)time);
                       ^
    method SynchedEntityData.<T#1>set(EntityDataAccessor<T#1>,T#1) is not applicable
      (inference variable T#1 has incompatible bounds
        equality constraints: Integer
        lower bounds: Object)
    method SynchedEntityData.<T#2>set(EntityDataAccessor<T#2>,T#2,boolean) is not applicable
      (cannot infer type-variable(s) T#2
        (actual and formal argument lists differ in length))
  where T#1,T#2 are type-variables:
    T#1 extends Object declared in method <T#1>set(EntityDataAccessor<T#1>,T#1)
    T#2 extends Object declared in method <T#2>set(EntityDataAccessor<T#2>,T#2,boolean)
G:\Proyectos\Mods_Minecraft\the_sundering\neoforge\26.2\src\main\java\com\skd\thesundering\entity\effect\Wave_Entity.java:223: error: no suitable method found for set(EntityDataAccessor<Integer>,Object)
        this.entityData.set(MAX_TICKS, (Object)time);
                       ^
    method SynchedEntityData.<T#1>set(EntityDataAccessor<T#1>,T#1) is not applicable
      (inference variable T#1 has incompatible bounds
        equality constraints: Integer
        lower bounds: Object)
    method SynchedEntityData.<T#2>set(EntityDataAccessor<T#2>,T#2,boolean) is not applicable
      (cannot infer type-variable(s) T#2
        (actual and formal argument lists differ in length))
  where T#1,T#2 are type-variables:
    T#1 extends Object declared in method <T#1>set(EntityDataAccessor<T#1>,T#1)
    T#2 extends Object declared in method <T#2>set(EntityDataAccessor<T#2>,T#2,boolean)
G:\Proyectos\Mods_Minecraft\the_sundering\neoforge\26.2\src\main\java\com\skd\thesundering\entity\effect\Wave_Entity.java:233: error: cannot find symbol
        if (!this.isNoGravity() && !this.isInWaterOrBubble()) {
                                        ^
  symbol: method isInWaterOrBubble()
G:\Proyectos\Mods_Minecraft\the_sundering\neoforge\26.2\src\main\java\com\skd\thesundering\entity\effect\Wave_Entity.java:290: error: incompatible types: void cannot be converted to boolean
            boolean flag = entity.hurt(source, this.getDamage());
                                      ^
G:\Proyectos\Mods_Minecraft\the_sundering\neoforge\26.2\src\main\java\com\skd\thesundering\entity\effect\Wave_Entity.java:305: error: cannot find symbol
            entity.hasImpulse = true;
                  ^
  symbol:   variable hasImpulse
  location: variable entity of type LivingEntity
G:\Proyectos\Mods_Minecraft\the_sundering\neoforge\26.2\src\main\java\com\skd\thesundering\client\model\entity\Wither_Homing_Missile_Model.java:36: error: incompatible types: inference variable E has incompatible bounds
        return ImmutableList.of((Object)this.root);
                               ^
    equality constraints: AdvancedModelBox
    lower bounds: Object
  where E is a type-variable:
    E extends Object declared in method <E>of(E)
G:\Proyectos\Mods_Minecraft\the_sundering\neoforge\26.2\src\main\java\com\skd\thesundering\entity\projectile\Wither_Homing_Missile_Entity.java:90: error: cannot find symbol
        this.moveTo(getX, gety, getz, this.getYRot(), this.getXRot());
            ^
  symbol: method moveTo(double,double,double,float,float)
G:\Proyectos\Mods_Minecraft\the_sundering\neoforge\26.2\src\main\java\com\skd\thesundering\entity\projectile\Wither_Homing_Missile_Entity.java:105: error: method define in class Builder cannot be applied to given types;
        p_326229_.define(DAMAGE, (Object)Float.valueOf(0.0f));
                 ^
  required: EntityDataAccessor<T>,T
  found:    EntityDataAccessor<Float>,Object
  reason: inference variable T has incompatible bounds
    equality constraints: Float
    lower bounds: Object
  where T is a type-variable:
    T extends Object declared in method <T>define(EntityDataAccessor<T>,T)
G:\Proyectos\Mods_Minecraft\the_sundering\neoforge\26.2\src\main\java\com\skd\thesundering\entity\projectile\Wither_Homing_Missile_Entity.java:106: error: method define in class Builder cannot be applied to given types;
        p_326229_.define(FUSE, (Object)80);
                 ^
  required: EntityDataAccessor<T>,T
  found:    EntityDataAccessor<Integer>,Object
  reason: inference variable T has incompatible bounds
    equality constraints: Integer
    lower bounds: Object
  where T is a type-variable:
    T extends Object declared in method <T>define(EntityDataAccessor<T>,T)
G:\Proyectos\Mods_Minecraft\the_sundering\neoforge\26.2\src\main\java\com\skd\thesundering\entity\projectile\Wither_Homing_Missile_Entity.java:114: error: no suitable method found for set(EntityDataAccessor<Float>,Object)
        this.entityData.set(DAMAGE, (Object)Float.valueOf(damage));
                       ^
    method SynchedEntityData.<T#1>set(EntityDataAccessor<T#1>,T#1) is not applicable
      (inference variable T#1 has incompatible bounds
        equality constraints: Float
        lower bounds: Object)
    method SynchedEntityData.<T#2>set(EntityDataAccessor<T#2>,T#2,boolean) is not applicable
      (cannot infer type-variable(s) T#2
        (actual and formal argument lists differ in length))
  where T#1,T#2 are type-variables:
    T#1 extends Object declared in method <T#1>set(EntityDataAccessor<T#1>,T#1)
    T#2 extends Object declared in method <T#2>set(EntityDataAccessor<T#2>,T#2,boolean)
G:\Proyectos\Mods_Minecraft\the_sundering\neoforge\26.2\src\main\java\com\skd\thesundering\entity\projectile\Wither_Homing_Missile_Entity.java:118: error: no suitable method found for set(EntityDataAccessor<Integer>,Object)
        this.entityData.set(FUSE, (Object)life);
                       ^
    method SynchedEntityData.<T#1>set(EntityDataAccessor<T#1>,T#1) is not applicable
      (inference variable T#1 has incompatible bounds
        equality constraints: Integer
        lower bounds: Object)
    method SynchedEntityData.<T#2>set(EntityDataAccessor<T#2>,T#2,boolean) is not applicable
      (cannot infer type-variable(s) T#2
        (actual and formal argument lists differ in length))
  where T#1,T#2 are type-variables:
    T#1 extends Object declared in method <T#1>set(EntityDataAccessor<T#1>,T#1)
    T#2 extends Object declared in method <T#2>set(EntityDataAccessor<T#2>,T#2,boolean)
G:\Proyectos\Mods_Minecraft\the_sundering\neoforge\26.2\src\main\java\com\skd\thesundering\entity\projectile\Wither_Homing_Missile_Entity.java:134: error: incompatible types: CompoundTag cannot be converted to ValueOutput
        super.addAdditionalSaveData(p_37357_);
                                    ^
G:\Proyectos\Mods_Minecraft\the_sundering\neoforge\26.2\src\main\java\com\skd\thesundering\entity\projectile\Wither_Homing_Missile_Entity.java:136: error: cannot find symbol
            p_37357_.putUUID("Target", this.finalTarget.getUUID());
                    ^
  symbol:   method putUUID(String,UUID)
  location: variable p_37357_ of type CompoundTag
G:\Proyectos\Mods_Minecraft\the_sundering\neoforge\26.2\src\main\java\com\skd\thesundering\entity\projectile\Wither_Homing_Missile_Entity.java:143: error: incompatible types: CompoundTag cannot be converted to ValueInput
        super.readAdditionalSaveData(p_37353_);
                                     ^
G:\Proyectos\Mods_Minecraft\the_sundering\neoforge\26.2\src\main\java\com\skd\thesundering\entity\projectile\Wither_Homing_Missile_Entity.java:144: error: incompatible types: Optional<Short> cannot be converted to int
        this.setFuse(p_37353_.getShort("fuse"));
                                      ^
G:\Proyectos\Mods_Minecraft\the_sundering\neoforge\26.2\src\main\java\com\skd\thesundering\entity\projectile\Wither_Homing_Missile_Entity.java:145: error: cannot find symbol
        if (p_37353_.hasUUID("Target")) {
                    ^
  symbol:   method hasUUID(String)
  location: variable p_37353_ of type CompoundTag
G:\Proyectos\Mods_Minecraft\the_sundering\neoforge\26.2\src\main\java\com\skd\thesundering\entity\projectile\Wither_Homing_Missile_Entity.java:146: error: cannot find symbol
            this.targetId = p_37353_.getUUID("Target");
                                    ^
  symbol:   method getUUID(String)
  location: variable p_37353_ of type CompoundTag
G:\Proyectos\Mods_Minecraft\the_sundering\neoforge\26.2\src\main\java\com\skd\thesundering\entity\projectile\Wither_Homing_Missile_Entity.java:148: error: method contains in class CompoundTag cannot be applied to given types;
        if (p_37353_.contains("acceleration_power", 6)) {
                    ^
  required: String
  found:    String,int
  reason: actual and formal argument lists differ in length
G:\Proyectos\Mods_Minecraft\the_sundering\neoforge\26.2\src\main\java\com\skd\thesundering\entity\projectile\Wither_Homing_Missile_Entity.java:149: error: incompatible types: Optional<Double> cannot be converted to double
            this.accelerationPower = p_37353_.getDouble("acceleration_power");
                                                       ^
G:\Proyectos\Mods_Minecraft\the_sundering\neoforge\26.2\src\main\java\com\skd\thesundering\entity\projectile\Wither_Homing_Missile_Entity.java:161: error: cannot find symbol
            this.checkInsideBlocks();
                ^
  symbol: method checkInsideBlocks()
G:\Proyectos\Mods_Minecraft\the_sundering\neoforge\26.2\src\main\java\com\skd\thesundering\entity\projectile\Wither_Homing_Missile_Entity.java:234: error: incompatible types: void cannot be converted to boolean
                flag = entity.hurt(damagesource, this.getDamage());
                                  ^
G:\Proyectos\Mods_Minecraft\the_sundering\neoforge\26.2\src\main\java\com\skd\thesundering\entity\projectile\Wither_Homing_Missile_Entity.java:248: error: incompatible types: void cannot be converted to boolean
                flag = entity.hurt(this.damageSources().magic(), 3.0f);
                                  ^
G:\Proyectos\Mods_Minecraft\the_sundering\neoforge\26.2\src\main\java\com\skd\thesundering\client\model\entity\Wither_Howitzer_Model.java:40: error: incompatible types: inference variable E has incompatible bounds
        return ImmutableList.of((Object)this.root, (Object)this.warhead);
                               ^
    equality constraints: AdvancedModelBox
    lower bounds: Object
  where E is a type-variable:
    E extends Object declared in method <E>of(E,E)
G:\Proyectos\Mods_Minecraft\the_sundering\neoforge\26.2\src\main\java\com\skd\thesundering\entity\projectile\Wither_Howitzer_Entity.java:68: error: no suitable constructor found for ThrowableProjectile(EntityType<Wither_Howitzer_Entity>,LivingEntity,Level)
        super(type, thrower, world);
        ^
    constructor ThrowableProjectile.ThrowableProjectile(EntityType<? extends ThrowableProjectile>,Level) is not applicable
      (actual and formal argument lists differ in length)
    constructor ThrowableProjectile.ThrowableProjectile(EntityType<? extends ThrowableProjectile>,double,double,double,Level) is not applicable
      (actual and formal argument lists differ in length)
G:\Proyectos\Mods_Minecraft\the_sundering\neoforge\26.2\src\main\java\com\skd\thesundering\entity\projectile\Wither_Howitzer_Entity.java:72: error: method define in class Builder cannot be applied to given types;
        p_326229_.define(RADIUS, (Object)Float.valueOf(0.5f));
                 ^
  required: EntityDataAccessor<T>,T
  found:    EntityDataAccessor<Float>,Object
  reason: inference variable T has incompatible bounds
    equality constraints: Float
    lower bounds: Object
  where T is a type-variable:
    T extends Object declared in method <T>define(EntityDataAccessor<T>,T)
G:\Proyectos\Mods_Minecraft\the_sundering\neoforge\26.2\src\main\java\com\skd\thesundering\entity\projectile\Wither_Howitzer_Entity.java:77: error: no suitable method found for set(EntityDataAccessor<Float>,Object)
            this.getEntityData().set(RADIUS, (Object)Float.valueOf(Mth.clamp((float)p_19713_, (float)0.0f, (float)32.0f)));
                                ^
    method SynchedEntityData.<T#1>set(EntityDataAccessor<T#1>,T#1) is not applicable
      (inference variable T#1 has incompatible bounds
        equality constraints: Float
        lower bounds: Object)
    method SynchedEntityData.<T#2>set(EntityDataAccessor<T#2>,T#2,boolean) is not applicable
      (cannot infer type-variable(s) T#2
        (actual and formal argument lists differ in length))
  where T#1,T#2 are type-variables:
    T#1 extends Object declared in method <T#1>set(EntityDataAccessor<T#1>,T#1)
    T#2 extends Object declared in method <T#2>set(EntityDataAccessor<T#2>,T#2,boolean)
G:\Proyectos\Mods_Minecraft\the_sundering\neoforge\26.2\src\main\java\com\skd\thesundering\entity\projectile\Wither_Howitzer_Entity.java:96: error: incompatible types: void cannot be converted to boolean
                flag = entity.hurt(damagesource, 11.0f);
                                  ^
G:\Proyectos\Mods_Minecraft\the_sundering\neoforge\26.2\src\main\java\com\skd\thesundering\entity\projectile\Wither_Howitzer_Entity.java:107: error: incompatible types: void cannot be converted to boolean
                flag = entity.hurt(this.damageSources().magic(), 5.0f);
                                  ^
G:\Proyectos\Mods_Minecraft\the_sundering\neoforge\26.2\src\main\java\com\skd\thesundering\entity\projectile\Wither_Howitzer_Entity.java:140: error: incompatible types: CompoundTag cannot be converted to ValueOutput
        super.addAdditionalSaveData(compound);
                                    ^
G:\Proyectos\Mods_Minecraft\the_sundering\neoforge\26.2\src\main\java\com\skd\thesundering\entity\projectile\Wither_Howitzer_Entity.java:145: error: incompatible types: CompoundTag cannot be converted to ValueInput
        super.readAdditionalSaveData(compound);
                                     ^
G:\Proyectos\Mods_Minecraft\the_sundering\neoforge\26.2\src\main\java\com\skd\thesundering\entity\projectile\Wither_Howitzer_Entity.java:146: error: incompatible types: Optional<Float> cannot be converted to float
        this.setRadius(compound.getFloat("radius"));
                                        ^
G:\Proyectos\Mods_Minecraft\the_sundering\neoforge\26.2\src\main\java\com\skd\thesundering\client\model\entity\Wither_Missile_Model.java:48: error: incompatible types: inference variable E has incompatible bounds
        return ImmutableList.of((Object)this.root, (Object)this.jaw, (Object)this.head);
                               ^
    equality constraints: AdvancedModelBox
    lower bounds: Object
  where E is a type-variable:
    E extends Object declared in method <E>of(E,E,E)
G:\Proyectos\Mods_Minecraft\the_sundering\neoforge\26.2\src\main\java\com\skd\thesundering\client\model\item\Ancient_Spear_Model.java:43: error: incompatible types: inference variable E has incompatible bounds
        return ImmutableList.of((Object)this.root);
                               ^
    equality constraints: AdvancedModelBox
    lower bounds: Object
  where E is a type-variable:
    E extends Object declared in method <E>of(E)
G:\Proyectos\Mods_Minecraft\the_sundering\neoforge\26.2\src\main\java\com\skd\thesundering\client\model\item\Astrape_Model.java:58: error: incompatible types: inference variable E has incompatible bounds
        return ImmutableList.of((Object)this.root);
                               ^
    equality constraints: AdvancedModelBox
    lower bounds: Object
  where E is a type-variable:
    E extends Object declared in method <E>of(E)
G:\Proyectos\Mods_Minecraft\the_sundering\neoforge\26.2\src\main\java\com\skd\thesundering\client\model\item\Azure_Sea_Shield_Model.java:53: error: incompatible types: inference variable E has incompatible bounds
        return ImmutableList.of((Object)this.root, (Object)this.plate, (Object)this.handle);
                               ^
    equality constraints: AdvancedModelBox
    lower bounds: Object
  where E is a type-variable:
    E extends Object declared in method <E>of(E,E,E)
G:\Proyectos\Mods_Minecraft\the_sundering\neoforge\26.2\src\main\java\com\skd\thesundering\client\model\item\Black_Steel_Targe_Model.java:51: error: incompatible types: inference variable E has incompatible bounds
        return ImmutableList.of((Object)this.root, (Object)this.plate, (Object)this.handle);
                               ^
    equality constraints: AdvancedModelBox
    lower bounds: Object
  where E is a type-variable:
    E extends Object declared in method <E>of(E,E,E)
G:\Proyectos\Mods_Minecraft\the_sundering\neoforge\26.2\src\main\java\com\skd\thesundering\client\model\item\Brontes_Model.java:78: error: incompatible types: inference variable E has incompatible bounds
        return ImmutableList.of((Object)this.root, (Object)this.hammer_head, (Object)this.back, (Object)this.handle, (Object)this.handle2);
                               ^
    equality constraints: AdvancedModelBox
    lower bounds: Object
  where E is a type-variable:
    E extends Object declared in method <E>of(E,E,E,E,E)
G:\Proyectos\Mods_Minecraft\the_sundering\neoforge\26.2\src\main\java\com\skd\thesundering\entity\projectile\Brontes_Entity.java:94: error: method define in class Builder cannot be applied to given types;
        p_326229_.define(RETURN, (Object)false);
                 ^
  required: EntityDataAccessor<T>,T
  found:    EntityDataAccessor<Boolean>,Object
  reason: inference variable T has incompatible bounds
    equality constraints: Boolean
    lower bounds: Object
  where T is a type-variable:
    T extends Object declared in method <T>define(EntityDataAccessor<T>,T)
G:\Proyectos\Mods_Minecraft\the_sundering\neoforge\26.2\src\main\java\com\skd\thesundering\entity\projectile\Brontes_Entity.java:95: error: method define in class Builder cannot be applied to given types;
        p_326229_.define(Y_ROT_OLD, (Object)Float.valueOf(0.0f));
                 ^
  required: EntityDataAccessor<T>,T
  found:    EntityDataAccessor<Float>,Object
  reason: inference variable T has incompatible bounds
    equality constraints: Float
    lower bounds: Object
  where T is a type-variable:
    T extends Object declared in method <T>define(EntityDataAccessor<T>,T)
G:\Proyectos\Mods_Minecraft\the_sundering\neoforge\26.2\src\main\java\com\skd\thesundering\entity\projectile\Brontes_Entity.java:96: error: method define in class Builder cannot be applied to given types;
        p_326229_.define(X_ROT_OLD, (Object)Float.valueOf(0.0f));
                 ^
  required: EntityDataAccessor<T>,T
  found:    EntityDataAccessor<Float>,Object
  reason: inference variable T has incompatible bounds
    equality constraints: Float
    lower bounds: Object
  where T is a type-variable:
    T extends Object declared in method <T>define(EntityDataAccessor<T>,T)
G:\Proyectos\Mods_Minecraft\the_sundering\neoforge\26.2\src\main\java\com\skd\thesundering\entity\projectile\Brontes_Entity.java:97: error: method define in class Builder cannot be applied to given types;
        p_326229_.define(AREA_DAMAGE, (Object)Float.valueOf(0.0f));
                 ^
  required: EntityDataAccessor<T>,T
  found:    EntityDataAccessor<Float>,Object
  reason: inference variable T has incompatible bounds
    equality constraints: Float
    lower bounds: Object
  where T is a type-variable:
    T extends Object declared in method <T>define(EntityDataAccessor<T>,T)
G:\Proyectos\Mods_Minecraft\the_sundering\neoforge\26.2\src\main\java\com\skd\thesundering\entity\projectile\Brontes_Entity.java:98: error: method define in class Builder cannot be applied to given types;
        p_326229_.define(STORM_DAMAGE, (Object)Float.valueOf(0.0f));
                 ^
  required: EntityDataAccessor<T>,T
  found:    EntityDataAccessor<Float>,Object
  reason: inference variable T has incompatible bounds
    equality constraints: Float
    lower bounds: Object
  where T is a type-variable:
    T extends Object declared in method <T>define(EntityDataAccessor<T>,T)
G:\Proyectos\Mods_Minecraft\the_sundering\neoforge\26.2\src\main\java\com\skd\thesundering\entity\projectile\Brontes_Entity.java:106: error: no suitable method found for set(EntityDataAccessor<Boolean>,Object)
        this.entityData.set(RETURN, (Object)weapon);
                       ^
    method SynchedEntityData.<T#1>set(EntityDataAccessor<T#1>,T#1) is not applicable
      (inference variable T#1 has incompatible bounds
        equality constraints: Boolean
        lower bounds: Object)
    method SynchedEntityData.<T#2>set(EntityDataAccessor<T#2>,T#2,boolean) is not applicable
      (cannot infer type-variable(s) T#2
        (actual and formal argument lists differ in length))
  where T#1,T#2 are type-variables:
    T#1 extends Object declared in method <T#1>set(EntityDataAccessor<T#1>,T#1)
    T#2 extends Object declared in method <T#2>set(EntityDataAccessor<T#2>,T#2,boolean)
G:\Proyectos\Mods_Minecraft\the_sundering\neoforge\26.2\src\main\java\com\skd\thesundering\entity\projectile\Brontes_Entity.java:114: error: no suitable method found for set(EntityDataAccessor<Float>,Object)
        this.entityData.set(Y_ROT_OLD, (Object)Float.valueOf(rot));
                       ^
    method SynchedEntityData.<T#1>set(EntityDataAccessor<T#1>,T#1) is not applicable
      (inference variable T#1 has incompatible bounds
        equality constraints: Float
        lower bounds: Object)
    method SynchedEntityData.<T#2>set(EntityDataAccessor<T#2>,T#2,boolean) is not applicable
      (cannot infer type-variable(s) T#2
        (actual and formal argument lists differ in length))
  where T#1,T#2 are type-variables:
    T#1 extends Object declared in method <T#1>set(EntityDataAccessor<T#1>,T#1)
    T#2 extends Object declared in method <T#2>set(EntityDataAccessor<T#2>,T#2,boolean)
G:\Proyectos\Mods_Minecraft\the_sundering\neoforge\26.2\src\main\java\com\skd\thesundering\entity\projectile\Brontes_Entity.java:122: error: no suitable method found for set(EntityDataAccessor<Float>,Object)
        this.entityData.set(X_ROT_OLD, (Object)Float.valueOf(rot));
                       ^
    method SynchedEntityData.<T#1>set(EntityDataAccessor<T#1>,T#1) is not applicable
      (inference variable T#1 has incompatible bounds
        equality constraints: Float
        lower bounds: Object)
    method SynchedEntityData.<T#2>set(EntityDataAccessor<T#2>,T#2,boolean) is not applicable
      (cannot infer type-variable(s) T#2
        (actual and formal argument lists differ in length))
  where T#1,T#2 are type-variables:
    T#1 extends Object declared in method <T#1>set(EntityDataAccessor<T#1>,T#1)
    T#2 extends Object declared in method <T#2>set(EntityDataAccessor<T#2>,T#2,boolean)
G:\Proyectos\Mods_Minecraft\the_sundering\neoforge\26.2\src\main\java\com\skd\thesundering\entity\projectile\Brontes_Entity.java:130: error: no suitable method found for set(EntityDataAccessor<Float>,Object)
        this.entityData.set(AREA_DAMAGE, (Object)Float.valueOf(rot));
                       ^
    method SynchedEntityData.<T#1>set(EntityDataAccessor<T#1>,T#1) is not applicable
      (inference variable T#1 has incompatible bounds
        equality constraints: Float
        lower bounds: Object)
    method SynchedEntityData.<T#2>set(EntityDataAccessor<T#2>,T#2,boolean) is not applicable
      (cannot infer type-variable(s) T#2
        (actual and formal argument lists differ in length))
  where T#1,T#2 are type-variables:
    T#1 extends Object declared in method <T#1>set(EntityDataAccessor<T#1>,T#1)
    T#2 extends Object declared in method <T#2>set(EntityDataAccessor<T#2>,T#2,boolean)
G:\Proyectos\Mods_Minecraft\the_sundering\neoforge\26.2\src\main\java\com\skd\thesundering\entity\projectile\Brontes_Entity.java:138: error: no suitable method found for set(EntityDataAccessor<Float>,Object)
        this.entityData.set(STORM_DAMAGE, (Object)Float.valueOf(rot));
                       ^
    method SynchedEntityData.<T#1>set(EntityDataAccessor<T#1>,T#1) is not applicable
      (inference variable T#1 has incompatible bounds
        equality constraints: Float
        lower bounds: Object)
    method SynchedEntityData.<T#2>set(EntityDataAccessor<T#2>,T#2,boolean) is not applicable
      (cannot infer type-variable(s) T#2
        (actual and formal argument lists differ in length))
  where T#1,T#2 are type-variables:
    T#1 extends Object declared in method <T#1>set(EntityDataAccessor<T#1>,T#1)
    T#2 extends Object declared in method <T#2>set(EntityDataAccessor<T#2>,T#2,boolean)
G:\Proyectos\Mods_Minecraft\the_sundering\neoforge\26.2\src\main\java\com\skd\thesundering\entity\projectile\Brontes_Entity.java:142: error: incompatible types: CompoundTag cannot be converted to ValueInput
        super.readAdditionalSaveData(tag);
                                     ^
G:\Proyectos\Mods_Minecraft\the_sundering\neoforge\26.2\src\main\java\com\skd\thesundering\entity\projectile\Brontes_Entity.java:143: error: incompatible types: Optional<Boolean> cannot be converted to boolean
        this.setReturn(tag.getBoolean("Return"));
                                     ^
G:\Proyectos\Mods_Minecraft\the_sundering\neoforge\26.2\src\main\java\com\skd\thesundering\entity\projectile\Brontes_Entity.java:144: error: incompatible types: Optional<Float> cannot be converted to float
        this.setStormDamage(tag.getFloat("StormDamage"));
                                        ^
G:\Proyectos\Mods_Minecraft\the_sundering\neoforge\26.2\src\main\java\com\skd\thesundering\entity\projectile\Brontes_Entity.java:145: error: incompatible types: Optional<Float> cannot be converted to float
        this.setAreaDamage(tag.getFloat("AreaDamage"));
                                       ^
G:\Proyectos\Mods_Minecraft\the_sundering\neoforge\26.2\src\main\java\com\skd\thesundering\entity\projectile\Brontes_Entity.java:149: error: incompatible types: CompoundTag cannot be converted to ValueOutput
        super.addAdditionalSaveData(tag);
                                    ^
G:\Proyectos\Mods_Minecraft\the_sundering\neoforge\26.2\src\main\java\com\skd\thesundering\entity\projectile\Brontes_Entity.java:197: error: cannot find symbol
        if (entity.hurt(damagesource = CMDamageTypes.causePlayerCeraunusDamage((Entity)this, (Entity)((entity1 = this.getOwner()) == null ? this : entity1)), (float)this.getBaseDamage())) {
                                                                                                                                                                         ^
  symbol: method getBaseDamage()
G:\Proyectos\Mods_Minecraft\the_sundering\neoforge\26.2\src\main\java\com\skd\thesundering\entity\projectile\Brontes_Entity.java:197: error: incompatible types: void cannot be converted to boolean
        if (entity.hurt(damagesource = CMDamageTypes.causePlayerCeraunusDamage((Entity)this, (Entity)((entity1 = this.getOwner()) == null ? this : entity1)), (float)this.getBaseDamage())) {
                       ^
G:\Proyectos\Mods_Minecraft\the_sundering\neoforge\26.2\src\main\java\com\skd\thesundering\entity\projectile\Brontes_Entity.java:198: error: cannot find symbol
            if (entity.getType() == EntityType.ENDERMAN) {
                                              ^
  symbol:   variable ENDERMAN
  location: class EntityType
G:\Proyectos\Mods_Minecraft\the_sundering\neoforge\26.2\src\main\java\com\skd\thesundering\client\model\item\Bulwark_of_the_flame_Model.java:69: error: incompatible types: inference variable E has incompatible bounds
        return ImmutableList.of((Object)this.shield, (Object)this.root, (Object)this.left_side, (Object)this.right_side, (Object)this.handle);
                               ^
    equality constraints: AdvancedModelBox
    lower bounds: Object
  where E is a type-variable:
    E extends Object declared in method <E>of(E,E,E,E,E)
G:\Proyectos\Mods_Minecraft\the_sundering\neoforge\26.2\src\main\java\com\skd\thesundering\client\model\item\Ceraunus_Item_Model.java:130: error: incompatible types: inference variable E has incompatible bounds
        return ImmutableList.of((Object)this.anchor, (Object)this.cube_r1, (Object)this.cube_r2, (Object)this.cube_r3, (Object)this.cube_r4, (Object)this.cube_r5, (Object)this.cube_r6, (Object)this.cube_r7, (Object)this.cube_r8, (Object)this.cube_r9, (Object)this.cube_r10, (Object)this.cube_r11, (Object[])new AdvancedModelBox[]{this.cube_r12, this.chain, this.cube_r13});
                               ^
    equality constraints: AdvancedModelBox
    lower bounds: Object
  where E is a type-variable:
    E extends Object declared in method <E>of(E,E,E,E,E,E,E,E,E,E,E,E,E...)
G:\Proyectos\Mods_Minecraft\the_sundering\neoforge\26.2\src\main\java\com\skd\thesundering\client\model\item\CuriosModel\Belt_Of_Beginner_Model.java:51: error: incompatible types: inference variable E has incompatible bounds
        return ImmutableList.of((Object)this.body);
                               ^
    equality constraints: ModelPart
    lower bounds: Object
  where E is a type-variable:
    E extends Object declared in method <E>of(E)
G:\Proyectos\Mods_Minecraft\the_sundering\neoforge\26.2\src\main\java\com\skd\thesundering\client\model\item\CuriosModel\Belt_Of_Monstrosity_Model.java:57: error: incompatible types: inference variable E has incompatible bounds
        return ImmutableList.of((Object)this.body);
                               ^
    equality constraints: ModelPart
    lower bounds: Object
  where E is a type-variable:
    E extends Object declared in method <E>of(E)
G:\Proyectos\Mods_Minecraft\the_sundering\neoforge\26.2\src\main\java\com\skd\thesundering\client\model\item\CuriosModel\Berserker_Soul_Amulet_Model.java:49: error: incompatible types: inference variable E has incompatible bounds
        return ImmutableList.of((Object)this.body);
                               ^
    equality constraints: ModelPart
    lower bounds: Object
  where E is a type-variable:
    E extends Object declared in method <E>of(E)
G:\Proyectos\Mods_Minecraft\the_sundering\neoforge\26.2\src\main\java\com\skd\thesundering\client\model\item\CuriosModel\Blazing_Grips_Model.java:55: error: method renderToBuffer in class Model<S> cannot be applied to given types;
        this.renderToBuffer(matrixStack, buffer, packedLight, packedOverlay);
            ^
  required: PoseStack,VertexConsumer,int,int,int
  found:    PoseStack,VertexConsumer,int,int
  reason: actual and formal argument lists differ in length
  where S is a type-variable:
    S extends Object declared in class Model
G:\Proyectos\Mods_Minecraft\the_sundering\neoforge\26.2\src\main\java\com\skd\thesundering\client\model\item\CuriosModel\Blazing_Grips_Model.java:63: error: incompatible types: inference variable E has incompatible bounds
        return ImmutableList.of((Object)this.leftArm, (Object)this.rightArm);
                               ^
    equality constraints: ModelPart
    lower bounds: Object
  where E is a type-variable:
    E extends Object declared in method <E>of(E,E)
G:\Proyectos\Mods_Minecraft\the_sundering\neoforge\26.2\src\main\java\com\skd\thesundering\client\model\item\CuriosModel\Chitin_Claw_Model.java:61: error: method renderToBuffer in class Model<S> cannot be applied to given types;
        this.renderToBuffer(matrixStack, buffer, packedLight, packedOverlay);
            ^
  required: PoseStack,VertexConsumer,int,int,int
  found:    PoseStack,VertexConsumer,int,int
  reason: actual and formal argument lists differ in length
  where S is a type-variable:
    S extends Object declared in class Model
G:\Proyectos\Mods_Minecraft\the_sundering\neoforge\26.2\src\main\java\com\skd\thesundering\client\model\item\CuriosModel\Chitin_Claw_Model.java:69: error: incompatible types: inference variable E has incompatible bounds
        return ImmutableList.of((Object)this.leftArm, (Object)this.rightArm);
                               ^
    equality constraints: ModelPart
    lower bounds: Object
  where E is a type-variable:
    E extends Object declared in method <E>of(E,E)
G:\Proyectos\Mods_Minecraft\the_sundering\neoforge\26.2\src\main\java\com\skd\thesundering\client\model\item\CuriosModel\Sandstorm_In_A_BottleModel.java:52: error: incompatible types: inference variable E has incompatible bounds
        return ImmutableList.of((Object)this.body);
                               ^
    equality constraints: ModelPart
    lower bounds: Object
  where E is a type-variable:
    E extends Object declared in method <E>of(E)
G:\Proyectos\Mods_Minecraft\the_sundering\neoforge\26.2\src\main\java\com\skd\thesundering\client\model\item\CuriosModel\Sticky_Gloves_Model.java:55: error: method renderToBuffer in class Model<S> cannot be applied to given types;
        this.renderToBuffer(matrixStack, buffer, packedLight, packedOverlay);
            ^
  required: PoseStack,VertexConsumer,int,int,int
  found:    PoseStack,VertexConsumer,int,int
  reason: actual and formal argument lists differ in length
  where S is a type-variable:
    S extends Object declared in class Model
G:\Proyectos\Mods_Minecraft\the_sundering\neoforge\26.2\src\main\java\com\skd\thesundering\client\model\item\CuriosModel\Sticky_Gloves_Model.java:63: error: incompatible types: inference variable E has incompatible bounds
        return ImmutableList.of((Object)this.leftArm, (Object)this.rightArm);
                               ^
    equality constraints: ModelPart
    lower bounds: Object
  where E is a type-variable:
    E extends Object declared in method <E>of(E,E)
G:\Proyectos\Mods_Minecraft\the_sundering\neoforge\26.2\src\main\java\com\skd\thesundering\client\model\item\CuriosModel\Sturdy_Boots_Model.java:51: error: incompatible types: inference variable E has incompatible bounds
        return ImmutableList.of((Object)this.leftLeg, (Object)this.rightLeg);
                               ^
    equality constraints: ModelPart
    lower bounds: Object
  where E is a type-variable:
    E extends Object declared in method <E>of(E,E)
G:\Proyectos\Mods_Minecraft\the_sundering\neoforge\26.2\src\main\java\com\skd\thesundering\client\model\item\CuriosModel\Unbreakable_Skull_Model.java:55: error: incompatible types: inference variable E has incompatible bounds
        return ImmutableList.of((Object)this.body);
                               ^
    equality constraints: ModelPart
    lower bounds: Object
  where E is a type-variable:
    E extends Object declared in method <E>of(E)
G:\Proyectos\Mods_Minecraft\the_sundering\neoforge\26.2\src\main\java\com\skd\thesundering\client\model\item\CuriosModel\Vitality_Ankh_Model.java:49: error: incompatible types: inference variable E has incompatible bounds
        return ImmutableList.of((Object)this.body);
                               ^
    equality constraints: ModelPart
    lower bounds: Object
  where E is a type-variable:
    E extends Object declared in method <E>of(E)
G:\Proyectos\Mods_Minecraft\the_sundering\neoforge\26.2\src\main\java\com\skd\thesundering\client\model\item\Cursed_Bow_Model.java:124: error: incompatible types: inference variable E has incompatible bounds
        return ImmutableList.of((Object)this.root, (Object)this.bow_string, (Object)this.bow, (Object)this.arm1, (Object)this.arm2, (Object)this.string, (Object)this.string2, (Object)this.arrow, (Object)this.arrow2, (Object)this.arrow3, (Object)this.arrow_pivot1, (Object)this.arrow_pivot2, (Object[])new AdvancedModelBox[]{this.arrow_pivot3});
                               ^
    equality constraints: AdvancedModelBox
    lower bounds: Object
  where E is a type-variable:
    E extends Object declared in method <E>of(E,E,E,E,E,E,E,E,E,E,E,E,E...)
G:\Proyectos\Mods_Minecraft\the_sundering\neoforge\26.2\src\main\java\com\skd\thesundering\client\model\item\Gauntlet_of_Bulwark_Model.java:152: error: incompatible types: inference variable E has incompatible bounds
        return ImmutableList.of((Object)this.root, (Object)this.gauntlet_fist, (Object)this.fist_guard, (Object)this.void_stone_knuckle, (Object)this.spike, (Object)this.void_spike, (Object)this.void_spike4, (Object)this.void_spike2, (Object)this.void_spike3, (Object)this.thumb, (Object)this.gauntlet_arm, (Object)this.gauntlet_arm2, (Object[])new AdvancedModelBox[]{this.gauntlet_shoulder, this.big_void_stone, this.flame_spike, this.cube_r1, this.flame_spike2, this.cube_r2, this.arm_pad});
                               ^
    equality constraints: AdvancedModelBox
    lower bounds: Object
  where E is a type-variable:
    E extends Object declared in method <E>of(E,E,E,E,E,E,E,E,E,E,E,E,E...)
G:\Proyectos\Mods_Minecraft\the_sundering\neoforge\26.2\src\main\java\com\skd\thesundering\client\model\item\Gauntlet_of_Guard_Model.java:74: error: incompatible types: inference variable E has incompatible bounds
        return ImmutableList.of((Object)this.root, (Object)this.gauntlet_fist, (Object)this.void_stone_knuckle, (Object)this.gauntlet_arm, (Object)this.gauntlet_arm2, (Object)this.gauntlet_shoulder, (Object)this.big_void_stone);
                               ^
    equality constraints: AdvancedModelBox
    lower bounds: Object
  where E is a type-variable:
    E extends Object declared in method <E>of(E,E,E,E,E,E,E)
G:\Proyectos\Mods_Minecraft\the_sundering\neoforge\26.2\src\main\java\com\skd\thesundering\client\model\item\Gauntlet_of_Maelstrom_Model.java:95: error: incompatible types: inference variable E has incompatible bounds
        return ImmutableList.of((Object)this.root, (Object)this.gauntlet_fist, (Object)this.gauntlet_fist_r1, (Object)this.gauntlet_fist_r2, (Object)this.void_stone_knuckle, (Object)this.gauntlet_arm, (Object)this.gauntlet_arm2, (Object)this.gauntlet_shoulder, (Object)this.big_void_stone);
                               ^
    equality constraints: AdvancedModelBox
    lower bounds: Object
  where E is a type-variable:
    E extends Object declared in method <E>of(E,E,E,E,E,E,E,E,E)
G:\Proyectos\Mods_Minecraft\the_sundering\neoforge\26.2\src\main\java\com\skd\thesundering\client\model\item\Incinerator_Model.java:101: error: incompatible types: inference variable E has incompatible bounds
        return ImmutableList.of((Object)this.root, (Object)this.blade, (Object)this.blade2, (Object)this.blade_mid, (Object)this.handle_core, (Object)this.core, (Object)this.upper_guard, (Object)this.lower_guard);
                               ^
    equality constraints: AdvancedModelBox
    lower bounds: Object
  where E is a type-variable:
    E extends Object declared in method <E>of(E,E,E,E,E,E,E,E)
G:\Proyectos\Mods_Minecraft\the_sundering\neoforge\26.2\src\main\java\com\skd\thesundering\client\model\item\Infernal_Forge_Model.java:78: error: incompatible types: inference variable E has incompatible bounds
        return ImmutableList.of((Object)this.root, (Object)this.hammer_head, (Object)this.back, (Object)this.handle, (Object)this.handle2);
                               ^
    equality constraints: AdvancedModelBox
    lower bounds: Object
  where E is a type-variable:
    E extends Object declared in method <E>of(E,E,E,E,E)
G:\Proyectos\Mods_Minecraft\the_sundering\neoforge\26.2\src\main\java\com\skd\thesundering\client\model\item\Laser_Gatling_Model.java:88: error: incompatible types: inference variable E has incompatible bounds
        return ImmutableList.of((Object)this.root, (Object)this.core_root, (Object)this.handle, (Object)this.core, (Object)this.core2, (Object)this.gatling);
                               ^
    equality constraints: AdvancedModelBox
    lower bounds: Object
  where E is a type-variable:
    E extends Object declared in method <E>of(E,E,E,E,E,E)
G:\Proyectos\Mods_Minecraft\the_sundering\neoforge\26.2\src\main\java\com\skd\thesundering\client\model\item\Lightning_Spear_Model.java:58: error: incompatible types: inference variable E has incompatible bounds
        return ImmutableList.of((Object)this.root, (Object)this.rot, (Object)this.root_r1);
                               ^
    equality constraints: AdvancedModelBox
    lower bounds: Object
  where E is a type-variable:
    E extends Object declared in method <E>of(E,E,E)
G:\Proyectos\Mods_Minecraft\the_sundering\neoforge\26.2\src\main\java\com\skd\thesundering\client\model\item\Meat_Shredder_Model.java:121: error: incompatible types: inference variable E has incompatible bounds
        return ImmutableList.of((Object)this.root, (Object)this.gear1, (Object)this.gear2, (Object)this.core, (Object)this.core2, (Object)this.saw, (Object)this.coreroot, (Object)this.longthing);
                               ^
    equality constraints: AdvancedModelBox
    lower bounds: Object
  where E is a type-variable:
    E extends Object declared in method <E>of(E,E,E,E,E,E,E,E)
G:\Proyectos\Mods_Minecraft\the_sundering\neoforge\26.2\src\main\java\com\skd\thesundering\client\model\item\Soul_render_Model.java:68: error: incompatible types: inference variable E has incompatible bounds
        return ImmutableList.of((Object)this.root, (Object)this.halberd, (Object)this.halberd2);
                               ^
    equality constraints: AdvancedModelBox
    lower bounds: Object
  where E is a type-variable:
    E extends Object declared in method <E>of(E,E,E)
G:\Proyectos\Mods_Minecraft\the_sundering\neoforge\26.2\src\main\java\com\skd\thesundering\client\model\item\The_Annihilator_Model.java:46: error: incompatible types: inference variable E has incompatible bounds
        return ImmutableList.of((Object)this.root);
                               ^
    equality constraints: AdvancedModelBox
    lower bounds: Object
  where E is a type-variable:
    E extends Object declared in method <E>of(E)
G:\Proyectos\Mods_Minecraft\the_sundering\neoforge\26.2\src\main\java\com\skd\thesundering\client\model\item\The_Immolator_Model.java:60: error: incompatible types: inference variable E has incompatible bounds
        return ImmutableList.of((Object)this.root, (Object)this.cube_r1);
                               ^
    equality constraints: AdvancedModelBox
    lower bounds: Object
  where E is a type-variable:
    E extends Object declared in method <E>of(E,E)
G:\Proyectos\Mods_Minecraft\the_sundering\neoforge\26.2\src\main\java\com\skd\thesundering\client\model\item\Tidal_Claws_Model.java:83: error: incompatible types: inference variable E has incompatible bounds
        return ImmutableList.of((Object)this.root, (Object)this.handguard, (Object)this.jaw, (Object)this.right_jaw, (Object)this.left_jaw, (Object)this.upper_fin, (Object)this.lower_fin);
                               ^
    equality constraints: AdvancedModelBox
    lower bounds: Object
  where E is a type-variable:
    E extends Object declared in method <E>of(E,E,E,E,E,E,E)
G:\Proyectos\Mods_Minecraft\the_sundering\neoforge\26.2\src\main\java\com\skd\thesundering\client\model\item\Void_Forge_Model.java:98: error: incompatible types: inference variable E has incompatible bounds
        return ImmutableList.of((Object)this.root, (Object)this.hammer_head, (Object)this.back, (Object)this.handle, (Object)this.handle2, (Object)this.crystal, (Object)this.crystal2, (Object)this.crystal3);
                               ^
    equality constraints: AdvancedModelBox
    lower bounds: Object
  where E is a type-variable:
    E extends Object declared in method <E>of(E,E,E,E,E,E,E,E)
G:\Proyectos\Mods_Minecraft\the_sundering\neoforge\26.2\src\main\java\com\skd\thesundering\client\model\item\Wither_Assault_SHoulder_Weapon_Model.java:102: error: incompatible types: inference variable E has incompatible bounds
        return ImmutableList.of((Object)this.root, (Object)this.handle, (Object)this.handle2, (Object)this.trigger, (Object)this.cube1, (Object)this.cube2, (Object)this.cube3, (Object)this.cube4, (Object)this.cap, (Object)this.cap2, (Object)this.cap3);
                               ^
    equality constraints: AdvancedModelBox
    lower bounds: Object
  where E is a type-variable:
    E extends Object declared in method <E>of(E,E,E,E,E,E,E,E,E,E,E)
G:\Proyectos\Mods_Minecraft\the_sundering\neoforge\26.2\src\main\java\com\skd\thesundering\client\model\item\Wrath_of_Desert_Model.java:225: error: incompatible types: inference variable E has incompatible bounds
        return ImmutableList.of((Object)this.root, (Object)this.bow, (Object)this.bow_r1, (Object)this.arm1, (Object)this.cube_r8_r1, (Object)this.arm2, (Object)this.bow_string, (Object)this.string, (Object)this.string2, (Object)this.arrow3, (Object)this.arrow_pivot3, (Object)this.third_sand3, (Object[])new AdvancedModelBox[]{this.third_sand2, this.third_sand1, this.arrow2, this.arrow_pivot2, this.second_sand3, this.second_sand2, this.second_sand1, this.arrow1, this.arrow_pivot1, this.first_sand3, this.first_sand2, this.first_sand1});
                               ^
    equality constraints: AdvancedModelBox
    lower bounds: Object
  where E is a type-variable:
    E extends Object declared in method <E>of(E,E,E,E,E,E,E,E,E,E,E,E,E...)
G:\Proyectos\Mods_Minecraft\the_sundering\neoforge\26.2\src\main\java\com\skd\thesundering\client\particle\AbstractTrailParticle.java:87: error: package MultiBufferSource does not exist
            MultiBufferSource.BufferSource multibuffersource$buffersource = Minecraft.getInstance().renderBuffers().bufferSource();
                             ^
G:\Proyectos\Mods_Minecraft\the_sundering\neoforge\26.2\src\main\java\com\skd\thesundering\client\particle\AbstractTrailParticle.java:87: error: cannot find symbol
            MultiBufferSource.BufferSource multibuffersource$buffersource = Minecraft.getInstance().renderBuffers().bufferSource();
                                                                                                   ^
  symbol:   method renderBuffers()
  location: class Minecraft
G:\Proyectos\Mods_Minecraft\the_sundering\neoforge\26.2\src\main\java\com\skd\thesundering\client\particle\AbstractTrailParticle.java:89: error: cannot find symbol
            Vec3 cameraPos = camera.getPosition();
                                   ^
  symbol:   method getPosition()
  location: variable camera of type Camera
G:\Proyectos\Mods_Minecraft\the_sundering\neoforge\26.2\src\main\java\com\skd\thesundering\client\particle\AbstractTrailParticle.java:96: error: cannot find symbol
            int light = this.getLightColor(partialTick);
                            ^
  symbol: method getLightColor(float)
G:\Proyectos\Mods_Minecraft\the_sundering\neoforge\26.2\src\main\java\com\skd\thesundering\client\particle\AbstractTrailParticle.java:126: error: cannot find symbol
        return (float)(-Math.PI) / 180 * camera.getXRot();
                                               ^
  symbol:   method getXRot()
  location: variable camera of type Camera
G:\Proyectos\Mods_Minecraft\the_sundering\neoforge\26.2\src\main\java\com\skd\thesundering\client\particle\AbstractTrailParticle.java:153: error: cannot find symbol
        return ParticleRenderType.CUSTOM;
                                 ^
  symbol:   variable CUSTOM
  location: class ParticleRenderType
G:\Proyectos\Mods_Minecraft\the_sundering\neoforge\26.2\src\main\java\com\skd\thesundering\client\particle\Abstract_Ignis_Swing_Particle.java:40: error: Abstract_Ignis_Swing_Particle is not abstract and does not override abstract method getLayer() in SingleQuadParticle
public class Abstract_Ignis_Swing_Particle
       ^
G:\Proyectos\Mods_Minecraft\the_sundering\neoforge\26.2\src\main\java\com\skd\thesundering\client\particle\Abstract_Ignis_Swing_Particle.java:49: error: no suitable constructor found for SingleQuadParticle(ClientLevel,double,double,double,double,double,double)
        super(pLevel, pX, pY, pZ, 0.0, 0.0, 0.0);
        ^
    constructor SingleQuadParticle.SingleQuadParticle(ClientLevel,double,double,double,TextureAtlasSprite) is not applicable
      (actual and formal argument lists differ in length)
    constructor SingleQuadParticle.SingleQuadParticle(ClientLevel,double,double,double,double,double,double,TextureAtlasSprite) is not applicable
      (actual and formal argument lists differ in length)
G:\Proyectos\Mods_Minecraft\the_sundering\neoforge\26.2\src\main\java\com\skd\thesundering\client\particle\Abstract_Ignis_Swing_Particle.java:114: error: cannot find symbol
        Vec3 Vector3d = camera.getPosition();
                              ^
  symbol:   method getPosition()
  location: variable camera of type Camera
G:\Proyectos\Mods_Minecraft\the_sundering\neoforge\26.2\src\main\java\com\skd\thesundering\client\particle\Abstract_Ignis_Swing_Particle.java:143: error: cannot find symbol
        return ParticleRenderType.PARTICLE_SHEET_TRANSLUCENT;
                                 ^
  symbol:   variable PARTICLE_SHEET_TRANSLUCENT
  location: class ParticleRenderType
G:\Proyectos\Mods_Minecraft\the_sundering\neoforge\26.2\src\main\java\com\skd\thesundering\client\particle\AfterImageParticle.java:62: error: AfterImageParticle is not abstract and does not override abstract method getGroup() in Particle
public class AfterImageParticle
       ^
G:\Proyectos\Mods_Minecraft\the_sundering\neoforge\26.2\src\main\java\com\skd\thesundering\client\particle\AfterImageParticle.java:73: error: cannot find symbol
        this.rCol = r;
            ^
  symbol: variable rCol
G:\Proyectos\Mods_Minecraft\the_sundering\neoforge\26.2\src\main\java\com\skd\thesundering\client\particle\AfterImageParticle.java:74: error: cannot find symbol
        this.gCol = g;
            ^
  symbol: variable gCol
G:\Proyectos\Mods_Minecraft\the_sundering\neoforge\26.2\src\main\java\com\skd\thesundering\client\particle\AfterImageParticle.java:75: error: cannot find symbol
        this.bCol = b;
            ^
  symbol: variable bCol
G:\Proyectos\Mods_Minecraft\the_sundering\neoforge\26.2\src\main\java\com\skd\thesundering\client\particle\AfterImageParticle.java:105: error: package MultiBufferSource does not exist
        MultiBufferSource.BufferSource multibuffersource$buffersource = Minecraft.getInstance().renderBuffers().bufferSource();
                         ^
G:\Proyectos\Mods_Minecraft\the_sundering\neoforge\26.2\src\main\java\com\skd\thesundering\client\particle\AfterImageParticle.java:105: error: cannot find symbol
        MultiBufferSource.BufferSource multibuffersource$buffersource = Minecraft.getInstance().renderBuffers().bufferSource();
                                                                                               ^
  symbol:   method renderBuffers()
  location: class Minecraft
G:\Proyectos\Mods_Minecraft\the_sundering\neoforge\26.2\src\main\java\com\skd\thesundering\client\particle\AfterImageParticle.java:106: error: cannot find symbol
        Vec3 vec3 = camera.getPosition();
                          ^
  symbol:   method getPosition()
  location: variable camera of type Camera
G:\Proyectos\Mods_Minecraft\the_sundering\neoforge\26.2\src\main\java\com\skd\thesundering\client\particle\AfterImageParticle.java:111: error: cannot find symbol
        float colorR = this.rCol / 255.0f;
                           ^
  symbol: variable rCol
G:\Proyectos\Mods_Minecraft\the_sundering\neoforge\26.2\src\main\java\com\skd\thesundering\client\particle\AfterImageParticle.java:112: error: cannot find symbol
        float colorG = this.gCol / 255.0f;
                           ^
  symbol: variable gCol
G:\Proyectos\Mods_Minecraft\the_sundering\neoforge\26.2\src\main\java\com\skd\thesundering\client\particle\AfterImageParticle.java:113: error: cannot find symbol
        float colorB = this.bCol / 255.0f;
                           ^
  symbol: variable bCol
G:\Proyectos\Mods_Minecraft\the_sundering\neoforge\26.2\src\main\java\com\skd\thesundering\client\particle\AfterImageParticle.java:119: error: <anonymous com.skd.thesundering.client.particle.AfterImageParticle$1> is not abstract and does not override abstract method setLineWidth(float) in VertexConsumer
            Function<VertexConsumer, VertexConsumer> createTintedBuffer = originalBuffer -> new VertexConsumer(){
                                                                                                                ^
G:\Proyectos\Mods_Minecraft\the_sundering\neoforge\26.2\src\main\java\com\skd\thesundering\client\particle\AfterImageParticle.java:126: error: cannot find symbol
                    this.val$originalBuffer = vertexConsumer;
                                              ^
  symbol: variable vertexConsumer
G:\Proyectos\Mods_Minecraft\the_sundering\neoforge\26.2\src\main\java\com\skd\thesundering\client\particle\AfterImageParticle.java:127: error: cannot find symbol
                    this.val$colorR = f;
                                      ^
  symbol: variable f
G:\Proyectos\Mods_Minecraft\the_sundering\neoforge\26.2\src\main\java\com\skd\thesundering\client\particle\AfterImageParticle.java:128: error: cannot find symbol
                    this.val$colorG = f2;
                                      ^
  symbol: variable f2
G:\Proyectos\Mods_Minecraft\the_sundering\neoforge\26.2\src\main\java\com\skd\thesundering\client\particle\AfterImageParticle.java:129: error: cannot find symbol
                    this.val$colorB = f3;
                                      ^
  symbol: variable f3
G:\Proyectos\Mods_Minecraft\the_sundering\neoforge\26.2\src\main\java\com\skd\thesundering\client\particle\AfterImageParticle.java:130: error: cannot find symbol
                    this.val$colorA = f4;
                                      ^
  symbol: variable f4
G:\Proyectos\Mods_Minecraft\the_sundering\neoforge\26.2\src\main\java\com\skd\thesundering\client\particle\AfterImageParticle.java:167: error: cannot find symbol
            MultiBufferSource tintedSource = requestedType -> {
            ^
  symbol:   class MultiBufferSource
  location: class AfterImageParticle
G:\Proyectos\Mods_Minecraft\the_sundering\neoforge\26.2\src\main\java\com\skd\thesundering\client\particle\AfterImageParticle.java:168: error: cannot find symbol
                boolean hasTexture = requestedType.format().getElements().contains(VertexFormatElement.UV0);
                                                                                                      ^
  symbol:   variable UV0
  location: class VertexFormatElement
G:\Proyectos\Mods_Minecraft\the_sundering\neoforge\26.2\src\main\java\com\skd\thesundering\client\particle\AfterImageParticle.java:169: error: cannot find symbol
                boolean hasNormal = requestedType.format().getElements().contains(VertexFormatElement.NORMAL);
                                                                                                     ^
  symbol:   variable NORMAL
  location: class VertexFormatElement
G:\Proyectos\Mods_Minecraft\the_sundering\neoforge\26.2\src\main\java\com\skd\thesundering\client\particle\AfterImageParticle.java:185: error: cannot find symbol
            return RenderType.itemEntityTranslucentCull((Identifier)resourcelocation);
                             ^
  symbol:   method itemEntityTranslucentCull(Identifier)
  location: class RenderType
G:\Proyectos\Mods_Minecraft\the_sundering\neoforge\26.2\src\main\java\com\skd\thesundering\client\particle\AfterImageParticle.java:188: error: cannot find symbol
            return this.ghost && !CMClientConfig.shadersCompat ? CMRenderTypes.getGhost(resourcelocation) : RenderType.entityTranslucent((Identifier)resourcelocation);
                                                                                                                      ^
  symbol:   method entityTranslucent(Identifier)
  location: class RenderType
G:\Proyectos\Mods_Minecraft\the_sundering\neoforge\26.2\src\main\java\com\skd\thesundering\client\particle\AfterImageParticle.java:190: error: method outline in class RenderType cannot be applied to given types;
        return p_230496_4_ ? RenderType.outline((Identifier)resourcelocation) : null;
                                       ^
  required: no arguments
  found:    Identifier
  reason: actual and formal argument lists differ in length
G:\Proyectos\Mods_Minecraft\the_sundering\neoforge\26.2\src\main\java\com\skd\thesundering\client\particle\AfterImageParticle.java:195: error: cannot find symbol
        return ParticleRenderType.CUSTOM;
                                 ^
  symbol:   variable CUSTOM
  location: class ParticleRenderType
G:\Proyectos\Mods_Minecraft\the_sundering\neoforge\26.2\src\main\java\com\skd\thesundering\client\particle\AfterImageParticle.java:199: error: Factory is not abstract and does not override abstract method createParticle(AfterImageParticleOptions,ClientLevel,double,double,double,double,double,double,RandomSource) in ParticleProvider
    public static class Factory
                  ^
G:\Proyectos\Mods_Minecraft\the_sundering\neoforge\26.2\src\main\java\com\skd\thesundering\client\particle\Options\AfterImageParticleOptions.java:40: error: cannot find symbol
    public static MapCodec<AfterImageParticleOptions> MAP_CODEC = RecordCodecBuilder.mapCodec(object -> object.group((App)Codec.INT.fieldOf("entityid").forGetter(p -> p.entityid), (App)Codec.INT.fieldOf("r").forGetter(p -> p.r), (App)Codec.INT.fieldOf("g").forGetter(p -> p.g), (App)Codec.INT.fieldOf("b").forGetter(p -> p.b), (App)Codec.BOOL.fieldOf("ghost").forGetter(p -> p.ghost), (App)Codec.INT.fieldOf("lifeticks").forGetter(p -> p.lifeticks)).apply((Applicative)object, AfterImageParticleOptions::new));
                                                                                                                                                                        ^
  symbol:   variable entityid
  location: variable p of type Object
G:\Proyectos\Mods_Minecraft\the_sundering\neoforge\26.2\src\main\java\com\skd\thesundering\client\particle\Options\AfterImageParticleOptions.java:40: error: cannot find symbol
    public static MapCodec<AfterImageParticleOptions> MAP_CODEC = RecordCodecBuilder.mapCodec(object -> object.group((App)Codec.INT.fieldOf("entityid").forGetter(p -> p.entityid), (App)Codec.INT.fieldOf("r").forGetter(p -> p.r), (App)Codec.INT.fieldOf("g").forGetter(p -> p.g), (App)Codec.INT.fieldOf("b").forGetter(p -> p.b), (App)Codec.BOOL.fieldOf("ghost").forGetter(p -> p.ghost), (App)Codec.INT.fieldOf("lifeticks").forGetter(p -> p.lifeticks)).apply((Applicative)object, AfterImageParticleOptions::new));
                                                                                                                                                                                                                                ^
  symbol:   variable r
  location: variable p of type Object
G:\Proyectos\Mods_Minecraft\the_sundering\neoforge\26.2\src\main\java\com\skd\thesundering\client\particle\Options\AfterImageParticleOptions.java:40: error: cannot find symbol
    public static MapCodec<AfterImageParticleOptions> MAP_CODEC = RecordCodecBuilder.mapCodec(object -> object.group((App)Codec.INT.fieldOf("entityid").forGetter(p -> p.entityid), (App)Codec.INT.fieldOf("r").forGetter(p -> p.r), (App)Codec.INT.fieldOf("g").forGetter(p -> p.g), (App)Codec.INT.fieldOf("b").forGetter(p -> p.b), (App)Codec.BOOL.fieldOf("ghost").forGetter(p -> p.ghost), (App)Codec.INT.fieldOf("lifeticks").forGetter(p -> p.lifeticks)).apply((Applicative)object, AfterImageParticleOptions::new));
                                                                                                                                                                                                                                                                                 ^
  symbol:   variable g
  location: variable p of type Object
G:\Proyectos\Mods_Minecraft\the_sundering\neoforge\26.2\src\main\java\com\skd\thesundering\client\particle\Options\AfterImageParticleOptions.java:40: error: cannot find symbol
    public static MapCodec<AfterImageParticleOptions> MAP_CODEC = RecordCodecBuilder.mapCodec(object -> object.group((App)Codec.INT.fieldOf("entityid").forGetter(p -> p.entityid), (App)Codec.INT.fieldOf("r").forGetter(p -> p.r), (App)Codec.INT.fieldOf("g").forGetter(p -> p.g), (App)Codec.INT.fieldOf("b").forGetter(p -> p.b), (App)Codec.BOOL.fieldOf("ghost").forGetter(p -> p.ghost), (App)Codec.INT.fieldOf("lifeticks").forGetter(p -> p.lifeticks)).apply((Applicative)object, AfterImageParticleOptions::new));
                                                                                                                                                                                                                                                                                                                                  ^
  symbol:   variable b
  location: variable p of type Object
G:\Proyectos\Mods_Minecraft\the_sundering\neoforge\26.2\src\main\java\com\skd\thesundering\client\particle\Options\AfterImageParticleOptions.java:40: error: cannot find symbol
    public static MapCodec<AfterImageParticleOptions> MAP_CODEC = RecordCodecBuilder.mapCodec(object -> object.group((App)Codec.INT.fieldOf("entityid").forGetter(p -> p.entityid), (App)Codec.INT.fieldOf("r").forGetter(p -> p.r), (App)Codec.INT.fieldOf("g").forGetter(p -> p.g), (App)Codec.INT.fieldOf("b").forGetter(p -> p.b), (App)Codec.BOOL.fieldOf("ghost").forGetter(p -> p.ghost), (App)Codec.INT.fieldOf("lifeticks").forGetter(p -> p.lifeticks)).apply((Applicative)object, AfterImageParticleOptions::new));
                                                                                                                                                                                                                                                                                                                                                                                        ^
  symbol:   variable ghost
  location: variable p of type Object
G:\Proyectos\Mods_Minecraft\the_sundering\neoforge\26.2\src\main\java\com\skd\thesundering\client\particle\Options\AfterImageParticleOptions.java:40: error: cannot find symbol
    public static MapCodec<AfterImageParticleOptions> MAP_CODEC = RecordCodecBuilder.mapCodec(object -> object.group((App)Codec.INT.fieldOf("entityid").forGetter(p -> p.entityid), (App)Codec.INT.fieldOf("r").forGetter(p -> p.r), (App)Codec.INT.fieldOf("g").forGetter(p -> p.g), (App)Codec.INT.fieldOf("b").forGetter(p -> p.b), (App)Codec.BOOL.fieldOf("ghost").forGetter(p -> p.ghost), (App)Codec.INT.fieldOf("lifeticks").forGetter(p -> p.lifeticks)).apply((Applicative)object, AfterImageParticleOptions::new));
                                                                                                                                                                                                                                                                                                                                                                                                                                                     ^
  symbol:   variable lifeticks
  location: variable p of type Object
G:\Proyectos\Mods_Minecraft\the_sundering\neoforge\26.2\src\main\java\com\skd\thesundering\client\particle\Options\AfterImageParticleOptions.java:40: error: no suitable method found for apply(Applicative,AfterImage[...]::new)
    public static MapCodec<AfterImageParticleOptions> MAP_CODEC = RecordCodecBuilder.mapCodec(object -> object.group((App)Codec.INT.fieldOf("entityid").forGetter(p -> p.entityid), (App)Codec.INT.fieldOf("r").forGetter(p -> p.r), (App)Codec.INT.fieldOf("g").forGetter(p -> p.g), (App)Codec.INT.fieldOf("b").forGetter(p -> p.b), (App)Codec.BOOL.fieldOf("ghost").forGetter(p -> p.ghost), (App)Codec.INT.fieldOf("lifeticks").forGetter(p -> p.lifeticks)).apply((Applicative)object, AfterImageParticleOptions::new));
                                                                                                                                                                                                                                                                                                                                                                                                                                                                 ^
    method P6.apply(Applicative,Function6) is not applicable
      (argument mismatch; invalid constructor reference
          incompatible types: Object cannot be converted to int)
    method P6.apply(Applicative,App) is not applicable
      (argument mismatch; App is not a functional interface
          no abstract method found in interface App)
G:\Proyectos\Mods_Minecraft\the_sundering\neoforge\26.2\src\main\java\com\skd\thesundering\client\particle\Amethyst_Crush_Particle.java:23: error: Amethyst_Crush_Particle is not abstract and does not override abstract method getLayer() in SingleQuadParticle
public class Amethyst_Crush_Particle
       ^
G:\Proyectos\Mods_Minecraft\the_sundering\neoforge\26.2\src\main\java\com\skd\thesundering\client\particle\Amethyst_Crush_Particle.java:28: error: no suitable constructor found for SingleQuadParticle(ClientLevel,double,double,double,double,double,double)
        super(world, x, y, z, 0.0, 0.0, 0.0);
        ^
    constructor SingleQuadParticle.SingleQuadParticle(ClientLevel,double,double,double,TextureAtlasSprite) is not applicable
      (actual and formal argument lists differ in length)
    constructor SingleQuadParticle.SingleQuadParticle(ClientLevel,double,double,double,double,double,double,TextureAtlasSprite) is not applicable
      (actual and formal argument lists differ in length)
G:\Proyectos\Mods_Minecraft\the_sundering\neoforge\26.2\src\main\java\com\skd\thesundering\client\particle\Amethyst_Crush_Particle.java:46: error: cannot find symbol
        return ParticleRenderType.PARTICLE_SHEET_LIT;
                                 ^
  symbol:   variable PARTICLE_SHEET_LIT
  location: class ParticleRenderType
G:\Proyectos\Mods_Minecraft\the_sundering\neoforge\26.2\src\main\java\com\skd\thesundering\client\particle\Amethyst_Crush_Particle.java:57: error: CrashFactory is not abstract and does not override abstract method createParticle(SimpleParticleType,ClientLevel,double,double,double,double,double,double,RandomSource) in ParticleProvider
    public static class CrashFactory
                  ^
G:\Proyectos\Mods_Minecraft\the_sundering\neoforge\26.2\src\main\java\com\skd\thesundering\client\particle\CircleLightningParticle.java:43: error: CircleLightningParticle is not abstract and does not override abstract method getGroup() in Particle
public class CircleLightningParticle
       ^
G:\Proyectos\Mods_Minecraft\the_sundering\neoforge\26.2\src\main\java\com\skd\thesundering\client\particle\CircleLightningParticle.java:53: error: cannot find symbol
        this.rCol = r;
            ^
  symbol: variable rCol
G:\Proyectos\Mods_Minecraft\the_sundering\neoforge\26.2\src\main\java\com\skd\thesundering\client\particle\CircleLightningParticle.java:54: error: cannot find symbol
        this.gCol = g;
            ^
  symbol: variable gCol
G:\Proyectos\Mods_Minecraft\the_sundering\neoforge\26.2\src\main\java\com\skd\thesundering\client\particle\CircleLightningParticle.java:55: error: cannot find symbol
        this.bCol = b;
            ^
  symbol: variable bCol
G:\Proyectos\Mods_Minecraft\the_sundering\neoforge\26.2\src\main\java\com\skd\thesundering\client\particle\CircleLightningParticle.java:58: error: cannot find symbol
        LightningBoltData.BoltRenderInfo boltData = new LightningBoltData.BoltRenderInfo(0.5f, 0.1f, 0.5f, 0.85f, new Vector4f(this.rCol / 255.0f, this.gCol / 255.0f, this.bCol / 255.0f, 0.8f), 0.1f);
                                                                                                                                   ^
  symbol: variable rCol
G:\Proyectos\Mods_Minecraft\the_sundering\neoforge\26.2\src\main\java\com\skd\thesundering\client\particle\CircleLightningParticle.java:58: error: cannot find symbol
        LightningBoltData.BoltRenderInfo boltData = new LightningBoltData.BoltRenderInfo(0.5f, 0.1f, 0.5f, 0.85f, new Vector4f(this.rCol / 255.0f, this.gCol / 255.0f, this.bCol / 255.0f, 0.8f), 0.1f);
                                                                                                                                                       ^
  symbol: variable gCol
G:\Proyectos\Mods_Minecraft\the_sundering\neoforge\26.2\src\main\java\com\skd\thesundering\client\particle\CircleLightningParticle.java:58: error: cannot find symbol
        LightningBoltData.BoltRenderInfo boltData = new LightningBoltData.BoltRenderInfo(0.5f, 0.1f, 0.5f, 0.85f, new Vector4f(this.rCol / 255.0f, this.gCol / 255.0f, this.bCol / 255.0f, 0.8f), 0.1f);
                                                                                                                                                                           ^
  symbol: variable bCol
G:\Proyectos\Mods_Minecraft\the_sundering\neoforge\26.2\src\main\java\com\skd\thesundering\client\particle\CircleLightningParticle.java:79: error: package MultiBufferSource does not exist
        MultiBufferSource.BufferSource multibuffersource$buffersource = Minecraft.getInstance().renderBuffers().bufferSource();
                         ^
G:\Proyectos\Mods_Minecraft\the_sundering\neoforge\26.2\src\main\java\com\skd\thesundering\client\particle\CircleLightningParticle.java:79: error: cannot find symbol
        MultiBufferSource.BufferSource multibuffersource$buffersource = Minecraft.getInstance().renderBuffers().bufferSource();
                                                                                               ^
  symbol:   method renderBuffers()
  location: class Minecraft
G:\Proyectos\Mods_Minecraft\the_sundering\neoforge\26.2\src\main\java\com\skd\thesundering\client\particle\CircleLightningParticle.java:80: error: cannot find symbol
        Vec3 cameraPos = camera.getPosition();
                               ^
  symbol:   method getPosition()
  location: variable camera of type Camera
G:\Proyectos\Mods_Minecraft\the_sundering\neoforge\26.2\src\main\java\com\skd\thesundering\client\particle\CircleLightningParticle.java:88: error: cannot find symbol
        this.lightningRender.render(partialTick, posestack, (MultiBufferSource)multibuffersource$buffersource);
                                                             ^
  symbol:   class MultiBufferSource
  location: class CircleLightningParticle
G:\Proyectos\Mods_Minecraft\the_sundering\neoforge\26.2\src\main\java\com\skd\thesundering\client\particle\CircleLightningParticle.java:93: error: cannot find symbol
        return ParticleRenderType.CUSTOM;
                                 ^
  symbol:   variable CUSTOM
  location: class ParticleRenderType
G:\Proyectos\Mods_Minecraft\the_sundering\neoforge\26.2\src\main\java\com\skd\thesundering\client\particle\CircleLightningParticle.java:97: error: Factory is not abstract and does not override abstract method createParticle(CircleLightningParticleOptions,ClientLevel,double,double,double,double,double,double,RandomSource) in ParticleProvider
    public static class Factory
                  ^
G:\Proyectos\Mods_Minecraft\the_sundering\neoforge\26.2\src\main\java\com\skd\thesundering\client\render\etc\LightningRender.java:42: error: cannot find symbol
        VertexConsumer buffer = bufferIn.getBuffer(RenderType.lightning());
                                                             ^
  symbol:   method lightning()
  location: class RenderType
G:\Proyectos\Mods_Minecraft\the_sundering\neoforge\26.2\src\main\java\com\skd\thesundering\client\render\etc\LightningBoltData.java:142: error: incompatible types: inference variable L has incompatible bounds
        return Pair.of((Object)quads, (Object)new QuadCache(end, endRight, endBack));
                      ^
    equality constraints: LightningBoltData.BoltQuads
    lower bounds: Object
  where L,R are type-variables:
    L extends Object declared in method <L,R>of(L,R)
    R extends Object declared in method <L,R>of(L,R)
G:\Proyectos\Mods_Minecraft\the_sundering\neoforge\26.2\src\main\java\com\skd\thesundering\client\render\etc\LightningBoltData.java:175: error: incompatible types: bad return type in lambda expression
        public static final SpawnFunction NO_DELAY = rand -> Pair.of((Object)Float.valueOf(0.0f), (Object)Float.valueOf(0.0f));
                                                                    ^
    inference variable L has incompatible bounds
      equality constraints: Float
      lower bounds: Object
  where L,R are type-variables:
    L extends Object declared in method <L,R>of(L,R)
    R extends Object declared in method <L,R>of(L,R)
G:\Proyectos\Mods_Minecraft\the_sundering\neoforge\26.2\src\main\java\com\skd\thesundering\client\render\etc\LightningBoltData.java:180: error: incompatible types: inference variable L has incompatible bounds
                return Pair.of((Object)Float.valueOf(0.0f), (Object)Float.valueOf(0.0f));
                              ^
    equality constraints: Float
    lower bounds: Object
  where L,R are type-variables:
    L extends Object declared in method <L,R>of(L,R)
    R extends Object declared in method <L,R>of(L,R)
G:\Proyectos\Mods_Minecraft\the_sundering\neoforge\26.2\src\main\java\com\skd\thesundering\client\render\etc\LightningBoltData.java:190: error: incompatible types: bad return type in lambda expression
            return rand -> Pair.of((Object)Float.valueOf(delay), (Object)Float.valueOf(delay));
                                  ^
    inference variable L has incompatible bounds
      equality constraints: Float
      lower bounds: Object
  where L,R are type-variables:
    L extends Object declared in method <L,R>of(L,R)
    R extends Object declared in method <L,R>of(L,R)
G:\Proyectos\Mods_Minecraft\the_sundering\neoforge\26.2\src\main\java\com\skd\thesundering\client\render\etc\LightningBoltData.java:194: error: incompatible types: bad return type in lambda expression
            return rand -> Pair.of((Object)Float.valueOf(delay - noise), (Object)Float.valueOf(delay + noise));
                                  ^
    inference variable L has incompatible bounds
      equality constraints: Float
      lower bounds: Object
  where L,R are type-variables:
    L extends Object declared in method <L,R>of(L,R)
    R extends Object declared in method <L,R>of(L,R)
G:\Proyectos\Mods_Minecraft\the_sundering\neoforge\26.2\src\main\java\com\skd\thesundering\client\render\etc\LightningBoltData.java:210: error: incompatible types: bad return type in lambda expression
        public static final FadeFunction NONE = (totalBolts, lifeScale) -> Pair.of((Object)0, (Object)totalBolts);
                                                                                  ^
    inference variable L has incompatible bounds
      equality constraints: Integer
      lower bounds: Object
  where L,R are type-variables:
    L extends Object declared in method <L,R>of(L,R)
    R extends Object declared in method <L,R>of(L,R)
G:\Proyectos\Mods_Minecraft\the_sundering\neoforge\26.2\src\main\java\com\skd\thesundering\client\render\etc\LightningBoltData.java:216: error: incompatible types: bad return type in lambda expression
                return Pair.of((Object)start, (Object)end);
                              ^
    inference variable L has incompatible bounds
      equality constraints: Integer
      lower bounds: Object
  where L,R are type-variables:
    L extends Object declared in method <L,R>of(L,R)
    R extends Object declared in method <L,R>of(L,R)
G:\Proyectos\Mods_Minecraft\the_sundering\neoforge\26.2\src\main\java\com\skd\thesundering\client\particle\Options\CircleLightningParticleOptions.java:38: error: cannot find symbol
    public static MapCodec<CircleLightningParticleOptions> MAP_CODEC = RecordCodecBuilder.mapCodec(object -> object.group((App)Codec.FLOAT.fieldOf("size").forGetter(p -> Float.valueOf(p.size)), (App)Codec.INT.fieldOf("r").forGetter(p -> p.r), (App)Codec.INT.fieldOf("g").forGetter(p -> p.g), (App)Codec.INT.fieldOf("b").forGetter(p -> p.b)).apply((Applicative)object, CircleLightningParticleOptions::new));
                                                                                                                                                                                         ^
  symbol:   variable size
  location: variable p of type Object
G:\Proyectos\Mods_Minecraft\the_sundering\neoforge\26.2\src\main\java\com\skd\thesundering\client\particle\Options\CircleLightningParticleOptions.java:38: error: cannot find symbol
    public static MapCodec<CircleLightningParticleOptions> MAP_CODEC = RecordCodecBuilder.mapCodec(object -> object.group((App)Codec.FLOAT.fieldOf("size").forGetter(p -> Float.valueOf(p.size)), (App)Codec.INT.fieldOf("r").forGetter(p -> p.r), (App)Codec.INT.fieldOf("g").forGetter(p -> p.g), (App)Codec.INT.fieldOf("b").forGetter(p -> p.b)).apply((Applicative)object, CircleLightningParticleOptions::new));
                                                                                                                                                                                                                                              ^
  symbol:   variable r
  location: variable p of type Object
G:\Proyectos\Mods_Minecraft\the_sundering\neoforge\26.2\src\main\java\com\skd\thesundering\client\particle\Options\CircleLightningParticleOptions.java:38: error: cannot find symbol
    public static MapCodec<CircleLightningParticleOptions> MAP_CODEC = RecordCodecBuilder.mapCodec(object -> object.group((App)Codec.FLOAT.fieldOf("size").forGetter(p -> Float.valueOf(p.size)), (App)Codec.INT.fieldOf("r").forGetter(p -> p.r), (App)Codec.INT.fieldOf("g").forGetter(p -> p.g), (App)Codec.INT.fieldOf("b").forGetter(p -> p.b)).apply((Applicative)object, CircleLightningParticleOptions::new));
                                                                                                                                                                                                                                                                                               ^
  symbol:   variable g
  location: variable p of type Object
G:\Proyectos\Mods_Minecraft\the_sundering\neoforge\26.2\src\main\java\com\skd\thesundering\client\particle\Options\CircleLightningParticleOptions.java:38: error: cannot find symbol
    public static MapCodec<CircleLightningParticleOptions> MAP_CODEC = RecordCodecBuilder.mapCodec(object -> object.group((App)Codec.FLOAT.fieldOf("size").forGetter(p -> Float.valueOf(p.size)), (App)Codec.INT.fieldOf("r").forGetter(p -> p.r), (App)Codec.INT.fieldOf("g").forGetter(p -> p.g), (App)Codec.INT.fieldOf("b").forGetter(p -> p.b)).apply((Applicative)object, CircleLightningParticleOptions::new));
                                                                                                                                                                                                                                                                                                                                                ^
  symbol:   variable b
  location: variable p of type Object
G:\Proyectos\Mods_Minecraft\the_sundering\neoforge\26.2\src\main\java\com\skd\thesundering\client\particle\Options\CircleLightningParticleOptions.java:38: error: no suitable method found for apply(Applicative,CircleLigh[...]::new)
    public static MapCodec<CircleLightningParticleOptions> MAP_CODEC = RecordCodecBuilder.mapCodec(object -> object.group((App)Codec.FLOAT.fieldOf("size").forGetter(p -> Float.valueOf(p.size)), (App)Codec.INT.fieldOf("r").forGetter(p -> p.r), (App)Codec.INT.fieldOf("g").forGetter(p -> p.g), (App)Codec.INT.fieldOf("b").forGetter(p -> p.b)).apply((Applicative)object, CircleLightningParticleOptions::new));
                                                                                                                                                                                                                                                                                                                                                    ^
    method P4.apply(Applicative,Function4) is not applicable
      (argument mismatch; invalid constructor reference
          incompatible types: Object cannot be converted to float)
    method P4.apply(Applicative,App) is not applicable
      (argument mismatch; App is not a functional interface
          no abstract method found in interface App)
G:\Proyectos\Mods_Minecraft\the_sundering\neoforge\26.2\src\main\java\com\skd\thesundering\client\particle\Circle_Particle.java:43: error: Circle_Particle is not abstract and does not override abstract method getLayer() in SingleQuadParticle
public class Circle_Particle
       ^
G:\Proyectos\Mods_Minecraft\the_sundering\neoforge\26.2\src\main\java\com\skd\thesundering\client\particle\Circle_Particle.java:58: error: no suitable constructor found for SingleQuadParticle(ClientLevel,double,double,double)
        super(world, x, y, z);
        ^
    constructor SingleQuadParticle.SingleQuadParticle(ClientLevel,double,double,double,TextureAtlasSprite) is not applicable
      (actual and formal argument lists differ in length)
    constructor SingleQuadParticle.SingleQuadParticle(ClientLevel,double,double,double,double,double,double,TextureAtlasSprite) is not applicable
      (actual and formal argument lists differ in length)
G:\Proyectos\Mods_Minecraft\the_sundering\neoforge\26.2\src\main\java\com\skd\thesundering\client\particle\Circle_Particle.java:80: error: cannot find symbol
        return 0xF0 | super.getLightColor(delta) & 0xFF0000;
                           ^
  symbol: method getLightColor(float)
G:\Proyectos\Mods_Minecraft\the_sundering\neoforge\26.2\src\main\java\com\skd\thesundering\client\particle\Circle_Particle.java:105: error: cannot find symbol
        Vec3 Vector3d = renderInfo.getPosition();
                                  ^
  symbol:   method getPosition()
  location: variable renderInfo of type Camera
G:\Proyectos\Mods_Minecraft\the_sundering\neoforge\26.2\src\main\java\com\skd\thesundering\client\particle\Circle_Particle.java:150: error: cannot find symbol
        return ParticleRenderType.PARTICLE_SHEET_TRANSLUCENT;
                                 ^
  symbol:   variable PARTICLE_SHEET_TRANSLUCENT
  location: class ParticleRenderType
G:\Proyectos\Mods_Minecraft\the_sundering\neoforge\26.2\src\main\java\com\skd\thesundering\client\particle\Circle_Particle.java:154: error: CircleFactory is not abstract and does not override abstract method createParticle(Circle_ParticleOptions,ClientLevel,double,double,double,double,double,double,RandomSource) in ParticleProvider
    public static class CircleFactory
                  ^
G:\Proyectos\Mods_Minecraft\the_sundering\neoforge\26.2\src\main\java\com\skd\thesundering\client\particle\Options\Circle_ParticleOptions.java:45: error: cannot find symbol
    public static MapCodec<Circle_ParticleOptions> MAP_CODEC = RecordCodecBuilder.mapCodec(object -> object.group((App)Codec.FLOAT.fieldOf("yaw").forGetter(p -> Float.valueOf(p.yaw)), (App)Codec.FLOAT.fieldOf("pitch").forGetter(p -> Float.valueOf(p.pitch)), (App)Codec.INT.fieldOf("duration").forGetter(p -> p.duration), (App)Codec.INT.fieldOf("r").forGetter(p -> p.r), (App)Codec.INT.fieldOf("g").forGetter(p -> p.g), (App)Codec.INT.fieldOf("b").forGetter(p -> p.b), (App)Codec.FLOAT.fieldOf("a").forGetter(p -> Float.valueOf(p.a)), (App)Codec.FLOAT.fieldOf("aStart").forGetter(p -> Float.valueOf(p.aStart)), (App)Codec.FLOAT.fieldOf("scale").forGetter(p -> Float.valueOf(p.scale)), (App)Codec.BOOL.fieldOf("facescamera").forGetter(p -> p.facesCamera), (App)Codec.INT.fieldOf("behavior").forGetter(p -> p.behavior)).apply((Applicative)object, Circle_ParticleOptions::new));
                                                                                                                                                                                ^
  symbol:   variable yaw
  location: variable p of type Object
G:\Proyectos\Mods_Minecraft\the_sundering\neoforge\26.2\src\main\java\com\skd\thesundering\client\particle\Options\Circle_ParticleOptions.java:45: error: cannot find symbol
    public static MapCodec<Circle_ParticleOptions> MAP_CODEC = RecordCodecBuilder.mapCodec(object -> object.group((App)Codec.FLOAT.fieldOf("yaw").forGetter(p -> Float.valueOf(p.yaw)), (App)Codec.FLOAT.fieldOf("pitch").forGetter(p -> Float.valueOf(p.pitch)), (App)Codec.INT.fieldOf("duration").forGetter(p -> p.duration), (App)Codec.INT.fieldOf("r").forGetter(p -> p.r), (App)Codec.INT.fieldOf("g").forGetter(p -> p.g), (App)Codec.INT.fieldOf("b").forGetter(p -> p.b), (App)Codec.FLOAT.fieldOf("a").forGetter(p -> Float.valueOf(p.a)), (App)Codec.FLOAT.fieldOf("aStart").forGetter(p -> Float.valueOf(p.aStart)), (App)Codec.FLOAT.fieldOf("scale").forGetter(p -> Float.valueOf(p.scale)), (App)Codec.BOOL.fieldOf("facescamera").forGetter(p -> p.facesCamera), (App)Codec.INT.fieldOf("behavior").forGetter(p -> p.behavior)).apply((Applicative)object, Circle_ParticleOptions::new));
                                                                                                                                                                                                                                                        ^
  symbol:   variable pitch
  location: variable p of type Object
G:\Proyectos\Mods_Minecraft\the_sundering\neoforge\26.2\src\main\java\com\skd\thesundering\client\particle\Options\Circle_ParticleOptions.java:45: error: cannot find symbol
    public static MapCodec<Circle_ParticleOptions> MAP_CODEC = RecordCodecBuilder.mapCodec(object -> object.group((App)Codec.FLOAT.fieldOf("yaw").forGetter(p -> Float.valueOf(p.yaw)), (App)Codec.FLOAT.fieldOf("pitch").forGetter(p -> Float.valueOf(p.pitch)), (App)Codec.INT.fieldOf("duration").forGetter(p -> p.duration), (App)Codec.INT.fieldOf("r").forGetter(p -> p.r), (App)Codec.INT.fieldOf("g").forGetter(p -> p.g), (App)Codec.INT.fieldOf("b").forGetter(p -> p.b), (App)Codec.FLOAT.fieldOf("a").forGetter(p -> Float.valueOf(p.a)), (App)Codec.FLOAT.fieldOf("aStart").forGetter(p -> Float.valueOf(p.aStart)), (App)Codec.FLOAT.fieldOf("scale").forGetter(p -> Float.valueOf(p.scale)), (App)Codec.BOOL.fieldOf("facescamera").forGetter(p -> p.facesCamera), (App)Codec.INT.fieldOf("behavior").forGetter(p -> p.behavior)).apply((Applicative)object, Circle_ParticleOptions::new));
                                                                                                                                                                                                                                                                                                                     ^
  symbol:   variable duration
  location: variable p of type Object
G:\Proyectos\Mods_Minecraft\the_sundering\neoforge\26.2\src\main\java\com\skd\thesundering\client\particle\Options\Circle_ParticleOptions.java:45: error: cannot find symbol
    public static MapCodec<Circle_ParticleOptions> MAP_CODEC = RecordCodecBuilder.mapCodec(object -> object.group((App)Codec.FLOAT.fieldOf("yaw").forGetter(p -> Float.valueOf(p.yaw)), (App)Codec.FLOAT.fieldOf("pitch").forGetter(p -> Float.valueOf(p.pitch)), (App)Codec.INT.fieldOf("duration").forGetter(p -> p.duration), (App)Codec.INT.fieldOf("r").forGetter(p -> p.r), (App)Codec.INT.fieldOf("g").forGetter(p -> p.g), (App)Codec.INT.fieldOf("b").forGetter(p -> p.b), (App)Codec.FLOAT.fieldOf("a").forGetter(p -> Float.valueOf(p.a)), (App)Codec.FLOAT.fieldOf("aStart").forGetter(p -> Float.valueOf(p.aStart)), (App)Codec.FLOAT.fieldOf("scale").forGetter(p -> Float.valueOf(p.scale)), (App)Codec.BOOL.fieldOf("facescamera").forGetter(p -> p.facesCamera), (App)Codec.INT.fieldOf("behavior").forGetter(p -> p.behavior)).apply((Applicative)object, Circle_ParticleOptions::new));
                                                                                                                                                                                                                                                                                                                                                                             ^
  symbol:   variable r
  location: variable p of type Object
G:\Proyectos\Mods_Minecraft\the_sundering\neoforge\26.2\src\main\java\com\skd\thesundering\client\particle\Options\Circle_ParticleOptions.java:45: error: cannot find symbol
    public static MapCodec<Circle_ParticleOptions> MAP_CODEC = RecordCodecBuilder.mapCodec(object -> object.group((App)Codec.FLOAT.fieldOf("yaw").forGetter(p -> Float.valueOf(p.yaw)), (App)Codec.FLOAT.fieldOf("pitch").forGetter(p -> Float.valueOf(p.pitch)), (App)Codec.INT.fieldOf("duration").forGetter(p -> p.duration), (App)Codec.INT.fieldOf("r").forGetter(p -> p.r), (App)Codec.INT.fieldOf("g").forGetter(p -> p.g), (App)Codec.INT.fieldOf("b").forGetter(p -> p.b), (App)Codec.FLOAT.fieldOf("a").forGetter(p -> Float.valueOf(p.a)), (App)Codec.FLOAT.fieldOf("aStart").forGetter(p -> Float.valueOf(p.aStart)), (App)Codec.FLOAT.fieldOf("scale").forGetter(p -> Float.valueOf(p.scale)), (App)Codec.BOOL.fieldOf("facescamera").forGetter(p -> p.facesCamera), (App)Codec.INT.fieldOf("behavior").forGetter(p -> p.behavior)).apply((Applicative)object, Circle_ParticleOptions::new));
                                                                                                                                                                                                                                                                                                                                                                                                                              ^
  symbol:   variable g
  location: variable p of type Object
G:\Proyectos\Mods_Minecraft\the_sundering\neoforge\26.2\src\main\java\com\skd\thesundering\client\particle\Options\Circle_ParticleOptions.java:45: error: cannot find symbol
    public static MapCodec<Circle_ParticleOptions> MAP_CODEC = RecordCodecBuilder.mapCodec(object -> object.group((App)Codec.FLOAT.fieldOf("yaw").forGetter(p -> Float.valueOf(p.yaw)), (App)Codec.FLOAT.fieldOf("pitch").forGetter(p -> Float.valueOf(p.pitch)), (App)Codec.INT.fieldOf("duration").forGetter(p -> p.duration), (App)Codec.INT.fieldOf("r").forGetter(p -> p.r), (App)Codec.INT.fieldOf("g").forGetter(p -> p.g), (App)Codec.INT.fieldOf("b").forGetter(p -> p.b), (App)Codec.FLOAT.fieldOf("a").forGetter(p -> Float.valueOf(p.a)), (App)Codec.FLOAT.fieldOf("aStart").forGetter(p -> Float.valueOf(p.aStart)), (App)Codec.FLOAT.fieldOf("scale").forGetter(p -> Float.valueOf(p.scale)), (App)Codec.BOOL.fieldOf("facescamera").forGetter(p -> p.facesCamera), (App)Codec.INT.fieldOf("behavior").forGetter(p -> p.behavior)).apply((Applicative)object, Circle_ParticleOptions::new));
                                                                                                                                                                                                                                                                                                                                                                                                                                                                               ^
  symbol:   variable b
  location: variable p of type Object
G:\Proyectos\Mods_Minecraft\the_sundering\neoforge\26.2\src\main\java\com\skd\thesundering\client\particle\Options\Circle_ParticleOptions.java:45: error: cannot find symbol
    public static MapCodec<Circle_ParticleOptions> MAP_CODEC = RecordCodecBuilder.mapCodec(object -> object.group((App)Codec.FLOAT.fieldOf("yaw").forGetter(p -> Float.valueOf(p.yaw)), (App)Codec.FLOAT.fieldOf("pitch").forGetter(p -> Float.valueOf(p.pitch)), (App)Codec.INT.fieldOf("duration").forGetter(p -> p.duration), (App)Codec.INT.fieldOf("r").forGetter(p -> p.r), (App)Codec.INT.fieldOf("g").forGetter(p -> p.g), (App)Codec.INT.fieldOf("b").forGetter(p -> p.b), (App)Codec.FLOAT.fieldOf("a").forGetter(p -> Float.valueOf(p.a)), (App)Codec.FLOAT.fieldOf("aStart").forGetter(p -> Float.valueOf(p.aStart)), (App)Codec.FLOAT.fieldOf("scale").forGetter(p -> Float.valueOf(p.scale)), (App)Codec.BOOL.fieldOf("facescamera").forGetter(p -> p.facesCamera), (App)Codec.INT.fieldOf("behavior").forGetter(p -> p.behavior)).apply((Applicative)object, Circle_ParticleOptions::new));
                                                                                                                                                                                                                                                                                                                                                                                                                                                                                                                                                ^
  symbol:   variable a
  location: variable p of type Object
G:\Proyectos\Mods_Minecraft\the_sundering\neoforge\26.2\src\main\java\com\skd\thesundering\client\particle\Options\Circle_ParticleOptions.java:45: error: cannot find symbol
    public static MapCodec<Circle_ParticleOptions> MAP_CODEC = RecordCodecBuilder.mapCodec(object -> object.group((App)Codec.FLOAT.fieldOf("yaw").forGetter(p -> Float.valueOf(p.yaw)), (App)Codec.FLOAT.fieldOf("pitch").forGetter(p -> Float.valueOf(p.pitch)), (App)Codec.INT.fieldOf("duration").forGetter(p -> p.duration), (App)Codec.INT.fieldOf("r").forGetter(p -> p.r), (App)Codec.INT.fieldOf("g").forGetter(p -> p.g), (App)Codec.INT.fieldOf("b").forGetter(p -> p.b), (App)Codec.FLOAT.fieldOf("a").forGetter(p -> Float.valueOf(p.a)), (App)Codec.FLOAT.fieldOf("aStart").forGetter(p -> Float.valueOf(p.aStart)), (App)Codec.FLOAT.fieldOf("scale").forGetter(p -> Float.valueOf(p.scale)), (App)Codec.BOOL.fieldOf("facescamera").forGetter(p -> p.facesCamera), (App)Codec.INT.fieldOf("behavior").forGetter(p -> p.behavior)).apply((Applicative)object, Circle_ParticleOptions::new));
                                                                                                                                                                                                                                                                                                                                                                                                                                                                                                                                                                                                                       ^
  symbol:   variable aStart
  location: variable p of type Object
G:\Proyectos\Mods_Minecraft\the_sundering\neoforge\26.2\src\main\java\com\skd\thesundering\client\particle\Options\Circle_ParticleOptions.java:45: error: cannot find symbol
    public static MapCodec<Circle_ParticleOptions> MAP_CODEC = RecordCodecBuilder.mapCodec(object -> object.group((App)Codec.FLOAT.fieldOf("yaw").forGetter(p -> Float.valueOf(p.yaw)), (App)Codec.FLOAT.fieldOf("pitch").forGetter(p -> Float.valueOf(p.pitch)), (App)Codec.INT.fieldOf("duration").forGetter(p -> p.duration), (App)Codec.INT.fieldOf("r").forGetter(p -> p.r), (App)Codec.INT.fieldOf("g").forGetter(p -> p.g), (App)Codec.INT.fieldOf("b").forGetter(p -> p.b), (App)Codec.FLOAT.fieldOf("a").forGetter(p -> Float.valueOf(p.a)), (App)Codec.FLOAT.fieldOf("aStart").forGetter(p -> Float.valueOf(p.aStart)), (App)Codec.FLOAT.fieldOf("scale").forGetter(p -> Float.valueOf(p.scale)), (App)Codec.BOOL.fieldOf("facescamera").forGetter(p -> p.facesCamera), (App)Codec.INT.fieldOf("behavior").forGetter(p -> p.behavior)).apply((Applicative)object, Circle_ParticleOptions::new));
                                                                                                                                                                                                                                                                                                                                                                                                                                                                                                                                                                                                                                                                                                  ^
  symbol:   variable scale
  location: variable p of type Object
G:\Proyectos\Mods_Minecraft\the_sundering\neoforge\26.2\src\main\java\com\skd\thesundering\client\particle\Options\Circle_ParticleOptions.java:45: error: cannot find symbol
    public static MapCodec<Circle_ParticleOptions> MAP_CODEC = RecordCodecBuilder.mapCodec(object -> object.group((App)Codec.FLOAT.fieldOf("yaw").forGetter(p -> Float.valueOf(p.yaw)), (App)Codec.FLOAT.fieldOf("pitch").forGetter(p -> Float.valueOf(p.pitch)), (App)Codec.INT.fieldOf("duration").forGetter(p -> p.duration), (App)Codec.INT.fieldOf("r").forGetter(p -> p.r), (App)Codec.INT.fieldOf("g").forGetter(p -> p.g), (App)Codec.INT.fieldOf("b").forGetter(p -> p.b), (App)Codec.FLOAT.fieldOf("a").forGetter(p -> Float.valueOf(p.a)), (App)Codec.FLOAT.fieldOf("aStart").forGetter(p -> Float.valueOf(p.aStart)), (App)Codec.FLOAT.fieldOf("scale").forGetter(p -> Float.valueOf(p.scale)), (App)Codec.BOOL.fieldOf("facescamera").forGetter(p -> p.facesCamera), (App)Codec.INT.fieldOf("behavior").forGetter(p -> p.behavior)).apply((Applicative)object, Circle_ParticleOptions::new));
                                                                                                                                                                                                                                                                                                                                                                                                                                                                                                                                                                                                                                                                                                                                                                   ^
  symbol:   variable facesCamera
  location: variable p of type Object
G:\Proyectos\Mods_Minecraft\the_sundering\neoforge\26.2\src\main\java\com\skd\thesundering\client\particle\Options\Circle_ParticleOptions.java:45: error: cannot find symbol
    public static MapCodec<Circle_ParticleOptions> MAP_CODEC = RecordCodecBuilder.mapCodec(object -> object.group((App)Codec.FLOAT.fieldOf("yaw").forGetter(p -> Float.valueOf(p.yaw)), (App)Codec.FLOAT.fieldOf("pitch").forGetter(p -> Float.valueOf(p.pitch)), (App)Codec.INT.fieldOf("duration").forGetter(p -> p.duration), (App)Codec.INT.fieldOf("r").forGetter(p -> p.r), (App)Codec.INT.fieldOf("g").forGetter(p -> p.g), (App)Codec.INT.fieldOf("b").forGetter(p -> p.b), (App)Codec.FLOAT.fieldOf("a").forGetter(p -> Float.valueOf(p.a)), (App)Codec.FLOAT.fieldOf("aStart").forGetter(p -> Float.valueOf(p.aStart)), (App)Codec.FLOAT.fieldOf("scale").forGetter(p -> Float.valueOf(p.scale)), (App)Codec.BOOL.fieldOf("facescamera").forGetter(p -> p.facesCamera), (App)Codec.INT.fieldOf("behavior").forGetter(p -> p.behavior)).apply((Applicative)object, Circle_ParticleOptions::new));
                                                                                                                                                                                                                                                                                                                                                                                                                                                                                                                                                                                                                                                                                                                                                                                                                                     ^
  symbol:   variable behavior
  location: variable p of type Object
G:\Proyectos\Mods_Minecraft\the_sundering\neoforge\26.2\src\main\java\com\skd\thesundering\client\particle\Options\Circle_ParticleOptions.java:45: error: no suitable method found for apply(Applicative,Circle_Par[...]::new)
    public static MapCodec<Circle_ParticleOptions> MAP_CODEC = RecordCodecBuilder.mapCodec(object -> object.group((App)Codec.FLOAT.fieldOf("yaw").forGetter(p -> Float.valueOf(p.yaw)), (App)Codec.FLOAT.fieldOf("pitch").forGetter(p -> Float.valueOf(p.pitch)), (App)Codec.INT.fieldOf("duration").forGetter(p -> p.duration), (App)Codec.INT.fieldOf("r").forGetter(p -> p.r), (App)Codec.INT.fieldOf("g").forGetter(p -> p.g), (App)Codec.INT.fieldOf("b").forGetter(p -> p.b), (App)Codec.FLOAT.fieldOf("a").forGetter(p -> Float.valueOf(p.a)), (App)Codec.FLOAT.fieldOf("aStart").forGetter(p -> Float.valueOf(p.aStart)), (App)Codec.FLOAT.fieldOf("scale").forGetter(p -> Float.valueOf(p.scale)), (App)Codec.BOOL.fieldOf("facescamera").forGetter(p -> p.facesCamera), (App)Codec.INT.fieldOf("behavior").forGetter(p -> p.behavior)).apply((Applicative)object, Circle_ParticleOptions::new));
                                                                                                                                                                                                                                                                                                                                                                                                                                                                                                                                                                                                                                                                                                                                                                                                                                                ^
    method P11.apply(Applicative,Function11) is not applicable
      (argument mismatch; invalid constructor reference
          incompatible types: Object cannot be converted to float)
    method P11.apply(Applicative,App) is not applicable
      (argument mismatch; App is not a functional interface
          no abstract method found in interface App)
G:\Proyectos\Mods_Minecraft\the_sundering\neoforge\26.2\src\main\java\com\skd\thesundering\client\particle\CursedAlgizParticle.java:23: error: CursedAlgizParticle is not abstract and does not override abstract method getLayer() in SingleQuadParticle
public class CursedAlgizParticle
       ^
G:\Proyectos\Mods_Minecraft\the_sundering\neoforge\26.2\src\main\java\com\skd\thesundering\client\particle\CursedAlgizParticle.java:28: error: no suitable constructor found for SingleQuadParticle(ClientLevel,double,double,double,double,double,double)
        super(world, x, y, z, 0.0, 0.0, 0.0);
        ^
    constructor SingleQuadParticle.SingleQuadParticle(ClientLevel,double,double,double,TextureAtlasSprite) is not applicable
      (actual and formal argument lists differ in length)
    constructor SingleQuadParticle.SingleQuadParticle(ClientLevel,double,double,double,double,double,double,TextureAtlasSprite) is not applicable
      (actual and formal argument lists differ in length)
G:\Proyectos\Mods_Minecraft\the_sundering\neoforge\26.2\src\main\java\com\skd\thesundering\client\particle\CursedAlgizParticle.java:51: error: cannot find symbol
        return ParticleRenderType.PARTICLE_SHEET_LIT;
                                 ^
  symbol:   variable PARTICLE_SHEET_LIT
  location: class ParticleRenderType
G:\Proyectos\Mods_Minecraft\the_sundering\neoforge\26.2\src\main\java\com\skd\thesundering\client\particle\CursedAlgizParticle.java:62: error: AlgizFactory is not abstract and does not override abstract method createParticle(SimpleParticleType,ClientLevel,double,double,double,double,double,double,RandomSource) in ParticleProvider
    public static class AlgizFactory
                  ^
G:\Proyectos\Mods_Minecraft\the_sundering\neoforge\26.2\src\main\java\com\skd\thesundering\client\particle\CursedFlameParticle.java:25: error: CursedFlameParticle is not abstract and does not override abstract method getLayer() in SingleQuadParticle
public class CursedFlameParticle
       ^
G:\Proyectos\Mods_Minecraft\the_sundering\neoforge\26.2\src\main\java\com\skd\thesundering\client\particle\CursedFlameParticle.java:28: error: constructor RisingParticle in class RisingParticle cannot be applied to given types;
        super(p_106800_, p_106801_, p_106802_, p_106803_, p_106804_, p_106805_, p_106806_);
        ^
  required: ClientLevel,double,double,double,double,double,double,TextureAtlasSprite
  found:    ClientLevel,double,double,double,double,double,double
  reason: actual and formal argument lists differ in length
G:\Proyectos\Mods_Minecraft\the_sundering\neoforge\26.2\src\main\java\com\skd\thesundering\client\particle\CursedFlameParticle.java:32: error: cannot find symbol
        return ParticleRenderType.PARTICLE_SHEET_OPAQUE;
                                 ^
  symbol:   variable PARTICLE_SHEET_OPAQUE
  location: class ParticleRenderType
G:\Proyectos\Mods_Minecraft\the_sundering\neoforge\26.2\src\main\java\com\skd\thesundering\client\particle\CursedFlameParticle.java:48: error: cannot find symbol
        int i = super.getLightColor(p_106821_);
                     ^
  symbol: method getLightColor(float)
G:\Proyectos\Mods_Minecraft\the_sundering\neoforge\26.2\src\main\java\com\skd\thesundering\client\particle\CursedFlameParticle.java:57: error: SmallFlameProvider is not abstract and does not override abstract method createParticle(SimpleParticleType,ClientLevel,double,double,double,double,double,double,RandomSource) in ParticleProvider
    public static class SmallFlameProvider
                  ^
G:\Proyectos\Mods_Minecraft\the_sundering\neoforge\26.2\src\main\java\com\skd\thesundering\client\particle\CursedFlameParticle.java:67: error: cannot find symbol
            flameparticle.pickSprite(this.sprite);
                         ^
  symbol:   method pickSprite(SpriteSet)
  location: variable flameparticle of type CursedFlameParticle
G:\Proyectos\Mods_Minecraft\the_sundering\neoforge\26.2\src\main\java\com\skd\thesundering\client\particle\CursedFlameParticle.java:73: error: Provider is not abstract and does not override abstract method createParticle(SimpleParticleType,ClientLevel,double,double,double,double,double,double,RandomSource) in ParticleProvider
    public static class Provider
                  ^
G:\Proyectos\Mods_Minecraft\the_sundering\neoforge\26.2\src\main\java\com\skd\thesundering\client\particle\CursedFlameParticle.java:83: error: cannot find symbol
            flameparticle.pickSprite(this.sprite);
                         ^
  symbol:   method pickSprite(SpriteSet)
  location: variable flameparticle of type CursedFlameParticle
G:\Proyectos\Mods_Minecraft\the_sundering\neoforge\26.2\src\main\java\com\skd\thesundering\client\particle\CursedMarkParticle.java:22: error: CursedMarkParticle is not abstract and does not override abstract method getLayer() in SingleQuadParticle
public class CursedMarkParticle
       ^
G:\Proyectos\Mods_Minecraft\the_sundering\neoforge\26.2\src\main\java\com\skd\thesundering\client\particle\CursedMarkParticle.java:29: error: no suitable constructor found for SingleQuadParticle(ClientLevel,double,double,double,double,double,double)
        super(world, x, y, z, 0.0, 0.0, 0.0);
        ^
    constructor SingleQuadParticle.SingleQuadParticle(ClientLevel,double,double,double,TextureAtlasSprite) is not applicable
      (actual and formal argument lists differ in length)
    constructor SingleQuadParticle.SingleQuadParticle(ClientLevel,double,double,double,double,double,double,TextureAtlasSprite) is not applicable
      (actual and formal argument lists differ in length)
G:\Proyectos\Mods_Minecraft\the_sundering\neoforge\26.2\src\main\java\com\skd\thesundering\client\particle\CursedMarkParticle.java:57: error: cannot find symbol
        return ParticleRenderType.PARTICLE_SHEET_LIT;
                                 ^
  symbol:   variable PARTICLE_SHEET_LIT
  location: class ParticleRenderType
G:\Proyectos\Mods_Minecraft\the_sundering\neoforge\26.2\src\main\java\com\skd\thesundering\client\particle\CursedMarkParticle.java:68: error: MarkFactory is not abstract and does not override abstract method createParticle(Cursed_MarkParticleOption,ClientLevel,double,double,double,double,double,double,RandomSource) in ParticleProvider
    public static class MarkFactory
                  ^
G:\Proyectos\Mods_Minecraft\the_sundering\neoforge\26.2\src\main\java\com\skd\thesundering\client\particle\Options\Cursed_MarkParticleOption.java:33: error: cannot find symbol
    public static MapCodec<Cursed_MarkParticleOption> MAP_CODEC = RecordCodecBuilder.mapCodec(object -> object.group((App)Codec.FLOAT.fieldOf("size").forGetter(p -> Float.valueOf(p.size))).apply((Applicative)object, Cursed_MarkParticleOption::new));
                                                                                                                                                                                    ^
  symbol:   variable size
  location: variable p of type Object
G:\Proyectos\Mods_Minecraft\the_sundering\neoforge\26.2\src\main\java\com\skd\thesundering\client\particle\Options\Cursed_MarkParticleOption.java:33: error: no suitable method found for apply(Applicative,Cursed_Mar[...]::new)
    public static MapCodec<Cursed_MarkParticleOption> MAP_CODEC = RecordCodecBuilder.mapCodec(object -> object.group((App)Codec.FLOAT.fieldOf("size").forGetter(p -> Float.valueOf(p.size))).apply((Applicative)object, Cursed_MarkParticleOption::new));
                                                                                                                                                                                            ^
    method P1.apply(Applicative,Function) is not applicable
      (argument mismatch; invalid constructor reference
          incompatible types: Object cannot be converted to float)
    method P1.apply(Applicative,App) is not applicable
      (argument mismatch; App is not a functional interface
          no abstract method found in interface App)
G:\Proyectos\Mods_Minecraft\the_sundering\neoforge\26.2\src\main\java\com\skd\thesundering\client\particle\CustomExplodeParticle.java:23: error: CustomExplodeParticle is not abstract and does not override abstract method getLayer() in SingleQuadParticle
public class CustomExplodeParticle
       ^
G:\Proyectos\Mods_Minecraft\the_sundering\neoforge\26.2\src\main\java\com\skd\thesundering\client\particle\CustomExplodeParticle.java:28: error: no suitable constructor found for SingleQuadParticle(ClientLevel,double,double,double,double,double,double)
        super(world, x, y, z, 0.0, 0.0, 0.0);
        ^
    constructor SingleQuadParticle.SingleQuadParticle(ClientLevel,double,double,double,TextureAtlasSprite) is not applicable
      (actual and formal argument lists differ in length)
    constructor SingleQuadParticle.SingleQuadParticle(ClientLevel,double,double,double,double,double,double,TextureAtlasSprite) is not applicable
      (actual and formal argument lists differ in length)
G:\Proyectos\Mods_Minecraft\the_sundering\neoforge\26.2\src\main\java\com\skd\thesundering\client\particle\CustomExplodeParticle.java:46: error: cannot find symbol
        return ParticleRenderType.PARTICLE_SHEET_LIT;
                                 ^
  symbol:   variable PARTICLE_SHEET_LIT
  location: class ParticleRenderType
G:\Proyectos\Mods_Minecraft\the_sundering\neoforge\26.2\src\main\java\com\skd\thesundering\client\particle\CustomExplodeParticle.java:57: error: LightningFactory is not abstract and does not override abstract method createParticle(SimpleParticleType,ClientLevel,double,double,double,double,double,double,RandomSource) in ParticleProvider
    public static class LightningFactory
                  ^
G:\Proyectos\Mods_Minecraft\the_sundering\neoforge\26.2\src\main\java\com\skd\thesundering\client\particle\CustomExplodeParticle.java:74: error: IgnisFactory is not abstract and does not override abstract method createParticle(SimpleParticleType,ClientLevel,double,double,double,double,double,double,RandomSource) in ParticleProvider
    public static class IgnisFactory
                  ^
G:\Proyectos\Mods_Minecraft\the_sundering\neoforge\26.2\src\main\java\com\skd\thesundering\client\particle\CustomExplodeParticle.java:85: error: random has protected access in Level
            particle.scale(1.0f + worldIn.random.nextFloat() * 0.9f);
                                         ^
G:\Proyectos\Mods_Minecraft\the_sundering\neoforge\26.2\src\main\java\com\skd\thesundering\client\particle\CustomExplodeParticle.java:90: error: FlareFactory is not abstract and does not override abstract method createParticle(SimpleParticleType,ClientLevel,double,double,double,double,double,double,RandomSource) in ParticleProvider
    public static class FlareFactory
                  ^
G:\Proyectos\Mods_Minecraft\the_sundering\neoforge\26.2\src\main\java\com\skd\thesundering\client\particle\CustomExplodeParticle.java:101: error: random has protected access in Level
            particle.scale(1.0f + worldIn.random.nextFloat() * 0.9f);
                                         ^
G:\Proyectos\Mods_Minecraft\the_sundering\neoforge\26.2\src\main\java\com\skd\thesundering\client\particle\Custom_Poof_Particle.java:29: error: Custom_Poof_Particle is not abstract and does not override abstract method getLayer() in SingleQuadParticle
public class Custom_Poof_Particle
       ^
G:\Proyectos\Mods_Minecraft\the_sundering\neoforge\26.2\src\main\java\com\skd\thesundering\client\particle\Custom_Poof_Particle.java:37: error: no suitable constructor found for SingleQuadParticle(ClientLevel,double,double,double)
        super(level, x, y, z);
        ^
    constructor SingleQuadParticle.SingleQuadParticle(ClientLevel,double,double,double,TextureAtlasSprite) is not applicable
      (actual and formal argument lists differ in length)
    constructor SingleQuadParticle.SingleQuadParticle(ClientLevel,double,double,double,double,double,double,TextureAtlasSprite) is not applicable
      (actual and formal argument lists differ in length)
G:\Proyectos\Mods_Minecraft\the_sundering\neoforge\26.2\src\main\java\com\skd\thesundering\client\particle\Custom_Poof_Particle.java:50: error: random has protected access in Level
        this.quadSize = 0.25f + level.random.nextFloat() * 0.1f;
                                     ^
G:\Proyectos\Mods_Minecraft\the_sundering\neoforge\26.2\src\main\java\com\skd\thesundering\client\particle\Custom_Poof_Particle.java:56: error: cannot find symbol
        return ParticleRenderType.PARTICLE_SHEET_TRANSLUCENT;
                                 ^
  symbol:   variable PARTICLE_SHEET_TRANSLUCENT
  location: class ParticleRenderType
G:\Proyectos\Mods_Minecraft\the_sundering\neoforge\26.2\src\main\java\com\skd\thesundering\client\particle\Custom_Poof_Particle.java:93: error: Provider is not abstract and does not override abstract method createParticle(CustomPoofParticleOptions,ClientLevel,double,double,double,double,double,double,RandomSource) in ParticleProvider
    public static class Provider
                  ^
G:\Proyectos\Mods_Minecraft\the_sundering\neoforge\26.2\src\main\java\com\skd\thesundering\client\particle\Options\CustomPoofParticleOptions.java:38: error: cannot find symbol
    public static MapCodec<CustomPoofParticleOptions> MAP_CODEC = RecordCodecBuilder.mapCodec(object -> object.group((App)Codec.INT.fieldOf("r").forGetter(p -> p.r), (App)Codec.INT.fieldOf("g").forGetter(p -> p.g), (App)Codec.INT.fieldOf("b").forGetter(p -> p.b), (App)Codec.FLOAT.fieldOf("gravity").forGetter(p -> Float.valueOf(p.gravity))).apply((Applicative)object, CustomPoofParticleOptions::new));
                                                                                                                                                                 ^
  symbol:   variable r
  location: variable p of type Object
G:\Proyectos\Mods_Minecraft\the_sundering\neoforge\26.2\src\main\java\com\skd\thesundering\client\particle\Options\CustomPoofParticleOptions.java:38: error: cannot find symbol
    public static MapCodec<CustomPoofParticleOptions> MAP_CODEC = RecordCodecBuilder.mapCodec(object -> object.group((App)Codec.INT.fieldOf("r").forGetter(p -> p.r), (App)Codec.INT.fieldOf("g").forGetter(p -> p.g), (App)Codec.INT.fieldOf("b").forGetter(p -> p.b), (App)Codec.FLOAT.fieldOf("gravity").forGetter(p -> Float.valueOf(p.gravity))).apply((Applicative)object, CustomPoofParticleOptions::new));
                                                                                                                                                                                                                  ^
  symbol:   variable g
  location: variable p of type Object
G:\Proyectos\Mods_Minecraft\the_sundering\neoforge\26.2\src\main\java\com\skd\thesundering\client\particle\Options\CustomPoofParticleOptions.java:38: error: cannot find symbol
    public static MapCodec<CustomPoofParticleOptions> MAP_CODEC = RecordCodecBuilder.mapCodec(object -> object.group((App)Codec.INT.fieldOf("r").forGetter(p -> p.r), (App)Codec.INT.fieldOf("g").forGetter(p -> p.g), (App)Codec.INT.fieldOf("b").forGetter(p -> p.b), (App)Codec.FLOAT.fieldOf("gravity").forGetter(p -> Float.valueOf(p.gravity))).apply((Applicative)object, CustomPoofParticleOptions::new));
                                                                                                                                                                                                                                                                   ^
  symbol:   variable b
  location: variable p of type Object
G:\Proyectos\Mods_Minecraft\the_sundering\neoforge\26.2\src\main\java\com\skd\thesundering\client\particle\Options\CustomPoofParticleOptions.java:38: error: cannot find symbol
    public static MapCodec<CustomPoofParticleOptions> MAP_CODEC = RecordCodecBuilder.mapCodec(object -> object.group((App)Codec.INT.fieldOf("r").forGetter(p -> p.r), (App)Codec.INT.fieldOf("g").forGetter(p -> p.g), (App)Codec.INT.fieldOf("b").forGetter(p -> p.b), (App)Codec.FLOAT.fieldOf("gravity").forGetter(p -> Float.valueOf(p.gravity))).apply((Applicative)object, CustomPoofParticleOptions::new));
                                                                                                                                                                                                                                                                                                                                          ^
  symbol:   variable gravity
  location: variable p of type Object
G:\Proyectos\Mods_Minecraft\the_sundering\neoforge\26.2\src\main\java\com\skd\thesundering\client\particle\Options\CustomPoofParticleOptions.java:38: error: no suitable method found for apply(Applicative,CustomPoof[...]::new)
    public static MapCodec<CustomPoofParticleOptions> MAP_CODEC = RecordCodecBuilder.mapCodec(object -> object.group((App)Codec.INT.fieldOf("r").forGetter(p -> p.r), (App)Codec.INT.fieldOf("g").forGetter(p -> p.g), (App)Codec.INT.fieldOf("b").forGetter(p -> p.b), (App)Codec.FLOAT.fieldOf("gravity").forGetter(p -> Float.valueOf(p.gravity))).apply((Applicative)object, CustomPoofParticleOptions::new));
                                                                                                                                                                                                                                                                                                                                                     ^
    method P4.apply(Applicative,Function4) is not applicable
      (argument mismatch; invalid constructor reference
          incompatible types: Object cannot be converted to int)
    method P4.apply(Applicative,App) is not applicable
      (argument mismatch; App is not a functional interface
          no abstract method found in interface App)
G:\Proyectos\Mods_Minecraft\the_sundering\neoforge\26.2\src\main\java\com\skd\thesundering\client\particle\Desert_Glyph_Particle.java:23: error: Desert_Glyph_Particle is not abstract and does not override abstract method getLayer() in SingleQuadParticle
public class Desert_Glyph_Particle
       ^
G:\Proyectos\Mods_Minecraft\the_sundering\neoforge\26.2\src\main\java\com\skd\thesundering\client\particle\Desert_Glyph_Particle.java:28: error: no suitable constructor found for SingleQuadParticle(ClientLevel,double,double,double,double,double,double)
        super(world, x, y, z, 0.0, 0.0, 0.0);
        ^
    constructor SingleQuadParticle.SingleQuadParticle(ClientLevel,double,double,double,TextureAtlasSprite) is not applicable
      (actual and formal argument lists differ in length)
    constructor SingleQuadParticle.SingleQuadParticle(ClientLevel,double,double,double,double,double,double,TextureAtlasSprite) is not applicable
      (actual and formal argument lists differ in length)
G:\Proyectos\Mods_Minecraft\the_sundering\neoforge\26.2\src\main\java\com\skd\thesundering\client\particle\Desert_Glyph_Particle.java:46: error: cannot find symbol
        return ParticleRenderType.PARTICLE_SHEET_LIT;
                                 ^
  symbol:   variable PARTICLE_SHEET_LIT
  location: class ParticleRenderType
G:\Proyectos\Mods_Minecraft\the_sundering\neoforge\26.2\src\main\java\com\skd\thesundering\client\particle\Desert_Glyph_Particle.java:57: error: GlyphFactory is not abstract and does not override abstract method createParticle(SimpleParticleType,ClientLevel,double,double,double,double,double,double,RandomSource) in ParticleProvider
    public static class GlyphFactory
                  ^
G:\Proyectos\Mods_Minecraft\the_sundering\neoforge\26.2\src\main\java\com\skd\thesundering\client\particle\Dust_Blast_Particle.java:23: error: Dust_Blast_Particle is not abstract and does not override abstract method getLayer() in SingleQuadParticle
public class Dust_Blast_Particle
       ^
G:\Proyectos\Mods_Minecraft\the_sundering\neoforge\26.2\src\main\java\com\skd\thesundering\client\particle\Dust_Blast_Particle.java:28: error: no suitable constructor found for SingleQuadParticle(ClientLevel,double,double,double,double,double,double)
        super(level, xCoord, yCoord, zCoord, xd, yd, zd);
        ^
    constructor SingleQuadParticle.SingleQuadParticle(ClientLevel,double,double,double,TextureAtlasSprite) is not applicable
      (actual and formal argument lists differ in length)
    constructor SingleQuadParticle.SingleQuadParticle(ClientLevel,double,double,double,double,double,double,TextureAtlasSprite) is not applicable
      (actual and formal argument lists differ in length)
G:\Proyectos\Mods_Minecraft\the_sundering\neoforge\26.2\src\main\java\com\skd\thesundering\client\particle\Dust_Blast_Particle.java:38: error: cannot find symbol
        return ParticleRenderType.PARTICLE_SHEET_TRANSLUCENT;
                                 ^
  symbol:   variable PARTICLE_SHEET_TRANSLUCENT
  location: class ParticleRenderType
G:\Proyectos\Mods_Minecraft\the_sundering\neoforge\26.2\src\main\java\com\skd\thesundering\client\particle\Dust_Blast_Particle.java:51: error: Factory is not abstract and does not override abstract method createParticle(SimpleParticleType,ClientLevel,double,double,double,double,double,double,RandomSource) in ParticleProvider
    public static class Factory
                  ^
G:\Proyectos\Mods_Minecraft\the_sundering\neoforge\26.2\src\main\java\com\skd\thesundering\client\particle\EM_PulseParticle.java:47: error: EM_PulseParticle is not abstract and does not override abstract method getGroup() in Particle
public class EM_PulseParticle
       ^
G:\Proyectos\Mods_Minecraft\the_sundering\neoforge\26.2\src\main\java\com\skd\thesundering\client\particle\EM_PulseParticle.java:58: error: cannot find symbol
        this.alpha = 1.0f;
            ^
  symbol: variable alpha
G:\Proyectos\Mods_Minecraft\the_sundering\neoforge\26.2\src\main\java\com\skd\thesundering\client\particle\EM_PulseParticle.java:71: error: cannot find symbol
        this.prevAlpha = this.alpha;
                             ^
  symbol: variable alpha
G:\Proyectos\Mods_Minecraft\the_sundering\neoforge\26.2\src\main\java\com\skd\thesundering\client\particle\EM_PulseParticle.java:76: error: cannot find symbol
        if (this.alpha > 0.0f) {
                ^
  symbol: variable alpha
G:\Proyectos\Mods_Minecraft\the_sundering\neoforge\26.2\src\main\java\com\skd\thesundering\client\particle\EM_PulseParticle.java:77: error: cannot find symbol
            this.alpha = Math.max(this.alpha - this.alphaDecrease, 0.0f);
                ^
  symbol: variable alpha
G:\Proyectos\Mods_Minecraft\the_sundering\neoforge\26.2\src\main\java\com\skd\thesundering\client\particle\EM_PulseParticle.java:77: error: cannot find symbol
            this.alpha = Math.max(this.alpha - this.alphaDecrease, 0.0f);
                                      ^
  symbol: variable alpha
G:\Proyectos\Mods_Minecraft\the_sundering\neoforge\26.2\src\main\java\com\skd\thesundering\client\particle\EM_PulseParticle.java:83: error: cannot find symbol
        Vec3 vec3 = camera.getPosition();
                          ^
  symbol:   method getPosition()
  location: variable camera of type Camera
G:\Proyectos\Mods_Minecraft\the_sundering\neoforge\26.2\src\main\java\com\skd\thesundering\client\particle\EM_PulseParticle.java:88: error: package MultiBufferSource does not exist
        MultiBufferSource.BufferSource multibuffersource$buffersource = Minecraft.getInstance().renderBuffers().bufferSource();
                         ^
G:\Proyectos\Mods_Minecraft\the_sundering\neoforge\26.2\src\main\java\com\skd\thesundering\client\particle\EM_PulseParticle.java:88: error: cannot find symbol
        MultiBufferSource.BufferSource multibuffersource$buffersource = Minecraft.getInstance().renderBuffers().bufferSource();
                                                                                               ^
  symbol:   method renderBuffers()
  location: class Minecraft
G:\Proyectos\Mods_Minecraft\the_sundering\neoforge\26.2\src\main\java\com\skd\thesundering\client\particle\EM_PulseParticle.java:94: error: cannot find symbol
        float alphaLerp = this.prevAlpha + partialTick * (this.alpha - this.prevAlpha);
                                                              ^
  symbol: variable alpha
G:\Proyectos\Mods_Minecraft\the_sundering\neoforge\26.2\src\main\java\com\skd\thesundering\client\particle\EM_PulseParticle.java:106: error: cannot find symbol
        portalStatic.addVertex(avector3f[0].x(), avector3f[0].y(), avector3f[0].z()).setColor(this.rCol, this.gCol, this.bCol, alphaLerp).setUv(f8, f6).setOverlay(OverlayTexture.NO_OVERLAY).setLight(j).setNormal(posestack$pose, 0.0f, -1.0f, 0.0f);
                                                                                                  ^
  symbol: variable rCol
G:\Proyectos\Mods_Minecraft\the_sundering\neoforge\26.2\src\main\java\com\skd\thesundering\client\particle\EM_PulseParticle.java:106: error: cannot find symbol
        portalStatic.addVertex(avector3f[0].x(), avector3f[0].y(), avector3f[0].z()).setColor(this.rCol, this.gCol, this.bCol, alphaLerp).setUv(f8, f6).setOverlay(OverlayTexture.NO_OVERLAY).setLight(j).setNormal(posestack$pose, 0.0f, -1.0f, 0.0f);
                                                                                                             ^
  symbol: variable gCol
G:\Proyectos\Mods_Minecraft\the_sundering\neoforge\26.2\src\main\java\com\skd\thesundering\client\particle\EM_PulseParticle.java:106: error: cannot find symbol
        portalStatic.addVertex(avector3f[0].x(), avector3f[0].y(), avector3f[0].z()).setColor(this.rCol, this.gCol, this.bCol, alphaLerp).setUv(f8, f6).setOverlay(OverlayTexture.NO_OVERLAY).setLight(j).setNormal(posestack$pose, 0.0f, -1.0f, 0.0f);
                                                                                                                        ^
  symbol: variable bCol
G:\Proyectos\Mods_Minecraft\the_sundering\neoforge\26.2\src\main\java\com\skd\thesundering\client\particle\EM_PulseParticle.java:107: error: cannot find symbol
        portalStatic.addVertex(avector3f[1].x(), avector3f[1].y(), avector3f[1].z()).setColor(this.rCol, this.gCol, this.bCol, alphaLerp).setUv(f8, f5).setOverlay(OverlayTexture.NO_OVERLAY).setLight(j).setNormal(posestack$pose, 0.0f, -1.0f, 0.0f);
                                                                                                  ^
  symbol: variable rCol
G:\Proyectos\Mods_Minecraft\the_sundering\neoforge\26.2\src\main\java\com\skd\thesundering\client\particle\EM_PulseParticle.java:107: error: cannot find symbol
        portalStatic.addVertex(avector3f[1].x(), avector3f[1].y(), avector3f[1].z()).setColor(this.rCol, this.gCol, this.bCol, alphaLerp).setUv(f8, f5).setOverlay(OverlayTexture.NO_OVERLAY).setLight(j).setNormal(posestack$pose, 0.0f, -1.0f, 0.0f);
                                                                                                             ^
  symbol: variable gCol
G:\Proyectos\Mods_Minecraft\the_sundering\neoforge\26.2\src\main\java\com\skd\thesundering\client\particle\EM_PulseParticle.java:107: error: cannot find symbol
        portalStatic.addVertex(avector3f[1].x(), avector3f[1].y(), avector3f[1].z()).setColor(this.rCol, this.gCol, this.bCol, alphaLerp).setUv(f8, f5).setOverlay(OverlayTexture.NO_OVERLAY).setLight(j).setNormal(posestack$pose, 0.0f, -1.0f, 0.0f);
                                                                                                                        ^
  symbol: variable bCol
G:\Proyectos\Mods_Minecraft\the_sundering\neoforge\26.2\src\main\java\com\skd\thesundering\client\particle\EM_PulseParticle.java:108: error: cannot find symbol
        portalStatic.addVertex(avector3f[2].x(), avector3f[2].y(), avector3f[2].z()).setColor(this.rCol, this.gCol, this.bCol, alphaLerp).setUv(f7, f5).setOverlay(OverlayTexture.NO_OVERLAY).setLight(j).setNormal(posestack$pose, 0.0f, -1.0f, 0.0f);
                                                                                                  ^
  symbol: variable rCol
G:\Proyectos\Mods_Minecraft\the_sundering\neoforge\26.2\src\main\java\com\skd\thesundering\client\particle\EM_PulseParticle.java:108: error: cannot find symbol
        portalStatic.addVertex(avector3f[2].x(), avector3f[2].y(), avector3f[2].z()).setColor(this.rCol, this.gCol, this.bCol, alphaLerp).setUv(f7, f5).setOverlay(OverlayTexture.NO_OVERLAY).setLight(j).setNormal(posestack$pose, 0.0f, -1.0f, 0.0f);
                                                                                                             ^
  symbol: variable gCol
G:\Proyectos\Mods_Minecraft\the_sundering\neoforge\26.2\src\main\java\com\skd\thesundering\client\particle\EM_PulseParticle.java:108: error: cannot find symbol
        portalStatic.addVertex(avector3f[2].x(), avector3f[2].y(), avector3f[2].z()).setColor(this.rCol, this.gCol, this.bCol, alphaLerp).setUv(f7, f5).setOverlay(OverlayTexture.NO_OVERLAY).setLight(j).setNormal(posestack$pose, 0.0f, -1.0f, 0.0f);
                                                                                                                        ^
  symbol: variable bCol
G:\Proyectos\Mods_Minecraft\the_sundering\neoforge\26.2\src\main\java\com\skd\thesundering\client\particle\EM_PulseParticle.java:109: error: cannot find symbol
        portalStatic.addVertex(avector3f[3].x(), avector3f[3].y(), avector3f[3].z()).setColor(this.rCol, this.gCol, this.bCol, alphaLerp).setUv(f7, f6).setOverlay(OverlayTexture.NO_OVERLAY).setLight(j).setNormal(posestack$pose, 0.0f, -1.0f, 0.0f);
                                                                                                  ^
  symbol: variable rCol
G:\Proyectos\Mods_Minecraft\the_sundering\neoforge\26.2\src\main\java\com\skd\thesundering\client\particle\EM_PulseParticle.java:109: error: cannot find symbol
        portalStatic.addVertex(avector3f[3].x(), avector3f[3].y(), avector3f[3].z()).setColor(this.rCol, this.gCol, this.bCol, alphaLerp).setUv(f7, f6).setOverlay(OverlayTexture.NO_OVERLAY).setLight(j).setNormal(posestack$pose, 0.0f, -1.0f, 0.0f);
                                                                                                             ^
  symbol: variable gCol
G:\Proyectos\Mods_Minecraft\the_sundering\neoforge\26.2\src\main\java\com\skd\thesundering\client\particle\EM_PulseParticle.java:109: error: cannot find symbol
        portalStatic.addVertex(avector3f[3].x(), avector3f[3].y(), avector3f[3].z()).setColor(this.rCol, this.gCol, this.bCol, alphaLerp).setUv(f7, f6).setOverlay(OverlayTexture.NO_OVERLAY).setLight(j).setNormal(posestack$pose, 0.0f, -1.0f, 0.0f);
                                                                                                                        ^
  symbol: variable bCol
G:\Proyectos\Mods_Minecraft\the_sundering\neoforge\26.2\src\main\java\com\skd\thesundering\client\particle\EM_PulseParticle.java:113: error: cannot find symbol
        return ParticleRenderType.CUSTOM;
                                 ^
  symbol:   variable CUSTOM
  location: class ParticleRenderType
G:\Proyectos\Mods_Minecraft\the_sundering\neoforge\26.2\src\main\java\com\skd\thesundering\client\particle\EM_PulseParticle.java:116: error: Factory is not abstract and does not override abstract method createParticle(SimpleParticleType,ClientLevel,double,double,double,double,double,double,RandomSource) in ParticleProvider
    public static class Factory
                  ^
G:\Proyectos\Mods_Minecraft\the_sundering\neoforge\26.2\src\main\java\com\skd\thesundering\client\particle\FlameJetParticle.java:41: error: FlameJetParticle is not abstract and does not override abstract method getLayer() in SingleQuadParticle
public class FlameJetParticle
       ^
G:\Proyectos\Mods_Minecraft\the_sundering\neoforge\26.2\src\main\java\com\skd\thesundering\client\particle\FlameJetParticle.java:46: error: no suitable constructor found for SingleQuadParticle(ClientLevel,double,double,double,double,double,double)
        super(world, x, y, z, xSpeed, ySpeed, zSpeed);
        ^
    constructor SingleQuadParticle.SingleQuadParticle(ClientLevel,double,double,double,TextureAtlasSprite) is not applicable
      (actual and formal argument lists differ in length)
    constructor SingleQuadParticle.SingleQuadParticle(ClientLevel,double,double,double,double,double,double,TextureAtlasSprite) is not applicable
      (actual and formal argument lists differ in length)
G:\Proyectos\Mods_Minecraft\the_sundering\neoforge\26.2\src\main\java\com\skd\thesundering\client\particle\FlameJetParticle.java:69: error: cannot find symbol
        Vec3 vec3 = camera.getPosition();
                          ^
  symbol:   method getPosition()
  location: variable camera of type Camera
G:\Proyectos\Mods_Minecraft\the_sundering\neoforge\26.2\src\main\java\com\skd\thesundering\client\particle\FlameJetParticle.java:74: error: cannot find symbol
        quaternionf.rotateY((float)Math.toRadians(-camera.getYRot()));
                                                         ^
  symbol:   method getYRot()
  location: variable camera of type Camera
G:\Proyectos\Mods_Minecraft\the_sundering\neoforge\26.2\src\main\java\com\skd\thesundering\client\particle\FlameJetParticle.java:97: error: cannot find symbol
        int i = super.getLightColor(p_106821_);
                     ^
  symbol: method getLightColor(float)
G:\Proyectos\Mods_Minecraft\the_sundering\neoforge\26.2\src\main\java\com\skd\thesundering\client\particle\FlameJetParticle.java:107: error: cannot find symbol
        return ParticleRenderType.PARTICLE_SHEET_TRANSLUCENT;
                                 ^
  symbol:   variable PARTICLE_SHEET_TRANSLUCENT
  location: class ParticleRenderType
G:\Proyectos\Mods_Minecraft\the_sundering\neoforge\26.2\src\main\java\com\skd\thesundering\client\particle\FlameJetParticle.java:111: error: Factory is not abstract and does not override abstract method createParticle(SimpleParticleType,ClientLevel,double,double,double,double,double,double,RandomSource) in ParticleProvider
    public static class Factory
                  ^
G:\Proyectos\Mods_Minecraft\the_sundering\neoforge\26.2\src\main\java\com\skd\thesundering\client\particle\SpinTrailParticle.java:25: error: SpinTrailParticle is not abstract and does not override abstract method getGroup() in Particle
public class SpinTrailParticle
       ^
G:\Proyectos\Mods_Minecraft\the_sundering\neoforge\26.2\src\main\java\com\skd\thesundering\client\particle\SpinTrailParticle.java:105: error: Factory is not abstract and does not override abstract method createParticle(SpinTrailParticleOptions,ClientLevel,double,double,double,double,double,double,RandomSource) in ParticleProvider
    public static class Factory
                  ^
G:\Proyectos\Mods_Minecraft\the_sundering\neoforge\26.2\src\main\java\com\skd\thesundering\client\particle\Gathering_Water_Particle.java:44: error: cannot find symbol
        this.alpha = 1.0f;
            ^
  symbol: variable alpha
G:\Proyectos\Mods_Minecraft\the_sundering\neoforge\26.2\src\main\java\com\skd\thesundering\client\particle\Gathering_Water_Particle.java:112: error: Factory is not abstract and does not override abstract method createParticle(GatheringWaterParticleOptions,ClientLevel,double,double,double,double,double,double,RandomSource) in ParticleProvider
    public static class Factory
                  ^
G:\Proyectos\Mods_Minecraft\the_sundering\neoforge\26.2\src\main\java\com\skd\thesundering\client\particle\Options\GatheringWaterParticleOptions.java:37: error: cannot find symbol
    public static MapCodec<GatheringWaterParticleOptions> MAP_CODEC = RecordCodecBuilder.mapCodec(object -> object.group((App)Codec.FLOAT.fieldOf("r").forGetter(p -> Float.valueOf(p.r)), (App)Codec.FLOAT.fieldOf("g").forGetter(p -> Float.valueOf(p.g)), (App)Codec.FLOAT.fieldOf("b").forGetter(p -> Float.valueOf(p.b))).apply((Applicative)object, GatheringWaterParticleOptions::new));
                                                                                                                                                                                     ^
  symbol:   variable r
  location: variable p of type Object
G:\Proyectos\Mods_Minecraft\the_sundering\neoforge\26.2\src\main\java\com\skd\thesundering\client\particle\Options\GatheringWaterParticleOptions.java:37: error: cannot find symbol
    public static MapCodec<GatheringWaterParticleOptions> MAP_CODEC = RecordCodecBuilder.mapCodec(object -> object.group((App)Codec.FLOAT.fieldOf("r").forGetter(p -> Float.valueOf(p.r)), (App)Codec.FLOAT.fieldOf("g").forGetter(p -> Float.valueOf(p.g)), (App)Codec.FLOAT.fieldOf("b").forGetter(p -> Float.valueOf(p.b))).apply((Applicative)object, GatheringWaterParticleOptions::new));
                                                                                                                                                                                                                                                       ^
  symbol:   variable g
  location: variable p of type Object
G:\Proyectos\Mods_Minecraft\the_sundering\neoforge\26.2\src\main\java\com\skd\thesundering\client\particle\Options\GatheringWaterParticleOptions.java:37: error: cannot find symbol
    public static MapCodec<GatheringWaterParticleOptions> MAP_CODEC = RecordCodecBuilder.mapCodec(object -> object.group((App)Codec.FLOAT.fieldOf("r").forGetter(p -> Float.valueOf(p.r)), (App)Codec.FLOAT.fieldOf("g").forGetter(p -> Float.valueOf(p.g)), (App)Codec.FLOAT.fieldOf("b").forGetter(p -> Float.valueOf(p.b))).apply((Applicative)object, GatheringWaterParticleOptions::new));
                                                                                                                                                                                                                                                                                                                         ^
  symbol:   variable b
  location: variable p of type Object
G:\Proyectos\Mods_Minecraft\the_sundering\neoforge\26.2\src\main\java\com\skd\thesundering\client\particle\Options\GatheringWaterParticleOptions.java:37: error: no suitable method found for apply(Applicative,GatheringW[...]::new)
    public static MapCodec<GatheringWaterParticleOptions> MAP_CODEC = RecordCodecBuilder.mapCodec(object -> object.group((App)Codec.FLOAT.fieldOf("r").forGetter(p -> Float.valueOf(p.r)), (App)Codec.FLOAT.fieldOf("g").forGetter(p -> Float.valueOf(p.g)), (App)Codec.FLOAT.fieldOf("b").forGetter(p -> Float.valueOf(p.b))).apply((Applicative)object, GatheringWaterParticleOptions::new));
                                                                                                                                                                                                                                                                                                                              ^
    method P3.apply(Applicative,Function3) is not applicable
      (argument mismatch; invalid constructor reference
          incompatible types: Object cannot be converted to float)
    method P3.apply(Applicative,App) is not applicable
      (argument mismatch; App is not a functional interface
          no abstract method found in interface App)
G:\Proyectos\Mods_Minecraft\the_sundering\neoforge\26.2\src\main\java\com\skd\thesundering\client\particle\Ignis_Soul_Swing_Particle.java:42: error: Provider is not abstract and does not override abstract method createParticle(IgnisSoulSwingParticleOptions,ClientLevel,double,double,double,double,double,double,RandomSource) in ParticleProvider
    public static class Provider
                  ^
G:\Proyectos\Mods_Minecraft\the_sundering\neoforge\26.2\src\main\java\com\skd\thesundering\client\particle\Options\IgnisSoulSwingParticleOptions.java:39: error: cannot find symbol
    public static MapCodec<IgnisSoulSwingParticleOptions> MAP_CODEC = RecordCodecBuilder.mapCodec(object -> object.group((App)Codec.INT.fieldOf("lifetime").forGetter(p -> p.lifetime), (App)Codec.FLOAT.fieldOf("scale").forGetter(p -> Float.valueOf(p.scale)), (App)Codec.FLOAT.fieldOf("yaw").forGetter(p -> Float.valueOf(p.yaw)), (App)Codec.FLOAT.fieldOf("pitch").forGetter(p -> Float.valueOf(p.pitch)), (App)Codec.FLOAT.fieldOf("roll").forGetter(p -> Float.valueOf(p.roll))).apply((Applicative)object, IgnisSoulSwingParticleOptions::new));
                                                                                                                                                                            ^
  symbol:   variable lifetime
  location: variable p of type Object
G:\Proyectos\Mods_Minecraft\the_sundering\neoforge\26.2\src\main\java\com\skd\thesundering\client\particle\Options\IgnisSoulSwingParticleOptions.java:39: error: cannot find symbol
    public static MapCodec<IgnisSoulSwingParticleOptions> MAP_CODEC = RecordCodecBuilder.mapCodec(object -> object.group((App)Codec.INT.fieldOf("lifetime").forGetter(p -> p.lifetime), (App)Codec.FLOAT.fieldOf("scale").forGetter(p -> Float.valueOf(p.scale)), (App)Codec.FLOAT.fieldOf("yaw").forGetter(p -> Float.valueOf(p.yaw)), (App)Codec.FLOAT.fieldOf("pitch").forGetter(p -> Float.valueOf(p.pitch)), (App)Codec.FLOAT.fieldOf("roll").forGetter(p -> Float.valueOf(p.roll))).apply((Applicative)object, IgnisSoulSwingParticleOptions::new));
                                                                                                                                                                                                                                                        ^
  symbol:   variable scale
  location: variable p of type Object
G:\Proyectos\Mods_Minecraft\the_sundering\neoforge\26.2\src\main\java\com\skd\thesundering\client\particle\Options\IgnisSoulSwingParticleOptions.java:39: error: cannot find symbol
    public static MapCodec<IgnisSoulSwingParticleOptions> MAP_CODEC = RecordCodecBuilder.mapCodec(object -> object.group((App)Codec.INT.fieldOf("lifetime").forGetter(p -> p.lifetime), (App)Codec.FLOAT.fieldOf("scale").forGetter(p -> Float.valueOf(p.scale)), (App)Codec.FLOAT.fieldOf("yaw").forGetter(p -> Float.valueOf(p.yaw)), (App)Codec.FLOAT.fieldOf("pitch").forGetter(p -> Float.valueOf(p.pitch)), (App)Codec.FLOAT.fieldOf("roll").forGetter(p -> Float.valueOf(p.roll))).apply((Applicative)object, IgnisSoulSwingParticleOptions::new));
                                                                                                                                                                                                                                                                                                                                ^
  symbol:   variable yaw
  location: variable p of type Object
G:\Proyectos\Mods_Minecraft\the_sundering\neoforge\26.2\src\main\java\com\skd\thesundering\client\particle\Options\IgnisSoulSwingParticleOptions.java:39: error: cannot find symbol
    public static MapCodec<IgnisSoulSwingParticleOptions> MAP_CODEC = RecordCodecBuilder.mapCodec(object -> object.group((App)Codec.INT.fieldOf("lifetime").forGetter(p -> p.lifetime), (App)Codec.FLOAT.fieldOf("scale").forGetter(p -> Float.valueOf(p.scale)), (App)Codec.FLOAT.fieldOf("yaw").forGetter(p -> Float.valueOf(p.yaw)), (App)Codec.FLOAT.fieldOf("pitch").forGetter(p -> Float.valueOf(p.pitch)), (App)Codec.FLOAT.fieldOf("roll").forGetter(p -> Float.valueOf(p.roll))).apply((Applicative)object, IgnisSoulSwingParticleOptions::new));
                                                                                                                                                                                                                                                                                                                                                                                                        ^
  symbol:   variable pitch
  location: variable p of type Object
G:\Proyectos\Mods_Minecraft\the_sundering\neoforge\26.2\src\main\java\com\skd\thesundering\client\particle\Options\IgnisSoulSwingParticleOptions.java:39: error: cannot find symbol
    public static MapCodec<IgnisSoulSwingParticleOptions> MAP_CODEC = RecordCodecBuilder.mapCodec(object -> object.group((App)Codec.INT.fieldOf("lifetime").forGetter(p -> p.lifetime), (App)Codec.FLOAT.fieldOf("scale").forGetter(p -> Float.valueOf(p.scale)), (App)Codec.FLOAT.fieldOf("yaw").forGetter(p -> Float.valueOf(p.yaw)), (App)Codec.FLOAT.fieldOf("pitch").forGetter(p -> Float.valueOf(p.pitch)), (App)Codec.FLOAT.fieldOf("roll").forGetter(p -> Float.valueOf(p.roll))).apply((Applicative)object, IgnisSoulSwingParticleOptions::new));
                                                                                                                                                                                                                                                                                                                                                                                                                                                                                 ^
  symbol:   variable roll
  location: variable p of type Object
G:\Proyectos\Mods_Minecraft\the_sundering\neoforge\26.2\src\main\java\com\skd\thesundering\client\particle\Options\IgnisSoulSwingParticleOptions.java:39: error: no suitable method found for apply(Applicative,IgnisSoulS[...]::new)
    public static MapCodec<IgnisSoulSwingParticleOptions> MAP_CODEC = RecordCodecBuilder.mapCodec(object -> object.group((App)Codec.INT.fieldOf("lifetime").forGetter(p -> p.lifetime), (App)Codec.FLOAT.fieldOf("scale").forGetter(p -> Float.valueOf(p.scale)), (App)Codec.FLOAT.fieldOf("yaw").forGetter(p -> Float.valueOf(p.yaw)), (App)Codec.FLOAT.fieldOf("pitch").forGetter(p -> Float.valueOf(p.pitch)), (App)Codec.FLOAT.fieldOf("roll").forGetter(p -> Float.valueOf(p.roll))).apply((Applicative)object, IgnisSoulSwingParticleOptions::new));
                                                                                                                                                                                                                                                                                                                                                                                                                                                                                         ^
    method P5.apply(Applicative,Function5) is not applicable
      (argument mismatch; invalid constructor reference
          incompatible types: Object cannot be converted to int)
    method P5.apply(Applicative,App) is not applicable
      (argument mismatch; App is not a functional interface
          no abstract method found in interface App)
G:\Proyectos\Mods_Minecraft\the_sundering\neoforge\26.2\src\main\java\com\skd\thesundering\client\particle\Ignis_Swing_Particle.java:30: error: Provider is not abstract and does not override abstract method createParticle(IgnisSwingParticleOptions,ClientLevel,double,double,double,double,double,double,RandomSource) in ParticleProvider
    public static class Provider
                  ^
G:\Proyectos\Mods_Minecraft\the_sundering\neoforge\26.2\src\main\java\com\skd\thesundering\client\particle\Options\IgnisSwingParticleOptions.java:39: error: cannot find symbol
    public static MapCodec<IgnisSwingParticleOptions> MAP_CODEC = RecordCodecBuilder.mapCodec(object -> object.group((App)Codec.INT.fieldOf("lifetime").forGetter(p -> p.lifetime), (App)Codec.FLOAT.fieldOf("scale").forGetter(p -> Float.valueOf(p.scale)), (App)Codec.FLOAT.fieldOf("yaw").forGetter(p -> Float.valueOf(p.yaw)), (App)Codec.FLOAT.fieldOf("pitch").forGetter(p -> Float.valueOf(p.pitch)), (App)Codec.FLOAT.fieldOf("roll").forGetter(p -> Float.valueOf(p.roll))).apply((Applicative)object, IgnisSwingParticleOptions::new));
                                                                                                                                                                        ^
  symbol:   variable lifetime
  location: variable p of type Object
G:\Proyectos\Mods_Minecraft\the_sundering\neoforge\26.2\src\main\java\com\skd\thesundering\client\particle\Options\IgnisSwingParticleOptions.java:39: error: cannot find symbol
    public static MapCodec<IgnisSwingParticleOptions> MAP_CODEC = RecordCodecBuilder.mapCodec(object -> object.group((App)Codec.INT.fieldOf("lifetime").forGetter(p -> p.lifetime), (App)Codec.FLOAT.fieldOf("scale").forGetter(p -> Float.valueOf(p.scale)), (App)Codec.FLOAT.fieldOf("yaw").forGetter(p -> Float.valueOf(p.yaw)), (App)Codec.FLOAT.fieldOf("pitch").forGetter(p -> Float.valueOf(p.pitch)), (App)Codec.FLOAT.fieldOf("roll").forGetter(p -> Float.valueOf(p.roll))).apply((Applicative)object, IgnisSwingParticleOptions::new));
                                                                                                                                                                                                                                                    ^
  symbol:   variable scale
  location: variable p of type Object
G:\Proyectos\Mods_Minecraft\the_sundering\neoforge\26.2\src\main\java\com\skd\thesundering\client\particle\Options\IgnisSwingParticleOptions.java:39: error: cannot find symbol
    public static MapCodec<IgnisSwingParticleOptions> MAP_CODEC = RecordCodecBuilder.mapCodec(object -> object.group((App)Codec.INT.fieldOf("lifetime").forGetter(p -> p.lifetime), (App)Codec.FLOAT.fieldOf("scale").forGetter(p -> Float.valueOf(p.scale)), (App)Codec.FLOAT.fieldOf("yaw").forGetter(p -> Float.valueOf(p.yaw)), (App)Codec.FLOAT.fieldOf("pitch").forGetter(p -> Float.valueOf(p.pitch)), (App)Codec.FLOAT.fieldOf("roll").forGetter(p -> Float.valueOf(p.roll))).apply((Applicative)object, IgnisSwingParticleOptions::new));
                                                                                                                                                                                                                                                                                                                            ^
  symbol:   variable yaw
  location: variable p of type Object
G:\Proyectos\Mods_Minecraft\the_sundering\neoforge\26.2\src\main\java\com\skd\thesundering\client\particle\Options\IgnisSwingParticleOptions.java:39: error: cannot find symbol
    public static MapCodec<IgnisSwingParticleOptions> MAP_CODEC = RecordCodecBuilder.mapCodec(object -> object.group((App)Codec.INT.fieldOf("lifetime").forGetter(p -> p.lifetime), (App)Codec.FLOAT.fieldOf("scale").forGetter(p -> Float.valueOf(p.scale)), (App)Codec.FLOAT.fieldOf("yaw").forGetter(p -> Float.valueOf(p.yaw)), (App)Codec.FLOAT.fieldOf("pitch").forGetter(p -> Float.valueOf(p.pitch)), (App)Codec.FLOAT.fieldOf("roll").forGetter(p -> Float.valueOf(p.roll))).apply((Applicative)object, IgnisSwingParticleOptions::new));
                                                                                                                                                                                                                                                                                                                                                                                                    ^
  symbol:   variable pitch
  location: variable p of type Object
G:\Proyectos\Mods_Minecraft\the_sundering\neoforge\26.2\src\main\java\com\skd\thesundering\client\particle\Options\IgnisSwingParticleOptions.java:39: error: cannot find symbol
    public static MapCodec<IgnisSwingParticleOptions> MAP_CODEC = RecordCodecBuilder.mapCodec(object -> object.group((App)Codec.INT.fieldOf("lifetime").forGetter(p -> p.lifetime), (App)Codec.FLOAT.fieldOf("scale").forGetter(p -> Float.valueOf(p.scale)), (App)Codec.FLOAT.fieldOf("yaw").forGetter(p -> Float.valueOf(p.yaw)), (App)Codec.FLOAT.fieldOf("pitch").forGetter(p -> Float.valueOf(p.pitch)), (App)Codec.FLOAT.fieldOf("roll").forGetter(p -> Float.valueOf(p.roll))).apply((Applicative)object, IgnisSwingParticleOptions::new));
                                                                                                                                                                                                                                                                                                                                                                                                                                                                             ^
  symbol:   variable roll
  location: variable p of type Object
G:\Proyectos\Mods_Minecraft\the_sundering\neoforge\26.2\src\main\java\com\skd\thesundering\client\particle\Options\IgnisSwingParticleOptions.java:39: error: no suitable method found for apply(Applicative,IgnisSwing[...]::new)
    public static MapCodec<IgnisSwingParticleOptions> MAP_CODEC = RecordCodecBuilder.mapCodec(object -> object.group((App)Codec.INT.fieldOf("lifetime").forGetter(p -> p.lifetime), (App)Codec.FLOAT.fieldOf("scale").forGetter(p -> Float.valueOf(p.scale)), (App)Codec.FLOAT.fieldOf("yaw").forGetter(p -> Float.valueOf(p.yaw)), (App)Codec.FLOAT.fieldOf("pitch").forGetter(p -> Float.valueOf(p.pitch)), (App)Codec.FLOAT.fieldOf("roll").forGetter(p -> Float.valueOf(p.roll))).apply((Applicative)object, IgnisSwingParticleOptions::new));
                                                                                                                                                                                                                                                                                                                                                                                                                                                                                     ^
    method P5.apply(Applicative,Function5) is not applicable
      (argument mismatch; invalid constructor reference
          incompatible types: Object cannot be converted to int)
    method P5.apply(Applicative,App) is not applicable
      (argument mismatch; App is not a functional interface
          no abstract method found in interface App)
G:\Proyectos\Mods_Minecraft\the_sundering\neoforge\26.2\src\main\java\com\skd\thesundering\client\particle\LightningExplodeParticle.java:23: error: LightningExplodeParticle is not abstract and does not override abstract method getLayer() in SingleQuadParticle
public class LightningExplodeParticle
       ^
G:\Proyectos\Mods_Minecraft\the_sundering\neoforge\26.2\src\main\java\com\skd\thesundering\client\particle\LightningExplodeParticle.java:28: error: no suitable constructor found for SingleQuadParticle(ClientLevel,double,double,double,double,double,double)
        super(world, x, y, z, xSpeed, ySpeed, zSpeed);
        ^
    constructor SingleQuadParticle.SingleQuadParticle(ClientLevel,double,double,double,TextureAtlasSprite) is not applicable
      (actual and formal argument lists differ in length)
    constructor SingleQuadParticle.SingleQuadParticle(ClientLevel,double,double,double,double,double,double,TextureAtlasSprite) is not applicable
      (actual and formal argument lists differ in length)
G:\Proyectos\Mods_Minecraft\the_sundering\neoforge\26.2\src\main\java\com\skd\thesundering\client\particle\LightningExplodeParticle.java:51: error: cannot find symbol
        return ParticleRenderType.PARTICLE_SHEET_LIT;
                                 ^
  symbol:   variable PARTICLE_SHEET_LIT
  location: class ParticleRenderType
G:\Proyectos\Mods_Minecraft\the_sundering\neoforge\26.2\src\main\java\com\skd\thesundering\client\particle\LightningExplodeParticle.java:62: error: FlareFactory is not abstract and does not override abstract method createParticle(SimpleParticleType,ClientLevel,double,double,double,double,double,double,RandomSource) in ParticleProvider
    public static class FlareFactory
                  ^
G:\Proyectos\Mods_Minecraft\the_sundering\neoforge\26.2\src\main\java\com\skd\thesundering\client\particle\LightningParticle.java:42: error: LightningParticle is not abstract and does not override abstract method getGroup() in Particle
public class LightningParticle
       ^
G:\Proyectos\Mods_Minecraft\the_sundering\neoforge\26.2\src\main\java\com\skd\thesundering\client\particle\LightningParticle.java:57: error: cannot find symbol
        this.rCol = r;
            ^
  symbol: variable rCol
G:\Proyectos\Mods_Minecraft\the_sundering\neoforge\26.2\src\main\java\com\skd\thesundering\client\particle\LightningParticle.java:58: error: cannot find symbol
        this.gCol = g;
            ^
  symbol: variable gCol
G:\Proyectos\Mods_Minecraft\the_sundering\neoforge\26.2\src\main\java\com\skd\thesundering\client\particle\LightningParticle.java:59: error: cannot find symbol
        this.bCol = b;
            ^
  symbol: variable bCol
G:\Proyectos\Mods_Minecraft\the_sundering\neoforge\26.2\src\main\java\com\skd\thesundering\client\particle\LightningParticle.java:63: error: cannot find symbol
        return ParticleRenderType.CUSTOM;
                                 ^
  symbol:   variable CUSTOM
  location: class ParticleRenderType
G:\Proyectos\Mods_Minecraft\the_sundering\neoforge\26.2\src\main\java\com\skd\thesundering\client\particle\LightningParticle.java:67: error: cannot find symbol
        Vec3 vec3 = camera.getPosition();
                          ^
  symbol:   method getPosition()
  location: variable camera of type Camera
G:\Proyectos\Mods_Minecraft\the_sundering\neoforge\26.2\src\main\java\com\skd\thesundering\client\particle\LightningParticle.java:69: error: package MultiBufferSource does not exist
        MultiBufferSource.BufferSource multibuffersource$buffersource = Minecraft.getInstance().renderBuffers().bufferSource();
                         ^
G:\Proyectos\Mods_Minecraft\the_sundering\neoforge\26.2\src\main\java\com\skd\thesundering\client\particle\LightningParticle.java:69: error: cannot find symbol
        MultiBufferSource.BufferSource multibuffersource$buffersource = Minecraft.getInstance().renderBuffers().bufferSource();
                                                                                               ^
  symbol:   method renderBuffers()
  location: class Minecraft
G:\Proyectos\Mods_Minecraft\the_sundering\neoforge\26.2\src\main\java\com\skd\thesundering\client\particle\LightningParticle.java:79: error: cannot find symbol
        LightningBoltData.BoltRenderInfo lightningBoltData = new LightningBoltData.BoltRenderInfo(0.5f, 0.1f, 0.5f, 0.85f, new Vector4f(this.rCol / 255.0f, this.gCol / 255.0f, this.bCol / 255.0f, (1.0f - ageProgress) * 0.8f), 0.1f);
                                                                                                                                            ^
  symbol: variable rCol
G:\Proyectos\Mods_Minecraft\the_sundering\neoforge\26.2\src\main\java\com\skd\thesundering\client\particle\LightningParticle.java:79: error: cannot find symbol
        LightningBoltData.BoltRenderInfo lightningBoltData = new LightningBoltData.BoltRenderInfo(0.5f, 0.1f, 0.5f, 0.85f, new Vector4f(this.rCol / 255.0f, this.gCol / 255.0f, this.bCol / 255.0f, (1.0f - ageProgress) * 0.8f), 0.1f);
                                                                                                                                                                ^
  symbol: variable gCol
G:\Proyectos\Mods_Minecraft\the_sundering\neoforge\26.2\src\main\java\com\skd\thesundering\client\particle\LightningParticle.java:79: error: cannot find symbol
        LightningBoltData.BoltRenderInfo lightningBoltData = new LightningBoltData.BoltRenderInfo(0.5f, 0.1f, 0.5f, 0.85f, new Vector4f(this.rCol / 255.0f, this.gCol / 255.0f, this.bCol / 255.0f, (1.0f - ageProgress) * 0.8f), 0.1f);
                                                                                                                                                                                    ^
  symbol: variable bCol
G:\Proyectos\Mods_Minecraft\the_sundering\neoforge\26.2\src\main\java\com\skd\thesundering\client\particle\LightningParticle.java:82: error: cannot find symbol
        this.lightningRender.render(partialTick, posestack, (MultiBufferSource)multibuffersource$buffersource);
                                                             ^
  symbol:   class MultiBufferSource
  location: class LightningParticle
G:\Proyectos\Mods_Minecraft\the_sundering\neoforge\26.2\src\main\java\com\skd\thesundering\client\particle\LightningParticle.java:87: error: Factory is not abstract and does not override abstract method createParticle(LightningParticleOptions,ClientLevel,double,double,double,double,double,double,RandomSource) in ParticleProvider
    public static class Factory
                  ^
G:\Proyectos\Mods_Minecraft\the_sundering\neoforge\26.2\src\main\java\com\skd\thesundering\client\particle\Options\LightningParticleOptions.java:37: error: cannot find symbol
    public static MapCodec<LightningParticleOptions> MAP_CODEC = RecordCodecBuilder.mapCodec(object -> object.group((App)Codec.INT.fieldOf("r").forGetter(p -> p.r), (App)Codec.INT.fieldOf("g").forGetter(p -> p.g), (App)Codec.INT.fieldOf("b").forGetter(p -> p.b)).apply((Applicative)object, LightningParticleOptions::new));
                                                                                                                                                                ^
  symbol:   variable r
  location: variable p of type Object
G:\Proyectos\Mods_Minecraft\the_sundering\neoforge\26.2\src\main\java\com\skd\thesundering\client\particle\Options\LightningParticleOptions.java:37: error: cannot find symbol
    public static MapCodec<LightningParticleOptions> MAP_CODEC = RecordCodecBuilder.mapCodec(object -> object.group((App)Codec.INT.fieldOf("r").forGetter(p -> p.r), (App)Codec.INT.fieldOf("g").forGetter(p -> p.g), (App)Codec.INT.fieldOf("b").forGetter(p -> p.b)).apply((Applicative)object, LightningParticleOptions::new));
                                                                                                                                                                                                                 ^
  symbol:   variable g
  location: variable p of type Object
G:\Proyectos\Mods_Minecraft\the_sundering\neoforge\26.2\src\main\java\com\skd\thesundering\client\particle\Options\LightningParticleOptions.java:37: error: cannot find symbol
    public static MapCodec<LightningParticleOptions> MAP_CODEC = RecordCodecBuilder.mapCodec(object -> object.group((App)Codec.INT.fieldOf("r").forGetter(p -> p.r), (App)Codec.INT.fieldOf("g").forGetter(p -> p.g), (App)Codec.INT.fieldOf("b").forGetter(p -> p.b)).apply((Applicative)object, LightningParticleOptions::new));
                                                                                                                                                                                                                                                                  ^
  symbol:   variable b
  location: variable p of type Object
G:\Proyectos\Mods_Minecraft\the_sundering\neoforge\26.2\src\main\java\com\skd\thesundering\client\particle\Options\LightningParticleOptions.java:37: error: no suitable method found for apply(Applicative,LightningP[...]::new)
    public static MapCodec<LightningParticleOptions> MAP_CODEC = RecordCodecBuilder.mapCodec(object -> object.group((App)Codec.INT.fieldOf("r").forGetter(p -> p.r), (App)Codec.INT.fieldOf("g").forGetter(p -> p.g), (App)Codec.INT.fieldOf("b").forGetter(p -> p.b)).apply((Applicative)object, LightningParticleOptions::new));
                                                                                                                                                                                                                                                                      ^
    method P3.apply(Applicative,Function3) is not applicable
      (argument mismatch; invalid constructor reference
          incompatible types: Object cannot be converted to int)
    method P3.apply(Applicative,App) is not applicable
      (argument mismatch; App is not a functional interface
          no abstract method found in interface App)
G:\Proyectos\Mods_Minecraft\the_sundering\neoforge\26.2\src\main\java\com\skd\thesundering\client\particle\LightningStormParticle.java:40: error: LightningStormParticle is not abstract and does not override abstract method getLayer() in SingleQuadParticle
public class LightningStormParticle
       ^
G:\Proyectos\Mods_Minecraft\the_sundering\neoforge\26.2\src\main\java\com\skd\thesundering\client\particle\LightningStormParticle.java:45: error: no suitable constructor found for SingleQuadParticle(ClientLevel,double,double,double,double,double,double)
        super(world, x, y, z, xSpeed, ySpeed, zSpeed);
        ^
    constructor SingleQuadParticle.SingleQuadParticle(ClientLevel,double,double,double,TextureAtlasSprite) is not applicable
      (actual and formal argument lists differ in length)
    constructor SingleQuadParticle.SingleQuadParticle(ClientLevel,double,double,double,double,double,double,TextureAtlasSprite) is not applicable
      (actual and formal argument lists differ in length)
G:\Proyectos\Mods_Minecraft\the_sundering\neoforge\26.2\src\main\java\com\skd\thesundering\client\particle\LightningStormParticle.java:68: error: cannot find symbol
        Vec3 vec3 = camera.getPosition();
                          ^
  symbol:   method getPosition()
  location: variable camera of type Camera
G:\Proyectos\Mods_Minecraft\the_sundering\neoforge\26.2\src\main\java\com\skd\thesundering\client\particle\LightningStormParticle.java:73: error: cannot find symbol
        quaternionf.rotateY((float)Math.toRadians(-camera.getYRot()));
                                                         ^
  symbol:   method getYRot()
  location: variable camera of type Camera
G:\Proyectos\Mods_Minecraft\the_sundering\neoforge\26.2\src\main\java\com\skd\thesundering\client\particle\LightningStormParticle.java:96: error: cannot find symbol
        int i = super.getLightColor(p_106821_);
                     ^
  symbol: method getLightColor(float)
G:\Proyectos\Mods_Minecraft\the_sundering\neoforge\26.2\src\main\java\com\skd\thesundering\client\particle\LightningStormParticle.java:106: error: cannot find symbol
        return ParticleRenderType.PARTICLE_SHEET_TRANSLUCENT;
                                 ^
  symbol:   variable PARTICLE_SHEET_TRANSLUCENT
  location: class ParticleRenderType
G:\Proyectos\Mods_Minecraft\the_sundering\neoforge\26.2\src\main\java\com\skd\thesundering\client\particle\LightningStormParticle.java:110: error: Factory is not abstract and does not override abstract method createParticle(LightningStormParticleOptions,ClientLevel,double,double,double,double,double,double,RandomSource) in ParticleProvider
    public static class Factory
                  ^
G:\Proyectos\Mods_Minecraft\the_sundering\neoforge\26.2\src\main\java\com\skd\thesundering\client\particle\Options\LightningStormParticleOptions.java:33: error: cannot find symbol
    public static MapCodec<LightningStormParticleOptions> MAP_CODEC = RecordCodecBuilder.mapCodec(object -> object.group((App)Codec.FLOAT.fieldOf("size").forGetter(p -> Float.valueOf(p.size))).apply((Applicative)object, LightningStormParticleOptions::new));
                                                                                                                                                                                        ^
  symbol:   variable size
  location: variable p of type Object
G:\Proyectos\Mods_Minecraft\the_sundering\neoforge\26.2\src\main\java\com\skd\thesundering\client\particle\Options\LightningStormParticleOptions.java:33: error: no suitable method found for apply(Applicative,LightningS[...]::new)
    public static MapCodec<LightningStormParticleOptions> MAP_CODEC = RecordCodecBuilder.mapCodec(object -> object.group((App)Codec.FLOAT.fieldOf("size").forGetter(p -> Float.valueOf(p.size))).apply((Applicative)object, LightningStormParticleOptions::new));
                                                                                                                                                                                                ^
    method P1.apply(Applicative,Function) is not applicable
      (argument mismatch; invalid constructor reference
          incompatible types: Object cannot be converted to float)
    method P1.apply(Applicative,App) is not applicable
      (argument mismatch; App is not a functional interface
          no abstract method found in interface App)
G:\Proyectos\Mods_Minecraft\the_sundering\neoforge\26.2\src\main\java\com\skd\thesundering\client\particle\Lightning_Zap_Particle.java:27: error: Lightning_Zap_Particle is not abstract and does not override abstract method getLayer() in SingleQuadParticle
public class Lightning_Zap_Particle
       ^
G:\Proyectos\Mods_Minecraft\the_sundering\neoforge\26.2\src\main\java\com\skd\thesundering\client\particle\Lightning_Zap_Particle.java:35: error: no suitable constructor found for SingleQuadParticle(ClientLevel,double,double,double)
        super(level, x, y, z);
        ^
    constructor SingleQuadParticle.SingleQuadParticle(ClientLevel,double,double,double,TextureAtlasSprite) is not applicable
      (actual and formal argument lists differ in length)
    constructor SingleQuadParticle.SingleQuadParticle(ClientLevel,double,double,double,double,double,double,TextureAtlasSprite) is not applicable
      (actual and formal argument lists differ in length)
G:\Proyectos\Mods_Minecraft\the_sundering\neoforge\26.2\src\main\java\com\skd\thesundering\client\particle\Lightning_Zap_Particle.java:48: error: random has protected access in Level
        this.quadSize = 0.25f + level.random.nextFloat() * 0.15f;
                                     ^
G:\Proyectos\Mods_Minecraft\the_sundering\neoforge\26.2\src\main\java\com\skd\thesundering\client\particle\Lightning_Zap_Particle.java:54: error: cannot find symbol
        return ParticleRenderType.PARTICLE_SHEET_OPAQUE;
                                 ^
  symbol:   variable PARTICLE_SHEET_OPAQUE
  location: class ParticleRenderType
G:\Proyectos\Mods_Minecraft\the_sundering\neoforge\26.2\src\main\java\com\skd\thesundering\client\particle\Lightning_Zap_Particle.java:76: error: Provider is not abstract and does not override abstract method createParticle(LightningZapParticleOptions,ClientLevel,double,double,double,double,double,double,RandomSource) in ParticleProvider
    public static class Provider
                  ^
G:\Proyectos\Mods_Minecraft\the_sundering\neoforge\26.2\src\main\java\com\skd\thesundering\client\particle\Options\LightningZapParticleOptions.java:38: error: cannot find symbol
    public static MapCodec<LightningZapParticleOptions> MAP_CODEC = RecordCodecBuilder.mapCodec(object -> object.group((App)Codec.INT.fieldOf("r").forGetter(p -> p.r), (App)Codec.INT.fieldOf("g").forGetter(p -> p.g), (App)Codec.INT.fieldOf("b").forGetter(p -> p.b), (App)Codec.FLOAT.fieldOf("gravity").forGetter(p -> Float.valueOf(p.gravity))).apply((Applicative)object, LightningZapParticleOptions::new));
                                                                                                                                                                   ^
  symbol:   variable r
  location: variable p of type Object
G:\Proyectos\Mods_Minecraft\the_sundering\neoforge\26.2\src\main\java\com\skd\thesundering\client\particle\Options\LightningZapParticleOptions.java:38: error: cannot find symbol
    public static MapCodec<LightningZapParticleOptions> MAP_CODEC = RecordCodecBuilder.mapCodec(object -> object.group((App)Codec.INT.fieldOf("r").forGetter(p -> p.r), (App)Codec.INT.fieldOf("g").forGetter(p -> p.g), (App)Codec.INT.fieldOf("b").forGetter(p -> p.b), (App)Codec.FLOAT.fieldOf("gravity").forGetter(p -> Float.valueOf(p.gravity))).apply((Applicative)object, LightningZapParticleOptions::new));
                                                                                                                                                                                                                    ^
  symbol:   variable g
  location: variable p of type Object
G:\Proyectos\Mods_Minecraft\the_sundering\neoforge\26.2\src\main\java\com\skd\thesundering\client\particle\Options\LightningZapParticleOptions.java:38: error: cannot find symbol
    public static MapCodec<LightningZapParticleOptions> MAP_CODEC = RecordCodecBuilder.mapCodec(object -> object.group((App)Codec.INT.fieldOf("r").forGetter(p -> p.r), (App)Codec.INT.fieldOf("g").forGetter(p -> p.g), (App)Codec.INT.fieldOf("b").forGetter(p -> p.b), (App)Codec.FLOAT.fieldOf("gravity").forGetter(p -> Float.valueOf(p.gravity))).apply((Applicative)object, LightningZapParticleOptions::new));
                                                                                                                                                                                                                                                                     ^
  symbol:   variable b
  location: variable p of type Object
G:\Proyectos\Mods_Minecraft\the_sundering\neoforge\26.2\src\main\java\com\skd\thesundering\client\particle\Options\LightningZapParticleOptions.java:38: error: cannot find symbol
    public static MapCodec<LightningZapParticleOptions> MAP_CODEC = RecordCodecBuilder.mapCodec(object -> object.group((App)Codec.INT.fieldOf("r").forGetter(p -> p.r), (App)Codec.INT.fieldOf("g").forGetter(p -> p.g), (App)Codec.INT.fieldOf("b").forGetter(p -> p.b), (App)Codec.FLOAT.fieldOf("gravity").forGetter(p -> Float.valueOf(p.gravity))).apply((Applicative)object, LightningZapParticleOptions::new));
                                                                                                                                                                                                                                                                                                                                            ^
  symbol:   variable gravity
  location: variable p of type Object
G:\Proyectos\Mods_Minecraft\the_sundering\neoforge\26.2\src\main\java\com\skd\thesundering\client\particle\Options\LightningZapParticleOptions.java:38: error: no suitable method found for apply(Applicative,LightningZ[...]::new)
    public static MapCodec<LightningZapParticleOptions> MAP_CODEC = RecordCodecBuilder.mapCodec(object -> object.group((App)Codec.INT.fieldOf("r").forGetter(p -> p.r), (App)Codec.INT.fieldOf("g").forGetter(p -> p.g), (App)Codec.INT.fieldOf("b").forGetter(p -> p.b), (App)Codec.FLOAT.fieldOf("gravity").forGetter(p -> Float.valueOf(p.gravity))).apply((Applicative)object, LightningZapParticleOptions::new));
                                                                                                                                                                                                                                                                                                                                                       ^
    method P4.apply(Applicative,Function4) is not applicable
      (argument mismatch; invalid constructor reference
          incompatible types: Object cannot be converted to int)
    method P4.apply(Applicative,App) is not applicable
      (argument mismatch; App is not a functional interface
          no abstract method found in interface App)
G:\Proyectos\Mods_Minecraft\the_sundering\neoforge\26.2\src\main\java\com\skd\thesundering\client\particle\LightTrailParticle.java:32: error: LightTrailParticle is not abstract and does not override abstract method getGroup() in Particle
public class LightTrailParticle
       ^
G:\Proyectos\Mods_Minecraft\the_sundering\neoforge\26.2\src\main\java\com\skd\thesundering\client\particle\LightTrailParticle.java:122: error: Factory is not abstract and does not override abstract method createParticle(LightTrailParticleOptions,ClientLevel,double,double,double,double,double,double,RandomSource) in ParticleProvider
    public static class Factory
                  ^
G:\Proyectos\Mods_Minecraft\the_sundering\neoforge\26.2\src\main\java\com\skd\thesundering\client\particle\Options\LightTrailParticleOptions.java:40: error: cannot find symbol
    public static MapCodec<LightTrailParticleOptions> MAP_CODEC = RecordCodecBuilder.mapCodec(object -> object.group((App)Codec.FLOAT.fieldOf("r").forGetter(p -> Float.valueOf(p.r)), (App)Codec.FLOAT.fieldOf("g").forGetter(p -> Float.valueOf(p.g)), (App)Codec.FLOAT.fieldOf("b").forGetter(p -> Float.valueOf(p.b)), (App)Codec.FLOAT.fieldOf("width").forGetter(p -> Float.valueOf(p.width)), (App)Codec.FLOAT.fieldOf("height").forGetter(p -> Float.valueOf(p.height)), (App)Codec.INT.fieldOf("entityid").forGetter(p -> p.entityid)).apply((Applicative)object, LightTrailParticleOptions::new));
                                                                                                                                                                                 ^
  symbol:   variable r
  location: variable p of type Object
G:\Proyectos\Mods_Minecraft\the_sundering\neoforge\26.2\src\main\java\com\skd\thesundering\client\particle\Options\LightTrailParticleOptions.java:40: error: cannot find symbol
    public static MapCodec<LightTrailParticleOptions> MAP_CODEC = RecordCodecBuilder.mapCodec(object -> object.group((App)Codec.FLOAT.fieldOf("r").forGetter(p -> Float.valueOf(p.r)), (App)Codec.FLOAT.fieldOf("g").forGetter(p -> Float.valueOf(p.g)), (App)Codec.FLOAT.fieldOf("b").forGetter(p -> Float.valueOf(p.b)), (App)Codec.FLOAT.fieldOf("width").forGetter(p -> Float.valueOf(p.width)), (App)Codec.FLOAT.fieldOf("height").forGetter(p -> Float.valueOf(p.height)), (App)Codec.INT.fieldOf("entityid").forGetter(p -> p.entityid)).apply((Applicative)object, LightTrailParticleOptions::new));
                                                                                                                                                                                                                                                   ^
  symbol:   variable g
  location: variable p of type Object
G:\Proyectos\Mods_Minecraft\the_sundering\neoforge\26.2\src\main\java\com\skd\thesundering\client\particle\Options\LightTrailParticleOptions.java:40: error: cannot find symbol
    public static MapCodec<LightTrailParticleOptions> MAP_CODEC = RecordCodecBuilder.mapCodec(object -> object.group((App)Codec.FLOAT.fieldOf("r").forGetter(p -> Float.valueOf(p.r)), (App)Codec.FLOAT.fieldOf("g").forGetter(p -> Float.valueOf(p.g)), (App)Codec.FLOAT.fieldOf("b").forGetter(p -> Float.valueOf(p.b)), (App)Codec.FLOAT.fieldOf("width").forGetter(p -> Float.valueOf(p.width)), (App)Codec.FLOAT.fieldOf("height").forGetter(p -> Float.valueOf(p.height)), (App)Codec.INT.fieldOf("entityid").forGetter(p -> p.entityid)).apply((Applicative)object, LightTrailParticleOptions::new));
                                                                                                                                                                                                                                                                                                                     ^
  symbol:   variable b
  location: variable p of type Object
G:\Proyectos\Mods_Minecraft\the_sundering\neoforge\26.2\src\main\java\com\skd\thesundering\client\particle\Options\LightTrailParticleOptions.java:40: error: cannot find symbol
    public static MapCodec<LightTrailParticleOptions> MAP_CODEC = RecordCodecBuilder.mapCodec(object -> object.group((App)Codec.FLOAT.fieldOf("r").forGetter(p -> Float.valueOf(p.r)), (App)Codec.FLOAT.fieldOf("g").forGetter(p -> Float.valueOf(p.g)), (App)Codec.FLOAT.fieldOf("b").forGetter(p -> Float.valueOf(p.b)), (App)Codec.FLOAT.fieldOf("width").forGetter(p -> Float.valueOf(p.width)), (App)Codec.FLOAT.fieldOf("height").forGetter(p -> Float.valueOf(p.height)), (App)Codec.INT.fieldOf("entityid").forGetter(p -> p.entityid)).apply((Applicative)object, LightTrailParticleOptions::new));
                                                                                                                                                                                                                                                                                                                                                                                           ^
  symbol:   variable width
  location: variable p of type Object
G:\Proyectos\Mods_Minecraft\the_sundering\neoforge\26.2\src\main\java\com\skd\thesundering\client\particle\Options\LightTrailParticleOptions.java:40: error: cannot find symbol
    public static MapCodec<LightTrailParticleOptions> MAP_CODEC = RecordCodecBuilder.mapCodec(object -> object.group((App)Codec.FLOAT.fieldOf("r").forGetter(p -> Float.valueOf(p.r)), (App)Codec.FLOAT.fieldOf("g").forGetter(p -> Float.valueOf(p.g)), (App)Codec.FLOAT.fieldOf("b").forGetter(p -> Float.valueOf(p.b)), (App)Codec.FLOAT.fieldOf("width").forGetter(p -> Float.valueOf(p.width)), (App)Codec.FLOAT.fieldOf("height").forGetter(p -> Float.valueOf(p.height)), (App)Codec.INT.fieldOf("entityid").forGetter(p -> p.entityid)).apply((Applicative)object, LightTrailParticleOptions::new));
                                                                                                                                                                                                                                                                                                                                                                                                                                                                      ^
  symbol:   variable height
  location: variable p of type Object
G:\Proyectos\Mods_Minecraft\the_sundering\neoforge\26.2\src\main\java\com\skd\thesundering\client\particle\Options\LightTrailParticleOptions.java:40: error: cannot find symbol
    public static MapCodec<LightTrailParticleOptions> MAP_CODEC = RecordCodecBuilder.mapCodec(object -> object.group((App)Codec.FLOAT.fieldOf("r").forGetter(p -> Float.valueOf(p.r)), (App)Codec.FLOAT.fieldOf("g").forGetter(p -> Float.valueOf(p.g)), (App)Codec.FLOAT.fieldOf("b").forGetter(p -> Float.valueOf(p.b)), (App)Codec.FLOAT.fieldOf("width").forGetter(p -> Float.valueOf(p.width)), (App)Codec.FLOAT.fieldOf("height").forGetter(p -> Float.valueOf(p.height)), (App)Codec.INT.fieldOf("entityid").forGetter(p -> p.entityid)).apply((Applicative)object, LightTrailParticleOptions::new));
                                                                                                                                                                                                                                                                                                                                                                                                                                                                                                                                    ^
  symbol:   variable entityid
  location: variable p of type Object
G:\Proyectos\Mods_Minecraft\the_sundering\neoforge\26.2\src\main\java\com\skd\thesundering\client\particle\Options\LightTrailParticleOptions.java:40: error: no suitable method found for apply(Applicative,LightTrail[...]::new)
    public static MapCodec<LightTrailParticleOptions> MAP_CODEC = RecordCodecBuilder.mapCodec(object -> object.group((App)Codec.FLOAT.fieldOf("r").forGetter(p -> Float.valueOf(p.r)), (App)Codec.FLOAT.fieldOf("g").forGetter(p -> Float.valueOf(p.g)), (App)Codec.FLOAT.fieldOf("b").forGetter(p -> Float.valueOf(p.b)), (App)Codec.FLOAT.fieldOf("width").forGetter(p -> Float.valueOf(p.width)), (App)Codec.FLOAT.fieldOf("height").forGetter(p -> Float.valueOf(p.height)), (App)Codec.INT.fieldOf("entityid").forGetter(p -> p.entityid)).apply((Applicative)object, LightTrailParticleOptions::new));
                                                                                                                                                                                                                                                                                                                                                                                                                                                                                                                                               ^
    method P6.apply(Applicative,Function6) is not applicable
      (argument mismatch; invalid constructor reference
          incompatible types: Object cannot be converted to float)
    method P6.apply(Applicative,App) is not applicable
      (argument mismatch; App is not a functional interface
          no abstract method found in interface App)
G:\Proyectos\Mods_Minecraft\the_sundering\neoforge\26.2\src\main\java\com\skd\thesundering\client\particle\Not_Spin_TrailParticle.java:27: error: Not_Spin_TrailParticle is not abstract and does not override abstract method getGroup() in Particle
public class Not_Spin_TrailParticle
       ^
G:\Proyectos\Mods_Minecraft\the_sundering\neoforge\26.2\src\main\java\com\skd\thesundering\client\particle\Not_Spin_TrailParticle.java:40: error: cannot find symbol
        this.alpha = 1.0f;
            ^
  symbol: variable alpha
G:\Proyectos\Mods_Minecraft\the_sundering\neoforge\26.2\src\main\java\com\skd\thesundering\client\particle\Not_Spin_TrailParticle.java:105: error: Factory is not abstract and does not override abstract method createParticle(NotSpinTrailParticleOptions,ClientLevel,double,double,double,double,double,double,RandomSource) in ParticleProvider
    public static class Factory
                  ^
G:\Proyectos\Mods_Minecraft\the_sundering\neoforge\26.2\src\main\java\com\skd\thesundering\client\particle\Options\NotSpinTrailParticleOptions.java:42: error: cannot find symbol
    public static MapCodec<NotSpinTrailParticleOptions> MAP_CODEC = RecordCodecBuilder.mapCodec(object -> object.group((App)Codec.FLOAT.fieldOf("r").forGetter(p -> Float.valueOf(p.r)), (App)Codec.FLOAT.fieldOf("g").forGetter(p -> Float.valueOf(p.g)), (App)Codec.FLOAT.fieldOf("b").forGetter(p -> Float.valueOf(p.b)), (App)Codec.FLOAT.fieldOf("gravity").forGetter(p -> Float.valueOf(p.gravity)), (App)Codec.FLOAT.fieldOf("reduction").forGetter(p -> Float.valueOf(p.reduction)), (App)Codec.FLOAT.fieldOf("acceleration").forGetter(p -> Float.valueOf(p.acceleration)), (App)Codec.DOUBLE.fieldOf("direction").forGetter(p -> p.direction), (App)Codec.INT.fieldOf("life").forGetter(p -> p.life)).apply((Applicative)object, NotSpinTrailParticleOptions::new));
                                                                                                                                                                                   ^
  symbol:   variable r
  location: variable p of type Object
G:\Proyectos\Mods_Minecraft\the_sundering\neoforge\26.2\src\main\java\com\skd\thesundering\client\particle\Options\NotSpinTrailParticleOptions.java:42: error: cannot find symbol
    public static MapCodec<NotSpinTrailParticleOptions> MAP_CODEC = RecordCodecBuilder.mapCodec(object -> object.group((App)Codec.FLOAT.fieldOf("r").forGetter(p -> Float.valueOf(p.r)), (App)Codec.FLOAT.fieldOf("g").forGetter(p -> Float.valueOf(p.g)), (App)Codec.FLOAT.fieldOf("b").forGetter(p -> Float.valueOf(p.b)), (App)Codec.FLOAT.fieldOf("gravity").forGetter(p -> Float.valueOf(p.gravity)), (App)Codec.FLOAT.fieldOf("reduction").forGetter(p -> Float.valueOf(p.reduction)), (App)Codec.FLOAT.fieldOf("acceleration").forGetter(p -> Float.valueOf(p.acceleration)), (App)Codec.DOUBLE.fieldOf("direction").forGetter(p -> p.direction), (App)Codec.INT.fieldOf("life").forGetter(p -> p.life)).apply((Applicative)object, NotSpinTrailParticleOptions::new));
                                                                                                                                                                                                                                                     ^
  symbol:   variable g
  location: variable p of type Object
G:\Proyectos\Mods_Minecraft\the_sundering\neoforge\26.2\src\main\java\com\skd\thesundering\client\particle\Options\NotSpinTrailParticleOptions.java:42: error: cannot find symbol
    public static MapCodec<NotSpinTrailParticleOptions> MAP_CODEC = RecordCodecBuilder.mapCodec(object -> object.group((App)Codec.FLOAT.fieldOf("r").forGetter(p -> Float.valueOf(p.r)), (App)Codec.FLOAT.fieldOf("g").forGetter(p -> Float.valueOf(p.g)), (App)Codec.FLOAT.fieldOf("b").forGetter(p -> Float.valueOf(p.b)), (App)Codec.FLOAT.fieldOf("gravity").forGetter(p -> Float.valueOf(p.gravity)), (App)Codec.FLOAT.fieldOf("reduction").forGetter(p -> Float.valueOf(p.reduction)), (App)Codec.FLOAT.fieldOf("acceleration").forGetter(p -> Float.valueOf(p.acceleration)), (App)Codec.DOUBLE.fieldOf("direction").forGetter(p -> p.direction), (App)Codec.INT.fieldOf("life").forGetter(p -> p.life)).apply((Applicative)object, NotSpinTrailParticleOptions::new));
                                                                                                                                                                                                                                                                                                                       ^
  symbol:   variable b
  location: variable p of type Object
G:\Proyectos\Mods_Minecraft\the_sundering\neoforge\26.2\src\main\java\com\skd\thesundering\client\particle\Options\NotSpinTrailParticleOptions.java:42: error: cannot find symbol
    public static MapCodec<NotSpinTrailParticleOptions> MAP_CODEC = RecordCodecBuilder.mapCodec(object -> object.group((App)Codec.FLOAT.fieldOf("r").forGetter(p -> Float.valueOf(p.r)), (App)Codec.FLOAT.fieldOf("g").forGetter(p -> Float.valueOf(p.g)), (App)Codec.FLOAT.fieldOf("b").forGetter(p -> Float.valueOf(p.b)), (App)Codec.FLOAT.fieldOf("gravity").forGetter(p -> Float.valueOf(p.gravity)), (App)Codec.FLOAT.fieldOf("reduction").forGetter(p -> Float.valueOf(p.reduction)), (App)Codec.FLOAT.fieldOf("acceleration").forGetter(p -> Float.valueOf(p.acceleration)), (App)Codec.DOUBLE.fieldOf("direction").forGetter(p -> p.direction), (App)Codec.INT.fieldOf("life").forGetter(p -> p.life)).apply((Applicative)object, NotSpinTrailParticleOptions::new));
                                                                                                                                                                                                                                                                                                                                                                                               ^
  symbol:   variable gravity
  location: variable p of type Object
G:\Proyectos\Mods_Minecraft\the_sundering\neoforge\26.2\src\main\java\com\skd\thesundering\client\particle\Options\NotSpinTrailParticleOptions.java:42: error: cannot find symbol
    public static MapCodec<NotSpinTrailParticleOptions> MAP_CODEC = RecordCodecBuilder.mapCodec(object -> object.group((App)Codec.FLOAT.fieldOf("r").forGetter(p -> Float.valueOf(p.r)), (App)Codec.FLOAT.fieldOf("g").forGetter(p -> Float.valueOf(p.g)), (App)Codec.FLOAT.fieldOf("b").forGetter(p -> Float.valueOf(p.b)), (App)Codec.FLOAT.fieldOf("gravity").forGetter(p -> Float.valueOf(p.gravity)), (App)Codec.FLOAT.fieldOf("reduction").forGetter(p -> Float.valueOf(p.reduction)), (App)Codec.FLOAT.fieldOf("acceleration").forGetter(p -> Float.valueOf(p.acceleration)), (App)Codec.DOUBLE.fieldOf("direction").forGetter(p -> p.direction), (App)Codec.INT.fieldOf("life").forGetter(p -> p.life)).apply((Applicative)object, NotSpinTrailParticleOptions::new));
                                                                                                                                                                                                                                                                                                                                                                                                                                                                               ^
  symbol:   variable reduction
  location: variable p of type Object
G:\Proyectos\Mods_Minecraft\the_sundering\neoforge\26.2\src\main\java\com\skd\thesundering\client\particle\Options\NotSpinTrailParticleOptions.java:42: error: cannot find symbol
    public static MapCodec<NotSpinTrailParticleOptions> MAP_CODEC = RecordCodecBuilder.mapCodec(object -> object.group((App)Codec.FLOAT.fieldOf("r").forGetter(p -> Float.valueOf(p.r)), (App)Codec.FLOAT.fieldOf("g").forGetter(p -> Float.valueOf(p.g)), (App)Codec.FLOAT.fieldOf("b").forGetter(p -> Float.valueOf(p.b)), (App)Codec.FLOAT.fieldOf("gravity").forGetter(p -> Float.valueOf(p.gravity)), (App)Codec.FLOAT.fieldOf("reduction").forGetter(p -> Float.valueOf(p.reduction)), (App)Codec.FLOAT.fieldOf("acceleration").forGetter(p -> Float.valueOf(p.acceleration)), (App)Codec.DOUBLE.fieldOf("direction").forGetter(p -> p.direction), (App)Codec.INT.fieldOf("life").forGetter(p -> p.life)).apply((Applicative)object, NotSpinTrailParticleOptions::new));
                                                                                                                                                                                                                                                                                                                                                                                                                                                                                                                                                                    ^
  symbol:   variable acceleration
  location: variable p of type Object
G:\Proyectos\Mods_Minecraft\the_sundering\neoforge\26.2\src\main\java\com\skd\thesundering\client\particle\Options\NotSpinTrailParticleOptions.java:42: error: cannot find symbol
    public static MapCodec<NotSpinTrailParticleOptions> MAP_CODEC = RecordCodecBuilder.mapCodec(object -> object.group((App)Codec.FLOAT.fieldOf("r").forGetter(p -> Float.valueOf(p.r)), (App)Codec.FLOAT.fieldOf("g").forGetter(p -> Float.valueOf(p.g)), (App)Codec.FLOAT.fieldOf("b").forGetter(p -> Float.valueOf(p.b)), (App)Codec.FLOAT.fieldOf("gravity").forGetter(p -> Float.valueOf(p.gravity)), (App)Codec.FLOAT.fieldOf("reduction").forGetter(p -> Float.valueOf(p.reduction)), (App)Codec.FLOAT.fieldOf("acceleration").forGetter(p -> Float.valueOf(p.acceleration)), (App)Codec.DOUBLE.fieldOf("direction").forGetter(p -> p.direction), (App)Codec.INT.fieldOf("life").forGetter(p -> p.life)).apply((Applicative)object, NotSpinTrailParticleOptions::new));
                                                                                                                                                                                                                                                                                                                                                                                                                                                                                                                                                                                                                                            ^
  symbol:   variable direction
  location: variable p of type Object
G:\Proyectos\Mods_Minecraft\the_sundering\neoforge\26.2\src\main\java\com\skd\thesundering\client\particle\Options\NotSpinTrailParticleOptions.java:42: error: cannot find symbol
    public static MapCodec<NotSpinTrailParticleOptions> MAP_CODEC = RecordCodecBuilder.mapCodec(object -> object.group((App)Codec.FLOAT.fieldOf("r").forGetter(p -> Float.valueOf(p.r)), (App)Codec.FLOAT.fieldOf("g").forGetter(p -> Float.valueOf(p.g)), (App)Codec.FLOAT.fieldOf("b").forGetter(p -> Float.valueOf(p.b)), (App)Codec.FLOAT.fieldOf("gravity").forGetter(p -> Float.valueOf(p.gravity)), (App)Codec.FLOAT.fieldOf("reduction").forGetter(p -> Float.valueOf(p.reduction)), (App)Codec.FLOAT.fieldOf("acceleration").forGetter(p -> Float.valueOf(p.acceleration)), (App)Codec.DOUBLE.fieldOf("direction").forGetter(p -> p.direction), (App)Codec.INT.fieldOf("life").forGetter(p -> p.life)).apply((Applicative)object, NotSpinTrailParticleOptions::new));
                                                                                                                                                                                                                                                                                                                                                                                                                                                                                                                                                                                                                                                                                                        ^
  symbol:   variable life
  location: variable p of type Object
G:\Proyectos\Mods_Minecraft\the_sundering\neoforge\26.2\src\main\java\com\skd\thesundering\client\particle\Options\NotSpinTrailParticleOptions.java:42: error: no suitable method found for apply(Applicative,NotSpinTra[...]::new)
    public static MapCodec<NotSpinTrailParticleOptions> MAP_CODEC = RecordCodecBuilder.mapCodec(object -> object.group((App)Codec.FLOAT.fieldOf("r").forGetter(p -> Float.valueOf(p.r)), (App)Codec.FLOAT.fieldOf("g").forGetter(p -> Float.valueOf(p.g)), (App)Codec.FLOAT.fieldOf("b").forGetter(p -> Float.valueOf(p.b)), (App)Codec.FLOAT.fieldOf("gravity").forGetter(p -> Float.valueOf(p.gravity)), (App)Codec.FLOAT.fieldOf("reduction").forGetter(p -> Float.valueOf(p.reduction)), (App)Codec.FLOAT.fieldOf("acceleration").forGetter(p -> Float.valueOf(p.acceleration)), (App)Codec.DOUBLE.fieldOf("direction").forGetter(p -> p.direction), (App)Codec.INT.fieldOf("life").forGetter(p -> p.life)).apply((Applicative)object, NotSpinTrailParticleOptions::new));
                                                                                                                                                                                                                                                                                                                                                                                                                                                                                                                                                                                                                                                                                                               ^
    method P8.apply(Applicative,Function8) is not applicable
      (argument mismatch; invalid constructor reference
          incompatible types: Object cannot be converted to float)
    method P8.apply(Applicative,App) is not applicable
      (argument mismatch; App is not a functional interface
          no abstract method found in interface App)
G:\Proyectos\Mods_Minecraft\the_sundering\neoforge\26.2\src\main\java\com\skd\thesundering\client\particle\Options\ParryParticleOptions.java:37: error: cannot find symbol
    public static MapCodec<ParryParticleOptions> MAP_CODEC = RecordCodecBuilder.mapCodec(object -> object.group((App)Codec.FLOAT.fieldOf("r").forGetter(p -> Float.valueOf(p.r)), (App)Codec.FLOAT.fieldOf("g").forGetter(p -> Float.valueOf(p.g)), (App)Codec.FLOAT.fieldOf("b").forGetter(p -> Float.valueOf(p.b))).apply((Applicative)object, ParryParticleOptions::new));
                                                                                                                                                                            ^
  symbol:   variable r
  location: variable p of type Object
G:\Proyectos\Mods_Minecraft\the_sundering\neoforge\26.2\src\main\java\com\skd\thesundering\client\particle\Options\ParryParticleOptions.java:37: error: cannot find symbol
    public static MapCodec<ParryParticleOptions> MAP_CODEC = RecordCodecBuilder.mapCodec(object -> object.group((App)Codec.FLOAT.fieldOf("r").forGetter(p -> Float.valueOf(p.r)), (App)Codec.FLOAT.fieldOf("g").forGetter(p -> Float.valueOf(p.g)), (App)Codec.FLOAT.fieldOf("b").forGetter(p -> Float.valueOf(p.b))).apply((Applicative)object, ParryParticleOptions::new));
                                                                                                                                                                                                                                              ^
  symbol:   variable g
  location: variable p of type Object
G:\Proyectos\Mods_Minecraft\the_sundering\neoforge\26.2\src\main\java\com\skd\thesundering\client\particle\Options\ParryParticleOptions.java:37: error: cannot find symbol
    public static MapCodec<ParryParticleOptions> MAP_CODEC = RecordCodecBuilder.mapCodec(object -> object.group((App)Codec.FLOAT.fieldOf("r").forGetter(p -> Float.valueOf(p.r)), (App)Codec.FLOAT.fieldOf("g").forGetter(p -> Float.valueOf(p.g)), (App)Codec.FLOAT.fieldOf("b").forGetter(p -> Float.valueOf(p.b))).apply((Applicative)object, ParryParticleOptions::new));
                                                                                                                                                                                                                                                                                                                ^
  symbol:   variable b
  location: variable p of type Object
G:\Proyectos\Mods_Minecraft\the_sundering\neoforge\26.2\src\main\java\com\skd\thesundering\client\particle\Options\ParryParticleOptions.java:37: error: no suitable method found for apply(Applicative,ParryParti[...]::new)
    public static MapCodec<ParryParticleOptions> MAP_CODEC = RecordCodecBuilder.mapCodec(object -> object.group((App)Codec.FLOAT.fieldOf("r").forGetter(p -> Float.valueOf(p.r)), (App)Codec.FLOAT.fieldOf("g").forGetter(p -> Float.valueOf(p.g)), (App)Codec.FLOAT.fieldOf("b").forGetter(p -> Float.valueOf(p.b))).apply((Applicative)object, ParryParticleOptions::new));
                                                                                                                                                                                                                                                                                                                     ^
    method P3.apply(Applicative,Function3) is not applicable
      (argument mismatch; invalid constructor reference
          incompatible types: Object cannot be converted to float)
    method P3.apply(Applicative,App) is not applicable
      (argument mismatch; App is not a functional interface
          no abstract method found in interface App)
G:\Proyectos\Mods_Minecraft\the_sundering\neoforge\26.2\src\main\java\com\skd\thesundering\client\particle\Options\RainFogParticleOptions.java:33: error: cannot find symbol
    public static MapCodec<RainFogParticleOptions> MAP_CODEC = RecordCodecBuilder.mapCodec(object -> object.group((App)Codec.FLOAT.fieldOf("size").forGetter(p -> Float.valueOf(p.size))).apply((Applicative)object, RainFogParticleOptions::new));
                                                                                                                                                                                 ^
  symbol:   variable size
  location: variable p of type Object
G:\Proyectos\Mods_Minecraft\the_sundering\neoforge\26.2\src\main\java\com\skd\thesundering\client\particle\Options\RainFogParticleOptions.java:33: error: no suitable method found for apply(Applicative,RainFogPar[...]::new)
    public static MapCodec<RainFogParticleOptions> MAP_CODEC = RecordCodecBuilder.mapCodec(object -> object.group((App)Codec.FLOAT.fieldOf("size").forGetter(p -> Float.valueOf(p.size))).apply((Applicative)object, RainFogParticleOptions::new));
                                                                                                                                                                                         ^
    method P1.apply(Applicative,Function) is not applicable
      (argument mismatch; invalid constructor reference
          incompatible types: Object cannot be converted to float)
    method P1.apply(Applicative,App) is not applicable
      (argument mismatch; App is not a functional interface
          no abstract method found in interface App)
G:\Proyectos\Mods_Minecraft\the_sundering\neoforge\26.2\src\main\java\com\skd\thesundering\client\particle\Options\RingParticleOptions.java:44: error: cannot find symbol
    public static MapCodec<RingParticleOptions> MAP_CODEC = RecordCodecBuilder.mapCodec(object -> object.group((App)Codec.FLOAT.fieldOf("yaw").forGetter(p -> Float.valueOf(p.yaw)), (App)Codec.FLOAT.fieldOf("pitch").forGetter(p -> Float.valueOf(p.pitch)), (App)Codec.INT.fieldOf("duration").forGetter(p -> p.duration), (App)Codec.INT.fieldOf("r").forGetter(p -> p.r), (App)Codec.INT.fieldOf("g").forGetter(p -> p.g), (App)Codec.INT.fieldOf("b").forGetter(p -> p.b), (App)Codec.FLOAT.fieldOf("a").forGetter(p -> Float.valueOf(p.a)), (App)Codec.FLOAT.fieldOf("scale").forGetter(p -> Float.valueOf(p.scale)), (App)Codec.BOOL.fieldOf("facescamera").forGetter(p -> p.facesCamera), (App)Codec.INT.fieldOf("behavior").forGetter(p -> p.behavior)).apply((Applicative)object, RingParticleOptions::new));
                                                                                                                                                                             ^
  symbol:   variable yaw
  location: variable p of type Object
G:\Proyectos\Mods_Minecraft\the_sundering\neoforge\26.2\src\main\java\com\skd\thesundering\client\particle\Options\RingParticleOptions.java:44: error: cannot find symbol
    public static MapCodec<RingParticleOptions> MAP_CODEC = RecordCodecBuilder.mapCodec(object -> object.group((App)Codec.FLOAT.fieldOf("yaw").forGetter(p -> Float.valueOf(p.yaw)), (App)Codec.FLOAT.fieldOf("pitch").forGetter(p -> Float.valueOf(p.pitch)), (App)Codec.INT.fieldOf("duration").forGetter(p -> p.duration), (App)Codec.INT.fieldOf("r").forGetter(p -> p.r), (App)Codec.INT.fieldOf("g").forGetter(p -> p.g), (App)Codec.INT.fieldOf("b").forGetter(p -> p.b), (App)Codec.FLOAT.fieldOf("a").forGetter(p -> Float.valueOf(p.a)), (App)Codec.FLOAT.fieldOf("scale").forGetter(p -> Float.valueOf(p.scale)), (App)Codec.BOOL.fieldOf("facescamera").forGetter(p -> p.facesCamera), (App)Codec.INT.fieldOf("behavior").forGetter(p -> p.behavior)).apply((Applicative)object, RingParticleOptions::new));
                                                                                                                                                                                                                                                     ^
  symbol:   variable pitch
  location: variable p of type Object
G:\Proyectos\Mods_Minecraft\the_sundering\neoforge\26.2\src\main\java\com\skd\thesundering\client\particle\Options\RingParticleOptions.java:44: error: cannot find symbol
    public static MapCodec<RingParticleOptions> MAP_CODEC = RecordCodecBuilder.mapCodec(object -> object.group((App)Codec.FLOAT.fieldOf("yaw").forGetter(p -> Float.valueOf(p.yaw)), (App)Codec.FLOAT.fieldOf("pitch").forGetter(p -> Float.valueOf(p.pitch)), (App)Codec.INT.fieldOf("duration").forGetter(p -> p.duration), (App)Codec.INT.fieldOf("r").forGetter(p -> p.r), (App)Codec.INT.fieldOf("g").forGetter(p -> p.g), (App)Codec.INT.fieldOf("b").forGetter(p -> p.b), (App)Codec.FLOAT.fieldOf("a").forGetter(p -> Float.valueOf(p.a)), (App)Codec.FLOAT.fieldOf("scale").forGetter(p -> Float.valueOf(p.scale)), (App)Codec.BOOL.fieldOf("facescamera").forGetter(p -> p.facesCamera), (App)Codec.INT.fieldOf("behavior").forGetter(p -> p.behavior)).apply((Applicative)object, RingParticleOptions::new));
                                                                                                                                                                                                                                                                                                                  ^
  symbol:   variable duration
  location: variable p of type Object
G:\Proyectos\Mods_Minecraft\the_sundering\neoforge\26.2\src\main\java\com\skd\thesundering\client\particle\Options\RingParticleOptions.java:44: error: cannot find symbol
    public static MapCodec<RingParticleOptions> MAP_CODEC = RecordCodecBuilder.mapCodec(object -> object.group((App)Codec.FLOAT.fieldOf("yaw").forGetter(p -> Float.valueOf(p.yaw)), (App)Codec.FLOAT.fieldOf("pitch").forGetter(p -> Float.valueOf(p.pitch)), (App)Codec.INT.fieldOf("duration").forGetter(p -> p.duration), (App)Codec.INT.fieldOf("r").forGetter(p -> p.r), (App)Codec.INT.fieldOf("g").forGetter(p -> p.g), (App)Codec.INT.fieldOf("b").forGetter(p -> p.b), (App)Codec.FLOAT.fieldOf("a").forGetter(p -> Float.valueOf(p.a)), (App)Codec.FLOAT.fieldOf("scale").forGetter(p -> Float.valueOf(p.scale)), (App)Codec.BOOL.fieldOf("facescamera").forGetter(p -> p.facesCamera), (App)Codec.INT.fieldOf("behavior").forGetter(p -> p.behavior)).apply((Applicative)object, RingParticleOptions::new));
                                                                                                                                                                                                                                                                                                                                                                          ^
  symbol:   variable r
  location: variable p of type Object
G:\Proyectos\Mods_Minecraft\the_sundering\neoforge\26.2\src\main\java\com\skd\thesundering\client\particle\Options\RingParticleOptions.java:44: error: cannot find symbol
    public static MapCodec<RingParticleOptions> MAP_CODEC = RecordCodecBuilder.mapCodec(object -> object.group((App)Codec.FLOAT.fieldOf("yaw").forGetter(p -> Float.valueOf(p.yaw)), (App)Codec.FLOAT.fieldOf("pitch").forGetter(p -> Float.valueOf(p.pitch)), (App)Codec.INT.fieldOf("duration").forGetter(p -> p.duration), (App)Codec.INT.fieldOf("r").forGetter(p -> p.r), (App)Codec.INT.fieldOf("g").forGetter(p -> p.g), (App)Codec.INT.fieldOf("b").forGetter(p -> p.b), (App)Codec.FLOAT.fieldOf("a").forGetter(p -> Float.valueOf(p.a)), (App)Codec.FLOAT.fieldOf("scale").forGetter(p -> Float.valueOf(p.scale)), (App)Codec.BOOL.fieldOf("facescamera").forGetter(p -> p.facesCamera), (App)Codec.INT.fieldOf("behavior").forGetter(p -> p.behavior)).apply((Applicative)object, RingParticleOptions::new));
                                                                                                                                                                                                                                                                                                                                                                                                                           ^
  symbol:   variable g
  location: variable p of type Object
G:\Proyectos\Mods_Minecraft\the_sundering\neoforge\26.2\src\main\java\com\skd\thesundering\client\particle\Options\RingParticleOptions.java:44: error: cannot find symbol
    public static MapCodec<RingParticleOptions> MAP_CODEC = RecordCodecBuilder.mapCodec(object -> object.group((App)Codec.FLOAT.fieldOf("yaw").forGetter(p -> Float.valueOf(p.yaw)), (App)Codec.FLOAT.fieldOf("pitch").forGetter(p -> Float.valueOf(p.pitch)), (App)Codec.INT.fieldOf("duration").forGetter(p -> p.duration), (App)Codec.INT.fieldOf("r").forGetter(p -> p.r), (App)Codec.INT.fieldOf("g").forGetter(p -> p.g), (App)Codec.INT.fieldOf("b").forGetter(p -> p.b), (App)Codec.FLOAT.fieldOf("a").forGetter(p -> Float.valueOf(p.a)), (App)Codec.FLOAT.fieldOf("scale").forGetter(p -> Float.valueOf(p.scale)), (App)Codec.BOOL.fieldOf("facescamera").forGetter(p -> p.facesCamera), (App)Codec.INT.fieldOf("behavior").forGetter(p -> p.behavior)).apply((Applicative)object, RingParticleOptions::new));
                                                                                                                                                                                                                                                                                                                                                                                                                                                                            ^
  symbol:   variable b
  location: variable p of type Object
G:\Proyectos\Mods_Minecraft\the_sundering\neoforge\26.2\src\main\java\com\skd\thesundering\client\particle\Options\RingParticleOptions.java:44: error: cannot find symbol
    public static MapCodec<RingParticleOptions> MAP_CODEC = RecordCodecBuilder.mapCodec(object -> object.group((App)Codec.FLOAT.fieldOf("yaw").forGetter(p -> Float.valueOf(p.yaw)), (App)Codec.FLOAT.fieldOf("pitch").forGetter(p -> Float.valueOf(p.pitch)), (App)Codec.INT.fieldOf("duration").forGetter(p -> p.duration), (App)Codec.INT.fieldOf("r").forGetter(p -> p.r), (App)Codec.INT.fieldOf("g").forGetter(p -> p.g), (App)Codec.INT.fieldOf("b").forGetter(p -> p.b), (App)Codec.FLOAT.fieldOf("a").forGetter(p -> Float.valueOf(p.a)), (App)Codec.FLOAT.fieldOf("scale").forGetter(p -> Float.valueOf(p.scale)), (App)Codec.BOOL.fieldOf("facescamera").forGetter(p -> p.facesCamera), (App)Codec.INT.fieldOf("behavior").forGetter(p -> p.behavior)).apply((Applicative)object, RingParticleOptions::new));
                                                                                                                                                                                                                                                                                                                                                                                                                                                                                                                                             ^
  symbol:   variable a
  location: variable p of type Object
G:\Proyectos\Mods_Minecraft\the_sundering\neoforge\26.2\src\main\java\com\skd\thesundering\client\particle\Options\RingParticleOptions.java:44: error: cannot find symbol
    public static MapCodec<RingParticleOptions> MAP_CODEC = RecordCodecBuilder.mapCodec(object -> object.group((App)Codec.FLOAT.fieldOf("yaw").forGetter(p -> Float.valueOf(p.yaw)), (App)Codec.FLOAT.fieldOf("pitch").forGetter(p -> Float.valueOf(p.pitch)), (App)Codec.INT.fieldOf("duration").forGetter(p -> p.duration), (App)Codec.INT.fieldOf("r").forGetter(p -> p.r), (App)Codec.INT.fieldOf("g").forGetter(p -> p.g), (App)Codec.INT.fieldOf("b").forGetter(p -> p.b), (App)Codec.FLOAT.fieldOf("a").forGetter(p -> Float.valueOf(p.a)), (App)Codec.FLOAT.fieldOf("scale").forGetter(p -> Float.valueOf(p.scale)), (App)Codec.BOOL.fieldOf("facescamera").forGetter(p -> p.facesCamera), (App)Codec.INT.fieldOf("behavior").forGetter(p -> p.behavior)).apply((Applicative)object, RingParticleOptions::new));
                                                                                                                                                                                                                                                                                                                                                                                                                                                                                                                                                                                                                   ^
  symbol:   variable scale
  location: variable p of type Object
G:\Proyectos\Mods_Minecraft\the_sundering\neoforge\26.2\src\main\java\com\skd\thesundering\client\particle\Options\RingParticleOptions.java:44: error: cannot find symbol
    public static MapCodec<RingParticleOptions> MAP_CODEC = RecordCodecBuilder.mapCodec(object -> object.group((App)Codec.FLOAT.fieldOf("yaw").forGetter(p -> Float.valueOf(p.yaw)), (App)Codec.FLOAT.fieldOf("pitch").forGetter(p -> Float.valueOf(p.pitch)), (App)Codec.INT.fieldOf("duration").forGetter(p -> p.duration), (App)Codec.INT.fieldOf("r").forGetter(p -> p.r), (App)Codec.INT.fieldOf("g").forGetter(p -> p.g), (App)Codec.INT.fieldOf("b").forGetter(p -> p.b), (App)Codec.FLOAT.fieldOf("a").forGetter(p -> Float.valueOf(p.a)), (App)Codec.FLOAT.fieldOf("scale").forGetter(p -> Float.valueOf(p.scale)), (App)Codec.BOOL.fieldOf("facescamera").forGetter(p -> p.facesCamera), (App)Codec.INT.fieldOf("behavior").forGetter(p -> p.behavior)).apply((Applicative)object, RingParticleOptions::new));
                                                                                                                                                                                                                                                                                                                                                                                                                                                                                                                                                                                                                                                                                    ^
  symbol:   variable facesCamera
  location: variable p of type Object
G:\Proyectos\Mods_Minecraft\the_sundering\neoforge\26.2\src\main\java\com\skd\thesundering\client\particle\Options\RingParticleOptions.java:44: error: cannot find symbol
    public static MapCodec<RingParticleOptions> MAP_CODEC = RecordCodecBuilder.mapCodec(object -> object.group((App)Codec.FLOAT.fieldOf("yaw").forGetter(p -> Float.valueOf(p.yaw)), (App)Codec.FLOAT.fieldOf("pitch").forGetter(p -> Float.valueOf(p.pitch)), (App)Codec.INT.fieldOf("duration").forGetter(p -> p.duration), (App)Codec.INT.fieldOf("r").forGetter(p -> p.r), (App)Codec.INT.fieldOf("g").forGetter(p -> p.g), (App)Codec.INT.fieldOf("b").forGetter(p -> p.b), (App)Codec.FLOAT.fieldOf("a").forGetter(p -> Float.valueOf(p.a)), (App)Codec.FLOAT.fieldOf("scale").forGetter(p -> Float.valueOf(p.scale)), (App)Codec.BOOL.fieldOf("facescamera").forGetter(p -> p.facesCamera), (App)Codec.INT.fieldOf("behavior").forGetter(p -> p.behavior)).apply((Applicative)object, RingParticleOptions::new));
                                                                                                                                                                                                                                                                                                                                                                                                                                                                                                                                                                                                                                                                                                                                                      ^
  symbol:   variable behavior
  location: variable p of type Object
G:\Proyectos\Mods_Minecraft\the_sundering\neoforge\26.2\src\main\java\com\skd\thesundering\client\particle\Options\RingParticleOptions.java:44: error: no suitable method found for apply(Applicative,RingPartic[...]::new)
    public static MapCodec<RingParticleOptions> MAP_CODEC = RecordCodecBuilder.mapCodec(object -> object.group((App)Codec.FLOAT.fieldOf("yaw").forGetter(p -> Float.valueOf(p.yaw)), (App)Codec.FLOAT.fieldOf("pitch").forGetter(p -> Float.valueOf(p.pitch)), (App)Codec.INT.fieldOf("duration").forGetter(p -> p.duration), (App)Codec.INT.fieldOf("r").forGetter(p -> p.r), (App)Codec.INT.fieldOf("g").forGetter(p -> p.g), (App)Codec.INT.fieldOf("b").forGetter(p -> p.b), (App)Codec.FLOAT.fieldOf("a").forGetter(p -> Float.valueOf(p.a)), (App)Codec.FLOAT.fieldOf("scale").forGetter(p -> Float.valueOf(p.scale)), (App)Codec.BOOL.fieldOf("facescamera").forGetter(p -> p.facesCamera), (App)Codec.INT.fieldOf("behavior").forGetter(p -> p.behavior)).apply((Applicative)object, RingParticleOptions::new));
                                                                                                                                                                                                                                                                                                                                                                                                                                                                                                                                                                                                                                                                                                                                                                 ^
    method P10.apply(Applicative,Function10) is not applicable
      (argument mismatch; invalid constructor reference
          incompatible types: Object cannot be converted to float)
    method P10.apply(Applicative,App) is not applicable
      (argument mismatch; App is not a functional interface
          no abstract method found in interface App)
G:\Proyectos\Mods_Minecraft\the_sundering\neoforge\26.2\src\main\java\com\skd\thesundering\client\particle\Options\Rising_Trail_Options.java:39: error: cannot find symbol
    public static MapCodec<Rising_Trail_Options> MAP_CODEC = RecordCodecBuilder.mapCodec(object -> object.group((App)Codec.FLOAT.fieldOf("r").forGetter(p -> Float.valueOf(p.r)), (App)Codec.FLOAT.fieldOf("g").forGetter(p -> Float.valueOf(p.g)), (App)Codec.FLOAT.fieldOf("b").forGetter(p -> Float.valueOf(p.b)), (App)Codec.FLOAT.fieldOf("width").forGetter(p -> Float.valueOf(p.width)), (App)Codec.FLOAT.fieldOf("indewidth").forGetter(p -> Float.valueOf(p.indewidth))).apply((Applicative)object, Rising_Trail_Options::new));
                                                                                                                                                                            ^
  symbol:   variable r
  location: variable p of type Object
G:\Proyectos\Mods_Minecraft\the_sundering\neoforge\26.2\src\main\java\com\skd\thesundering\client\particle\Options\Rising_Trail_Options.java:39: error: cannot find symbol
    public static MapCodec<Rising_Trail_Options> MAP_CODEC = RecordCodecBuilder.mapCodec(object -> object.group((App)Codec.FLOAT.fieldOf("r").forGetter(p -> Float.valueOf(p.r)), (App)Codec.FLOAT.fieldOf("g").forGetter(p -> Float.valueOf(p.g)), (App)Codec.FLOAT.fieldOf("b").forGetter(p -> Float.valueOf(p.b)), (App)Codec.FLOAT.fieldOf("width").forGetter(p -> Float.valueOf(p.width)), (App)Codec.FLOAT.fieldOf("indewidth").forGetter(p -> Float.valueOf(p.indewidth))).apply((Applicative)object, Rising_Trail_Options::new));
                                                                                                                                                                                                                                              ^
  symbol:   variable g
  location: variable p of type Object
G:\Proyectos\Mods_Minecraft\the_sundering\neoforge\26.2\src\main\java\com\skd\thesundering\client\particle\Options\Rising_Trail_Options.java:39: error: cannot find symbol
    public static MapCodec<Rising_Trail_Options> MAP_CODEC = RecordCodecBuilder.mapCodec(object -> object.group((App)Codec.FLOAT.fieldOf("r").forGetter(p -> Float.valueOf(p.r)), (App)Codec.FLOAT.fieldOf("g").forGetter(p -> Float.valueOf(p.g)), (App)Codec.FLOAT.fieldOf("b").forGetter(p -> Float.valueOf(p.b)), (App)Codec.FLOAT.fieldOf("width").forGetter(p -> Float.valueOf(p.width)), (App)Codec.FLOAT.fieldOf("indewidth").forGetter(p -> Float.valueOf(p.indewidth))).apply((Applicative)object, Rising_Trail_Options::new));
                                                                                                                                                                                                                                                                                                                ^
  symbol:   variable b
  location: variable p of type Object
G:\Proyectos\Mods_Minecraft\the_sundering\neoforge\26.2\src\main\java\com\skd\thesundering\client\particle\Options\Rising_Trail_Options.java:39: error: cannot find symbol
    public static MapCodec<Rising_Trail_Options> MAP_CODEC = RecordCodecBuilder.mapCodec(object -> object.group((App)Codec.FLOAT.fieldOf("r").forGetter(p -> Float.valueOf(p.r)), (App)Codec.FLOAT.fieldOf("g").forGetter(p -> Float.valueOf(p.g)), (App)Codec.FLOAT.fieldOf("b").forGetter(p -> Float.valueOf(p.b)), (App)Codec.FLOAT.fieldOf("width").forGetter(p -> Float.valueOf(p.width)), (App)Codec.FLOAT.fieldOf("indewidth").forGetter(p -> Float.valueOf(p.indewidth))).apply((Applicative)object, Rising_Trail_Options::new));
                                                                                                                                                                                                                                                                                                                                                                                      ^
  symbol:   variable width
  location: variable p of type Object
G:\Proyectos\Mods_Minecraft\the_sundering\neoforge\26.2\src\main\java\com\skd\thesundering\client\particle\Options\Rising_Trail_Options.java:39: error: cannot find symbol
    public static MapCodec<Rising_Trail_Options> MAP_CODEC = RecordCodecBuilder.mapCodec(object -> object.group((App)Codec.FLOAT.fieldOf("r").forGetter(p -> Float.valueOf(p.r)), (App)Codec.FLOAT.fieldOf("g").forGetter(p -> Float.valueOf(p.g)), (App)Codec.FLOAT.fieldOf("b").forGetter(p -> Float.valueOf(p.b)), (App)Codec.FLOAT.fieldOf("width").forGetter(p -> Float.valueOf(p.width)), (App)Codec.FLOAT.fieldOf("indewidth").forGetter(p -> Float.valueOf(p.indewidth))).apply((Applicative)object, Rising_Trail_Options::new));
                                                                                                                                                                                                                                                                                                                                                                                                                                                                    ^
  symbol:   variable indewidth
  location: variable p of type Object
G:\Proyectos\Mods_Minecraft\the_sundering\neoforge\26.2\src\main\java\com\skd\thesundering\client\particle\Options\Rising_Trail_Options.java:39: error: no suitable method found for apply(Applicative,Rising_Tra[...]::new)
    public static MapCodec<Rising_Trail_Options> MAP_CODEC = RecordCodecBuilder.mapCodec(object -> object.group((App)Codec.FLOAT.fieldOf("r").forGetter(p -> Float.valueOf(p.r)), (App)Codec.FLOAT.fieldOf("g").forGetter(p -> Float.valueOf(p.g)), (App)Codec.FLOAT.fieldOf("b").forGetter(p -> Float.valueOf(p.b)), (App)Codec.FLOAT.fieldOf("width").forGetter(p -> Float.valueOf(p.width)), (App)Codec.FLOAT.fieldOf("indewidth").forGetter(p -> Float.valueOf(p.indewidth))).apply((Applicative)object, Rising_Trail_Options::new));
                                                                                                                                                                                                                                                                                                                                                                                                                                                                                 ^
    method P5.apply(Applicative,Function5) is not applicable
      (argument mismatch; invalid constructor reference
          incompatible types: Object cannot be converted to float)
    method P5.apply(Applicative,App) is not applicable
      (argument mismatch; App is not a functional interface
          no abstract method found in interface App)
G:\Proyectos\Mods_Minecraft\the_sundering\neoforge\26.2\src\main\java\com\skd\thesundering\client\particle\Options\RoarParticleOptions.java:42: error: cannot find symbol
    public static MapCodec<RoarParticleOptions> MAP_CODEC = RecordCodecBuilder.mapCodec(object -> object.group((App)Codec.INT.fieldOf("duration").forGetter(p -> p.duration), (App)Codec.INT.fieldOf("r").forGetter(p -> p.r), (App)Codec.INT.fieldOf("g").forGetter(p -> p.g), (App)Codec.INT.fieldOf("b").forGetter(p -> p.b), (App)Codec.FLOAT.fieldOf("a").forGetter(p -> Float.valueOf(p.a)), (App)Codec.FLOAT.fieldOf("startsize").forGetter(p -> Float.valueOf(p.startsize)), (App)Codec.FLOAT.fieldOf("increase").forGetter(p -> Float.valueOf(p.increase)), (App)Codec.FLOAT.fieldOf("endsize").forGetter(p -> Float.valueOf(p.endsize))).apply((Applicative)object, RoarParticleOptions::new));
                                                                                                                                                                  ^
  symbol:   variable duration
  location: variable p of type Object
G:\Proyectos\Mods_Minecraft\the_sundering\neoforge\26.2\src\main\java\com\skd\thesundering\client\particle\Options\RoarParticleOptions.java:42: error: cannot find symbol
    public static MapCodec<RoarParticleOptions> MAP_CODEC = RecordCodecBuilder.mapCodec(object -> object.group((App)Codec.INT.fieldOf("duration").forGetter(p -> p.duration), (App)Codec.INT.fieldOf("r").forGetter(p -> p.r), (App)Codec.INT.fieldOf("g").forGetter(p -> p.g), (App)Codec.INT.fieldOf("b").forGetter(p -> p.b), (App)Codec.FLOAT.fieldOf("a").forGetter(p -> Float.valueOf(p.a)), (App)Codec.FLOAT.fieldOf("startsize").forGetter(p -> Float.valueOf(p.startsize)), (App)Codec.FLOAT.fieldOf("increase").forGetter(p -> Float.valueOf(p.increase)), (App)Codec.FLOAT.fieldOf("endsize").forGetter(p -> Float.valueOf(p.endsize))).apply((Applicative)object, RoarParticleOptions::new));
                                                                                                                                                                                                                          ^
  symbol:   variable r
  location: variable p of type Object
G:\Proyectos\Mods_Minecraft\the_sundering\neoforge\26.2\src\main\java\com\skd\thesundering\client\particle\Options\RoarParticleOptions.java:42: error: cannot find symbol
    public static MapCodec<RoarParticleOptions> MAP_CODEC = RecordCodecBuilder.mapCodec(object -> object.group((App)Codec.INT.fieldOf("duration").forGetter(p -> p.duration), (App)Codec.INT.fieldOf("r").forGetter(p -> p.r), (App)Codec.INT.fieldOf("g").forGetter(p -> p.g), (App)Codec.INT.fieldOf("b").forGetter(p -> p.b), (App)Codec.FLOAT.fieldOf("a").forGetter(p -> Float.valueOf(p.a)), (App)Codec.FLOAT.fieldOf("startsize").forGetter(p -> Float.valueOf(p.startsize)), (App)Codec.FLOAT.fieldOf("increase").forGetter(p -> Float.valueOf(p.increase)), (App)Codec.FLOAT.fieldOf("endsize").forGetter(p -> Float.valueOf(p.endsize))).apply((Applicative)object, RoarParticleOptions::new));
                                                                                                                                                                                                                                                                           ^
  symbol:   variable g
  location: variable p of type Object
G:\Proyectos\Mods_Minecraft\the_sundering\neoforge\26.2\src\main\java\com\skd\thesundering\client\particle\Options\RoarParticleOptions.java:42: error: cannot find symbol
    public static MapCodec<RoarParticleOptions> MAP_CODEC = RecordCodecBuilder.mapCodec(object -> object.group((App)Codec.INT.fieldOf("duration").forGetter(p -> p.duration), (App)Codec.INT.fieldOf("r").forGetter(p -> p.r), (App)Codec.INT.fieldOf("g").forGetter(p -> p.g), (App)Codec.INT.fieldOf("b").forGetter(p -> p.b), (App)Codec.FLOAT.fieldOf("a").forGetter(p -> Float.valueOf(p.a)), (App)Codec.FLOAT.fieldOf("startsize").forGetter(p -> Float.valueOf(p.startsize)), (App)Codec.FLOAT.fieldOf("increase").forGetter(p -> Float.valueOf(p.increase)), (App)Codec.FLOAT.fieldOf("endsize").forGetter(p -> Float.valueOf(p.endsize))).apply((Applicative)object, RoarParticleOptions::new));
                                                                                                                                                                                                                                                                                                                            ^
  symbol:   variable b
  location: variable p of type Object
G:\Proyectos\Mods_Minecraft\the_sundering\neoforge\26.2\src\main\java\com\skd\thesundering\client\particle\Options\RoarParticleOptions.java:42: error: cannot find symbol
    public static MapCodec<RoarParticleOptions> MAP_CODEC = RecordCodecBuilder.mapCodec(object -> object.group((App)Codec.INT.fieldOf("duration").forGetter(p -> p.duration), (App)Codec.INT.fieldOf("r").forGetter(p -> p.r), (App)Codec.INT.fieldOf("g").forGetter(p -> p.g), (App)Codec.INT.fieldOf("b").forGetter(p -> p.b), (App)Codec.FLOAT.fieldOf("a").forGetter(p -> Float.valueOf(p.a)), (App)Codec.FLOAT.fieldOf("startsize").forGetter(p -> Float.valueOf(p.startsize)), (App)Codec.FLOAT.fieldOf("increase").forGetter(p -> Float.valueOf(p.increase)), (App)Codec.FLOAT.fieldOf("endsize").forGetter(p -> Float.valueOf(p.endsize))).apply((Applicative)object, RoarParticleOptions::new));
                                                                                                                                                                                                                                                                                                                                                                                             ^
  symbol:   variable a
  location: variable p of type Object
G:\Proyectos\Mods_Minecraft\the_sundering\neoforge\26.2\src\main\java\com\skd\thesundering\client\particle\Options\RoarParticleOptions.java:42: error: cannot find symbol
    public static MapCodec<RoarParticleOptions> MAP_CODEC = RecordCodecBuilder.mapCodec(object -> object.group((App)Codec.INT.fieldOf("duration").forGetter(p -> p.duration), (App)Codec.INT.fieldOf("r").forGetter(p -> p.r), (App)Codec.INT.fieldOf("g").forGetter(p -> p.g), (App)Codec.INT.fieldOf("b").forGetter(p -> p.b), (App)Codec.FLOAT.fieldOf("a").forGetter(p -> Float.valueOf(p.a)), (App)Codec.FLOAT.fieldOf("startsize").forGetter(p -> Float.valueOf(p.startsize)), (App)Codec.FLOAT.fieldOf("increase").forGetter(p -> Float.valueOf(p.increase)), (App)Codec.FLOAT.fieldOf("endsize").forGetter(p -> Float.valueOf(p.endsize))).apply((Applicative)object, RoarParticleOptions::new));
                                                                                                                                                                                                                                                                                                                                                                                                                                                                       ^
  symbol:   variable startsize
  location: variable p of type Object
G:\Proyectos\Mods_Minecraft\the_sundering\neoforge\26.2\src\main\java\com\skd\thesundering\client\particle\Options\RoarParticleOptions.java:42: error: cannot find symbol
    public static MapCodec<RoarParticleOptions> MAP_CODEC = RecordCodecBuilder.mapCodec(object -> object.group((App)Codec.INT.fieldOf("duration").forGetter(p -> p.duration), (App)Codec.INT.fieldOf("r").forGetter(p -> p.r), (App)Codec.INT.fieldOf("g").forGetter(p -> p.g), (App)Codec.INT.fieldOf("b").forGetter(p -> p.b), (App)Codec.FLOAT.fieldOf("a").forGetter(p -> Float.valueOf(p.a)), (App)Codec.FLOAT.fieldOf("startsize").forGetter(p -> Float.valueOf(p.startsize)), (App)Codec.FLOAT.fieldOf("increase").forGetter(p -> Float.valueOf(p.increase)), (App)Codec.FLOAT.fieldOf("endsize").forGetter(p -> Float.valueOf(p.endsize))).apply((Applicative)object, RoarParticleOptions::new));
                                                                                                                                                                                                                                                                                                                                                                                                                                                                                                                                                        ^
  symbol:   variable increase
  location: variable p of type Object
G:\Proyectos\Mods_Minecraft\the_sundering\neoforge\26.2\src\main\java\com\skd\thesundering\client\particle\Options\RoarParticleOptions.java:42: error: cannot find symbol
    public static MapCodec<RoarParticleOptions> MAP_CODEC = RecordCodecBuilder.mapCodec(object -> object.group((App)Codec.INT.fieldOf("duration").forGetter(p -> p.duration), (App)Codec.INT.fieldOf("r").forGetter(p -> p.r), (App)Codec.INT.fieldOf("g").forGetter(p -> p.g), (App)Codec.INT.fieldOf("b").forGetter(p -> p.b), (App)Codec.FLOAT.fieldOf("a").forGetter(p -> Float.valueOf(p.a)), (App)Codec.FLOAT.fieldOf("startsize").forGetter(p -> Float.valueOf(p.startsize)), (App)Codec.FLOAT.fieldOf("increase").forGetter(p -> Float.valueOf(p.increase)), (App)Codec.FLOAT.fieldOf("endsize").forGetter(p -> Float.valueOf(p.endsize))).apply((Applicative)object, RoarParticleOptions::new));
                                                                                                                                                                                                                                                                                                                                                                                                                                                                                                                                                                                                                                       ^
  symbol:   variable endsize
  location: variable p of type Object
G:\Proyectos\Mods_Minecraft\the_sundering\neoforge\26.2\src\main\java\com\skd\thesundering\client\particle\Options\RoarParticleOptions.java:42: error: no suitable method found for apply(Applicative,RoarPartic[...]::new)
    public static MapCodec<RoarParticleOptions> MAP_CODEC = RecordCodecBuilder.mapCodec(object -> object.group((App)Codec.INT.fieldOf("duration").forGetter(p -> p.duration), (App)Codec.INT.fieldOf("r").forGetter(p -> p.r), (App)Codec.INT.fieldOf("g").forGetter(p -> p.g), (App)Codec.INT.fieldOf("b").forGetter(p -> p.b), (App)Codec.FLOAT.fieldOf("a").forGetter(p -> Float.valueOf(p.a)), (App)Codec.FLOAT.fieldOf("startsize").forGetter(p -> Float.valueOf(p.startsize)), (App)Codec.FLOAT.fieldOf("increase").forGetter(p -> Float.valueOf(p.increase)), (App)Codec.FLOAT.fieldOf("endsize").forGetter(p -> Float.valueOf(p.endsize))).apply((Applicative)object, RoarParticleOptions::new));
                                                                                                                                                                                                                                                                                                                                                                                                                                                                                                                                                                                                                                                  ^
    method P8.apply(Applicative,Function8) is not applicable
      (argument mismatch; invalid constructor reference
          incompatible types: Object cannot be converted to int)
    method P8.apply(Applicative,App) is not applicable
      (argument mismatch; App is not a functional interface
          no abstract method found in interface App)
G:\Proyectos\Mods_Minecraft\the_sundering\neoforge\26.2\src\main\java\com\skd\thesundering\client\particle\Options\ScyllaSwingParticleOptions.java:37: error: cannot find symbol
    public static MapCodec<ScyllaSwingParticleOptions> MAP_CODEC = RecordCodecBuilder.mapCodec(object -> object.group((App)Codec.FLOAT.fieldOf("scale").forGetter(p -> Float.valueOf(p.scale)), (App)Codec.FLOAT.fieldOf("yaw").forGetter(p -> Float.valueOf(p.yaw)), (App)Codec.FLOAT.fieldOf("pitch").forGetter(p -> Float.valueOf(p.pitch))).apply((Applicative)object, ScyllaSwingParticleOptions::new));
                                                                                                                                                                                      ^
  symbol:   variable scale
  location: variable p of type Object
G:\Proyectos\Mods_Minecraft\the_sundering\neoforge\26.2\src\main\java\com\skd\thesundering\client\particle\Options\ScyllaSwingParticleOptions.java:37: error: cannot find symbol
    public static MapCodec<ScyllaSwingParticleOptions> MAP_CODEC = RecordCodecBuilder.mapCodec(object -> object.group((App)Codec.FLOAT.fieldOf("scale").forGetter(p -> Float.valueOf(p.scale)), (App)Codec.FLOAT.fieldOf("yaw").forGetter(p -> Float.valueOf(p.yaw)), (App)Codec.FLOAT.fieldOf("pitch").forGetter(p -> Float.valueOf(p.pitch))).apply((Applicative)object, ScyllaSwingParticleOptions::new));
                                                                                                                                                                                                                                                              ^
  symbol:   variable yaw
  location: variable p of type Object
G:\Proyectos\Mods_Minecraft\the_sundering\neoforge\26.2\src\main\java\com\skd\thesundering\client\particle\Options\ScyllaSwingParticleOptions.java:37: error: cannot find symbol
    public static MapCodec<ScyllaSwingParticleOptions> MAP_CODEC = RecordCodecBuilder.mapCodec(object -> object.group((App)Codec.FLOAT.fieldOf("scale").forGetter(p -> Float.valueOf(p.scale)), (App)Codec.FLOAT.fieldOf("yaw").forGetter(p -> Float.valueOf(p.yaw)), (App)Codec.FLOAT.fieldOf("pitch").forGetter(p -> Float.valueOf(p.pitch))).apply((Applicative)object, ScyllaSwingParticleOptions::new));
                                                                                                                                                                                                                                                                                                                                      ^
  symbol:   variable pitch
  location: variable p of type Object
G:\Proyectos\Mods_Minecraft\the_sundering\neoforge\26.2\src\main\java\com\skd\thesundering\client\particle\Options\ScyllaSwingParticleOptions.java:37: error: no suitable method found for apply(Applicative,ScyllaSwin[...]::new)
    public static MapCodec<ScyllaSwingParticleOptions> MAP_CODEC = RecordCodecBuilder.mapCodec(object -> object.group((App)Codec.FLOAT.fieldOf("scale").forGetter(p -> Float.valueOf(p.scale)), (App)Codec.FLOAT.fieldOf("yaw").forGetter(p -> Float.valueOf(p.yaw)), (App)Codec.FLOAT.fieldOf("pitch").forGetter(p -> Float.valueOf(p.pitch))).apply((Applicative)object, ScyllaSwingParticleOptions::new));
                                                                                                                                                                                                                                                                                                                                               ^
    method P3.apply(Applicative,Function3) is not applicable
      (argument mismatch; invalid constructor reference
          incompatible types: Object cannot be converted to float)
    method P3.apply(Applicative,App) is not applicable
      (argument mismatch; App is not a functional interface
          no abstract method found in interface App)
G:\Proyectos\Mods_Minecraft\the_sundering\neoforge\26.2\src\main\java\com\skd\thesundering\client\particle\Options\SparkTrailParticleOptions.java:37: error: cannot find symbol
    public static MapCodec<SparkTrailParticleOptions> MAP_CODEC = RecordCodecBuilder.mapCodec(object -> object.group((App)Codec.INT.fieldOf("r").forGetter(p -> p.r), (App)Codec.INT.fieldOf("g").forGetter(p -> p.g), (App)Codec.INT.fieldOf("b").forGetter(p -> p.b)).apply((Applicative)object, SparkTrailParticleOptions::new));
                                                                                                                                                                 ^
  symbol:   variable r
  location: variable p of type Object
G:\Proyectos\Mods_Minecraft\the_sundering\neoforge\26.2\src\main\java\com\skd\thesundering\client\particle\Options\SparkTrailParticleOptions.java:37: error: cannot find symbol
    public static MapCodec<SparkTrailParticleOptions> MAP_CODEC = RecordCodecBuilder.mapCodec(object -> object.group((App)Codec.INT.fieldOf("r").forGetter(p -> p.r), (App)Codec.INT.fieldOf("g").forGetter(p -> p.g), (App)Codec.INT.fieldOf("b").forGetter(p -> p.b)).apply((Applicative)object, SparkTrailParticleOptions::new));
                                                                                                                                                                                                                  ^
  symbol:   variable g
  location: variable p of type Object
G:\Proyectos\Mods_Minecraft\the_sundering\neoforge\26.2\src\main\java\com\skd\thesundering\client\particle\Options\SparkTrailParticleOptions.java:37: error: cannot find symbol
    public static MapCodec<SparkTrailParticleOptions> MAP_CODEC = RecordCodecBuilder.mapCodec(object -> object.group((App)Codec.INT.fieldOf("r").forGetter(p -> p.r), (App)Codec.INT.fieldOf("g").forGetter(p -> p.g), (App)Codec.INT.fieldOf("b").forGetter(p -> p.b)).apply((Applicative)object, SparkTrailParticleOptions::new));
                                                                                                                                                                                                                                                                   ^
  symbol:   variable b
  location: variable p of type Object
G:\Proyectos\Mods_Minecraft\the_sundering\neoforge\26.2\src\main\java\com\skd\thesundering\client\particle\Options\SparkTrailParticleOptions.java:37: error: no suitable method found for apply(Applicative,SparkTrail[...]::new)
    public static MapCodec<SparkTrailParticleOptions> MAP_CODEC = RecordCodecBuilder.mapCodec(object -> object.group((App)Codec.INT.fieldOf("r").forGetter(p -> p.r), (App)Codec.INT.fieldOf("g").forGetter(p -> p.g), (App)Codec.INT.fieldOf("b").forGetter(p -> p.b)).apply((Applicative)object, SparkTrailParticleOptions::new));
                                                                                                                                                                                                                                                                       ^
    method P3.apply(Applicative,Function3) is not applicable
      (argument mismatch; invalid constructor reference
          incompatible types: Object cannot be converted to int)
    method P3.apply(Applicative,App) is not applicable
      (argument mismatch; App is not a functional interface
          no abstract method found in interface App)
G:\Proyectos\Mods_Minecraft\the_sundering\neoforge\26.2\src\main\java\com\skd\thesundering\client\particle\Options\SpinTrailParticleOptions.java:37: error: cannot find symbol
    public static MapCodec<SpinTrailParticleOptions> MAP_CODEC = RecordCodecBuilder.mapCodec(object -> object.group((App)Codec.FLOAT.fieldOf("r").forGetter(p -> Float.valueOf(p.r)), (App)Codec.FLOAT.fieldOf("g").forGetter(p -> Float.valueOf(p.g)), (App)Codec.FLOAT.fieldOf("b").forGetter(p -> Float.valueOf(p.b))).apply((Applicative)object, SpinTrailParticleOptions::new));
                                                                                                                                                                                ^
  symbol:   variable r
  location: variable p of type Object
G:\Proyectos\Mods_Minecraft\the_sundering\neoforge\26.2\src\main\java\com\skd\thesundering\client\particle\Options\SpinTrailParticleOptions.java:37: error: cannot find symbol
    public static MapCodec<SpinTrailParticleOptions> MAP_CODEC = RecordCodecBuilder.mapCodec(object -> object.group((App)Codec.FLOAT.fieldOf("r").forGetter(p -> Float.valueOf(p.r)), (App)Codec.FLOAT.fieldOf("g").forGetter(p -> Float.valueOf(p.g)), (App)Codec.FLOAT.fieldOf("b").forGetter(p -> Float.valueOf(p.b))).apply((Applicative)object, SpinTrailParticleOptions::new));
                                                                                                                                                                                                                                                  ^
  symbol:   variable g
  location: variable p of type Object
G:\Proyectos\Mods_Minecraft\the_sundering\neoforge\26.2\src\main\java\com\skd\thesundering\client\particle\Options\SpinTrailParticleOptions.java:37: error: cannot find symbol
    public static MapCodec<SpinTrailParticleOptions> MAP_CODEC = RecordCodecBuilder.mapCodec(object -> object.group((App)Codec.FLOAT.fieldOf("r").forGetter(p -> Float.valueOf(p.r)), (App)Codec.FLOAT.fieldOf("g").forGetter(p -> Float.valueOf(p.g)), (App)Codec.FLOAT.fieldOf("b").forGetter(p -> Float.valueOf(p.b))).apply((Applicative)object, SpinTrailParticleOptions::new));
                                                                                                                                                                                                                                                                                                                    ^
  symbol:   variable b
  location: variable p of type Object
G:\Proyectos\Mods_Minecraft\the_sundering\neoforge\26.2\src\main\java\com\skd\thesundering\client\particle\Options\SpinTrailParticleOptions.java:37: error: no suitable method found for apply(Applicative,SpinTrailP[...]::new)
    public static MapCodec<SpinTrailParticleOptions> MAP_CODEC = RecordCodecBuilder.mapCodec(object -> object.group((App)Codec.FLOAT.fieldOf("r").forGetter(p -> Float.valueOf(p.r)), (App)Codec.FLOAT.fieldOf("g").forGetter(p -> Float.valueOf(p.g)), (App)Codec.FLOAT.fieldOf("b").forGetter(p -> Float.valueOf(p.b))).apply((Applicative)object, SpinTrailParticleOptions::new));
                                                                                                                                                                                                                                                                                                                         ^
    method P3.apply(Applicative,Function3) is not applicable
      (argument mismatch; invalid constructor reference
          incompatible types: Object cannot be converted to float)
    method P3.apply(Applicative,App) is not applicable
      (argument mismatch; App is not a functional interface
          no abstract method found in interface App)
G:\Proyectos\Mods_Minecraft\the_sundering\neoforge\26.2\src\main\java\com\skd\thesundering\client\particle\Options\StormParticleOptions.java:40: error: cannot find symbol
    public static MapCodec<StormParticleOptions> MAP_CODEC = RecordCodecBuilder.mapCodec(object -> object.group((App)Codec.FLOAT.fieldOf("r").forGetter(p -> Float.valueOf(p.r)), (App)Codec.FLOAT.fieldOf("g").forGetter(p -> Float.valueOf(p.g)), (App)Codec.FLOAT.fieldOf("b").forGetter(p -> Float.valueOf(p.b)), (App)Codec.FLOAT.fieldOf("width").forGetter(p -> Float.valueOf(p.width)), (App)Codec.FLOAT.fieldOf("height").forGetter(p -> Float.valueOf(p.height)), (App)Codec.INT.fieldOf("entityid").forGetter(p -> p.entityid)).apply((Applicative)object, StormParticleOptions::new));
                                                                                                                                                                            ^
  symbol:   variable r
  location: variable p of type Object
G:\Proyectos\Mods_Minecraft\the_sundering\neoforge\26.2\src\main\java\com\skd\thesundering\client\particle\Options\StormParticleOptions.java:40: error: cannot find symbol
    public static MapCodec<StormParticleOptions> MAP_CODEC = RecordCodecBuilder.mapCodec(object -> object.group((App)Codec.FLOAT.fieldOf("r").forGetter(p -> Float.valueOf(p.r)), (App)Codec.FLOAT.fieldOf("g").forGetter(p -> Float.valueOf(p.g)), (App)Codec.FLOAT.fieldOf("b").forGetter(p -> Float.valueOf(p.b)), (App)Codec.FLOAT.fieldOf("width").forGetter(p -> Float.valueOf(p.width)), (App)Codec.FLOAT.fieldOf("height").forGetter(p -> Float.valueOf(p.height)), (App)Codec.INT.fieldOf("entityid").forGetter(p -> p.entityid)).apply((Applicative)object, StormParticleOptions::new));
                                                                                                                                                                                                                                              ^
  symbol:   variable g
  location: variable p of type Object
G:\Proyectos\Mods_Minecraft\the_sundering\neoforge\26.2\src\main\java\com\skd\thesundering\client\particle\Options\StormParticleOptions.java:40: error: cannot find symbol
    public static MapCodec<StormParticleOptions> MAP_CODEC = RecordCodecBuilder.mapCodec(object -> object.group((App)Codec.FLOAT.fieldOf("r").forGetter(p -> Float.valueOf(p.r)), (App)Codec.FLOAT.fieldOf("g").forGetter(p -> Float.valueOf(p.g)), (App)Codec.FLOAT.fieldOf("b").forGetter(p -> Float.valueOf(p.b)), (App)Codec.FLOAT.fieldOf("width").forGetter(p -> Float.valueOf(p.width)), (App)Codec.FLOAT.fieldOf("height").forGetter(p -> Float.valueOf(p.height)), (App)Codec.INT.fieldOf("entityid").forGetter(p -> p.entityid)).apply((Applicative)object, StormParticleOptions::new));
                                                                                                                                                                                                                                                                                                                ^
  symbol:   variable b
  location: variable p of type Object
G:\Proyectos\Mods_Minecraft\the_sundering\neoforge\26.2\src\main\java\com\skd\thesundering\client\particle\Options\StormParticleOptions.java:40: error: cannot find symbol
    public static MapCodec<StormParticleOptions> MAP_CODEC = RecordCodecBuilder.mapCodec(object -> object.group((App)Codec.FLOAT.fieldOf("r").forGetter(p -> Float.valueOf(p.r)), (App)Codec.FLOAT.fieldOf("g").forGetter(p -> Float.valueOf(p.g)), (App)Codec.FLOAT.fieldOf("b").forGetter(p -> Float.valueOf(p.b)), (App)Codec.FLOAT.fieldOf("width").forGetter(p -> Float.valueOf(p.width)), (App)Codec.FLOAT.fieldOf("height").forGetter(p -> Float.valueOf(p.height)), (App)Codec.INT.fieldOf("entityid").forGetter(p -> p.entityid)).apply((Applicative)object, StormParticleOptions::new));
                                                                                                                                                                                                                                                                                                                                                                                      ^
  symbol:   variable width
  location: variable p of type Object
G:\Proyectos\Mods_Minecraft\the_sundering\neoforge\26.2\src\main\java\com\skd\thesundering\client\particle\Options\StormParticleOptions.java:40: error: cannot find symbol
    public static MapCodec<StormParticleOptions> MAP_CODEC = RecordCodecBuilder.mapCodec(object -> object.group((App)Codec.FLOAT.fieldOf("r").forGetter(p -> Float.valueOf(p.r)), (App)Codec.FLOAT.fieldOf("g").forGetter(p -> Float.valueOf(p.g)), (App)Codec.FLOAT.fieldOf("b").forGetter(p -> Float.valueOf(p.b)), (App)Codec.FLOAT.fieldOf("width").forGetter(p -> Float.valueOf(p.width)), (App)Codec.FLOAT.fieldOf("height").forGetter(p -> Float.valueOf(p.height)), (App)Codec.INT.fieldOf("entityid").forGetter(p -> p.entityid)).apply((Applicative)object, StormParticleOptions::new));
                                                                                                                                                                                                                                                                                                                                                                                                                                                                 ^
  symbol:   variable height
  location: variable p of type Object
G:\Proyectos\Mods_Minecraft\the_sundering\neoforge\26.2\src\main\java\com\skd\thesundering\client\particle\Options\StormParticleOptions.java:40: error: cannot find symbol
    public static MapCodec<StormParticleOptions> MAP_CODEC = RecordCodecBuilder.mapCodec(object -> object.group((App)Codec.FLOAT.fieldOf("r").forGetter(p -> Float.valueOf(p.r)), (App)Codec.FLOAT.fieldOf("g").forGetter(p -> Float.valueOf(p.g)), (App)Codec.FLOAT.fieldOf("b").forGetter(p -> Float.valueOf(p.b)), (App)Codec.FLOAT.fieldOf("width").forGetter(p -> Float.valueOf(p.width)), (App)Codec.FLOAT.fieldOf("height").forGetter(p -> Float.valueOf(p.height)), (App)Codec.INT.fieldOf("entityid").forGetter(p -> p.entityid)).apply((Applicative)object, StormParticleOptions::new));
                                                                                                                                                                                                                                                                                                                                                                                                                                                                                                                               ^
  symbol:   variable entityid
  location: variable p of type Object
G:\Proyectos\Mods_Minecraft\the_sundering\neoforge\26.2\src\main\java\com\skd\thesundering\client\particle\Options\StormParticleOptions.java:40: error: no suitable method found for apply(Applicative,StormParti[...]::new)
    public static MapCodec<StormParticleOptions> MAP_CODEC = RecordCodecBuilder.mapCodec(object -> object.group((App)Codec.FLOAT.fieldOf("r").forGetter(p -> Float.valueOf(p.r)), (App)Codec.FLOAT.fieldOf("g").forGetter(p -> Float.valueOf(p.g)), (App)Codec.FLOAT.fieldOf("b").forGetter(p -> Float.valueOf(p.b)), (App)Codec.FLOAT.fieldOf("width").forGetter(p -> Float.valueOf(p.width)), (App)Codec.FLOAT.fieldOf("height").forGetter(p -> Float.valueOf(p.height)), (App)Codec.INT.fieldOf("entityid").forGetter(p -> p.entityid)).apply((Applicative)object, StormParticleOptions::new));
                                                                                                                                                                                                                                                                                                                                                                                                                                                                                                                                          ^
    method P6.apply(Applicative,Function6) is not applicable
      (argument mismatch; invalid constructor reference
          incompatible types: Object cannot be converted to float)
    method P6.apply(Applicative,App) is not applicable
      (argument mismatch; App is not a functional interface
          no abstract method found in interface App)
G:\Proyectos\Mods_Minecraft\the_sundering\neoforge\26.2\src\main\java\com\skd\thesundering\client\particle\Options\TrackLightningParticleOptions.java:37: error: cannot find symbol
    public static MapCodec<TrackLightningParticleOptions> MAP_CODEC = RecordCodecBuilder.mapCodec(object -> object.group((App)Codec.INT.fieldOf("r").forGetter(p -> p.r), (App)Codec.INT.fieldOf("g").forGetter(p -> p.g), (App)Codec.INT.fieldOf("b").forGetter(p -> p.b)).apply((Applicative)object, TrackLightningParticleOptions::new));
                                                                                                                                                                     ^
  symbol:   variable r
  location: variable p of type Object
G:\Proyectos\Mods_Minecraft\the_sundering\neoforge\26.2\src\main\java\com\skd\thesundering\client\particle\Options\TrackLightningParticleOptions.java:37: error: cannot find symbol
    public static MapCodec<TrackLightningParticleOptions> MAP_CODEC = RecordCodecBuilder.mapCodec(object -> object.group((App)Codec.INT.fieldOf("r").forGetter(p -> p.r), (App)Codec.INT.fieldOf("g").forGetter(p -> p.g), (App)Codec.INT.fieldOf("b").forGetter(p -> p.b)).apply((Applicative)object, TrackLightningParticleOptions::new));
                                                                                                                                                                                                                      ^
  symbol:   variable g
  location: variable p of type Object
G:\Proyectos\Mods_Minecraft\the_sundering\neoforge\26.2\src\main\java\com\skd\thesundering\client\particle\Options\TrackLightningParticleOptions.java:37: error: cannot find symbol
    public static MapCodec<TrackLightningParticleOptions> MAP_CODEC = RecordCodecBuilder.mapCodec(object -> object.group((App)Codec.INT.fieldOf("r").forGetter(p -> p.r), (App)Codec.INT.fieldOf("g").forGetter(p -> p.g), (App)Codec.INT.fieldOf("b").forGetter(p -> p.b)).apply((Applicative)object, TrackLightningParticleOptions::new));
                                                                                                                                                                                                                                                                       ^
  symbol:   variable b
  location: variable p of type Object
G:\Proyectos\Mods_Minecraft\the_sundering\neoforge\26.2\src\main\java\com\skd\thesundering\client\particle\Options\TrackLightningParticleOptions.java:37: error: no suitable method found for apply(Applicative,TrackLight[...]::new)
    public static MapCodec<TrackLightningParticleOptions> MAP_CODEC = RecordCodecBuilder.mapCodec(object -> object.group((App)Codec.INT.fieldOf("r").forGetter(p -> p.r), (App)Codec.INT.fieldOf("g").forGetter(p -> p.g), (App)Codec.INT.fieldOf("b").forGetter(p -> p.b)).apply((Applicative)object, TrackLightningParticleOptions::new));
                                                                                                                                                                                                                                                                           ^
    method P3.apply(Applicative,Function3) is not applicable
      (argument mismatch; invalid constructor reference
          incompatible types: Object cannot be converted to int)
    method P3.apply(Applicative,App) is not applicable
      (argument mismatch; App is not a functional interface
          no abstract method found in interface App)
G:\Proyectos\Mods_Minecraft\the_sundering\neoforge\26.2\src\main\java\com\skd\thesundering\client\particle\ParryParticle.java:48: error: ParryParticle is not abstract and does not override abstract method getLayer() in SingleQuadParticle
public class ParryParticle
       ^
G:\Proyectos\Mods_Minecraft\the_sundering\neoforge\26.2\src\main\java\com\skd\thesundering\client\particle\ParryParticle.java:56: error: no suitable constructor found for SingleQuadParticle(ClientLevel,double,double,double,double,double,double)
        super(level, x, y, z, xSpeed, ySpeed, zSpeed);
        ^
    constructor SingleQuadParticle.SingleQuadParticle(ClientLevel,double,double,double,TextureAtlasSprite) is not applicable
      (actual and formal argument lists differ in length)
    constructor SingleQuadParticle.SingleQuadParticle(ClientLevel,double,double,double,double,double,double,TextureAtlasSprite) is not applicable
      (actual and formal argument lists differ in length)
G:\Proyectos\Mods_Minecraft\the_sundering\neoforge\26.2\src\main\java\com\skd\thesundering\client\particle\ParryParticle.java:68: error: random has protected access in Level
        this.lifetime = 9 + level.random.nextInt(3);
                                 ^
G:\Proyectos\Mods_Minecraft\the_sundering\neoforge\26.2\src\main\java\com\skd\thesundering\client\particle\ParryParticle.java:72: error: cannot find symbol
        return ParticleRenderType.PARTICLE_SHEET_TRANSLUCENT;
                                 ^
  symbol:   variable PARTICLE_SHEET_TRANSLUCENT
  location: class ParticleRenderType
G:\Proyectos\Mods_Minecraft\the_sundering\neoforge\26.2\src\main\java\com\skd\thesundering\client\particle\ParryParticle.java:76: error: cannot find symbol
        int i = super.getLightColor(p_107086_);
                     ^
  symbol: method getLightColor(float)
G:\Proyectos\Mods_Minecraft\the_sundering\neoforge\26.2\src\main\java\com\skd\thesundering\client\particle\ParryParticle.java:115: error: cannot find symbol
        super.render(consumer, camera, partialTick);
             ^
  symbol: method render(VertexConsumer,Camera,float)
G:\Proyectos\Mods_Minecraft\the_sundering\neoforge\26.2\src\main\java\com\skd\thesundering\client\particle\ParryParticle.java:117: error: package MultiBufferSource does not exist
            MultiBufferSource.BufferSource bufferSource = Minecraft.getInstance().renderBuffers().bufferSource();
                             ^
G:\Proyectos\Mods_Minecraft\the_sundering\neoforge\26.2\src\main\java\com\skd\thesundering\client\particle\ParryParticle.java:117: error: cannot find symbol
            MultiBufferSource.BufferSource bufferSource = Minecraft.getInstance().renderBuffers().bufferSource();
                                                                                 ^
  symbol:   method renderBuffers()
  location: class Minecraft
G:\Proyectos\Mods_Minecraft\the_sundering\neoforge\26.2\src\main\java\com\skd\thesundering\client\particle\ParryParticle.java:119: error: cannot find symbol
            Vec3 cameraPos = camera.getPosition();
                                   ^
  symbol:   method getPosition()
  location: variable camera of type Camera
G:\Proyectos\Mods_Minecraft\the_sundering\neoforge\26.2\src\main\java\com\skd\thesundering\client\particle\ParryParticle.java:179: error: cannot find symbol
        return (float)(-Math.PI) / 180 * camera.getXRot();
                                               ^
  symbol:   method getXRot()
  location: variable camera of type Camera
G:\Proyectos\Mods_Minecraft\the_sundering\neoforge\26.2\src\main\java\com\skd\thesundering\client\particle\ParryParticle.java:210: error: ParryFactory is not abstract and does not override abstract method createParticle(ParryParticleOptions,ClientLevel,double,double,double,double,double,double,RandomSource) in ParticleProvider
    public static class ParryFactory
                  ^
G:\Proyectos\Mods_Minecraft\the_sundering\neoforge\26.2\src\main\java\com\skd\thesundering\client\particle\ParryParticle.java:220: error: cannot find symbol
            particle.pickSprite(this.spriteSet);
                    ^
  symbol:   method pickSprite(SpriteSet)
  location: variable particle of type ParryParticle
G:\Proyectos\Mods_Minecraft\the_sundering\neoforge\26.2\src\main\java\com\skd\thesundering\client\particle\Phantom_Emitter_Particle.java:34: error: Phantom_Emitter_Particle is not abstract and does not override abstract method getLayer() in SingleQuadParticle
public class Phantom_Emitter_Particle
       ^
G:\Proyectos\Mods_Minecraft\the_sundering\neoforge\26.2\src\main\java\com\skd\thesundering\client\particle\Phantom_Emitter_Particle.java:40: error: no suitable constructor found for SingleQuadParticle(ClientLevel,double,double,double,double,double,double)
        super(level, x, y, z, 0.0, 0.0, 0.0);
        ^
    constructor SingleQuadParticle.SingleQuadParticle(ClientLevel,double,double,double,TextureAtlasSprite) is not applicable
      (actual and formal argument lists differ in length)
    constructor SingleQuadParticle.SingleQuadParticle(ClientLevel,double,double,double,double,double,double,TextureAtlasSprite) is not applicable
      (actual and formal argument lists differ in length)
G:\Proyectos\Mods_Minecraft\the_sundering\neoforge\26.2\src\main\java\com\skd\thesundering\client\particle\Phantom_Emitter_Particle.java:59: error: cannot find symbol
        return ParticleRenderType.PARTICLE_SHEET_OPAQUE;
                                 ^
  symbol:   variable PARTICLE_SHEET_OPAQUE
  location: class ParticleRenderType
G:\Proyectos\Mods_Minecraft\the_sundering\neoforge\26.2\src\main\java\com\skd\thesundering\client\particle\Phantom_Emitter_Particle.java:80: error: Provider is not abstract and does not override abstract method createParticle(SimpleParticleType,ClientLevel,double,double,double,double,double,double,RandomSource) in ParticleProvider
    public static class Provider
                  ^
G:\Proyectos\Mods_Minecraft\the_sundering\neoforge\26.2\src\main\java\com\skd\thesundering\client\particle\Phantom_Wing_FlameParticle.java:23: error: Phantom_Wing_FlameParticle is not abstract and does not override abstract method getLayer() in SingleQuadParticle
public class Phantom_Wing_FlameParticle
       ^
G:\Proyectos\Mods_Minecraft\the_sundering\neoforge\26.2\src\main\java\com\skd\thesundering\client\particle\Phantom_Wing_FlameParticle.java:29: error: constructor RisingParticle in class RisingParticle cannot be applied to given types;
        super(p_107717_, p_107718_, p_107719_, p_107720_, p_107721_, p_107722_, p_107723_);
        ^
  required: ClientLevel,double,double,double,double,double,double,TextureAtlasSprite
  found:    ClientLevel,double,double,double,double,double,double
  reason: actual and formal argument lists differ in length
G:\Proyectos\Mods_Minecraft\the_sundering\neoforge\26.2\src\main\java\com\skd\thesundering\client\particle\Phantom_Wing_FlameParticle.java:36: error: cannot find symbol
        return this.isGlowing ? 240 : super.getLightColor(p_234080_);
                                           ^
  symbol: method getLightColor(float)
G:\Proyectos\Mods_Minecraft\the_sundering\neoforge\26.2\src\main\java\com\skd\thesundering\client\particle\Phantom_Wing_FlameParticle.java:40: error: cannot find symbol
        return ParticleRenderType.PARTICLE_SHEET_TRANSLUCENT;
                                 ^
  symbol:   variable PARTICLE_SHEET_TRANSLUCENT
  location: class ParticleRenderType
G:\Proyectos\Mods_Minecraft\the_sundering\neoforge\26.2\src\main\java\com\skd\thesundering\client\particle\Phantom_Wing_FlameParticle.java:48: error: Provider is not abstract and does not override abstract method createParticle(SimpleParticleType,ClientLevel,double,double,double,double,double,double,RandomSource) in ParticleProvider
    public static class Provider
                  ^
G:\Proyectos\Mods_Minecraft\the_sundering\neoforge\26.2\src\main\java\com\skd\thesundering\client\particle\Phantom_Wing_FlameParticle.java:63: error: EmissiveProvider is not abstract and does not override abstract method createParticle(SimpleParticleType,ClientLevel,double,double,double,double,double,double,RandomSource) in ParticleProvider
    public static class EmissiveProvider
                  ^
G:\Proyectos\Mods_Minecraft\the_sundering\neoforge\26.2\src\main\java\com\skd\thesundering\client\particle\RainCloudParticle.java:23: error: RainCloudParticle is not abstract and does not override abstract method getLayer() in SingleQuadParticle
public class RainCloudParticle
       ^
G:\Proyectos\Mods_Minecraft\the_sundering\neoforge\26.2\src\main\java\com\skd\thesundering\client\particle\RainCloudParticle.java:28: error: no suitable constructor found for SingleQuadParticle(ClientLevel,double,double,double,double,double,double)
        super(level, xCoord, yCoord, zCoord, xd, yd, zd);
        ^
    constructor SingleQuadParticle.SingleQuadParticle(ClientLevel,double,double,double,TextureAtlasSprite) is not applicable
      (actual and formal argument lists differ in length)
    constructor SingleQuadParticle.SingleQuadParticle(ClientLevel,double,double,double,double,double,double,TextureAtlasSprite) is not applicable
      (actual and formal argument lists differ in length)
G:\Proyectos\Mods_Minecraft\the_sundering\neoforge\26.2\src\main\java\com\skd\thesundering\client\particle\RainCloudParticle.java:41: error: cannot find symbol
        return ParticleRenderType.PARTICLE_SHEET_TRANSLUCENT;
                                 ^
  symbol:   variable PARTICLE_SHEET_TRANSLUCENT
  location: class ParticleRenderType
G:\Proyectos\Mods_Minecraft\the_sundering\neoforge\26.2\src\main\java\com\skd\thesundering\client\particle\RainCloudParticle.java:64: error: Factory is not abstract and does not override abstract method createParticle(SimpleParticleType,ClientLevel,double,double,double,double,double,double,RandomSource) in ParticleProvider
    public static class Factory
                  ^
G:\Proyectos\Mods_Minecraft\the_sundering\neoforge\26.2\src\main\java\com\skd\thesundering\client\particle\Rain_Fog_Particle.java:45: error: Rain_Fog_Particle is not abstract and does not override abstract method getLayer() in SingleQuadParticle
public class Rain_Fog_Particle
       ^
G:\Proyectos\Mods_Minecraft\the_sundering\neoforge\26.2\src\main\java\com\skd\thesundering\client\particle\Rain_Fog_Particle.java:48: error: cannot find symbol
    private static final Vector3f ROTATION_VECTOR = (Vector3f)Util.make((Object)new Vector3f(0.5f, 0.5f, 0.5f), Vector3f::normalize);
                                                              ^
  symbol:   variable Util
  location: class Rain_Fog_Particle
G:\Proyectos\Mods_Minecraft\the_sundering\neoforge\26.2\src\main\java\com\skd\thesundering\client\particle\Rain_Fog_Particle.java:53: error: no suitable constructor found for SingleQuadParticle(ClientLevel,double,double,double,double,double,double)
        super(level, xCoord, yCoord, zCoord, xd, yd, zd);
        ^
    constructor SingleQuadParticle.SingleQuadParticle(ClientLevel,double,double,double,TextureAtlasSprite) is not applicable
      (actual and formal argument lists differ in length)
    constructor SingleQuadParticle.SingleQuadParticle(ClientLevel,double,double,double,double,double,double,TextureAtlasSprite) is not applicable
      (actual and formal argument lists differ in length)
G:\Proyectos\Mods_Minecraft\the_sundering\neoforge\26.2\src\main\java\com\skd\thesundering\client\particle\Rain_Fog_Particle.java:66: error: cannot find symbol
        return ParticleRenderType.PARTICLE_SHEET_TRANSLUCENT;
                                 ^
  symbol:   variable PARTICLE_SHEET_TRANSLUCENT
  location: class ParticleRenderType
G:\Proyectos\Mods_Minecraft\the_sundering\neoforge\26.2\src\main\java\com\skd\thesundering\client\particle\Rain_Fog_Particle.java:106: error: cannot find symbol
        Vec3 vec3 = camera.getPosition();
                          ^
  symbol:   method getPosition()
  location: variable camera of type Camera
G:\Proyectos\Mods_Minecraft\the_sundering\neoforge\26.2\src\main\java\com\skd\thesundering\client\particle\Rain_Fog_Particle.java:121: error: cannot find symbol
        int j = this.getLightColor(partialTick);
                    ^
  symbol: method getLightColor(float)
G:\Proyectos\Mods_Minecraft\the_sundering\neoforge\26.2\src\main\java\com\skd\thesundering\client\particle\Rain_Fog_Particle.java:134: error: Factory is not abstract and does not override abstract method createParticle(RainFogParticleOptions,ClientLevel,double,double,double,double,double,double,RandomSource) in ParticleProvider
    public static class Factory
                  ^
G:\Proyectos\Mods_Minecraft\the_sundering\neoforge\26.2\src\main\java\com\skd\thesundering\client\particle\RingParticle.java:43: error: RingParticle is not abstract and does not override abstract method getLayer() in SingleQuadParticle
public class RingParticle
       ^
G:\Proyectos\Mods_Minecraft\the_sundering\neoforge\26.2\src\main\java\com\skd\thesundering\client\particle\RingParticle.java:57: error: no suitable constructor found for SingleQuadParticle(ClientLevel,double,double,double)
        super(world, x, y, z);
        ^
    constructor SingleQuadParticle.SingleQuadParticle(ClientLevel,double,double,double,TextureAtlasSprite) is not applicable
      (actual and formal argument lists differ in length)
    constructor SingleQuadParticle.SingleQuadParticle(ClientLevel,double,double,double,double,double,double,TextureAtlasSprite) is not applicable
      (actual and formal argument lists differ in length)
G:\Proyectos\Mods_Minecraft\the_sundering\neoforge\26.2\src\main\java\com\skd\thesundering\client\particle\RingParticle.java:78: error: cannot find symbol
        return 0xF0 | super.getLightColor(delta) & 0xFF0000;
                           ^
  symbol: method getLightColor(float)
G:\Proyectos\Mods_Minecraft\the_sundering\neoforge\26.2\src\main\java\com\skd\thesundering\client\particle\RingParticle.java:97: error: cannot find symbol
        Vec3 Vector3d = renderInfo.getPosition();
                                  ^
  symbol:   method getPosition()
  location: variable renderInfo of type Camera
G:\Proyectos\Mods_Minecraft\the_sundering\neoforge\26.2\src\main\java\com\skd\thesundering\client\particle\RingParticle.java:142: error: cannot find symbol
        return ParticleRenderType.PARTICLE_SHEET_TRANSLUCENT;
                                 ^
  symbol:   variable PARTICLE_SHEET_TRANSLUCENT
  location: class ParticleRenderType
G:\Proyectos\Mods_Minecraft\the_sundering\neoforge\26.2\src\main\java\com\skd\thesundering\client\particle\RingParticle.java:146: error: RingFactory is not abstract and does not override abstract method createParticle(RingParticleOptions,ClientLevel,double,double,double,double,double,double,RandomSource) in ParticleProvider
    public static class RingFactory
                  ^
G:\Proyectos\Mods_Minecraft\the_sundering\neoforge\26.2\src\main\java\com\skd\thesundering\client\particle\Rising_Trail_Particle.java:25: error: Rising_Trail_Particle is not abstract and does not override abstract method getGroup() in Particle
public class Rising_Trail_Particle
       ^
G:\Proyectos\Mods_Minecraft\the_sundering\neoforge\26.2\src\main\java\com\skd\thesundering\client\particle\Rising_Trail_Particle.java:90: error: Factory is not abstract and does not override abstract method createParticle(Rising_Trail_Options,ClientLevel,double,double,double,double,double,double,RandomSource) in ParticleProvider
    public static class Factory
                  ^
G:\Proyectos\Mods_Minecraft\the_sundering\neoforge\26.2\src\main\java\com\skd\thesundering\client\particle\RoarParticle.java:26: error: RoarParticle is not abstract and does not override abstract method getLayer() in SingleQuadParticle
public class RoarParticle
       ^
G:\Proyectos\Mods_Minecraft\the_sundering\neoforge\26.2\src\main\java\com\skd\thesundering\client\particle\RoarParticle.java:37: error: no suitable constructor found for SingleQuadParticle(ClientLevel,double,double,double)
        super(world, x, y, z);
        ^
    constructor SingleQuadParticle.SingleQuadParticle(ClientLevel,double,double,double,TextureAtlasSprite) is not applicable
      (actual and formal argument lists differ in length)
    constructor SingleQuadParticle.SingleQuadParticle(ClientLevel,double,double,double,double,double,double,TextureAtlasSprite) is not applicable
      (actual and formal argument lists differ in length)
G:\Proyectos\Mods_Minecraft\the_sundering\neoforge\26.2\src\main\java\com\skd\thesundering\client\particle\RoarParticle.java:56: error: cannot find symbol
        return 0xF0 | super.getLightColor(delta) & 0xFF0000;
                           ^
  symbol: method getLightColor(float)
G:\Proyectos\Mods_Minecraft\the_sundering\neoforge\26.2\src\main\java\com\skd\thesundering\client\particle\RoarParticle.java:76: error: cannot find symbol
        return ParticleRenderType.PARTICLE_SHEET_TRANSLUCENT;
                                 ^
  symbol:   variable PARTICLE_SHEET_TRANSLUCENT
  location: class ParticleRenderType
G:\Proyectos\Mods_Minecraft\the_sundering\neoforge\26.2\src\main\java\com\skd\thesundering\client\particle\RoarParticle.java:80: error: RoarFactory is not abstract and does not override abstract method createParticle(RoarParticleOptions,ClientLevel,double,double,double,double,double,double,RandomSource) in ParticleProvider
    public static class RoarFactory
                  ^
G:\Proyectos\Mods_Minecraft\the_sundering\neoforge\26.2\src\main\java\com\skd\thesundering\client\particle\SandStormParticle.java:23: error: SandStormParticle is not abstract and does not override abstract method getLayer() in SingleQuadParticle
public class SandStormParticle
       ^
G:\Proyectos\Mods_Minecraft\the_sundering\neoforge\26.2\src\main\java\com\skd\thesundering\client\particle\SandStormParticle.java:26: error: no suitable constructor found for SingleQuadParticle(ClientLevel,double,double,double,double,double,double)
        super(level, xCoord, yCoord, zCoord, xd, yd, zd);
        ^
    constructor SingleQuadParticle.SingleQuadParticle(ClientLevel,double,double,double,TextureAtlasSprite) is not applicable
      (actual and formal argument lists differ in length)
    constructor SingleQuadParticle.SingleQuadParticle(ClientLevel,double,double,double,double,double,double,TextureAtlasSprite) is not applicable
      (actual and formal argument lists differ in length)
G:\Proyectos\Mods_Minecraft\the_sundering\neoforge\26.2\src\main\java\com\skd\thesundering\client\particle\SandStormParticle.java:36: error: cannot find symbol
        return ParticleRenderType.PARTICLE_SHEET_OPAQUE;
                                 ^
  symbol:   variable PARTICLE_SHEET_OPAQUE
  location: class ParticleRenderType
G:\Proyectos\Mods_Minecraft\the_sundering\neoforge\26.2\src\main\java\com\skd\thesundering\client\particle\SandStormParticle.java:59: error: Factory is not abstract and does not override abstract method createParticle(SimpleParticleType,ClientLevel,double,double,double,double,double,double,RandomSource) in ParticleProvider
    public static class Factory
                  ^
G:\Proyectos\Mods_Minecraft\the_sundering\neoforge\26.2\src\main\java\com\skd\thesundering\client\particle\Scylla_Swing_Particle.java:43: error: Scylla_Swing_Particle is not abstract and does not override abstract method getLayer() in SingleQuadParticle
public class Scylla_Swing_Particle
       ^
G:\Proyectos\Mods_Minecraft\the_sundering\neoforge\26.2\src\main\java\com\skd\thesundering\client\particle\Scylla_Swing_Particle.java:50: error: no suitable constructor found for SingleQuadParticle(ClientLevel,double,double,double,double,double,double)
        super(pLevel, pX, pY, pZ, 0.0, 0.0, 0.0);
        ^
    constructor SingleQuadParticle.SingleQuadParticle(ClientLevel,double,double,double,TextureAtlasSprite) is not applicable
      (actual and formal argument lists differ in length)
    constructor SingleQuadParticle.SingleQuadParticle(ClientLevel,double,double,double,double,double,double,TextureAtlasSprite) is not applicable
      (actual and formal argument lists differ in length)
G:\Proyectos\Mods_Minecraft\the_sundering\neoforge\26.2\src\main\java\com\skd\thesundering\client\particle\Scylla_Swing_Particle.java:76: error: cannot find symbol
        Vec3 Vector3d = camera.getPosition();
                              ^
  symbol:   method getPosition()
  location: variable camera of type Camera
G:\Proyectos\Mods_Minecraft\the_sundering\neoforge\26.2\src\main\java\com\skd\thesundering\client\particle\Scylla_Swing_Particle.java:112: error: cannot find symbol
        return ParticleRenderType.PARTICLE_SHEET_TRANSLUCENT;
                                 ^
  symbol:   variable PARTICLE_SHEET_TRANSLUCENT
  location: class ParticleRenderType
G:\Proyectos\Mods_Minecraft\the_sundering\neoforge\26.2\src\main\java\com\skd\thesundering\client\particle\Scylla_Swing_Particle.java:120: error: Provider is not abstract and does not override abstract method createParticle(ScyllaSwingParticleOptions,ClientLevel,double,double,double,double,double,double,RandomSource) in ParticleProvider
    public static class Provider
                  ^
G:\Proyectos\Mods_Minecraft\the_sundering\neoforge\26.2\src\main\java\com\skd\thesundering\client\particle\Shock_WaveParticle.java:47: error: Shock_WaveParticle is not abstract and does not override abstract method getGroup() in Particle
public class Shock_WaveParticle
       ^
G:\Proyectos\Mods_Minecraft\the_sundering\neoforge\26.2\src\main\java\com\skd\thesundering\client\particle\Shock_WaveParticle.java:58: error: cannot find symbol
        this.alpha = 1.0f;
            ^
  symbol: variable alpha
G:\Proyectos\Mods_Minecraft\the_sundering\neoforge\26.2\src\main\java\com\skd\thesundering\client\particle\Shock_WaveParticle.java:71: error: cannot find symbol
        this.prevAlpha = this.alpha;
                             ^
  symbol: variable alpha
G:\Proyectos\Mods_Minecraft\the_sundering\neoforge\26.2\src\main\java\com\skd\thesundering\client\particle\Shock_WaveParticle.java:76: error: cannot find symbol
        if (this.alpha > 0.0f) {
                ^
  symbol: variable alpha
G:\Proyectos\Mods_Minecraft\the_sundering\neoforge\26.2\src\main\java\com\skd\thesundering\client\particle\Shock_WaveParticle.java:77: error: cannot find symbol
            this.alpha = Math.max(this.alpha - this.alphaDecrease, 0.0f);
                ^
  symbol: variable alpha
G:\Proyectos\Mods_Minecraft\the_sundering\neoforge\26.2\src\main\java\com\skd\thesundering\client\particle\Shock_WaveParticle.java:77: error: cannot find symbol
            this.alpha = Math.max(this.alpha - this.alphaDecrease, 0.0f);
                                      ^
  symbol: variable alpha
G:\Proyectos\Mods_Minecraft\the_sundering\neoforge\26.2\src\main\java\com\skd\thesundering\client\particle\Shock_WaveParticle.java:83: error: cannot find symbol
        Vec3 vec3 = camera.getPosition();
                          ^
  symbol:   method getPosition()
  location: variable camera of type Camera
G:\Proyectos\Mods_Minecraft\the_sundering\neoforge\26.2\src\main\java\com\skd\thesundering\client\particle\Shock_WaveParticle.java:88: error: package MultiBufferSource does not exist
        MultiBufferSource.BufferSource multibuffersource$buffersource = Minecraft.getInstance().renderBuffers().bufferSource();
                         ^
G:\Proyectos\Mods_Minecraft\the_sundering\neoforge\26.2\src\main\java\com\skd\thesundering\client\particle\Shock_WaveParticle.java:88: error: cannot find symbol
        MultiBufferSource.BufferSource multibuffersource$buffersource = Minecraft.getInstance().renderBuffers().bufferSource();
                                                                                               ^
  symbol:   method renderBuffers()
  location: class Minecraft
G:\Proyectos\Mods_Minecraft\the_sundering\neoforge\26.2\src\main\java\com\skd\thesundering\client\particle\Shock_WaveParticle.java:94: error: cannot find symbol
        float alphaLerp = this.prevAlpha + partialTick * (this.alpha - this.prevAlpha);
                                                              ^
  symbol: variable alpha
G:\Proyectos\Mods_Minecraft\the_sundering\neoforge\26.2\src\main\java\com\skd\thesundering\client\particle\Shock_WaveParticle.java:106: error: cannot find symbol
        portalStatic.addVertex(avector3f[0].x(), avector3f[0].y(), avector3f[0].z()).setColor(this.rCol, this.gCol, this.bCol, alphaLerp).setUv(f8, f6).setOverlay(OverlayTexture.NO_OVERLAY).setLight(j).setNormal(posestack$pose, 0.0f, -1.0f, 0.0f);
                                                                                                  ^
  symbol: variable rCol
G:\Proyectos\Mods_Minecraft\the_sundering\neoforge\26.2\src\main\java\com\skd\thesundering\client\particle\Shock_WaveParticle.java:106: error: cannot find symbol
        portalStatic.addVertex(avector3f[0].x(), avector3f[0].y(), avector3f[0].z()).setColor(this.rCol, this.gCol, this.bCol, alphaLerp).setUv(f8, f6).setOverlay(OverlayTexture.NO_OVERLAY).setLight(j).setNormal(posestack$pose, 0.0f, -1.0f, 0.0f);
                                                                                                             ^
  symbol: variable gCol
G:\Proyectos\Mods_Minecraft\the_sundering\neoforge\26.2\src\main\java\com\skd\thesundering\client\particle\Shock_WaveParticle.java:106: error: cannot find symbol
        portalStatic.addVertex(avector3f[0].x(), avector3f[0].y(), avector3f[0].z()).setColor(this.rCol, this.gCol, this.bCol, alphaLerp).setUv(f8, f6).setOverlay(OverlayTexture.NO_OVERLAY).setLight(j).setNormal(posestack$pose, 0.0f, -1.0f, 0.0f);
                                                                                                                        ^
  symbol: variable bCol
G:\Proyectos\Mods_Minecraft\the_sundering\neoforge\26.2\src\main\java\com\skd\thesundering\client\particle\Shock_WaveParticle.java:107: error: cannot find symbol
        portalStatic.addVertex(avector3f[1].x(), avector3f[1].y(), avector3f[1].z()).setColor(this.rCol, this.gCol, this.bCol, alphaLerp).setUv(f8, f5).setOverlay(OverlayTexture.NO_OVERLAY).setLight(j).setNormal(posestack$pose, 0.0f, -1.0f, 0.0f);
                                                                                                  ^
  symbol: variable rCol
G:\Proyectos\Mods_Minecraft\the_sundering\neoforge\26.2\src\main\java\com\skd\thesundering\client\particle\Shock_WaveParticle.java:107: error: cannot find symbol
        portalStatic.addVertex(avector3f[1].x(), avector3f[1].y(), avector3f[1].z()).setColor(this.rCol, this.gCol, this.bCol, alphaLerp).setUv(f8, f5).setOverlay(OverlayTexture.NO_OVERLAY).setLight(j).setNormal(posestack$pose, 0.0f, -1.0f, 0.0f);
                                                                                                             ^
  symbol: variable gCol
G:\Proyectos\Mods_Minecraft\the_sundering\neoforge\26.2\src\main\java\com\skd\thesundering\client\particle\Shock_WaveParticle.java:107: error: cannot find symbol
        portalStatic.addVertex(avector3f[1].x(), avector3f[1].y(), avector3f[1].z()).setColor(this.rCol, this.gCol, this.bCol, alphaLerp).setUv(f8, f5).setOverlay(OverlayTexture.NO_OVERLAY).setLight(j).setNormal(posestack$pose, 0.0f, -1.0f, 0.0f);
                                                                                                                        ^
  symbol: variable bCol
G:\Proyectos\Mods_Minecraft\the_sundering\neoforge\26.2\src\main\java\com\skd\thesundering\client\particle\Shock_WaveParticle.java:108: error: cannot find symbol
        portalStatic.addVertex(avector3f[2].x(), avector3f[2].y(), avector3f[2].z()).setColor(this.rCol, this.gCol, this.bCol, alphaLerp).setUv(f7, f5).setOverlay(OverlayTexture.NO_OVERLAY).setLight(j).setNormal(posestack$pose, 0.0f, -1.0f, 0.0f);
                                                                                                  ^
  symbol: variable rCol
G:\Proyectos\Mods_Minecraft\the_sundering\neoforge\26.2\src\main\java\com\skd\thesundering\client\particle\Shock_WaveParticle.java:108: error: cannot find symbol
        portalStatic.addVertex(avector3f[2].x(), avector3f[2].y(), avector3f[2].z()).setColor(this.rCol, this.gCol, this.bCol, alphaLerp).setUv(f7, f5).setOverlay(OverlayTexture.NO_OVERLAY).setLight(j).setNormal(posestack$pose, 0.0f, -1.0f, 0.0f);
                                                                                                             ^
  symbol: variable gCol
G:\Proyectos\Mods_Minecraft\the_sundering\neoforge\26.2\src\main\java\com\skd\thesundering\client\particle\Shock_WaveParticle.java:108: error: cannot find symbol
        portalStatic.addVertex(avector3f[2].x(), avector3f[2].y(), avector3f[2].z()).setColor(this.rCol, this.gCol, this.bCol, alphaLerp).setUv(f7, f5).setOverlay(OverlayTexture.NO_OVERLAY).setLight(j).setNormal(posestack$pose, 0.0f, -1.0f, 0.0f);
                                                                                                                        ^
  symbol: variable bCol
G:\Proyectos\Mods_Minecraft\the_sundering\neoforge\26.2\src\main\java\com\skd\thesundering\client\particle\Shock_WaveParticle.java:109: error: cannot find symbol
        portalStatic.addVertex(avector3f[3].x(), avector3f[3].y(), avector3f[3].z()).setColor(this.rCol, this.gCol, this.bCol, alphaLerp).setUv(f7, f6).setOverlay(OverlayTexture.NO_OVERLAY).setLight(j).setNormal(posestack$pose, 0.0f, -1.0f, 0.0f);
                                                                                                  ^
  symbol: variable rCol
G:\Proyectos\Mods_Minecraft\the_sundering\neoforge\26.2\src\main\java\com\skd\thesundering\client\particle\Shock_WaveParticle.java:109: error: cannot find symbol
        portalStatic.addVertex(avector3f[3].x(), avector3f[3].y(), avector3f[3].z()).setColor(this.rCol, this.gCol, this.bCol, alphaLerp).setUv(f7, f6).setOverlay(OverlayTexture.NO_OVERLAY).setLight(j).setNormal(posestack$pose, 0.0f, -1.0f, 0.0f);
                                                                                                             ^
  symbol: variable gCol
G:\Proyectos\Mods_Minecraft\the_sundering\neoforge\26.2\src\main\java\com\skd\thesundering\client\particle\Shock_WaveParticle.java:109: error: cannot find symbol
        portalStatic.addVertex(avector3f[3].x(), avector3f[3].y(), avector3f[3].z()).setColor(this.rCol, this.gCol, this.bCol, alphaLerp).setUv(f7, f6).setOverlay(OverlayTexture.NO_OVERLAY).setLight(j).setNormal(posestack$pose, 0.0f, -1.0f, 0.0f);
                                                                                                                        ^
  symbol: variable bCol
G:\Proyectos\Mods_Minecraft\the_sundering\neoforge\26.2\src\main\java\com\skd\thesundering\client\particle\Shock_WaveParticle.java:113: error: cannot find symbol
        return ParticleRenderType.CUSTOM;
                                 ^
  symbol:   variable CUSTOM
  location: class ParticleRenderType
G:\Proyectos\Mods_Minecraft\the_sundering\neoforge\26.2\src\main\java\com\skd\thesundering\client\particle\Shock_WaveParticle.java:116: error: Factory is not abstract and does not override abstract method createParticle(SimpleParticleType,ClientLevel,double,double,double,double,double,double,RandomSource) in ParticleProvider
    public static class Factory
                  ^
G:\Proyectos\Mods_Minecraft\the_sundering\neoforge\26.2\src\main\java\com\skd\thesundering\client\particle\SoulLavaParticle.java:27: error: SoulLavaParticle is not abstract and does not override abstract method getLayer() in SingleQuadParticle
public class SoulLavaParticle
       ^
G:\Proyectos\Mods_Minecraft\the_sundering\neoforge\26.2\src\main\java\com\skd\thesundering\client\particle\SoulLavaParticle.java:30: error: no suitable constructor found for SingleQuadParticle(ClientLevel,double,double,double,double,double,double)
        super(p_107074_, p_107075_, p_107076_, p_107077_, 0.0, 0.0, 0.0);
        ^
    constructor SingleQuadParticle.SingleQuadParticle(ClientLevel,double,double,double,TextureAtlasSprite) is not applicable
      (actual and formal argument lists differ in length)
    constructor SingleQuadParticle.SingleQuadParticle(ClientLevel,double,double,double,double,double,double,TextureAtlasSprite) is not applicable
      (actual and formal argument lists differ in length)
G:\Proyectos\Mods_Minecraft\the_sundering\neoforge\26.2\src\main\java\com\skd\thesundering\client\particle\SoulLavaParticle.java:42: error: cannot find symbol
        return ParticleRenderType.PARTICLE_SHEET_OPAQUE;
                                 ^
  symbol:   variable PARTICLE_SHEET_OPAQUE
  location: class ParticleRenderType
G:\Proyectos\Mods_Minecraft\the_sundering\neoforge\26.2\src\main\java\com\skd\thesundering\client\particle\SoulLavaParticle.java:46: error: cannot find symbol
        int i = super.getLightColor(p_107086_);
                     ^
  symbol: method getLightColor(float)
G:\Proyectos\Mods_Minecraft\the_sundering\neoforge\26.2\src\main\java\com\skd\thesundering\client\particle\SoulLavaParticle.java:67: error: Factory is not abstract and does not override abstract method createParticle(SimpleParticleType,ClientLevel,double,double,double,double,double,double,RandomSource) in ParticleProvider
    public static class Factory
                  ^
G:\Proyectos\Mods_Minecraft\the_sundering\neoforge\26.2\src\main\java\com\skd\thesundering\client\particle\SoulLavaParticle.java:77: error: cannot find symbol
            lavaparticle.pickSprite(this.sprite);
                        ^
  symbol:   method pickSprite(SpriteSet)
  location: variable lavaparticle of type SoulLavaParticle
G:\Proyectos\Mods_Minecraft\the_sundering\neoforge\26.2\src\main\java\com\skd\thesundering\client\particle\SparkParticle.java:26: error: SparkParticle is not abstract and does not override abstract method getLayer() in SingleQuadParticle
public class SparkParticle
       ^
G:\Proyectos\Mods_Minecraft\the_sundering\neoforge\26.2\src\main\java\com\skd\thesundering\client\particle\SparkParticle.java:29: error: no suitable constructor found for SingleQuadParticle(ClientLevel,double,double,double,double,double,double)
        super(level, x, y, z, xSpeed, ySpeed, zSpeed);
        ^
    constructor SingleQuadParticle.SingleQuadParticle(ClientLevel,double,double,double,TextureAtlasSprite) is not applicable
      (actual and formal argument lists differ in length)
    constructor SingleQuadParticle.SingleQuadParticle(ClientLevel,double,double,double,double,double,double,TextureAtlasSprite) is not applicable
      (actual and formal argument lists differ in length)
G:\Proyectos\Mods_Minecraft\the_sundering\neoforge\26.2\src\main\java\com\skd\thesundering\client\particle\SparkParticle.java:37: error: random has protected access in Level
        this.lifetime = 6 + level.random.nextInt(3);
                                 ^
G:\Proyectos\Mods_Minecraft\the_sundering\neoforge\26.2\src\main\java\com\skd\thesundering\client\particle\SparkParticle.java:41: error: cannot find symbol
        return ParticleRenderType.PARTICLE_SHEET_OPAQUE;
                                 ^
  symbol:   variable PARTICLE_SHEET_OPAQUE
  location: class ParticleRenderType
G:\Proyectos\Mods_Minecraft\the_sundering\neoforge\26.2\src\main\java\com\skd\thesundering\client\particle\SparkParticle.java:45: error: cannot find symbol
        int i = super.getLightColor(p_107086_);
                     ^
  symbol: method getLightColor(float)
G:\Proyectos\Mods_Minecraft\the_sundering\neoforge\26.2\src\main\java\com\skd\thesundering\client\particle\SparkParticle.java:69: error: Factory is not abstract and does not override abstract method createParticle(SimpleParticleType,ClientLevel,double,double,double,double,double,double,RandomSource) in ParticleProvider
    public static class Factory
                  ^
G:\Proyectos\Mods_Minecraft\the_sundering\neoforge\26.2\src\main\java\com\skd\thesundering\client\particle\SparkParticle.java:79: error: cannot find symbol
            lavaparticle.pickSprite(this.sprite);
                        ^
  symbol:   method pickSprite(SpriteSet)
  location: variable lavaparticle of type SparkParticle
G:\Proyectos\Mods_Minecraft\the_sundering\neoforge\26.2\src\main\java\com\skd\thesundering\client\particle\SparkTrailParticle.java:42: error: SparkTrailParticle is not abstract and does not override abstract method getGroup() in Particle
public class SparkTrailParticle
       ^
G:\Proyectos\Mods_Minecraft\the_sundering\neoforge\26.2\src\main\java\com\skd\thesundering\client\particle\SparkTrailParticle.java:57: error: cannot find symbol
        this.rCol = r;
            ^
  symbol: variable rCol
G:\Proyectos\Mods_Minecraft\the_sundering\neoforge\26.2\src\main\java\com\skd\thesundering\client\particle\SparkTrailParticle.java:58: error: cannot find symbol
        this.gCol = g;
            ^
  symbol: variable gCol
G:\Proyectos\Mods_Minecraft\the_sundering\neoforge\26.2\src\main\java\com\skd\thesundering\client\particle\SparkTrailParticle.java:59: error: cannot find symbol
        this.bCol = b;
            ^
  symbol: variable bCol
G:\Proyectos\Mods_Minecraft\the_sundering\neoforge\26.2\src\main\java\com\skd\thesundering\client\particle\SparkTrailParticle.java:63: error: cannot find symbol
        return ParticleRenderType.CUSTOM;
                                 ^
  symbol:   variable CUSTOM
  location: class ParticleRenderType
G:\Proyectos\Mods_Minecraft\the_sundering\neoforge\26.2\src\main\java\com\skd\thesundering\client\particle\SparkTrailParticle.java:67: error: cannot find symbol
        Vec3 vec3 = camera.getPosition();
                          ^
  symbol:   method getPosition()
  location: variable camera of type Camera
G:\Proyectos\Mods_Minecraft\the_sundering\neoforge\26.2\src\main\java\com\skd\thesundering\client\particle\SparkTrailParticle.java:69: error: package MultiBufferSource does not exist
        MultiBufferSource.BufferSource multibuffersource$buffersource = Minecraft.getInstance().renderBuffers().bufferSource();
                         ^
G:\Proyectos\Mods_Minecraft\the_sundering\neoforge\26.2\src\main\java\com\skd\thesundering\client\particle\SparkTrailParticle.java:69: error: cannot find symbol
        MultiBufferSource.BufferSource multibuffersource$buffersource = Minecraft.getInstance().renderBuffers().bufferSource();
                                                                                               ^
  symbol:   method renderBuffers()
  location: class Minecraft
G:\Proyectos\Mods_Minecraft\the_sundering\neoforge\26.2\src\main\java\com\skd\thesundering\client\particle\SparkTrailParticle.java:77: error: cannot find symbol
        LightningBoltData.BoltRenderInfo lightningBoltData = new LightningBoltData.BoltRenderInfo(0.5f, 0.1f, 0.5f, 0.85f, new Vector4f(this.rCol / 255.0f, this.gCol / 255.0f, this.bCol / 255.0f, 1.0f), 0.9f);
                                                                                                                                            ^
  symbol: variable rCol
G:\Proyectos\Mods_Minecraft\the_sundering\neoforge\26.2\src\main\java\com\skd\thesundering\client\particle\SparkTrailParticle.java:77: error: cannot find symbol
        LightningBoltData.BoltRenderInfo lightningBoltData = new LightningBoltData.BoltRenderInfo(0.5f, 0.1f, 0.5f, 0.85f, new Vector4f(this.rCol / 255.0f, this.gCol / 255.0f, this.bCol / 255.0f, 1.0f), 0.9f);
                                                                                                                                                                ^
  symbol: variable gCol
G:\Proyectos\Mods_Minecraft\the_sundering\neoforge\26.2\src\main\java\com\skd\thesundering\client\particle\SparkTrailParticle.java:77: error: cannot find symbol
        LightningBoltData.BoltRenderInfo lightningBoltData = new LightningBoltData.BoltRenderInfo(0.5f, 0.1f, 0.5f, 0.85f, new Vector4f(this.rCol / 255.0f, this.gCol / 255.0f, this.bCol / 255.0f, 1.0f), 0.9f);
                                                                                                                                                                                    ^
  symbol: variable bCol
G:\Proyectos\Mods_Minecraft\the_sundering\neoforge\26.2\src\main\java\com\skd\thesundering\client\particle\SparkTrailParticle.java:80: error: cannot find symbol
        this.lightningRender.render(partialTick, posestack, (MultiBufferSource)multibuffersource$buffersource);
                                                             ^
  symbol:   class MultiBufferSource
  location: class SparkTrailParticle
G:\Proyectos\Mods_Minecraft\the_sundering\neoforge\26.2\src\main\java\com\skd\thesundering\client\particle\SparkTrailParticle.java:85: error: Factory is not abstract and does not override abstract method createParticle(SparkTrailParticleOptions,ClientLevel,double,double,double,double,double,double,RandomSource) in ParticleProvider
    public static class Factory
                  ^
G:\Proyectos\Mods_Minecraft\the_sundering\neoforge\26.2\src\main\java\com\skd\thesundering\client\particle\StormParticle.java:27: error: StormParticle is not abstract and does not override abstract method getGroup() in Particle
public class StormParticle
       ^
G:\Proyectos\Mods_Minecraft\the_sundering\neoforge\26.2\src\main\java\com\skd\thesundering\client\particle\StormParticle.java:112: error: Factory is not abstract and does not override abstract method createParticle(StormParticleOptions,ClientLevel,double,double,double,double,double,double,RandomSource) in ParticleProvider
    public static class Factory
                  ^
G:\Proyectos\Mods_Minecraft\the_sundering\neoforge\26.2\src\main\java\com\skd\thesundering\client\particle\TrackLightningParticle.java:43: error: TrackLightningParticle is not abstract and does not override abstract method getGroup() in Particle
public class TrackLightningParticle
       ^
G:\Proyectos\Mods_Minecraft\the_sundering\neoforge\26.2\src\main\java\com\skd\thesundering\client\particle\TrackLightningParticle.java:53: error: cannot find symbol
        this.rCol = r;
            ^
  symbol: variable rCol
G:\Proyectos\Mods_Minecraft\the_sundering\neoforge\26.2\src\main\java\com\skd\thesundering\client\particle\TrackLightningParticle.java:54: error: cannot find symbol
        this.gCol = g;
            ^
  symbol: variable gCol
G:\Proyectos\Mods_Minecraft\the_sundering\neoforge\26.2\src\main\java\com\skd\thesundering\client\particle\TrackLightningParticle.java:55: error: cannot find symbol
        this.bCol = b;
            ^
  symbol: variable bCol
G:\Proyectos\Mods_Minecraft\the_sundering\neoforge\26.2\src\main\java\com\skd\thesundering\client\particle\TrackLightningParticle.java:59: error: cannot find symbol
        LightningBoltData.BoltRenderInfo boltData = new LightningBoltData.BoltRenderInfo(0.5f, 0.1f, 0.5f, 0.85f, new Vector4f(this.rCol / 255.0f, this.gCol / 255.0f, this.bCol / 255.0f, 0.8f), 0.1f);
                                                                                                                                   ^
  symbol: variable rCol
G:\Proyectos\Mods_Minecraft\the_sundering\neoforge\26.2\src\main\java\com\skd\thesundering\client\particle\TrackLightningParticle.java:59: error: cannot find symbol
        LightningBoltData.BoltRenderInfo boltData = new LightningBoltData.BoltRenderInfo(0.5f, 0.1f, 0.5f, 0.85f, new Vector4f(this.rCol / 255.0f, this.gCol / 255.0f, this.bCol / 255.0f, 0.8f), 0.1f);
                                                                                                                                                       ^
  symbol: variable gCol
G:\Proyectos\Mods_Minecraft\the_sundering\neoforge\26.2\src\main\java\com\skd\thesundering\client\particle\TrackLightningParticle.java:59: error: cannot find symbol
        LightningBoltData.BoltRenderInfo boltData = new LightningBoltData.BoltRenderInfo(0.5f, 0.1f, 0.5f, 0.85f, new Vector4f(this.rCol / 255.0f, this.gCol / 255.0f, this.bCol / 255.0f, 0.8f), 0.1f);
                                                                                                                                                                           ^
  symbol: variable bCol
G:\Proyectos\Mods_Minecraft\the_sundering\neoforge\26.2\src\main\java\com\skd\thesundering\client\particle\TrackLightningParticle.java:84: error: package MultiBufferSource does not exist
        MultiBufferSource.BufferSource multibuffersource$buffersource = Minecraft.getInstance().renderBuffers().bufferSource();
                         ^
G:\Proyectos\Mods_Minecraft\the_sundering\neoforge\26.2\src\main\java\com\skd\thesundering\client\particle\TrackLightningParticle.java:84: error: cannot find symbol
        MultiBufferSource.BufferSource multibuffersource$buffersource = Minecraft.getInstance().renderBuffers().bufferSource();
                                                                                               ^
  symbol:   method renderBuffers()
  location: class Minecraft
G:\Proyectos\Mods_Minecraft\the_sundering\neoforge\26.2\src\main\java\com\skd\thesundering\client\particle\TrackLightningParticle.java:85: error: cannot find symbol
        Vec3 cameraPos = camera.getPosition();
                               ^
  symbol:   method getPosition()
  location: variable camera of type Camera
G:\Proyectos\Mods_Minecraft\the_sundering\neoforge\26.2\src\main\java\com\skd\thesundering\client\particle\TrackLightningParticle.java:93: error: cannot find symbol
        this.lightningRender.render(partialTick, posestack, (MultiBufferSource)multibuffersource$buffersource);
                                                             ^
  symbol:   class MultiBufferSource
  location: class TrackLightningParticle
G:\Proyectos\Mods_Minecraft\the_sundering\neoforge\26.2\src\main\java\com\skd\thesundering\client\particle\TrackLightningParticle.java:98: error: cannot find symbol
        return ParticleRenderType.CUSTOM;
                                 ^
  symbol:   variable CUSTOM
  location: class ParticleRenderType
G:\Proyectos\Mods_Minecraft\the_sundering\neoforge\26.2\src\main\java\com\skd\thesundering\client\particle\TrackLightningParticle.java:102: error: Factory is not abstract and does not override abstract method createParticle(TrackLightningParticleOptions,ClientLevel,double,double,double,double,double,double,RandomSource) in ParticleProvider
    public static class Factory
                  ^
G:\Proyectos\Mods_Minecraft\the_sundering\neoforge\26.2\src\main\java\com\skd\thesundering\client\particle\TrapFlameParticle.java:25: error: TrapFlameParticle is not abstract and does not override abstract method getLayer() in SingleQuadParticle
public class TrapFlameParticle
       ^
G:\Proyectos\Mods_Minecraft\the_sundering\neoforge\26.2\src\main\java\com\skd\thesundering\client\particle\TrapFlameParticle.java:31: error: no suitable constructor found for SingleQuadParticle(ClientLevel,double,double,double,double,double,double)
        super(world, x, y, z, xSpeed, ySpeed, zSpeed);
        ^
    constructor SingleQuadParticle.SingleQuadParticle(ClientLevel,double,double,double,TextureAtlasSprite) is not applicable
      (actual and formal argument lists differ in length)
    constructor SingleQuadParticle.SingleQuadParticle(ClientLevel,double,double,double,double,double,double,TextureAtlasSprite) is not applicable
      (actual and formal argument lists differ in length)
G:\Proyectos\Mods_Minecraft\the_sundering\neoforge\26.2\src\main\java\com\skd\thesundering\client\particle\TrapFlameParticle.java:37: error: random has protected access in Level
        this.quadSize = 0.4f + world.random.nextFloat() * 0.25f;
                                    ^
G:\Proyectos\Mods_Minecraft\the_sundering\neoforge\26.2\src\main\java\com\skd\thesundering\client\particle\TrapFlameParticle.java:38: error: random has protected access in Level
        this.lifetime = 10 + world.random.nextInt(20);
                                  ^
G:\Proyectos\Mods_Minecraft\the_sundering\neoforge\26.2\src\main\java\com\skd\thesundering\client\particle\TrapFlameParticle.java:67: error: cannot find symbol
        return ParticleRenderType.PARTICLE_SHEET_TRANSLUCENT;
                                 ^
  symbol:   variable PARTICLE_SHEET_TRANSLUCENT
  location: class ParticleRenderType
G:\Proyectos\Mods_Minecraft\the_sundering\neoforge\26.2\src\main\java\com\skd\thesundering\client\particle\TrapFlameParticle.java:79: error: Factory is not abstract and does not override abstract method createParticle(SimpleParticleType,ClientLevel,double,double,double,double,double,double,RandomSource) in ParticleProvider
    public static class Factory
                  ^
G:\Proyectos\Mods_Minecraft\the_sundering\neoforge\26.2\src\main\java\com\skd\thesundering\client\render\blockentity\Boss_Respawn_Spawn_Renderer.java:49: error: cannot find symbol
        this.entityRenderer = rendererDispatcherIn.getEntityRenderer();
                                                  ^
  symbol:   method getEntityRenderer()
  location: variable rendererDispatcherIn of type Context
G:\Proyectos\Mods_Minecraft\the_sundering\neoforge\26.2\src\main\java\com\skd\thesundering\client\render\blockentity\Boss_Respawn_Spawn_Renderer.java:50: error: cannot find symbol
        this.itemRenderer = rendererDispatcherIn.getItemRenderer();
                                                ^
  symbol:   method getItemRenderer()
  location: variable rendererDispatcherIn of type Context
G:\Proyectos\Mods_Minecraft\the_sundering\neoforge\26.2\src\main\java\com\skd\thesundering\client\render\blockentity\Boss_Respawn_Spawn_Renderer.java:58: error: cannot find symbol
        MODEL.renderToBuffer(poseStack, buffer.getBuffer(RenderType.entityCutoutNoCull((Identifier)TEXTURE)), packedLight, overlay);
                                                                   ^
  symbol:   method entityCutoutNoCull(Identifier)
  location: class RenderType
G:\Proyectos\Mods_Minecraft\the_sundering\neoforge\26.2\src\main\java\com\skd\thesundering\client\render\blockentity\Cataclysm_Skull_Block_Renderer.java:64: error: cannot find symbol
    public static final Map<SkullBlock.Type, Identifier> SKIN_BY_TYPE = (Map)Util.make((Object)Maps.newHashMap(), p_261388_ -> {
                                                                             ^
  symbol:   variable Util
  location: class Cataclysm_Skull_Block_Renderer
G:\Proyectos\Mods_Minecraft\the_sundering\neoforge\26.2\src\main\java\com\skd\thesundering\client\render\blockentity\Cataclysm_Skull_Block_Renderer.java:79: error: cannot find symbol
        this.modelByType = Cataclysm_Skull_Block_Renderer.createSkullRenderers(p_173660_.getModelSet());
                                                                                        ^
  symbol:   method getModelSet()
  location: variable p_173660_ of type Context
G:\Proyectos\Mods_Minecraft\the_sundering\neoforge\26.2\src\main\java\com\skd\thesundering\client\render\blockentity\Cataclysm_Skull_Block_Renderer.java:90: error: cannot find symbol
        SkullModelBase Cataclysm_Skull_Model_Base = this.modelByType.get(Cataclysm_Skull_Block$type);
        ^
  symbol:   class SkullModelBase
  location: class Cataclysm_Skull_Block_Renderer
G:\Proyectos\Mods_Minecraft\the_sundering\neoforge\26.2\src\main\java\com\skd\thesundering\client\render\blockentity\Cataclysm_Skull_Block_Renderer.java:123: error: cannot find symbol
        return RenderType.entityCutoutNoCullZOffset((Identifier)resourcelocation);
                         ^
  symbol:   method entityCutoutNoCullZOffset(Identifier)
  location: class RenderType
G:\Proyectos\Mods_Minecraft\the_sundering\neoforge\26.2\src\main\java\com\skd\thesundering\client\render\blockentity\Cursed_Tombstone_Renderer.java:53: error: method renderToBuffer in class BasicEntityModel<T> cannot be applied to given types;
        MODEL.renderToBuffer(poseStack, (Boolean)entity.getBlockState().getValue((Property)Cursed_Tombstone_Block.POWERED) != false ? buffer.getBuffer(RenderType.entityCutoutNoCull((Identifier)TEXTURE2)) : buffer.getBuffer(RenderType.entityCutoutNoCull((Identifier)TEXTURE)), packedLight, overlay);
             ^
  required: PoseStack,VertexConsumer,int,int,int
  found:    PoseStack,(Boolean)e[...]URE)),int,int
  reason: actual and formal argument lists differ in length
  where T is a type-variable:
    T extends Entity declared in class BasicEntityModel
G:\Proyectos\Mods_Minecraft\the_sundering\neoforge\26.2\src\main\java\com\skd\thesundering\client\render\blockentity\Cursed_Tombstone_Renderer.java:53: error: cannot find symbol
        MODEL.renderToBuffer(poseStack, (Boolean)entity.getBlockState().getValue((Property)Cursed_Tombstone_Block.POWERED) != false ? buffer.getBuffer(RenderType.entityCutoutNoCull((Identifier)TEXTURE2)) : buffer.getBuffer(RenderType.entityCutoutNoCull((Identifier)TEXTURE)), packedLight, overlay);
                                                                                                                                                                 ^
  symbol:   method entityCutoutNoCull(Identifier)
  location: class RenderType
G:\Proyectos\Mods_Minecraft\the_sundering\neoforge\26.2\src\main\java\com\skd\thesundering\client\render\blockentity\Cursed_Tombstone_Renderer.java:53: error: cannot find symbol
        MODEL.renderToBuffer(poseStack, (Boolean)entity.getBlockState().getValue((Property)Cursed_Tombstone_Block.POWERED) != false ? buffer.getBuffer(RenderType.entityCutoutNoCull((Identifier)TEXTURE2)) : buffer.getBuffer(RenderType.entityCutoutNoCull((Identifier)TEXTURE)), packedLight, overlay);
                                                                                                                                                                                                                                         ^
  symbol:   method entityCutoutNoCull(Identifier)
  location: class RenderType
G:\Proyectos\Mods_Minecraft\the_sundering\neoforge\26.2\src\main\java\com\skd\thesundering\client\render\blockentity\Cursed_Tombstone_Renderer.java:58: error: cannot find symbol
            VertexConsumer vertexconsumer2 = buffer.getBuffer(RenderType.lightning());
                                                                        ^
  symbol:   method lightning()
  location: class RenderType
G:\Proyectos\Mods_Minecraft\the_sundering\neoforge\26.2\src\main\java\com\skd\thesundering\client\render\blockentity\Door_Of_Seal_Renderer.java:83: error: cannot find symbol
            MODEL.renderToBuffer(poseStack, buffer.getBuffer(RenderType.entityCutoutNoCull((Identifier)TEXTURE)), packedLight, overlay);
                                                                       ^
  symbol:   method entityCutoutNoCull(Identifier)
  location: class RenderType
G:\Proyectos\Mods_Minecraft\the_sundering\neoforge\26.2\src\main\java\com\skd\thesundering\client\render\blockentity\Goddess_Statue_Renderer.java:75: error: cannot find symbol
            MODEL.renderToBuffer(matrixStackIn, buffer.getBuffer(RenderType.entityCutoutNoCull((Identifier)TEXTURE)), packedLight, overlay);
                                                                           ^
  symbol:   method entityCutoutNoCull(Identifier)
  location: class RenderType
G:\Proyectos\Mods_Minecraft\the_sundering\neoforge\26.2\src\main\java\com\skd\thesundering\client\render\blockentity\RendererAbyssal_Egg.java:38: error: cannot find symbol
        MODEL.renderToBuffer(matrixStackIn, bufferIn.getBuffer(RenderType.entityCutoutNoCull((Identifier)TEXTURE)), combinedLightIn, combinedOverlayIn);
                                                                         ^
  symbol:   method entityCutoutNoCull(Identifier)
  location: class RenderType
G:\Proyectos\Mods_Minecraft\the_sundering\neoforge\26.2\src\main\java\com\skd\thesundering\client\render\blockentity\RendererAltar_of_Abyss.java:66: error: cannot find symbol
        MODEL.renderToBuffer(matrixStackIn, bufferIn.getBuffer(RenderType.entityCutoutNoCull((Identifier)TEXTURE)), combinedLightIn, combinedOverlayIn);
                                                                         ^
  symbol:   method entityCutoutNoCull(Identifier)
  location: class RenderType
G:\Proyectos\Mods_Minecraft\the_sundering\neoforge\26.2\src\main\java\com\skd\thesundering\client\render\blockentity\RendererAltar_of_Abyss.java:79: error: cannot find symbol
            BakedModel ibakedmodel = Minecraft.getInstance().getItemRenderer().getModel(stack, tileEntityIn.getLevel(), (LivingEntity)null, 0);
            ^
  symbol:   class BakedModel
  location: class RendererAltar_of_Abyss<T>
  where T is a type-variable:
    T extends AltarOfAbyss_Block_Entity declared in class RendererAltar_of_Abyss
G:\Proyectos\Mods_Minecraft\the_sundering\neoforge\26.2\src\main\java\com\skd\thesundering\client\render\blockentity\RendererAltar_of_Abyss.java:79: error: cannot find symbol
            BakedModel ibakedmodel = Minecraft.getInstance().getItemRenderer().getModel(stack, tileEntityIn.getLevel(), (LivingEntity)null, 0);
                                                            ^
  symbol:   method getItemRenderer()
  location: class Minecraft
G:\Proyectos\Mods_Minecraft\the_sundering\neoforge\26.2\src\main\java\com\skd\thesundering\client\render\blockentity\RendererAltar_of_Abyss.java:84: error: cannot find symbol
            Minecraft.getInstance().getItemRenderer().render(stack, ItemDisplayContext.GROUND, false, matrixStackIn, bufferIn, combinedLightIn, OverlayTexture.NO_OVERLAY, ibakedmodel);
                                   ^
  symbol:   method getItemRenderer()
  location: class Minecraft
G:\Proyectos\Mods_Minecraft\the_sundering\neoforge\26.2\src\main\java\com\skd\thesundering\client\render\blockentity\RendererAltar_of_Amethyst.java:67: error: cannot find symbol
        this.itemRenderer = rendererDispatcherIn.getItemRenderer();
                                                ^
  symbol:   method getItemRenderer()
  location: variable rendererDispatcherIn of type Context
G:\Proyectos\Mods_Minecraft\the_sundering\neoforge\26.2\src\main\java\com\skd\thesundering\client\render\blockentity\RendererAltar_of_Amethyst.java:101: error: cannot find symbol
        MODEL.renderToBuffer(matrixStackIn, bufferIn.getBuffer(RenderType.entityCutoutNoCull((Identifier)TEXTURE)), combinedLightIn, combinedOverlayIn);
                                                                         ^
  symbol:   method entityCutoutNoCull(Identifier)
  location: class RenderType
G:\Proyectos\Mods_Minecraft\the_sundering\neoforge\26.2\src\main\java\com\skd\thesundering\client\render\blockentity\RendererAltar_of_Amethyst.java:107: warning: [removal] IItemHandler in net.neoforged.neoforge.items has been deprecated and marked for removal
        IItemHandler inventory = tileEntityIn.getInventory();
        ^
G:\Proyectos\Mods_Minecraft\the_sundering\neoforge\26.2\src\main\java\com\skd\thesundering\client\render\blockentity\RendererAltar_of_Amethyst.java:109: warning: [removal] getStackInSlot(int) in IItemHandler has been deprecated and marked for removal
        ItemStack stack = inventory.getStackInSlot(0);
                                   ^
G:\Proyectos\Mods_Minecraft\the_sundering\neoforge\26.2\src\main\java\com\skd\thesundering\client\render\blockentity\RendererAltar_of_Amethyst.java:176: error: cannot find symbol
        RendererAltar_of_Amethyst.renderPart(p_112185_, p_112186_.getBuffer(RenderType.beaconBeam((Identifier)p_112187_, (boolean)false)), 1.0f, 52.0f, 25.0f, 1.0f, p_112191_, i, 0.0f, p_112194_, p_112194_, 0.0f, f9, 0.0f, 0.0f, f12, 0.0f, 1.0f, f16, f15);
                                                                                      ^
  symbol:   method beaconBeam(Identifier,boolean)
  location: class RenderType
G:\Proyectos\Mods_Minecraft\the_sundering\neoforge\26.2\src\main\java\com\skd\thesundering\client\render\blockentity\RendererAltar_of_Amethyst.java:186: error: cannot find symbol
        RendererAltar_of_Amethyst.renderPart(p_112185_, p_112186_.getBuffer(RenderType.beaconBeam((Identifier)p_112187_, (boolean)true)), 1.0f, 52.0f, 25.0f, 0.125f, p_112191_, i, f6, f7, p_112195_, f8, f9, p_112195_, p_112195_, p_112195_, 0.0f, 1.0f, f16, f15);
                                                                                      ^
  symbol:   method beaconBeam(Identifier,boolean)
  location: class RenderType
G:\Proyectos\Mods_Minecraft\the_sundering\neoforge\26.2\src\main\java\com\skd\thesundering\client\render\blockentity\RendererAltar_of_Fire.java:61: error: cannot find symbol
        MODEL.renderToBuffer(matrixStackIn, bufferIn.getBuffer(RenderType.entityCutoutNoCull((Identifier)TEXTURE)), combinedLightIn, combinedOverlayIn);
                                                                         ^
  symbol:   method entityCutoutNoCull(Identifier)
  location: class RenderType
G:\Proyectos\Mods_Minecraft\the_sundering\neoforge\26.2\src\main\java\com\skd\thesundering\client\render\blockentity\RendererAltar_of_Fire.java:79: error: cannot find symbol
            BakedModel ibakedmodel = Minecraft.getInstance().getItemRenderer().getModel(stack, tileEntityIn.getLevel(), (LivingEntity)null, 0);
            ^
  symbol:   class BakedModel
  location: class RendererAltar_of_Fire<T>
  where T is a type-variable:
    T extends AltarOfFire_Block_Entity declared in class RendererAltar_of_Fire
G:\Proyectos\Mods_Minecraft\the_sundering\neoforge\26.2\src\main\java\com\skd\thesundering\client\render\blockentity\RendererAltar_of_Fire.java:79: error: cannot find symbol
            BakedModel ibakedmodel = Minecraft.getInstance().getItemRenderer().getModel(stack, tileEntityIn.getLevel(), (LivingEntity)null, 0);
                                                            ^
  symbol:   method getItemRenderer()
  location: class Minecraft
G:\Proyectos\Mods_Minecraft\the_sundering\neoforge\26.2\src\main\java\com\skd\thesundering\client\render\blockentity\RendererAltar_of_Fire.java:84: error: cannot find symbol
            Minecraft.getInstance().getItemRenderer().render(stack, ItemDisplayContext.GROUND, false, matrixStackIn, bufferIn, combinedLightIn, OverlayTexture.NO_OVERLAY, ibakedmodel);
                                   ^
  symbol:   method getItemRenderer()
  location: class Minecraft
G:\Proyectos\Mods_Minecraft\the_sundering\neoforge\26.2\src\main\java\com\skd\thesundering\client\render\blockentity\RendererAltar_of_Fire.java:94: error: cannot find symbol
            VertexConsumer ivertexbuilder = bufferIn.getBuffer(RenderType.entityTranslucentEmissive((Identifier)FLAME_STRIKE));
                                                                         ^
  symbol:   method entityTranslucentEmissive(Identifier)
  location: class RenderType
G:\Proyectos\Mods_Minecraft\the_sundering\neoforge\26.2\src\main\java\com\skd\thesundering\client\render\blockentity\RendererAltar_of_Fire.java:108: error: cannot find symbol
        VertexConsumer builder = bufferSource.getBuffer(RenderType.beaconBeam((Identifier)this.getIdleTexture((int)(f2 * 0.5f % 7.0f)), (boolean)true));
                                                                  ^
  symbol:   method beaconBeam(Identifier,boolean)
  location: class RenderType
G:\Proyectos\Mods_Minecraft\the_sundering\neoforge\26.2\src\main\java\com\skd\thesundering\client\render\blockentity\RendererAltar_of_Void.java:35: error: cannot find symbol
        MODEL.renderToBuffer(matrixStackIn, bufferIn.getBuffer(RenderType.entityCutoutNoCull((Identifier)TEXTURE)), combinedLightIn, combinedOverlayIn);
                                                                         ^
  symbol:   method entityCutoutNoCull(Identifier)
  location: class RenderType
G:\Proyectos\Mods_Minecraft\the_sundering\neoforge\26.2\src\main\java\com\skd\thesundering\client\render\blockentity\RendererEMP.java:49: error: cannot find symbol
        MODEL_EMP.renderToBuffer(matrixStackIn, bufferIn.getBuffer(RenderType.entityCutoutNoCull((Identifier)TEXTURE)), combinedLightIn, combinedOverlayIn);
                                                                             ^
  symbol:   method entityCutoutNoCull(Identifier)
  location: class RenderType
G:\Proyectos\Mods_Minecraft\the_sundering\neoforge\26.2\src\main\java\com\skd\thesundering\client\render\blockentity\RendererMechanical_fusion_anvil.java:46: error: cannot find symbol
        MODEL.renderToBuffer(matrixStackIn, bufferIn.getBuffer(RenderType.entityCutoutNoCull((Identifier)TEXTURE)), combinedLightIn, combinedOverlayIn);
                                                                         ^
  symbol:   method entityCutoutNoCull(Identifier)
  location: class RenderType
G:\Proyectos\Mods_Minecraft\the_sundering\neoforge\26.2\src\main\java\com\skd\thesundering\client\render\blockentity\RendererMechanical_fusion_anvil.java:47: error: cannot find symbol
        MODEL.renderToBuffer(matrixStackIn, bufferIn.getBuffer(RenderType.entityTranslucentCull((Identifier)LAYER_TEXTURE)), combinedLightIn, combinedOverlayIn);
                                                                         ^
  symbol:   method entityTranslucentCull(Identifier)
  location: class RenderType
G:\Proyectos\Mods_Minecraft\the_sundering\neoforge\26.2\src\main\java\com\skd\thesundering\client\render\CMItemstackRenderer.java:190: error: cannot find symbol
    public static final Map<SkullBlock.Type, Identifier> SKIN_BY_TYPE = (Map)Util.make((Object)Maps.newHashMap(), p_261388_ -> {
                                                                             ^
  symbol:   variable Util
  location: class CMItemstackRenderer
G:\Proyectos\Mods_Minecraft\the_sundering\neoforge\26.2\src\main\java\com\skd\thesundering\client\render\CMItemstackRenderer.java:196: error: cannot find symbol
    public static final IClientItemExtensions CLIENT_ITEM_EXTENSION = (IClientItemExtensions)Util.make(() -> new IClientItemExtensions(){
                                                                                             ^
  symbol:   variable Util
  location: class CMItemstackRenderer
G:\Proyectos\Mods_Minecraft\the_sundering\neoforge\26.2\src\main\java\com\skd\thesundering\client\render\CMItemstackRenderer.java:198: error: cannot find symbol
        public BlockEntityWithoutLevelRenderer getCustomRenderer() {
               ^
  symbol: class BlockEntityWithoutLevelRenderer
G:\Proyectos\Mods_Minecraft\the_sundering\neoforge\26.2\src\main\java\com\skd\thesundering\client\render\CMItemstackRenderer.java:212: error: package Cataclysm does not exist
        Cataclysm.LOGGER.debug("Reloaded ItemStackRenderer!");
                 ^
G:\Proyectos\Mods_Minecraft\the_sundering\neoforge\26.2\src\main\java\com\skd\thesundering\client\render\CMItemstackRenderer.java:232: error: cannot find symbol
            SkullModelBase skullmodelbase = this.skullModels.get(skullblock$type);
            ^
  symbol:   class SkullModelBase
  location: class CMItemstackRenderer
G:\Proyectos\Mods_Minecraft\the_sundering\neoforge\26.2\src\main\java\com\skd\thesundering\client\render\CMItemstackRenderer.java:234: error: cannot find symbol
            RenderType rendertype = RenderType.entityCutoutNoCullZOffset((Identifier)resourcelocation);
                                              ^
  symbol:   method entityCutoutNoCullZOffset(Identifier)
  location: class RenderType
G:\Proyectos\Mods_Minecraft\the_sundering\neoforge\26.2\src\main\java\com\skd\thesundering\client\render\CMItemstackRenderer.java:241: error: cannot find symbol
            vertexconsumer3 = ItemRenderer.getArmorFoilBuffer((MultiBufferSource)bufferIn, (RenderType)RenderType.armorCutoutNoCull((Identifier)BULWARK_OF_THE_FLAME_TEXTURE), (boolean)itemStackIn.hasFoil());
                                                               ^
  symbol:   class MultiBufferSource
  location: class CMItemstackRenderer
G:\Proyectos\Mods_Minecraft\the_sundering\neoforge\26.2\src\main\java\com\skd\thesundering\client\render\CMItemstackRenderer.java:241: error: cannot find symbol
            vertexconsumer3 = ItemRenderer.getArmorFoilBuffer((MultiBufferSource)bufferIn, (RenderType)RenderType.armorCutoutNoCull((Identifier)BULWARK_OF_THE_FLAME_TEXTURE), (boolean)itemStackIn.hasFoil());
                                                                                                                 ^
  symbol:   method armorCutoutNoCull(Identifier)
  location: class RenderType
G:\Proyectos\Mods_Minecraft\the_sundering\neoforge\26.2\src\main\java\com\skd\thesundering\client\render\CMItemstackRenderer.java:241: error: cannot find symbol
            vertexconsumer3 = ItemRenderer.getArmorFoilBuffer((MultiBufferSource)bufferIn, (RenderType)RenderType.armorCutoutNoCull((Identifier)BULWARK_OF_THE_FLAME_TEXTURE), (boolean)itemStackIn.hasFoil());
                              ^
  symbol:   variable ItemRenderer
  location: class CMItemstackRenderer
G:\Proyectos\Mods_Minecraft\the_sundering\neoforge\26.2\src\main\java\com\skd\thesundering\client\render\CMItemstackRenderer.java:242: error: method renderToBuffer in class BasicEntityModel<T> cannot be applied to given types;
            BULWARK_OF_THE_FLAME_MODEL.renderToBuffer(matrixStackIn, vertexconsumer3, combinedLightIn, combinedOverlayIn);
                                      ^
  required: PoseStack,VertexConsumer,int,int,int
  found:    PoseStack,VertexConsumer,int,int
  reason: actual and formal argument lists differ in length
  where T is a type-variable:
    T extends Entity declared in class BasicEntityModel
G:\Proyectos\Mods_Minecraft\the_sundering\neoforge\26.2\src\main\java\com\skd\thesundering\client\render\CMItemstackRenderer.java:248: error: cannot find symbol
            vertexconsumer3 = ItemRenderer.getArmorFoilBuffer((MultiBufferSource)bufferIn, (RenderType)RenderType.armorCutoutNoCull((Identifier)BLACK_STEEL_TARGE_TEXTURE), (boolean)itemStackIn.hasFoil());
                                                               ^
  symbol:   class MultiBufferSource
  location: class CMItemstackRenderer
G:\Proyectos\Mods_Minecraft\the_sundering\neoforge\26.2\src\main\java\com\skd\thesundering\client\render\CMItemstackRenderer.java:248: error: cannot find symbol
            vertexconsumer3 = ItemRenderer.getArmorFoilBuffer((MultiBufferSource)bufferIn, (RenderType)RenderType.armorCutoutNoCull((Identifier)BLACK_STEEL_TARGE_TEXTURE), (boolean)itemStackIn.hasFoil());
                                                                                                                 ^
  symbol:   method armorCutoutNoCull(Identifier)
  location: class RenderType
G:\Proyectos\Mods_Minecraft\the_sundering\neoforge\26.2\src\main\java\com\skd\thesundering\client\render\CMItemstackRenderer.java:248: error: cannot find symbol
            vertexconsumer3 = ItemRenderer.getArmorFoilBuffer((MultiBufferSource)bufferIn, (RenderType)RenderType.armorCutoutNoCull((Identifier)BLACK_STEEL_TARGE_TEXTURE), (boolean)itemStackIn.hasFoil());
                              ^
  symbol:   variable ItemRenderer
  location: class CMItemstackRenderer
G:\Proyectos\Mods_Minecraft\the_sundering\neoforge\26.2\src\main\java\com\skd\thesundering\client\render\CMItemstackRenderer.java:249: error: method renderToBuffer in class BasicEntityModel<T> cannot be applied to given types;
            BLACK_STEEL_TARGE_MODEL.renderToBuffer(matrixStackIn, vertexconsumer3, combinedLightIn, combinedOverlayIn);
                                   ^
  required: PoseStack,VertexConsumer,int,int,int
  found:    PoseStack,VertexConsumer,int,int
  reason: actual and formal argument lists differ in length
  where T is a type-variable:
    T extends Entity declared in class BasicEntityModel
G:\Proyectos\Mods_Minecraft\the_sundering\neoforge\26.2\src\main\java\com\skd\thesundering\client\render\CMItemstackRenderer.java:255: error: cannot find symbol
            vertexconsumer3 = ItemRenderer.getArmorFoilBuffer((MultiBufferSource)bufferIn, (RenderType)RenderType.armorCutoutNoCull((Identifier)AZURE_SEA_SHIELD_TEXTURE), (boolean)itemStackIn.hasFoil());
                                                               ^
  symbol:   class MultiBufferSource
  location: class CMItemstackRenderer
G:\Proyectos\Mods_Minecraft\the_sundering\neoforge\26.2\src\main\java\com\skd\thesundering\client\render\CMItemstackRenderer.java:255: error: cannot find symbol
            vertexconsumer3 = ItemRenderer.getArmorFoilBuffer((MultiBufferSource)bufferIn, (RenderType)RenderType.armorCutoutNoCull((Identifier)AZURE_SEA_SHIELD_TEXTURE), (boolean)itemStackIn.hasFoil());
                                                                                                                 ^
  symbol:   method armorCutoutNoCull(Identifier)
  location: class RenderType
G:\Proyectos\Mods_Minecraft\the_sundering\neoforge\26.2\src\main\java\com\skd\thesundering\client\render\CMItemstackRenderer.java:255: error: cannot find symbol
            vertexconsumer3 = ItemRenderer.getArmorFoilBuffer((MultiBufferSource)bufferIn, (RenderType)RenderType.armorCutoutNoCull((Identifier)AZURE_SEA_SHIELD_TEXTURE), (boolean)itemStackIn.hasFoil());
                              ^
  symbol:   variable ItemRenderer
  location: class CMItemstackRenderer
G:\Proyectos\Mods_Minecraft\the_sundering\neoforge\26.2\src\main\java\com\skd\thesundering\client\render\CMItemstackRenderer.java:256: error: method renderToBuffer in class BasicEntityModel<T> cannot be applied to given types;
            AZURE_SEA_SHIELD_MODEL.renderToBuffer(matrixStackIn, vertexconsumer3, combinedLightIn, combinedOverlayIn);
                                  ^
  required: PoseStack,VertexConsumer,int,int,int
  found:    PoseStack,VertexConsumer,int,int
  reason: actual and formal argument lists differ in length
  where T is a type-variable:
    T extends Entity declared in class BasicEntityModel
G:\Proyectos\Mods_Minecraft\the_sundering\neoforge\26.2\src\main\java\com\skd\thesundering\client\render\CMItemstackRenderer.java:263: error: cannot find symbol
            vertexconsumer3 = ItemRenderer.getArmorFoilBuffer((MultiBufferSource)bufferIn, (RenderType)RenderType.armorCutoutNoCull((Identifier)ASTRAPE_TEXTURE), (boolean)itemStackIn.hasFoil());
                                                               ^
  symbol:   class MultiBufferSource
  location: class CMItemstackRenderer
G:\Proyectos\Mods_Minecraft\the_sundering\neoforge\26.2\src\main\java\com\skd\thesundering\client\render\CMItemstackRenderer.java:263: error: cannot find symbol
            vertexconsumer3 = ItemRenderer.getArmorFoilBuffer((MultiBufferSource)bufferIn, (RenderType)RenderType.armorCutoutNoCull((Identifier)ASTRAPE_TEXTURE), (boolean)itemStackIn.hasFoil());
                                                                                                                 ^
  symbol:   method armorCutoutNoCull(Identifier)
  location: class RenderType
G:\Proyectos\Mods_Minecraft\the_sundering\neoforge\26.2\src\main\java\com\skd\thesundering\client\render\CMItemstackRenderer.java:263: error: cannot find symbol
            vertexconsumer3 = ItemRenderer.getArmorFoilBuffer((MultiBufferSource)bufferIn, (RenderType)RenderType.armorCutoutNoCull((Identifier)ASTRAPE_TEXTURE), (boolean)itemStackIn.hasFoil());
                              ^
  symbol:   variable ItemRenderer
  location: class CMItemstackRenderer
G:\Proyectos\Mods_Minecraft\the_sundering\neoforge\26.2\src\main\java\com\skd\thesundering\client\render\CMItemstackRenderer.java:264: error: method renderToBuffer in class BasicEntityModel<T> cannot be applied to given types;
            ASTRAPE_MODEL.renderToBuffer(matrixStackIn, vertexconsumer3, combinedLightIn, OverlayTexture.NO_OVERLAY);
                         ^
  required: PoseStack,VertexConsumer,int,int,int
  found:    PoseStack,VertexConsumer,int,int
  reason: actual and formal argument lists differ in length
  where T is a type-variable:
    T extends Entity declared in class BasicEntityModel
G:\Proyectos\Mods_Minecraft\the_sundering\neoforge\26.2\src\main\java\com\skd\thesundering\client\render\CMItemstackRenderer.java:271: error: cannot find symbol
            vertexconsumer3 = ItemRenderer.getArmorFoilBuffer((MultiBufferSource)bufferIn, (RenderType)CMRenderTypes.entityCutoutNoCull((Identifier)CERAUNUS_TEXTURE), (boolean)itemStackIn.hasFoil());
                                                               ^
  symbol:   class MultiBufferSource
  location: class CMItemstackRenderer
G:\Proyectos\Mods_Minecraft\the_sundering\neoforge\26.2\src\main\java\com\skd\thesundering\client\render\CMItemstackRenderer.java:271: error: cannot find symbol
            vertexconsumer3 = ItemRenderer.getArmorFoilBuffer((MultiBufferSource)bufferIn, (RenderType)CMRenderTypes.entityCutoutNoCull((Identifier)CERAUNUS_TEXTURE), (boolean)itemStackIn.hasFoil());
                                                                                                                    ^
  symbol:   method entityCutoutNoCull(Identifier)
  location: class CMRenderTypes
G:\Proyectos\Mods_Minecraft\the_sundering\neoforge\26.2\src\main\java\com\skd\thesundering\client\render\CMItemstackRenderer.java:271: error: cannot find symbol
            vertexconsumer3 = ItemRenderer.getArmorFoilBuffer((MultiBufferSource)bufferIn, (RenderType)CMRenderTypes.entityCutoutNoCull((Identifier)CERAUNUS_TEXTURE), (boolean)itemStackIn.hasFoil());
                              ^
  symbol:   variable ItemRenderer
  location: class CMItemstackRenderer
G:\Proyectos\Mods_Minecraft\the_sundering\neoforge\26.2\src\main\java\com\skd\thesundering\client\render\CMItemstackRenderer.java:272: error: method renderToBuffer in class BasicEntityModel<T> cannot be applied to given types;
            CERAUNUS_MODEL.renderToBuffer(matrixStackIn, vertexconsumer3, combinedLightIn, OverlayTexture.NO_OVERLAY);
                          ^
  required: PoseStack,VertexConsumer,int,int,int
  found:    PoseStack,VertexConsumer,int,int
  reason: actual and formal argument lists differ in length
  where T is a type-variable:
    T extends Entity declared in class BasicEntityModel
G:\Proyectos\Mods_Minecraft\the_sundering\neoforge\26.2\src\main\java\com\skd\thesundering\client\render\CMItemstackRenderer.java:279: error: cannot find symbol
            vertexconsumer3 = ItemRenderer.getArmorFoilBuffer((MultiBufferSource)bufferIn, (RenderType)RenderType.entityCutoutNoCull((Identifier)GAUNTLET_OF_GUARD_TEXTURE), (boolean)itemStackIn.hasFoil());
                                                               ^
  symbol:   class MultiBufferSource
  location: class CMItemstackRenderer
G:\Proyectos\Mods_Minecraft\the_sundering\neoforge\26.2\src\main\java\com\skd\thesundering\client\render\CMItemstackRenderer.java:279: error: cannot find symbol
            vertexconsumer3 = ItemRenderer.getArmorFoilBuffer((MultiBufferSource)bufferIn, (RenderType)RenderType.entityCutoutNoCull((Identifier)GAUNTLET_OF_GUARD_TEXTURE), (boolean)itemStackIn.hasFoil());
                                                                                                                 ^
  symbol:   method entityCutoutNoCull(Identifier)
  location: class RenderType
G:\Proyectos\Mods_Minecraft\the_sundering\neoforge\26.2\src\main\java\com\skd\thesundering\client\render\CMItemstackRenderer.java:279: error: cannot find symbol
            vertexconsumer3 = ItemRenderer.getArmorFoilBuffer((MultiBufferSource)bufferIn, (RenderType)RenderType.entityCutoutNoCull((Identifier)GAUNTLET_OF_GUARD_TEXTURE), (boolean)itemStackIn.hasFoil());
                              ^
  symbol:   variable ItemRenderer
  location: class CMItemstackRenderer
G:\Proyectos\Mods_Minecraft\the_sundering\neoforge\26.2\src\main\java\com\skd\thesundering\client\render\CMItemstackRenderer.java:280: error: method renderToBuffer in class BasicEntityModel<T> cannot be applied to given types;
            GAUNTLET_OF_GUARD_MODEL.renderToBuffer(matrixStackIn, vertexconsumer3, combinedLightIn, combinedOverlayIn);
                                   ^
  required: PoseStack,VertexConsumer,int,int,int
  found:    PoseStack,VertexConsumer,int,int
  reason: actual and formal argument lists differ in length
  where T is a type-variable:
    T extends Entity declared in class BasicEntityModel
G:\Proyectos\Mods_Minecraft\the_sundering\neoforge\26.2\src\main\java\com\skd\thesundering\client\render\CMItemstackRenderer.java:281: error: cannot find symbol
            vertexconsumer22 = ItemRenderer.getArmorFoilBuffer((MultiBufferSource)bufferIn, (RenderType)CMRenderTypes.eyes((Identifier)GAUNTLET_OF_GUARD_LAYER_TEXTURE), (boolean)itemStackIn.hasFoil());
                                                                ^
  symbol:   class MultiBufferSource
  location: class CMItemstackRenderer
G:\Proyectos\Mods_Minecraft\the_sundering\neoforge\26.2\src\main\java\com\skd\thesundering\client\render\CMItemstackRenderer.java:281: error: cannot find symbol
            vertexconsumer22 = ItemRenderer.getArmorFoilBuffer((MultiBufferSource)bufferIn, (RenderType)CMRenderTypes.eyes((Identifier)GAUNTLET_OF_GUARD_LAYER_TEXTURE), (boolean)itemStackIn.hasFoil());
                                                                                                                     ^
  symbol:   method eyes(Identifier)
  location: class CMRenderTypes
G:\Proyectos\Mods_Minecraft\the_sundering\neoforge\26.2\src\main\java\com\skd\thesundering\client\render\CMItemstackRenderer.java:281: error: cannot find symbol
            vertexconsumer22 = ItemRenderer.getArmorFoilBuffer((MultiBufferSource)bufferIn, (RenderType)CMRenderTypes.eyes((Identifier)GAUNTLET_OF_GUARD_LAYER_TEXTURE), (boolean)itemStackIn.hasFoil());
                               ^
  symbol:   variable ItemRenderer
  location: class CMItemstackRenderer
G:\Proyectos\Mods_Minecraft\the_sundering\neoforge\26.2\src\main\java\com\skd\thesundering\client\render\CMItemstackRenderer.java:282: error: method renderToBuffer in class BasicEntityModel<T> cannot be applied to given types;
            GAUNTLET_OF_GUARD_MODEL.renderToBuffer(matrixStackIn, vertexconsumer22, combinedLightIn, combinedOverlayIn);
                                   ^
  required: PoseStack,VertexConsumer,int,int,int
  found:    PoseStack,VertexConsumer,int,int
  reason: actual and formal argument lists differ in length
  where T is a type-variable:
    T extends Entity declared in class BasicEntityModel
G:\Proyectos\Mods_Minecraft\the_sundering\neoforge\26.2\src\main\java\com\skd\thesundering\client\render\CMItemstackRenderer.java:289: error: cannot find symbol
            vertexconsumer3 = ItemRenderer.getArmorFoilBuffer((MultiBufferSource)bufferIn, (RenderType)RenderType.entityCutoutNoCull((Identifier)GAUNTLET_OF_BULWARK_TEXTURE), (boolean)itemStackIn.hasFoil());
                                                               ^
  symbol:   class MultiBufferSource
  location: class CMItemstackRenderer
G:\Proyectos\Mods_Minecraft\the_sundering\neoforge\26.2\src\main\java\com\skd\thesundering\client\render\CMItemstackRenderer.java:289: error: cannot find symbol
            vertexconsumer3 = ItemRenderer.getArmorFoilBuffer((MultiBufferSource)bufferIn, (RenderType)RenderType.entityCutoutNoCull((Identifier)GAUNTLET_OF_BULWARK_TEXTURE), (boolean)itemStackIn.hasFoil());
                                                                                                                 ^
  symbol:   method entityCutoutNoCull(Identifier)
  location: class RenderType
G:\Proyectos\Mods_Minecraft\the_sundering\neoforge\26.2\src\main\java\com\skd\thesundering\client\render\CMItemstackRenderer.java:289: error: cannot find symbol
            vertexconsumer3 = ItemRenderer.getArmorFoilBuffer((MultiBufferSource)bufferIn, (RenderType)RenderType.entityCutoutNoCull((Identifier)GAUNTLET_OF_BULWARK_TEXTURE), (boolean)itemStackIn.hasFoil());
                              ^
  symbol:   variable ItemRenderer
  location: class CMItemstackRenderer
G:\Proyectos\Mods_Minecraft\the_sundering\neoforge\26.2\src\main\java\com\skd\thesundering\client\render\CMItemstackRenderer.java:290: error: method renderToBuffer in class BasicEntityModel<T> cannot be applied to given types;
            GAUNTLET_OF_BULWARK_MODEL.renderToBuffer(matrixStackIn, vertexconsumer3, combinedLightIn, combinedOverlayIn);
                                     ^
  required: PoseStack,VertexConsumer,int,int,int
  found:    PoseStack,VertexConsumer,int,int
  reason: actual and formal argument lists differ in length
  where T is a type-variable:
    T extends Entity declared in class BasicEntityModel
G:\Proyectos\Mods_Minecraft\the_sundering\neoforge\26.2\src\main\java\com\skd\thesundering\client\render\CMItemstackRenderer.java:291: error: cannot find symbol
            vertexconsumer22 = ItemRenderer.getArmorFoilBuffer((MultiBufferSource)bufferIn, (RenderType)CMRenderTypes.eyes((Identifier)GAUNTLET_OF_BULWARK_LAYER_TEXTURE), (boolean)itemStackIn.hasFoil());
                                                                ^
  symbol:   class MultiBufferSource
  location: class CMItemstackRenderer
G:\Proyectos\Mods_Minecraft\the_sundering\neoforge\26.2\src\main\java\com\skd\thesundering\client\render\CMItemstackRenderer.java:291: error: cannot find symbol
            vertexconsumer22 = ItemRenderer.getArmorFoilBuffer((MultiBufferSource)bufferIn, (RenderType)CMRenderTypes.eyes((Identifier)GAUNTLET_OF_BULWARK_LAYER_TEXTURE), (boolean)itemStackIn.hasFoil());
                                                                                                                     ^
  symbol:   method eyes(Identifier)
  location: class CMRenderTypes
G:\Proyectos\Mods_Minecraft\the_sundering\neoforge\26.2\src\main\java\com\skd\thesundering\client\render\CMItemstackRenderer.java:291: error: cannot find symbol
            vertexconsumer22 = ItemRenderer.getArmorFoilBuffer((MultiBufferSource)bufferIn, (RenderType)CMRenderTypes.eyes((Identifier)GAUNTLET_OF_BULWARK_LAYER_TEXTURE), (boolean)itemStackIn.hasFoil());
                               ^
  symbol:   variable ItemRenderer
  location: class CMItemstackRenderer
G:\Proyectos\Mods_Minecraft\the_sundering\neoforge\26.2\src\main\java\com\skd\thesundering\client\render\CMItemstackRenderer.java:292: error: method renderToBuffer in class BasicEntityModel<T> cannot be applied to given types;
            GAUNTLET_OF_BULWARK_MODEL.renderToBuffer(matrixStackIn, vertexconsumer22, combinedLightIn, combinedOverlayIn);
                                     ^
  required: PoseStack,VertexConsumer,int,int,int
  found:    PoseStack,VertexConsumer,int,int
  reason: actual and formal argument lists differ in length
  where T is a type-variable:
    T extends Entity declared in class BasicEntityModel
G:\Proyectos\Mods_Minecraft\the_sundering\neoforge\26.2\src\main\java\com\skd\thesundering\client\render\CMItemstackRenderer.java:299: error: cannot find symbol
            vertexconsumer3 = ItemRenderer.getArmorFoilBuffer((MultiBufferSource)bufferIn, (RenderType)RenderType.entityCutoutNoCull((Identifier)GAUNTLET_OF_MAELSTROM_TEXTURE), (boolean)itemStackIn.hasFoil());
                                                               ^
  symbol:   class MultiBufferSource
  location: class CMItemstackRenderer
G:\Proyectos\Mods_Minecraft\the_sundering\neoforge\26.2\src\main\java\com\skd\thesundering\client\render\CMItemstackRenderer.java:299: error: cannot find symbol
            vertexconsumer3 = ItemRenderer.getArmorFoilBuffer((MultiBufferSource)bufferIn, (RenderType)RenderType.entityCutoutNoCull((Identifier)GAUNTLET_OF_MAELSTROM_TEXTURE), (boolean)itemStackIn.hasFoil());
                                                                                                                 ^
  symbol:   method entityCutoutNoCull(Identifier)
  location: class RenderType
G:\Proyectos\Mods_Minecraft\the_sundering\neoforge\26.2\src\main\java\com\skd\thesundering\client\render\CMItemstackRenderer.java:299: error: cannot find symbol
            vertexconsumer3 = ItemRenderer.getArmorFoilBuffer((MultiBufferSource)bufferIn, (RenderType)RenderType.entityCutoutNoCull((Identifier)GAUNTLET_OF_MAELSTROM_TEXTURE), (boolean)itemStackIn.hasFoil());
                              ^
  symbol:   variable ItemRenderer
  location: class CMItemstackRenderer
G:\Proyectos\Mods_Minecraft\the_sundering\neoforge\26.2\src\main\java\com\skd\thesundering\client\render\CMItemstackRenderer.java:300: error: method renderToBuffer in class BasicEntityModel<T> cannot be applied to given types;
            GAUNTLET_OF_MAELSTROM_MODEL.renderToBuffer(matrixStackIn, vertexconsumer3, combinedLightIn, combinedOverlayIn);
                                       ^
  required: PoseStack,VertexConsumer,int,int,int
  found:    PoseStack,VertexConsumer,int,int
  reason: actual and formal argument lists differ in length
  where T is a type-variable:
    T extends Entity declared in class BasicEntityModel
G:\Proyectos\Mods_Minecraft\the_sundering\neoforge\26.2\src\main\java\com\skd\thesundering\client\render\CMItemstackRenderer.java:301: error: cannot find symbol
            vertexconsumer22 = ItemRenderer.getArmorFoilBuffer((MultiBufferSource)bufferIn, (RenderType)CMRenderTypes.eyes((Identifier)GAUNTLET_OF_MAELSTROM_LAYER_TEXTURE), (boolean)itemStackIn.hasFoil());
                                                                ^
  symbol:   class MultiBufferSource
  location: class CMItemstackRenderer
G:\Proyectos\Mods_Minecraft\the_sundering\neoforge\26.2\src\main\java\com\skd\thesundering\client\render\CMItemstackRenderer.java:301: error: cannot find symbol
            vertexconsumer22 = ItemRenderer.getArmorFoilBuffer((MultiBufferSource)bufferIn, (RenderType)CMRenderTypes.eyes((Identifier)GAUNTLET_OF_MAELSTROM_LAYER_TEXTURE), (boolean)itemStackIn.hasFoil());
                                                                                                                     ^
  symbol:   method eyes(Identifier)
  location: class CMRenderTypes
G:\Proyectos\Mods_Minecraft\the_sundering\neoforge\26.2\src\main\java\com\skd\thesundering\client\render\CMItemstackRenderer.java:301: error: cannot find symbol
            vertexconsumer22 = ItemRenderer.getArmorFoilBuffer((MultiBufferSource)bufferIn, (RenderType)CMRenderTypes.eyes((Identifier)GAUNTLET_OF_MAELSTROM_LAYER_TEXTURE), (boolean)itemStackIn.hasFoil());
                               ^
  symbol:   variable ItemRenderer
  location: class CMItemstackRenderer
G:\Proyectos\Mods_Minecraft\the_sundering\neoforge\26.2\src\main\java\com\skd\thesundering\client\render\CMItemstackRenderer.java:302: error: method renderToBuffer in class BasicEntityModel<T> cannot be applied to given types;
            GAUNTLET_OF_MAELSTROM_MODEL.renderToBuffer(matrixStackIn, vertexconsumer22, combinedLightIn, combinedOverlayIn);
                                       ^
  required: PoseStack,VertexConsumer,int,int,int
  found:    PoseStack,VertexConsumer,int,int
  reason: actual and formal argument lists differ in length
  where T is a type-variable:
    T extends Entity declared in class BasicEntityModel
G:\Proyectos\Mods_Minecraft\the_sundering\neoforge\26.2\src\main\java\com\skd\thesundering\client\render\CMItemstackRenderer.java:309: error: cannot find symbol
            vertexconsumer3 = ItemRenderer.getArmorFoilBuffer((MultiBufferSource)bufferIn, (RenderType)RenderType.armorCutoutNoCull((Identifier)THE_INCINERATOR_TEXTURE), (boolean)itemStackIn.hasFoil());
                                                               ^
  symbol:   class MultiBufferSource
  location: class CMItemstackRenderer
G:\Proyectos\Mods_Minecraft\the_sundering\neoforge\26.2\src\main\java\com\skd\thesundering\client\render\CMItemstackRenderer.java:309: error: cannot find symbol
            vertexconsumer3 = ItemRenderer.getArmorFoilBuffer((MultiBufferSource)bufferIn, (RenderType)RenderType.armorCutoutNoCull((Identifier)THE_INCINERATOR_TEXTURE), (boolean)itemStackIn.hasFoil());
                                                                                                                 ^
  symbol:   method armorCutoutNoCull(Identifier)
  location: class RenderType
G:\Proyectos\Mods_Minecraft\the_sundering\neoforge\26.2\src\main\java\com\skd\thesundering\client\render\CMItemstackRenderer.java:309: error: cannot find symbol
            vertexconsumer3 = ItemRenderer.getArmorFoilBuffer((MultiBufferSource)bufferIn, (RenderType)RenderType.armorCutoutNoCull((Identifier)THE_INCINERATOR_TEXTURE), (boolean)itemStackIn.hasFoil());
                              ^
  symbol:   variable ItemRenderer
  location: class CMItemstackRenderer
G:\Proyectos\Mods_Minecraft\the_sundering\neoforge\26.2\src\main\java\com\skd\thesundering\client\render\CMItemstackRenderer.java:310: error: method renderToBuffer in class BasicEntityModel<T> cannot be applied to given types;
            THE_INCINERATOR_MODEL.renderToBuffer(matrixStackIn, vertexconsumer3, combinedLightIn, combinedOverlayIn);
                                 ^
  required: PoseStack,VertexConsumer,int,int,int
  found:    PoseStack,VertexConsumer,int,int
  reason: actual and formal argument lists differ in length
  where T is a type-variable:
    T extends Entity declared in class BasicEntityModel
G:\Proyectos\Mods_Minecraft\the_sundering\neoforge\26.2\src\main\java\com\skd\thesundering\client\render\CMItemstackRenderer.java:317: error: cannot find symbol
            vertexconsumer3 = ItemRenderer.getArmorFoilBuffer((MultiBufferSource)bufferIn, (RenderType)RenderType.entityCutoutNoCull((Identifier)WASW_TEXTURE), (boolean)itemStackIn.hasFoil());
                                                               ^
  symbol:   class MultiBufferSource
  location: class CMItemstackRenderer
G:\Proyectos\Mods_Minecraft\the_sundering\neoforge\26.2\src\main\java\com\skd\thesundering\client\render\CMItemstackRenderer.java:317: error: cannot find symbol
            vertexconsumer3 = ItemRenderer.getArmorFoilBuffer((MultiBufferSource)bufferIn, (RenderType)RenderType.entityCutoutNoCull((Identifier)WASW_TEXTURE), (boolean)itemStackIn.hasFoil());
                                                                                                                 ^
  symbol:   method entityCutoutNoCull(Identifier)
  location: class RenderType
G:\Proyectos\Mods_Minecraft\the_sundering\neoforge\26.2\src\main\java\com\skd\thesundering\client\render\CMItemstackRenderer.java:317: error: cannot find symbol
            vertexconsumer3 = ItemRenderer.getArmorFoilBuffer((MultiBufferSource)bufferIn, (RenderType)RenderType.entityCutoutNoCull((Identifier)WASW_TEXTURE), (boolean)itemStackIn.hasFoil());
                              ^
  symbol:   variable ItemRenderer
  location: class CMItemstackRenderer
G:\Proyectos\Mods_Minecraft\the_sundering\neoforge\26.2\src\main\java\com\skd\thesundering\client\render\CMItemstackRenderer.java:318: error: method renderToBuffer in class BasicEntityModel<T> cannot be applied to given types;
            WASW_MODEL.renderToBuffer(matrixStackIn, vertexconsumer3, combinedLightIn, combinedOverlayIn);
                      ^
  required: PoseStack,VertexConsumer,int,int,int
  found:    PoseStack,VertexConsumer,int,int
  reason: actual and formal argument lists differ in length
  where T is a type-variable:
    T extends Entity declared in class BasicEntityModel
G:\Proyectos\Mods_Minecraft\the_sundering\neoforge\26.2\src\main\java\com\skd\thesundering\client\render\CMItemstackRenderer.java:319: error: cannot find symbol
            vertexconsumer22 = ItemRenderer.getArmorFoilBuffer((MultiBufferSource)bufferIn, (RenderType)CMRenderTypes.eyes((Identifier)WASW_LAYER_TEXTURE), (boolean)itemStackIn.hasFoil());
                                                                ^
  symbol:   class MultiBufferSource
  location: class CMItemstackRenderer
G:\Proyectos\Mods_Minecraft\the_sundering\neoforge\26.2\src\main\java\com\skd\thesundering\client\render\CMItemstackRenderer.java:319: error: cannot find symbol
            vertexconsumer22 = ItemRenderer.getArmorFoilBuffer((MultiBufferSource)bufferIn, (RenderType)CMRenderTypes.eyes((Identifier)WASW_LAYER_TEXTURE), (boolean)itemStackIn.hasFoil());
                                                                                                                     ^
  symbol:   method eyes(Identifier)
  location: class CMRenderTypes
G:\Proyectos\Mods_Minecraft\the_sundering\neoforge\26.2\src\main\java\com\skd\thesundering\client\render\CMItemstackRenderer.java:319: error: cannot find symbol
            vertexconsumer22 = ItemRenderer.getArmorFoilBuffer((MultiBufferSource)bufferIn, (RenderType)CMRenderTypes.eyes((Identifier)WASW_LAYER_TEXTURE), (boolean)itemStackIn.hasFoil());
                               ^
  symbol:   variable ItemRenderer
  location: class CMItemstackRenderer
G:\Proyectos\Mods_Minecraft\the_sundering\neoforge\26.2\src\main\java\com\skd\thesundering\client\render\CMItemstackRenderer.java:320: error: method renderToBuffer in class BasicEntityModel<T> cannot be applied to given types;
            WASW_MODEL.renderToBuffer(matrixStackIn, vertexconsumer22, combinedLightIn, combinedOverlayIn);
                      ^
  required: PoseStack,VertexConsumer,int,int,int
  found:    PoseStack,VertexConsumer,int,int
  reason: actual and formal argument lists differ in length
  where T is a type-variable:
    T extends Entity declared in class BasicEntityModel
G:\Proyectos\Mods_Minecraft\the_sundering\neoforge\26.2\src\main\java\com\skd\thesundering\client\render\CMItemstackRenderer.java:327: error: cannot find symbol
            vertexconsumer3 = ItemRenderer.getArmorFoilBuffer((MultiBufferSource)bufferIn, (RenderType)RenderType.entityCutoutNoCull((Identifier)VASW_TEXTURE), (boolean)itemStackIn.hasFoil());
                                                               ^
  symbol:   class MultiBufferSource
  location: class CMItemstackRenderer
G:\Proyectos\Mods_Minecraft\the_sundering\neoforge\26.2\src\main\java\com\skd\thesundering\client\render\CMItemstackRenderer.java:327: error: cannot find symbol
            vertexconsumer3 = ItemRenderer.getArmorFoilBuffer((MultiBufferSource)bufferIn, (RenderType)RenderType.entityCutoutNoCull((Identifier)VASW_TEXTURE), (boolean)itemStackIn.hasFoil());
                                                                                                                 ^
  symbol:   method entityCutoutNoCull(Identifier)
  location: class RenderType
G:\Proyectos\Mods_Minecraft\the_sundering\neoforge\26.2\src\main\java\com\skd\thesundering\client\render\CMItemstackRenderer.java:327: error: cannot find symbol
            vertexconsumer3 = ItemRenderer.getArmorFoilBuffer((MultiBufferSource)bufferIn, (RenderType)RenderType.entityCutoutNoCull((Identifier)VASW_TEXTURE), (boolean)itemStackIn.hasFoil());
                              ^
  symbol:   variable ItemRenderer
  location: class CMItemstackRenderer
G:\Proyectos\Mods_Minecraft\the_sundering\neoforge\26.2\src\main\java\com\skd\thesundering\client\render\CMItemstackRenderer.java:328: error: method renderToBuffer in class BasicEntityModel<T> cannot be applied to given types;
            WASW_MODEL.renderToBuffer(matrixStackIn, vertexconsumer3, combinedLightIn, combinedOverlayIn);
                      ^
  required: PoseStack,VertexConsumer,int,int,int
  found:    PoseStack,VertexConsumer,int,int
  reason: actual and formal argument lists differ in length
  where T is a type-variable:
    T extends Entity declared in class BasicEntityModel
G:\Proyectos\Mods_Minecraft\the_sundering\neoforge\26.2\src\main\java\com\skd\thesundering\client\render\CMItemstackRenderer.java:329: error: cannot find symbol
            vertexconsumer22 = ItemRenderer.getArmorFoilBuffer((MultiBufferSource)bufferIn, (RenderType)CMRenderTypes.eyes((Identifier)VASW_LAYER_TEXTURE), (boolean)itemStackIn.hasFoil());
                                                                ^
  symbol:   class MultiBufferSource
  location: class CMItemstackRenderer
G:\Proyectos\Mods_Minecraft\the_sundering\neoforge\26.2\src\main\java\com\skd\thesundering\client\render\CMItemstackRenderer.java:329: error: cannot find symbol
            vertexconsumer22 = ItemRenderer.getArmorFoilBuffer((MultiBufferSource)bufferIn, (RenderType)CMRenderTypes.eyes((Identifier)VASW_LAYER_TEXTURE), (boolean)itemStackIn.hasFoil());
                                                                                                                     ^
  symbol:   method eyes(Identifier)
  location: class CMRenderTypes
G:\Proyectos\Mods_Minecraft\the_sundering\neoforge\26.2\src\main\java\com\skd\thesundering\client\render\CMItemstackRenderer.java:329: error: cannot find symbol
            vertexconsumer22 = ItemRenderer.getArmorFoilBuffer((MultiBufferSource)bufferIn, (RenderType)CMRenderTypes.eyes((Identifier)VASW_LAYER_TEXTURE), (boolean)itemStackIn.hasFoil());
                               ^
  symbol:   variable ItemRenderer
  location: class CMItemstackRenderer
G:\Proyectos\Mods_Minecraft\the_sundering\neoforge\26.2\src\main\java\com\skd\thesundering\client\render\CMItemstackRenderer.java:330: error: method renderToBuffer in class BasicEntityModel<T> cannot be applied to given types;
            WASW_MODEL.renderToBuffer(matrixStackIn, vertexconsumer22, combinedLightIn, combinedOverlayIn);
                      ^
  required: PoseStack,VertexConsumer,int,int,int
  found:    PoseStack,VertexConsumer,int,int
  reason: actual and formal argument lists differ in length
  where T is a type-variable:
    T extends Entity declared in class BasicEntityModel
G:\Proyectos\Mods_Minecraft\the_sundering\neoforge\26.2\src\main\java\com\skd\thesundering\client\render\CMItemstackRenderer.java:336: error: cannot find symbol
            vertexconsumer3 = ItemRenderer.getArmorFoilBuffer((MultiBufferSource)bufferIn, (RenderType)RenderType.armorCutoutNoCull((Identifier)CORAL_SPEAR_TEXTURE), (boolean)itemStackIn.hasFoil());
                                                               ^
  symbol:   class MultiBufferSource
  location: class CMItemstackRenderer
G:\Proyectos\Mods_Minecraft\the_sundering\neoforge\26.2\src\main\java\com\skd\thesundering\client\render\CMItemstackRenderer.java:336: error: cannot find symbol
            vertexconsumer3 = ItemRenderer.getArmorFoilBuffer((MultiBufferSource)bufferIn, (RenderType)RenderType.armorCutoutNoCull((Identifier)CORAL_SPEAR_TEXTURE), (boolean)itemStackIn.hasFoil());
                                                                                                                 ^
  symbol:   method armorCutoutNoCull(Identifier)
  location: class RenderType
G:\Proyectos\Mods_Minecraft\the_sundering\neoforge\26.2\src\main\java\com\skd\thesundering\client\render\CMItemstackRenderer.java:336: error: cannot find symbol
            vertexconsumer3 = ItemRenderer.getArmorFoilBuffer((MultiBufferSource)bufferIn, (RenderType)RenderType.armorCutoutNoCull((Identifier)CORAL_SPEAR_TEXTURE), (boolean)itemStackIn.hasFoil());
                              ^
  symbol:   variable ItemRenderer
  location: class CMItemstackRenderer
G:\Proyectos\Mods_Minecraft\the_sundering\neoforge\26.2\src\main\java\com\skd\thesundering\client\render\CMItemstackRenderer.java:337: error: method renderToBuffer in class BasicEntityModel<T> cannot be applied to given types;
            CORAL_SPEAR_MODEL.renderToBuffer(matrixStackIn, vertexconsumer3, combinedLightIn, combinedOverlayIn);
                             ^
  required: PoseStack,VertexConsumer,int,int,int
  found:    PoseStack,VertexConsumer,int,int
  reason: actual and formal argument lists differ in length
  where T is a type-variable:
    T extends Entity declared in class BasicEntityModel
G:\Proyectos\Mods_Minecraft\the_sundering\neoforge\26.2\src\main\java\com\skd\thesundering\client\render\CMItemstackRenderer.java:343: error: cannot find symbol
            vertexconsumer3 = ItemRenderer.getArmorFoilBuffer((MultiBufferSource)bufferIn, (RenderType)RenderType.armorCutoutNoCull((Identifier)CORAL_BARDICHE_TEXTURE), (boolean)itemStackIn.hasFoil());
                                                               ^
  symbol:   class MultiBufferSource
  location: class CMItemstackRenderer
G:\Proyectos\Mods_Minecraft\the_sundering\neoforge\26.2\src\main\java\com\skd\thesundering\client\render\CMItemstackRenderer.java:343: error: cannot find symbol
            vertexconsumer3 = ItemRenderer.getArmorFoilBuffer((MultiBufferSource)bufferIn, (RenderType)RenderType.armorCutoutNoCull((Identifier)CORAL_BARDICHE_TEXTURE), (boolean)itemStackIn.hasFoil());
                                                                                                                 ^
  symbol:   method armorCutoutNoCull(Identifier)
  location: class RenderType
G:\Proyectos\Mods_Minecraft\the_sundering\neoforge\26.2\src\main\java\com\skd\thesundering\client\render\CMItemstackRenderer.java:343: error: cannot find symbol
            vertexconsumer3 = ItemRenderer.getArmorFoilBuffer((MultiBufferSource)bufferIn, (RenderType)RenderType.armorCutoutNoCull((Identifier)CORAL_BARDICHE_TEXTURE), (boolean)itemStackIn.hasFoil());
                              ^
  symbol:   variable ItemRenderer
  location: class CMItemstackRenderer
G:\Proyectos\Mods_Minecraft\the_sundering\neoforge\26.2\src\main\java\com\skd\thesundering\client\render\CMItemstackRenderer.java:344: error: method renderToBuffer in class BasicEntityModel<T> cannot be applied to given types;
            CORAL_BARDICHE_MODEL.renderToBuffer(matrixStackIn, vertexconsumer3, combinedLightIn, combinedOverlayIn);
                                ^
  required: PoseStack,VertexConsumer,int,int,int
  found:    PoseStack,VertexConsumer,int,int
  reason: actual and formal argument lists differ in length
  where T is a type-variable:
    T extends Entity declared in class BasicEntityModel
G:\Proyectos\Mods_Minecraft\the_sundering\neoforge\26.2\src\main\java\com\skd\thesundering\client\render\CMItemstackRenderer.java:351: error: cannot find symbol
            vertexconsumer3 = ItemRenderer.getArmorFoilBuffer((MultiBufferSource)bufferIn, (RenderType)RenderType.entityCutoutNoCull((Identifier)VOID_FORGE_TEXTURE), (boolean)itemStackIn.hasFoil());
                                                               ^
  symbol:   class MultiBufferSource
  location: class CMItemstackRenderer
G:\Proyectos\Mods_Minecraft\the_sundering\neoforge\26.2\src\main\java\com\skd\thesundering\client\render\CMItemstackRenderer.java:351: error: cannot find symbol
            vertexconsumer3 = ItemRenderer.getArmorFoilBuffer((MultiBufferSource)bufferIn, (RenderType)RenderType.entityCutoutNoCull((Identifier)VOID_FORGE_TEXTURE), (boolean)itemStackIn.hasFoil());
                                                                                                                 ^
  symbol:   method entityCutoutNoCull(Identifier)
  location: class RenderType
G:\Proyectos\Mods_Minecraft\the_sundering\neoforge\26.2\src\main\java\com\skd\thesundering\client\render\CMItemstackRenderer.java:351: error: cannot find symbol
            vertexconsumer3 = ItemRenderer.getArmorFoilBuffer((MultiBufferSource)bufferIn, (RenderType)RenderType.entityCutoutNoCull((Identifier)VOID_FORGE_TEXTURE), (boolean)itemStackIn.hasFoil());
                              ^
  symbol:   variable ItemRenderer
  location: class CMItemstackRenderer
G:\Proyectos\Mods_Minecraft\the_sundering\neoforge\26.2\src\main\java\com\skd\thesundering\client\render\CMItemstackRenderer.java:352: error: method renderToBuffer in class BasicEntityModel<T> cannot be applied to given types;
            VOID_FORGE_MODEL.renderToBuffer(matrixStackIn, vertexconsumer3, combinedLightIn, combinedOverlayIn);
                            ^
  required: PoseStack,VertexConsumer,int,int,int
  found:    PoseStack,VertexConsumer,int,int
  reason: actual and formal argument lists differ in length
  where T is a type-variable:
    T extends Entity declared in class BasicEntityModel
G:\Proyectos\Mods_Minecraft\the_sundering\neoforge\26.2\src\main\java\com\skd\thesundering\client\render\CMItemstackRenderer.java:353: error: cannot find symbol
            vertexconsumer22 = ItemRenderer.getArmorFoilBuffer((MultiBufferSource)bufferIn, (RenderType)CMRenderTypes.eyes((Identifier)VOID_FORGE_LAYER_TEXTURE), (boolean)itemStackIn.hasFoil());
                                                                ^
  symbol:   class MultiBufferSource
  location: class CMItemstackRenderer
G:\Proyectos\Mods_Minecraft\the_sundering\neoforge\26.2\src\main\java\com\skd\thesundering\client\render\CMItemstackRenderer.java:353: error: cannot find symbol
            vertexconsumer22 = ItemRenderer.getArmorFoilBuffer((MultiBufferSource)bufferIn, (RenderType)CMRenderTypes.eyes((Identifier)VOID_FORGE_LAYER_TEXTURE), (boolean)itemStackIn.hasFoil());
                                                                                                                     ^
  symbol:   method eyes(Identifier)
  location: class CMRenderTypes
G:\Proyectos\Mods_Minecraft\the_sundering\neoforge\26.2\src\main\java\com\skd\thesundering\client\render\CMItemstackRenderer.java:353: error: cannot find symbol
            vertexconsumer22 = ItemRenderer.getArmorFoilBuffer((MultiBufferSource)bufferIn, (RenderType)CMRenderTypes.eyes((Identifier)VOID_FORGE_LAYER_TEXTURE), (boolean)itemStackIn.hasFoil());
                               ^
  symbol:   variable ItemRenderer
  location: class CMItemstackRenderer
G:\Proyectos\Mods_Minecraft\the_sundering\neoforge\26.2\src\main\java\com\skd\thesundering\client\render\CMItemstackRenderer.java:354: error: method renderToBuffer in class BasicEntityModel<T> cannot be applied to given types;
            VOID_FORGE_MODEL.renderToBuffer(matrixStackIn, vertexconsumer22, combinedLightIn, combinedOverlayIn);
                            ^
  required: PoseStack,VertexConsumer,int,int,int
  found:    PoseStack,VertexConsumer,int,int
  reason: actual and formal argument lists differ in length
  where T is a type-variable:
    T extends Entity declared in class BasicEntityModel
G:\Proyectos\Mods_Minecraft\the_sundering\neoforge\26.2\src\main\java\com\skd\thesundering\client\render\CMItemstackRenderer.java:361: error: cannot find symbol
            vertexconsumer3 = ItemRenderer.getArmorFoilBuffer((MultiBufferSource)bufferIn, (RenderType)RenderType.entityCutoutNoCull((Identifier)BRONTES_TEXTURE), (boolean)itemStackIn.hasFoil());
                                                               ^
  symbol:   class MultiBufferSource
  location: class CMItemstackRenderer
G:\Proyectos\Mods_Minecraft\the_sundering\neoforge\26.2\src\main\java\com\skd\thesundering\client\render\CMItemstackRenderer.java:361: error: cannot find symbol
            vertexconsumer3 = ItemRenderer.getArmorFoilBuffer((MultiBufferSource)bufferIn, (RenderType)RenderType.entityCutoutNoCull((Identifier)BRONTES_TEXTURE), (boolean)itemStackIn.hasFoil());
                                                                                                                 ^
  symbol:   method entityCutoutNoCull(Identifier)
  location: class RenderType
G:\Proyectos\Mods_Minecraft\the_sundering\neoforge\26.2\src\main\java\com\skd\thesundering\client\render\CMItemstackRenderer.java:361: error: cannot find symbol
            vertexconsumer3 = ItemRenderer.getArmorFoilBuffer((MultiBufferSource)bufferIn, (RenderType)RenderType.entityCutoutNoCull((Identifier)BRONTES_TEXTURE), (boolean)itemStackIn.hasFoil());
                              ^
  symbol:   variable ItemRenderer
  location: class CMItemstackRenderer
G:\Proyectos\Mods_Minecraft\the_sundering\neoforge\26.2\src\main\java\com\skd\thesundering\client\render\CMItemstackRenderer.java:362: error: method renderToBuffer in class BasicEntityModel<T> cannot be applied to given types;
            BRONTES_MODEL.renderToBuffer(matrixStackIn, vertexconsumer3, combinedLightIn, OverlayTexture.NO_OVERLAY);
                         ^
  required: PoseStack,VertexConsumer,int,int,int
  found:    PoseStack,VertexConsumer,int,int
  reason: actual and formal argument lists differ in length
  where T is a type-variable:
    T extends Entity declared in class BasicEntityModel
G:\Proyectos\Mods_Minecraft\the_sundering\neoforge\26.2\src\main\java\com\skd\thesundering\client\render\CMItemstackRenderer.java:363: error: cannot find symbol
            vertexconsumer22 = ItemRenderer.getArmorFoilBuffer((MultiBufferSource)bufferIn, (RenderType)CMRenderTypes.eyes((Identifier)BRONTES_LAYER_TEXTURE), (boolean)itemStackIn.hasFoil());
                                                                ^
  symbol:   class MultiBufferSource
  location: class CMItemstackRenderer
G:\Proyectos\Mods_Minecraft\the_sundering\neoforge\26.2\src\main\java\com\skd\thesundering\client\render\CMItemstackRenderer.java:363: error: cannot find symbol
            vertexconsumer22 = ItemRenderer.getArmorFoilBuffer((MultiBufferSource)bufferIn, (RenderType)CMRenderTypes.eyes((Identifier)BRONTES_LAYER_TEXTURE), (boolean)itemStackIn.hasFoil());
                                                                                                                     ^
  symbol:   method eyes(Identifier)
  location: class CMRenderTypes
G:\Proyectos\Mods_Minecraft\the_sundering\neoforge\26.2\src\main\java\com\skd\thesundering\client\render\CMItemstackRenderer.java:363: error: cannot find symbol
            vertexconsumer22 = ItemRenderer.getArmorFoilBuffer((MultiBufferSource)bufferIn, (RenderType)CMRenderTypes.eyes((Identifier)BRONTES_LAYER_TEXTURE), (boolean)itemStackIn.hasFoil());
                               ^
  symbol:   variable ItemRenderer
  location: class CMItemstackRenderer
G:\Proyectos\Mods_Minecraft\the_sundering\neoforge\26.2\src\main\java\com\skd\thesundering\client\render\CMItemstackRenderer.java:364: error: method renderToBuffer in class BasicEntityModel<T> cannot be applied to given types;
            BRONTES_MODEL.renderToBuffer(matrixStackIn, vertexconsumer22, combinedLightIn, combinedOverlayIn);
                         ^
  required: PoseStack,VertexConsumer,int,int,int
  found:    PoseStack,VertexConsumer,int,int
  reason: actual and formal argument lists differ in length
  where T is a type-variable:
    T extends Entity declared in class BasicEntityModel
G:\Proyectos\Mods_Minecraft\the_sundering\neoforge\26.2\src\main\java\com\skd\thesundering\client\render\CMItemstackRenderer.java:371: error: cannot find symbol
            vertexconsumer3 = ItemRenderer.getArmorFoilBuffer((MultiBufferSource)bufferIn, (RenderType)RenderType.entityCutoutNoCull((Identifier)INFERNAL_FORGE_TEXTURE), (boolean)itemStackIn.hasFoil());
                                                               ^
  symbol:   class MultiBufferSource
  location: class CMItemstackRenderer
G:\Proyectos\Mods_Minecraft\the_sundering\neoforge\26.2\src\main\java\com\skd\thesundering\client\render\CMItemstackRenderer.java:371: error: cannot find symbol
            vertexconsumer3 = ItemRenderer.getArmorFoilBuffer((MultiBufferSource)bufferIn, (RenderType)RenderType.entityCutoutNoCull((Identifier)INFERNAL_FORGE_TEXTURE), (boolean)itemStackIn.hasFoil());
                                                                                                                 ^
  symbol:   method entityCutoutNoCull(Identifier)
  location: class RenderType
G:\Proyectos\Mods_Minecraft\the_sundering\neoforge\26.2\src\main\java\com\skd\thesundering\client\render\CMItemstackRenderer.java:371: error: cannot find symbol
            vertexconsumer3 = ItemRenderer.getArmorFoilBuffer((MultiBufferSource)bufferIn, (RenderType)RenderType.entityCutoutNoCull((Identifier)INFERNAL_FORGE_TEXTURE), (boolean)itemStackIn.hasFoil());
                              ^
  symbol:   variable ItemRenderer
  location: class CMItemstackRenderer
G:\Proyectos\Mods_Minecraft\the_sundering\neoforge\26.2\src\main\java\com\skd\thesundering\client\render\CMItemstackRenderer.java:372: error: method renderToBuffer in class BasicEntityModel<T> cannot be applied to given types;
            INFERNAL_FORGE_MODEL.renderToBuffer(matrixStackIn, vertexconsumer3, combinedLightIn, combinedOverlayIn);
                                ^
  required: PoseStack,VertexConsumer,int,int,int
  found:    PoseStack,VertexConsumer,int,int
  reason: actual and formal argument lists differ in length
  where T is a type-variable:
    T extends Entity declared in class BasicEntityModel
G:\Proyectos\Mods_Minecraft\the_sundering\neoforge\26.2\src\main\java\com\skd\thesundering\client\render\CMItemstackRenderer.java:373: error: cannot find symbol
            vertexconsumer22 = ItemRenderer.getArmorFoilBuffer((MultiBufferSource)bufferIn, (RenderType)CMRenderTypes.eyes((Identifier)INFERNAL_FORGE_LAYER_TEXTURE), (boolean)itemStackIn.hasFoil());
                                                                ^
  symbol:   class MultiBufferSource
  location: class CMItemstackRenderer
G:\Proyectos\Mods_Minecraft\the_sundering\neoforge\26.2\src\main\java\com\skd\thesundering\client\render\CMItemstackRenderer.java:373: error: cannot find symbol
            vertexconsumer22 = ItemRenderer.getArmorFoilBuffer((MultiBufferSource)bufferIn, (RenderType)CMRenderTypes.eyes((Identifier)INFERNAL_FORGE_LAYER_TEXTURE), (boolean)itemStackIn.hasFoil());
                                                                                                                     ^
  symbol:   method eyes(Identifier)
  location: class CMRenderTypes
G:\Proyectos\Mods_Minecraft\the_sundering\neoforge\26.2\src\main\java\com\skd\thesundering\client\render\CMItemstackRenderer.java:373: error: cannot find symbol
            vertexconsumer22 = ItemRenderer.getArmorFoilBuffer((MultiBufferSource)bufferIn, (RenderType)CMRenderTypes.eyes((Identifier)INFERNAL_FORGE_LAYER_TEXTURE), (boolean)itemStackIn.hasFoil());
                               ^
  symbol:   variable ItemRenderer
  location: class CMItemstackRenderer
G:\Proyectos\Mods_Minecraft\the_sundering\neoforge\26.2\src\main\java\com\skd\thesundering\client\render\CMItemstackRenderer.java:374: error: method renderToBuffer in class BasicEntityModel<T> cannot be applied to given types;
            INFERNAL_FORGE_MODEL.renderToBuffer(matrixStackIn, vertexconsumer22, combinedLightIn, combinedOverlayIn);
                                ^
  required: PoseStack,VertexConsumer,int,int,int
  found:    PoseStack,VertexConsumer,int,int
  reason: actual and formal argument lists differ in length
  where T is a type-variable:
    T extends Entity declared in class BasicEntityModel
G:\Proyectos\Mods_Minecraft\the_sundering\neoforge\26.2\src\main\java\com\skd\thesundering\client\render\CMItemstackRenderer.java:381: error: cannot find symbol
            vertexconsumer3 = ItemRenderer.getArmorFoilBuffer((MultiBufferSource)bufferIn, (RenderType)RenderType.armorCutoutNoCull((Identifier)TIDAL_CLAWS_TEXTURE), (boolean)itemStackIn.hasFoil());
                                                               ^
  symbol:   class MultiBufferSource
  location: class CMItemstackRenderer
G:\Proyectos\Mods_Minecraft\the_sundering\neoforge\26.2\src\main\java\com\skd\thesundering\client\render\CMItemstackRenderer.java:381: error: cannot find symbol
            vertexconsumer3 = ItemRenderer.getArmorFoilBuffer((MultiBufferSource)bufferIn, (RenderType)RenderType.armorCutoutNoCull((Identifier)TIDAL_CLAWS_TEXTURE), (boolean)itemStackIn.hasFoil());
                                                                                                                 ^
  symbol:   method armorCutoutNoCull(Identifier)
  location: class RenderType
G:\Proyectos\Mods_Minecraft\the_sundering\neoforge\26.2\src\main\java\com\skd\thesundering\client\render\CMItemstackRenderer.java:381: error: cannot find symbol
            vertexconsumer3 = ItemRenderer.getArmorFoilBuffer((MultiBufferSource)bufferIn, (RenderType)RenderType.armorCutoutNoCull((Identifier)TIDAL_CLAWS_TEXTURE), (boolean)itemStackIn.hasFoil());
                              ^
  symbol:   variable ItemRenderer
  location: class CMItemstackRenderer
G:\Proyectos\Mods_Minecraft\the_sundering\neoforge\26.2\src\main\java\com\skd\thesundering\client\render\CMItemstackRenderer.java:382: error: method renderToBuffer in class BasicEntityModel<T> cannot be applied to given types;
            TIDAL_CLAWS_MODEL.renderToBuffer(matrixStackIn, vertexconsumer3, combinedLightIn, combinedOverlayIn);
                             ^
  required: PoseStack,VertexConsumer,int,int,int
  found:    PoseStack,VertexConsumer,int,int
  reason: actual and formal argument lists differ in length
  where T is a type-variable:
    T extends Entity declared in class BasicEntityModel
G:\Proyectos\Mods_Minecraft\the_sundering\neoforge\26.2\src\main\java\com\skd\thesundering\client\render\CMItemstackRenderer.java:389: error: cannot find symbol
            vertexconsumer3 = ItemRenderer.getArmorFoilBuffer((MultiBufferSource)bufferIn, (RenderType)RenderType.entityCutoutNoCull((Identifier)MEAT_SHREDDER_TEXTURE), (boolean)itemStackIn.hasFoil());
                                                               ^
  symbol:   class MultiBufferSource
  location: class CMItemstackRenderer
G:\Proyectos\Mods_Minecraft\the_sundering\neoforge\26.2\src\main\java\com\skd\thesundering\client\render\CMItemstackRenderer.java:389: error: cannot find symbol
            vertexconsumer3 = ItemRenderer.getArmorFoilBuffer((MultiBufferSource)bufferIn, (RenderType)RenderType.entityCutoutNoCull((Identifier)MEAT_SHREDDER_TEXTURE), (boolean)itemStackIn.hasFoil());
                                                                                                                 ^
  symbol:   method entityCutoutNoCull(Identifier)
  location: class RenderType
G:\Proyectos\Mods_Minecraft\the_sundering\neoforge\26.2\src\main\java\com\skd\thesundering\client\render\CMItemstackRenderer.java:389: error: cannot find symbol
            vertexconsumer3 = ItemRenderer.getArmorFoilBuffer((MultiBufferSource)bufferIn, (RenderType)RenderType.entityCutoutNoCull((Identifier)MEAT_SHREDDER_TEXTURE), (boolean)itemStackIn.hasFoil());
                              ^
  symbol:   variable ItemRenderer
  location: class CMItemstackRenderer
G:\Proyectos\Mods_Minecraft\the_sundering\neoforge\26.2\src\main\java\com\skd\thesundering\client\render\CMItemstackRenderer.java:390: error: method renderToBuffer in class BasicEntityModel<T> cannot be applied to given types;
            MEAT_SHREDDER_MODEL.renderToBuffer(matrixStackIn, vertexconsumer3, combinedLightIn, combinedOverlayIn);
                               ^
  required: PoseStack,VertexConsumer,int,int,int
  found:    PoseStack,VertexConsumer,int,int
  reason: actual and formal argument lists differ in length
  where T is a type-variable:
    T extends Entity declared in class BasicEntityModel
G:\Proyectos\Mods_Minecraft\the_sundering\neoforge\26.2\src\main\java\com\skd\thesundering\client\render\CMItemstackRenderer.java:391: error: cannot find symbol
            vertexconsumer22 = ItemRenderer.getArmorFoilBuffer((MultiBufferSource)bufferIn, (RenderType)CMRenderTypes.CMEyes(MEAT_SHREDDER_LAYER_TEXTURE), (boolean)itemStackIn.hasFoil());
                                                                ^
  symbol:   class MultiBufferSource
  location: class CMItemstackRenderer
G:\Proyectos\Mods_Minecraft\the_sundering\neoforge\26.2\src\main\java\com\skd\thesundering\client\render\CMItemstackRenderer.java:391: error: cannot find symbol
            vertexconsumer22 = ItemRenderer.getArmorFoilBuffer((MultiBufferSource)bufferIn, (RenderType)CMRenderTypes.CMEyes(MEAT_SHREDDER_LAYER_TEXTURE), (boolean)itemStackIn.hasFoil());
                               ^
  symbol:   variable ItemRenderer
  location: class CMItemstackRenderer
G:\Proyectos\Mods_Minecraft\the_sundering\neoforge\26.2\src\main\java\com\skd\thesundering\client\render\CMItemstackRenderer.java:392: error: method renderToBuffer in class BasicEntityModel<T> cannot be applied to given types;
            MEAT_SHREDDER_MODEL.renderToBuffer(matrixStackIn, vertexconsumer22, combinedLightIn, combinedOverlayIn);
                               ^
  required: PoseStack,VertexConsumer,int,int,int
  found:    PoseStack,VertexConsumer,int,int
  reason: actual and formal argument lists differ in length
  where T is a type-variable:
    T extends Entity declared in class BasicEntityModel
G:\Proyectos\Mods_Minecraft\the_sundering\neoforge\26.2\src\main\java\com\skd\thesundering\client\render\CMItemstackRenderer.java:400: error: cannot find symbol
            vertexconsumer3 = ItemRenderer.getArmorFoilBuffer((MultiBufferSource)bufferIn, (RenderType)RenderType.entityCutoutNoCull((Identifier)LASER_GATLING_TEXTURE), (boolean)itemStackIn.hasFoil());
                                                               ^
  symbol:   class MultiBufferSource
  location: class CMItemstackRenderer
G:\Proyectos\Mods_Minecraft\the_sundering\neoforge\26.2\src\main\java\com\skd\thesundering\client\render\CMItemstackRenderer.java:400: error: cannot find symbol
            vertexconsumer3 = ItemRenderer.getArmorFoilBuffer((MultiBufferSource)bufferIn, (RenderType)RenderType.entityCutoutNoCull((Identifier)LASER_GATLING_TEXTURE), (boolean)itemStackIn.hasFoil());
                                                                                                                 ^
  symbol:   method entityCutoutNoCull(Identifier)
  location: class RenderType
G:\Proyectos\Mods_Minecraft\the_sundering\neoforge\26.2\src\main\java\com\skd\thesundering\client\render\CMItemstackRenderer.java:400: error: cannot find symbol
            vertexconsumer3 = ItemRenderer.getArmorFoilBuffer((MultiBufferSource)bufferIn, (RenderType)RenderType.entityCutoutNoCull((Identifier)LASER_GATLING_TEXTURE), (boolean)itemStackIn.hasFoil());
                              ^
  symbol:   variable ItemRenderer
  location: class CMItemstackRenderer
G:\Proyectos\Mods_Minecraft\the_sundering\neoforge\26.2\src\main\java\com\skd\thesundering\client\render\CMItemstackRenderer.java:404: error: method renderToBuffer in class BasicEntityModel<T> cannot be applied to given types;
            LASER_GATLING_MODEL.renderToBuffer(matrixStackIn, vertexconsumer3, combinedLightIn, combinedOverlayIn);
                               ^
  required: PoseStack,VertexConsumer,int,int,int
  found:    PoseStack,VertexConsumer,int,int
  reason: actual and formal argument lists differ in length
  where T is a type-variable:
    T extends Entity declared in class BasicEntityModel
G:\Proyectos\Mods_Minecraft\the_sundering\neoforge\26.2\src\main\java\com\skd\thesundering\client\render\CMItemstackRenderer.java:405: error: cannot find symbol
            vertexconsumer2 = ItemRenderer.getArmorFoilBuffer((MultiBufferSource)bufferIn, (RenderType)CMRenderTypes.eyes((Identifier)LASER_GATLING_LAYER_TEXTURE), (boolean)itemStackIn.hasFoil());
                                                               ^
  symbol:   class MultiBufferSource
  location: class CMItemstackRenderer
G:\Proyectos\Mods_Minecraft\the_sundering\neoforge\26.2\src\main\java\com\skd\thesundering\client\render\CMItemstackRenderer.java:405: error: cannot find symbol
            vertexconsumer2 = ItemRenderer.getArmorFoilBuffer((MultiBufferSource)bufferIn, (RenderType)CMRenderTypes.eyes((Identifier)LASER_GATLING_LAYER_TEXTURE), (boolean)itemStackIn.hasFoil());
                                                                                                                    ^
  symbol:   method eyes(Identifier)
  location: class CMRenderTypes
G:\Proyectos\Mods_Minecraft\the_sundering\neoforge\26.2\src\main\java\com\skd\thesundering\client\render\CMItemstackRenderer.java:405: error: cannot find symbol
            vertexconsumer2 = ItemRenderer.getArmorFoilBuffer((MultiBufferSource)bufferIn, (RenderType)CMRenderTypes.eyes((Identifier)LASER_GATLING_LAYER_TEXTURE), (boolean)itemStackIn.hasFoil());
                              ^
  symbol:   variable ItemRenderer
  location: class CMItemstackRenderer
G:\Proyectos\Mods_Minecraft\the_sundering\neoforge\26.2\src\main\java\com\skd\thesundering\client\render\CMItemstackRenderer.java:406: error: method renderToBuffer in class BasicEntityModel<T> cannot be applied to given types;
            LASER_GATLING_MODEL.renderToBuffer(matrixStackIn, vertexconsumer2, combinedLightIn, combinedOverlayIn);
                               ^
  required: PoseStack,VertexConsumer,int,int,int
  found:    PoseStack,VertexConsumer,int,int
  reason: actual and formal argument lists differ in length
  where T is a type-variable:
    T extends Entity declared in class BasicEntityModel
G:\Proyectos\Mods_Minecraft\the_sundering\neoforge\26.2\src\main\java\com\skd\thesundering\client\render\CMItemstackRenderer.java:413: error: cannot find symbol
            vertexconsumer3 = ItemRenderer.getArmorFoilBuffer((MultiBufferSource)bufferIn, (RenderType)RenderType.armorCutoutNoCull((Identifier)ANCIENT_SPEAR_TEXTURE), (boolean)itemStackIn.hasFoil());
                                                               ^
  symbol:   class MultiBufferSource
  location: class CMItemstackRenderer
G:\Proyectos\Mods_Minecraft\the_sundering\neoforge\26.2\src\main\java\com\skd\thesundering\client\render\CMItemstackRenderer.java:413: error: cannot find symbol
            vertexconsumer3 = ItemRenderer.getArmorFoilBuffer((MultiBufferSource)bufferIn, (RenderType)RenderType.armorCutoutNoCull((Identifier)ANCIENT_SPEAR_TEXTURE), (boolean)itemStackIn.hasFoil());
                                                                                                                 ^
  symbol:   method armorCutoutNoCull(Identifier)
  location: class RenderType
G:\Proyectos\Mods_Minecraft\the_sundering\neoforge\26.2\src\main\java\com\skd\thesundering\client\render\CMItemstackRenderer.java:413: error: cannot find symbol
            vertexconsumer3 = ItemRenderer.getArmorFoilBuffer((MultiBufferSource)bufferIn, (RenderType)RenderType.armorCutoutNoCull((Identifier)ANCIENT_SPEAR_TEXTURE), (boolean)itemStackIn.hasFoil());
                              ^
  symbol:   variable ItemRenderer
  location: class CMItemstackRenderer
G:\Proyectos\Mods_Minecraft\the_sundering\neoforge\26.2\src\main\java\com\skd\thesundering\client\render\CMItemstackRenderer.java:414: error: method renderToBuffer in class BasicEntityModel<T> cannot be applied to given types;
            ANCIENT_SPEAR_MODEL.renderToBuffer(matrixStackIn, vertexconsumer3, combinedLightIn, combinedOverlayIn);
                               ^
  required: PoseStack,VertexConsumer,int,int,int
  found:    PoseStack,VertexConsumer,int,int
  reason: actual and formal argument lists differ in length
  where T is a type-variable:
    T extends Entity declared in class BasicEntityModel
G:\Proyectos\Mods_Minecraft\the_sundering\neoforge\26.2\src\main\java\com\skd\thesundering\client\render\CMItemstackRenderer.java:424: error: cannot find symbol
            vertexconsumer = ItemRenderer.getArmorFoilBuffer((MultiBufferSource)bufferIn, (RenderType)RenderType.armorCutoutNoCull((Identifier)CURSED_BOW_TEXTURE), (boolean)itemStackIn.hasFoil());
                                                              ^
  symbol:   class MultiBufferSource
  location: class CMItemstackRenderer
G:\Proyectos\Mods_Minecraft\the_sundering\neoforge\26.2\src\main\java\com\skd\thesundering\client\render\CMItemstackRenderer.java:424: error: cannot find symbol
            vertexconsumer = ItemRenderer.getArmorFoilBuffer((MultiBufferSource)bufferIn, (RenderType)RenderType.armorCutoutNoCull((Identifier)CURSED_BOW_TEXTURE), (boolean)itemStackIn.hasFoil());
                                                                                                                ^
  symbol:   method armorCutoutNoCull(Identifier)
  location: class RenderType
G:\Proyectos\Mods_Minecraft\the_sundering\neoforge\26.2\src\main\java\com\skd\thesundering\client\render\CMItemstackRenderer.java:424: error: cannot find symbol
            vertexconsumer = ItemRenderer.getArmorFoilBuffer((MultiBufferSource)bufferIn, (RenderType)RenderType.armorCutoutNoCull((Identifier)CURSED_BOW_TEXTURE), (boolean)itemStackIn.hasFoil());
                             ^
  symbol:   variable ItemRenderer
  location: class CMItemstackRenderer
G:\Proyectos\Mods_Minecraft\the_sundering\neoforge\26.2\src\main\java\com\skd\thesundering\client\render\CMItemstackRenderer.java:425: error: method renderToBuffer in class BasicEntityModel<T> cannot be applied to given types;
            CURSED_BOW_MODEL.renderToBuffer(matrixStackIn, vertexconsumer, combinedLightIn, combinedOverlayIn);
                            ^
  required: PoseStack,VertexConsumer,int,int,int
  found:    PoseStack,VertexConsumer,int,int
  reason: actual and formal argument lists differ in length
  where T is a type-variable:
    T extends Entity declared in class BasicEntityModel
G:\Proyectos\Mods_Minecraft\the_sundering\neoforge\26.2\src\main\java\com\skd\thesundering\client\render\CMItemstackRenderer.java:426: error: cannot find symbol
            vertexconsumer2 = ItemRenderer.getArmorFoilBuffer((MultiBufferSource)bufferIn, (RenderType)CMRenderTypes.getGhost(CURSED_BOW_GHOST_TEXTURE), (boolean)itemStackIn.hasFoil());
                                                               ^
  symbol:   class MultiBufferSource
  location: class CMItemstackRenderer
G:\Proyectos\Mods_Minecraft\the_sundering\neoforge\26.2\src\main\java\com\skd\thesundering\client\render\CMItemstackRenderer.java:426: error: cannot find symbol
            vertexconsumer2 = ItemRenderer.getArmorFoilBuffer((MultiBufferSource)bufferIn, (RenderType)CMRenderTypes.getGhost(CURSED_BOW_GHOST_TEXTURE), (boolean)itemStackIn.hasFoil());
                              ^
  symbol:   variable ItemRenderer
  location: class CMItemstackRenderer
G:\Proyectos\Mods_Minecraft\the_sundering\neoforge\26.2\src\main\java\com\skd\thesundering\client\render\CMItemstackRenderer.java:427: error: method renderToBuffer in class BasicEntityModel<T> cannot be applied to given types;
            CURSED_BOW_MODEL.renderToBuffer(matrixStackIn, vertexconsumer2, combinedLightIn, combinedOverlayIn);
                            ^
  required: PoseStack,VertexConsumer,int,int,int
  found:    PoseStack,VertexConsumer,int,int
  reason: actual and formal argument lists differ in length
  where T is a type-variable:
    T extends Entity declared in class BasicEntityModel
G:\Proyectos\Mods_Minecraft\the_sundering\neoforge\26.2\src\main\java\com\skd\thesundering\client\render\CMItemstackRenderer.java:437: error: cannot find symbol
            vertexconsumer = ItemRenderer.getArmorFoilBuffer((MultiBufferSource)bufferIn, (RenderType)RenderType.armorCutoutNoCull((Identifier)WRATH_OF_DESERT_TEXTURE), (boolean)itemStackIn.hasFoil());
                                                              ^
  symbol:   class MultiBufferSource
  location: class CMItemstackRenderer
G:\Proyectos\Mods_Minecraft\the_sundering\neoforge\26.2\src\main\java\com\skd\thesundering\client\render\CMItemstackRenderer.java:437: error: cannot find symbol
            vertexconsumer = ItemRenderer.getArmorFoilBuffer((MultiBufferSource)bufferIn, (RenderType)RenderType.armorCutoutNoCull((Identifier)WRATH_OF_DESERT_TEXTURE), (boolean)itemStackIn.hasFoil());
                                                                                                                ^
  symbol:   method armorCutoutNoCull(Identifier)
  location: class RenderType
G:\Proyectos\Mods_Minecraft\the_sundering\neoforge\26.2\src\main\java\com\skd\thesundering\client\render\CMItemstackRenderer.java:437: error: cannot find symbol
            vertexconsumer = ItemRenderer.getArmorFoilBuffer((MultiBufferSource)bufferIn, (RenderType)RenderType.armorCutoutNoCull((Identifier)WRATH_OF_DESERT_TEXTURE), (boolean)itemStackIn.hasFoil());
                             ^
  symbol:   variable ItemRenderer
  location: class CMItemstackRenderer
G:\Proyectos\Mods_Minecraft\the_sundering\neoforge\26.2\src\main\java\com\skd\thesundering\client\render\CMItemstackRenderer.java:438: error: method renderToBuffer in class BasicEntityModel<T> cannot be applied to given types;
            WRATH_OF_DESERT_MODEL.renderToBuffer(matrixStackIn, vertexconsumer, combinedLightIn, combinedOverlayIn);
                                 ^
  required: PoseStack,VertexConsumer,int,int,int
  found:    PoseStack,VertexConsumer,int,int
  reason: actual and formal argument lists differ in length
  where T is a type-variable:
    T extends Entity declared in class BasicEntityModel
G:\Proyectos\Mods_Minecraft\the_sundering\neoforge\26.2\src\main\java\com\skd\thesundering\client\render\CMItemstackRenderer.java:439: error: cannot find symbol
            vertexconsumer2 = ItemRenderer.getArmorFoilBuffer((MultiBufferSource)bufferIn, (RenderType)CMRenderTypes.getGhost(WRATH_OF_DESERT_GHOST_TEXTURE), (boolean)itemStackIn.hasFoil());
                                                               ^
  symbol:   class MultiBufferSource
  location: class CMItemstackRenderer
G:\Proyectos\Mods_Minecraft\the_sundering\neoforge\26.2\src\main\java\com\skd\thesundering\client\render\CMItemstackRenderer.java:439: error: cannot find symbol
            vertexconsumer2 = ItemRenderer.getArmorFoilBuffer((MultiBufferSource)bufferIn, (RenderType)CMRenderTypes.getGhost(WRATH_OF_DESERT_GHOST_TEXTURE), (boolean)itemStackIn.hasFoil());
                              ^
  symbol:   variable ItemRenderer
  location: class CMItemstackRenderer
G:\Proyectos\Mods_Minecraft\the_sundering\neoforge\26.2\src\main\java\com\skd\thesundering\client\render\CMItemstackRenderer.java:440: error: method renderToBuffer in class BasicEntityModel<T> cannot be applied to given types;
            WRATH_OF_DESERT_MODEL.renderToBuffer(matrixStackIn, vertexconsumer2, combinedLightIn, combinedOverlayIn);
                                 ^
  required: PoseStack,VertexConsumer,int,int,int
  found:    PoseStack,VertexConsumer,int,int
  reason: actual and formal argument lists differ in length
  where T is a type-variable:
    T extends Entity declared in class BasicEntityModel
G:\Proyectos\Mods_Minecraft\the_sundering\neoforge\26.2\src\main\java\com\skd\thesundering\client\render\CMItemstackRenderer.java:447: error: cannot find symbol
            VertexConsumer vertexconsumer4 = ItemRenderer.getArmorFoilBuffer((MultiBufferSource)bufferIn, (RenderType)RenderType.armorCutoutNoCull((Identifier)SOUL_RENDER_TEXTURE), (boolean)itemStackIn.hasFoil());
                                                                              ^
  symbol:   class MultiBufferSource
  location: class CMItemstackRenderer
G:\Proyectos\Mods_Minecraft\the_sundering\neoforge\26.2\src\main\java\com\skd\thesundering\client\render\CMItemstackRenderer.java:447: error: cannot find symbol
            VertexConsumer vertexconsumer4 = ItemRenderer.getArmorFoilBuffer((MultiBufferSource)bufferIn, (RenderType)RenderType.armorCutoutNoCull((Identifier)SOUL_RENDER_TEXTURE), (boolean)itemStackIn.hasFoil());
                                                                                                                                ^
  symbol:   method armorCutoutNoCull(Identifier)
  location: class RenderType
G:\Proyectos\Mods_Minecraft\the_sundering\neoforge\26.2\src\main\java\com\skd\thesundering\client\render\CMItemstackRenderer.java:447: error: cannot find symbol
            VertexConsumer vertexconsumer4 = ItemRenderer.getArmorFoilBuffer((MultiBufferSource)bufferIn, (RenderType)RenderType.armorCutoutNoCull((Identifier)SOUL_RENDER_TEXTURE), (boolean)itemStackIn.hasFoil());
                                             ^
  symbol:   variable ItemRenderer
  location: class CMItemstackRenderer
G:\Proyectos\Mods_Minecraft\the_sundering\neoforge\26.2\src\main\java\com\skd\thesundering\client\render\CMItemstackRenderer.java:448: error: method renderToBuffer in class BasicEntityModel<T> cannot be applied to given types;
            SOUL_RENDER.renderToBuffer(matrixStackIn, vertexconsumer4, combinedLightIn, combinedOverlayIn);
                       ^
  required: PoseStack,VertexConsumer,int,int,int
  found:    PoseStack,VertexConsumer,int,int
  reason: actual and formal argument lists differ in length
  where T is a type-variable:
    T extends Entity declared in class BasicEntityModel
G:\Proyectos\Mods_Minecraft\the_sundering\neoforge\26.2\src\main\java\com\skd\thesundering\client\render\CMItemstackRenderer.java:449: error: cannot find symbol
            VertexConsumer vertexconsumer23 = ItemRenderer.getArmorFoilBuffer((MultiBufferSource)bufferIn, (RenderType)CMRenderTypes.getGhost(SOUL_RENDER_GHOST_TEXTURE), (boolean)itemStackIn.hasFoil());
                                                                               ^
  symbol:   class MultiBufferSource
  location: class CMItemstackRenderer
G:\Proyectos\Mods_Minecraft\the_sundering\neoforge\26.2\src\main\java\com\skd\thesundering\client\render\CMItemstackRenderer.java:449: error: cannot find symbol
            VertexConsumer vertexconsumer23 = ItemRenderer.getArmorFoilBuffer((MultiBufferSource)bufferIn, (RenderType)CMRenderTypes.getGhost(SOUL_RENDER_GHOST_TEXTURE), (boolean)itemStackIn.hasFoil());
                                              ^
  symbol:   variable ItemRenderer
  location: class CMItemstackRenderer
G:\Proyectos\Mods_Minecraft\the_sundering\neoforge\26.2\src\main\java\com\skd\thesundering\client\render\CMItemstackRenderer.java:450: error: method renderToBuffer in class BasicEntityModel<T> cannot be applied to given types;
            SOUL_RENDER.renderToBuffer(matrixStackIn, vertexconsumer23, combinedLightIn, combinedOverlayIn);
                       ^
  required: PoseStack,VertexConsumer,int,int,int
  found:    PoseStack,VertexConsumer,int,int
  reason: actual and formal argument lists differ in length
  where T is a type-variable:
    T extends Entity declared in class BasicEntityModel
G:\Proyectos\Mods_Minecraft\the_sundering\neoforge\26.2\src\main\java\com\skd\thesundering\client\render\CMItemstackRenderer.java:457: error: cannot find symbol
            VertexConsumer vertexconsumer5 = ItemRenderer.getArmorFoilBuffer((MultiBufferSource)bufferIn, (RenderType)RenderType.armorCutoutNoCull((Identifier)THE_ANNIHILATOR_TEXTURE), (boolean)itemStackIn.hasFoil());
                                                                              ^
  symbol:   class MultiBufferSource
  location: class CMItemstackRenderer
G:\Proyectos\Mods_Minecraft\the_sundering\neoforge\26.2\src\main\java\com\skd\thesundering\client\render\CMItemstackRenderer.java:457: error: cannot find symbol
            VertexConsumer vertexconsumer5 = ItemRenderer.getArmorFoilBuffer((MultiBufferSource)bufferIn, (RenderType)RenderType.armorCutoutNoCull((Identifier)THE_ANNIHILATOR_TEXTURE), (boolean)itemStackIn.hasFoil());
                                                                                                                                ^
  symbol:   method armorCutoutNoCull(Identifier)
  location: class RenderType
G:\Proyectos\Mods_Minecraft\the_sundering\neoforge\26.2\src\main\java\com\skd\thesundering\client\render\CMItemstackRenderer.java:457: error: cannot find symbol
            VertexConsumer vertexconsumer5 = ItemRenderer.getArmorFoilBuffer((MultiBufferSource)bufferIn, (RenderType)RenderType.armorCutoutNoCull((Identifier)THE_ANNIHILATOR_TEXTURE), (boolean)itemStackIn.hasFoil());
                                             ^
  symbol:   variable ItemRenderer
  location: class CMItemstackRenderer
G:\Proyectos\Mods_Minecraft\the_sundering\neoforge\26.2\src\main\java\com\skd\thesundering\client\render\CMItemstackRenderer.java:458: error: method renderToBuffer in class BasicEntityModel<T> cannot be applied to given types;
            THE_ANNIHILATOR.renderToBuffer(matrixStackIn, vertexconsumer5, combinedLightIn, combinedOverlayIn);
                           ^
  required: PoseStack,VertexConsumer,int,int,int
  found:    PoseStack,VertexConsumer,int,int
  reason: actual and formal argument lists differ in length
  where T is a type-variable:
    T extends Entity declared in class BasicEntityModel
G:\Proyectos\Mods_Minecraft\the_sundering\neoforge\26.2\src\main\java\com\skd\thesundering\client\render\CMItemstackRenderer.java:459: error: cannot find symbol
            VertexConsumer vertexconsumer24 = ItemRenderer.getArmorFoilBuffer((MultiBufferSource)bufferIn, (RenderType)CMRenderTypes.getGhost(THE_ANNIHILATOR_GHOST_TEXTURE), (boolean)itemStackIn.hasFoil());
                                                                               ^
  symbol:   class MultiBufferSource
  location: class CMItemstackRenderer
G:\Proyectos\Mods_Minecraft\the_sundering\neoforge\26.2\src\main\java\com\skd\thesundering\client\render\CMItemstackRenderer.java:459: error: cannot find symbol
            VertexConsumer vertexconsumer24 = ItemRenderer.getArmorFoilBuffer((MultiBufferSource)bufferIn, (RenderType)CMRenderTypes.getGhost(THE_ANNIHILATOR_GHOST_TEXTURE), (boolean)itemStackIn.hasFoil());
                                              ^
  symbol:   variable ItemRenderer
  location: class CMItemstackRenderer
G:\Proyectos\Mods_Minecraft\the_sundering\neoforge\26.2\src\main\java\com\skd\thesundering\client\render\CMItemstackRenderer.java:460: error: method renderToBuffer in class BasicEntityModel<T> cannot be applied to given types;
            THE_ANNIHILATOR.renderToBuffer(matrixStackIn, vertexconsumer24, combinedLightIn, combinedOverlayIn);
                           ^
  required: PoseStack,VertexConsumer,int,int,int
  found:    PoseStack,VertexConsumer,int,int
  reason: actual and formal argument lists differ in length
  where T is a type-variable:
    T extends Entity declared in class BasicEntityModel
G:\Proyectos\Mods_Minecraft\the_sundering\neoforge\26.2\src\main\java\com\skd\thesundering\client\render\CMItemstackRenderer.java:467: error: cannot find symbol
            VertexConsumer vertexconsumer6 = ItemRenderer.getArmorFoilBuffer((MultiBufferSource)bufferIn, (RenderType)RenderType.armorCutoutNoCull((Identifier)THE_IMMOLATOR_TEXTURE), (boolean)itemStackIn.hasFoil());
                                                                              ^
  symbol:   class MultiBufferSource
  location: class CMItemstackRenderer
G:\Proyectos\Mods_Minecraft\the_sundering\neoforge\26.2\src\main\java\com\skd\thesundering\client\render\CMItemstackRenderer.java:467: error: cannot find symbol
            VertexConsumer vertexconsumer6 = ItemRenderer.getArmorFoilBuffer((MultiBufferSource)bufferIn, (RenderType)RenderType.armorCutoutNoCull((Identifier)THE_IMMOLATOR_TEXTURE), (boolean)itemStackIn.hasFoil());
                                                                                                                                ^
  symbol:   method armorCutoutNoCull(Identifier)
  location: class RenderType
G:\Proyectos\Mods_Minecraft\the_sundering\neoforge\26.2\src\main\java\com\skd\thesundering\client\render\CMItemstackRenderer.java:467: error: cannot find symbol
            VertexConsumer vertexconsumer6 = ItemRenderer.getArmorFoilBuffer((MultiBufferSource)bufferIn, (RenderType)RenderType.armorCutoutNoCull((Identifier)THE_IMMOLATOR_TEXTURE), (boolean)itemStackIn.hasFoil());
                                             ^
  symbol:   variable ItemRenderer
  location: class CMItemstackRenderer
G:\Proyectos\Mods_Minecraft\the_sundering\neoforge\26.2\src\main\java\com\skd\thesundering\client\render\CMItemstackRenderer.java:468: error: method renderToBuffer in class BasicEntityModel<T> cannot be applied to given types;
            THE_IMMOLATOR_MODEL.renderToBuffer(matrixStackIn, vertexconsumer6, combinedLightIn, combinedOverlayIn);
                               ^
  required: PoseStack,VertexConsumer,int,int,int
  found:    PoseStack,VertexConsumer,int,int
  reason: actual and formal argument lists differ in length
  where T is a type-variable:
    T extends Entity declared in class BasicEntityModel
G:\Proyectos\Mods_Minecraft\the_sundering\neoforge\26.2\src\main\java\com\skd\thesundering\client\render\CMItemstackRenderer.java:469: error: cannot find symbol
            VertexConsumer vertexconsumer25 = ItemRenderer.getArmorFoilBuffer((MultiBufferSource)bufferIn, (RenderType)CMRenderTypes.getGhost(THE_IMMOLATOR_GHOST_TEXTURE), (boolean)itemStackIn.hasFoil());
                                                                               ^
  symbol:   class MultiBufferSource
  location: class CMItemstackRenderer
G:\Proyectos\Mods_Minecraft\the_sundering\neoforge\26.2\src\main\java\com\skd\thesundering\client\render\CMItemstackRenderer.java:469: error: cannot find symbol
            VertexConsumer vertexconsumer25 = ItemRenderer.getArmorFoilBuffer((MultiBufferSource)bufferIn, (RenderType)CMRenderTypes.getGhost(THE_IMMOLATOR_GHOST_TEXTURE), (boolean)itemStackIn.hasFoil());
                                              ^
  symbol:   variable ItemRenderer
  location: class CMItemstackRenderer
G:\Proyectos\Mods_Minecraft\the_sundering\neoforge\26.2\src\main\java\com\skd\thesundering\client\render\CMItemstackRenderer.java:470: error: method renderToBuffer in class BasicEntityModel<T> cannot be applied to given types;
            THE_IMMOLATOR_MODEL.renderToBuffer(matrixStackIn, vertexconsumer25, combinedLightIn, combinedOverlayIn);
                               ^
  required: PoseStack,VertexConsumer,int,int,int
  found:    PoseStack,VertexConsumer,int,int
  reason: actual and formal argument lists differ in length
  where T is a type-variable:
    T extends Entity declared in class BasicEntityModel
G:\Proyectos\Mods_Minecraft\the_sundering\neoforge\26.2\src\main\java\com\skd\thesundering\client\render\CMItemstackRenderer.java:478: error: cannot find symbol
            ALTAR_OF_FIRE_MODEL.renderToBuffer(matrixStackIn, bufferIn.getBuffer(RenderType.entityCutoutNoCull((Identifier)ALTAR_OF_FIRE_TEXTURE)), combinedLightIn, combinedOverlayIn);
                                                                                           ^
  symbol:   method entityCutoutNoCull(Identifier)
  location: class RenderType
G:\Proyectos\Mods_Minecraft\the_sundering\neoforge\26.2\src\main\java\com\skd\thesundering\client\render\CMItemstackRenderer.java:487: error: cannot find symbol
            ALTAR_OF_VOID_MODEL.renderToBuffer(matrixStackIn, bufferIn.getBuffer(RenderType.entityCutoutNoCull((Identifier)ALTAR_OF_VOID_TEXTURE)), combinedLightIn, combinedOverlayIn);
                                                                                           ^
  symbol:   method entityCutoutNoCull(Identifier)
  location: class RenderType
G:\Proyectos\Mods_Minecraft\the_sundering\neoforge\26.2\src\main\java\com\skd\thesundering\client\render\CMItemstackRenderer.java:495: error: cannot find symbol
            ALTAR_OF_AMETHYST_MODEL.renderToBuffer(matrixStackIn, bufferIn.getBuffer(RenderType.entityCutoutNoCull((Identifier)ALTAR_OF_AMETHYST_TEXTURE)), combinedLightIn, combinedOverlayIn);
                                                                                               ^
  symbol:   method entityCutoutNoCull(Identifier)
  location: class RenderType
G:\Proyectos\Mods_Minecraft\the_sundering\neoforge\26.2\src\main\java\com\skd\thesundering\client\render\CMItemstackRenderer.java:503: error: cannot find symbol
            ALTAR_OF_ABYSS_MODEL.renderToBuffer(matrixStackIn, bufferIn.getBuffer(RenderType.entityCutoutNoCull((Identifier)ALTAR_OF_ABYSS_TEXTURE)), combinedLightIn, combinedOverlayIn);
                                                                                            ^
  symbol:   method entityCutoutNoCull(Identifier)
  location: class RenderType
G:\Proyectos\Mods_Minecraft\the_sundering\neoforge\26.2\src\main\java\com\skd\thesundering\client\render\CMItemstackRenderer.java:511: error: cannot find symbol
            EMP_MODEL.renderToBuffer(matrixStackIn, bufferIn.getBuffer(RenderType.entityCutoutNoCull((Identifier)EMP_TEXTURE)), combinedLightIn, combinedOverlayIn);
                                                                                 ^
  symbol:   method entityCutoutNoCull(Identifier)
  location: class RenderType
G:\Proyectos\Mods_Minecraft\the_sundering\neoforge\26.2\src\main\java\com\skd\thesundering\client\render\CMItemstackRenderer.java:519: error: cannot find symbol
            MF_MODEL.renderToBuffer(matrixStackIn, bufferIn.getBuffer(RenderType.entityCutoutNoCull((Identifier)MIF_TEXTURE)), combinedLightIn, combinedOverlayIn);
                                                                                ^
  symbol:   method entityCutoutNoCull(Identifier)
  location: class RenderType
G:\Proyectos\Mods_Minecraft\the_sundering\neoforge\26.2\src\main\java\com\skd\thesundering\client\render\CMItemstackRenderer.java:527: error: cannot find symbol
            ABYSSAL_MODEL.renderToBuffer(matrixStackIn, bufferIn.getBuffer(RenderType.entityCutoutNoCull((Identifier)ABYSSAL_EGG_TEXTURE)), combinedLightIn, combinedOverlayIn);
                                                                                     ^
  symbol:   method entityCutoutNoCull(Identifier)
  location: class RenderType
G:\Proyectos\Mods_Minecraft\the_sundering\neoforge\26.2\src\main\java\com\skd\thesundering\client\render\CMItemstackRenderer.java:536: error: cannot find symbol
            GODDESS_STATUE_MODEL.renderToBuffer(matrixStackIn, bufferIn.getBuffer(RenderType.entityCutoutNoCull((Identifier)STATUE_TEXTURE)), combinedLightIn, combinedOverlayIn);
                                                                                            ^
  symbol:   method entityCutoutNoCull(Identifier)
  location: class RenderType
G:\Proyectos\Mods_Minecraft\the_sundering\neoforge\26.2\src\main\java\com\skd\thesundering\client\render\CMItemstackRenderer.java:544: error: cannot find symbol
            SPAWNER_MODEL.renderToBuffer(matrixStackIn, bufferIn.getBuffer(RenderType.entityCutoutNoCull((Identifier)SPAWNER_TEXTURE)), combinedLightIn, combinedOverlayIn);
                                                                                     ^
  symbol:   method entityCutoutNoCull(Identifier)
  location: class RenderType
G:\Proyectos\Mods_Minecraft\the_sundering\neoforge\26.2\src\main\java\com\skd\thesundering\client\render\CMRenderTypes.java:50: error: cannot find symbol
    public static final Function<Identifier, RenderType> BRIGHT = Util.memoize(p_286169_ -> {
                                                                  ^
  symbol:   variable Util
  location: class CMRenderTypes
G:\Proyectos\Mods_Minecraft\the_sundering\neoforge\26.2\src\main\java\com\skd\thesundering\client\render\CMRenderTypes.java:51: error: cannot find symbol
        RenderType.CompositeState rendertype$compositestate = RenderType.CompositeState.builder().setTextureState((RenderStateShard.EmptyTextureStateShard)new RenderStateShard.TextureStateShard(p_286169_, false, false)).setShaderState(RENDERTYPE_ENTITY_TRANSLUCENT_CULL_SHADER).setTransparencyState(NO_TRANSPARENCY).setCullState(NO_CULL).setLightmapState(LIGHTMAP).setOverlayState(OVERLAY).createCompositeState(false);
                  ^
  symbol:   class CompositeState
  location: class RenderType
G:\Proyectos\Mods_Minecraft\the_sundering\neoforge\26.2\src\main\java\com\skd\thesundering\client\render\CMRenderTypes.java:51: error: cannot find symbol
        RenderType.CompositeState rendertype$compositestate = RenderType.CompositeState.builder().setTextureState((RenderStateShard.EmptyTextureStateShard)new RenderStateShard.TextureStateShard(p_286169_, false, false)).setShaderState(RENDERTYPE_ENTITY_TRANSLUCENT_CULL_SHADER).setTransparencyState(NO_TRANSPARENCY).setCullState(NO_CULL).setLightmapState(LIGHTMAP).setOverlayState(OVERLAY).createCompositeState(false);
                                                                                                                                                                                                                                                                                                                                                                                             ^
  symbol:   variable OVERLAY
  location: class CMRenderTypes
G:\Proyectos\Mods_Minecraft\the_sundering\neoforge\26.2\src\main\java\com\skd\thesundering\client\render\CMRenderTypes.java:51: error: cannot find symbol
        RenderType.CompositeState rendertype$compositestate = RenderType.CompositeState.builder().setTextureState((RenderStateShard.EmptyTextureStateShard)new RenderStateShard.TextureStateShard(p_286169_, false, false)).setShaderState(RENDERTYPE_ENTITY_TRANSLUCENT_CULL_SHADER).setTransparencyState(NO_TRANSPARENCY).setCullState(NO_CULL).setLightmapState(LIGHTMAP).setOverlayState(OVERLAY).createCompositeState(false);
                                                                                                                                                                                                                                                                                                                                                                   ^
  symbol:   variable LIGHTMAP
  location: class CMRenderTypes
G:\Proyectos\Mods_Minecraft\the_sundering\neoforge\26.2\src\main\java\com\skd\thesundering\client\render\CMRenderTypes.java:51: error: cannot find symbol
        RenderType.CompositeState rendertype$compositestate = RenderType.CompositeState.builder().setTextureState((RenderStateShard.EmptyTextureStateShard)new RenderStateShard.TextureStateShard(p_286169_, false, false)).setShaderState(RENDERTYPE_ENTITY_TRANSLUCENT_CULL_SHADER).setTransparencyState(NO_TRANSPARENCY).setCullState(NO_CULL).setLightmapState(LIGHTMAP).setOverlayState(OVERLAY).createCompositeState(false);
                                                                                                                                                                                                                                                                                                                                         ^
  symbol:   variable NO_CULL
  location: class CMRenderTypes
G:\Proyectos\Mods_Minecraft\the_sundering\neoforge\26.2\src\main\java\com\skd\thesundering\client\render\CMRenderTypes.java:51: error: cannot find symbol
        RenderType.CompositeState rendertype$compositestate = RenderType.CompositeState.builder().setTextureState((RenderStateShard.EmptyTextureStateShard)new RenderStateShard.TextureStateShard(p_286169_, false, false)).setShaderState(RENDERTYPE_ENTITY_TRANSLUCENT_CULL_SHADER).setTransparencyState(NO_TRANSPARENCY).setCullState(NO_CULL).setLightmapState(LIGHTMAP).setOverlayState(OVERLAY).createCompositeState(false);
                                                                                                                                                                                                                                                                                                           ^
  symbol:   variable NO_TRANSPARENCY
  location: class CMRenderTypes
G:\Proyectos\Mods_Minecraft\the_sundering\neoforge\26.2\src\main\java\com\skd\thesundering\client\render\CMRenderTypes.java:51: error: cannot find symbol
        RenderType.CompositeState rendertype$compositestate = RenderType.CompositeState.builder().setTextureState((RenderStateShard.EmptyTextureStateShard)new RenderStateShard.TextureStateShard(p_286169_, false, false)).setShaderState(RENDERTYPE_ENTITY_TRANSLUCENT_CULL_SHADER).setTransparencyState(NO_TRANSPARENCY).setCullState(NO_CULL).setLightmapState(LIGHTMAP).setOverlayState(OVERLAY).createCompositeState(false);
                                                                                                                                                                                                                                           ^
  symbol:   variable RENDERTYPE_ENTITY_TRANSLUCENT_CULL_SHADER
  location: class CMRenderTypes
G:\Proyectos\Mods_Minecraft\the_sundering\neoforge\26.2\src\main\java\com\skd\thesundering\client\render\CMRenderTypes.java:51: error: package RenderStateShard does not exist
        RenderType.CompositeState rendertype$compositestate = RenderType.CompositeState.builder().setTextureState((RenderStateShard.EmptyTextureStateShard)new RenderStateShard.TextureStateShard(p_286169_, false, false)).setShaderState(RENDERTYPE_ENTITY_TRANSLUCENT_CULL_SHADER).setTransparencyState(NO_TRANSPARENCY).setCullState(NO_CULL).setLightmapState(LIGHTMAP).setOverlayState(OVERLAY).createCompositeState(false);
                                                                                                                                   ^
G:\Proyectos\Mods_Minecraft\the_sundering\neoforge\26.2\src\main\java\com\skd\thesundering\client\render\CMRenderTypes.java:51: error: package RenderStateShard does not exist
        RenderType.CompositeState rendertype$compositestate = RenderType.CompositeState.builder().setTextureState((RenderStateShard.EmptyTextureStateShard)new RenderStateShard.TextureStateShard(p_286169_, false, false)).setShaderState(RENDERTYPE_ENTITY_TRANSLUCENT_CULL_SHADER).setTransparencyState(NO_TRANSPARENCY).setCullState(NO_CULL).setLightmapState(LIGHTMAP).setOverlayState(OVERLAY).createCompositeState(false);
                                                                                                                                                                               ^
G:\Proyectos\Mods_Minecraft\the_sundering\neoforge\26.2\src\main\java\com\skd\thesundering\client\render\CMRenderTypes.java:51: error: cannot find symbol
        RenderType.CompositeState rendertype$compositestate = RenderType.CompositeState.builder().setTextureState((RenderStateShard.EmptyTextureStateShard)new RenderStateShard.TextureStateShard(p_286169_, false, false)).setShaderState(RENDERTYPE_ENTITY_TRANSLUCENT_CULL_SHADER).setTransparencyState(NO_TRANSPARENCY).setCullState(NO_CULL).setLightmapState(LIGHTMAP).setOverlayState(OVERLAY).createCompositeState(false);
                                                                        ^
  symbol:   variable CompositeState
  location: class RenderType
G:\Proyectos\Mods_Minecraft\the_sundering\neoforge\26.2\src\main\java\com\skd\thesundering\client\render\CMRenderTypes.java:52: error: cannot find symbol
        return CMRenderTypes.create((String)"bright", (VertexFormat)DefaultVertexFormat.NEW_ENTITY, (VertexFormat.Mode)VertexFormat.Mode.QUADS, (int)256, (boolean)false, (boolean)true, (RenderType.CompositeState)rendertype$compositestate);
                                                                                       ^
  symbol:   variable NEW_ENTITY
  location: class DefaultVertexFormat
G:\Proyectos\Mods_Minecraft\the_sundering\neoforge\26.2\src\main\java\com\skd\thesundering\client\render\CMRenderTypes.java:52: error: cannot find symbol
        return CMRenderTypes.create((String)"bright", (VertexFormat)DefaultVertexFormat.NEW_ENTITY, (VertexFormat.Mode)VertexFormat.Mode.QUADS, (int)256, (boolean)false, (boolean)true, (RenderType.CompositeState)rendertype$compositestate);
                                                                                                                 ^
  symbol:   class Mode
  location: class VertexFormat
G:\Proyectos\Mods_Minecraft\the_sundering\neoforge\26.2\src\main\java\com\skd\thesundering\client\render\CMRenderTypes.java:52: error: cannot find symbol
        return CMRenderTypes.create((String)"bright", (VertexFormat)DefaultVertexFormat.NEW_ENTITY, (VertexFormat.Mode)VertexFormat.Mode.QUADS, (int)256, (boolean)false, (boolean)true, (RenderType.CompositeState)rendertype$compositestate);
                                                                                                                                   ^
  symbol:   variable Mode
  location: class VertexFormat
G:\Proyectos\Mods_Minecraft\the_sundering\neoforge\26.2\src\main\java\com\skd\thesundering\client\render\CMRenderTypes.java:52: error: cannot find symbol
        return CMRenderTypes.create((String)"bright", (VertexFormat)DefaultVertexFormat.NEW_ENTITY, (VertexFormat.Mode)VertexFormat.Mode.QUADS, (int)256, (boolean)false, (boolean)true, (RenderType.CompositeState)rendertype$compositestate);
                                                                                                                                                                                                    ^
  symbol:   class CompositeState
  location: class RenderType
G:\Proyectos\Mods_Minecraft\the_sundering\neoforge\26.2\src\main\java\com\skd\thesundering\client\render\CMRenderTypes.java:54: error: cannot find symbol
    public static final Function<Identifier, RenderType> FLICKERING = Util.memoize(p_286169_ -> {
                                                                      ^
  symbol:   variable Util
  location: class CMRenderTypes
G:\Proyectos\Mods_Minecraft\the_sundering\neoforge\26.2\src\main\java\com\skd\thesundering\client\render\CMRenderTypes.java:55: error: cannot find symbol
        RenderType.CompositeState rendertype$compositestate = RenderType.CompositeState.builder().setTextureState((RenderStateShard.EmptyTextureStateShard)new RenderStateShard.TextureStateShard(p_286169_, false, false)).setShaderState(RENDERTYPE_ENTITY_TRANSLUCENT_CULL_SHADER).setTransparencyState(TRANSLUCENT_TRANSPARENCY).setCullState(NO_CULL).setLightmapState(LIGHTMAP).setOverlayState(OVERLAY).createCompositeState(false);
                  ^
  symbol:   class CompositeState
  location: class RenderType
G:\Proyectos\Mods_Minecraft\the_sundering\neoforge\26.2\src\main\java\com\skd\thesundering\client\render\CMRenderTypes.java:55: error: cannot find symbol
        RenderType.CompositeState rendertype$compositestate = RenderType.CompositeState.builder().setTextureState((RenderStateShard.EmptyTextureStateShard)new RenderStateShard.TextureStateShard(p_286169_, false, false)).setShaderState(RENDERTYPE_ENTITY_TRANSLUCENT_CULL_SHADER).setTransparencyState(TRANSLUCENT_TRANSPARENCY).setCullState(NO_CULL).setLightmapState(LIGHTMAP).setOverlayState(OVERLAY).createCompositeState(false);
                                                                                                                                                                                                                                                                                                                                                                                                      ^
  symbol:   variable OVERLAY
  location: class CMRenderTypes
G:\Proyectos\Mods_Minecraft\the_sundering\neoforge\26.2\src\main\java\com\skd\thesundering\client\render\CMRenderTypes.java:55: error: cannot find symbol
        RenderType.CompositeState rendertype$compositestate = RenderType.CompositeState.builder().setTextureState((RenderStateShard.EmptyTextureStateShard)new RenderStateShard.TextureStateShard(p_286169_, false, false)).setShaderState(RENDERTYPE_ENTITY_TRANSLUCENT_CULL_SHADER).setTransparencyState(TRANSLUCENT_TRANSPARENCY).setCullState(NO_CULL).setLightmapState(LIGHTMAP).setOverlayState(OVERLAY).createCompositeState(false);
                                                                                                                                                                                                                                                                                                                                                                            ^
  symbol:   variable LIGHTMAP
  location: class CMRenderTypes
G:\Proyectos\Mods_Minecraft\the_sundering\neoforge\26.2\src\main\java\com\skd\thesundering\client\render\CMRenderTypes.java:55: error: cannot find symbol
        RenderType.CompositeState rendertype$compositestate = RenderType.CompositeState.builder().setTextureState((RenderStateShard.EmptyTextureStateShard)new RenderStateShard.TextureStateShard(p_286169_, false, false)).setShaderState(RENDERTYPE_ENTITY_TRANSLUCENT_CULL_SHADER).setTransparencyState(TRANSLUCENT_TRANSPARENCY).setCullState(NO_CULL).setLightmapState(LIGHTMAP).setOverlayState(OVERLAY).createCompositeState(false);
                                                                                                                                                                                                                                                                                                                                                  ^
  symbol:   variable NO_CULL
  location: class CMRenderTypes
G:\Proyectos\Mods_Minecraft\the_sundering\neoforge\26.2\src\main\java\com\skd\thesundering\client\render\CMRenderTypes.java:55: error: cannot find symbol
        RenderType.CompositeState rendertype$compositestate = RenderType.CompositeState.builder().setTextureState((RenderStateShard.EmptyTextureStateShard)new RenderStateShard.TextureStateShard(p_286169_, false, false)).setShaderState(RENDERTYPE_ENTITY_TRANSLUCENT_CULL_SHADER).setTransparencyState(TRANSLUCENT_TRANSPARENCY).setCullState(NO_CULL).setLightmapState(LIGHTMAP).setOverlayState(OVERLAY).createCompositeState(false);
                                                                                                                                                                                                                                                                                                           ^
  symbol:   variable TRANSLUCENT_TRANSPARENCY
  location: class CMRenderTypes
G:\Proyectos\Mods_Minecraft\the_sundering\neoforge\26.2\src\main\java\com\skd\thesundering\client\render\CMRenderTypes.java:55: error: cannot find symbol
        RenderType.CompositeState rendertype$compositestate = RenderType.CompositeState.builder().setTextureState((RenderStateShard.EmptyTextureStateShard)new RenderStateShard.TextureStateShard(p_286169_, false, false)).setShaderState(RENDERTYPE_ENTITY_TRANSLUCENT_CULL_SHADER).setTransparencyState(TRANSLUCENT_TRANSPARENCY).setCullState(NO_CULL).setLightmapState(LIGHTMAP).setOverlayState(OVERLAY).createCompositeState(false);
                                                                                                                                                                                                                                           ^
  symbol:   variable RENDERTYPE_ENTITY_TRANSLUCENT_CULL_SHADER
  location: class CMRenderTypes
G:\Proyectos\Mods_Minecraft\the_sundering\neoforge\26.2\src\main\java\com\skd\thesundering\client\render\CMRenderTypes.java:55: error: package RenderStateShard does not exist
        RenderType.CompositeState rendertype$compositestate = RenderType.CompositeState.builder().setTextureState((RenderStateShard.EmptyTextureStateShard)new RenderStateShard.TextureStateShard(p_286169_, false, false)).setShaderState(RENDERTYPE_ENTITY_TRANSLUCENT_CULL_SHADER).setTransparencyState(TRANSLUCENT_TRANSPARENCY).setCullState(NO_CULL).setLightmapState(LIGHTMAP).setOverlayState(OVERLAY).createCompositeState(false);
                                                                                                                                   ^
G:\Proyectos\Mods_Minecraft\the_sundering\neoforge\26.2\src\main\java\com\skd\thesundering\client\render\CMRenderTypes.java:55: error: package RenderStateShard does not exist
        RenderType.CompositeState rendertype$compositestate = RenderType.CompositeState.builder().setTextureState((RenderStateShard.EmptyTextureStateShard)new RenderStateShard.TextureStateShard(p_286169_, false, false)).setShaderState(RENDERTYPE_ENTITY_TRANSLUCENT_CULL_SHADER).setTransparencyState(TRANSLUCENT_TRANSPARENCY).setCullState(NO_CULL).setLightmapState(LIGHTMAP).setOverlayState(OVERLAY).createCompositeState(false);
                                                                                                                                                                               ^
G:\Proyectos\Mods_Minecraft\the_sundering\neoforge\26.2\src\main\java\com\skd\thesundering\client\render\CMRenderTypes.java:55: error: cannot find symbol
        RenderType.CompositeState rendertype$compositestate = RenderType.CompositeState.builder().setTextureState((RenderStateShard.EmptyTextureStateShard)new RenderStateShard.TextureStateShard(p_286169_, false, false)).setShaderState(RENDERTYPE_ENTITY_TRANSLUCENT_CULL_SHADER).setTransparencyState(TRANSLUCENT_TRANSPARENCY).setCullState(NO_CULL).setLightmapState(LIGHTMAP).setOverlayState(OVERLAY).createCompositeState(false);
                                                                        ^
  symbol:   variable CompositeState
  location: class RenderType
G:\Proyectos\Mods_Minecraft\the_sundering\neoforge\26.2\src\main\java\com\skd\thesundering\client\render\CMRenderTypes.java:56: error: cannot find symbol
        return CMRenderTypes.create((String)"flickering", (VertexFormat)DefaultVertexFormat.NEW_ENTITY, (VertexFormat.Mode)VertexFormat.Mode.QUADS, (int)256, (boolean)false, (boolean)true, (RenderType.CompositeState)rendertype$compositestate);
                                                                                           ^
  symbol:   variable NEW_ENTITY
  location: class DefaultVertexFormat
G:\Proyectos\Mods_Minecraft\the_sundering\neoforge\26.2\src\main\java\com\skd\thesundering\client\render\CMRenderTypes.java:56: error: cannot find symbol
        return CMRenderTypes.create((String)"flickering", (VertexFormat)DefaultVertexFormat.NEW_ENTITY, (VertexFormat.Mode)VertexFormat.Mode.QUADS, (int)256, (boolean)false, (boolean)true, (RenderType.CompositeState)rendertype$compositestate);
                                                                                                                     ^
  symbol:   class Mode
  location: class VertexFormat
G:\Proyectos\Mods_Minecraft\the_sundering\neoforge\26.2\src\main\java\com\skd\thesundering\client\render\CMRenderTypes.java:56: error: cannot find symbol
        return CMRenderTypes.create((String)"flickering", (VertexFormat)DefaultVertexFormat.NEW_ENTITY, (VertexFormat.Mode)VertexFormat.Mode.QUADS, (int)256, (boolean)false, (boolean)true, (RenderType.CompositeState)rendertype$compositestate);
                                                                                                                                       ^
  symbol:   variable Mode
  location: class VertexFormat
G:\Proyectos\Mods_Minecraft\the_sundering\neoforge\26.2\src\main\java\com\skd\thesundering\client\render\CMRenderTypes.java:56: error: cannot find symbol
        return CMRenderTypes.create((String)"flickering", (VertexFormat)DefaultVertexFormat.NEW_ENTITY, (VertexFormat.Mode)VertexFormat.Mode.QUADS, (int)256, (boolean)false, (boolean)true, (RenderType.CompositeState)rendertype$compositestate);
                                                                                                                                                                                                        ^
  symbol:   class CompositeState
  location: class RenderType
G:\Proyectos\Mods_Minecraft\the_sundering\neoforge\26.2\src\main\java\com\skd\thesundering\client\render\CMRenderTypes.java:58: error: cannot find symbol
    public static final Function<Identifier, RenderType> FULL_BRIGHT = Util.memoize(p_286169_ -> {
                                                                       ^
  symbol:   variable Util
  location: class CMRenderTypes
G:\Proyectos\Mods_Minecraft\the_sundering\neoforge\26.2\src\main\java\com\skd\thesundering\client\render\CMRenderTypes.java:59: error: cannot find symbol
        RenderType.CompositeState rendertype$compositestate = RenderType.CompositeState.builder().setTextureState((RenderStateShard.EmptyTextureStateShard)new RenderStateShard.TextureStateShard(p_286169_, false, false)).setShaderState(RENDERTYPE_ENTITY_TRANSLUCENT_CULL_SHADER).setTransparencyState(TRANSLUCENT_TRANSPARENCY).setCullState(NO_CULL).setLightmapState(LIGHTMAP).setOverlayState(OVERLAY).createCompositeState(false);
                  ^
  symbol:   class CompositeState
  location: class RenderType
G:\Proyectos\Mods_Minecraft\the_sundering\neoforge\26.2\src\main\java\com\skd\thesundering\client\render\CMRenderTypes.java:59: error: cannot find symbol
        RenderType.CompositeState rendertype$compositestate = RenderType.CompositeState.builder().setTextureState((RenderStateShard.EmptyTextureStateShard)new RenderStateShard.TextureStateShard(p_286169_, false, false)).setShaderState(RENDERTYPE_ENTITY_TRANSLUCENT_CULL_SHADER).setTransparencyState(TRANSLUCENT_TRANSPARENCY).setCullState(NO_CULL).setLightmapState(LIGHTMAP).setOverlayState(OVERLAY).createCompositeState(false);
                                                                                                                                                                                                                                                                                                                                                                                                      ^
  symbol:   variable OVERLAY
  location: class CMRenderTypes
G:\Proyectos\Mods_Minecraft\the_sundering\neoforge\26.2\src\main\java\com\skd\thesundering\client\render\CMRenderTypes.java:59: error: cannot find symbol
        RenderType.CompositeState rendertype$compositestate = RenderType.CompositeState.builder().setTextureState((RenderStateShard.EmptyTextureStateShard)new RenderStateShard.TextureStateShard(p_286169_, false, false)).setShaderState(RENDERTYPE_ENTITY_TRANSLUCENT_CULL_SHADER).setTransparencyState(TRANSLUCENT_TRANSPARENCY).setCullState(NO_CULL).setLightmapState(LIGHTMAP).setOverlayState(OVERLAY).createCompositeState(false);
                                                                                                                                                                                                                                                                                                                                                                            ^
  symbol:   variable LIGHTMAP
  location: class CMRenderTypes
G:\Proyectos\Mods_Minecraft\the_sundering\neoforge\26.2\src\main\java\com\skd\thesundering\client\render\CMRenderTypes.java:59: error: cannot find symbol
        RenderType.CompositeState rendertype$compositestate = RenderType.CompositeState.builder().setTextureState((RenderStateShard.EmptyTextureStateShard)new RenderStateShard.TextureStateShard(p_286169_, false, false)).setShaderState(RENDERTYPE_ENTITY_TRANSLUCENT_CULL_SHADER).setTransparencyState(TRANSLUCENT_TRANSPARENCY).setCullState(NO_CULL).setLightmapState(LIGHTMAP).setOverlayState(OVERLAY).createCompositeState(false);
                                                                                                                                                                                                                                                                                                                                                  ^
  symbol:   variable NO_CULL
  location: class CMRenderTypes
G:\Proyectos\Mods_Minecraft\the_sundering\neoforge\26.2\src\main\java\com\skd\thesundering\client\render\CMRenderTypes.java:59: error: cannot find symbol
        RenderType.CompositeState rendertype$compositestate = RenderType.CompositeState.builder().setTextureState((RenderStateShard.EmptyTextureStateShard)new RenderStateShard.TextureStateShard(p_286169_, false, false)).setShaderState(RENDERTYPE_ENTITY_TRANSLUCENT_CULL_SHADER).setTransparencyState(TRANSLUCENT_TRANSPARENCY).setCullState(NO_CULL).setLightmapState(LIGHTMAP).setOverlayState(OVERLAY).createCompositeState(false);
                                                                                                                                                                                                                                                                                                           ^
  symbol:   variable TRANSLUCENT_TRANSPARENCY
  location: class CMRenderTypes
G:\Proyectos\Mods_Minecraft\the_sundering\neoforge\26.2\src\main\java\com\skd\thesundering\client\render\CMRenderTypes.java:59: error: cannot find symbol
        RenderType.CompositeState rendertype$compositestate = RenderType.CompositeState.builder().setTextureState((RenderStateShard.EmptyTextureStateShard)new RenderStateShard.TextureStateShard(p_286169_, false, false)).setShaderState(RENDERTYPE_ENTITY_TRANSLUCENT_CULL_SHADER).setTransparencyState(TRANSLUCENT_TRANSPARENCY).setCullState(NO_CULL).setLightmapState(LIGHTMAP).setOverlayState(OVERLAY).createCompositeState(false);
                                                                                                                                                                                                                                           ^
  symbol:   variable RENDERTYPE_ENTITY_TRANSLUCENT_CULL_SHADER
  location: class CMRenderTypes
G:\Proyectos\Mods_Minecraft\the_sundering\neoforge\26.2\src\main\java\com\skd\thesundering\client\render\CMRenderTypes.java:59: error: package RenderStateShard does not exist
        RenderType.CompositeState rendertype$compositestate = RenderType.CompositeState.builder().setTextureState((RenderStateShard.EmptyTextureStateShard)new RenderStateShard.TextureStateShard(p_286169_, false, false)).setShaderState(RENDERTYPE_ENTITY_TRANSLUCENT_CULL_SHADER).setTransparencyState(TRANSLUCENT_TRANSPARENCY).setCullState(NO_CULL).setLightmapState(LIGHTMAP).setOverlayState(OVERLAY).createCompositeState(false);
                                                                                                                                   ^
G:\Proyectos\Mods_Minecraft\the_sundering\neoforge\26.2\src\main\java\com\skd\thesundering\client\render\CMRenderTypes.java:59: error: package RenderStateShard does not exist
        RenderType.CompositeState rendertype$compositestate = RenderType.CompositeState.builder().setTextureState((RenderStateShard.EmptyTextureStateShard)new RenderStateShard.TextureStateShard(p_286169_, false, false)).setShaderState(RENDERTYPE_ENTITY_TRANSLUCENT_CULL_SHADER).setTransparencyState(TRANSLUCENT_TRANSPARENCY).setCullState(NO_CULL).setLightmapState(LIGHTMAP).setOverlayState(OVERLAY).createCompositeState(false);
                                                                                                                                                                               ^
G:\Proyectos\Mods_Minecraft\the_sundering\neoforge\26.2\src\main\java\com\skd\thesundering\client\render\CMRenderTypes.java:59: error: cannot find symbol
        RenderType.CompositeState rendertype$compositestate = RenderType.CompositeState.builder().setTextureState((RenderStateShard.EmptyTextureStateShard)new RenderStateShard.TextureStateShard(p_286169_, false, false)).setShaderState(RENDERTYPE_ENTITY_TRANSLUCENT_CULL_SHADER).setTransparencyState(TRANSLUCENT_TRANSPARENCY).setCullState(NO_CULL).setLightmapState(LIGHTMAP).setOverlayState(OVERLAY).createCompositeState(false);
                                                                        ^
  symbol:   variable CompositeState
  location: class RenderType
G:\Proyectos\Mods_Minecraft\the_sundering\neoforge\26.2\src\main\java\com\skd\thesundering\client\render\CMRenderTypes.java:60: error: cannot find symbol
        return CMRenderTypes.create((String)"full_bright", (VertexFormat)DefaultVertexFormat.NEW_ENTITY, (VertexFormat.Mode)VertexFormat.Mode.QUADS, (int)256, (boolean)false, (boolean)true, (RenderType.CompositeState)rendertype$compositestate);
                                                                                            ^
  symbol:   variable NEW_ENTITY
  location: class DefaultVertexFormat
G:\Proyectos\Mods_Minecraft\the_sundering\neoforge\26.2\src\main\java\com\skd\thesundering\client\render\CMRenderTypes.java:60: error: cannot find symbol
        return CMRenderTypes.create((String)"full_bright", (VertexFormat)DefaultVertexFormat.NEW_ENTITY, (VertexFormat.Mode)VertexFormat.Mode.QUADS, (int)256, (boolean)false, (boolean)true, (RenderType.CompositeState)rendertype$compositestate);
                                                                                                                      ^
  symbol:   class Mode
  location: class VertexFormat
G:\Proyectos\Mods_Minecraft\the_sundering\neoforge\26.2\src\main\java\com\skd\thesundering\client\render\CMRenderTypes.java:60: error: cannot find symbol
        return CMRenderTypes.create((String)"full_bright", (VertexFormat)DefaultVertexFormat.NEW_ENTITY, (VertexFormat.Mode)VertexFormat.Mode.QUADS, (int)256, (boolean)false, (boolean)true, (RenderType.CompositeState)rendertype$compositestate);
                                                                                                                                        ^
  symbol:   variable Mode
  location: class VertexFormat
G:\Proyectos\Mods_Minecraft\the_sundering\neoforge\26.2\src\main\java\com\skd\thesundering\client\render\CMRenderTypes.java:60: error: cannot find symbol
        return CMRenderTypes.create((String)"full_bright", (VertexFormat)DefaultVertexFormat.NEW_ENTITY, (VertexFormat.Mode)VertexFormat.Mode.QUADS, (int)256, (boolean)false, (boolean)true, (RenderType.CompositeState)rendertype$compositestate);
                                                                                                                                                                                                         ^
  symbol:   class CompositeState
  location: class RenderType
G:\Proyectos\Mods_Minecraft\the_sundering\neoforge\26.2\src\main\java\com\skd\thesundering\client\render\CMRenderTypes.java:62: error: cannot find symbol
    public static final Function<Identifier, RenderType> GLOWING_EFFECT = Util.memoize(p_286169_ -> {
                                                                          ^
  symbol:   variable Util
  location: class CMRenderTypes
G:\Proyectos\Mods_Minecraft\the_sundering\neoforge\26.2\src\main\java\com\skd\thesundering\client\render\CMRenderTypes.java:63: error: cannot find symbol
        RenderType.CompositeState rendertype$compositestate = RenderType.CompositeState.builder().setTextureState((RenderStateShard.EmptyTextureStateShard)new RenderStateShard.TextureStateShard(p_286169_, false, false)).setShaderState(RENDERTYPE_BEACON_BEAM_SHADER).setTransparencyState(TRANSLUCENT_TRANSPARENCY).setOverlayState(OVERLAY).setWriteMaskState(COLOR_WRITE).createCompositeState(false);
                  ^
  symbol:   class CompositeState
  location: class RenderType
G:\Proyectos\Mods_Minecraft\the_sundering\neoforge\26.2\src\main\java\com\skd\thesundering\client\render\CMRenderTypes.java:63: error: cannot find symbol
        RenderType.CompositeState rendertype$compositestate = RenderType.CompositeState.builder().setTextureState((RenderStateShard.EmptyTextureStateShard)new RenderStateShard.TextureStateShard(p_286169_, false, false)).setShaderState(RENDERTYPE_BEACON_BEAM_SHADER).setTransparencyState(TRANSLUCENT_TRANSPARENCY).setOverlayState(OVERLAY).setWriteMaskState(COLOR_WRITE).createCompositeState(false);
                                                                                                                                                                                                                                                                                                                                                                    ^
  symbol:   variable COLOR_WRITE
  location: class CMRenderTypes
G:\Proyectos\Mods_Minecraft\the_sundering\neoforge\26.2\src\main\java\com\skd\thesundering\client\render\CMRenderTypes.java:63: error: cannot find symbol
        RenderType.CompositeState rendertype$compositestate = RenderType.CompositeState.builder().setTextureState((RenderStateShard.EmptyTextureStateShard)new RenderStateShard.TextureStateShard(p_286169_, false, false)).setShaderState(RENDERTYPE_BEACON_BEAM_SHADER).setTransparencyState(TRANSLUCENT_TRANSPARENCY).setOverlayState(OVERLAY).setWriteMaskState(COLOR_WRITE).createCompositeState(false);
                                                                                                                                                                                                                                                                                                                                         ^
  symbol:   variable OVERLAY
  location: class CMRenderTypes
G:\Proyectos\Mods_Minecraft\the_sundering\neoforge\26.2\src\main\java\com\skd\thesundering\client\render\CMRenderTypes.java:63: error: cannot find symbol
        RenderType.CompositeState rendertype$compositestate = RenderType.CompositeState.builder().setTextureState((RenderStateShard.EmptyTextureStateShard)new RenderStateShard.TextureStateShard(p_286169_, false, false)).setShaderState(RENDERTYPE_BEACON_BEAM_SHADER).setTransparencyState(TRANSLUCENT_TRANSPARENCY).setOverlayState(OVERLAY).setWriteMaskState(COLOR_WRITE).createCompositeState(false);
                                                                                                                                                                                                                                                                                               ^
  symbol:   variable TRANSLUCENT_TRANSPARENCY
  location: class CMRenderTypes
G:\Proyectos\Mods_Minecraft\the_sundering\neoforge\26.2\src\main\java\com\skd\thesundering\client\render\CMRenderTypes.java:63: error: cannot find symbol
        RenderType.CompositeState rendertype$compositestate = RenderType.CompositeState.builder().setTextureState((RenderStateShard.EmptyTextureStateShard)new RenderStateShard.TextureStateShard(p_286169_, false, false)).setShaderState(RENDERTYPE_BEACON_BEAM_SHADER).setTransparencyState(TRANSLUCENT_TRANSPARENCY).setOverlayState(OVERLAY).setWriteMaskState(COLOR_WRITE).createCompositeState(false);
                                                                                                                                                                                                                                           ^
  symbol:   variable RENDERTYPE_BEACON_BEAM_SHADER
  location: class CMRenderTypes
G:\Proyectos\Mods_Minecraft\the_sundering\neoforge\26.2\src\main\java\com\skd\thesundering\client\render\CMRenderTypes.java:63: error: package RenderStateShard does not exist
        RenderType.CompositeState rendertype$compositestate = RenderType.CompositeState.builder().setTextureState((RenderStateShard.EmptyTextureStateShard)new RenderStateShard.TextureStateShard(p_286169_, false, false)).setShaderState(RENDERTYPE_BEACON_BEAM_SHADER).setTransparencyState(TRANSLUCENT_TRANSPARENCY).setOverlayState(OVERLAY).setWriteMaskState(COLOR_WRITE).createCompositeState(false);
                                                                                                                                   ^
G:\Proyectos\Mods_Minecraft\the_sundering\neoforge\26.2\src\main\java\com\skd\thesundering\client\render\CMRenderTypes.java:63: error: package RenderStateShard does not exist
        RenderType.CompositeState rendertype$compositestate = RenderType.CompositeState.builder().setTextureState((RenderStateShard.EmptyTextureStateShard)new RenderStateShard.TextureStateShard(p_286169_, false, false)).setShaderState(RENDERTYPE_BEACON_BEAM_SHADER).setTransparencyState(TRANSLUCENT_TRANSPARENCY).setOverlayState(OVERLAY).setWriteMaskState(COLOR_WRITE).createCompositeState(false);
                                                                                                                                                                               ^
G:\Proyectos\Mods_Minecraft\the_sundering\neoforge\26.2\src\main\java\com\skd\thesundering\client\render\CMRenderTypes.java:63: error: cannot find symbol
        RenderType.CompositeState rendertype$compositestate = RenderType.CompositeState.builder().setTextureState((RenderStateShard.EmptyTextureStateShard)new RenderStateShard.TextureStateShard(p_286169_, false, false)).setShaderState(RENDERTYPE_BEACON_BEAM_SHADER).setTransparencyState(TRANSLUCENT_TRANSPARENCY).setOverlayState(OVERLAY).setWriteMaskState(COLOR_WRITE).createCompositeState(false);
                                                                        ^
  symbol:   variable CompositeState
  location: class RenderType
G:\Proyectos\Mods_Minecraft\the_sundering\neoforge\26.2\src\main\java\com\skd\thesundering\client\render\CMRenderTypes.java:64: error: cannot find symbol
        return CMRenderTypes.create((String)"glow_effect", (VertexFormat)DefaultVertexFormat.NEW_ENTITY, (VertexFormat.Mode)VertexFormat.Mode.QUADS, (int)256, (boolean)true, (boolean)true, (RenderType.CompositeState)rendertype$compositestate);
                                                                                            ^
  symbol:   variable NEW_ENTITY
  location: class DefaultVertexFormat
G:\Proyectos\Mods_Minecraft\the_sundering\neoforge\26.2\src\main\java\com\skd\thesundering\client\render\CMRenderTypes.java:64: error: cannot find symbol
        return CMRenderTypes.create((String)"glow_effect", (VertexFormat)DefaultVertexFormat.NEW_ENTITY, (VertexFormat.Mode)VertexFormat.Mode.QUADS, (int)256, (boolean)true, (boolean)true, (RenderType.CompositeState)rendertype$compositestate);
                                                                                                                      ^
  symbol:   class Mode
  location: class VertexFormat
G:\Proyectos\Mods_Minecraft\the_sundering\neoforge\26.2\src\main\java\com\skd\thesundering\client\render\CMRenderTypes.java:64: error: cannot find symbol
        return CMRenderTypes.create((String)"glow_effect", (VertexFormat)DefaultVertexFormat.NEW_ENTITY, (VertexFormat.Mode)VertexFormat.Mode.QUADS, (int)256, (boolean)true, (boolean)true, (RenderType.CompositeState)rendertype$compositestate);
                                                                                                                                        ^
  symbol:   variable Mode
  location: class VertexFormat
G:\Proyectos\Mods_Minecraft\the_sundering\neoforge\26.2\src\main\java\com\skd\thesundering\client\render\CMRenderTypes.java:64: error: cannot find symbol
        return CMRenderTypes.create((String)"glow_effect", (VertexFormat)DefaultVertexFormat.NEW_ENTITY, (VertexFormat.Mode)VertexFormat.Mode.QUADS, (int)256, (boolean)true, (boolean)true, (RenderType.CompositeState)rendertype$compositestate);
                                                                                                                                                                                                        ^
  symbol:   class CompositeState
  location: class RenderType
G:\Proyectos\Mods_Minecraft\the_sundering\neoforge\26.2\src\main\java\com\skd\thesundering\client\render\CMRenderTypes.java:66: error: cannot find symbol
    public static final Function<Identifier, RenderType> NEW_TRAIL_EFFECT = Util.memoize(p_286155_ -> {
                                                                            ^
  symbol:   variable Util
  location: class CMRenderTypes
G:\Proyectos\Mods_Minecraft\the_sundering\neoforge\26.2\src\main\java\com\skd\thesundering\client\render\CMRenderTypes.java:67: error: cannot find symbol
        RenderType.CompositeState rendertype$compositestate = RenderType.CompositeState.builder().setShaderState(RENDERTYPE_ITEM_ENTITY_TRANSLUCENT_CULL_SHADER).setTextureState((RenderStateShard.EmptyTextureStateShard)new RenderStateShard.TextureStateShard(p_286155_, false, false)).setTransparencyState(TRANSLUCENT_TRANSPARENCY).setOutputState(ITEM_ENTITY_TARGET).setLightmapState(LIGHTMAP).setCullState(NO_CULL).setOverlayState(OVERLAY).setWriteMaskState(RenderStateShard.COLOR_DEPTH_WRITE).createCompositeState(true);
                  ^
  symbol:   class CompositeState
  location: class RenderType
G:\Proyectos\Mods_Minecraft\the_sundering\neoforge\26.2\src\main\java\com\skd\thesundering\client\render\CMRenderTypes.java:67: error: cannot find symbol
        RenderType.CompositeState rendertype$compositestate = RenderType.CompositeState.builder().setShaderState(RENDERTYPE_ITEM_ENTITY_TRANSLUCENT_CULL_SHADER).setTextureState((RenderStateShard.EmptyTextureStateShard)new RenderStateShard.TextureStateShard(p_286155_, false, false)).setTransparencyState(TRANSLUCENT_TRANSPARENCY).setOutputState(ITEM_ENTITY_TARGET).setLightmapState(LIGHTMAP).setCullState(NO_CULL).setOverlayState(OVERLAY).setWriteMaskState(RenderStateShard.COLOR_DEPTH_WRITE).createCompositeState(true);
                                                                                                                                                                                                                                                                                                                                                                                                                                                                         ^
  symbol:   variable RenderStateShard
  location: class CMRenderTypes
G:\Proyectos\Mods_Minecraft\the_sundering\neoforge\26.2\src\main\java\com\skd\thesundering\client\render\CMRenderTypes.java:67: error: cannot find symbol
        RenderType.CompositeState rendertype$compositestate = RenderType.CompositeState.builder().setShaderState(RENDERTYPE_ITEM_ENTITY_TRANSLUCENT_CULL_SHADER).setTextureState((RenderStateShard.EmptyTextureStateShard)new RenderStateShard.TextureStateShard(p_286155_, false, false)).setTransparencyState(TRANSLUCENT_TRANSPARENCY).setOutputState(ITEM_ENTITY_TARGET).setLightmapState(LIGHTMAP).setCullState(NO_CULL).setOverlayState(OVERLAY).setWriteMaskState(RenderStateShard.COLOR_DEPTH_WRITE).createCompositeState(true);
                                                                                                                                                                                                                                                                                                                                                                                                                                              ^
  symbol:   variable OVERLAY
  location: class CMRenderTypes
G:\Proyectos\Mods_Minecraft\the_sundering\neoforge\26.2\src\main\java\com\skd\thesundering\client\render\CMRenderTypes.java:67: error: cannot find symbol
        RenderType.CompositeState rendertype$compositestate = RenderType.CompositeState.builder().setShaderState(RENDERTYPE_ITEM_ENTITY_TRANSLUCENT_CULL_SHADER).setTextureState((RenderStateShard.EmptyTextureStateShard)new RenderStateShard.TextureStateShard(p_286155_, false, false)).setTransparencyState(TRANSLUCENT_TRANSPARENCY).setOutputState(ITEM_ENTITY_TARGET).setLightmapState(LIGHTMAP).setCullState(NO_CULL).setOverlayState(OVERLAY).setWriteMaskState(RenderStateShard.COLOR_DEPTH_WRITE).createCompositeState(true);
                                                                                                                                                                                                                                                                                                                                                                                                                     ^
  symbol:   variable NO_CULL
  location: class CMRenderTypes
G:\Proyectos\Mods_Minecraft\the_sundering\neoforge\26.2\src\main\java\com\skd\thesundering\client\render\CMRenderTypes.java:67: error: cannot find symbol
        RenderType.CompositeState rendertype$compositestate = RenderType.CompositeState.builder().setShaderState(RENDERTYPE_ITEM_ENTITY_TRANSLUCENT_CULL_SHADER).setTextureState((RenderStateShard.EmptyTextureStateShard)new RenderStateShard.TextureStateShard(p_286155_, false, false)).setTransparencyState(TRANSLUCENT_TRANSPARENCY).setOutputState(ITEM_ENTITY_TARGET).setLightmapState(LIGHTMAP).setCullState(NO_CULL).setOverlayState(OVERLAY).setWriteMaskState(RenderStateShard.COLOR_DEPTH_WRITE).createCompositeState(true);
                                                                                                                                                                                                                                                                                                                                                                                              ^
  symbol:   variable LIGHTMAP
  location: class CMRenderTypes
G:\Proyectos\Mods_Minecraft\the_sundering\neoforge\26.2\src\main\java\com\skd\thesundering\client\render\CMRenderTypes.java:67: error: cannot find symbol
        RenderType.CompositeState rendertype$compositestate = RenderType.CompositeState.builder().setShaderState(RENDERTYPE_ITEM_ENTITY_TRANSLUCENT_CULL_SHADER).setTextureState((RenderStateShard.EmptyTextureStateShard)new RenderStateShard.TextureStateShard(p_286155_, false, false)).setTransparencyState(TRANSLUCENT_TRANSPARENCY).setOutputState(ITEM_ENTITY_TARGET).setLightmapState(LIGHTMAP).setCullState(NO_CULL).setOverlayState(OVERLAY).setWriteMaskState(RenderStateShard.COLOR_DEPTH_WRITE).createCompositeState(true);
                                                                                                                                                                                                                                                                                                                                                         ^
  symbol:   variable ITEM_ENTITY_TARGET
  location: class CMRenderTypes
G:\Proyectos\Mods_Minecraft\the_sundering\neoforge\26.2\src\main\java\com\skd\thesundering\client\render\CMRenderTypes.java:67: error: cannot find symbol
        RenderType.CompositeState rendertype$compositestate = RenderType.CompositeState.builder().setShaderState(RENDERTYPE_ITEM_ENTITY_TRANSLUCENT_CULL_SHADER).setTextureState((RenderStateShard.EmptyTextureStateShard)new RenderStateShard.TextureStateShard(p_286155_, false, false)).setTransparencyState(TRANSLUCENT_TRANSPARENCY).setOutputState(ITEM_ENTITY_TARGET).setLightmapState(LIGHTMAP).setCullState(NO_CULL).setOverlayState(OVERLAY).setWriteMaskState(RenderStateShard.COLOR_DEPTH_WRITE).createCompositeState(true);
                                                                                                                                                                                                                                                                                                                ^
  symbol:   variable TRANSLUCENT_TRANSPARENCY
  location: class CMRenderTypes
G:\Proyectos\Mods_Minecraft\the_sundering\neoforge\26.2\src\main\java\com\skd\thesundering\client\render\CMRenderTypes.java:67: error: package RenderStateShard does not exist
        RenderType.CompositeState rendertype$compositestate = RenderType.CompositeState.builder().setShaderState(RENDERTYPE_ITEM_ENTITY_TRANSLUCENT_CULL_SHADER).setTextureState((RenderStateShard.EmptyTextureStateShard)new RenderStateShard.TextureStateShard(p_286155_, false, false)).setTransparencyState(TRANSLUCENT_TRANSPARENCY).setOutputState(ITEM_ENTITY_TARGET).setLightmapState(LIGHTMAP).setCullState(NO_CULL).setOverlayState(OVERLAY).setWriteMaskState(RenderStateShard.COLOR_DEPTH_WRITE).createCompositeState(true);
                                                                                                                                                                                                  ^
G:\Proyectos\Mods_Minecraft\the_sundering\neoforge\26.2\src\main\java\com\skd\thesundering\client\render\CMRenderTypes.java:67: error: package RenderStateShard does not exist
        RenderType.CompositeState rendertype$compositestate = RenderType.CompositeState.builder().setShaderState(RENDERTYPE_ITEM_ENTITY_TRANSLUCENT_CULL_SHADER).setTextureState((RenderStateShard.EmptyTextureStateShard)new RenderStateShard.TextureStateShard(p_286155_, false, false)).setTransparencyState(TRANSLUCENT_TRANSPARENCY).setOutputState(ITEM_ENTITY_TARGET).setLightmapState(LIGHTMAP).setCullState(NO_CULL).setOverlayState(OVERLAY).setWriteMaskState(RenderStateShard.COLOR_DEPTH_WRITE).createCompositeState(true);
                                                                                                                                                                                                                                              ^
G:\Proyectos\Mods_Minecraft\the_sundering\neoforge\26.2\src\main\java\com\skd\thesundering\client\render\CMRenderTypes.java:67: error: cannot find symbol
        RenderType.CompositeState rendertype$compositestate = RenderType.CompositeState.builder().setShaderState(RENDERTYPE_ITEM_ENTITY_TRANSLUCENT_CULL_SHADER).setTextureState((RenderStateShard.EmptyTextureStateShard)new RenderStateShard.TextureStateShard(p_286155_, false, false)).setTransparencyState(TRANSLUCENT_TRANSPARENCY).setOutputState(ITEM_ENTITY_TARGET).setLightmapState(LIGHTMAP).setCullState(NO_CULL).setOverlayState(OVERLAY).setWriteMaskState(RenderStateShard.COLOR_DEPTH_WRITE).createCompositeState(true);
                                                                                                                 ^
  symbol:   variable RENDERTYPE_ITEM_ENTITY_TRANSLUCENT_CULL_SHADER
  location: class CMRenderTypes
G:\Proyectos\Mods_Minecraft\the_sundering\neoforge\26.2\src\main\java\com\skd\thesundering\client\render\CMRenderTypes.java:67: error: cannot find symbol
        RenderType.CompositeState rendertype$compositestate = RenderType.CompositeState.builder().setShaderState(RENDERTYPE_ITEM_ENTITY_TRANSLUCENT_CULL_SHADER).setTextureState((RenderStateShard.EmptyTextureStateShard)new RenderStateShard.TextureStateShard(p_286155_, false, false)).setTransparencyState(TRANSLUCENT_TRANSPARENCY).setOutputState(ITEM_ENTITY_TARGET).setLightmapState(LIGHTMAP).setCullState(NO_CULL).setOverlayState(OVERLAY).setWriteMaskState(RenderStateShard.COLOR_DEPTH_WRITE).createCompositeState(true);
                                                                        ^
  symbol:   variable CompositeState
  location: class RenderType
G:\Proyectos\Mods_Minecraft\the_sundering\neoforge\26.2\src\main\java\com\skd\thesundering\client\render\CMRenderTypes.java:68: error: cannot find symbol
        return CMRenderTypes.create((String)"new_trail_effect", (VertexFormat)DefaultVertexFormat.NEW_ENTITY, (VertexFormat.Mode)VertexFormat.Mode.QUADS, (int)1536, (boolean)true, (boolean)true, (RenderType.CompositeState)rendertype$compositestate);
                                                                                                 ^
  symbol:   variable NEW_ENTITY
  location: class DefaultVertexFormat
G:\Proyectos\Mods_Minecraft\the_sundering\neoforge\26.2\src\main\java\com\skd\thesundering\client\render\CMRenderTypes.java:68: error: cannot find symbol
        return CMRenderTypes.create((String)"new_trail_effect", (VertexFormat)DefaultVertexFormat.NEW_ENTITY, (VertexFormat.Mode)VertexFormat.Mode.QUADS, (int)1536, (boolean)true, (boolean)true, (RenderType.CompositeState)rendertype$compositestate);
                                                                                                                           ^
  symbol:   class Mode
  location: class VertexFormat
G:\Proyectos\Mods_Minecraft\the_sundering\neoforge\26.2\src\main\java\com\skd\thesundering\client\render\CMRenderTypes.java:68: error: cannot find symbol
        return CMRenderTypes.create((String)"new_trail_effect", (VertexFormat)DefaultVertexFormat.NEW_ENTITY, (VertexFormat.Mode)VertexFormat.Mode.QUADS, (int)1536, (boolean)true, (boolean)true, (RenderType.CompositeState)rendertype$compositestate);
                                                                                                                                             ^
  symbol:   variable Mode
  location: class VertexFormat
G:\Proyectos\Mods_Minecraft\the_sundering\neoforge\26.2\src\main\java\com\skd\thesundering\client\render\CMRenderTypes.java:68: error: cannot find symbol
        return CMRenderTypes.create((String)"new_trail_effect", (VertexFormat)DefaultVertexFormat.NEW_ENTITY, (VertexFormat.Mode)VertexFormat.Mode.QUADS, (int)1536, (boolean)true, (boolean)true, (RenderType.CompositeState)rendertype$compositestate);
                                                                                                                                                                                                              ^
  symbol:   class CompositeState
  location: class RenderType
G:\Proyectos\Mods_Minecraft\the_sundering\neoforge\26.2\src\main\java\com\skd\thesundering\client\render\CMRenderTypes.java:70: error: cannot find symbol
    public static final Function<Identifier, RenderType> LIGHT_TRAIL_EFFECT = Util.memoize(p_286155_ -> {
                                                                              ^
  symbol:   variable Util
  location: class CMRenderTypes
G:\Proyectos\Mods_Minecraft\the_sundering\neoforge\26.2\src\main\java\com\skd\thesundering\client\render\CMRenderTypes.java:71: error: cannot find symbol
        RenderType.CompositeState rendertype$compositestate = RenderType.CompositeState.builder().setShaderState(RENDERTYPE_EYES_SHADER).setTextureState((RenderStateShard.EmptyTextureStateShard)new RenderStateShard.TextureStateShard(p_286155_, false, false)).setTransparencyState(ADDITIVE_TRANSPARENCY).setOutputState(ITEM_ENTITY_TARGET).setCullState(NO_CULL).setLightmapState(LIGHTMAP).setWriteMaskState(COLOR_WRITE).setOverlayState(OVERLAY).createCompositeState(true);
                  ^
  symbol:   class CompositeState
  location: class RenderType
G:\Proyectos\Mods_Minecraft\the_sundering\neoforge\26.2\src\main\java\com\skd\thesundering\client\render\CMRenderTypes.java:71: error: cannot find symbol
        RenderType.CompositeState rendertype$compositestate = RenderType.CompositeState.builder().setShaderState(RENDERTYPE_EYES_SHADER).setTextureState((RenderStateShard.EmptyTextureStateShard)new RenderStateShard.TextureStateShard(p_286155_, false, false)).setTransparencyState(ADDITIVE_TRANSPARENCY).setOutputState(ITEM_ENTITY_TARGET).setCullState(NO_CULL).setLightmapState(LIGHTMAP).setWriteMaskState(COLOR_WRITE).setOverlayState(OVERLAY).createCompositeState(true);
                                                                                                                                                                                                                                                                                                                                                                                                                                                  ^
  symbol:   variable OVERLAY
  location: class CMRenderTypes
G:\Proyectos\Mods_Minecraft\the_sundering\neoforge\26.2\src\main\java\com\skd\thesundering\client\render\CMRenderTypes.java:71: error: cannot find symbol
        RenderType.CompositeState rendertype$compositestate = RenderType.CompositeState.builder().setShaderState(RENDERTYPE_EYES_SHADER).setTextureState((RenderStateShard.EmptyTextureStateShard)new RenderStateShard.TextureStateShard(p_286155_, false, false)).setTransparencyState(ADDITIVE_TRANSPARENCY).setOutputState(ITEM_ENTITY_TARGET).setCullState(NO_CULL).setLightmapState(LIGHTMAP).setWriteMaskState(COLOR_WRITE).setOverlayState(OVERLAY).createCompositeState(true);
                                                                                                                                                                                                                                                                                                                                                                                                                     ^
  symbol:   variable COLOR_WRITE
  location: class CMRenderTypes
G:\Proyectos\Mods_Minecraft\the_sundering\neoforge\26.2\src\main\java\com\skd\thesundering\client\render\CMRenderTypes.java:71: error: cannot find symbol
        RenderType.CompositeState rendertype$compositestate = RenderType.CompositeState.builder().setShaderState(RENDERTYPE_EYES_SHADER).setTextureState((RenderStateShard.EmptyTextureStateShard)new RenderStateShard.TextureStateShard(p_286155_, false, false)).setTransparencyState(ADDITIVE_TRANSPARENCY).setOutputState(ITEM_ENTITY_TARGET).setCullState(NO_CULL).setLightmapState(LIGHTMAP).setWriteMaskState(COLOR_WRITE).setOverlayState(OVERLAY).createCompositeState(true);
                                                                                                                                                                                                                                                                                                                                                                                         ^
  symbol:   variable LIGHTMAP
  location: class CMRenderTypes
G:\Proyectos\Mods_Minecraft\the_sundering\neoforge\26.2\src\main\java\com\skd\thesundering\client\render\CMRenderTypes.java:71: error: cannot find symbol
        RenderType.CompositeState rendertype$compositestate = RenderType.CompositeState.builder().setShaderState(RENDERTYPE_EYES_SHADER).setTextureState((RenderStateShard.EmptyTextureStateShard)new RenderStateShard.TextureStateShard(p_286155_, false, false)).setTransparencyState(ADDITIVE_TRANSPARENCY).setOutputState(ITEM_ENTITY_TARGET).setCullState(NO_CULL).setLightmapState(LIGHTMAP).setWriteMaskState(COLOR_WRITE).setOverlayState(OVERLAY).createCompositeState(true);
                                                                                                                                                                                                                                                                                                                                                               ^
  symbol:   variable NO_CULL
  location: class CMRenderTypes
G:\Proyectos\Mods_Minecraft\the_sundering\neoforge\26.2\src\main\java\com\skd\thesundering\client\render\CMRenderTypes.java:71: error: cannot find symbol
        RenderType.CompositeState rendertype$compositestate = RenderType.CompositeState.builder().setShaderState(RENDERTYPE_EYES_SHADER).setTextureState((RenderStateShard.EmptyTextureStateShard)new RenderStateShard.TextureStateShard(p_286155_, false, false)).setTransparencyState(ADDITIVE_TRANSPARENCY).setOutputState(ITEM_ENTITY_TARGET).setCullState(NO_CULL).setLightmapState(LIGHTMAP).setWriteMaskState(COLOR_WRITE).setOverlayState(OVERLAY).createCompositeState(true);
                                                                                                                                                                                                                                                                                                                              ^
  symbol:   variable ITEM_ENTITY_TARGET
  location: class CMRenderTypes
G:\Proyectos\Mods_Minecraft\the_sundering\neoforge\26.2\src\main\java\com\skd\thesundering\client\render\CMRenderTypes.java:71: error: cannot find symbol
        RenderType.CompositeState rendertype$compositestate = RenderType.CompositeState.builder().setShaderState(RENDERTYPE_EYES_SHADER).setTextureState((RenderStateShard.EmptyTextureStateShard)new RenderStateShard.TextureStateShard(p_286155_, false, false)).setTransparencyState(ADDITIVE_TRANSPARENCY).setOutputState(ITEM_ENTITY_TARGET).setCullState(NO_CULL).setLightmapState(LIGHTMAP).setWriteMaskState(COLOR_WRITE).setOverlayState(OVERLAY).createCompositeState(true);
                                                                                                                                                                                                                                                                                        ^
  symbol:   variable ADDITIVE_TRANSPARENCY
  location: class CMRenderTypes
G:\Proyectos\Mods_Minecraft\the_sundering\neoforge\26.2\src\main\java\com\skd\thesundering\client\render\CMRenderTypes.java:71: error: package RenderStateShard does not exist
        RenderType.CompositeState rendertype$compositestate = RenderType.CompositeState.builder().setShaderState(RENDERTYPE_EYES_SHADER).setTextureState((RenderStateShard.EmptyTextureStateShard)new RenderStateShard.TextureStateShard(p_286155_, false, false)).setTransparencyState(ADDITIVE_TRANSPARENCY).setOutputState(ITEM_ENTITY_TARGET).setCullState(NO_CULL).setLightmapState(LIGHTMAP).setWriteMaskState(COLOR_WRITE).setOverlayState(OVERLAY).createCompositeState(true);
                                                                                                                                                                          ^
G:\Proyectos\Mods_Minecraft\the_sundering\neoforge\26.2\src\main\java\com\skd\thesundering\client\render\CMRenderTypes.java:71: error: package RenderStateShard does not exist
        RenderType.CompositeState rendertype$compositestate = RenderType.CompositeState.builder().setShaderState(RENDERTYPE_EYES_SHADER).setTextureState((RenderStateShard.EmptyTextureStateShard)new RenderStateShard.TextureStateShard(p_286155_, false, false)).setTransparencyState(ADDITIVE_TRANSPARENCY).setOutputState(ITEM_ENTITY_TARGET).setCullState(NO_CULL).setLightmapState(LIGHTMAP).setWriteMaskState(COLOR_WRITE).setOverlayState(OVERLAY).createCompositeState(true);
                                                                                                                                                                                                                      ^
G:\Proyectos\Mods_Minecraft\the_sundering\neoforge\26.2\src\main\java\com\skd\thesundering\client\render\CMRenderTypes.java:71: error: cannot find symbol
        RenderType.CompositeState rendertype$compositestate = RenderType.CompositeState.builder().setShaderState(RENDERTYPE_EYES_SHADER).setTextureState((RenderStateShard.EmptyTextureStateShard)new RenderStateShard.TextureStateShard(p_286155_, false, false)).setTransparencyState(ADDITIVE_TRANSPARENCY).setOutputState(ITEM_ENTITY_TARGET).setCullState(NO_CULL).setLightmapState(LIGHTMAP).setWriteMaskState(COLOR_WRITE).setOverlayState(OVERLAY).createCompositeState(true);
                                                                                                                 ^
  symbol:   variable RENDERTYPE_EYES_SHADER
  location: class CMRenderTypes
G:\Proyectos\Mods_Minecraft\the_sundering\neoforge\26.2\src\main\java\com\skd\thesundering\client\render\CMRenderTypes.java:71: error: cannot find symbol
        RenderType.CompositeState rendertype$compositestate = RenderType.CompositeState.builder().setShaderState(RENDERTYPE_EYES_SHADER).setTextureState((RenderStateShard.EmptyTextureStateShard)new RenderStateShard.TextureStateShard(p_286155_, false, false)).setTransparencyState(ADDITIVE_TRANSPARENCY).setOutputState(ITEM_ENTITY_TARGET).setCullState(NO_CULL).setLightmapState(LIGHTMAP).setWriteMaskState(COLOR_WRITE).setOverlayState(OVERLAY).createCompositeState(true);
                                                                        ^
  symbol:   variable CompositeState
  location: class RenderType
G:\Proyectos\Mods_Minecraft\the_sundering\neoforge\26.2\src\main\java\com\skd\thesundering\client\render\CMRenderTypes.java:72: error: cannot find symbol
        return CMRenderTypes.create((String)"light_trail_effect", (VertexFormat)DefaultVertexFormat.NEW_ENTITY, (VertexFormat.Mode)VertexFormat.Mode.QUADS, (int)1536, (boolean)true, (boolean)true, (RenderType.CompositeState)rendertype$compositestate);
                                                                                                   ^
  symbol:   variable NEW_ENTITY
  location: class DefaultVertexFormat
G:\Proyectos\Mods_Minecraft\the_sundering\neoforge\26.2\src\main\java\com\skd\thesundering\client\render\CMRenderTypes.java:72: error: cannot find symbol
        return CMRenderTypes.create((String)"light_trail_effect", (VertexFormat)DefaultVertexFormat.NEW_ENTITY, (VertexFormat.Mode)VertexFormat.Mode.QUADS, (int)1536, (boolean)true, (boolean)true, (RenderType.CompositeState)rendertype$compositestate);
                                                                                                                             ^
  symbol:   class Mode
  location: class VertexFormat
G:\Proyectos\Mods_Minecraft\the_sundering\neoforge\26.2\src\main\java\com\skd\thesundering\client\render\CMRenderTypes.java:72: error: cannot find symbol
        return CMRenderTypes.create((String)"light_trail_effect", (VertexFormat)DefaultVertexFormat.NEW_ENTITY, (VertexFormat.Mode)VertexFormat.Mode.QUADS, (int)1536, (boolean)true, (boolean)true, (RenderType.CompositeState)rendertype$compositestate);
                                                                                                                                               ^
  symbol:   variable Mode
  location: class VertexFormat
G:\Proyectos\Mods_Minecraft\the_sundering\neoforge\26.2\src\main\java\com\skd\thesundering\client\render\CMRenderTypes.java:72: error: cannot find symbol
        return CMRenderTypes.create((String)"light_trail_effect", (VertexFormat)DefaultVertexFormat.NEW_ENTITY, (VertexFormat.Mode)VertexFormat.Mode.QUADS, (int)1536, (boolean)true, (boolean)true, (RenderType.CompositeState)rendertype$compositestate);
                                                                                                                                                                                                                ^
  symbol:   class CompositeState
  location: class RenderType
G:\Proyectos\Mods_Minecraft\the_sundering\neoforge\26.2\src\main\java\com\skd\thesundering\client\render\CMRenderTypes.java:74: error: cannot find symbol
    public static final Function<Identifier, RenderType> CMEYE = Util.memoize(p_286169_ -> {
                                                                 ^
  symbol:   variable Util
  location: class CMRenderTypes
G:\Proyectos\Mods_Minecraft\the_sundering\neoforge\26.2\src\main\java\com\skd\thesundering\client\render\CMRenderTypes.java:75: error: cannot find symbol
        RenderType.CompositeState rendertype$compositestate = RenderType.CompositeState.builder().setShaderState(RENDERTYPE_EYES_SHADER).setTextureState((RenderStateShard.EmptyTextureStateShard)new RenderStateShard.TextureStateShard(p_286169_, false, false)).setTransparencyState(ADDITIVE_TRANSPARENCY).setCullState(NO_CULL).setWriteMaskState(COLOR_WRITE).setOverlayState(OVERLAY).createCompositeState(false);
                  ^
  symbol:   class CompositeState
  location: class RenderType
G:\Proyectos\Mods_Minecraft\the_sundering\neoforge\26.2\src\main\java\com\skd\thesundering\client\render\CMRenderTypes.java:75: error: cannot find symbol
        RenderType.CompositeState rendertype$compositestate = RenderType.CompositeState.builder().setShaderState(RENDERTYPE_EYES_SHADER).setTextureState((RenderStateShard.EmptyTextureStateShard)new RenderStateShard.TextureStateShard(p_286169_, false, false)).setTransparencyState(ADDITIVE_TRANSPARENCY).setCullState(NO_CULL).setWriteMaskState(COLOR_WRITE).setOverlayState(OVERLAY).createCompositeState(false);
                                                                                                                                                                                                                                                                                                                                                                                    ^
  symbol:   variable OVERLAY
  location: class CMRenderTypes
G:\Proyectos\Mods_Minecraft\the_sundering\neoforge\26.2\src\main\java\com\skd\thesundering\client\render\CMRenderTypes.java:75: error: cannot find symbol
        RenderType.CompositeState rendertype$compositestate = RenderType.CompositeState.builder().setShaderState(RENDERTYPE_EYES_SHADER).setTextureState((RenderStateShard.EmptyTextureStateShard)new RenderStateShard.TextureStateShard(p_286169_, false, false)).setTransparencyState(ADDITIVE_TRANSPARENCY).setCullState(NO_CULL).setWriteMaskState(COLOR_WRITE).setOverlayState(OVERLAY).createCompositeState(false);
                                                                                                                                                                                                                                                                                                                                                       ^
  symbol:   variable COLOR_WRITE
  location: class CMRenderTypes
G:\Proyectos\Mods_Minecraft\the_sundering\neoforge\26.2\src\main\java\com\skd\thesundering\client\render\CMRenderTypes.java:75: error: cannot find symbol
        RenderType.CompositeState rendertype$compositestate = RenderType.CompositeState.builder().setShaderState(RENDERTYPE_EYES_SHADER).setTextureState((RenderStateShard.EmptyTextureStateShard)new RenderStateShard.TextureStateShard(p_286169_, false, false)).setTransparencyState(ADDITIVE_TRANSPARENCY).setCullState(NO_CULL).setWriteMaskState(COLOR_WRITE).setOverlayState(OVERLAY).createCompositeState(false);
                                                                                                                                                                                                                                                                                                                            ^
  symbol:   variable NO_CULL
  location: class CMRenderTypes
G:\Proyectos\Mods_Minecraft\the_sundering\neoforge\26.2\src\main\java\com\skd\thesundering\client\render\CMRenderTypes.java:75: error: cannot find symbol
        RenderType.CompositeState rendertype$compositestate = RenderType.CompositeState.builder().setShaderState(RENDERTYPE_EYES_SHADER).setTextureState((RenderStateShard.EmptyTextureStateShard)new RenderStateShard.TextureStateShard(p_286169_, false, false)).setTransparencyState(ADDITIVE_TRANSPARENCY).setCullState(NO_CULL).setWriteMaskState(COLOR_WRITE).setOverlayState(OVERLAY).createCompositeState(false);
                                                                                                                                                                                                                                                                                        ^
  symbol:   variable ADDITIVE_TRANSPARENCY
  location: class CMRenderTypes
G:\Proyectos\Mods_Minecraft\the_sundering\neoforge\26.2\src\main\java\com\skd\thesundering\client\render\CMRenderTypes.java:75: error: package RenderStateShard does not exist
        RenderType.CompositeState rendertype$compositestate = RenderType.CompositeState.builder().setShaderState(RENDERTYPE_EYES_SHADER).setTextureState((RenderStateShard.EmptyTextureStateShard)new RenderStateShard.TextureStateShard(p_286169_, false, false)).setTransparencyState(ADDITIVE_TRANSPARENCY).setCullState(NO_CULL).setWriteMaskState(COLOR_WRITE).setOverlayState(OVERLAY).createCompositeState(false);
                                                                                                                                                                          ^
G:\Proyectos\Mods_Minecraft\the_sundering\neoforge\26.2\src\main\java\com\skd\thesundering\client\render\CMRenderTypes.java:75: error: package RenderStateShard does not exist
        RenderType.CompositeState rendertype$compositestate = RenderType.CompositeState.builder().setShaderState(RENDERTYPE_EYES_SHADER).setTextureState((RenderStateShard.EmptyTextureStateShard)new RenderStateShard.TextureStateShard(p_286169_, false, false)).setTransparencyState(ADDITIVE_TRANSPARENCY).setCullState(NO_CULL).setWriteMaskState(COLOR_WRITE).setOverlayState(OVERLAY).createCompositeState(false);
                                                                                                                                                                                                                      ^
G:\Proyectos\Mods_Minecraft\the_sundering\neoforge\26.2\src\main\java\com\skd\thesundering\client\render\CMRenderTypes.java:75: error: cannot find symbol
        RenderType.CompositeState rendertype$compositestate = RenderType.CompositeState.builder().setShaderState(RENDERTYPE_EYES_SHADER).setTextureState((RenderStateShard.EmptyTextureStateShard)new RenderStateShard.TextureStateShard(p_286169_, false, false)).setTransparencyState(ADDITIVE_TRANSPARENCY).setCullState(NO_CULL).setWriteMaskState(COLOR_WRITE).setOverlayState(OVERLAY).createCompositeState(false);
                                                                                                                 ^
  symbol:   variable RENDERTYPE_EYES_SHADER
  location: class CMRenderTypes
G:\Proyectos\Mods_Minecraft\the_sundering\neoforge\26.2\src\main\java\com\skd\thesundering\client\render\CMRenderTypes.java:75: error: cannot find symbol
        RenderType.CompositeState rendertype$compositestate = RenderType.CompositeState.builder().setShaderState(RENDERTYPE_EYES_SHADER).setTextureState((RenderStateShard.EmptyTextureStateShard)new RenderStateShard.TextureStateShard(p_286169_, false, false)).setTransparencyState(ADDITIVE_TRANSPARENCY).setCullState(NO_CULL).setWriteMaskState(COLOR_WRITE).setOverlayState(OVERLAY).createCompositeState(false);
                                                                        ^
  symbol:   variable CompositeState
  location: class RenderType
G:\Proyectos\Mods_Minecraft\the_sundering\neoforge\26.2\src\main\java\com\skd\thesundering\client\render\CMRenderTypes.java:76: error: cannot find symbol
        return CMRenderTypes.create((String)"cm_eyes", (VertexFormat)DefaultVertexFormat.NEW_ENTITY, (VertexFormat.Mode)VertexFormat.Mode.QUADS, (int)1536, (boolean)false, (boolean)true, (RenderType.CompositeState)rendertype$compositestate);
                                                                                        ^
  symbol:   variable NEW_ENTITY
  location: class DefaultVertexFormat
G:\Proyectos\Mods_Minecraft\the_sundering\neoforge\26.2\src\main\java\com\skd\thesundering\client\render\CMRenderTypes.java:76: error: cannot find symbol
        return CMRenderTypes.create((String)"cm_eyes", (VertexFormat)DefaultVertexFormat.NEW_ENTITY, (VertexFormat.Mode)VertexFormat.Mode.QUADS, (int)1536, (boolean)false, (boolean)true, (RenderType.CompositeState)rendertype$compositestate);
                                                                                                                  ^
  symbol:   class Mode
  location: class VertexFormat
G:\Proyectos\Mods_Minecraft\the_sundering\neoforge\26.2\src\main\java\com\skd\thesundering\client\render\CMRenderTypes.java:76: error: cannot find symbol
        return CMRenderTypes.create((String)"cm_eyes", (VertexFormat)DefaultVertexFormat.NEW_ENTITY, (VertexFormat.Mode)VertexFormat.Mode.QUADS, (int)1536, (boolean)false, (boolean)true, (RenderType.CompositeState)rendertype$compositestate);
                                                                                                                                    ^
  symbol:   variable Mode
  location: class VertexFormat
G:\Proyectos\Mods_Minecraft\the_sundering\neoforge\26.2\src\main\java\com\skd\thesundering\client\render\CMRenderTypes.java:76: error: cannot find symbol
        return CMRenderTypes.create((String)"cm_eyes", (VertexFormat)DefaultVertexFormat.NEW_ENTITY, (VertexFormat.Mode)VertexFormat.Mode.QUADS, (int)1536, (boolean)false, (boolean)true, (RenderType.CompositeState)rendertype$compositestate);
                                                                                                                                                                                                      ^
  symbol:   class CompositeState
  location: class RenderType
G:\Proyectos\Mods_Minecraft\the_sundering\neoforge\26.2\src\main\java\com\skd\thesundering\client\render\CMRenderTypes.java:78: error: cannot find symbol
    public static final RenderType CM_LIGHTNING = CMRenderTypes.create((String)"cm_lightning", (VertexFormat)DefaultVertexFormat.POSITION_COLOR, (VertexFormat.Mode)VertexFormat.Mode.QUADS, (int)1536, (boolean)false, (boolean)true, (RenderType.CompositeState)RenderType.CompositeState.builder().setShaderState(RENDERTYPE_LIGHTNING_SHADER).setWriteMaskState(COLOR_WRITE).setTransparencyState(LIGHTNING_TRANSPARENCY).setCullState(NO_CULL).setOutputState(WEATHER_TARGET).createCompositeState(false));
                                                                                                                                                              ^
  symbol:   class Mode
  location: class VertexFormat
G:\Proyectos\Mods_Minecraft\the_sundering\neoforge\26.2\src\main\java\com\skd\thesundering\client\render\CMRenderTypes.java:78: error: cannot find symbol
    public static final RenderType CM_LIGHTNING = CMRenderTypes.create((String)"cm_lightning", (VertexFormat)DefaultVertexFormat.POSITION_COLOR, (VertexFormat.Mode)VertexFormat.Mode.QUADS, (int)1536, (boolean)false, (boolean)true, (RenderType.CompositeState)RenderType.CompositeState.builder().setShaderState(RENDERTYPE_LIGHTNING_SHADER).setWriteMaskState(COLOR_WRITE).setTransparencyState(LIGHTNING_TRANSPARENCY).setCullState(NO_CULL).setOutputState(WEATHER_TARGET).createCompositeState(false));
                                                                                                                                                                                ^
  symbol:   variable Mode
  location: class VertexFormat
G:\Proyectos\Mods_Minecraft\the_sundering\neoforge\26.2\src\main\java\com\skd\thesundering\client\render\CMRenderTypes.java:78: error: cannot find symbol
    public static final RenderType CM_LIGHTNING = CMRenderTypes.create((String)"cm_lightning", (VertexFormat)DefaultVertexFormat.POSITION_COLOR, (VertexFormat.Mode)VertexFormat.Mode.QUADS, (int)1536, (boolean)false, (boolean)true, (RenderType.CompositeState)RenderType.CompositeState.builder().setShaderState(RENDERTYPE_LIGHTNING_SHADER).setWriteMaskState(COLOR_WRITE).setTransparencyState(LIGHTNING_TRANSPARENCY).setCullState(NO_CULL).setOutputState(WEATHER_TARGET).createCompositeState(false));
                                                                                                                                                                                                                                                  ^
  symbol:   class CompositeState
  location: class RenderType
G:\Proyectos\Mods_Minecraft\the_sundering\neoforge\26.2\src\main\java\com\skd\thesundering\client\render\CMRenderTypes.java:78: error: cannot find symbol
    public static final RenderType CM_LIGHTNING = CMRenderTypes.create((String)"cm_lightning", (VertexFormat)DefaultVertexFormat.POSITION_COLOR, (VertexFormat.Mode)VertexFormat.Mode.QUADS, (int)1536, (boolean)false, (boolean)true, (RenderType.CompositeState)RenderType.CompositeState.builder().setShaderState(RENDERTYPE_LIGHTNING_SHADER).setWriteMaskState(COLOR_WRITE).setTransparencyState(LIGHTNING_TRANSPARENCY).setCullState(NO_CULL).setOutputState(WEATHER_TARGET).createCompositeState(false));
                                                                                                                                                                                                                                                                                                                                                                                                                                                                   ^
  symbol:   variable WEATHER_TARGET
  location: class CMRenderTypes
G:\Proyectos\Mods_Minecraft\the_sundering\neoforge\26.2\src\main\java\com\skd\thesundering\client\render\CMRenderTypes.java:78: error: cannot find symbol
    public static final RenderType CM_LIGHTNING = CMRenderTypes.create((String)"cm_lightning", (VertexFormat)DefaultVertexFormat.POSITION_COLOR, (VertexFormat.Mode)VertexFormat.Mode.QUADS, (int)1536, (boolean)false, (boolean)true, (RenderType.CompositeState)RenderType.CompositeState.builder().setShaderState(RENDERTYPE_LIGHTNING_SHADER).setWriteMaskState(COLOR_WRITE).setTransparencyState(LIGHTNING_TRANSPARENCY).setCullState(NO_CULL).setOutputState(WEATHER_TARGET).createCompositeState(false));
                                                                                                                                                                                                                                                                                                                                                                                                                                           ^
  symbol:   variable NO_CULL
  location: class CMRenderTypes
G:\Proyectos\Mods_Minecraft\the_sundering\neoforge\26.2\src\main\java\com\skd\thesundering\client\render\CMRenderTypes.java:78: error: cannot find symbol
    public static final RenderType CM_LIGHTNING = CMRenderTypes.create((String)"cm_lightning", (VertexFormat)DefaultVertexFormat.POSITION_COLOR, (VertexFormat.Mode)VertexFormat.Mode.QUADS, (int)1536, (boolean)false, (boolean)true, (RenderType.CompositeState)RenderType.CompositeState.builder().setShaderState(RENDERTYPE_LIGHTNING_SHADER).setWriteMaskState(COLOR_WRITE).setTransparencyState(LIGHTNING_TRANSPARENCY).setCullState(NO_CULL).setOutputState(WEATHER_TARGET).createCompositeState(false));
                                                                                                                                                                                                                                                                                                                                                                                                      ^
  symbol:   variable LIGHTNING_TRANSPARENCY
  location: class CMRenderTypes
G:\Proyectos\Mods_Minecraft\the_sundering\neoforge\26.2\src\main\java\com\skd\thesundering\client\render\CMRenderTypes.java:78: error: cannot find symbol
    public static final RenderType CM_LIGHTNING = CMRenderTypes.create((String)"cm_lightning", (VertexFormat)DefaultVertexFormat.POSITION_COLOR, (VertexFormat.Mode)VertexFormat.Mode.QUADS, (int)1536, (boolean)false, (boolean)true, (RenderType.CompositeState)RenderType.CompositeState.builder().setShaderState(RENDERTYPE_LIGHTNING_SHADER).setWriteMaskState(COLOR_WRITE).setTransparencyState(LIGHTNING_TRANSPARENCY).setCullState(NO_CULL).setOutputState(WEATHER_TARGET).createCompositeState(false));
                                                                                                                                                                                                                                                                                                                                                                    ^
  symbol:   variable COLOR_WRITE
  location: class CMRenderTypes
G:\Proyectos\Mods_Minecraft\the_sundering\neoforge\26.2\src\main\java\com\skd\thesundering\client\render\CMRenderTypes.java:78: error: cannot find symbol
    public static final RenderType CM_LIGHTNING = CMRenderTypes.create((String)"cm_lightning", (VertexFormat)DefaultVertexFormat.POSITION_COLOR, (VertexFormat.Mode)VertexFormat.Mode.QUADS, (int)1536, (boolean)false, (boolean)true, (RenderType.CompositeState)RenderType.CompositeState.builder().setShaderState(RENDERTYPE_LIGHTNING_SHADER).setWriteMaskState(COLOR_WRITE).setTransparencyState(LIGHTNING_TRANSPARENCY).setCullState(NO_CULL).setOutputState(WEATHER_TARGET).createCompositeState(false));
                                                                                                                                                                                                                                                                                                                     ^
  symbol:   variable RENDERTYPE_LIGHTNING_SHADER
  location: class CMRenderTypes
G:\Proyectos\Mods_Minecraft\the_sundering\neoforge\26.2\src\main\java\com\skd\thesundering\client\render\CMRenderTypes.java:78: error: cannot find symbol
    public static final RenderType CM_LIGHTNING = CMRenderTypes.create((String)"cm_lightning", (VertexFormat)DefaultVertexFormat.POSITION_COLOR, (VertexFormat.Mode)VertexFormat.Mode.QUADS, (int)1536, (boolean)false, (boolean)true, (RenderType.CompositeState)RenderType.CompositeState.builder().setShaderState(RENDERTYPE_LIGHTNING_SHADER).setWriteMaskState(COLOR_WRITE).setTransparencyState(LIGHTNING_TRANSPARENCY).setCullState(NO_CULL).setOutputState(WEATHER_TARGET).createCompositeState(false));
                                                                                                                                                                                                                                                                            ^
  symbol:   variable CompositeState
  location: class RenderType
G:\Proyectos\Mods_Minecraft\the_sundering\neoforge\26.2\src\main\java\com\skd\thesundering\client\render\CMRenderTypes.java:79: error: cannot find symbol
    public static final Function<Identifier, RenderType> JELLY = Util.memoize(p_286169_ -> {
                                                                 ^
  symbol:   variable Util
  location: class CMRenderTypes
G:\Proyectos\Mods_Minecraft\the_sundering\neoforge\26.2\src\main\java\com\skd\thesundering\client\render\CMRenderTypes.java:80: error: cannot find symbol
        RenderType.CompositeState rendertype$compositestate = RenderType.CompositeState.builder().setShaderState(RENDERTYPE_ENERGY_SWIRL_SHADER).setTextureState((RenderStateShard.EmptyTextureStateShard)new RenderStateShard.TextureStateShard(p_286169_, false, false)).setTransparencyState(TRANSLUCENT_TRANSPARENCY).setCullState(NO_CULL).setWriteMaskState(COLOR_DEPTH_WRITE).setOverlayState(OVERLAY).createCompositeState(true);
                  ^
  symbol:   class CompositeState
  location: class RenderType
G:\Proyectos\Mods_Minecraft\the_sundering\neoforge\26.2\src\main\java\com\skd\thesundering\client\render\CMRenderTypes.java:80: error: cannot find symbol
        RenderType.CompositeState rendertype$compositestate = RenderType.CompositeState.builder().setShaderState(RENDERTYPE_ENERGY_SWIRL_SHADER).setTextureState((RenderStateShard.EmptyTextureStateShard)new RenderStateShard.TextureStateShard(p_286169_, false, false)).setTransparencyState(TRANSLUCENT_TRANSPARENCY).setCullState(NO_CULL).setWriteMaskState(COLOR_DEPTH_WRITE).setOverlayState(OVERLAY).createCompositeState(true);
                                                                                                                                                                                                                                                                                                                                                                                                     ^
  symbol:   variable OVERLAY
  location: class CMRenderTypes
G:\Proyectos\Mods_Minecraft\the_sundering\neoforge\26.2\src\main\java\com\skd\thesundering\client\render\CMRenderTypes.java:80: error: cannot find symbol
        RenderType.CompositeState rendertype$compositestate = RenderType.CompositeState.builder().setShaderState(RENDERTYPE_ENERGY_SWIRL_SHADER).setTextureState((RenderStateShard.EmptyTextureStateShard)new RenderStateShard.TextureStateShard(p_286169_, false, false)).setTransparencyState(TRANSLUCENT_TRANSPARENCY).setCullState(NO_CULL).setWriteMaskState(COLOR_DEPTH_WRITE).setOverlayState(OVERLAY).createCompositeState(true);
                                                                                                                                                                                                                                                                                                                                                                  ^
  symbol:   variable COLOR_DEPTH_WRITE
  location: class CMRenderTypes
G:\Proyectos\Mods_Minecraft\the_sundering\neoforge\26.2\src\main\java\com\skd\thesundering\client\render\CMRenderTypes.java:80: error: cannot find symbol
        RenderType.CompositeState rendertype$compositestate = RenderType.CompositeState.builder().setShaderState(RENDERTYPE_ENERGY_SWIRL_SHADER).setTextureState((RenderStateShard.EmptyTextureStateShard)new RenderStateShard.TextureStateShard(p_286169_, false, false)).setTransparencyState(TRANSLUCENT_TRANSPARENCY).setCullState(NO_CULL).setWriteMaskState(COLOR_DEPTH_WRITE).setOverlayState(OVERLAY).createCompositeState(true);
                                                                                                                                                                                                                                                                                                                                       ^
  symbol:   variable NO_CULL
  location: class CMRenderTypes
G:\Proyectos\Mods_Minecraft\the_sundering\neoforge\26.2\src\main\java\com\skd\thesundering\client\render\CMRenderTypes.java:80: error: cannot find symbol
        RenderType.CompositeState rendertype$compositestate = RenderType.CompositeState.builder().setShaderState(RENDERTYPE_ENERGY_SWIRL_SHADER).setTextureState((RenderStateShard.EmptyTextureStateShard)new RenderStateShard.TextureStateShard(p_286169_, false, false)).setTransparencyState(TRANSLUCENT_TRANSPARENCY).setCullState(NO_CULL).setWriteMaskState(COLOR_DEPTH_WRITE).setOverlayState(OVERLAY).createCompositeState(true);
                                                                                                                                                                                                                                                                                                ^
  symbol:   variable TRANSLUCENT_TRANSPARENCY
  location: class CMRenderTypes
G:\Proyectos\Mods_Minecraft\the_sundering\neoforge\26.2\src\main\java\com\skd\thesundering\client\render\CMRenderTypes.java:80: error: package RenderStateShard does not exist
        RenderType.CompositeState rendertype$compositestate = RenderType.CompositeState.builder().setShaderState(RENDERTYPE_ENERGY_SWIRL_SHADER).setTextureState((RenderStateShard.EmptyTextureStateShard)new RenderStateShard.TextureStateShard(p_286169_, false, false)).setTransparencyState(TRANSLUCENT_TRANSPARENCY).setCullState(NO_CULL).setWriteMaskState(COLOR_DEPTH_WRITE).setOverlayState(OVERLAY).createCompositeState(true);
                                                                                                                                                                                  ^
G:\Proyectos\Mods_Minecraft\the_sundering\neoforge\26.2\src\main\java\com\skd\thesundering\client\render\CMRenderTypes.java:80: error: package RenderStateShard does not exist
        RenderType.CompositeState rendertype$compositestate = RenderType.CompositeState.builder().setShaderState(RENDERTYPE_ENERGY_SWIRL_SHADER).setTextureState((RenderStateShard.EmptyTextureStateShard)new RenderStateShard.TextureStateShard(p_286169_, false, false)).setTransparencyState(TRANSLUCENT_TRANSPARENCY).setCullState(NO_CULL).setWriteMaskState(COLOR_DEPTH_WRITE).setOverlayState(OVERLAY).createCompositeState(true);
                                                                                                                                                                                                                              ^
G:\Proyectos\Mods_Minecraft\the_sundering\neoforge\26.2\src\main\java\com\skd\thesundering\client\render\CMRenderTypes.java:80: error: cannot find symbol
        RenderType.CompositeState rendertype$compositestate = RenderType.CompositeState.builder().setShaderState(RENDERTYPE_ENERGY_SWIRL_SHADER).setTextureState((RenderStateShard.EmptyTextureStateShard)new RenderStateShard.TextureStateShard(p_286169_, false, false)).setTransparencyState(TRANSLUCENT_TRANSPARENCY).setCullState(NO_CULL).setWriteMaskState(COLOR_DEPTH_WRITE).setOverlayState(OVERLAY).createCompositeState(true);
                                                                                                                 ^
  symbol:   variable RENDERTYPE_ENERGY_SWIRL_SHADER
  location: class CMRenderTypes
G:\Proyectos\Mods_Minecraft\the_sundering\neoforge\26.2\src\main\java\com\skd\thesundering\client\render\CMRenderTypes.java:80: error: cannot find symbol
        RenderType.CompositeState rendertype$compositestate = RenderType.CompositeState.builder().setShaderState(RENDERTYPE_ENERGY_SWIRL_SHADER).setTextureState((RenderStateShard.EmptyTextureStateShard)new RenderStateShard.TextureStateShard(p_286169_, false, false)).setTransparencyState(TRANSLUCENT_TRANSPARENCY).setCullState(NO_CULL).setWriteMaskState(COLOR_DEPTH_WRITE).setOverlayState(OVERLAY).createCompositeState(true);
                                                                        ^
  symbol:   variable CompositeState
  location: class RenderType
G:\Proyectos\Mods_Minecraft\the_sundering\neoforge\26.2\src\main\java\com\skd\thesundering\client\render\CMRenderTypes.java:81: error: cannot find symbol
        return CMRenderTypes.create((String)"jelly", (VertexFormat)DefaultVertexFormat.NEW_ENTITY, (VertexFormat.Mode)VertexFormat.Mode.QUADS, (int)1536, (boolean)true, (boolean)true, (RenderType.CompositeState)rendertype$compositestate);
                                                                                      ^
  symbol:   variable NEW_ENTITY
  location: class DefaultVertexFormat
G:\Proyectos\Mods_Minecraft\the_sundering\neoforge\26.2\src\main\java\com\skd\thesundering\client\render\CMRenderTypes.java:81: error: cannot find symbol
        return CMRenderTypes.create((String)"jelly", (VertexFormat)DefaultVertexFormat.NEW_ENTITY, (VertexFormat.Mode)VertexFormat.Mode.QUADS, (int)1536, (boolean)true, (boolean)true, (RenderType.CompositeState)rendertype$compositestate);
                                                                                                                ^
  symbol:   class Mode
  location: class VertexFormat
G:\Proyectos\Mods_Minecraft\the_sundering\neoforge\26.2\src\main\java\com\skd\thesundering\client\render\CMRenderTypes.java:81: error: cannot find symbol
        return CMRenderTypes.create((String)"jelly", (VertexFormat)DefaultVertexFormat.NEW_ENTITY, (VertexFormat.Mode)VertexFormat.Mode.QUADS, (int)1536, (boolean)true, (boolean)true, (RenderType.CompositeState)rendertype$compositestate);
                                                                                                                                  ^
  symbol:   variable Mode
  location: class VertexFormat
G:\Proyectos\Mods_Minecraft\the_sundering\neoforge\26.2\src\main\java\com\skd\thesundering\client\render\CMRenderTypes.java:81: error: cannot find symbol
        return CMRenderTypes.create((String)"jelly", (VertexFormat)DefaultVertexFormat.NEW_ENTITY, (VertexFormat.Mode)VertexFormat.Mode.QUADS, (int)1536, (boolean)true, (boolean)true, (RenderType.CompositeState)rendertype$compositestate);
                                                                                                                                                                                                   ^
  symbol:   class CompositeState
  location: class RenderType
G:\Proyectos\Mods_Minecraft\the_sundering\neoforge\26.2\src\main\java\com\skd\thesundering\client\render\CMRenderTypes.java:83: error: cannot find symbol
    public static final Function<Identifier, RenderType> GHOST = Util.memoize(p_286169_ -> {
                                                                 ^
  symbol:   variable Util
  location: class CMRenderTypes
G:\Proyectos\Mods_Minecraft\the_sundering\neoforge\26.2\src\main\java\com\skd\thesundering\client\render\CMRenderTypes.java:84: error: cannot find symbol
        RenderType.CompositeState rendertype$compositestate = RenderType.CompositeState.builder().setShaderState(RENDERTYPE_ENERGY_SWIRL_SHADER).setCullState(NO_CULL).setTextureState((RenderStateShard.EmptyTextureStateShard)new RenderStateShard.TextureStateShard(p_286169_, false, false)).setTransparencyState(TRANSLUCENT_TRANSPARENCY).setLightmapState(LIGHTMAP).setOverlayState(OVERLAY).setWriteMaskState(COLOR_DEPTH_WRITE).setDepthTestState(LEQUAL_DEPTH_TEST).setLayeringState(NO_LAYERING).createCompositeState(false);
                  ^
  symbol:   class CompositeState
  location: class RenderType
G:\Proyectos\Mods_Minecraft\the_sundering\neoforge\26.2\src\main\java\com\skd\thesundering\client\render\CMRenderTypes.java:84: error: cannot find symbol
        RenderType.CompositeState rendertype$compositestate = RenderType.CompositeState.builder().setShaderState(RENDERTYPE_ENERGY_SWIRL_SHADER).setCullState(NO_CULL).setTextureState((RenderStateShard.EmptyTextureStateShard)new RenderStateShard.TextureStateShard(p_286169_, false, false)).setTransparencyState(TRANSLUCENT_TRANSPARENCY).setLightmapState(LIGHTMAP).setOverlayState(OVERLAY).setWriteMaskState(COLOR_DEPTH_WRITE).setDepthTestState(LEQUAL_DEPTH_TEST).setLayeringState(NO_LAYERING).createCompositeState(false);
                                                                                                                                                                                                                                                                                                                                                                                                                                                                                               ^
  symbol:   variable NO_LAYERING
  location: class CMRenderTypes
G:\Proyectos\Mods_Minecraft\the_sundering\neoforge\26.2\src\main\java\com\skd\thesundering\client\render\CMRenderTypes.java:84: error: cannot find symbol
        RenderType.CompositeState rendertype$compositestate = RenderType.CompositeState.builder().setShaderState(RENDERTYPE_ENERGY_SWIRL_SHADER).setCullState(NO_CULL).setTextureState((RenderStateShard.EmptyTextureStateShard)new RenderStateShard.TextureStateShard(p_286169_, false, false)).setTransparencyState(TRANSLUCENT_TRANSPARENCY).setLightmapState(LIGHTMAP).setOverlayState(OVERLAY).setWriteMaskState(COLOR_DEPTH_WRITE).setDepthTestState(LEQUAL_DEPTH_TEST).setLayeringState(NO_LAYERING).createCompositeState(false);
                                                                                                                                                                                                                                                                                                                                                                                                                                                           ^
  symbol:   variable LEQUAL_DEPTH_TEST
  location: class CMRenderTypes
G:\Proyectos\Mods_Minecraft\the_sundering\neoforge\26.2\src\main\java\com\skd\thesundering\client\render\CMRenderTypes.java:84: error: cannot find symbol
        RenderType.CompositeState rendertype$compositestate = RenderType.CompositeState.builder().setShaderState(RENDERTYPE_ENERGY_SWIRL_SHADER).setCullState(NO_CULL).setTextureState((RenderStateShard.EmptyTextureStateShard)new RenderStateShard.TextureStateShard(p_286169_, false, false)).setTransparencyState(TRANSLUCENT_TRANSPARENCY).setLightmapState(LIGHTMAP).setOverlayState(OVERLAY).setWriteMaskState(COLOR_DEPTH_WRITE).setDepthTestState(LEQUAL_DEPTH_TEST).setLayeringState(NO_LAYERING).createCompositeState(false);
                                                                                                                                                                                                                                                                                                                                                                                                                      ^
  symbol:   variable COLOR_DEPTH_WRITE
  location: class CMRenderTypes
G:\Proyectos\Mods_Minecraft\the_sundering\neoforge\26.2\src\main\java\com\skd\thesundering\client\render\CMRenderTypes.java:84: error: cannot find symbol
        RenderType.CompositeState rendertype$compositestate = RenderType.CompositeState.builder().setShaderState(RENDERTYPE_ENERGY_SWIRL_SHADER).setCullState(NO_CULL).setTextureState((RenderStateShard.EmptyTextureStateShard)new RenderStateShard.TextureStateShard(p_286169_, false, false)).setTransparencyState(TRANSLUCENT_TRANSPARENCY).setLightmapState(LIGHTMAP).setOverlayState(OVERLAY).setWriteMaskState(COLOR_DEPTH_WRITE).setDepthTestState(LEQUAL_DEPTH_TEST).setLayeringState(NO_LAYERING).createCompositeState(false);
                                                                                                                                                                                                                                                                                                                                                                                           ^
  symbol:   variable OVERLAY
  location: class CMRenderTypes
G:\Proyectos\Mods_Minecraft\the_sundering\neoforge\26.2\src\main\java\com\skd\thesundering\client\render\CMRenderTypes.java:84: error: cannot find symbol
        RenderType.CompositeState rendertype$compositestate = RenderType.CompositeState.builder().setShaderState(RENDERTYPE_ENERGY_SWIRL_SHADER).setCullState(NO_CULL).setTextureState((RenderStateShard.EmptyTextureStateShard)new RenderStateShard.TextureStateShard(p_286169_, false, false)).setTransparencyState(TRANSLUCENT_TRANSPARENCY).setLightmapState(LIGHTMAP).setOverlayState(OVERLAY).setWriteMaskState(COLOR_DEPTH_WRITE).setDepthTestState(LEQUAL_DEPTH_TEST).setLayeringState(NO_LAYERING).createCompositeState(false);
                                                                                                                                                                                                                                                                                                                                                                 ^
  symbol:   variable LIGHTMAP
  location: class CMRenderTypes
G:\Proyectos\Mods_Minecraft\the_sundering\neoforge\26.2\src\main\java\com\skd\thesundering\client\render\CMRenderTypes.java:84: error: cannot find symbol
        RenderType.CompositeState rendertype$compositestate = RenderType.CompositeState.builder().setShaderState(RENDERTYPE_ENERGY_SWIRL_SHADER).setCullState(NO_CULL).setTextureState((RenderStateShard.EmptyTextureStateShard)new RenderStateShard.TextureStateShard(p_286169_, false, false)).setTransparencyState(TRANSLUCENT_TRANSPARENCY).setLightmapState(LIGHTMAP).setOverlayState(OVERLAY).setWriteMaskState(COLOR_DEPTH_WRITE).setDepthTestState(LEQUAL_DEPTH_TEST).setLayeringState(NO_LAYERING).createCompositeState(false);
                                                                                                                                                                                                                                                                                                                      ^
  symbol:   variable TRANSLUCENT_TRANSPARENCY
  location: class CMRenderTypes
G:\Proyectos\Mods_Minecraft\the_sundering\neoforge\26.2\src\main\java\com\skd\thesundering\client\render\CMRenderTypes.java:84: error: package RenderStateShard does not exist
        RenderType.CompositeState rendertype$compositestate = RenderType.CompositeState.builder().setShaderState(RENDERTYPE_ENERGY_SWIRL_SHADER).setCullState(NO_CULL).setTextureState((RenderStateShard.EmptyTextureStateShard)new RenderStateShard.TextureStateShard(p_286169_, false, false)).setTransparencyState(TRANSLUCENT_TRANSPARENCY).setLightmapState(LIGHTMAP).setOverlayState(OVERLAY).setWriteMaskState(COLOR_DEPTH_WRITE).setDepthTestState(LEQUAL_DEPTH_TEST).setLayeringState(NO_LAYERING).createCompositeState(false);
                                                                                                                                                                                                        ^
G:\Proyectos\Mods_Minecraft\the_sundering\neoforge\26.2\src\main\java\com\skd\thesundering\client\render\CMRenderTypes.java:84: error: package RenderStateShard does not exist
        RenderType.CompositeState rendertype$compositestate = RenderType.CompositeState.builder().setShaderState(RENDERTYPE_ENERGY_SWIRL_SHADER).setCullState(NO_CULL).setTextureState((RenderStateShard.EmptyTextureStateShard)new RenderStateShard.TextureStateShard(p_286169_, false, false)).setTransparencyState(TRANSLUCENT_TRANSPARENCY).setLightmapState(LIGHTMAP).setOverlayState(OVERLAY).setWriteMaskState(COLOR_DEPTH_WRITE).setDepthTestState(LEQUAL_DEPTH_TEST).setLayeringState(NO_LAYERING).createCompositeState(false);
                                                                                                                                                                                                                                                    ^
G:\Proyectos\Mods_Minecraft\the_sundering\neoforge\26.2\src\main\java\com\skd\thesundering\client\render\CMRenderTypes.java:84: error: cannot find symbol
        RenderType.CompositeState rendertype$compositestate = RenderType.CompositeState.builder().setShaderState(RENDERTYPE_ENERGY_SWIRL_SHADER).setCullState(NO_CULL).setTextureState((RenderStateShard.EmptyTextureStateShard)new RenderStateShard.TextureStateShard(p_286169_, false, false)).setTransparencyState(TRANSLUCENT_TRANSPARENCY).setLightmapState(LIGHTMAP).setOverlayState(OVERLAY).setWriteMaskState(COLOR_DEPTH_WRITE).setDepthTestState(LEQUAL_DEPTH_TEST).setLayeringState(NO_LAYERING).createCompositeState(false);
                                                                                                                                                              ^
  symbol:   variable NO_CULL
  location: class CMRenderTypes
G:\Proyectos\Mods_Minecraft\the_sundering\neoforge\26.2\src\main\java\com\skd\thesundering\client\render\CMRenderTypes.java:84: error: cannot find symbol
        RenderType.CompositeState rendertype$compositestate = RenderType.CompositeState.builder().setShaderState(RENDERTYPE_ENERGY_SWIRL_SHADER).setCullState(NO_CULL).setTextureState((RenderStateShard.EmptyTextureStateShard)new RenderStateShard.TextureStateShard(p_286169_, false, false)).setTransparencyState(TRANSLUCENT_TRANSPARENCY).setLightmapState(LIGHTMAP).setOverlayState(OVERLAY).setWriteMaskState(COLOR_DEPTH_WRITE).setDepthTestState(LEQUAL_DEPTH_TEST).setLayeringState(NO_LAYERING).createCompositeState(false);
                                                                                                                 ^
  symbol:   variable RENDERTYPE_ENERGY_SWIRL_SHADER
  location: class CMRenderTypes
G:\Proyectos\Mods_Minecraft\the_sundering\neoforge\26.2\src\main\java\com\skd\thesundering\client\render\CMRenderTypes.java:84: error: cannot find symbol
        RenderType.CompositeState rendertype$compositestate = RenderType.CompositeState.builder().setShaderState(RENDERTYPE_ENERGY_SWIRL_SHADER).setCullState(NO_CULL).setTextureState((RenderStateShard.EmptyTextureStateShard)new RenderStateShard.TextureStateShard(p_286169_, false, false)).setTransparencyState(TRANSLUCENT_TRANSPARENCY).setLightmapState(LIGHTMAP).setOverlayState(OVERLAY).setWriteMaskState(COLOR_DEPTH_WRITE).setDepthTestState(LEQUAL_DEPTH_TEST).setLayeringState(NO_LAYERING).createCompositeState(false);
                                                                        ^
  symbol:   variable CompositeState
  location: class RenderType
G:\Proyectos\Mods_Minecraft\the_sundering\neoforge\26.2\src\main\java\com\skd\thesundering\client\render\CMRenderTypes.java:85: error: cannot find symbol
        return CMRenderTypes.create((String)"ghost", (VertexFormat)DefaultVertexFormat.NEW_ENTITY, (VertexFormat.Mode)VertexFormat.Mode.QUADS, (int)1536, (boolean)true, (boolean)true, (RenderType.CompositeState)rendertype$compositestate);
                                                                                      ^
  symbol:   variable NEW_ENTITY
  location: class DefaultVertexFormat
G:\Proyectos\Mods_Minecraft\the_sundering\neoforge\26.2\src\main\java\com\skd\thesundering\client\render\CMRenderTypes.java:85: error: cannot find symbol
        return CMRenderTypes.create((String)"ghost", (VertexFormat)DefaultVertexFormat.NEW_ENTITY, (VertexFormat.Mode)VertexFormat.Mode.QUADS, (int)1536, (boolean)true, (boolean)true, (RenderType.CompositeState)rendertype$compositestate);
                                                                                                                ^
  symbol:   class Mode
  location: class VertexFormat
G:\Proyectos\Mods_Minecraft\the_sundering\neoforge\26.2\src\main\java\com\skd\thesundering\client\render\CMRenderTypes.java:85: error: cannot find symbol
        return CMRenderTypes.create((String)"ghost", (VertexFormat)DefaultVertexFormat.NEW_ENTITY, (VertexFormat.Mode)VertexFormat.Mode.QUADS, (int)1536, (boolean)true, (boolean)true, (RenderType.CompositeState)rendertype$compositestate);
                                                                                                                                  ^
  symbol:   variable Mode
  location: class VertexFormat
G:\Proyectos\Mods_Minecraft\the_sundering\neoforge\26.2\src\main\java\com\skd\thesundering\client\render\CMRenderTypes.java:85: error: cannot find symbol
        return CMRenderTypes.create((String)"ghost", (VertexFormat)DefaultVertexFormat.NEW_ENTITY, (VertexFormat.Mode)VertexFormat.Mode.QUADS, (int)1536, (boolean)true, (boolean)true, (RenderType.CompositeState)rendertype$compositestate);
                                                                                                                                                                                                   ^
  symbol:   class CompositeState
  location: class RenderType
G:\Proyectos\Mods_Minecraft\the_sundering\neoforge\26.2\src\main\java\com\skd\thesundering\client\render\CMRenderTypes.java:87: error: cannot find symbol
    public static final Function<Identifier, RenderType> DRAGON_DEATH = Util.memoize(p_286169_ -> {
                                                                        ^
  symbol:   variable Util
  location: class CMRenderTypes
G:\Proyectos\Mods_Minecraft\the_sundering\neoforge\26.2\src\main\java\com\skd\thesundering\client\render\CMRenderTypes.java:88: error: cannot find symbol
        RenderType.CompositeState rendertype$compositestate = RenderType.CompositeState.builder().setShaderState(RENDERTYPE_ENERGY_SWIRL_SHADER).setTextureState((RenderStateShard.EmptyTextureStateShard)new RenderStateShard.TextureStateShard(p_286169_, false, false)).setCullState(NO_CULL).createCompositeState(true);
                  ^
  symbol:   class CompositeState
  location: class RenderType
G:\Proyectos\Mods_Minecraft\the_sundering\neoforge\26.2\src\main\java\com\skd\thesundering\client\render\CMRenderTypes.java:88: error: cannot find symbol
        RenderType.CompositeState rendertype$compositestate = RenderType.CompositeState.builder().setShaderState(RENDERTYPE_ENERGY_SWIRL_SHADER).setTextureState((RenderStateShard.EmptyTextureStateShard)new RenderStateShard.TextureStateShard(p_286169_, false, false)).setCullState(NO_CULL).createCompositeState(true);
                                                                                                                                                                                                                                                                                        ^
  symbol:   variable NO_CULL
  location: class CMRenderTypes
G:\Proyectos\Mods_Minecraft\the_sundering\neoforge\26.2\src\main\java\com\skd\thesundering\client\render\CMRenderTypes.java:88: error: package RenderStateShard does not exist
        RenderType.CompositeState rendertype$compositestate = RenderType.CompositeState.builder().setShaderState(RENDERTYPE_ENERGY_SWIRL_SHADER).setTextureState((RenderStateShard.EmptyTextureStateShard)new RenderStateShard.TextureStateShard(p_286169_, false, false)).setCullState(NO_CULL).createCompositeState(true);
                                                                                                                                                                                  ^
G:\Proyectos\Mods_Minecraft\the_sundering\neoforge\26.2\src\main\java\com\skd\thesundering\client\render\CMRenderTypes.java:88: error: package RenderStateShard does not exist
        RenderType.CompositeState rendertype$compositestate = RenderType.CompositeState.builder().setShaderState(RENDERTYPE_ENERGY_SWIRL_SHADER).setTextureState((RenderStateShard.EmptyTextureStateShard)new RenderStateShard.TextureStateShard(p_286169_, false, false)).setCullState(NO_CULL).createCompositeState(true);
                                                                                                                                                                                                                              ^
G:\Proyectos\Mods_Minecraft\the_sundering\neoforge\26.2\src\main\java\com\skd\thesundering\client\render\CMRenderTypes.java:88: error: cannot find symbol
        RenderType.CompositeState rendertype$compositestate = RenderType.CompositeState.builder().setShaderState(RENDERTYPE_ENERGY_SWIRL_SHADER).setTextureState((RenderStateShard.EmptyTextureStateShard)new RenderStateShard.TextureStateShard(p_286169_, false, false)).setCullState(NO_CULL).createCompositeState(true);
                                                                                                                 ^
  symbol:   variable RENDERTYPE_ENERGY_SWIRL_SHADER
  location: class CMRenderTypes
G:\Proyectos\Mods_Minecraft\the_sundering\neoforge\26.2\src\main\java\com\skd\thesundering\client\render\CMRenderTypes.java:88: error: cannot find symbol
        RenderType.CompositeState rendertype$compositestate = RenderType.CompositeState.builder().setShaderState(RENDERTYPE_ENERGY_SWIRL_SHADER).setTextureState((RenderStateShard.EmptyTextureStateShard)new RenderStateShard.TextureStateShard(p_286169_, false, false)).setCullState(NO_CULL).createCompositeState(true);
                                                                        ^
  symbol:   variable CompositeState
  location: class RenderType
G:\Proyectos\Mods_Minecraft\the_sundering\neoforge\26.2\src\main\java\com\skd\thesundering\client\render\CMRenderTypes.java:89: error: cannot find symbol
        return CMRenderTypes.create((String)"dragon_death", (VertexFormat)DefaultVertexFormat.NEW_ENTITY, (VertexFormat.Mode)VertexFormat.Mode.QUADS, (int)1536, (boolean)false, (boolean)false, (RenderType.CompositeState)rendertype$compositestate);
                                                                                             ^
  symbol:   variable NEW_ENTITY
  location: class DefaultVertexFormat
G:\Proyectos\Mods_Minecraft\the_sundering\neoforge\26.2\src\main\java\com\skd\thesundering\client\render\CMRenderTypes.java:89: error: cannot find symbol
        return CMRenderTypes.create((String)"dragon_death", (VertexFormat)DefaultVertexFormat.NEW_ENTITY, (VertexFormat.Mode)VertexFormat.Mode.QUADS, (int)1536, (boolean)false, (boolean)false, (RenderType.CompositeState)rendertype$compositestate);
                                                                                                                       ^
  symbol:   class Mode
  location: class VertexFormat
G:\Proyectos\Mods_Minecraft\the_sundering\neoforge\26.2\src\main\java\com\skd\thesundering\client\render\CMRenderTypes.java:89: error: cannot find symbol
        return CMRenderTypes.create((String)"dragon_death", (VertexFormat)DefaultVertexFormat.NEW_ENTITY, (VertexFormat.Mode)VertexFormat.Mode.QUADS, (int)1536, (boolean)false, (boolean)false, (RenderType.CompositeState)rendertype$compositestate);
                                                                                                                                         ^
  symbol:   variable Mode
  location: class VertexFormat
G:\Proyectos\Mods_Minecraft\the_sundering\neoforge\26.2\src\main\java\com\skd\thesundering\client\render\CMRenderTypes.java:89: error: cannot find symbol
        return CMRenderTypes.create((String)"dragon_death", (VertexFormat)DefaultVertexFormat.NEW_ENTITY, (VertexFormat.Mode)VertexFormat.Mode.QUADS, (int)1536, (boolean)false, (boolean)false, (RenderType.CompositeState)rendertype$compositestate);
                                                                                                                                                                                                            ^
  symbol:   class CompositeState
  location: class RenderType
G:\Proyectos\Mods_Minecraft\the_sundering\neoforge\26.2\src\main\java\com\skd\thesundering\client\render\CMRenderTypes.java:91: error: cannot find symbol
    public static final Function<Identifier, RenderType> SHOCK_WAVE = Util.memoize(p_286169_ -> {
                                                                      ^
  symbol:   variable Util
  location: class CMRenderTypes
G:\Proyectos\Mods_Minecraft\the_sundering\neoforge\26.2\src\main\java\com\skd\thesundering\client\render\CMRenderTypes.java:92: error: cannot find symbol
        RenderType.CompositeState rendertype$compositestate = RenderType.CompositeState.builder().setShaderState(RENDERTYPE_ENERGY_SWIRL_SHADER).setCullState(NO_CULL).setTextureState((RenderStateShard.EmptyTextureStateShard)new RenderStateShard.TextureStateShard(Identifier.fromNamespaceAndPath((String)"cataclysm", (String)"textures/particle/shock_wave.png"), true, true)).setTransparencyState(TRANSLUCENT_TRANSPARENCY).setLightmapState(LIGHTMAP).setOverlayState(OVERLAY).setWriteMaskState(COLOR_WRITE).setDepthTestState(LEQUAL_DEPTH_TEST).setLayeringState(VIEW_OFFSET_Z_LAYERING).createCompositeState(false);
                  ^
  symbol:   class CompositeState
  location: class RenderType
G:\Proyectos\Mods_Minecraft\the_sundering\neoforge\26.2\src\main\java\com\skd\thesundering\client\render\CMRenderTypes.java:92: error: cannot find symbol
        RenderType.CompositeState rendertype$compositestate = RenderType.CompositeState.builder().setShaderState(RENDERTYPE_ENERGY_SWIRL_SHADER).setCullState(NO_CULL).setTextureState((RenderStateShard.EmptyTextureStateShard)new RenderStateShard.TextureStateShard(Identifier.fromNamespaceAndPath((String)"cataclysm", (String)"textures/particle/shock_wave.png"), true, true)).setTransparencyState(TRANSLUCENT_TRANSPARENCY).setLightmapState(LIGHTMAP).setOverlayState(OVERLAY).setWriteMaskState(COLOR_WRITE).setDepthTestState(LEQUAL_DEPTH_TEST).setLayeringState(VIEW_OFFSET_Z_LAYERING).createCompositeState(false);
                                                                                                                                                                                                                                                                                                                                                                                                                                                                                                                                                                              ^
  symbol:   variable VIEW_OFFSET_Z_LAYERING
  location: class CMRenderTypes
G:\Proyectos\Mods_Minecraft\the_sundering\neoforge\26.2\src\main\java\com\skd\thesundering\client\render\CMRenderTypes.java:92: error: cannot find symbol
        RenderType.CompositeState rendertype$compositestate = RenderType.CompositeState.builder().setShaderState(RENDERTYPE_ENERGY_SWIRL_SHADER).setCullState(NO_CULL).setTextureState((RenderStateShard.EmptyTextureStateShard)new RenderStateShard.TextureStateShard(Identifier.fromNamespaceAndPath((String)"cataclysm", (String)"textures/particle/shock_wave.png"), true, true)).setTransparencyState(TRANSLUCENT_TRANSPARENCY).setLightmapState(LIGHTMAP).setOverlayState(OVERLAY).setWriteMaskState(COLOR_WRITE).setDepthTestState(LEQUAL_DEPTH_TEST).setLayeringState(VIEW_OFFSET_Z_LAYERING).createCompositeState(false);
                                                                                                                                                                                                                                                                                                                                                                                                                                                                                                                                          ^
  symbol:   variable LEQUAL_DEPTH_TEST
  location: class CMRenderTypes
G:\Proyectos\Mods_Minecraft\the_sundering\neoforge\26.2\src\main\java\com\skd\thesundering\client\render\CMRenderTypes.java:92: error: cannot find symbol
        RenderType.CompositeState rendertype$compositestate = RenderType.CompositeState.builder().setShaderState(RENDERTYPE_ENERGY_SWIRL_SHADER).setCullState(NO_CULL).setTextureState((RenderStateShard.EmptyTextureStateShard)new RenderStateShard.TextureStateShard(Identifier.fromNamespaceAndPath((String)"cataclysm", (String)"textures/particle/shock_wave.png"), true, true)).setTransparencyState(TRANSLUCENT_TRANSPARENCY).setLightmapState(LIGHTMAP).setOverlayState(OVERLAY).setWriteMaskState(COLOR_WRITE).setDepthTestState(LEQUAL_DEPTH_TEST).setLayeringState(VIEW_OFFSET_Z_LAYERING).createCompositeState(false);
                                                                                                                                                                                                                                                                                                                                                                                                                                                                                                           ^
  symbol:   variable COLOR_WRITE
  location: class CMRenderTypes
G:\Proyectos\Mods_Minecraft\the_sundering\neoforge\26.2\src\main\java\com\skd\thesundering\client\render\CMRenderTypes.java:92: error: cannot find symbol
        RenderType.CompositeState rendertype$compositestate = RenderType.CompositeState.builder().setShaderState(RENDERTYPE_ENERGY_SWIRL_SHADER).setCullState(NO_CULL).setTextureState((RenderStateShard.EmptyTextureStateShard)new RenderStateShard.TextureStateShard(Identifier.fromNamespaceAndPath((String)"cataclysm", (String)"textures/particle/shock_wave.png"), true, true)).setTransparencyState(TRANSLUCENT_TRANSPARENCY).setLightmapState(LIGHTMAP).setOverlayState(OVERLAY).setWriteMaskState(COLOR_WRITE).setDepthTestState(LEQUAL_DEPTH_TEST).setLayeringState(VIEW_OFFSET_Z_LAYERING).createCompositeState(false);
                                                                                                                                                                                                                                                                                                                                                                                                                                                                                ^
  symbol:   variable OVERLAY
  location: class CMRenderTypes
G:\Proyectos\Mods_Minecraft\the_sundering\neoforge\26.2\src\main\java\com\skd\thesundering\client\render\CMRenderTypes.java:92: error: cannot find symbol
        RenderType.CompositeState rendertype$compositestate = RenderType.CompositeState.builder().setShaderState(RENDERTYPE_ENERGY_SWIRL_SHADER).setCullState(NO_CULL).setTextureState((RenderStateShard.EmptyTextureStateShard)new RenderStateShard.TextureStateShard(Identifier.fromNamespaceAndPath((String)"cataclysm", (String)"textures/particle/shock_wave.png"), true, true)).setTransparencyState(TRANSLUCENT_TRANSPARENCY).setLightmapState(LIGHTMAP).setOverlayState(OVERLAY).setWriteMaskState(COLOR_WRITE).setDepthTestState(LEQUAL_DEPTH_TEST).setLayeringState(VIEW_OFFSET_Z_LAYERING).createCompositeState(false);
                                                                                                                                                                                                                                                                                                                                                                                                                                                      ^
  symbol:   variable LIGHTMAP
  location: class CMRenderTypes
G:\Proyectos\Mods_Minecraft\the_sundering\neoforge\26.2\src\main\java\com\skd\thesundering\client\render\CMRenderTypes.java:92: error: cannot find symbol
        RenderType.CompositeState rendertype$compositestate = RenderType.CompositeState.builder().setShaderState(RENDERTYPE_ENERGY_SWIRL_SHADER).setCullState(NO_CULL).setTextureState((RenderStateShard.EmptyTextureStateShard)new RenderStateShard.TextureStateShard(Identifier.fromNamespaceAndPath((String)"cataclysm", (String)"textures/particle/shock_wave.png"), true, true)).setTransparencyState(TRANSLUCENT_TRANSPARENCY).setLightmapState(LIGHTMAP).setOverlayState(OVERLAY).setWriteMaskState(COLOR_WRITE).setDepthTestState(LEQUAL_DEPTH_TEST).setLayeringState(VIEW_OFFSET_Z_LAYERING).createCompositeState(false);
                                                                                                                                                                                                                                                                                                                                                                                                           ^
  symbol:   variable TRANSLUCENT_TRANSPARENCY
  location: class CMRenderTypes
G:\Proyectos\Mods_Minecraft\the_sundering\neoforge\26.2\src\main\java\com\skd\thesundering\client\render\CMRenderTypes.java:92: error: package RenderStateShard does not exist
        RenderType.CompositeState rendertype$compositestate = RenderType.CompositeState.builder().setShaderState(RENDERTYPE_ENERGY_SWIRL_SHADER).setCullState(NO_CULL).setTextureState((RenderStateShard.EmptyTextureStateShard)new RenderStateShard.TextureStateShard(Identifier.fromNamespaceAndPath((String)"cataclysm", (String)"textures/particle/shock_wave.png"), true, true)).setTransparencyState(TRANSLUCENT_TRANSPARENCY).setLightmapState(LIGHTMAP).setOverlayState(OVERLAY).setWriteMaskState(COLOR_WRITE).setDepthTestState(LEQUAL_DEPTH_TEST).setLayeringState(VIEW_OFFSET_Z_LAYERING).createCompositeState(false);
                                                                                                                                                                                                        ^
G:\Proyectos\Mods_Minecraft\the_sundering\neoforge\26.2\src\main\java\com\skd\thesundering\client\render\CMRenderTypes.java:92: error: package RenderStateShard does not exist
        RenderType.CompositeState rendertype$compositestate = RenderType.CompositeState.builder().setShaderState(RENDERTYPE_ENERGY_SWIRL_SHADER).setCullState(NO_CULL).setTextureState((RenderStateShard.EmptyTextureStateShard)new RenderStateShard.TextureStateShard(Identifier.fromNamespaceAndPath((String)"cataclysm", (String)"textures/particle/shock_wave.png"), true, true)).setTransparencyState(TRANSLUCENT_TRANSPARENCY).setLightmapState(LIGHTMAP).setOverlayState(OVERLAY).setWriteMaskState(COLOR_WRITE).setDepthTestState(LEQUAL_DEPTH_TEST).setLayeringState(VIEW_OFFSET_Z_LAYERING).createCompositeState(false);
                                                                                                                                                                                                                                                    ^
G:\Proyectos\Mods_Minecraft\the_sundering\neoforge\26.2\src\main\java\com\skd\thesundering\client\render\CMRenderTypes.java:92: error: cannot find symbol
        RenderType.CompositeState rendertype$compositestate = RenderType.CompositeState.builder().setShaderState(RENDERTYPE_ENERGY_SWIRL_SHADER).setCullState(NO_CULL).setTextureState((RenderStateShard.EmptyTextureStateShard)new RenderStateShard.TextureStateShard(Identifier.fromNamespaceAndPath((String)"cataclysm", (String)"textures/particle/shock_wave.png"), true, true)).setTransparencyState(TRANSLUCENT_TRANSPARENCY).setLightmapState(LIGHTMAP).setOverlayState(OVERLAY).setWriteMaskState(COLOR_WRITE).setDepthTestState(LEQUAL_DEPTH_TEST).setLayeringState(VIEW_OFFSET_Z_LAYERING).createCompositeState(false);
                                                                                                                                                              ^
  symbol:   variable NO_CULL
  location: class CMRenderTypes
G:\Proyectos\Mods_Minecraft\the_sundering\neoforge\26.2\src\main\java\com\skd\thesundering\client\render\CMRenderTypes.java:92: error: cannot find symbol
        RenderType.CompositeState rendertype$compositestate = RenderType.CompositeState.builder().setShaderState(RENDERTYPE_ENERGY_SWIRL_SHADER).setCullState(NO_CULL).setTextureState((RenderStateShard.EmptyTextureStateShard)new RenderStateShard.TextureStateShard(Identifier.fromNamespaceAndPath((String)"cataclysm", (String)"textures/particle/shock_wave.png"), true, true)).setTransparencyState(TRANSLUCENT_TRANSPARENCY).setLightmapState(LIGHTMAP).setOverlayState(OVERLAY).setWriteMaskState(COLOR_WRITE).setDepthTestState(LEQUAL_DEPTH_TEST).setLayeringState(VIEW_OFFSET_Z_LAYERING).createCompositeState(false);
                                                                                                                 ^
  symbol:   variable RENDERTYPE_ENERGY_SWIRL_SHADER
  location: class CMRenderTypes
G:\Proyectos\Mods_Minecraft\the_sundering\neoforge\26.2\src\main\java\com\skd\thesundering\client\render\CMRenderTypes.java:92: error: cannot find symbol
        RenderType.CompositeState rendertype$compositestate = RenderType.CompositeState.builder().setShaderState(RENDERTYPE_ENERGY_SWIRL_SHADER).setCullState(NO_CULL).setTextureState((RenderStateShard.EmptyTextureStateShard)new RenderStateShard.TextureStateShard(Identifier.fromNamespaceAndPath((String)"cataclysm", (String)"textures/particle/shock_wave.png"), true, true)).setTransparencyState(TRANSLUCENT_TRANSPARENCY).setLightmapState(LIGHTMAP).setOverlayState(OVERLAY).setWriteMaskState(COLOR_WRITE).setDepthTestState(LEQUAL_DEPTH_TEST).setLayeringState(VIEW_OFFSET_Z_LAYERING).createCompositeState(false);
                                                                        ^
  symbol:   variable CompositeState
  location: class RenderType
G:\Proyectos\Mods_Minecraft\the_sundering\neoforge\26.2\src\main\java\com\skd\thesundering\client\render\CMRenderTypes.java:93: error: cannot find symbol
        return CMRenderTypes.create((String)"shock_wave", (VertexFormat)DefaultVertexFormat.NEW_ENTITY, (VertexFormat.Mode)VertexFormat.Mode.QUADS, (int)256, (boolean)true, (boolean)true, (RenderType.CompositeState)rendertype$compositestate);
                                                                                           ^
  symbol:   variable NEW_ENTITY
  location: class DefaultVertexFormat
G:\Proyectos\Mods_Minecraft\the_sundering\neoforge\26.2\src\main\java\com\skd\thesundering\client\render\CMRenderTypes.java:93: error: cannot find symbol
        return CMRenderTypes.create((String)"shock_wave", (VertexFormat)DefaultVertexFormat.NEW_ENTITY, (VertexFormat.Mode)VertexFormat.Mode.QUADS, (int)256, (boolean)true, (boolean)true, (RenderType.CompositeState)rendertype$compositestate);
                                                                                                                     ^
  symbol:   class Mode
  location: class VertexFormat
G:\Proyectos\Mods_Minecraft\the_sundering\neoforge\26.2\src\main\java\com\skd\thesundering\client\render\CMRenderTypes.java:93: error: cannot find symbol
        return CMRenderTypes.create((String)"shock_wave", (VertexFormat)DefaultVertexFormat.NEW_ENTITY, (VertexFormat.Mode)VertexFormat.Mode.QUADS, (int)256, (boolean)true, (boolean)true, (RenderType.CompositeState)rendertype$compositestate);
                                                                                                                                       ^
  symbol:   variable Mode
  location: class VertexFormat
G:\Proyectos\Mods_Minecraft\the_sundering\neoforge\26.2\src\main\java\com\skd\thesundering\client\render\CMRenderTypes.java:93: error: cannot find symbol
        return CMRenderTypes.create((String)"shock_wave", (VertexFormat)DefaultVertexFormat.NEW_ENTITY, (VertexFormat.Mode)VertexFormat.Mode.QUADS, (int)256, (boolean)true, (boolean)true, (RenderType.CompositeState)rendertype$compositestate);
                                                                                                                                                                                                       ^
  symbol:   class CompositeState
  location: class RenderType
G:\Proyectos\Mods_Minecraft\the_sundering\neoforge\26.2\src\main\java\com\skd\thesundering\client\render\CMRenderTypes.java:95: error: constructor ParticleRenderType in record ParticleRenderType cannot be applied to given types;
    public static ParticleRenderType PARTICLE_SHEET_TRANSLUCENT_NO_DEPTH = new ParticleRenderType(){
                                                                           ^
  required: String,String
  found:    no arguments
  reason: actual and formal argument lists differ in length
G:\Proyectos\Mods_Minecraft\the_sundering\neoforge\26.2\src\main\java\com\skd\thesundering\client\render\CMRenderTypes.java:95: error: cannot inherit from final ParticleRenderType
    public static ParticleRenderType PARTICLE_SHEET_TRANSLUCENT_NO_DEPTH = new ParticleRenderType(){
                                                                               ^
G:\Proyectos\Mods_Minecraft\the_sundering\neoforge\26.2\src\main\java\com\skd\thesundering\client\render\CMRenderTypes.java:97: error: cannot find symbol
        public BufferBuilder begin(Tesselator p_350576_, TextureManager p_107449_) {
                                   ^
  symbol: class Tesselator
G:\Proyectos\Mods_Minecraft\the_sundering\neoforge\26.2\src\main\java\com\skd\thesundering\client\render\CMRenderTypes.java:98: error: cannot find symbol
            Minecraft.getInstance().gameRenderer.lightTexture().turnOnLightLayer();
                                                ^
  symbol:   method lightTexture()
  location: variable gameRenderer of type GameRenderer
G:\Proyectos\Mods_Minecraft\the_sundering\neoforge\26.2\src\main\java\com\skd\thesundering\client\render\CMRenderTypes.java:99: error: cannot find symbol
            RenderSystem.enableDepthTest();
                        ^
  symbol:   method enableDepthTest()
  location: class RenderSystem
G:\Proyectos\Mods_Minecraft\the_sundering\neoforge\26.2\src\main\java\com\skd\thesundering\client\render\CMRenderTypes.java:100: error: cannot find symbol
            RenderSystem.depthMask((boolean)false);
                        ^
  symbol:   method depthMask(boolean)
  location: class RenderSystem
G:\Proyectos\Mods_Minecraft\the_sundering\neoforge\26.2\src\main\java\com\skd\thesundering\client\render\CMRenderTypes.java:101: error: cannot find symbol
            RenderSystem.disableCull();
                        ^
  symbol:   method disableCull()
  location: class RenderSystem
G:\Proyectos\Mods_Minecraft\the_sundering\neoforge\26.2\src\main\java\com\skd\thesundering\client\render\CMRenderTypes.java:102: error: cannot find symbol
            RenderSystem.setShaderTexture((int)0, (Identifier)TextureAtlas.LOCATION_PARTICLES);
                        ^
  symbol:   method setShaderTexture(int,Identifier)
  location: class RenderSystem
G:\Proyectos\Mods_Minecraft\the_sundering\neoforge\26.2\src\main\java\com\skd\thesundering\client\render\CMRenderTypes.java:103: error: cannot find symbol
            RenderSystem.enableBlend();
                        ^
  symbol:   method enableBlend()
  location: class RenderSystem
G:\Proyectos\Mods_Minecraft\the_sundering\neoforge\26.2\src\main\java\com\skd\thesundering\client\render\CMRenderTypes.java:104: error: package GlStateManager does not exist
            RenderSystem.blendFunc((GlStateManager.SourceFactor)GlStateManager.SourceFactor.SRC_ALPHA, (GlStateManager.DestFactor)GlStateManager.DestFactor.ONE_MINUS_SRC_ALPHA);
                                                  ^
G:\Proyectos\Mods_Minecraft\the_sundering\neoforge\26.2\src\main\java\com\skd\thesundering\client\render\CMRenderTypes.java:104: error: package GlStateManager does not exist
            RenderSystem.blendFunc((GlStateManager.SourceFactor)GlStateManager.SourceFactor.SRC_ALPHA, (GlStateManager.DestFactor)GlStateManager.DestFactor.ONE_MINUS_SRC_ALPHA);
                                                                              ^
G:\Proyectos\Mods_Minecraft\the_sundering\neoforge\26.2\src\main\java\com\skd\thesundering\client\render\CMRenderTypes.java:104: error: package GlStateManager does not exist
            RenderSystem.blendFunc((GlStateManager.SourceFactor)GlStateManager.SourceFactor.SRC_ALPHA, (GlStateManager.DestFactor)GlStateManager.DestFactor.ONE_MINUS_SRC_ALPHA);
                                                                                                                      ^
G:\Proyectos\Mods_Minecraft\the_sundering\neoforge\26.2\src\main\java\com\skd\thesundering\client\render\CMRenderTypes.java:104: error: package GlStateManager does not exist
            RenderSystem.blendFunc((GlStateManager.SourceFactor)GlStateManager.SourceFactor.SRC_ALPHA, (GlStateManager.DestFactor)GlStateManager.DestFactor.ONE_MINUS_SRC_ALPHA);
                                                                                                                                                ^
G:\Proyectos\Mods_Minecraft\the_sundering\neoforge\26.2\src\main\java\com\skd\thesundering\client\render\CMRenderTypes.java:105: error: cannot find symbol
            return p_350576_.begin(VertexFormat.Mode.QUADS, DefaultVertexFormat.PARTICLE);
                                               ^
  symbol:   variable Mode
  location: class VertexFormat
G:\Proyectos\Mods_Minecraft\the_sundering\neoforge\26.2\src\main\java\com\skd\thesundering\client\render\CMRenderTypes.java:108: error: toString() in <anonymous com.skd.thesundering.client.render.CMRenderTypes$1> cannot override toString() in ParticleRenderType
        public String toString() {
                      ^
  overridden method is final
G:\Proyectos\Mods_Minecraft\the_sundering\neoforge\26.2\src\main\java\com\skd\thesundering\client\render\CMRenderTypes.java:162: error: cannot find symbol
        RenderType.CompositeState renderState = RenderType.CompositeState.builder().setShaderState(RENDERTYPE_ENERGY_SWIRL_SHADER).setCullState(NO_CULL).setTextureState((RenderStateShard.EmptyTextureStateShard)new RenderStateShard.TextureStateShard(Identifier.fromNamespaceAndPath((String)"cataclysm", (String)"textures/particle/shock_wave.png"), true, true)).setTransparencyState(TRANSLUCENT_TRANSPARENCY).setLightmapState(LIGHTMAP).setOverlayState(OVERLAY).setWriteMaskState(COLOR_WRITE).setDepthTestState(LEQUAL_DEPTH_TEST).setLayeringState(VIEW_OFFSET_Z_LAYERING).createCompositeState(false);
                  ^
  symbol:   class CompositeState
  location: class RenderType
G:\Proyectos\Mods_Minecraft\the_sundering\neoforge\26.2\src\main\java\com\skd\thesundering\client\render\CMRenderTypes.java:162: error: cannot find symbol
        RenderType.CompositeState renderState = RenderType.CompositeState.builder().setShaderState(RENDERTYPE_ENERGY_SWIRL_SHADER).setCullState(NO_CULL).setTextureState((RenderStateShard.EmptyTextureStateShard)new RenderStateShard.TextureStateShard(Identifier.fromNamespaceAndPath((String)"cataclysm", (String)"textures/particle/shock_wave.png"), true, true)).setTransparencyState(TRANSLUCENT_TRANSPARENCY).setLightmapState(LIGHTMAP).setOverlayState(OVERLAY).setWriteMaskState(COLOR_WRITE).setDepthTestState(LEQUAL_DEPTH_TEST).setLayeringState(VIEW_OFFSET_Z_LAYERING).createCompositeState(false);
                                                                                                                                                                                                                                                                                                                                                                                                                                                                                                                                                                ^
  symbol:   variable VIEW_OFFSET_Z_LAYERING
  location: class CMRenderTypes
G:\Proyectos\Mods_Minecraft\the_sundering\neoforge\26.2\src\main\java\com\skd\thesundering\client\render\CMRenderTypes.java:162: error: cannot find symbol
        RenderType.CompositeState renderState = RenderType.CompositeState.builder().setShaderState(RENDERTYPE_ENERGY_SWIRL_SHADER).setCullState(NO_CULL).setTextureState((RenderStateShard.EmptyTextureStateShard)new RenderStateShard.TextureStateShard(Identifier.fromNamespaceAndPath((String)"cataclysm", (String)"textures/particle/shock_wave.png"), true, true)).setTransparencyState(TRANSLUCENT_TRANSPARENCY).setLightmapState(LIGHTMAP).setOverlayState(OVERLAY).setWriteMaskState(COLOR_WRITE).setDepthTestState(LEQUAL_DEPTH_TEST).setLayeringState(VIEW_OFFSET_Z_LAYERING).createCompositeState(false);
                                                                                                                                                                                                                                                                                                                                                                                                                                                                                                                            ^
  symbol:   variable LEQUAL_DEPTH_TEST
  location: class CMRenderTypes
G:\Proyectos\Mods_Minecraft\the_sundering\neoforge\26.2\src\main\java\com\skd\thesundering\client\render\CMRenderTypes.java:162: error: cannot find symbol
        RenderType.CompositeState renderState = RenderType.CompositeState.builder().setShaderState(RENDERTYPE_ENERGY_SWIRL_SHADER).setCullState(NO_CULL).setTextureState((RenderStateShard.EmptyTextureStateShard)new RenderStateShard.TextureStateShard(Identifier.fromNamespaceAndPath((String)"cataclysm", (String)"textures/particle/shock_wave.png"), true, true)).setTransparencyState(TRANSLUCENT_TRANSPARENCY).setLightmapState(LIGHTMAP).setOverlayState(OVERLAY).setWriteMaskState(COLOR_WRITE).setDepthTestState(LEQUAL_DEPTH_TEST).setLayeringState(VIEW_OFFSET_Z_LAYERING).createCompositeState(false);
                                                                                                                                                                                                                                                                                                                                                                                                                                                                                             ^
  symbol:   variable COLOR_WRITE
  location: class CMRenderTypes
G:\Proyectos\Mods_Minecraft\the_sundering\neoforge\26.2\src\main\java\com\skd\thesundering\client\render\CMRenderTypes.java:162: error: cannot find symbol
        RenderType.CompositeState renderState = RenderType.CompositeState.builder().setShaderState(RENDERTYPE_ENERGY_SWIRL_SHADER).setCullState(NO_CULL).setTextureState((RenderStateShard.EmptyTextureStateShard)new RenderStateShard.TextureStateShard(Identifier.fromNamespaceAndPath((String)"cataclysm", (String)"textures/particle/shock_wave.png"), true, true)).setTransparencyState(TRANSLUCENT_TRANSPARENCY).setLightmapState(LIGHTMAP).setOverlayState(OVERLAY).setWriteMaskState(COLOR_WRITE).setDepthTestState(LEQUAL_DEPTH_TEST).setLayeringState(VIEW_OFFSET_Z_LAYERING).createCompositeState(false);
                                                                                                                                                                                                                                                                                                                                                                                                                                                                  ^
  symbol:   variable OVERLAY
  location: class CMRenderTypes
G:\Proyectos\Mods_Minecraft\the_sundering\neoforge\26.2\src\main\java\com\skd\thesundering\client\render\CMRenderTypes.java:162: error: cannot find symbol
        RenderType.CompositeState renderState = RenderType.CompositeState.builder().setShaderState(RENDERTYPE_ENERGY_SWIRL_SHADER).setCullState(NO_CULL).setTextureState((RenderStateShard.EmptyTextureStateShard)new RenderStateShard.TextureStateShard(Identifier.fromNamespaceAndPath((String)"cataclysm", (String)"textures/particle/shock_wave.png"), true, true)).setTransparencyState(TRANSLUCENT_TRANSPARENCY).setLightmapState(LIGHTMAP).setOverlayState(OVERLAY).setWriteMaskState(COLOR_WRITE).setDepthTestState(LEQUAL_DEPTH_TEST).setLayeringState(VIEW_OFFSET_Z_LAYERING).createCompositeState(false);
                                                                                                                                                                                                                                                                                                                                                                                                                                        ^
  symbol:   variable LIGHTMAP
  location: class CMRenderTypes
G:\Proyectos\Mods_Minecraft\the_sundering\neoforge\26.2\src\main\java\com\skd\thesundering\client\render\CMRenderTypes.java:162: error: cannot find symbol
        RenderType.CompositeState renderState = RenderType.CompositeState.builder().setShaderState(RENDERTYPE_ENERGY_SWIRL_SHADER).setCullState(NO_CULL).setTextureState((RenderStateShard.EmptyTextureStateShard)new RenderStateShard.TextureStateShard(Identifier.fromNamespaceAndPath((String)"cataclysm", (String)"textures/particle/shock_wave.png"), true, true)).setTransparencyState(TRANSLUCENT_TRANSPARENCY).setLightmapState(LIGHTMAP).setOverlayState(OVERLAY).setWriteMaskState(COLOR_WRITE).setDepthTestState(LEQUAL_DEPTH_TEST).setLayeringState(VIEW_OFFSET_Z_LAYERING).createCompositeState(false);
                                                                                                                                                                                                                                                                                                                                                                                             ^
  symbol:   variable TRANSLUCENT_TRANSPARENCY
  location: class CMRenderTypes
G:\Proyectos\Mods_Minecraft\the_sundering\neoforge\26.2\src\main\java\com\skd\thesundering\client\render\CMRenderTypes.java:162: error: package RenderStateShard does not exist
        RenderType.CompositeState renderState = RenderType.CompositeState.builder().setShaderState(RENDERTYPE_ENERGY_SWIRL_SHADER).setCullState(NO_CULL).setTextureState((RenderStateShard.EmptyTextureStateShard)new RenderStateShard.TextureStateShard(Identifier.fromNamespaceAndPath((String)"cataclysm", (String)"textures/particle/shock_wave.png"), true, true)).setTransparencyState(TRANSLUCENT_TRANSPARENCY).setLightmapState(LIGHTMAP).setOverlayState(OVERLAY).setWriteMaskState(COLOR_WRITE).setDepthTestState(LEQUAL_DEPTH_TEST).setLayeringState(VIEW_OFFSET_Z_LAYERING).createCompositeState(false);
                                                                                                                                                                                          ^
G:\Proyectos\Mods_Minecraft\the_sundering\neoforge\26.2\src\main\java\com\skd\thesundering\client\render\CMRenderTypes.java:162: error: package RenderStateShard does not exist
        RenderType.CompositeState renderState = RenderType.CompositeState.builder().setShaderState(RENDERTYPE_ENERGY_SWIRL_SHADER).setCullState(NO_CULL).setTextureState((RenderStateShard.EmptyTextureStateShard)new RenderStateShard.TextureStateShard(Identifier.fromNamespaceAndPath((String)"cataclysm", (String)"textures/particle/shock_wave.png"), true, true)).setTransparencyState(TRANSLUCENT_TRANSPARENCY).setLightmapState(LIGHTMAP).setOverlayState(OVERLAY).setWriteMaskState(COLOR_WRITE).setDepthTestState(LEQUAL_DEPTH_TEST).setLayeringState(VIEW_OFFSET_Z_LAYERING).createCompositeState(false);
                                                                                                                                                                                                                                      ^
G:\Proyectos\Mods_Minecraft\the_sundering\neoforge\26.2\src\main\java\com\skd\thesundering\client\render\CMRenderTypes.java:162: error: cannot find symbol
        RenderType.CompositeState renderState = RenderType.CompositeState.builder().setShaderState(RENDERTYPE_ENERGY_SWIRL_SHADER).setCullState(NO_CULL).setTextureState((RenderStateShard.EmptyTextureStateShard)new RenderStateShard.TextureStateShard(Identifier.fromNamespaceAndPath((String)"cataclysm", (String)"textures/particle/shock_wave.png"), true, true)).setTransparencyState(TRANSLUCENT_TRANSPARENCY).setLightmapState(LIGHTMAP).setOverlayState(OVERLAY).setWriteMaskState(COLOR_WRITE).setDepthTestState(LEQUAL_DEPTH_TEST).setLayeringState(VIEW_OFFSET_Z_LAYERING).createCompositeState(false);
                                                                                                                                                ^
  symbol:   variable NO_CULL
  location: class CMRenderTypes
G:\Proyectos\Mods_Minecraft\the_sundering\neoforge\26.2\src\main\java\com\skd\thesundering\client\render\CMRenderTypes.java:162: error: cannot find symbol
        RenderType.CompositeState renderState = RenderType.CompositeState.builder().setShaderState(RENDERTYPE_ENERGY_SWIRL_SHADER).setCullState(NO_CULL).setTextureState((RenderStateShard.EmptyTextureStateShard)new RenderStateShard.TextureStateShard(Identifier.fromNamespaceAndPath((String)"cataclysm", (String)"textures/particle/shock_wave.png"), true, true)).setTransparencyState(TRANSLUCENT_TRANSPARENCY).setLightmapState(LIGHTMAP).setOverlayState(OVERLAY).setWriteMaskState(COLOR_WRITE).setDepthTestState(LEQUAL_DEPTH_TEST).setLayeringState(VIEW_OFFSET_Z_LAYERING).createCompositeState(false);
                                                                                                   ^
  symbol:   variable RENDERTYPE_ENERGY_SWIRL_SHADER
  location: class CMRenderTypes
G:\Proyectos\Mods_Minecraft\the_sundering\neoforge\26.2\src\main\java\com\skd\thesundering\client\render\CMRenderTypes.java:162: error: cannot find symbol
        RenderType.CompositeState renderState = RenderType.CompositeState.builder().setShaderState(RENDERTYPE_ENERGY_SWIRL_SHADER).setCullState(NO_CULL).setTextureState((RenderStateShard.EmptyTextureStateShard)new RenderStateShard.TextureStateShard(Identifier.fromNamespaceAndPath((String)"cataclysm", (String)"textures/particle/shock_wave.png"), true, true)).setTransparencyState(TRANSLUCENT_TRANSPARENCY).setLightmapState(LIGHTMAP).setOverlayState(OVERLAY).setWriteMaskState(COLOR_WRITE).setDepthTestState(LEQUAL_DEPTH_TEST).setLayeringState(VIEW_OFFSET_Z_LAYERING).createCompositeState(false);
                                                          ^
  symbol:   variable CompositeState
  location: class RenderType
G:\Proyectos\Mods_Minecraft\the_sundering\neoforge\26.2\src\main\java\com\skd\thesundering\client\render\CMRenderTypes.java:163: error: cannot find symbol
        return CMRenderTypes.create((String)"shock_wave", (VertexFormat)DefaultVertexFormat.NEW_ENTITY, (VertexFormat.Mode)VertexFormat.Mode.QUADS, (int)256, (boolean)true, (boolean)true, (RenderType.CompositeState)renderState);
                                                                                           ^
  symbol:   variable NEW_ENTITY
  location: class DefaultVertexFormat
G:\Proyectos\Mods_Minecraft\the_sundering\neoforge\26.2\src\main\java\com\skd\thesundering\client\render\CMRenderTypes.java:163: error: cannot find symbol
        return CMRenderTypes.create((String)"shock_wave", (VertexFormat)DefaultVertexFormat.NEW_ENTITY, (VertexFormat.Mode)VertexFormat.Mode.QUADS, (int)256, (boolean)true, (boolean)true, (RenderType.CompositeState)renderState);
                                                                                                                     ^
  symbol:   class Mode
  location: class VertexFormat
G:\Proyectos\Mods_Minecraft\the_sundering\neoforge\26.2\src\main\java\com\skd\thesundering\client\render\CMRenderTypes.java:163: error: cannot find symbol
        return CMRenderTypes.create((String)"shock_wave", (VertexFormat)DefaultVertexFormat.NEW_ENTITY, (VertexFormat.Mode)VertexFormat.Mode.QUADS, (int)256, (boolean)true, (boolean)true, (RenderType.CompositeState)renderState);
                                                                                                                                       ^
  symbol:   variable Mode
  location: class VertexFormat
G:\Proyectos\Mods_Minecraft\the_sundering\neoforge\26.2\src\main\java\com\skd\thesundering\client\render\CMRenderTypes.java:163: error: cannot find symbol
        return CMRenderTypes.create((String)"shock_wave", (VertexFormat)DefaultVertexFormat.NEW_ENTITY, (VertexFormat.Mode)VertexFormat.Mode.QUADS, (int)256, (boolean)true, (boolean)true, (RenderType.CompositeState)renderState);
                                                                                                                                                                                                       ^
  symbol:   class CompositeState
  location: class RenderType
G:\Proyectos\Mods_Minecraft\the_sundering\neoforge\26.2\src\main\java\com\skd\thesundering\client\render\CMRenderTypes.java:167: error: cannot find symbol
        RenderType.CompositeState renderState = RenderType.CompositeState.builder().setShaderState(RENDERTYPE_ENERGY_SWIRL_SHADER).setCullState(NO_CULL).setTextureState((RenderStateShard.EmptyTextureStateShard)new RenderStateShard.TextureStateShard(Identifier.fromNamespaceAndPath((String)"cataclysm", (String)"textures/particle/em_pulse.png"), true, true)).setTransparencyState(TRANSLUCENT_TRANSPARENCY).setLightmapState(LIGHTMAP).setOverlayState(OVERLAY).setWriteMaskState(COLOR_WRITE).setDepthTestState(LEQUAL_DEPTH_TEST).setLayeringState(VIEW_OFFSET_Z_LAYERING).createCompositeState(false);
                  ^
  symbol:   class CompositeState
  location: class RenderType
G:\Proyectos\Mods_Minecraft\the_sundering\neoforge\26.2\src\main\java\com\skd\thesundering\client\render\CMRenderTypes.java:167: error: cannot find symbol
        RenderType.CompositeState renderState = RenderType.CompositeState.builder().setShaderState(RENDERTYPE_ENERGY_SWIRL_SHADER).setCullState(NO_CULL).setTextureState((RenderStateShard.EmptyTextureStateShard)new RenderStateShard.TextureStateShard(Identifier.fromNamespaceAndPath((String)"cataclysm", (String)"textures/particle/em_pulse.png"), true, true)).setTransparencyState(TRANSLUCENT_TRANSPARENCY).setLightmapState(LIGHTMAP).setOverlayState(OVERLAY).setWriteMaskState(COLOR_WRITE).setDepthTestState(LEQUAL_DEPTH_TEST).setLayeringState(VIEW_OFFSET_Z_LAYERING).createCompositeState(false);
                                                                                                                                                                                                                                                                                                                                                                                                                                                                                                                                                              ^
  symbol:   variable VIEW_OFFSET_Z_LAYERING
  location: class CMRenderTypes
G:\Proyectos\Mods_Minecraft\the_sundering\neoforge\26.2\src\main\java\com\skd\thesundering\client\render\CMRenderTypes.java:167: error: cannot find symbol
        RenderType.CompositeState renderState = RenderType.CompositeState.builder().setShaderState(RENDERTYPE_ENERGY_SWIRL_SHADER).setCullState(NO_CULL).setTextureState((RenderStateShard.EmptyTextureStateShard)new RenderStateShard.TextureStateShard(Identifier.fromNamespaceAndPath((String)"cataclysm", (String)"textures/particle/em_pulse.png"), true, true)).setTransparencyState(TRANSLUCENT_TRANSPARENCY).setLightmapState(LIGHTMAP).setOverlayState(OVERLAY).setWriteMaskState(COLOR_WRITE).setDepthTestState(LEQUAL_DEPTH_TEST).setLayeringState(VIEW_OFFSET_Z_LAYERING).createCompositeState(false);
                                                                                                                                                                                                                                                                                                                                                                                                                                                                                                                          ^
  symbol:   variable LEQUAL_DEPTH_TEST
  location: class CMRenderTypes
G:\Proyectos\Mods_Minecraft\the_sundering\neoforge\26.2\src\main\java\com\skd\thesundering\client\render\CMRenderTypes.java:167: error: cannot find symbol
        RenderType.CompositeState renderState = RenderType.CompositeState.builder().setShaderState(RENDERTYPE_ENERGY_SWIRL_SHADER).setCullState(NO_CULL).setTextureState((RenderStateShard.EmptyTextureStateShard)new RenderStateShard.TextureStateShard(Identifier.fromNamespaceAndPath((String)"cataclysm", (String)"textures/particle/em_pulse.png"), true, true)).setTransparencyState(TRANSLUCENT_TRANSPARENCY).setLightmapState(LIGHTMAP).setOverlayState(OVERLAY).setWriteMaskState(COLOR_WRITE).setDepthTestState(LEQUAL_DEPTH_TEST).setLayeringState(VIEW_OFFSET_Z_LAYERING).createCompositeState(false);
                                                                                                                                                                                                                                                                                                                                                                                                                                                                                           ^
  symbol:   variable COLOR_WRITE
  location: class CMRenderTypes
G:\Proyectos\Mods_Minecraft\the_sundering\neoforge\26.2\src\main\java\com\skd\thesundering\client\render\CMRenderTypes.java:167: error: cannot find symbol
        RenderType.CompositeState renderState = RenderType.CompositeState.builder().setShaderState(RENDERTYPE_ENERGY_SWIRL_SHADER).setCullState(NO_CULL).setTextureState((RenderStateShard.EmptyTextureStateShard)new RenderStateShard.TextureStateShard(Identifier.fromNamespaceAndPath((String)"cataclysm", (String)"textures/particle/em_pulse.png"), true, true)).setTransparencyState(TRANSLUCENT_TRANSPARENCY).setLightmapState(LIGHTMAP).setOverlayState(OVERLAY).setWriteMaskState(COLOR_WRITE).setDepthTestState(LEQUAL_DEPTH_TEST).setLayeringState(VIEW_OFFSET_Z_LAYERING).createCompositeState(false);
                                                                                                                                                                                                                                                                                                                                                                                                                                                                ^
  symbol:   variable OVERLAY
  location: class CMRenderTypes
G:\Proyectos\Mods_Minecraft\the_sundering\neoforge\26.2\src\main\java\com\skd\thesundering\client\render\CMRenderTypes.java:167: error: cannot find symbol
        RenderType.CompositeState renderState = RenderType.CompositeState.builder().setShaderState(RENDERTYPE_ENERGY_SWIRL_SHADER).setCullState(NO_CULL).setTextureState((RenderStateShard.EmptyTextureStateShard)new RenderStateShard.TextureStateShard(Identifier.fromNamespaceAndPath((String)"cataclysm", (String)"textures/particle/em_pulse.png"), true, true)).setTransparencyState(TRANSLUCENT_TRANSPARENCY).setLightmapState(LIGHTMAP).setOverlayState(OVERLAY).setWriteMaskState(COLOR_WRITE).setDepthTestState(LEQUAL_DEPTH_TEST).setLayeringState(VIEW_OFFSET_Z_LAYERING).createCompositeState(false);
                                                                                                                                                                                                                                                                                                                                                                                                                                      ^
  symbol:   variable LIGHTMAP
  location: class CMRenderTypes
G:\Proyectos\Mods_Minecraft\the_sundering\neoforge\26.2\src\main\java\com\skd\thesundering\client\render\CMRenderTypes.java:167: error: cannot find symbol
        RenderType.CompositeState renderState = RenderType.CompositeState.builder().setShaderState(RENDERTYPE_ENERGY_SWIRL_SHADER).setCullState(NO_CULL).setTextureState((RenderStateShard.EmptyTextureStateShard)new RenderStateShard.TextureStateShard(Identifier.fromNamespaceAndPath((String)"cataclysm", (String)"textures/particle/em_pulse.png"), true, true)).setTransparencyState(TRANSLUCENT_TRANSPARENCY).setLightmapState(LIGHTMAP).setOverlayState(OVERLAY).setWriteMaskState(COLOR_WRITE).setDepthTestState(LEQUAL_DEPTH_TEST).setLayeringState(VIEW_OFFSET_Z_LAYERING).createCompositeState(false);
                                                                                                                                                                                                                                                                                                                                                                                           ^
  symbol:   variable TRANSLUCENT_TRANSPARENCY
  location: class CMRenderTypes
G:\Proyectos\Mods_Minecraft\the_sundering\neoforge\26.2\src\main\java\com\skd\thesundering\client\render\CMRenderTypes.java:167: error: package RenderStateShard does not exist
        RenderType.CompositeState renderState = RenderType.CompositeState.builder().setShaderState(RENDERTYPE_ENERGY_SWIRL_SHADER).setCullState(NO_CULL).setTextureState((RenderStateShard.EmptyTextureStateShard)new RenderStateShard.TextureStateShard(Identifier.fromNamespaceAndPath((String)"cataclysm", (String)"textures/particle/em_pulse.png"), true, true)).setTransparencyState(TRANSLUCENT_TRANSPARENCY).setLightmapState(LIGHTMAP).setOverlayState(OVERLAY).setWriteMaskState(COLOR_WRITE).setDepthTestState(LEQUAL_DEPTH_TEST).setLayeringState(VIEW_OFFSET_Z_LAYERING).createCompositeState(false);
                                                                                                                                                                                          ^
G:\Proyectos\Mods_Minecraft\the_sundering\neoforge\26.2\src\main\java\com\skd\thesundering\client\render\CMRenderTypes.java:167: error: package RenderStateShard does not exist
        RenderType.CompositeState renderState = RenderType.CompositeState.builder().setShaderState(RENDERTYPE_ENERGY_SWIRL_SHADER).setCullState(NO_CULL).setTextureState((RenderStateShard.EmptyTextureStateShard)new RenderStateShard.TextureStateShard(Identifier.fromNamespaceAndPath((String)"cataclysm", (String)"textures/particle/em_pulse.png"), true, true)).setTransparencyState(TRANSLUCENT_TRANSPARENCY).setLightmapState(LIGHTMAP).setOverlayState(OVERLAY).setWriteMaskState(COLOR_WRITE).setDepthTestState(LEQUAL_DEPTH_TEST).setLayeringState(VIEW_OFFSET_Z_LAYERING).createCompositeState(false);
                                                                                                                                                                                                                                      ^
G:\Proyectos\Mods_Minecraft\the_sundering\neoforge\26.2\src\main\java\com\skd\thesundering\client\render\CMRenderTypes.java:167: error: cannot find symbol
        RenderType.CompositeState renderState = RenderType.CompositeState.builder().setShaderState(RENDERTYPE_ENERGY_SWIRL_SHADER).setCullState(NO_CULL).setTextureState((RenderStateShard.EmptyTextureStateShard)new RenderStateShard.TextureStateShard(Identifier.fromNamespaceAndPath((String)"cataclysm", (String)"textures/particle/em_pulse.png"), true, true)).setTransparencyState(TRANSLUCENT_TRANSPARENCY).setLightmapState(LIGHTMAP).setOverlayState(OVERLAY).setWriteMaskState(COLOR_WRITE).setDepthTestState(LEQUAL_DEPTH_TEST).setLayeringState(VIEW_OFFSET_Z_LAYERING).createCompositeState(false);
                                                                                                                                                ^
  symbol:   variable NO_CULL
  location: class CMRenderTypes
G:\Proyectos\Mods_Minecraft\the_sundering\neoforge\26.2\src\main\java\com\skd\thesundering\client\render\CMRenderTypes.java:167: error: cannot find symbol
        RenderType.CompositeState renderState = RenderType.CompositeState.builder().setShaderState(RENDERTYPE_ENERGY_SWIRL_SHADER).setCullState(NO_CULL).setTextureState((RenderStateShard.EmptyTextureStateShard)new RenderStateShard.TextureStateShard(Identifier.fromNamespaceAndPath((String)"cataclysm", (String)"textures/particle/em_pulse.png"), true, true)).setTransparencyState(TRANSLUCENT_TRANSPARENCY).setLightmapState(LIGHTMAP).setOverlayState(OVERLAY).setWriteMaskState(COLOR_WRITE).setDepthTestState(LEQUAL_DEPTH_TEST).setLayeringState(VIEW_OFFSET_Z_LAYERING).createCompositeState(false);
                                                                                                   ^
  symbol:   variable RENDERTYPE_ENERGY_SWIRL_SHADER
  location: class CMRenderTypes
G:\Proyectos\Mods_Minecraft\the_sundering\neoforge\26.2\src\main\java\com\skd\thesundering\client\render\CMRenderTypes.java:167: error: cannot find symbol
        RenderType.CompositeState renderState = RenderType.CompositeState.builder().setShaderState(RENDERTYPE_ENERGY_SWIRL_SHADER).setCullState(NO_CULL).setTextureState((RenderStateShard.EmptyTextureStateShard)new RenderStateShard.TextureStateShard(Identifier.fromNamespaceAndPath((String)"cataclysm", (String)"textures/particle/em_pulse.png"), true, true)).setTransparencyState(TRANSLUCENT_TRANSPARENCY).setLightmapState(LIGHTMAP).setOverlayState(OVERLAY).setWriteMaskState(COLOR_WRITE).setDepthTestState(LEQUAL_DEPTH_TEST).setLayeringState(VIEW_OFFSET_Z_LAYERING).createCompositeState(false);
                                                          ^
  symbol:   variable CompositeState
  location: class RenderType
G:\Proyectos\Mods_Minecraft\the_sundering\neoforge\26.2\src\main\java\com\skd\thesundering\client\render\CMRenderTypes.java:168: error: cannot find symbol
        return CMRenderTypes.create((String)"em_pulse", (VertexFormat)DefaultVertexFormat.NEW_ENTITY, (VertexFormat.Mode)VertexFormat.Mode.QUADS, (int)256, (boolean)true, (boolean)true, (RenderType.CompositeState)renderState);
                                                                                         ^
  symbol:   variable NEW_ENTITY
  location: class DefaultVertexFormat
G:\Proyectos\Mods_Minecraft\the_sundering\neoforge\26.2\src\main\java\com\skd\thesundering\client\render\CMRenderTypes.java:168: error: cannot find symbol
        return CMRenderTypes.create((String)"em_pulse", (VertexFormat)DefaultVertexFormat.NEW_ENTITY, (VertexFormat.Mode)VertexFormat.Mode.QUADS, (int)256, (boolean)true, (boolean)true, (RenderType.CompositeState)renderState);
                                                                                                                   ^
  symbol:   class Mode
  location: class VertexFormat
G:\Proyectos\Mods_Minecraft\the_sundering\neoforge\26.2\src\main\java\com\skd\thesundering\client\render\CMRenderTypes.java:168: error: cannot find symbol
        return CMRenderTypes.create((String)"em_pulse", (VertexFormat)DefaultVertexFormat.NEW_ENTITY, (VertexFormat.Mode)VertexFormat.Mode.QUADS, (int)256, (boolean)true, (boolean)true, (RenderType.CompositeState)renderState);
                                                                                                                                     ^
  symbol:   variable Mode
  location: class VertexFormat
G:\Proyectos\Mods_Minecraft\the_sundering\neoforge\26.2\src\main\java\com\skd\thesundering\client\render\CMRenderTypes.java:168: error: cannot find symbol
        return CMRenderTypes.create((String)"em_pulse", (VertexFormat)DefaultVertexFormat.NEW_ENTITY, (VertexFormat.Mode)VertexFormat.Mode.QUADS, (int)256, (boolean)true, (boolean)true, (RenderType.CompositeState)renderState);
                                                                                                                                                                                                     ^
  symbol:   class CompositeState
  location: class RenderType
G:\Proyectos\Mods_Minecraft\the_sundering\neoforge\26.2\src\main\java\com\skd\thesundering\client\render\entity\Abyss_Blast_Portal_Renderer.java:51: error: cannot find symbol
        VertexConsumer vertexconsumer = bufferIn.getBuffer(this.model.renderType(this.getTextureLocation(entityIn)));
                                                                     ^
  symbol:   method renderType(Identifier)
  location: variable model of type Abyss_Blast_Portal_Model
G:\Proyectos\Mods_Minecraft\the_sundering\neoforge\26.2\src\main\java\com\skd\thesundering\client\render\entity\Abyss_Blast_Portal_Renderer.java:53: error: method renderToBuffer in class BasicEntityModel<T> cannot be applied to given types;
        this.model.renderToBuffer(matrixStackIn, vertexconsumer, packedLightIn, OverlayTexture.NO_OVERLAY);
                  ^
  required: PoseStack,VertexConsumer,int,int,int
  found:    PoseStack,VertexConsumer,int,int
  reason: actual and formal argument lists differ in length
  where T is a type-variable:
    T extends Entity declared in class BasicEntityModel
G:\Proyectos\Mods_Minecraft\the_sundering\neoforge\26.2\src\main\java\com\skd\thesundering\client\render\entity\Abyss_Blast_Portal_Renderer.java:55: error: cannot find symbol
        super.render((Entity)entityIn, entityYaw, partialTicks, matrixStackIn, bufferIn, packedLightIn);
        ^
  symbol:   variable super
  location: class Abyss_Blast_Portal_Renderer
G:\Proyectos\Mods_Minecraft\the_sundering\neoforge\26.2\src\main\java\com\skd\thesundering\client\render\entity\Abyss_Blast_Renderer.java:107: error: cannot find symbol
        Quaternionf quat = this.entityRenderDispatcher.cameraOrientation();
                               ^
  symbol: variable entityRenderDispatcher
G:\Proyectos\Mods_Minecraft\the_sundering\neoforge\26.2\src\main\java\com\skd\thesundering\client\render\entity\Abyss_Blast_Renderer.java:143: error: cannot find symbol
            matrixStackIn.mulPose(new Quaternionf().rotationY(Minecraft.getInstance().gameRenderer.getMainCamera().getXRot() + 90.0f));
                                                                                                  ^
  symbol:   method getMainCamera()
  location: variable gameRenderer of type GameRenderer
G:\Proyectos\Mods_Minecraft\the_sundering\neoforge\26.2\src\main\java\com\skd\thesundering\client\render\entity\Abyss_Blast_Renderer.java:149: error: cannot find symbol
            matrixStackIn.mulPose(new Quaternionf().rotationY((-Minecraft.getInstance().gameRenderer.getMainCamera().getXRot() - 90.0f) * ((float)Math.PI / 180)));
                                                                                                    ^
  symbol:   method getMainCamera()
  location: variable gameRenderer of type GameRenderer
G:\Proyectos\Mods_Minecraft\the_sundering\neoforge\26.2\src\main\java\com\skd\thesundering\entity\AnimationMonster\BossMonsters\The_Leviathan\Abyss_Blast_Entity.java:70: error: Abyss_Blast_Entity is not abstract and does not override abstract method addAdditionalSaveData(ValueOutput) in Entity
public class Abyss_Blast_Entity
       ^
G:\Proyectos\Mods_Minecraft\the_sundering\neoforge\26.2\src\main\java\com\skd\thesundering\entity\AnimationMonster\BossMonsters\The_Leviathan\Abyss_Blast_Entity.java:102: error: cannot find symbol
        this.noCulling = true;
            ^
  symbol: variable noCulling
G:\Proyectos\Mods_Minecraft\the_sundering\neoforge\26.2\src\main\java\com\skd\thesundering\entity\AnimationMonster\BossMonsters\The_Leviathan\Abyss_Blast_Entity.java:167: error: incompatible types: Level cannot be converted to ServerLevel
                        if (block.isAir() || block.is(ModTag.LEVIATHAN_IMMUNE) || !EventHooks.canEntityGrief((Level)this.level(), (Entity)this)) continue;
                                                                                                             ^
G:\Proyectos\Mods_Minecraft\the_sundering\neoforge\26.2\src\main\java\com\skd\thesundering\entity\AnimationMonster\BossMonsters\The_Leviathan\Abyss_Blast_Entity.java:175: error: incompatible types: void cannot be converted to boolean
                    if (this.caster == null || this.caster.isAlliedTo((Entity)target) || target == this.caster || !(flag = target.hurt(CMDamageTypes.causeDeathLaserDamage(this, this.caster), (float)((double)this.getDamage() + Math.min((double)this.getDamage(), (double)(target.getMaxHealth() * this.getHpDamage()) * 0.01))))) continue;
                                                                                                                                      ^
G:\Proyectos\Mods_Minecraft\the_sundering\neoforge\26.2\src\main\java\com\skd\thesundering\entity\AnimationMonster\BossMonsters\The_Leviathan\Abyss_Blast_Entity.java:207: error: method define in class Builder cannot be applied to given types;
        p_326229_.define(YAW, (Object)Float.valueOf(0.0f));
                 ^
  required: EntityDataAccessor<T>,T
  found:    EntityDataAccessor<Float>,Object
  reason: inference variable T has incompatible bounds
    equality constraints: Float
    lower bounds: Object
  where T is a type-variable:
    T extends Object declared in method <T>define(EntityDataAccessor<T>,T)
G:\Proyectos\Mods_Minecraft\the_sundering\neoforge\26.2\src\main\java\com\skd\thesundering\entity\AnimationMonster\BossMonsters\The_Leviathan\Abyss_Blast_Entity.java:208: error: method define in class Builder cannot be applied to given types;
        p_326229_.define(PITCH, (Object)Float.valueOf(0.0f));
                 ^
  required: EntityDataAccessor<T>,T
  found:    EntityDataAccessor<Float>,Object
  reason: inference variable T has incompatible bounds
    equality constraints: Float
    lower bounds: Object
  where T is a type-variable:
    T extends Object declared in method <T>define(EntityDataAccessor<T>,T)
G:\Proyectos\Mods_Minecraft\the_sundering\neoforge\26.2\src\main\java\com\skd\thesundering\entity\AnimationMonster\BossMonsters\The_Leviathan\Abyss_Blast_Entity.java:209: error: method define in class Builder cannot be applied to given types;
        p_326229_.define(DURATION, (Object)0);
                 ^
  required: EntityDataAccessor<T>,T
  found:    EntityDataAccessor<Integer>,Object
  reason: inference variable T has incompatible bounds
    equality constraints: Integer
    lower bounds: Object
  where T is a type-variable:
    T extends Object declared in method <T>define(EntityDataAccessor<T>,T)
G:\Proyectos\Mods_Minecraft\the_sundering\neoforge\26.2\src\main\java\com\skd\thesundering\entity\AnimationMonster\BossMonsters\The_Leviathan\Abyss_Blast_Entity.java:210: error: cannot find symbol
        p_326229_.define(CASTER, (Object)-1);
                                  ^
  symbol:   variable Object
  location: class Abyss_Blast_Entity
G:\Proyectos\Mods_Minecraft\the_sundering\neoforge\26.2\src\main\java\com\skd\thesundering\entity\AnimationMonster\BossMonsters\The_Leviathan\Abyss_Blast_Entity.java:211: error: method define in class Builder cannot be applied to given types;
        p_326229_.define(BEAMDIRECTION, (Object)Float.valueOf(90.0f));
                 ^
  required: EntityDataAccessor<T>,T
  found:    EntityDataAccessor<Float>,Object
  reason: inference variable T has incompatible bounds
    equality constraints: Float
    lower bounds: Object
  where T is a type-variable:
    T extends Object declared in method <T>define(EntityDataAccessor<T>,T)
G:\Proyectos\Mods_Minecraft\the_sundering\neoforge\26.2\src\main\java\com\skd\thesundering\entity\AnimationMonster\BossMonsters\The_Leviathan\Abyss_Blast_Entity.java:212: error: method define in class Builder cannot be applied to given types;
        p_326229_.define(DAMAGE, (Object)Float.valueOf(0.0f));
                 ^
  required: EntityDataAccessor<T>,T
  found:    EntityDataAccessor<Float>,Object
  reason: inference variable T has incompatible bounds
    equality constraints: Float
    lower bounds: Object
  where T is a type-variable:
    T extends Object declared in method <T>define(EntityDataAccessor<T>,T)
G:\Proyectos\Mods_Minecraft\the_sundering\neoforge\26.2\src\main\java\com\skd\thesundering\entity\AnimationMonster\BossMonsters\The_Leviathan\Abyss_Blast_Entity.java:213: error: method define in class Builder cannot be applied to given types;
        p_326229_.define(HPDAMAGE, (Object)Float.valueOf(0.0f));
                 ^
  required: EntityDataAccessor<T>,T
  found:    EntityDataAccessor<Float>,Object
  reason: inference variable T has incompatible bounds
    equality constraints: Float
    lower bounds: Object
  where T is a type-variable:
    T extends Object declared in method <T>define(EntityDataAccessor<T>,T)
G:\Proyectos\Mods_Minecraft\the_sundering\neoforge\26.2\src\main\java\com\skd\thesundering\entity\AnimationMonster\BossMonsters\The_Leviathan\Abyss_Blast_Entity.java:221: error: no suitable method found for set(EntityDataAccessor<Float>,Object)
        this.entityData.set(DAMAGE, (Object)Float.valueOf(damage));
                       ^
    method SynchedEntityData.<T#1>set(EntityDataAccessor<T#1>,T#1) is not applicable
      (inference variable T#1 has incompatible bounds
        equality constraints: Float
        lower bounds: Object)
    method SynchedEntityData.<T#2>set(EntityDataAccessor<T#2>,T#2,boolean) is not applicable
      (cannot infer type-variable(s) T#2
        (actual and formal argument lists differ in length))
  where T#1,T#2 are type-variables:
    T#1 extends Object declared in method <T#1>set(EntityDataAccessor<T#1>,T#1)
    T#2 extends Object declared in method <T#2>set(EntityDataAccessor<T#2>,T#2,boolean)
G:\Proyectos\Mods_Minecraft\the_sundering\neoforge\26.2\src\main\java\com\skd\thesundering\entity\AnimationMonster\BossMonsters\The_Leviathan\Abyss_Blast_Entity.java:229: error: no suitable method found for set(EntityDataAccessor<Float>,Object)
        this.entityData.set(HPDAMAGE, (Object)Float.valueOf(damage));
                       ^
    method SynchedEntityData.<T#1>set(EntityDataAccessor<T#1>,T#1) is not applicable
      (inference variable T#1 has incompatible bounds
        equality constraints: Float
        lower bounds: Object)
    method SynchedEntityData.<T#2>set(EntityDataAccessor<T#2>,T#2,boolean) is not applicable
      (cannot infer type-variable(s) T#2
        (actual and formal argument lists differ in length))
  where T#1,T#2 are type-variables:
    T#1 extends Object declared in method <T#1>set(EntityDataAccessor<T#1>,T#1)
    T#2 extends Object declared in method <T#2>set(EntityDataAccessor<T#2>,T#2,boolean)
G:\Proyectos\Mods_Minecraft\the_sundering\neoforge\26.2\src\main\java\com\skd\thesundering\entity\AnimationMonster\BossMonsters\The_Leviathan\Abyss_Blast_Entity.java:237: error: no suitable method found for set(EntityDataAccessor<Float>,Object)
        this.entityData.set(YAW, (Object)Float.valueOf(yaw));
                       ^
    method SynchedEntityData.<T#1>set(EntityDataAccessor<T#1>,T#1) is not applicable
      (inference variable T#1 has incompatible bounds
        equality constraints: Float
        lower bounds: Object)
    method SynchedEntityData.<T#2>set(EntityDataAccessor<T#2>,T#2,boolean) is not applicable
      (cannot infer type-variable(s) T#2
        (actual and formal argument lists differ in length))
  where T#1,T#2 are type-variables:
    T#1 extends Object declared in method <T#1>set(EntityDataAccessor<T#1>,T#1)
    T#2 extends Object declared in method <T#2>set(EntityDataAccessor<T#2>,T#2,boolean)
G:\Proyectos\Mods_Minecraft\the_sundering\neoforge\26.2\src\main\java\com\skd\thesundering\entity\AnimationMonster\BossMonsters\The_Leviathan\Abyss_Blast_Entity.java:245: error: no suitable method found for set(EntityDataAccessor<Float>,Object)
        this.entityData.set(PITCH, (Object)Float.valueOf(pitch));
                       ^
    method SynchedEntityData.<T#1>set(EntityDataAccessor<T#1>,T#1) is not applicable
      (inference variable T#1 has incompatible bounds
        equality constraints: Float
        lower bounds: Object)
    method SynchedEntityData.<T#2>set(EntityDataAccessor<T#2>,T#2,boolean) is not applicable
      (cannot infer type-variable(s) T#2
        (actual and formal argument lists differ in length))
  where T#1,T#2 are type-variables:
    T#1 extends Object declared in method <T#1>set(EntityDataAccessor<T#1>,T#1)
    T#2 extends Object declared in method <T#2>set(EntityDataAccessor<T#2>,T#2,boolean)
G:\Proyectos\Mods_Minecraft\the_sundering\neoforge\26.2\src\main\java\com\skd\thesundering\entity\AnimationMonster\BossMonsters\The_Leviathan\Abyss_Blast_Entity.java:253: error: no suitable method found for set(EntityDataAccessor<Integer>,Object)
        this.entityData.set(DURATION, (Object)duration);
                       ^
    method SynchedEntityData.<T#1>set(EntityDataAccessor<T#1>,T#1) is not applicable
      (inference variable T#1 has incompatible bounds
        equality constraints: Integer
        lower bounds: Object)
    method SynchedEntityData.<T#2>set(EntityDataAccessor<T#2>,T#2,boolean) is not applicable
      (cannot infer type-variable(s) T#2
        (actual and formal argument lists differ in length))
  where T#1,T#2 are type-variables:
    T#1 extends Object declared in method <T#1>set(EntityDataAccessor<T#1>,T#1)
    T#2 extends Object declared in method <T#2>set(EntityDataAccessor<T#2>,T#2,boolean)
G:\Proyectos\Mods_Minecraft\the_sundering\neoforge\26.2\src\main\java\com\skd\thesundering\entity\AnimationMonster\BossMonsters\The_Leviathan\Abyss_Blast_Entity.java:261: error: no suitable method found for set(EntityDataAccessor<Float>,Object)
        this.entityData.set(BEAMDIRECTION, (Object)Float.valueOf(beamDirection));
                       ^
    method SynchedEntityData.<T#1>set(EntityDataAccessor<T#1>,T#1) is not applicable
      (inference variable T#1 has incompatible bounds
        equality constraints: Float
        lower bounds: Object)
    method SynchedEntityData.<T#2>set(EntityDataAccessor<T#2>,T#2,boolean) is not applicable
      (cannot infer type-variable(s) T#2
        (actual and formal argument lists differ in length))
  where T#1,T#2 are type-variables:
    T#1 extends Object declared in method <T#1>set(EntityDataAccessor<T#1>,T#1)
    T#2 extends Object declared in method <T#2>set(EntityDataAccessor<T#2>,T#2,boolean)
G:\Proyectos\Mods_Minecraft\the_sundering\neoforge\26.2\src\main\java\com\skd\thesundering\entity\AnimationMonster\BossMonsters\The_Leviathan\Abyss_Blast_Entity.java:269: error: no suitable method found for set(EntityDataAccessor<Integer>,Object)
        this.entityData.set(CASTER, (Object)id);
                       ^
    method SynchedEntityData.<T#1>set(EntityDataAccessor<T#1>,T#1) is not applicable
      (inference variable T#1 has incompatible bounds
        equality constraints: Integer
        lower bounds: Object)
    method SynchedEntityData.<T#2>set(EntityDataAccessor<T#2>,T#2,boolean) is not applicable
      (cannot infer type-variable(s) T#2
        (actual and formal argument lists differ in length))
  where T#1,T#2 are type-variables:
    T#1 extends Object declared in method <T#1>set(EntityDataAccessor<T#1>,T#1)
    T#2 extends Object declared in method <T#2>set(EntityDataAccessor<T#2>,T#2,boolean)
G:\Proyectos\Mods_Minecraft\the_sundering\neoforge\26.2\src\main\java\com\skd\thesundering\entity\AnimationMonster\BossMonsters\The_Leviathan\Abyss_Blast_Entity.java:273: error: incompatible types: Optional<Float> cannot be converted to float
        this.setYaw(compound.getFloat("Yaw"));
                                     ^
G:\Proyectos\Mods_Minecraft\the_sundering\neoforge\26.2\src\main\java\com\skd\thesundering\entity\AnimationMonster\BossMonsters\The_Leviathan\Abyss_Blast_Entity.java:274: error: incompatible types: Optional<Float> cannot be converted to float
        this.setPitch(compound.getFloat("Pitch"));
                                       ^
G:\Proyectos\Mods_Minecraft\the_sundering\neoforge\26.2\src\main\java\com\skd\thesundering\entity\AnimationMonster\BossMonsters\The_Leviathan\Abyss_Blast_Entity.java:275: error: incompatible types: Optional<Integer> cannot be converted to int
        this.setDuration(compound.getInt("Duration"));
                                        ^
G:\Proyectos\Mods_Minecraft\the_sundering\neoforge\26.2\src\main\java\com\skd\thesundering\entity\AnimationMonster\BossMonsters\The_Leviathan\Abyss_Blast_Entity.java:276: error: incompatible types: Optional<Float> cannot be converted to float
        this.setBeamDirection(compound.getFloat("BeamDirection"));
                                               ^
G:\Proyectos\Mods_Minecraft\the_sundering\neoforge\26.2\src\main\java\com\skd\thesundering\entity\AnimationMonster\BossMonsters\The_Leviathan\Abyss_Blast_Entity.java:277: error: incompatible types: Optional<Float> cannot be converted to float
        this.setDamage(compound.getFloat("damage"));
                                        ^
G:\Proyectos\Mods_Minecraft\the_sundering\neoforge\26.2\src\main\java\com\skd\thesundering\entity\AnimationMonster\BossMonsters\The_Leviathan\Abyss_Blast_Entity.java:278: error: incompatible types: Optional<Float> cannot be converted to float
        this.setHpDamage(compound.getFloat("Hpdamage"));
                                          ^
G:\Proyectos\Mods_Minecraft\the_sundering\neoforge\26.2\src\main\java\com\skd\thesundering\entity\AnimationMonster\BossMonsters\The_Leviathan\Abyss_Blast_Entity.java:318: error: incompatible types: Object cannot be converted to LivingEntity
        for (LivingEntity entity : entities) {
                                   ^
G:\Proyectos\Mods_Minecraft\the_sundering\neoforge\26.2\src\main\java\com\skd\thesundering\client\render\entity\Abyss_Mark_Renderer.java:50: error: cannot find symbol
        VertexConsumer ivertexbuilder = bufferIn.getBuffer(RenderType.entityTranslucentEmissive((Identifier)this.getTextureLocation(flameStrike)));
                                                                     ^
  symbol:   method entityTranslucentEmissive(Identifier)
  location: class RenderType
G:\Proyectos\Mods_Minecraft\the_sundering\neoforge\26.2\src\main\java\com\skd\thesundering\client\render\entity\Abyss_Mark_Renderer.java:59: error: cannot find symbol
        super.render((Entity)flameStrike, entityYaw, delta, matrixStackIn, bufferIn, packedLightIn);
        ^
  symbol:   variable super
  location: class Abyss_Mark_Renderer
G:\Proyectos\Mods_Minecraft\the_sundering\neoforge\26.2\src\main\java\com\skd\thesundering\entity\effect\Abyss_Mark_Entity.java:58: error: Abyss_Mark_Entity is not abstract and does not override abstract method addAdditionalSaveData(ValueOutput) in Entity
public class Abyss_Mark_Entity
       ^
G:\Proyectos\Mods_Minecraft\the_sundering\neoforge\26.2\src\main\java\com\skd\thesundering\entity\effect\Abyss_Mark_Entity.java:64: error: cannot find symbol
    private static final EntityDataAccessor<Optional<UUID>> CREATOR_ID = SynchedEntityData.defineId(Abyss_Mark_Entity.class, (EntityDataSerializer)EntityDataSerializers.OPTIONAL_UUID);
                                                                                                                                                                        ^
  symbol:   variable OPTIONAL_UUID
  location: class EntityDataSerializers
G:\Proyectos\Mods_Minecraft\the_sundering\neoforge\26.2\src\main\java\com\skd\thesundering\entity\effect\Abyss_Mark_Entity.java:110: error: no suitable method found for set(EntityDataAccessor<Integer>,Object)
        this.entityData.set(LIFESPAN, (Object)i);
                       ^
    method SynchedEntityData.<T#1>set(EntityDataAccessor<T#1>,T#1) is not applicable
      (inference variable T#1 has incompatible bounds
        equality constraints: Integer
        lower bounds: Object)
    method SynchedEntityData.<T#2>set(EntityDataAccessor<T#2>,T#2,boolean) is not applicable
      (cannot infer type-variable(s) T#2
        (actual and formal argument lists differ in length))
  where T#1,T#2 are type-variables:
    T#1 extends Object declared in method <T#1>set(EntityDataAccessor<T#1>,T#1)
    T#2 extends Object declared in method <T#2>set(EntityDataAccessor<T#2>,T#2,boolean)
G:\Proyectos\Mods_Minecraft\the_sundering\neoforge\26.2\src\main\java\com\skd\thesundering\entity\effect\Abyss_Mark_Entity.java:114: error: incompatible types: Object cannot be converted to UUID
        return ((Optional)this.entityData.get(CREATOR_ID)).orElse(null);
                                                                 ^
G:\Proyectos\Mods_Minecraft\the_sundering\neoforge\26.2\src\main\java\com\skd\thesundering\entity\effect\Abyss_Mark_Entity.java:158: error: method define in class Builder cannot be applied to given types;
        p_326229_.define(LIFESPAN, (Object)300);
                 ^
  required: EntityDataAccessor<T>,T
  found:    EntityDataAccessor<Integer>,Object
  reason: inference variable T has incompatible bounds
    equality constraints: Integer
    lower bounds: Object
  where T is a type-variable:
    T extends Object declared in method <T>define(EntityDataAccessor<T>,T)
G:\Proyectos\Mods_Minecraft\the_sundering\neoforge\26.2\src\main\java\com\skd\thesundering\entity\effect\Abyss_Mark_Entity.java:159: error: method define in class Builder cannot be applied to given types;
        p_326229_.define(DAMAGE, (Object)Float.valueOf(0.0f));
                 ^
  required: EntityDataAccessor<T>,T
  found:    EntityDataAccessor<Float>,Object
  reason: inference variable T has incompatible bounds
    equality constraints: Float
    lower bounds: Object
  where T is a type-variable:
    T extends Object declared in method <T>define(EntityDataAccessor<T>,T)
G:\Proyectos\Mods_Minecraft\the_sundering\neoforge\26.2\src\main\java\com\skd\thesundering\entity\effect\Abyss_Mark_Entity.java:160: error: method define in class Builder cannot be applied to given types;
        p_326229_.define(HPDAMAGE, (Object)Float.valueOf(0.0f));
                 ^
  required: EntityDataAccessor<T>,T
  found:    EntityDataAccessor<Float>,Object
  reason: inference variable T has incompatible bounds
    equality constraints: Float
    lower bounds: Object
  where T is a type-variable:
    T extends Object declared in method <T>define(EntityDataAccessor<T>,T)
G:\Proyectos\Mods_Minecraft\the_sundering\neoforge\26.2\src\main\java\com\skd\thesundering\entity\effect\Abyss_Mark_Entity.java:168: error: no suitable method found for set(EntityDataAccessor<Float>,Object)
        this.entityData.set(DAMAGE, (Object)Float.valueOf(damage));
                       ^
    method SynchedEntityData.<T#1>set(EntityDataAccessor<T#1>,T#1) is not applicable
      (inference variable T#1 has incompatible bounds
        equality constraints: Float
        lower bounds: Object)
    method SynchedEntityData.<T#2>set(EntityDataAccessor<T#2>,T#2,boolean) is not applicable
      (cannot infer type-variable(s) T#2
        (actual and formal argument lists differ in length))
  where T#1,T#2 are type-variables:
    T#1 extends Object declared in method <T#1>set(EntityDataAccessor<T#1>,T#1)
    T#2 extends Object declared in method <T#2>set(EntityDataAccessor<T#2>,T#2,boolean)
G:\Proyectos\Mods_Minecraft\the_sundering\neoforge\26.2\src\main\java\com\skd\thesundering\entity\effect\Abyss_Mark_Entity.java:176: error: no suitable method found for set(EntityDataAccessor<Float>,Object)
        this.entityData.set(HPDAMAGE, (Object)Float.valueOf(damage));
                       ^
    method SynchedEntityData.<T#1>set(EntityDataAccessor<T#1>,T#1) is not applicable
      (inference variable T#1 has incompatible bounds
        equality constraints: Float
        lower bounds: Object)
    method SynchedEntityData.<T#2>set(EntityDataAccessor<T#2>,T#2,boolean) is not applicable
      (cannot infer type-variable(s) T#2
        (actual and formal argument lists differ in length))
  where T#1,T#2 are type-variables:
    T#1 extends Object declared in method <T#1>set(EntityDataAccessor<T#1>,T#1)
    T#2 extends Object declared in method <T#2>set(EntityDataAccessor<T#2>,T#2,boolean)
G:\Proyectos\Mods_Minecraft\the_sundering\neoforge\26.2\src\main\java\com\skd\thesundering\entity\effect\Abyss_Mark_Entity.java:181: error: incompatible types: Optional<Integer> cannot be converted to int
        this.setLifespan(compound.getInt("Lifespan"));
                                        ^
G:\Proyectos\Mods_Minecraft\the_sundering\neoforge\26.2\src\main\java\com\skd\thesundering\entity\effect\Abyss_Mark_Entity.java:182: error: cannot find symbol
        if (compound.hasUUID("Owner")) {
                    ^
  symbol:   method hasUUID(String)
  location: variable compound of type CompoundTag
G:\Proyectos\Mods_Minecraft\the_sundering\neoforge\26.2\src\main\java\com\skd\thesundering\entity\effect\Abyss_Mark_Entity.java:183: error: cannot find symbol
            uuid = compound.getUUID("Owner");
                           ^
  symbol:   method getUUID(String)
  location: variable compound of type CompoundTag
G:\Proyectos\Mods_Minecraft\the_sundering\neoforge\26.2\src\main\java\com\skd\thesundering\entity\effect\Abyss_Mark_Entity.java:185: error: incompatible types: Optional<String> cannot be converted to String
            String s = compound.getString("Owner");
                                         ^
G:\Proyectos\Mods_Minecraft\the_sundering\neoforge\26.2\src\main\java\com\skd\thesundering\entity\effect\Abyss_Mark_Entity.java:186: error: cannot find symbol
            uuid = OldUsersConverter.convertMobOwnerIfNecessary((MinecraftServer)this.getServer(), (String)s);
                                                                                     ^
  symbol: method getServer()
G:\Proyectos\Mods_Minecraft\the_sundering\neoforge\26.2\src\main\java\com\skd\thesundering\entity\effect\Abyss_Mark_Entity.java:188: error: cannot find symbol
        if (compound.hasUUID("Target")) {
                    ^
  symbol:   method hasUUID(String)
  location: variable compound of type CompoundTag
G:\Proyectos\Mods_Minecraft\the_sundering\neoforge\26.2\src\main\java\com\skd\thesundering\entity\effect\Abyss_Mark_Entity.java:189: error: cannot find symbol
            this.targetId = compound.getUUID("Target");
                                    ^
  symbol:   method getUUID(String)
  location: variable compound of type CompoundTag
G:\Proyectos\Mods_Minecraft\the_sundering\neoforge\26.2\src\main\java\com\skd\thesundering\entity\effect\Abyss_Mark_Entity.java:199: error: incompatible types: Optional<Float> cannot be converted to float
        this.setDamage(compound.getFloat("damage"));
                                        ^
G:\Proyectos\Mods_Minecraft\the_sundering\neoforge\26.2\src\main\java\com\skd\thesundering\entity\effect\Abyss_Mark_Entity.java:200: error: incompatible types: Optional<Float> cannot be converted to float
        this.setHpDamage(compound.getFloat("Hpdamage"));
                                          ^
G:\Proyectos\Mods_Minecraft\the_sundering\neoforge\26.2\src\main\java\com\skd\thesundering\entity\effect\Abyss_Mark_Entity.java:206: error: cannot find symbol
            compound.putUUID("Owner", this.getCreatorEntityUUID());
                    ^
  symbol:   method putUUID(String,UUID)
  location: variable compound of type CompoundTag
G:\Proyectos\Mods_Minecraft\the_sundering\neoforge\26.2\src\main\java\com\skd\thesundering\entity\effect\Abyss_Mark_Entity.java:209: error: cannot find symbol
            compound.putUUID("Target", this.finalTarget.getUUID());
                    ^
  symbol:   method putUUID(String,UUID)
  location: variable compound of type CompoundTag
G:\Proyectos\Mods_Minecraft\the_sundering\neoforge\26.2\src\main\java\com\skd\thesundering\client\render\entity\Abyss_Mine_Renderer.java:79: error: cannot find symbol
        super.render((Entity)p_114162_, p_114163_, p_114164_, p_114165_, p_114166_, p_114167_);
        ^
  symbol:   variable super
  location: class Abyss_Mine_Renderer
G:\Proyectos\Mods_Minecraft\the_sundering\neoforge\26.2\src\main\java\com\skd\thesundering\entity\AnimationMonster\BossMonsters\The_Leviathan\Abyss_Mine_Entity.java:46: error: Abyss_Mine_Entity is not abstract and does not override abstract method addAdditionalSaveData(ValueOutput) in Entity
public class Abyss_Mine_Entity
       ^
G:\Proyectos\Mods_Minecraft\the_sundering\neoforge\26.2\src\main\java\com\skd\thesundering\entity\AnimationMonster\BossMonsters\The_Leviathan\Abyss_Mine_Entity.java:72: error: method define in class Builder cannot be applied to given types;
        p_326229_.define(ACTIVATE, (Object)false);
                 ^
  required: EntityDataAccessor<T>,T
  found:    EntityDataAccessor<Boolean>,Object
  reason: inference variable T has incompatible bounds
    equality constraints: Boolean
    lower bounds: Object
  where T is a type-variable:
    T extends Object declared in method <T>define(EntityDataAccessor<T>,T)
G:\Proyectos\Mods_Minecraft\the_sundering\neoforge\26.2\src\main\java\com\skd\thesundering\entity\AnimationMonster\BossMonsters\The_Leviathan\Abyss_Mine_Entity.java:90: error: incompatible types: Optional<Integer> cannot be converted to int
        this.warmupDelayTicks = compound.getInt("Warmup");
                                               ^
G:\Proyectos\Mods_Minecraft\the_sundering\neoforge\26.2\src\main\java\com\skd\thesundering\entity\AnimationMonster\BossMonsters\The_Leviathan\Abyss_Mine_Entity.java:91: error: cannot find symbol
        if (compound.hasUUID("Owner")) {
                    ^
  symbol:   method hasUUID(String)
  location: variable compound of type CompoundTag
G:\Proyectos\Mods_Minecraft\the_sundering\neoforge\26.2\src\main\java\com\skd\thesundering\entity\AnimationMonster\BossMonsters\The_Leviathan\Abyss_Mine_Entity.java:92: error: cannot find symbol
            this.casterUuid = compound.getUUID("Owner");
                                      ^
  symbol:   method getUUID(String)
  location: variable compound of type CompoundTag
G:\Proyectos\Mods_Minecraft\the_sundering\neoforge\26.2\src\main\java\com\skd\thesundering\entity\AnimationMonster\BossMonsters\The_Leviathan\Abyss_Mine_Entity.java:99: error: cannot find symbol
            compound.putUUID("Owner", this.casterUuid);
                    ^
  symbol:   method putUUID(String,UUID)
  location: variable compound of type CompoundTag
G:\Proyectos\Mods_Minecraft\the_sundering\neoforge\26.2\src\main\java\com\skd\thesundering\entity\AnimationMonster\BossMonsters\The_Leviathan\Abyss_Mine_Entity.java:154: error: no suitable method found for set(EntityDataAccessor<Boolean>,Object)
        this.entityData.set(ACTIVATE, (Object)Activate);
                       ^
    method SynchedEntityData.<T#1>set(EntityDataAccessor<T#1>,T#1) is not applicable
      (inference variable T#1 has incompatible bounds
        equality constraints: Boolean
        lower bounds: Object)
    method SynchedEntityData.<T#2>set(EntityDataAccessor<T#2>,T#2,boolean) is not applicable
      (cannot infer type-variable(s) T#2
        (actual and formal argument lists differ in length))
  where T#1,T#2 are type-variables:
    T#1 extends Object declared in method <T#1>set(EntityDataAccessor<T#1>,T#1)
    T#2 extends Object declared in method <T#2>set(EntityDataAccessor<T#2>,T#2,boolean)
G:\Proyectos\Mods_Minecraft\the_sundering\neoforge\26.2\src\main\java\com\skd\thesundering\client\render\entity\Abyss_Orb_Renderer.java:41: error: cannot find symbol
    private static final RenderType RENDER_TYPE = RenderType.entityCutoutNoCull((Identifier)TEXTURE_LOCATION);
                                                            ^
  symbol:   method entityCutoutNoCull(Identifier)
  location: class RenderType
G:\Proyectos\Mods_Minecraft\the_sundering\neoforge\26.2\src\main\java\com\skd\thesundering\client\render\entity\Abyss_Orb_Renderer.java:54: error: cannot find symbol
        p_114083_.mulPose(this.entityRenderDispatcher.cameraOrientation());
                              ^
  symbol: variable entityRenderDispatcher
G:\Proyectos\Mods_Minecraft\the_sundering\neoforge\26.2\src\main\java\com\skd\thesundering\client\render\entity\Abyss_Orb_Renderer.java:63: error: cannot find symbol
        super.render((Entity)p_114080_, p_114081_, p_114082_, p_114083_, p_114084_, p_114085_);
        ^
  symbol:   variable super
  location: class Abyss_Orb_Renderer
G:\Proyectos\Mods_Minecraft\the_sundering\neoforge\26.2\src\main\java\com\skd\thesundering\entity\AnimationMonster\BossMonsters\The_Leviathan\Abyss_Orb_Entity.java:101: error: cannot find symbol
        this.moveTo(p_36818_, p_36819_, p_36820_, this.getYRot(), this.getXRot());
            ^
  symbol: method moveTo(double,double,double,float,float)
G:\Proyectos\Mods_Minecraft\the_sundering\neoforge\26.2\src\main\java\com\skd\thesundering\entity\AnimationMonster\BossMonsters\The_Leviathan\Abyss_Orb_Entity.java:126: error: method define in class Builder cannot be applied to given types;
        p_326229_.define(TRACKING, (Object)false);
                 ^
  required: EntityDataAccessor<T>,T
  found:    EntityDataAccessor<Boolean>,Object
  reason: inference variable T has incompatible bounds
    equality constraints: Boolean
    lower bounds: Object
  where T is a type-variable:
    T extends Object declared in method <T>define(EntityDataAccessor<T>,T)
G:\Proyectos\Mods_Minecraft\the_sundering\neoforge\26.2\src\main\java\com\skd\thesundering\entity\AnimationMonster\BossMonsters\The_Leviathan\Abyss_Orb_Entity.java:127: error: method define in class Builder cannot be applied to given types;
        p_326229_.define(DAMAGE, (Object)Float.valueOf(0.0f));
                 ^
  required: EntityDataAccessor<T>,T
  found:    EntityDataAccessor<Float>,Object
  reason: inference variable T has incompatible bounds
    equality constraints: Float
    lower bounds: Object
  where T is a type-variable:
    T extends Object declared in method <T>define(EntityDataAccessor<T>,T)
G:\Proyectos\Mods_Minecraft\the_sundering\neoforge\26.2\src\main\java\com\skd\thesundering\entity\AnimationMonster\BossMonsters\The_Leviathan\Abyss_Orb_Entity.java:135: error: no suitable method found for set(EntityDataAccessor<Float>,Object)
        this.entityData.set(DAMAGE, (Object)Float.valueOf(damage));
                       ^
    method SynchedEntityData.<T#1>set(EntityDataAccessor<T#1>,T#1) is not applicable
      (inference variable T#1 has incompatible bounds
        equality constraints: Float
        lower bounds: Object)
    method SynchedEntityData.<T#2>set(EntityDataAccessor<T#2>,T#2,boolean) is not applicable
      (cannot infer type-variable(s) T#2
        (actual and formal argument lists differ in length))
  where T#1,T#2 are type-variables:
    T#1 extends Object declared in method <T#1>set(EntityDataAccessor<T#1>,T#1)
    T#2 extends Object declared in method <T#2>set(EntityDataAccessor<T#2>,T#2,boolean)
G:\Proyectos\Mods_Minecraft\the_sundering\neoforge\26.2\src\main\java\com\skd\thesundering\entity\AnimationMonster\BossMonsters\The_Leviathan\Abyss_Orb_Entity.java:147: error: incompatible types: CompoundTag cannot be converted to ValueOutput
        super.addAdditionalSaveData(p_37357_);
                                    ^
G:\Proyectos\Mods_Minecraft\the_sundering\neoforge\26.2\src\main\java\com\skd\thesundering\entity\AnimationMonster\BossMonsters\The_Leviathan\Abyss_Orb_Entity.java:149: error: cannot find symbol
            p_37357_.putUUID("Target", this.finalTarget.getUUID());
                    ^
  symbol:   method putUUID(String,UUID)
  location: variable p_37357_ of type CompoundTag
G:\Proyectos\Mods_Minecraft\the_sundering\neoforge\26.2\src\main\java\com\skd\thesundering\entity\AnimationMonster\BossMonsters\The_Leviathan\Abyss_Orb_Entity.java:151: error: cannot find symbol
        p_37357_.put("power", (Tag)this.newDoubleList(new double[]{this.xPower, this.yPower, this.zPower}));
                                       ^
  symbol: method newDoubleList(double[])
G:\Proyectos\Mods_Minecraft\the_sundering\neoforge\26.2\src\main\java\com\skd\thesundering\entity\AnimationMonster\BossMonsters\The_Leviathan\Abyss_Orb_Entity.java:159: error: incompatible types: CompoundTag cannot be converted to ValueInput
        super.readAdditionalSaveData(p_37353_);
                                     ^
G:\Proyectos\Mods_Minecraft\the_sundering\neoforge\26.2\src\main\java\com\skd\thesundering\entity\AnimationMonster\BossMonsters\The_Leviathan\Abyss_Orb_Entity.java:160: error: cannot find symbol
        if (p_37353_.hasUUID("Target")) {
                    ^
  symbol:   method hasUUID(String)
  location: variable p_37353_ of type CompoundTag
G:\Proyectos\Mods_Minecraft\the_sundering\neoforge\26.2\src\main\java\com\skd\thesundering\entity\AnimationMonster\BossMonsters\The_Leviathan\Abyss_Orb_Entity.java:161: error: cannot find symbol
            this.targetId = p_37353_.getUUID("Target");
                                    ^
  symbol:   method getUUID(String)
  location: variable p_37353_ of type CompoundTag
G:\Proyectos\Mods_Minecraft\the_sundering\neoforge\26.2\src\main\java\com\skd\thesundering\entity\AnimationMonster\BossMonsters\The_Leviathan\Abyss_Orb_Entity.java:163: error: method contains in class CompoundTag cannot be applied to given types;
        if (p_37353_.contains("power", 9) && (listtag = p_37353_.getList("power", 6)).size() == 3) {
                    ^
  required: String
  found:    String,int
  reason: actual and formal argument lists differ in length
G:\Proyectos\Mods_Minecraft\the_sundering\neoforge\26.2\src\main\java\com\skd\thesundering\entity\AnimationMonster\BossMonsters\The_Leviathan\Abyss_Orb_Entity.java:163: error: method getList in class CompoundTag cannot be applied to given types;
        if (p_37353_.contains("power", 9) && (listtag = p_37353_.getList("power", 6)).size() == 3) {
                                                                ^
  required: String
  found:    String,int
  reason: actual and formal argument lists differ in length
G:\Proyectos\Mods_Minecraft\the_sundering\neoforge\26.2\src\main\java\com\skd\thesundering\entity\AnimationMonster\BossMonsters\The_Leviathan\Abyss_Orb_Entity.java:164: error: incompatible types: Optional<Double> cannot be converted to double
            this.xPower = listtag.getDouble(0);
                                           ^
G:\Proyectos\Mods_Minecraft\the_sundering\neoforge\26.2\src\main\java\com\skd\thesundering\entity\AnimationMonster\BossMonsters\The_Leviathan\Abyss_Orb_Entity.java:165: error: incompatible types: Optional<Double> cannot be converted to double
            this.yPower = listtag.getDouble(1);
                                           ^
G:\Proyectos\Mods_Minecraft\the_sundering\neoforge\26.2\src\main\java\com\skd\thesundering\entity\AnimationMonster\BossMonsters\The_Leviathan\Abyss_Orb_Entity.java:166: error: incompatible types: Optional<Double> cannot be converted to double
            this.zPower = listtag.getDouble(2);
                                           ^
G:\Proyectos\Mods_Minecraft\the_sundering\neoforge\26.2\src\main\java\com\skd\thesundering\entity\AnimationMonster\BossMonsters\The_Leviathan\Abyss_Orb_Entity.java:168: error: incompatible types: Optional<Integer> cannot be converted to int
        this.timer = p_37353_.getInt("timer");
                                    ^
G:\Proyectos\Mods_Minecraft\the_sundering\neoforge\26.2\src\main\java\com\skd\thesundering\entity\AnimationMonster\BossMonsters\The_Leviathan\Abyss_Orb_Entity.java:169: error: incompatible types: Optional<Boolean> cannot be converted to boolean
        this.setTracking(p_37353_.getBoolean("fired"));
                                            ^
G:\Proyectos\Mods_Minecraft\the_sundering\neoforge\26.2\src\main\java\com\skd\thesundering\entity\AnimationMonster\BossMonsters\The_Leviathan\Abyss_Orb_Entity.java:170: error: incompatible types: Optional<Float> cannot be converted to float
        this.setDamage(p_37353_.getFloat("damage"));
                                        ^
G:\Proyectos\Mods_Minecraft\the_sundering\neoforge\26.2\src\main\java\com\skd\thesundering\entity\AnimationMonster\BossMonsters\The_Leviathan\Abyss_Orb_Entity.java:174: error: no suitable method found for set(EntityDataAccessor<Boolean>,Object)
        this.entityData.set(TRACKING, (Object)tracking);
                       ^
    method SynchedEntityData.<T#1>set(EntityDataAccessor<T#1>,T#1) is not applicable
      (inference variable T#1 has incompatible bounds
        equality constraints: Boolean
        lower bounds: Object)
    method SynchedEntityData.<T#2>set(EntityDataAccessor<T#2>,T#2,boolean) is not applicable
      (cannot infer type-variable(s) T#2
        (actual and formal argument lists differ in length))
  where T#1,T#2 are type-variables:
    T#1 extends Object declared in method <T#1>set(EntityDataAccessor<T#1>,T#1)
    T#2 extends Object declared in method <T#2>set(EntityDataAccessor<T#2>,T#2,boolean)
G:\Proyectos\Mods_Minecraft\the_sundering\neoforge\26.2\src\main\java\com\skd\thesundering\entity\AnimationMonster\BossMonsters\The_Leviathan\Abyss_Orb_Entity.java:189: error: cannot find symbol
            this.checkInsideBlocks();
                ^
  symbol: method checkInsideBlocks()
G:\Proyectos\Mods_Minecraft\the_sundering\neoforge\26.2\src\main\java\com\skd\thesundering\entity\AnimationMonster\BossMonsters\The_Leviathan\Abyss_Orb_Entity.java:262: error: incompatible types: void cannot be converted to boolean
                flag = entity.hurt(this.damageSources().mobProjectile((Entity)this, livingentity), this.getDamage());
                                  ^
G:\Proyectos\Mods_Minecraft\the_sundering\neoforge\26.2\src\main\java\com\skd\thesundering\entity\AnimationMonster\BossMonsters\The_Leviathan\Abyss_Orb_Entity.java:264: error: incompatible types: void cannot be converted to boolean
                flag = entity.hurt(this.damageSources().magic(), this.getDamage());
                                  ^
G:\Proyectos\Mods_Minecraft\the_sundering\neoforge\26.2\src\main\java\com\skd\thesundering\entity\AnimationMonster\BossMonsters\The_Leviathan\Abyss_Orb_Entity.java:313: error: hurt(DamageSource,float) in Abyss_Orb_Entity cannot override hurt(DamageSource,float) in Entity
    public boolean hurt(DamageSource p_37616_, float p_37617_) {
                   ^
  overridden method is final
G:\Proyectos\Mods_Minecraft\the_sundering\neoforge\26.2\src\main\java\com\skd\thesundering\client\render\entity\Abyss_Portal_Renderer.java:56: error: cannot find symbol
        super.render((Entity)entityIn, entityYaw, partialTicks, matrixStackIn, bufferIn, packedLightIn);
        ^
  symbol:   variable super
  location: class Abyss_Portal_Renderer
G:\Proyectos\Mods_Minecraft\the_sundering\neoforge\26.2\src\main\java\com\skd\thesundering\client\render\entity\Accretion_Renderer.java:56: error: cannot find symbol
        this.blockRenderer = renderManagerIn.getBlockRenderDispatcher();
                                            ^
  symbol:   method getBlockRenderDispatcher()
  location: variable renderManagerIn of type Context
G:\Proyectos\Mods_Minecraft\the_sundering\neoforge\26.2\src\main\java\com\skd\thesundering\client\render\entity\Accretion_Renderer.java:84: error: cannot find symbol
            super.render((Entity)entityIn, entityYaw, partialTicks, matrixStackIn, bufferIn, packedLightIn);
            ^
  symbol:   variable super
  location: class Accretion_Renderer
G:\Proyectos\Mods_Minecraft\the_sundering\neoforge\26.2\src\main\java\com\skd\thesundering\client\render\entity\Accretion_Renderer.java:89: error: package Cataclysm does not exist
        Cataclysm.PROXY.releaseRenderingEntity(entity.getUUID());
                 ^
G:\Proyectos\Mods_Minecraft\the_sundering\neoforge\26.2\src\main\java\com\skd\thesundering\client\render\entity\Accretion_Renderer.java:95: error: package Cataclysm does not exist
        Cataclysm.PROXY.blockRenderingEntity(entity.getUUID());
                 ^
G:\Proyectos\Mods_Minecraft\the_sundering\neoforge\26.2\src\main\java\com\skd\thesundering\entity\projectile\Accretion_Entity.java:97: error: no suitable constructor found for ThrowableProjectile(EntityType<Accretion_Entity>,LivingEntity,Level)
        super(type, thrower, world);
        ^
    constructor ThrowableProjectile.ThrowableProjectile(EntityType<? extends ThrowableProjectile>,Level) is not applicable
      (actual and formal argument lists differ in length)
    constructor ThrowableProjectile.ThrowableProjectile(EntityType<? extends ThrowableProjectile>,double,double,double,Level) is not applicable
      (actual and formal argument lists differ in length)
G:\Proyectos\Mods_Minecraft\the_sundering\neoforge\26.2\src\main\java\com\skd\thesundering\entity\projectile\Accretion_Entity.java:102: error: method define in class Builder cannot be applied to given types;
        p_326229_.define(DAMAGE, (Object)Float.valueOf(0.0f));
                 ^
  required: EntityDataAccessor<T>,T
  found:    EntityDataAccessor<Float>,Object
  reason: inference variable T has incompatible bounds
    equality constraints: Float
    lower bounds: Object
  where T is a type-variable:
    T extends Object declared in method <T>define(EntityDataAccessor<T>,T)
G:\Proyectos\Mods_Minecraft\the_sundering\neoforge\26.2\src\main\java\com\skd\thesundering\entity\projectile\Accretion_Entity.java:110: error: no suitable method found for set(EntityDataAccessor<Float>,Object)
        this.entityData.set(DAMAGE, (Object)Float.valueOf(damage));
                       ^
    method SynchedEntityData.<T#1>set(EntityDataAccessor<T#1>,T#1) is not applicable
      (inference variable T#1 has incompatible bounds
        equality constraints: Float
        lower bounds: Object)
    method SynchedEntityData.<T#2>set(EntityDataAccessor<T#2>,T#2,boolean) is not applicable
      (cannot infer type-variable(s) T#2
        (actual and formal argument lists differ in length))
  where T#1,T#2 are type-variables:
    T#1 extends Object declared in method <T#1>set(EntityDataAccessor<T#1>,T#1)
    T#2 extends Object declared in method <T#2>set(EntityDataAccessor<T#2>,T#2,boolean)
G:\Proyectos\Mods_Minecraft\the_sundering\neoforge\26.2\src\main\java\com\skd\thesundering\entity\projectile\Accretion_Entity.java:119: error: incompatible types: Object cannot be converted to BlockState
        return ((Optional)this.entityData.get(BLOCK_STATE)).orElse(null);
                                                                  ^
G:\Proyectos\Mods_Minecraft\the_sundering\neoforge\26.2\src\main\java\com\skd\thesundering\entity\projectile\Accretion_Entity.java:142: error: incompatible types: void cannot be converted to boolean
                    flag = entity.hurt(damagesource, this.getDamage());
                                      ^
G:\Proyectos\Mods_Minecraft\the_sundering\neoforge\26.2\src\main\java\com\skd\thesundering\entity\projectile\Accretion_Entity.java:156: error: incompatible types: void cannot be converted to boolean
                flag = entity.hurt(this.damageSources().inWall(), 5.0f);
                                  ^
G:\Proyectos\Mods_Minecraft\the_sundering\neoforge\26.2\src\main\java\com\skd\thesundering\entity\projectile\Accretion_Entity.java:182: error: cannot find symbol
            if (entity.getType().is(EntityTypeTags.REDIRECTABLE_PROJECTILE) && entity instanceof Projectile) {
                                ^
  symbol:   method is(TagKey<EntityType<?>>)
  location: class EntityType<CAP#1>
  where CAP#1 is a fresh type-variable:
    CAP#1 extends Entity from capture of ?
G:\Proyectos\Mods_Minecraft\the_sundering\neoforge\26.2\src\main\java\com\skd\thesundering\entity\projectile\Accretion_Entity.java:184: error: incompatible types: Entity cannot be converted to EntityReference<Entity>
                projectile.deflect(ProjectileDeflection.AIM_DEFLECT, this.getOwner(), this.getOwner(), true);
                                                                                                   ^
G:\Proyectos\Mods_Minecraft\the_sundering\neoforge\26.2\src\main\java\com\skd\thesundering\entity\projectile\Accretion_Entity.java:197: error: incompatible types: CompoundTag cannot be converted to ValueOutput
        super.addAdditionalSaveData(compound);
                                    ^
G:\Proyectos\Mods_Minecraft\the_sundering\neoforge\26.2\src\main\java\com\skd\thesundering\entity\projectile\Accretion_Entity.java:206: error: incompatible types: CompoundTag cannot be converted to ValueInput
        super.readAdditionalSaveData(compound);
                                     ^
G:\Proyectos\Mods_Minecraft\the_sundering\neoforge\26.2\src\main\java\com\skd\thesundering\entity\projectile\Accretion_Entity.java:208: error: method contains in class CompoundTag cannot be applied to given types;
        if (compound.contains("AccretionBlockState", 10) && (blockstate = NbtUtils.readBlockState((HolderGetter)this.level().holderLookup(Registries.BLOCK), (CompoundTag)compound.getCompound("AccretionBlockState"))).isAir()) {
                    ^
  required: String
  found:    String,int
  reason: actual and formal argument lists differ in length
G:\Proyectos\Mods_Minecraft\the_sundering\neoforge\26.2\src\main\java\com\skd\thesundering\entity\projectile\Accretion_Entity.java:208: error: incompatible types: Optional<CompoundTag> cannot be converted to CompoundTag
        if (compound.contains("AccretionBlockState", 10) && (blockstate = NbtUtils.readBlockState((HolderGetter)this.level().holderLookup(Registries.BLOCK), (CompoundTag)compound.getCompound("AccretionBlockState"))).isAir()) {
                                                                                                                                                                                              ^
G:\Proyectos\Mods_Minecraft\the_sundering\neoforge\26.2\src\main\java\com\skd\thesundering\entity\projectile\Accretion_Entity.java:212: error: incompatible types: Optional<Float> cannot be converted to float
        this.setDamage(compound.getFloat("Damage"));
                                        ^
G:\Proyectos\Mods_Minecraft\the_sundering\neoforge\26.2\src\main\java\com\skd\thesundering\client\render\entity\Amethyst_Cluster_Projectile_Renderer.java:53: error: cannot find symbol
        VertexConsumer VertexConsumer2 = bufferIn.getBuffer(RenderType.entityTranslucent((Identifier)this.getTextureLocation(entityIn)));
                                                                      ^
  symbol:   method entityTranslucent(Identifier)
  location: class RenderType
G:\Proyectos\Mods_Minecraft\the_sundering\neoforge\26.2\src\main\java\com\skd\thesundering\client\render\entity\Amethyst_Cluster_Projectile_Renderer.java:54: error: method renderToBuffer in class BasicEntityModel<T> cannot be applied to given types;
        this.model.renderToBuffer(matrixStackIn, VertexConsumer2, packedLightIn, OverlayTexture.NO_OVERLAY);
                  ^
  required: PoseStack,VertexConsumer,int,int,int
  found:    PoseStack,VertexConsumer,int,int
  reason: actual and formal argument lists differ in length
  where T is a type-variable:
    T extends Entity declared in class BasicEntityModel
G:\Proyectos\Mods_Minecraft\the_sundering\neoforge\26.2\src\main\java\com\skd\thesundering\client\render\entity\Amethyst_Cluster_Projectile_Renderer.java:56: error: cannot find symbol
        super.render((Entity)entityIn, entityYaw, partialTicks, matrixStackIn, bufferIn, packedLightIn);
        ^
  symbol:   variable super
  location: class Amethyst_Cluster_Projectile_Renderer
G:\Proyectos\Mods_Minecraft\the_sundering\neoforge\26.2\src\main\java\com\skd\thesundering\client\render\entity\Amethyst_Crab_Renderer.java:32: error: incompatible types: Amethyst_Crab_Model cannot be converted to EntityModel
        super(renderManagerIn, (EntityModel)new Amethyst_Crab_Model(), 1.5f);
                                            ^
G:\Proyectos\Mods_Minecraft\the_sundering\neoforge\26.2\src\main\java\com\skd\thesundering\client\render\entity\Ancient_Desert_Stele_Renderer.java:54: error: cannot find symbol
        VertexConsumer vertexconsumer = bufferIn.getBuffer(RenderType.entityTranslucent((Identifier)this.getTextureLocation(entityIn)));
                                                                     ^
  symbol:   method entityTranslucent(Identifier)
  location: class RenderType
G:\Proyectos\Mods_Minecraft\the_sundering\neoforge\26.2\src\main\java\com\skd\thesundering\client\render\entity\Ancient_Desert_Stele_Renderer.java:61: error: package FastColor does not exist
        int i = FastColor.ARGB32.color((int)((int)(255.0f * alpha)), (int)r, (int)g, (int)b);
                         ^
G:\Proyectos\Mods_Minecraft\the_sundering\neoforge\26.2\src\main\java\com\skd\thesundering\client\render\entity\Ancient_Desert_Stele_Renderer.java:64: error: cannot find symbol
        super.render((Entity)entityIn, entityYaw, partialTicks, matrixStackIn, bufferIn, packedLightIn);
        ^
  symbol:   variable super
  location: class Ancient_Desert_Stele_Renderer
G:\Proyectos\Mods_Minecraft\the_sundering\neoforge\26.2\src\main\java\com\skd\thesundering\client\render\entity\Ancient_Remnant_Rework_Renderer.java:34: error: incompatible types: Ancient_Remnant_Rework_Model cannot be converted to EntityModel
        super(renderManagerIn, (EntityModel)new Ancient_Remnant_Rework_Model(renderManagerIn.bakeLayer(CMModelLayers.ANCIENT_REMNANT_MODEL)), 1.5f);
                                            ^
G:\Proyectos\Mods_Minecraft\the_sundering\neoforge\26.2\src\main\java\com\skd\thesundering\client\render\entity\Ancient_Remnant_Rework_Renderer.java:35: error: cannot find symbol
        this.addLayer(new Ancient_Remnant_Layer(this));
            ^
  symbol: method addLayer(Ancient_Remnant_Layer)
G:\Proyectos\Mods_Minecraft\the_sundering\neoforge\26.2\src\main\java\com\skd\thesundering\client\render\entity\Aptrgangr_Renderer.java:41: error: incompatible types: Aptrgangr_Model cannot be converted to EntityModel
        super(renderManagerIn, (EntityModel)new Aptrgangr_Model(renderManagerIn.bakeLayer(CMModelLayers.APTRGANGR_MODEL)), 1.25f);
                                            ^
G:\Proyectos\Mods_Minecraft\the_sundering\neoforge\26.2\src\main\java\com\skd\thesundering\client\render\entity\Aptrgangr_Renderer.java:42: error: cannot find symbol
        this.addLayer(new AptrgangrRiderLayer(this));
            ^
  symbol: method addLayer(AptrgangrRiderLayer)
G:\Proyectos\Mods_Minecraft\the_sundering\neoforge\26.2\src\main\java\com\skd\thesundering\client\render\entity\Aptrgangr_Renderer.java:43: error: cannot find symbol
        this.addLayer(new Aptrgangr_Layer(this));
            ^
  symbol: method addLayer(Aptrgangr_Layer)
G:\Proyectos\Mods_Minecraft\the_sundering\neoforge\26.2\src\main\java\com\skd\thesundering\client\render\entity\Aptrgangr_Renderer.java:51: error: cannot find symbol
        return super.getRenderOffset((Entity)entityIn, partialTicks);
               ^
  symbol:   variable super
  location: class Aptrgangr_Renderer
G:\Proyectos\Mods_Minecraft\the_sundering\neoforge\26.2\src\main\java\com\skd\thesundering\client\render\entity\Axe_Blade_Renderer.java:66: error: package FastColor does not exist
        int i = FastColor.ARGB32.color((int)Mth.floor((float)(alpha * 255.0f)), (int)-1);
                         ^
G:\Proyectos\Mods_Minecraft\the_sundering\neoforge\26.2\src\main\java\com\skd\thesundering\client\render\entity\Axe_Blade_Renderer.java:69: error: cannot find symbol
        super.render((Entity)entityIn, entityYaw, partialTicks, matrixStackIn, bufferIn, packedLightIn);
        ^
  symbol:   variable super
  location: class Axe_Blade_Renderer
G:\Proyectos\Mods_Minecraft\the_sundering\neoforge\26.2\src\main\java\com\skd\thesundering\client\render\entity\Blazing_Bone_Renderer.java:43: error: cannot find symbol
        float spin = ((float)entity.tickCount + partialTicks) * 30.0f;
                                   ^
  symbol:   variable tickCount
  location: variable entity of type Blazing_Bone_Entity
G:\Proyectos\Mods_Minecraft\the_sundering\neoforge\26.2\src\main\java\com\skd\thesundering\client\render\entity\Blazing_Bone_Renderer.java:49: error: cannot find symbol
        Minecraft.getInstance().getItemRenderer().renderStatic(entity.getItem(), ItemDisplayContext.GROUND, light, OverlayTexture.NO_OVERLAY, stack, buffer, entity.level(), entity.getId());
                               ^
  symbol:   method getItemRenderer()
  location: class Minecraft
G:\Proyectos\Mods_Minecraft\the_sundering\neoforge\26.2\src\main\java\com\skd\thesundering\client\render\entity\Blazing_Bone_Renderer.java:49: error: cannot find symbol
        Minecraft.getInstance().getItemRenderer().renderStatic(entity.getItem(), ItemDisplayContext.GROUND, light, OverlayTexture.NO_OVERLAY, stack, buffer, entity.level(), entity.getId());
                                                                     ^
  symbol:   method getItem()
  location: variable entity of type Blazing_Bone_Entity
G:\Proyectos\Mods_Minecraft\the_sundering\neoforge\26.2\src\main\java\com\skd\thesundering\client\render\entity\Blazing_Bone_Renderer.java:49: error: cannot find symbol
        Minecraft.getInstance().getItemRenderer().renderStatic(entity.getItem(), ItemDisplayContext.GROUND, light, OverlayTexture.NO_OVERLAY, stack, buffer, entity.level(), entity.getId());
                                                                                                                                                                   ^
  symbol:   method level()
  location: variable entity of type Blazing_Bone_Entity
G:\Proyectos\Mods_Minecraft\the_sundering\neoforge\26.2\src\main\java\com\skd\thesundering\client\render\entity\Blazing_Bone_Renderer.java:49: error: cannot find symbol
        Minecraft.getInstance().getItemRenderer().renderStatic(entity.getItem(), ItemDisplayContext.GROUND, light, OverlayTexture.NO_OVERLAY, stack, buffer, entity.level(), entity.getId());
                                                                                                                                                                                   ^
  symbol:   method getId()
  location: variable entity of type Blazing_Bone_Entity
G:\Proyectos\Mods_Minecraft\the_sundering\neoforge\26.2\src\main\java\com\skd\thesundering\entity\projectile\Blazing_Bone_Entity.java:54: error: incompatible types: Class<Blazing_Bone_Entity> cannot be converted to Class<? extends SyncedDataHolder>
    private static final EntityDataAccessor<Float> DAMAGE = SynchedEntityData.defineId(Blazing_Bone_Entity.class, (EntityDataSerializer)EntityDataSerializers.FLOAT);
                                                                                                          ^
G:\Proyectos\Mods_Minecraft\the_sundering\neoforge\26.2\src\main\java\com\skd\thesundering\entity\projectile\Blazing_Bone_Entity.java:56: error: type argument ? extends Blazing_Bone_Entity is not within bounds of type-variable T
    public Blazing_Bone_Entity(EntityType<? extends Blazing_Bone_Entity> type, Level world) {
                                          ^
  where T is a type-variable:
    T extends Entity declared in class EntityType
G:\Proyectos\Mods_Minecraft\the_sundering\neoforge\26.2\src\main\java\com\skd\thesundering\entity\projectile\Blazing_Bone_Entity.java:66: error: cannot find symbol
        super.defineSynchedData(p_326229_);
        ^
  symbol:   variable super
  location: class Blazing_Bone_Entity
G:\Proyectos\Mods_Minecraft\the_sundering\neoforge\26.2\src\main\java\com\skd\thesundering\entity\projectile\Blazing_Bone_Entity.java:67: error: method define in class Builder cannot be applied to given types;
        p_326229_.define(DAMAGE, (Object)Float.valueOf(0.0f));
                 ^
  required: EntityDataAccessor<T>,T
  found:    EntityDataAccessor<Float>,Object
  reason: inference variable T has incompatible bounds
    equality constraints: Float
    lower bounds: Object
  where T is a type-variable:
    T extends Object declared in method <T>define(EntityDataAccessor<T>,T)
G:\Proyectos\Mods_Minecraft\the_sundering\neoforge\26.2\src\main\java\com\skd\thesundering\entity\projectile\Blazing_Bone_Entity.java:71: error: cannot find symbol
        return ((Float)this.entityData.get(DAMAGE)).floatValue();
                           ^
  symbol: variable entityData
G:\Proyectos\Mods_Minecraft\the_sundering\neoforge\26.2\src\main\java\com\skd\thesundering\entity\projectile\Blazing_Bone_Entity.java:75: error: cannot find symbol
        this.entityData.set(DAMAGE, (Object)Float.valueOf(damage));
            ^
  symbol: variable entityData
G:\Proyectos\Mods_Minecraft\the_sundering\neoforge\26.2\src\main\java\com\skd\thesundering\entity\projectile\Blazing_Bone_Entity.java:79: error: cannot find symbol
        super.addAdditionalSaveData(tag);
        ^
  symbol:   variable super
  location: class Blazing_Bone_Entity
G:\Proyectos\Mods_Minecraft\the_sundering\neoforge\26.2\src\main\java\com\skd\thesundering\entity\projectile\Blazing_Bone_Entity.java:84: error: cannot find symbol
        super.readAdditionalSaveData(tag);
        ^
  symbol:   variable super
  location: class Blazing_Bone_Entity
G:\Proyectos\Mods_Minecraft\the_sundering\neoforge\26.2\src\main\java\com\skd\thesundering\entity\projectile\Blazing_Bone_Entity.java:85: error: incompatible types: Optional<Float> cannot be converted to float
        this.setDamage(tag.getFloat("damage"));
                                   ^
G:\Proyectos\Mods_Minecraft\the_sundering\neoforge\26.2\src\main\java\com\skd\thesundering\entity\projectile\Blazing_Bone_Entity.java:93: error: cannot find symbol
        super.onHitEntity(result);
        ^
  symbol:   variable super
  location: class Blazing_Bone_Entity
G:\Proyectos\Mods_Minecraft\the_sundering\neoforge\26.2\src\main\java\com\skd\thesundering\entity\projectile\Blazing_Bone_Entity.java:94: error: cannot find symbol
        Entity shooter = this.getOwner();
                             ^
  symbol: method getOwner()
G:\Proyectos\Mods_Minecraft\the_sundering\neoforge\26.2\src\main\java\com\skd\thesundering\entity\projectile\Blazing_Bone_Entity.java:98: error: incompatible types: Blazing_Bone_Entity cannot be converted to Entity
                entity.hurt(this.damageSources().mobProjectile((Entity)this, (LivingEntity)shooter), this.getDamage());
                                                                       ^
G:\Proyectos\Mods_Minecraft\the_sundering\neoforge\26.2\src\main\java\com\skd\thesundering\entity\projectile\Blazing_Bone_Entity.java:98: error: cannot find symbol
                entity.hurt(this.damageSources().mobProjectile((Entity)this, (LivingEntity)shooter), this.getDamage());
                                ^
  symbol: method damageSources()
G:\Proyectos\Mods_Minecraft\the_sundering\neoforge\26.2\src\main\java\com\skd\thesundering\entity\projectile\Blazing_Bone_Entity.java:101: error: cannot find symbol
            entity.hurt(this.damageSources().magic(), this.getDamage());
                            ^
  symbol: method damageSources()
G:\Proyectos\Mods_Minecraft\the_sundering\neoforge\26.2\src\main\java\com\skd\thesundering\entity\projectile\Blazing_Bone_Entity.java:110: error: cannot find symbol
        super.onHit(result);
        ^
  symbol:   variable super
  location: class Blazing_Bone_Entity
G:\Proyectos\Mods_Minecraft\the_sundering\neoforge\26.2\src\main\java\com\skd\thesundering\entity\projectile\Blazing_Bone_Entity.java:111: error: cannot find symbol
        if (!this.level().isClientSide()) {
                 ^
  symbol: method level()
G:\Proyectos\Mods_Minecraft\the_sundering\neoforge\26.2\src\main\java\com\skd\thesundering\entity\projectile\Blazing_Bone_Entity.java:112: error: incompatible types: Blazing_Bone_Entity cannot be converted to Entity
            this.level().broadcastEntityEvent((Entity)this, (byte)3);
                                                      ^
G:\Proyectos\Mods_Minecraft\the_sundering\neoforge\26.2\src\main\java\com\skd\thesundering\entity\projectile\Blazing_Bone_Entity.java:112: error: cannot find symbol
            this.level().broadcastEntityEvent((Entity)this, (byte)3);
                ^
  symbol: method level()
G:\Proyectos\Mods_Minecraft\the_sundering\neoforge\26.2\src\main\java\com\skd\thesundering\entity\projectile\Blazing_Bone_Entity.java:113: error: cannot find symbol
            this.discard();
                ^
  symbol: method discard()
G:\Proyectos\Mods_Minecraft\the_sundering\neoforge\26.2\src\main\java\com\skd\thesundering\entity\projectile\Blazing_Bone_Entity.java:121: error: no suitable constructor found for ItemParticleOption(ParticleType<ItemParticleOption>,ItemStack)
                this.level().addParticle((ParticleOptions)new ItemParticleOption(ParticleTypes.ITEM, new ItemStack((ItemLike)ModItems.BLAZING_BONE.get())), this.getX(), this.getY(), this.getZ(), this.random.nextGaussian() * 0.2, this.random.nextGaussian() * 0.2, this.random.nextGaussian() * 0.2);
                                                          ^
    constructor ItemParticleOption.ItemParticleOption(ParticleType<ItemParticleOption>,Item) is not applicable
      (argument mismatch; ItemStack cannot be converted to Item)
    constructor ItemParticleOption.ItemParticleOption(ParticleType<ItemParticleOption>,ItemStackTemplate) is not applicable
      (argument mismatch; ItemStack cannot be converted to ItemStackTemplate)
G:\Proyectos\Mods_Minecraft\the_sundering\neoforge\26.2\src\main\java\com\skd\thesundering\entity\projectile\Blazing_Bone_Entity.java:121: error: cannot find symbol
                this.level().addParticle((ParticleOptions)new ItemParticleOption(ParticleTypes.ITEM, new ItemStack((ItemLike)ModItems.BLAZING_BONE.get())), this.getX(), this.getY(), this.getZ(), this.random.nextGaussian() * 0.2, this.random.nextGaussian() * 0.2, this.random.nextGaussian() * 0.2);
                                                                                                                                                                                                       ^
  symbol: variable random
G:\Proyectos\Mods_Minecraft\the_sundering\neoforge\26.2\src\main\java\com\skd\thesundering\entity\projectile\Blazing_Bone_Entity.java:121: error: cannot find symbol
                this.level().addParticle((ParticleOptions)new ItemParticleOption(ParticleTypes.ITEM, new ItemStack((ItemLike)ModItems.BLAZING_BONE.get())), this.getX(), this.getY(), this.getZ(), this.random.nextGaussian() * 0.2, this.random.nextGaussian() * 0.2, this.random.nextGaussian() * 0.2);
                                                                                                                                                                                                                                         ^
  symbol: variable random
G:\Proyectos\Mods_Minecraft\the_sundering\neoforge\26.2\src\main\java\com\skd\thesundering\entity\projectile\Blazing_Bone_Entity.java:121: error: cannot find symbol
                this.level().addParticle((ParticleOptions)new ItemParticleOption(ParticleTypes.ITEM, new ItemStack((ItemLike)ModItems.BLAZING_BONE.get())), this.getX(), this.getY(), this.getZ(), this.random.nextGaussian() * 0.2, this.random.nextGaussian() * 0.2, this.random.nextGaussian() * 0.2);
                                                                                                                                                                                                                                                                           ^
  symbol: variable random
G:\Proyectos\Mods_Minecraft\the_sundering\neoforge\26.2\src\main\java\com\skd\thesundering\entity\projectile\Blazing_Bone_Entity.java:121: error: cannot find symbol
                this.level().addParticle((ParticleOptions)new ItemParticleOption(ParticleTypes.ITEM, new ItemStack((ItemLike)ModItems.BLAZING_BONE.get())), this.getX(), this.getY(), this.getZ(), this.random.nextGaussian() * 0.2, this.random.nextGaussian() * 0.2, this.random.nextGaussian() * 0.2);
                    ^
  symbol: method level()
G:\Proyectos\Mods_Minecraft\the_sundering\neoforge\26.2\src\main\java\com\skd\thesundering\entity\projectile\Blazing_Bone_Entity.java:121: error: cannot find symbol
                this.level().addParticle((ParticleOptions)new ItemParticleOption(ParticleTypes.ITEM, new ItemStack((ItemLike)ModItems.BLAZING_BONE.get())), this.getX(), this.getY(), this.getZ(), this.random.nextGaussian() * 0.2, this.random.nextGaussian() * 0.2, this.random.nextGaussian() * 0.2);
                                                                                                                                                                ^
  symbol: method getX()
G:\Proyectos\Mods_Minecraft\the_sundering\neoforge\26.2\src\main\java\com\skd\thesundering\entity\projectile\Blazing_Bone_Entity.java:121: error: cannot find symbol
                this.level().addParticle((ParticleOptions)new ItemParticleOption(ParticleTypes.ITEM, new ItemStack((ItemLike)ModItems.BLAZING_BONE.get())), this.getX(), this.getY(), this.getZ(), this.random.nextGaussian() * 0.2, this.random.nextGaussian() * 0.2, this.random.nextGaussian() * 0.2);
                                                                                                                                                                             ^
  symbol: method getY()
G:\Proyectos\Mods_Minecraft\the_sundering\neoforge\26.2\src\main\java\com\skd\thesundering\entity\projectile\Blazing_Bone_Entity.java:121: error: cannot find symbol
                this.level().addParticle((ParticleOptions)new ItemParticleOption(ParticleTypes.ITEM, new ItemStack((ItemLike)ModItems.BLAZING_BONE.get())), this.getX(), this.getY(), this.getZ(), this.random.nextGaussian() * 0.2, this.random.nextGaussian() * 0.2, this.random.nextGaussian() * 0.2);
                                                                                                                                                                                          ^
  symbol: method getZ()
G:\Proyectos\Mods_Minecraft\the_sundering\neoforge\26.2\src\main\java\com\skd\thesundering\entity\effect\Bolt_strike_Entity.java:48: error: Bolt_strike_Entity is not abstract and does not override abstract method addAdditionalSaveData(ValueOutput) in Entity
public class Bolt_strike_Entity
       ^
G:\Proyectos\Mods_Minecraft\the_sundering\neoforge\26.2\src\main\java\com\skd\thesundering\entity\effect\Bolt_strike_Entity.java:78: error: method define in class Builder cannot be applied to given types;
        p_326229_.define(DAMAGE, (Object)Float.valueOf(0.0f));
                 ^
  required: EntityDataAccessor<T>,T
  found:    EntityDataAccessor<Float>,Object
  reason: inference variable T has incompatible bounds
    equality constraints: Float
    lower bounds: Object
  where T is a type-variable:
    T extends Object declared in method <T>define(EntityDataAccessor<T>,T)
G:\Proyectos\Mods_Minecraft\the_sundering\neoforge\26.2\src\main\java\com\skd\thesundering\entity\effect\Bolt_strike_Entity.java:79: error: method define in class Builder cannot be applied to given types;
        p_326229_.define(HPDAMAGE, (Object)Float.valueOf(0.0f));
                 ^
  required: EntityDataAccessor<T>,T
  found:    EntityDataAccessor<Float>,Object
  reason: inference variable T has incompatible bounds
    equality constraints: Float
    lower bounds: Object
  where T is a type-variable:
    T extends Object declared in method <T>define(EntityDataAccessor<T>,T)
G:\Proyectos\Mods_Minecraft\the_sundering\neoforge\26.2\src\main\java\com\skd\thesundering\entity\effect\Bolt_strike_Entity.java:80: error: method define in class Builder cannot be applied to given types;
        p_326229_.define(R, (Object)0);
                 ^
  required: EntityDataAccessor<T>,T
  found:    EntityDataAccessor<Integer>,Object
  reason: inference variable T has incompatible bounds
    equality constraints: Integer
    lower bounds: Object
  where T is a type-variable:
    T extends Object declared in method <T>define(EntityDataAccessor<T>,T)
G:\Proyectos\Mods_Minecraft\the_sundering\neoforge\26.2\src\main\java\com\skd\thesundering\entity\effect\Bolt_strike_Entity.java:81: error: method define in class Builder cannot be applied to given types;
        p_326229_.define(G, (Object)0);
                 ^
  required: EntityDataAccessor<T>,T
  found:    EntityDataAccessor<Integer>,Object
  reason: inference variable T has incompatible bounds
    equality constraints: Integer
    lower bounds: Object
  where T is a type-variable:
    T extends Object declared in method <T>define(EntityDataAccessor<T>,T)
G:\Proyectos\Mods_Minecraft\the_sundering\neoforge\26.2\src\main\java\com\skd\thesundering\entity\effect\Bolt_strike_Entity.java:82: error: method define in class Builder cannot be applied to given types;
        p_326229_.define(B, (Object)0);
                 ^
  required: EntityDataAccessor<T>,T
  found:    EntityDataAccessor<Integer>,Object
  reason: inference variable T has incompatible bounds
    equality constraints: Integer
    lower bounds: Object
  where T is a type-variable:
    T extends Object declared in method <T>define(EntityDataAccessor<T>,T)
G:\Proyectos\Mods_Minecraft\the_sundering\neoforge\26.2\src\main\java\com\skd\thesundering\entity\effect\Bolt_strike_Entity.java:90: error: no suitable method found for set(EntityDataAccessor<Integer>,Object)
        this.entityData.set(R, (Object)r);
                       ^
    method SynchedEntityData.<T#1>set(EntityDataAccessor<T#1>,T#1) is not applicable
      (inference variable T#1 has incompatible bounds
        equality constraints: Integer
        lower bounds: Object)
    method SynchedEntityData.<T#2>set(EntityDataAccessor<T#2>,T#2,boolean) is not applicable
      (cannot infer type-variable(s) T#2
        (actual and formal argument lists differ in length))
  where T#1,T#2 are type-variables:
    T#1 extends Object declared in method <T#1>set(EntityDataAccessor<T#1>,T#1)
    T#2 extends Object declared in method <T#2>set(EntityDataAccessor<T#2>,T#2,boolean)
G:\Proyectos\Mods_Minecraft\the_sundering\neoforge\26.2\src\main\java\com\skd\thesundering\entity\effect\Bolt_strike_Entity.java:98: error: no suitable method found for set(EntityDataAccessor<Integer>,Object)
        this.entityData.set(G, (Object)g);
                       ^
    method SynchedEntityData.<T#1>set(EntityDataAccessor<T#1>,T#1) is not applicable
      (inference variable T#1 has incompatible bounds
        equality constraints: Integer
        lower bounds: Object)
    method SynchedEntityData.<T#2>set(EntityDataAccessor<T#2>,T#2,boolean) is not applicable
      (cannot infer type-variable(s) T#2
        (actual and formal argument lists differ in length))
  where T#1,T#2 are type-variables:
    T#1 extends Object declared in method <T#1>set(EntityDataAccessor<T#1>,T#1)
    T#2 extends Object declared in method <T#2>set(EntityDataAccessor<T#2>,T#2,boolean)
G:\Proyectos\Mods_Minecraft\the_sundering\neoforge\26.2\src\main\java\com\skd\thesundering\entity\effect\Bolt_strike_Entity.java:106: error: no suitable method found for set(EntityDataAccessor<Integer>,Object)
        this.entityData.set(B, (Object)b);
                       ^
    method SynchedEntityData.<T#1>set(EntityDataAccessor<T#1>,T#1) is not applicable
      (inference variable T#1 has incompatible bounds
        equality constraints: Integer
        lower bounds: Object)
    method SynchedEntityData.<T#2>set(EntityDataAccessor<T#2>,T#2,boolean) is not applicable
      (cannot infer type-variable(s) T#2
        (actual and formal argument lists differ in length))
  where T#1,T#2 are type-variables:
    T#1 extends Object declared in method <T#1>set(EntityDataAccessor<T#1>,T#1)
    T#2 extends Object declared in method <T#2>set(EntityDataAccessor<T#2>,T#2,boolean)
G:\Proyectos\Mods_Minecraft\the_sundering\neoforge\26.2\src\main\java\com\skd\thesundering\entity\effect\Bolt_strike_Entity.java:128: error: no suitable method found for set(EntityDataAccessor<Float>,Object)
        this.entityData.set(DAMAGE, (Object)Float.valueOf(damage));
                       ^
    method SynchedEntityData.<T#1>set(EntityDataAccessor<T#1>,T#1) is not applicable
      (inference variable T#1 has incompatible bounds
        equality constraints: Float
        lower bounds: Object)
    method SynchedEntityData.<T#2>set(EntityDataAccessor<T#2>,T#2,boolean) is not applicable
      (cannot infer type-variable(s) T#2
        (actual and formal argument lists differ in length))
  where T#1,T#2 are type-variables:
    T#1 extends Object declared in method <T#1>set(EntityDataAccessor<T#1>,T#1)
    T#2 extends Object declared in method <T#2>set(EntityDataAccessor<T#2>,T#2,boolean)
G:\Proyectos\Mods_Minecraft\the_sundering\neoforge\26.2\src\main\java\com\skd\thesundering\entity\effect\Bolt_strike_Entity.java:186: error: cannot find symbol
        AABB region = new AABB(this.getX() - radius, this.getY() - 0.5, this.getZ() - radius, this.getX() + radius, (double)(this.level().getMaxBuildHeight() + 20), this.getZ() + radius);
                                                                                                                                         ^
  symbol:   method getMaxBuildHeight()
  location: class Level
G:\Proyectos\Mods_Minecraft\the_sundering\neoforge\26.2\src\main\java\com\skd\thesundering\entity\effect\Bolt_strike_Entity.java:188: error: incompatible types: Object cannot be converted to LivingEntity
        for (LivingEntity entity : entities) {
                                   ^
G:\Proyectos\Mods_Minecraft\the_sundering\neoforge\26.2\src\main\java\com\skd\thesundering\entity\effect\Bolt_strike_Entity.java:227: error: cannot find symbol
            compound.putUUID("Owner", this.ownerUUID);
                    ^
  symbol:   method putUUID(String,UUID)
  location: variable compound of type CompoundTag
G:\Proyectos\Mods_Minecraft\the_sundering\neoforge\26.2\src\main\java\com\skd\thesundering\entity\effect\Bolt_strike_Entity.java:236: error: cannot find symbol
        if (compound.hasUUID("Owner")) {
                    ^
  symbol:   method hasUUID(String)
  location: variable compound of type CompoundTag
G:\Proyectos\Mods_Minecraft\the_sundering\neoforge\26.2\src\main\java\com\skd\thesundering\entity\effect\Bolt_strike_Entity.java:237: error: cannot find symbol
            this.ownerUUID = compound.getUUID("Owner");
                                     ^
  symbol:   method getUUID(String)
  location: variable compound of type CompoundTag
G:\Proyectos\Mods_Minecraft\the_sundering\neoforge\26.2\src\main\java\com\skd\thesundering\entity\effect\Bolt_strike_Entity.java:239: error: incompatible types: Optional<Float> cannot be converted to float
        this.setDamage(compound.getFloat("damage"));
                                        ^
G:\Proyectos\Mods_Minecraft\the_sundering\neoforge\26.2\src\main\java\com\skd\thesundering\entity\effect\Bolt_strike_Entity.java:240: error: incompatible types: Optional<Integer> cannot be converted to int
        this.setR(compound.getInt("r"));
                                 ^
G:\Proyectos\Mods_Minecraft\the_sundering\neoforge\26.2\src\main\java\com\skd\thesundering\entity\effect\Bolt_strike_Entity.java:241: error: incompatible types: Optional<Integer> cannot be converted to int
        this.setG(compound.getInt("g"));
                                 ^
G:\Proyectos\Mods_Minecraft\the_sundering\neoforge\26.2\src\main\java\com\skd\thesundering\entity\effect\Bolt_strike_Entity.java:242: error: incompatible types: Optional<Integer> cannot be converted to int
        this.setB(compound.getInt("b"));
                                 ^
G:\Proyectos\Mods_Minecraft\the_sundering\neoforge\26.2\src\main\java\com\skd\thesundering\client\render\entity\Brontes_Renderer.java:55: error: cannot find symbol
        VertexConsumer vertexconsumer = ItemRenderer.getFoilBufferDirect((MultiBufferSource)buffer, (RenderType)this.model.renderType(this.getTextureLocation(entity)), (boolean)false, (boolean)false);
                                                                          ^
  symbol:   class MultiBufferSource
  location: class Brontes_Renderer
G:\Proyectos\Mods_Minecraft\the_sundering\neoforge\26.2\src\main\java\com\skd\thesundering\client\render\entity\Brontes_Renderer.java:55: error: cannot find symbol
        VertexConsumer vertexconsumer = ItemRenderer.getFoilBufferDirect((MultiBufferSource)buffer, (RenderType)this.model.renderType(this.getTextureLocation(entity)), (boolean)false, (boolean)false);
                                                                                                                          ^
  symbol:   method renderType(Identifier)
  location: variable model of type Brontes_Model
G:\Proyectos\Mods_Minecraft\the_sundering\neoforge\26.2\src\main\java\com\skd\thesundering\client\render\entity\Brontes_Renderer.java:55: error: cannot find symbol
        VertexConsumer vertexconsumer = ItemRenderer.getFoilBufferDirect((MultiBufferSource)buffer, (RenderType)this.model.renderType(this.getTextureLocation(entity)), (boolean)false, (boolean)false);
                                        ^
  symbol:   variable ItemRenderer
  location: class Brontes_Renderer
G:\Proyectos\Mods_Minecraft\the_sundering\neoforge\26.2\src\main\java\com\skd\thesundering\client\render\entity\Brontes_Renderer.java:56: error: method renderToBuffer in class BasicEntityModel<T> cannot be applied to given types;
        this.model.renderToBuffer(poseStack, vertexconsumer, packedLight, OverlayTexture.NO_OVERLAY);
                  ^
  required: PoseStack,VertexConsumer,int,int,int
  found:    PoseStack,VertexConsumer,int,int
  reason: actual and formal argument lists differ in length
  where T is a type-variable:
    T extends Entity declared in class BasicEntityModel
G:\Proyectos\Mods_Minecraft\the_sundering\neoforge\26.2\src\main\java\com\skd\thesundering\client\render\entity\Brontes_Renderer.java:57: error: cannot find symbol
        VertexConsumer vertexconsumer2 = ItemRenderer.getFoilBuffer((MultiBufferSource)buffer, (RenderType)CMRenderTypes.CMEyes(TEXTURE_LAYER), (boolean)false, (boolean)false);
                                                                     ^
  symbol:   class MultiBufferSource
  location: class Brontes_Renderer
G:\Proyectos\Mods_Minecraft\the_sundering\neoforge\26.2\src\main\java\com\skd\thesundering\client\render\entity\Brontes_Renderer.java:57: error: cannot find symbol
        VertexConsumer vertexconsumer2 = ItemRenderer.getFoilBuffer((MultiBufferSource)buffer, (RenderType)CMRenderTypes.CMEyes(TEXTURE_LAYER), (boolean)false, (boolean)false);
                                         ^
  symbol:   variable ItemRenderer
  location: class Brontes_Renderer
G:\Proyectos\Mods_Minecraft\the_sundering\neoforge\26.2\src\main\java\com\skd\thesundering\client\render\entity\Brontes_Renderer.java:58: error: method renderToBuffer in class BasicEntityModel<T> cannot be applied to given types;
        this.model.renderToBuffer(poseStack, vertexconsumer2, packedLight, OverlayTexture.NO_OVERLAY);
                  ^
  required: PoseStack,VertexConsumer,int,int,int
  found:    PoseStack,VertexConsumer,int,int
  reason: actual and formal argument lists differ in length
  where T is a type-variable:
    T extends Entity declared in class BasicEntityModel
G:\Proyectos\Mods_Minecraft\the_sundering\neoforge\26.2\src\main\java\com\skd\thesundering\client\render\entity\Brontes_Renderer.java:60: error: cannot find symbol
        super.render((Entity)entity, entityYaw, partialTicks, poseStack, buffer, packedLight);
        ^
  symbol:   variable super
  location: class Brontes_Renderer
G:\Proyectos\Mods_Minecraft\the_sundering\neoforge\26.2\src\main\java\com\skd\thesundering\client\render\entity\Cindaria_Renderer.java:33: error: incompatible types: Cindaria_Model cannot be converted to EntityModel
        super(renderManagerIn, (EntityModel)new Cindaria_Model(renderManagerIn.bakeLayer(CMModelLayers.CINDARIA_MODEL)), 0.5f);
                                            ^
G:\Proyectos\Mods_Minecraft\the_sundering\neoforge\26.2\src\main\java\com\skd\thesundering\client\render\entity\Cindaria_Renderer.java:34: error: cannot find symbol
        this.addLayer(new Cindaria_Layer(this));
            ^
  symbol: method addLayer(Cindaria_Layer)
G:\Proyectos\Mods_Minecraft\the_sundering\neoforge\26.2\src\main\java\com\skd\thesundering\client\render\entity\Clawdian_Renderer.java:38: error: incompatible types: Clawdian_Model cannot be converted to EntityModel
        super(renderManagerIn, (EntityModel)new Clawdian_Model(renderManagerIn.bakeLayer(CMModelLayers.CLAWDIAN_MODEL)), 1.8f);
                                            ^
G:\Proyectos\Mods_Minecraft\the_sundering\neoforge\26.2\src\main\java\com\skd\thesundering\client\render\entity\Clawdian_Renderer.java:39: error: incompatible types: Clawdian_Renderer cannot be converted to RenderLayerParent
        this.addLayer(new LayerGenericGlowing(this, LAYER));
                                              ^
G:\Proyectos\Mods_Minecraft\the_sundering\neoforge\26.2\src\main\java\com\skd\thesundering\client\render\entity\Clawdian_Renderer.java:40: error: type argument Clawdian_Entity is not within bounds of type-variable S
        this.addLayer(new Clawdian_Hold_Block_Layer((RenderLayerParent<Clawdian_Entity, Clawdian_Model>)this, renderManagerIn.getBlockRenderDispatcher()));
                                                                       ^
  where S is a type-variable:
    S extends EntityRenderState declared in interface RenderLayerParent
G:\Proyectos\Mods_Minecraft\the_sundering\neoforge\26.2\src\main\java\com\skd\thesundering\client\render\entity\Clawdian_Renderer.java:40: error: cannot find symbol
        this.addLayer(new Clawdian_Hold_Block_Layer((RenderLayerParent<Clawdian_Entity, Clawdian_Model>)this, renderManagerIn.getBlockRenderDispatcher()));
                                                                                                                             ^
  symbol:   method getBlockRenderDispatcher()
  location: variable renderManagerIn of type Context
G:\Proyectos\Mods_Minecraft\the_sundering\neoforge\26.2\src\main\java\com\skd\thesundering\client\render\entity\Clawdian_Renderer.java:40: error: cannot find symbol
        this.addLayer(new Clawdian_Hold_Block_Layer((RenderLayerParent<Clawdian_Entity, Clawdian_Model>)this, renderManagerIn.getBlockRenderDispatcher()));
            ^
  symbol: method addLayer(Clawdian_Hold_Block_Layer)
G:\Proyectos\Mods_Minecraft\the_sundering\neoforge\26.2\src\main\java\com\skd\thesundering\client\render\entity\Clawdian_Renderer.java:41: error: type argument Clawdian_Entity is not within bounds of type-variable S
        this.addLayer(new Clawdian_Hold_Entity_Layer((RenderLayerParent<Clawdian_Entity, Clawdian_Model>)this, renderManagerIn.getEntityRenderDispatcher()));
                                                                        ^
  where S is a type-variable:
    S extends EntityRenderState declared in interface RenderLayerParent
G:\Proyectos\Mods_Minecraft\the_sundering\neoforge\26.2\src\main\java\com\skd\thesundering\client\render\entity\Clawdian_Renderer.java:41: error: cannot find symbol
        this.addLayer(new Clawdian_Hold_Entity_Layer((RenderLayerParent<Clawdian_Entity, Clawdian_Model>)this, renderManagerIn.getEntityRenderDispatcher()));
            ^
  symbol: method addLayer(Clawdian_Hold_Entity_Layer)
G:\Proyectos\Mods_Minecraft\the_sundering\neoforge\26.2\src\main\java\com\skd\thesundering\client\render\entity\Cm_Falling_Block_Renderer.java:59: error: cannot find symbol
        this.dispatcher = p_174112_.getBlockRenderDispatcher();
                                   ^
  symbol:   method getBlockRenderDispatcher()
  location: variable p_174112_ of type Context
G:\Proyectos\Mods_Minecraft\the_sundering\neoforge\26.2\src\main\java\com\skd\thesundering\client\render\entity\Cm_Falling_Block_Renderer.java:69: error: cannot find symbol
            BakedModel model = this.dispatcher.getBlockModel(blockstate);
            ^
  symbol:   class BakedModel
  location: class Cm_Falling_Block_Renderer
G:\Proyectos\Mods_Minecraft\the_sundering\neoforge\26.2\src\main\java\com\skd\thesundering\client\render\entity\Cm_Falling_Block_Renderer.java:70: error: cannot find symbol
            for (RenderType renderType : model.getRenderTypes(blockstate, RandomSource.create((long)blockstate.getSeed(p_114634_.getStartPos())), ModelData.EMPTY)) {
                                                                                                                                                  ^
  symbol:   variable ModelData
  location: class Cm_Falling_Block_Renderer
G:\Proyectos\Mods_Minecraft\the_sundering\neoforge\26.2\src\main\java\com\skd\thesundering\client\render\entity\Cm_Falling_Block_Renderer.java:71: error: cannot find symbol
                this.dispatcher.getModelRenderer().tesselateBlock((BlockAndTintGetter)level, this.dispatcher.getBlockModel(blockstate), blockstate, blockpos, p_114637_, p_114638_.getBuffer(RenderTypeHelper.getMovingBlockRenderType((RenderType)renderType)), false, RandomSource.create(), blockstate.getSeed(p_114634_.getStartPos()), OverlayTexture.NO_OVERLAY, ModelData.EMPTY, renderType);
                                                                   ^
  symbol:   class BlockAndTintGetter
  location: class Cm_Falling_Block_Renderer
G:\Proyectos\Mods_Minecraft\the_sundering\neoforge\26.2\src\main\java\com\skd\thesundering\client\render\entity\Cm_Falling_Block_Renderer.java:71: error: cannot find symbol
                this.dispatcher.getModelRenderer().tesselateBlock((BlockAndTintGetter)level, this.dispatcher.getBlockModel(blockstate), blockstate, blockpos, p_114637_, p_114638_.getBuffer(RenderTypeHelper.getMovingBlockRenderType((RenderType)renderType)), false, RandomSource.create(), blockstate.getSeed(p_114634_.getStartPos()), OverlayTexture.NO_OVERLAY, ModelData.EMPTY, renderType);
                                                                                                                                                                                                                                                                                                                                                                       ^
  symbol:   variable ModelData
  location: class Cm_Falling_Block_Renderer
G:\Proyectos\Mods_Minecraft\the_sundering\neoforge\26.2\src\main\java\com\skd\thesundering\client\render\entity\Cm_Falling_Block_Renderer.java:71: error: cannot find symbol
                this.dispatcher.getModelRenderer().tesselateBlock((BlockAndTintGetter)level, this.dispatcher.getBlockModel(blockstate), blockstate, blockpos, p_114637_, p_114638_.getBuffer(RenderTypeHelper.getMovingBlockRenderType((RenderType)renderType)), false, RandomSource.create(), blockstate.getSeed(p_114634_.getStartPos()), OverlayTexture.NO_OVERLAY, ModelData.EMPTY, renderType);
                                                                                                                                                                                             ^
  symbol:   variable RenderTypeHelper
  location: class Cm_Falling_Block_Renderer
G:\Proyectos\Mods_Minecraft\the_sundering\neoforge\26.2\src\main\java\com\skd\thesundering\client\render\entity\Cm_Falling_Block_Renderer.java:74: error: cannot find symbol
            super.render((Entity)p_114634_, p_114635_, p_114636_, p_114637_, p_114638_, p_114639_);
            ^
  symbol:   variable super
  location: class Cm_Falling_Block_Renderer
G:\Proyectos\Mods_Minecraft\the_sundering\neoforge\26.2\src\main\java\com\skd\thesundering\entity\effect\Cm_Falling_Block_Entity.java:55: error: Cm_Falling_Block_Entity is not abstract and does not override abstract method addAdditionalSaveData(ValueOutput) in Entity
public class Cm_Falling_Block_Entity
       ^
G:\Proyectos\Mods_Minecraft\the_sundering\neoforge\26.2\src\main\java\com\skd\thesundering\entity\effect\Cm_Falling_Block_Entity.java:78: error: no suitable method found for set(EntityDataAccessor<BlockPos>,Object)
        this.entityData.set(DATA_START_POS, (Object)p_31960_);
                       ^
    method SynchedEntityData.<T#1>set(EntityDataAccessor<T#1>,T#1) is not applicable
      (inference variable T#1 has incompatible bounds
        equality constraints: BlockPos
        lower bounds: Object)
    method SynchedEntityData.<T#2>set(EntityDataAccessor<T#2>,T#2,boolean) is not applicable
      (cannot infer type-variable(s) T#2
        (actual and formal argument lists differ in length))
  where T#1,T#2 are type-variables:
    T#1 extends Object declared in method <T#1>set(EntityDataAccessor<T#1>,T#1)
    T#2 extends Object declared in method <T#2>set(EntityDataAccessor<T#2>,T#2,boolean)
G:\Proyectos\Mods_Minecraft\the_sundering\neoforge\26.2\src\main\java\com\skd\thesundering\entity\effect\Cm_Falling_Block_Entity.java:86: error: method define in class Builder cannot be applied to given types;
        p_326229_.define(DATA_START_POS, (Object)BlockPos.ZERO);
                 ^
  required: EntityDataAccessor<T>,T
  found:    EntityDataAccessor<BlockPos>,Object
  reason: inference variable T has incompatible bounds
    equality constraints: BlockPos
    lower bounds: Object
  where T is a type-variable:
    T extends Object declared in method <T>define(EntityDataAccessor<T>,T)
G:\Proyectos\Mods_Minecraft\the_sundering\neoforge\26.2\src\main\java\com\skd\thesundering\entity\effect\Cm_Falling_Block_Entity.java:87: error: method define in class Builder cannot be applied to given types;
        p_326229_.define(BLOCK_STATE, (Object)Blocks.AIR.defaultBlockState());
                 ^
  required: EntityDataAccessor<T>,T
  found:    EntityDataAccessor<BlockState>,Object
  reason: inference variable T has incompatible bounds
    equality constraints: BlockState
    lower bounds: Object
  where T is a type-variable:
    T extends Object declared in method <T>define(EntityDataAccessor<T>,T)
G:\Proyectos\Mods_Minecraft\the_sundering\neoforge\26.2\src\main\java\com\skd\thesundering\entity\effect\Cm_Falling_Block_Entity.java:95: error: no suitable method found for set(EntityDataAccessor<BlockState>,Object)
        this.entityData.set(BLOCK_STATE, (Object)p_270267_);
                       ^
    method SynchedEntityData.<T#1>set(EntityDataAccessor<T#1>,T#1) is not applicable
      (inference variable T#1 has incompatible bounds
        equality constraints: BlockState
        lower bounds: Object)
    method SynchedEntityData.<T#2>set(EntityDataAccessor<T#2>,T#2,boolean) is not applicable
      (cannot infer type-variable(s) T#2
        (actual and formal argument lists differ in length))
  where T#1,T#2 are type-variables:
    T#1 extends Object declared in method <T#1>set(EntityDataAccessor<T#1>,T#1)
    T#2 extends Object declared in method <T#2>set(EntityDataAccessor<T#2>,T#2,boolean)
G:\Proyectos\Mods_Minecraft\the_sundering\neoforge\26.2\src\main\java\com\skd\thesundering\entity\effect\Cm_Falling_Block_Entity.java:119: error: incompatible types: Optional<CompoundTag> cannot be converted to CompoundTag
        this.setBlockState(NbtUtils.readBlockState((HolderGetter)this.level().holderLookup(Registries.BLOCK), (CompoundTag)p_31964_.getCompound("block_state")));
                                                                                                                                               ^
G:\Proyectos\Mods_Minecraft\the_sundering\neoforge\26.2\src\main\java\com\skd\thesundering\entity\effect\Cm_Falling_Block_Entity.java:120: error: incompatible types: Optional<Integer> cannot be converted to int
        this.duration = p_31964_.getInt("Time");
                                       ^
G:\Proyectos\Mods_Minecraft\the_sundering\neoforge\26.2\src\main\java\com\skd\thesundering\client\render\entity\Coralssus_Renderer.java:34: error: incompatible types: Coralssus_Model cannot be converted to EntityModel
        super(renderManagerIn, (EntityModel)new Coralssus_Model(), 1.7f);
                                            ^
G:\Proyectos\Mods_Minecraft\the_sundering\neoforge\26.2\src\main\java\com\skd\thesundering\client\render\entity\Coral_Golem_Renderer.java:31: error: incompatible types: Coral_Golem_Model cannot be converted to EntityModel
        super(renderManagerIn, (EntityModel)new Coral_Golem_Model(), 1.5f);
                                            ^
G:\Proyectos\Mods_Minecraft\the_sundering\neoforge\26.2\src\main\java\com\skd\thesundering\client\render\entity\Cursed_Sandstorm_Renderer.java:54: error: package FastColor does not exist
        int i = FastColor.ARGB32.color((int)255, (int)255, (int)255, (int)253);
                         ^
G:\Proyectos\Mods_Minecraft\the_sundering\neoforge\26.2\src\main\java\com\skd\thesundering\client\render\entity\Cursed_Sandstorm_Renderer.java:57: error: cannot find symbol
        super.render((Entity)entityIn, entityYaw, partialTicks, matrixStackIn, bufferIn, packedLightIn);
        ^
  symbol:   variable super
  location: class Cursed_Sandstorm_Renderer
G:\Proyectos\Mods_Minecraft\the_sundering\neoforge\26.2\src\main\java\com\skd\thesundering\client\render\entity\Death_Laser_beam_Renderer.java:149: error: cannot find symbol
        Quaternionf quat = this.entityRenderDispatcher.cameraOrientation();
                               ^
  symbol: variable entityRenderDispatcher
G:\Proyectos\Mods_Minecraft\the_sundering\neoforge\26.2\src\main\java\com\skd\thesundering\client\render\entity\Death_Laser_beam_Renderer.java:157: error: cannot find symbol
        Quaternionf quat = this.entityRenderDispatcher.cameraOrientation();
                               ^
  symbol: variable entityRenderDispatcher
G:\Proyectos\Mods_Minecraft\the_sundering\neoforge\26.2\src\main\java\com\skd\thesundering\client\render\entity\Death_Laser_beam_Renderer.java:193: error: cannot find symbol
            matrixStackIn.mulPose(new Quaternionf().rotationY(Minecraft.getInstance().gameRenderer.getMainCamera().getXRot() + 90.0f));
                                                                                                  ^
  symbol:   method getMainCamera()
  location: variable gameRenderer of type GameRenderer
G:\Proyectos\Mods_Minecraft\the_sundering\neoforge\26.2\src\main\java\com\skd\thesundering\client\render\entity\Death_Laser_beam_Renderer.java:199: error: cannot find symbol
            matrixStackIn.mulPose(new Quaternionf().rotationY((-Minecraft.getInstance().gameRenderer.getMainCamera().getXRot() - 90.0f) * ((float)Math.PI / 180)));
                                                                                                    ^
  symbol:   method getMainCamera()
  location: variable gameRenderer of type GameRenderer
G:\Proyectos\Mods_Minecraft\the_sundering\neoforge\26.2\src\main\java\com\skd\thesundering\entity\projectile\Death_Laser_Beam_Entity.java:79: error: Death_Laser_Beam_Entity is not abstract and does not override abstract method addAdditionalSaveData(ValueOutput) in Entity
public class Death_Laser_Beam_Entity
       ^
G:\Proyectos\Mods_Minecraft\the_sundering\neoforge\26.2\src\main\java\com\skd\thesundering\entity\projectile\Death_Laser_Beam_Entity.java:112: error: cannot find symbol
        this.noCulling = true;
            ^
  symbol: variable noCulling
G:\Proyectos\Mods_Minecraft\the_sundering\neoforge\26.2\src\main\java\com\skd\thesundering\entity\projectile\Death_Laser_Beam_Entity.java:182: error: incompatible types: Level cannot be converted to ServerLevel
                        if (block.isAir() || !block.is(ModTag.CM_GLASS) || !EventHooks.canEntityGrief((Level)this.level(), (Entity)this)) continue;
                                                                                                      ^
G:\Proyectos\Mods_Minecraft\the_sundering\neoforge\26.2\src\main\java\com\skd\thesundering\entity\projectile\Death_Laser_Beam_Entity.java:196: error: incompatible types: Level cannot be converted to ServerLevel
                        } else if (EventHooks.canEntityGrief((Level)this.level(), (Entity)this) && this.level().isEmptyBlock(blockpos1)) {
                                                             ^
G:\Proyectos\Mods_Minecraft\the_sundering\neoforge\26.2\src\main\java\com\skd\thesundering\entity\projectile\Death_Laser_Beam_Entity.java:205: error: incompatible types: void cannot be converted to boolean
                    boolean flag = target.hurt(CMDamageTypes.causeDeathLaserDamage(this, this.caster), (float)((double)this.getDamage() + Math.min((double)this.getDamage(), (double)(target.getMaxHealth() * this.getHpDamage()) * 0.01)));
                                              ^
G:\Proyectos\Mods_Minecraft\the_sundering\neoforge\26.2\src\main\java\com\skd\thesundering\entity\projectile\Death_Laser_Beam_Entity.java:228: error: method define in class Builder cannot be applied to given types;
        p_326229_.define(YAW, (Object)Float.valueOf(0.0f));
                 ^
  required: EntityDataAccessor<T>,T
  found:    EntityDataAccessor<Float>,Object
  reason: inference variable T has incompatible bounds
    equality constraints: Float
    lower bounds: Object
  where T is a type-variable:
    T extends Object declared in method <T>define(EntityDataAccessor<T>,T)
G:\Proyectos\Mods_Minecraft\the_sundering\neoforge\26.2\src\main\java\com\skd\thesundering\entity\projectile\Death_Laser_Beam_Entity.java:229: error: method define in class Builder cannot be applied to given types;
        p_326229_.define(PITCH, (Object)Float.valueOf(0.0f));
                 ^
  required: EntityDataAccessor<T>,T
  found:    EntityDataAccessor<Float>,Object
  reason: inference variable T has incompatible bounds
    equality constraints: Float
    lower bounds: Object
  where T is a type-variable:
    T extends Object declared in method <T>define(EntityDataAccessor<T>,T)
G:\Proyectos\Mods_Minecraft\the_sundering\neoforge\26.2\src\main\java\com\skd\thesundering\entity\projectile\Death_Laser_Beam_Entity.java:230: error: method define in class Builder cannot be applied to given types;
        p_326229_.define(DURATION, (Object)0);
                 ^
  required: EntityDataAccessor<T>,T
  found:    EntityDataAccessor<Integer>,Object
  reason: inference variable T has incompatible bounds
    equality constraints: Integer
    lower bounds: Object
  where T is a type-variable:
    T extends Object declared in method <T>define(EntityDataAccessor<T>,T)
G:\Proyectos\Mods_Minecraft\the_sundering\neoforge\26.2\src\main\java\com\skd\thesundering\entity\projectile\Death_Laser_Beam_Entity.java:231: error: cannot find symbol
        p_326229_.define(CASTER, (Object)-1);
                                  ^
  symbol:   variable Object
  location: class Death_Laser_Beam_Entity
G:\Proyectos\Mods_Minecraft\the_sundering\neoforge\26.2\src\main\java\com\skd\thesundering\entity\projectile\Death_Laser_Beam_Entity.java:232: error: method define in class Builder cannot be applied to given types;
        p_326229_.define(HEAD, (Object)0);
                 ^
  required: EntityDataAccessor<T>,T
  found:    EntityDataAccessor<Integer>,Object
  reason: inference variable T has incompatible bounds
    equality constraints: Integer
    lower bounds: Object
  where T is a type-variable:
    T extends Object declared in method <T>define(EntityDataAccessor<T>,T)
G:\Proyectos\Mods_Minecraft\the_sundering\neoforge\26.2\src\main\java\com\skd\thesundering\entity\projectile\Death_Laser_Beam_Entity.java:233: error: method define in class Builder cannot be applied to given types;
        p_326229_.define(FIRE, (Object)false);
                 ^
  required: EntityDataAccessor<T>,T
  found:    EntityDataAccessor<Boolean>,Object
  reason: inference variable T has incompatible bounds
    equality constraints: Boolean
    lower bounds: Object
  where T is a type-variable:
    T extends Object declared in method <T>define(EntityDataAccessor<T>,T)
G:\Proyectos\Mods_Minecraft\the_sundering\neoforge\26.2\src\main\java\com\skd\thesundering\entity\projectile\Death_Laser_Beam_Entity.java:234: error: method define in class Builder cannot be applied to given types;
        p_326229_.define(DAMAGE, (Object)Float.valueOf(0.0f));
                 ^
  required: EntityDataAccessor<T>,T
  found:    EntityDataAccessor<Float>,Object
  reason: inference variable T has incompatible bounds
    equality constraints: Float
    lower bounds: Object
  where T is a type-variable:
    T extends Object declared in method <T>define(EntityDataAccessor<T>,T)
G:\Proyectos\Mods_Minecraft\the_sundering\neoforge\26.2\src\main\java\com\skd\thesundering\entity\projectile\Death_Laser_Beam_Entity.java:235: error: method define in class Builder cannot be applied to given types;
        p_326229_.define(HPDAMAGE, (Object)Float.valueOf(0.0f));
                 ^
  required: EntityDataAccessor<T>,T
  found:    EntityDataAccessor<Float>,Object
  reason: inference variable T has incompatible bounds
    equality constraints: Float
    lower bounds: Object
  where T is a type-variable:
    T extends Object declared in method <T>define(EntityDataAccessor<T>,T)
G:\Proyectos\Mods_Minecraft\the_sundering\neoforge\26.2\src\main\java\com\skd\thesundering\entity\projectile\Death_Laser_Beam_Entity.java:243: error: no suitable method found for set(EntityDataAccessor<Float>,Object)
        this.entityData.set(DAMAGE, (Object)Float.valueOf(damage));
                       ^
    method SynchedEntityData.<T#1>set(EntityDataAccessor<T#1>,T#1) is not applicable
      (inference variable T#1 has incompatible bounds
        equality constraints: Float
        lower bounds: Object)
    method SynchedEntityData.<T#2>set(EntityDataAccessor<T#2>,T#2,boolean) is not applicable
      (cannot infer type-variable(s) T#2
        (actual and formal argument lists differ in length))
  where T#1,T#2 are type-variables:
    T#1 extends Object declared in method <T#1>set(EntityDataAccessor<T#1>,T#1)
    T#2 extends Object declared in method <T#2>set(EntityDataAccessor<T#2>,T#2,boolean)
G:\Proyectos\Mods_Minecraft\the_sundering\neoforge\26.2\src\main\java\com\skd\thesundering\entity\projectile\Death_Laser_Beam_Entity.java:251: error: no suitable method found for set(EntityDataAccessor<Float>,Object)
        this.entityData.set(HPDAMAGE, (Object)Float.valueOf(damage));
                       ^
    method SynchedEntityData.<T#1>set(EntityDataAccessor<T#1>,T#1) is not applicable
      (inference variable T#1 has incompatible bounds
        equality constraints: Float
        lower bounds: Object)
    method SynchedEntityData.<T#2>set(EntityDataAccessor<T#2>,T#2,boolean) is not applicable
      (cannot infer type-variable(s) T#2
        (actual and formal argument lists differ in length))
  where T#1,T#2 are type-variables:
    T#1 extends Object declared in method <T#1>set(EntityDataAccessor<T#1>,T#1)
    T#2 extends Object declared in method <T#2>set(EntityDataAccessor<T#2>,T#2,boolean)
G:\Proyectos\Mods_Minecraft\the_sundering\neoforge\26.2\src\main\java\com\skd\thesundering\entity\projectile\Death_Laser_Beam_Entity.java:259: error: no suitable method found for set(EntityDataAccessor<Float>,Object)
        this.entityData.set(YAW, (Object)Float.valueOf(yaw));
                       ^
    method SynchedEntityData.<T#1>set(EntityDataAccessor<T#1>,T#1) is not applicable
      (inference variable T#1 has incompatible bounds
        equality constraints: Float
        lower bounds: Object)
    method SynchedEntityData.<T#2>set(EntityDataAccessor<T#2>,T#2,boolean) is not applicable
      (cannot infer type-variable(s) T#2
        (actual and formal argument lists differ in length))
  where T#1,T#2 are type-variables:
    T#1 extends Object declared in method <T#1>set(EntityDataAccessor<T#1>,T#1)
    T#2 extends Object declared in method <T#2>set(EntityDataAccessor<T#2>,T#2,boolean)
G:\Proyectos\Mods_Minecraft\the_sundering\neoforge\26.2\src\main\java\com\skd\thesundering\entity\projectile\Death_Laser_Beam_Entity.java:267: error: no suitable method found for set(EntityDataAccessor<Float>,Object)
        this.entityData.set(PITCH, (Object)Float.valueOf(pitch));
                       ^
    method SynchedEntityData.<T#1>set(EntityDataAccessor<T#1>,T#1) is not applicable
      (inference variable T#1 has incompatible bounds
        equality constraints: Float
        lower bounds: Object)
    method SynchedEntityData.<T#2>set(EntityDataAccessor<T#2>,T#2,boolean) is not applicable
      (cannot infer type-variable(s) T#2
        (actual and formal argument lists differ in length))
  where T#1,T#2 are type-variables:
    T#1 extends Object declared in method <T#1>set(EntityDataAccessor<T#1>,T#1)
    T#2 extends Object declared in method <T#2>set(EntityDataAccessor<T#2>,T#2,boolean)
G:\Proyectos\Mods_Minecraft\the_sundering\neoforge\26.2\src\main\java\com\skd\thesundering\entity\projectile\Death_Laser_Beam_Entity.java:275: error: no suitable method found for set(EntityDataAccessor<Integer>,Object)
        this.entityData.set(DURATION, (Object)duration);
                       ^
    method SynchedEntityData.<T#1>set(EntityDataAccessor<T#1>,T#1) is not applicable
      (inference variable T#1 has incompatible bounds
        equality constraints: Integer
        lower bounds: Object)
    method SynchedEntityData.<T#2>set(EntityDataAccessor<T#2>,T#2,boolean) is not applicable
      (cannot infer type-variable(s) T#2
        (actual and formal argument lists differ in length))
  where T#1,T#2 are type-variables:
    T#1 extends Object declared in method <T#1>set(EntityDataAccessor<T#1>,T#1)
    T#2 extends Object declared in method <T#2>set(EntityDataAccessor<T#2>,T#2,boolean)
G:\Proyectos\Mods_Minecraft\the_sundering\neoforge\26.2\src\main\java\com\skd\thesundering\entity\projectile\Death_Laser_Beam_Entity.java:283: error: no suitable method found for set(EntityDataAccessor<Integer>,Object)
        this.entityData.set(HEAD, (Object)head);
                       ^
    method SynchedEntityData.<T#1>set(EntityDataAccessor<T#1>,T#1) is not applicable
      (inference variable T#1 has incompatible bounds
        equality constraints: Integer
        lower bounds: Object)
    method SynchedEntityData.<T#2>set(EntityDataAccessor<T#2>,T#2,boolean) is not applicable
      (cannot infer type-variable(s) T#2
        (actual and formal argument lists differ in length))
  where T#1,T#2 are type-variables:
    T#1 extends Object declared in method <T#1>set(EntityDataAccessor<T#1>,T#1)
    T#2 extends Object declared in method <T#2>set(EntityDataAccessor<T#2>,T#2,boolean)
G:\Proyectos\Mods_Minecraft\the_sundering\neoforge\26.2\src\main\java\com\skd\thesundering\entity\projectile\Death_Laser_Beam_Entity.java:291: error: no suitable method found for set(EntityDataAccessor<Integer>,Object)
        this.entityData.set(CASTER, (Object)id);
                       ^
    method SynchedEntityData.<T#1>set(EntityDataAccessor<T#1>,T#1) is not applicable
      (inference variable T#1 has incompatible bounds
        equality constraints: Integer
        lower bounds: Object)
    method SynchedEntityData.<T#2>set(EntityDataAccessor<T#2>,T#2,boolean) is not applicable
      (cannot infer type-variable(s) T#2
        (actual and formal argument lists differ in length))
  where T#1,T#2 are type-variables:
    T#1 extends Object declared in method <T#1>set(EntityDataAccessor<T#1>,T#1)
    T#2 extends Object declared in method <T#2>set(EntityDataAccessor<T#2>,T#2,boolean)
G:\Proyectos\Mods_Minecraft\the_sundering\neoforge\26.2\src\main\java\com\skd\thesundering\entity\projectile\Death_Laser_Beam_Entity.java:299: error: no suitable method found for set(EntityDataAccessor<Boolean>,Object)
        this.entityData.set(FIRE, (Object)fire);
                       ^
    method SynchedEntityData.<T#1>set(EntityDataAccessor<T#1>,T#1) is not applicable
      (inference variable T#1 has incompatible bounds
        equality constraints: Boolean
        lower bounds: Object)
    method SynchedEntityData.<T#2>set(EntityDataAccessor<T#2>,T#2,boolean) is not applicable
      (cannot infer type-variable(s) T#2
        (actual and formal argument lists differ in length))
  where T#1,T#2 are type-variables:
    T#1 extends Object declared in method <T#1>set(EntityDataAccessor<T#1>,T#1)
    T#2 extends Object declared in method <T#2>set(EntityDataAccessor<T#2>,T#2,boolean)
G:\Proyectos\Mods_Minecraft\the_sundering\neoforge\26.2\src\main\java\com\skd\thesundering\entity\projectile\Death_Laser_Beam_Entity.java:336: error: incompatible types: Object cannot be converted to LivingEntity
        for (LivingEntity entity : entities) {
                                   ^
G:\Proyectos\Mods_Minecraft\the_sundering\neoforge\26.2\src\main\java\com\skd\thesundering\client\render\entity\Deepling_Angler_Renderer.java:36: error: incompatible types: Deepling_Angler_Model cannot be converted to EntityModel
        super(renderManagerIn, (EntityModel)new Deepling_Angler_Model(), 0.7f);
                                            ^
G:\Proyectos\Mods_Minecraft\the_sundering\neoforge\26.2\src\main\java\com\skd\thesundering\client\render\entity\Deepling_Angler_Renderer.java:37: error: incompatible types: Deepling_Angler_Renderer cannot be converted to RenderLayerParent
        this.addLayer(new AbstractDeepling_Layer(this, DEEPLING_LAYER_TEXTURES));
                                                 ^
G:\Proyectos\Mods_Minecraft\the_sundering\neoforge\26.2\src\main\java\com\skd\thesundering\client\render\entity\Deepling_Angler_Renderer.java:38: error: cannot find symbol
        this.addLayer(new LayerDeepling_AnglerItem((RenderLayerParent)this, renderManagerIn.getItemInHandRenderer()));
                                                                                           ^
  symbol:   method getItemInHandRenderer()
  location: variable renderManagerIn of type Context
G:\Proyectos\Mods_Minecraft\the_sundering\neoforge\26.2\src\main\java\com\skd\thesundering\client\render\entity\Deepling_Angler_Renderer.java:38: error: cannot find symbol
        this.addLayer(new LayerDeepling_AnglerItem((RenderLayerParent)this, renderManagerIn.getItemInHandRenderer()));
            ^
  symbol: method addLayer(LayerDeepling_AnglerItem)
G:\Proyectos\Mods_Minecraft\the_sundering\neoforge\26.2\src\main\java\com\skd\thesundering\client\render\entity\Deepling_Brute_Renderer.java:46: error: incompatible types: Deepling_Brute_Model cannot be converted to EntityModel
        super(renderManagerIn, (EntityModel)new Deepling_Brute_Model(), 0.7f);
                                            ^
G:\Proyectos\Mods_Minecraft\the_sundering\neoforge\26.2\src\main\java\com\skd\thesundering\client\render\entity\Deepling_Brute_Renderer.java:47: error: incompatible types: Deepling_Brute_Renderer cannot be converted to RenderLayerParent
        this.addLayer(new AbstractDeepling_Layer(this, DEEPLING_LAYER_TEXTURES));
                                                 ^
G:\Proyectos\Mods_Minecraft\the_sundering\neoforge\26.2\src\main\java\com\skd\thesundering\client\render\entity\Deepling_Brute_Renderer.java:48: error: cannot find symbol
        this.addLayer(new LayerDeeplingBruteItem((RenderLayerParent)this, renderManagerIn.getItemInHandRenderer()));
                                                                                         ^
  symbol:   method getItemInHandRenderer()
  location: variable renderManagerIn of type Context
G:\Proyectos\Mods_Minecraft\the_sundering\neoforge\26.2\src\main\java\com\skd\thesundering\client\render\entity\Deepling_Brute_Renderer.java:48: error: cannot find symbol
        this.addLayer(new LayerDeeplingBruteItem((RenderLayerParent)this, renderManagerIn.getItemInHandRenderer()));
            ^
  symbol: method addLayer(LayerDeeplingBruteItem)
G:\Proyectos\Mods_Minecraft\the_sundering\neoforge\26.2\src\main\java\com\skd\thesundering\client\render\entity\Deepling_Brute_Renderer.java:60: error: incompatible types: Deepling_Brute_Entity cannot be converted to LivingEntity
        if (this.isShaking((LivingEntity)p_115317_)) {
                                         ^
G:\Proyectos\Mods_Minecraft\the_sundering\neoforge\26.2\src\main\java\com\skd\thesundering\client\render\entity\Deepling_Brute_Renderer.java:61: error: cannot find symbol
            rotationYaw += (float)(Math.cos((double)p_115317_.tickCount * 3.25) * Math.PI * (double)0.4f);
                                                             ^
  symbol:   variable tickCount
  location: variable p_115317_ of type Deepling_Brute_Entity
G:\Proyectos\Mods_Minecraft\the_sundering\neoforge\26.2\src\main\java\com\skd\thesundering\client\render\entity\Deepling_Brute_Renderer.java:63: error: cannot find symbol
        if (!p_115317_.hasPose(Pose.SLEEPING)) {
                      ^
  symbol:   method hasPose(Pose)
  location: variable p_115317_ of type Deepling_Brute_Entity
G:\Proyectos\Mods_Minecraft\the_sundering\neoforge\26.2\src\main\java\com\skd\thesundering\client\render\entity\Deepling_Brute_Renderer.java:66: error: cannot find symbol
        if (p_115317_.deathTime > 0) {
                     ^
  symbol:   variable deathTime
  location: variable p_115317_ of type Deepling_Brute_Entity
G:\Proyectos\Mods_Minecraft\the_sundering\neoforge\26.2\src\main\java\com\skd\thesundering\client\render\entity\Deepling_Brute_Renderer.java:67: error: cannot find symbol
            float f = ((float)p_115317_.deathTime + p_115321_ - 1.0f) / 20.0f * 1.6f;
                                       ^
  symbol:   variable deathTime
  location: variable p_115317_ of type Deepling_Brute_Entity
G:\Proyectos\Mods_Minecraft\the_sundering\neoforge\26.2\src\main\java\com\skd\thesundering\client\render\entity\Deepling_Brute_Renderer.java:71: error: incompatible types: Deepling_Brute_Entity cannot be converted to LivingEntity
            p_115318_.mulPose(Axis.ZP.rotationDegrees(f * this.getFlipDegrees((LivingEntity)p_115317_)));
                                                                                            ^
G:\Proyectos\Mods_Minecraft\the_sundering\neoforge\26.2\src\main\java\com\skd\thesundering\client\render\entity\Deepling_Brute_Renderer.java:72: error: cannot find symbol
        } else if (p_115317_.isAutoSpinAttack() || p_115317_.getSpinAttack()) {
                            ^
  symbol:   method isAutoSpinAttack()
  location: variable p_115317_ of type Deepling_Brute_Entity
G:\Proyectos\Mods_Minecraft\the_sundering\neoforge\26.2\src\main\java\com\skd\thesundering\client\render\entity\Deepling_Brute_Renderer.java:73: error: cannot find symbol
            p_115318_.mulPose(Axis.XP.rotationDegrees(-90.0f - p_115317_.getXRot()));
                                                                        ^
  symbol:   method getXRot()
  location: variable p_115317_ of type Deepling_Brute_Entity
G:\Proyectos\Mods_Minecraft\the_sundering\neoforge\26.2\src\main\java\com\skd\thesundering\client\render\entity\Deepling_Brute_Renderer.java:74: error: cannot find symbol
            p_115318_.mulPose(Axis.YP.rotationDegrees(((float)p_115317_.tickCount + p_115321_) * -75.0f));
                                                                       ^
  symbol:   variable tickCount
  location: variable p_115317_ of type Deepling_Brute_Entity
G:\Proyectos\Mods_Minecraft\the_sundering\neoforge\26.2\src\main\java\com\skd\thesundering\client\render\entity\Deepling_Brute_Renderer.java:75: error: cannot find symbol
        } else if (p_115317_.hasPose(Pose.SLEEPING)) {
                            ^
  symbol:   method hasPose(Pose)
  location: variable p_115317_ of type Deepling_Brute_Entity
G:\Proyectos\Mods_Minecraft\the_sundering\neoforge\26.2\src\main\java\com\skd\thesundering\client\render\entity\Deepling_Brute_Renderer.java:76: error: cannot find symbol
            Direction direction = p_115317_.getBedOrientation();
                                           ^
  symbol:   method getBedOrientation()
  location: variable p_115317_ of type Deepling_Brute_Entity
G:\Proyectos\Mods_Minecraft\the_sundering\neoforge\26.2\src\main\java\com\skd\thesundering\client\render\entity\Deepling_Brute_Renderer.java:79: error: incompatible types: Deepling_Brute_Entity cannot be converted to LivingEntity
            p_115318_.mulPose(Axis.ZP.rotationDegrees(this.getFlipDegrees((LivingEntity)p_115317_)));
                                                                                        ^
G:\Proyectos\Mods_Minecraft\the_sundering\neoforge\26.2\src\main\java\com\skd\thesundering\client\render\entity\Deepling_Brute_Renderer.java:81: error: incompatible types: Deepling_Brute_Entity cannot be converted to LivingEntity
        } else if (Deepling_Brute_Renderer.isEntityUpsideDown((LivingEntity)p_115317_)) {
                                                                            ^
G:\Proyectos\Mods_Minecraft\the_sundering\neoforge\26.2\src\main\java\com\skd\thesundering\client\render\entity\Deepling_Brute_Renderer.java:82: error: cannot find symbol
            p_115318_.translate(0.0f, p_115317_.getBbHeight() + 0.1f, 0.0f);
                                               ^
  symbol:   method getBbHeight()
  location: variable p_115317_ of type Deepling_Brute_Entity
G:\Proyectos\Mods_Minecraft\the_sundering\neoforge\26.2\src\main\java\com\skd\thesundering\client\render\entity\Deepling_Priest_Renderer.java:37: error: incompatible types: Deepling_Priest_Model cannot be converted to EntityModel
        super(renderManagerIn, (EntityModel)new Deepling_Priest_Model(), 0.7f);
                                            ^
G:\Proyectos\Mods_Minecraft\the_sundering\neoforge\26.2\src\main\java\com\skd\thesundering\client\render\entity\Deepling_Priest_Renderer.java:38: error: incompatible types: Deepling_Priest_Renderer cannot be converted to RenderLayerParent
        this.addLayer(new AbstractDeepling_Layer(this, DEEPLING_LAYER_TEXTURES));
                                                 ^
G:\Proyectos\Mods_Minecraft\the_sundering\neoforge\26.2\src\main\java\com\skd\thesundering\client\render\entity\Deepling_Priest_Renderer.java:39: error: cannot find symbol
        this.addLayer(new LayerDeepling_PriestItem((RenderLayerParent)this, renderManagerIn.getItemInHandRenderer()));
                                                                                           ^
  symbol:   method getItemInHandRenderer()
  location: variable renderManagerIn of type Context
G:\Proyectos\Mods_Minecraft\the_sundering\neoforge\26.2\src\main\java\com\skd\thesundering\client\render\entity\Deepling_Priest_Renderer.java:39: error: cannot find symbol
        this.addLayer(new LayerDeepling_PriestItem((RenderLayerParent)this, renderManagerIn.getItemInHandRenderer()));
            ^
  symbol: method addLayer(LayerDeepling_PriestItem)
G:\Proyectos\Mods_Minecraft\the_sundering\neoforge\26.2\src\main\java\com\skd\thesundering\client\render\entity\Deepling_Priest_Renderer.java:40: error: cannot find symbol
        this.addLayer(new LayerDeepling_Priest_Light((RenderLayerParent)this));
            ^
  symbol: method addLayer(LayerDeepling_Priest_Light)
G:\Proyectos\Mods_Minecraft\the_sundering\neoforge\26.2\src\main\java\com\skd\thesundering\client\render\entity\Deepling_Renderer.java:36: error: incompatible types: Deepling_Model cannot be converted to EntityModel
        super(renderManagerIn, (EntityModel)new Deepling_Model(), 0.7f);
                                            ^
G:\Proyectos\Mods_Minecraft\the_sundering\neoforge\26.2\src\main\java\com\skd\thesundering\client\render\entity\Deepling_Renderer.java:37: error: incompatible types: Deepling_Renderer cannot be converted to RenderLayerParent
        this.addLayer(new AbstractDeepling_Layer(this, DEEPLING_LAYER_TEXTURES));
                                                 ^
G:\Proyectos\Mods_Minecraft\the_sundering\neoforge\26.2\src\main\java\com\skd\thesundering\client\render\entity\Deepling_Renderer.java:38: error: cannot find symbol
        this.addLayer(new LayerDeeplingItem((RenderLayerParent)this, renderManagerIn.getItemInHandRenderer()));
                                                                                    ^
  symbol:   method getItemInHandRenderer()
  location: variable renderManagerIn of type Context
G:\Proyectos\Mods_Minecraft\the_sundering\neoforge\26.2\src\main\java\com\skd\thesundering\client\render\entity\Deepling_Renderer.java:38: error: cannot find symbol
        this.addLayer(new LayerDeeplingItem((RenderLayerParent)this, renderManagerIn.getItemInHandRenderer()));
            ^
  symbol: method addLayer(LayerDeeplingItem)
G:\Proyectos\Mods_Minecraft\the_sundering\neoforge\26.2\src\main\java\com\skd\thesundering\client\render\entity\Deepling_Warlock_Renderer.java:36: error: incompatible types: Deepling_Warlock_Model cannot be converted to EntityModel
        super(renderManagerIn, (EntityModel)new Deepling_Warlock_Model(), 0.7f);
                                            ^
G:\Proyectos\Mods_Minecraft\the_sundering\neoforge\26.2\src\main\java\com\skd\thesundering\client\render\entity\Deepling_Warlock_Renderer.java:37: error: incompatible types: Deepling_Warlock_Renderer cannot be converted to RenderLayerParent
        this.addLayer(new AbstractDeepling_Layer(this, DEEPLING_LAYER_TEXTURES));
                                                 ^
G:\Proyectos\Mods_Minecraft\the_sundering\neoforge\26.2\src\main\java\com\skd\thesundering\client\render\entity\Deepling_Warlock_Renderer.java:38: error: cannot find symbol
        this.addLayer(new LayerDeepling_WarlockItem((RenderLayerParent)this, renderManagerIn.getItemInHandRenderer()));
                                                                                            ^
  symbol:   method getItemInHandRenderer()
  location: variable renderManagerIn of type Context
G:\Proyectos\Mods_Minecraft\the_sundering\neoforge\26.2\src\main\java\com\skd\thesundering\client\render\entity\Deepling_Warlock_Renderer.java:38: error: cannot find symbol
        this.addLayer(new LayerDeepling_WarlockItem((RenderLayerParent)this, renderManagerIn.getItemInHandRenderer()));
            ^
  symbol: method addLayer(LayerDeepling_WarlockItem)
G:\Proyectos\Mods_Minecraft\the_sundering\neoforge\26.2\src\main\java\com\skd\thesundering\client\render\entity\Dimensional_Rift_Renderer.java:55: error: cannot find symbol
        matrixStackIn.mulPose(this.entityRenderDispatcher.cameraOrientation());
                                  ^
  symbol: variable entityRenderDispatcher
G:\Proyectos\Mods_Minecraft\the_sundering\neoforge\26.2\src\main\java\com\skd\thesundering\client\render\entity\Dimensional_Rift_Renderer.java:66: error: cannot find symbol
        super.render((Entity)entityIn, entityYaw, partialTicks, matrixStackIn, bufferIn, packedLightIn);
        ^
  symbol:   variable super
  location: class Dimensional_Rift_Renderer
G:\Proyectos\Mods_Minecraft\the_sundering\neoforge\26.2\src\main\java\com\skd\thesundering\entity\AnimationMonster\BossMonsters\The_Leviathan\Dimensional_Rift_Entity.java:68: error: Dimensional_Rift_Entity is not abstract and does not override abstract method addAdditionalSaveData(ValueOutput) in Entity
public class Dimensional_Rift_Entity
       ^
G:\Proyectos\Mods_Minecraft\the_sundering\neoforge\26.2\src\main\java\com\skd\thesundering\entity\AnimationMonster\BossMonsters\The_Leviathan\Dimensional_Rift_Entity.java:108: error: cannot find symbol
            if (entity.getType().is(ModTag.DIMENSIONAL_LIFT_IMMUNE)) continue;
                                ^
  symbol:   method is(TagKey<EntityType<?>>)
  location: class EntityType<CAP#1>
  where CAP#1 is a fresh type-variable:
    CAP#1 extends Entity from capture of ?
G:\Proyectos\Mods_Minecraft\the_sundering\neoforge\26.2\src\main\java\com\skd\thesundering\entity\AnimationMonster\BossMonsters\The_Leviathan\Dimensional_Rift_Entity.java:167: error: incompatible types: Level cannot be converted to ServerLevel
        if (!this.level().isClientSide() && EventHooks.canEntityGrief((Level)this.level(), (Entity)this)) {
                                                                      ^
G:\Proyectos\Mods_Minecraft\the_sundering\neoforge\26.2\src\main\java\com\skd\thesundering\entity\AnimationMonster\BossMonsters\The_Leviathan\Dimensional_Rift_Entity.java:203: error: no suitable method found for set(EntityDataAccessor<Integer>,Object)
        this.entityData.set(LIFESPAN, (Object)i);
                       ^
    method SynchedEntityData.<T#1>set(EntityDataAccessor<T#1>,T#1) is not applicable
      (inference variable T#1 has incompatible bounds
        equality constraints: Integer
        lower bounds: Object)
    method SynchedEntityData.<T#2>set(EntityDataAccessor<T#2>,T#2,boolean) is not applicable
      (cannot infer type-variable(s) T#2
        (actual and formal argument lists differ in length))
  where T#1,T#2 are type-variables:
    T#1 extends Object declared in method <T#1>set(EntityDataAccessor<T#1>,T#1)
    T#2 extends Object declared in method <T#2>set(EntityDataAccessor<T#2>,T#2,boolean)
G:\Proyectos\Mods_Minecraft\the_sundering\neoforge\26.2\src\main\java\com\skd\thesundering\entity\AnimationMonster\BossMonsters\The_Leviathan\Dimensional_Rift_Entity.java:211: error: no suitable method found for set(EntityDataAccessor<Integer>,Object)
        this.entityData.set(STAGE, (Object)i);
                       ^
    method SynchedEntityData.<T#1>set(EntityDataAccessor<T#1>,T#1) is not applicable
      (inference variable T#1 has incompatible bounds
        equality constraints: Integer
        lower bounds: Object)
    method SynchedEntityData.<T#2>set(EntityDataAccessor<T#2>,T#2,boolean) is not applicable
      (cannot infer type-variable(s) T#2
        (actual and formal argument lists differ in length))
  where T#1,T#2 are type-variables:
    T#1 extends Object declared in method <T#1>set(EntityDataAccessor<T#1>,T#1)
    T#2 extends Object declared in method <T#2>set(EntityDataAccessor<T#2>,T#2,boolean)
G:\Proyectos\Mods_Minecraft\the_sundering\neoforge\26.2\src\main\java\com\skd\thesundering\entity\AnimationMonster\BossMonsters\The_Leviathan\Dimensional_Rift_Entity.java:229: error: method define in class Builder cannot be applied to given types;
        p_326229_.define(LIFESPAN, (Object)300);
                 ^
  required: EntityDataAccessor<T>,T
  found:    EntityDataAccessor<Integer>,Object
  reason: inference variable T has incompatible bounds
    equality constraints: Integer
    lower bounds: Object
  where T is a type-variable:
    T extends Object declared in method <T>define(EntityDataAccessor<T>,T)
G:\Proyectos\Mods_Minecraft\the_sundering\neoforge\26.2\src\main\java\com\skd\thesundering\entity\AnimationMonster\BossMonsters\The_Leviathan\Dimensional_Rift_Entity.java:230: error: method define in class Builder cannot be applied to given types;
        p_326229_.define(STAGE, (Object)0);
                 ^
  required: EntityDataAccessor<T>,T
  found:    EntityDataAccessor<Integer>,Object
  reason: inference variable T has incompatible bounds
    equality constraints: Integer
    lower bounds: Object
  where T is a type-variable:
    T extends Object declared in method <T>define(EntityDataAccessor<T>,T)
G:\Proyectos\Mods_Minecraft\the_sundering\neoforge\26.2\src\main\java\com\skd\thesundering\entity\AnimationMonster\BossMonsters\The_Leviathan\Dimensional_Rift_Entity.java:234: error: incompatible types: Optional<Integer> cannot be converted to int
        this.setLifespan(compound.getInt("Lifespan"));
                                        ^
G:\Proyectos\Mods_Minecraft\the_sundering\neoforge\26.2\src\main\java\com\skd\thesundering\entity\AnimationMonster\BossMonsters\The_Leviathan\Dimensional_Rift_Entity.java:235: error: incompatible types: Optional<Integer> cannot be converted to int
        this.setStage(compound.getInt("Stage"));
                                     ^
G:\Proyectos\Mods_Minecraft\the_sundering\neoforge\26.2\src\main\java\com\skd\thesundering\entity\AnimationMonster\BossMonsters\The_Leviathan\Dimensional_Rift_Entity.java:236: error: cannot find symbol
        if (compound.hasUUID("Owner")) {
                    ^
  symbol:   method hasUUID(String)
  location: variable compound of type CompoundTag
G:\Proyectos\Mods_Minecraft\the_sundering\neoforge\26.2\src\main\java\com\skd\thesundering\entity\AnimationMonster\BossMonsters\The_Leviathan\Dimensional_Rift_Entity.java:237: error: cannot find symbol
            this.ownerUUID = compound.getUUID("Owner");
                                     ^
  symbol:   method getUUID(String)
  location: variable compound of type CompoundTag
G:\Proyectos\Mods_Minecraft\the_sundering\neoforge\26.2\src\main\java\com\skd\thesundering\entity\AnimationMonster\BossMonsters\The_Leviathan\Dimensional_Rift_Entity.java:253: error: cannot find symbol
            compound.putUUID("Owner", this.ownerUUID);
                    ^
  symbol:   method putUUID(String,UUID)
  location: variable compound of type CompoundTag
G:\Proyectos\Mods_Minecraft\the_sundering\neoforge\26.2\src\main\java\com\skd\thesundering\client\render\entity\Draugr_Renderer.java:37: error: incompatible types: Draugr_Model cannot be converted to EntityModel
        super(renderManagerIn, (EntityModel)new Draugr_Model(renderManagerIn.bakeLayer(CMModelLayers.DRAUGR_MODEL)), 0.5f);
                                            ^
G:\Proyectos\Mods_Minecraft\the_sundering\neoforge\26.2\src\main\java\com\skd\thesundering\client\render\entity\Draugr_Renderer.java:38: error: incompatible types: Draugr_Renderer cannot be converted to RenderLayerParent
        this.addLayer(new LayerGenericGlowing(this, LAYER));
                                              ^
G:\Proyectos\Mods_Minecraft\the_sundering\neoforge\26.2\src\main\java\com\skd\thesundering\client\render\entity\Draugr_Renderer.java:39: error: cannot find symbol
        this.addLayer((RenderLayer)new ItemInHandLayer((RenderLayerParent)this, renderManagerIn.getItemInHandRenderer()));
            ^
  symbol: method addLayer(RenderLayer)
G:\Proyectos\Mods_Minecraft\the_sundering\neoforge\26.2\src\main\java\com\skd\thesundering\client\render\entity\Draugr_Renderer.java:39: error: cannot find symbol
        this.addLayer((RenderLayer)new ItemInHandLayer((RenderLayerParent)this, renderManagerIn.getItemInHandRenderer()));
                                                                                               ^
  symbol:   method getItemInHandRenderer()
  location: variable renderManagerIn of type Context
G:\Proyectos\Mods_Minecraft\the_sundering\neoforge\26.2\src\main\java\com\skd\thesundering\client\render\entity\Draugr_Renderer.java:45: error: cannot find symbol
        super.scale((LivingEntity)p_114907_, p_114908_, p_114909_);
        ^
  symbol:   variable super
  location: class Draugr_Renderer
G:\Proyectos\Mods_Minecraft\the_sundering\neoforge\26.2\src\main\java\com\skd\thesundering\client\render\entity\Drowned_Host_Renderer.java:35: error: incompatible types: Drowned_Host_Renderer cannot be converted to RenderLayerParent
        this.addLayer(new Drowned_Host_Outer_Layer(this, p_173964_.getModelSet()));
                                                   ^
G:\Proyectos\Mods_Minecraft\the_sundering\neoforge\26.2\src\main\java\com\skd\thesundering\client\render\entity\Drowned_Host_Renderer.java:43: error: incompatible types: Drowned_Host_Entity cannot be converted to LivingEntity
        super.setupRotations((LivingEntity)entity, poseStack, bob, yBodyRot, partialTick, scale);
                                           ^
G:\Proyectos\Mods_Minecraft\the_sundering\neoforge\26.2\src\main\java\com\skd\thesundering\client\render\entity\Drowned_Host_Renderer.java:43: error: cannot find symbol
        super.setupRotations((LivingEntity)entity, poseStack, bob, yBodyRot, partialTick, scale);
        ^
  symbol:   variable super
  location: class Drowned_Host_Renderer
G:\Proyectos\Mods_Minecraft\the_sundering\neoforge\26.2\src\main\java\com\skd\thesundering\client\render\entity\Drowned_Host_Renderer.java:44: error: cannot find symbol
        float f = entity.getSwimAmount(partialTick);
                        ^
  symbol:   method getSwimAmount(float)
  location: variable entity of type Drowned_Host_Entity
G:\Proyectos\Mods_Minecraft\the_sundering\neoforge\26.2\src\main\java\com\skd\thesundering\client\render\entity\Drowned_Host_Renderer.java:46: error: cannot find symbol
            float f1 = -10.0f - entity.getXRot();
                                      ^
  symbol:   method getXRot()
  location: variable entity of type Drowned_Host_Entity
G:\Proyectos\Mods_Minecraft\the_sundering\neoforge\26.2\src\main\java\com\skd\thesundering\client\render\entity\Drowned_Host_Renderer.java:48: error: cannot find symbol
            poseStack.rotateAround(Axis.XP.rotationDegrees(f2), 0.0f, entity.getBbHeight() / 2.0f / scale, 0.0f);
                                                                            ^
  symbol:   method getBbHeight()
  location: variable entity of type Drowned_Host_Entity
G:\Proyectos\Mods_Minecraft\the_sundering\neoforge\26.2\src\main\java\com\skd\thesundering\entity\InternalAnimationMonster\AcropolisMonsters\Drowned_Host_Entity.java:146: error: type argument ? extends Drowned_Host_Entity is not within bounds of type-variable T
    public Drowned_Host_Entity(EntityType<? extends Drowned_Host_Entity> entityType, Level level) {
                                          ^
  where T is a type-variable:
    T extends Entity declared in class EntityType
G:\Proyectos\Mods_Minecraft\the_sundering\neoforge\26.2\src\main\java\com\skd\thesundering\entity\InternalAnimationMonster\AcropolisMonsters\Drowned_Host_Entity.java:148: error: cannot find symbol
        this.moveControl = new DrownedMoveControl(this);
            ^
  symbol: variable moveControl
G:\Proyectos\Mods_Minecraft\the_sundering\neoforge\26.2\src\main\java\com\skd\thesundering\entity\InternalAnimationMonster\AcropolisMonsters\Drowned_Host_Entity.java:149: error: cannot find symbol
        this.setPathfindingMalus(PathType.WATER, 0.0f);
            ^
  symbol: method setPathfindingMalus(PathType,float)
G:\Proyectos\Mods_Minecraft\the_sundering\neoforge\26.2\src\main\java\com\skd\thesundering\entity\InternalAnimationMonster\AcropolisMonsters\Drowned_Host_Entity.java:150: error: incompatible types: Drowned_Host_Entity cannot be converted to Mob
        this.waterNavigation = new WaterBoundPathNavigation((Mob)this, level);
                                                                 ^
G:\Proyectos\Mods_Minecraft\the_sundering\neoforge\26.2\src\main\java\com\skd\thesundering\entity\InternalAnimationMonster\AcropolisMonsters\Drowned_Host_Entity.java:151: error: incompatible types: Drowned_Host_Entity cannot be converted to Mob
        this.groundNavigation = new GroundPathNavigation((Mob)this, level);
                                                              ^
G:\Proyectos\Mods_Minecraft\the_sundering\neoforge\26.2\src\main\java\com\skd\thesundering\entity\InternalAnimationMonster\AcropolisMonsters\Drowned_Host_Entity.java:159: error: incompatible types: Drowned_Host_Entity cannot be converted to PathfinderMob
        this.goalSelector.addGoal(1, (Goal)new DrownedGoToWaterGoal((PathfinderMob)this, 1.0));
                                                                                   ^
G:\Proyectos\Mods_Minecraft\the_sundering\neoforge\26.2\src\main\java\com\skd\thesundering\entity\InternalAnimationMonster\AcropolisMonsters\Drowned_Host_Entity.java:159: error: cannot find symbol
        this.goalSelector.addGoal(1, (Goal)new DrownedGoToWaterGoal((PathfinderMob)this, 1.0));
            ^
  symbol: variable goalSelector
G:\Proyectos\Mods_Minecraft\the_sundering\neoforge\26.2\src\main\java\com\skd\thesundering\entity\InternalAnimationMonster\AcropolisMonsters\Drowned_Host_Entity.java:160: error: cannot find symbol
        this.goalSelector.addGoal(2, (Goal)new DrownedTridentAttackGoal(this, 1.0, 40, 10.0f));
            ^
  symbol: variable goalSelector
G:\Proyectos\Mods_Minecraft\the_sundering\neoforge\26.2\src\main\java\com\skd\thesundering\entity\InternalAnimationMonster\AcropolisMonsters\Drowned_Host_Entity.java:161: error: cannot find symbol
        this.goalSelector.addGoal(2, (Goal)new ZombieAttackGoal((Zombie)this, 1.0, false));
                                                                 ^
  symbol:   class Zombie
  location: class Drowned_Host_Entity
G:\Proyectos\Mods_Minecraft\the_sundering\neoforge\26.2\src\main\java\com\skd\thesundering\entity\InternalAnimationMonster\AcropolisMonsters\Drowned_Host_Entity.java:161: error: cannot find symbol
        this.goalSelector.addGoal(2, (Goal)new ZombieAttackGoal((Zombie)this, 1.0, false));
            ^
  symbol: variable goalSelector
G:\Proyectos\Mods_Minecraft\the_sundering\neoforge\26.2\src\main\java\com\skd\thesundering\entity\InternalAnimationMonster\AcropolisMonsters\Drowned_Host_Entity.java:162: error: cannot find symbol
        this.goalSelector.addGoal(5, (Goal)new DrownedGoToBeachGoal(this, 1.0));
            ^
  symbol: variable goalSelector
G:\Proyectos\Mods_Minecraft\the_sundering\neoforge\26.2\src\main\java\com\skd\thesundering\entity\InternalAnimationMonster\AcropolisMonsters\Drowned_Host_Entity.java:163: error: cannot find symbol
        this.goalSelector.addGoal(6, (Goal)new DrownedSwimUpGoal(this, 1.0, this.level().getSeaLevel()));
                                                                                ^
  symbol: method level()
G:\Proyectos\Mods_Minecraft\the_sundering\neoforge\26.2\src\main\java\com\skd\thesundering\entity\InternalAnimationMonster\AcropolisMonsters\Drowned_Host_Entity.java:163: error: cannot find symbol
        this.goalSelector.addGoal(6, (Goal)new DrownedSwimUpGoal(this, 1.0, this.level().getSeaLevel()));
            ^
  symbol: variable goalSelector
G:\Proyectos\Mods_Minecraft\the_sundering\neoforge\26.2\src\main\java\com\skd\thesundering\entity\InternalAnimationMonster\AcropolisMonsters\Drowned_Host_Entity.java:164: error: incompatible types: Drowned_Host_Entity cannot be converted to PathfinderMob
        this.goalSelector.addGoal(7, (Goal)new RandomStrollGoal((PathfinderMob)this, 1.0));
                                                                               ^
G:\Proyectos\Mods_Minecraft\the_sundering\neoforge\26.2\src\main\java\com\skd\thesundering\entity\InternalAnimationMonster\AcropolisMonsters\Drowned_Host_Entity.java:164: error: cannot find symbol
        this.goalSelector.addGoal(7, (Goal)new RandomStrollGoal((PathfinderMob)this, 1.0));
            ^
  symbol: variable goalSelector
G:\Proyectos\Mods_Minecraft\the_sundering\neoforge\26.2\src\main\java\com\skd\thesundering\entity\InternalAnimationMonster\AcropolisMonsters\Drowned_Host_Entity.java:165: error: cannot find symbol
        this.targetSelector.addGoal(1, (Goal)new HurtByTargetGoal((PathfinderMob)this, new Class[]{Drowned_Host_Entity.class}).setAlertOthers(new Class[]{ZombifiedPiglin.class}));
                                                                                                                                                          ^
  symbol:   class ZombifiedPiglin
  location: class Drowned_Host_Entity
G:\Proyectos\Mods_Minecraft\the_sundering\neoforge\26.2\src\main\java\com\skd\thesundering\entity\InternalAnimationMonster\AcropolisMonsters\Drowned_Host_Entity.java:165: error: incompatible types: Drowned_Host_Entity cannot be converted to PathfinderMob
        this.targetSelector.addGoal(1, (Goal)new HurtByTargetGoal((PathfinderMob)this, new Class[]{Drowned_Host_Entity.class}).setAlertOthers(new Class[]{ZombifiedPiglin.class}));
                                                                                 ^
G:\Proyectos\Mods_Minecraft\the_sundering\neoforge\26.2\src\main\java\com\skd\thesundering\entity\InternalAnimationMonster\AcropolisMonsters\Drowned_Host_Entity.java:165: error: cannot find symbol
        this.targetSelector.addGoal(1, (Goal)new HurtByTargetGoal((PathfinderMob)this, new Class[]{Drowned_Host_Entity.class}).setAlertOthers(new Class[]{ZombifiedPiglin.class}));
            ^
  symbol: variable targetSelector
G:\Proyectos\Mods_Minecraft\the_sundering\neoforge\26.2\src\main\java\com\skd\thesundering\entity\InternalAnimationMonster\AcropolisMonsters\Drowned_Host_Entity.java:166: error: incompatible types: Drowned_Host_Entity cannot be converted to Mob
        this.targetSelector.addGoal(2, (Goal)new NearestAttackableTargetGoal((Mob)this, Player.class, true, false));
                                                                                  ^
G:\Proyectos\Mods_Minecraft\the_sundering\neoforge\26.2\src\main\java\com\skd\thesundering\entity\InternalAnimationMonster\AcropolisMonsters\Drowned_Host_Entity.java:166: error: cannot find symbol
        this.targetSelector.addGoal(2, (Goal)new NearestAttackableTargetGoal((Mob)this, Player.class, true, false));
            ^
  symbol: variable targetSelector
G:\Proyectos\Mods_Minecraft\the_sundering\neoforge\26.2\src\main\java\com\skd\thesundering\entity\InternalAnimationMonster\AcropolisMonsters\Drowned_Host_Entity.java:167: error: incompatible types: Drowned_Host_Entity cannot be converted to Mob
        this.targetSelector.addGoal(3, (Goal)new NearestAttackableTargetGoal((Mob)this, AbstractVillager.class, false));
                                                                                  ^
G:\Proyectos\Mods_Minecraft\the_sundering\neoforge\26.2\src\main\java\com\skd\thesundering\entity\InternalAnimationMonster\AcropolisMonsters\Drowned_Host_Entity.java:167: error: cannot find symbol
        this.targetSelector.addGoal(3, (Goal)new NearestAttackableTargetGoal((Mob)this, AbstractVillager.class, false));
                                                                                        ^
  symbol:   class AbstractVillager
  location: class Drowned_Host_Entity
G:\Proyectos\Mods_Minecraft\the_sundering\neoforge\26.2\src\main\java\com\skd\thesundering\entity\InternalAnimationMonster\AcropolisMonsters\Drowned_Host_Entity.java:167: error: cannot find symbol
        this.targetSelector.addGoal(3, (Goal)new NearestAttackableTargetGoal((Mob)this, AbstractVillager.class, false));
            ^
  symbol: variable targetSelector
G:\Proyectos\Mods_Minecraft\the_sundering\neoforge\26.2\src\main\java\com\skd\thesundering\entity\InternalAnimationMonster\AcropolisMonsters\Drowned_Host_Entity.java:168: error: incompatible types: Drowned_Host_Entity cannot be converted to Mob
        this.targetSelector.addGoal(3, (Goal)new NearestAttackableTargetGoal((Mob)this, IronGolem.class, true));
                                                                                  ^
G:\Proyectos\Mods_Minecraft\the_sundering\neoforge\26.2\src\main\java\com\skd\thesundering\entity\InternalAnimationMonster\AcropolisMonsters\Drowned_Host_Entity.java:168: error: cannot find symbol
        this.targetSelector.addGoal(3, (Goal)new NearestAttackableTargetGoal((Mob)this, IronGolem.class, true));
                                                                                        ^
  symbol:   class IronGolem
  location: class Drowned_Host_Entity
G:\Proyectos\Mods_Minecraft\the_sundering\neoforge\26.2\src\main\java\com\skd\thesundering\entity\InternalAnimationMonster\AcropolisMonsters\Drowned_Host_Entity.java:168: error: cannot find symbol
        this.targetSelector.addGoal(3, (Goal)new NearestAttackableTargetGoal((Mob)this, IronGolem.class, true));
            ^
  symbol: variable targetSelector
G:\Proyectos\Mods_Minecraft\the_sundering\neoforge\26.2\src\main\java\com\skd\thesundering\entity\InternalAnimationMonster\AcropolisMonsters\Drowned_Host_Entity.java:169: error: incompatible types: Drowned_Host_Entity cannot be converted to Mob
        this.targetSelector.addGoal(3, (Goal)new NearestAttackableTargetGoal((Mob)this, Axolotl.class, true, false));
                                                                                  ^
G:\Proyectos\Mods_Minecraft\the_sundering\neoforge\26.2\src\main\java\com\skd\thesundering\entity\InternalAnimationMonster\AcropolisMonsters\Drowned_Host_Entity.java:169: error: cannot find symbol
        this.targetSelector.addGoal(3, (Goal)new NearestAttackableTargetGoal((Mob)this, Axolotl.class, true, false));
            ^
  symbol: variable targetSelector
G:\Proyectos\Mods_Minecraft\the_sundering\neoforge\26.2\src\main\java\com\skd\thesundering\entity\InternalAnimationMonster\AcropolisMonsters\Drowned_Host_Entity.java:170: error: incompatible types: Drowned_Host_Entity cannot be converted to Mob
        this.targetSelector.addGoal(5, (Goal)new NearestAttackableTargetGoal((Mob)this, Turtle.class, 10, true, false, Turtle.BABY_ON_LAND_SELECTOR));
                                                                                  ^
G:\Proyectos\Mods_Minecraft\the_sundering\neoforge\26.2\src\main\java\com\skd\thesundering\entity\InternalAnimationMonster\AcropolisMonsters\Drowned_Host_Entity.java:170: error: cannot find symbol
        this.targetSelector.addGoal(5, (Goal)new NearestAttackableTargetGoal((Mob)this, Turtle.class, 10, true, false, Turtle.BABY_ON_LAND_SELECTOR));
                                                                                        ^
  symbol:   class Turtle
  location: class Drowned_Host_Entity
G:\Proyectos\Mods_Minecraft\the_sundering\neoforge\26.2\src\main\java\com\skd\thesundering\entity\InternalAnimationMonster\AcropolisMonsters\Drowned_Host_Entity.java:170: error: cannot find symbol
        this.targetSelector.addGoal(5, (Goal)new NearestAttackableTargetGoal((Mob)this, Turtle.class, 10, true, false, Turtle.BABY_ON_LAND_SELECTOR));
                                                                                                                       ^
  symbol:   variable Turtle
  location: class Drowned_Host_Entity
G:\Proyectos\Mods_Minecraft\the_sundering\neoforge\26.2\src\main\java\com\skd\thesundering\entity\InternalAnimationMonster\AcropolisMonsters\Drowned_Host_Entity.java:170: error: cannot find symbol
        this.targetSelector.addGoal(5, (Goal)new NearestAttackableTargetGoal((Mob)this, Turtle.class, 10, true, false, Turtle.BABY_ON_LAND_SELECTOR));
            ^
  symbol: variable targetSelector
G:\Proyectos\Mods_Minecraft\the_sundering\neoforge\26.2\src\main\java\com\skd\thesundering\entity\InternalAnimationMonster\AcropolisMonsters\Drowned_Host_Entity.java:174: error: cannot find symbol
        boolean flag = !(this.getControllingPassenger() instanceof Mob) || this.getControllingPassenger() instanceof Symbiocto_Entity;
                             ^
  symbol: method getControllingPassenger()
G:\Proyectos\Mods_Minecraft\the_sundering\neoforge\26.2\src\main\java\com\skd\thesundering\entity\InternalAnimationMonster\AcropolisMonsters\Drowned_Host_Entity.java:174: error: cannot find symbol
        boolean flag = !(this.getControllingPassenger() instanceof Mob) || this.getControllingPassenger() instanceof Symbiocto_Entity;
                                                                               ^
  symbol: method getControllingPassenger()
G:\Proyectos\Mods_Minecraft\the_sundering\neoforge\26.2\src\main\java\com\skd\thesundering\entity\InternalAnimationMonster\AcropolisMonsters\Drowned_Host_Entity.java:175: error: cannot find symbol
        boolean flag1 = !(this.getVehicle() instanceof Boat);
                              ^
  symbol: method getVehicle()
G:\Proyectos\Mods_Minecraft\the_sundering\neoforge\26.2\src\main\java\com\skd\thesundering\entity\InternalAnimationMonster\AcropolisMonsters\Drowned_Host_Entity.java:175: error: cannot find symbol
        boolean flag1 = !(this.getVehicle() instanceof Boat);
                                                       ^
  symbol:   class Boat
  location: class Drowned_Host_Entity
G:\Proyectos\Mods_Minecraft\the_sundering\neoforge\26.2\src\main\java\com\skd\thesundering\entity\InternalAnimationMonster\AcropolisMonsters\Drowned_Host_Entity.java:176: error: cannot find symbol
        this.goalSelector.setControlFlag(Goal.Flag.MOVE, flag);
            ^
  symbol: variable goalSelector
G:\Proyectos\Mods_Minecraft\the_sundering\neoforge\26.2\src\main\java\com\skd\thesundering\entity\InternalAnimationMonster\AcropolisMonsters\Drowned_Host_Entity.java:177: error: cannot find symbol
        this.goalSelector.setControlFlag(Goal.Flag.JUMP, flag && flag1);
            ^
  symbol: variable goalSelector
G:\Proyectos\Mods_Minecraft\the_sundering\neoforge\26.2\src\main\java\com\skd\thesundering\entity\InternalAnimationMonster\AcropolisMonsters\Drowned_Host_Entity.java:178: error: cannot find symbol
        this.goalSelector.setControlFlag(Goal.Flag.LOOK, flag);
            ^
  symbol: variable goalSelector
G:\Proyectos\Mods_Minecraft\the_sundering\neoforge\26.2\src\main\java\com\skd\thesundering\entity\InternalAnimationMonster\AcropolisMonsters\Drowned_Host_Entity.java:179: error: cannot find symbol
        this.goalSelector.setControlFlag(Goal.Flag.TARGET, flag);
            ^
  symbol: variable goalSelector
G:\Proyectos\Mods_Minecraft\the_sundering\neoforge\26.2\src\main\java\com\skd\thesundering\entity\InternalAnimationMonster\AcropolisMonsters\Drowned_Host_Entity.java:183: error: cannot find symbol
        spawnGroupData = super.finalizeSpawn(accessor, difficulty, spawnType, spawnGroupData);
                         ^
  symbol:   variable super
  location: class Drowned_Host_Entity
G:\Proyectos\Mods_Minecraft\the_sundering\neoforge\26.2\src\main\java\com\skd\thesundering\entity\InternalAnimationMonster\AcropolisMonsters\Drowned_Host_Entity.java:184: error: cannot find symbol
        Symbiocto_Entity upper = new Symbiocto_Entity((EntityType)ModEntities.SYMBIOCTO.get(), this.level());
                                                                                                   ^
  symbol: method level()
G:\Proyectos\Mods_Minecraft\the_sundering\neoforge\26.2\src\main\java\com\skd\thesundering\entity\InternalAnimationMonster\AcropolisMonsters\Drowned_Host_Entity.java:185: error: cannot find symbol
        upper.moveTo(this.getX(), this.getY() + 1.3125, this.getZ(), this.getYRot(), 0.0f);
                                      ^
  symbol: method getY()
G:\Proyectos\Mods_Minecraft\the_sundering\neoforge\26.2\src\main\java\com\skd\thesundering\entity\InternalAnimationMonster\AcropolisMonsters\Drowned_Host_Entity.java:185: error: cannot find symbol
        upper.moveTo(this.getX(), this.getY() + 1.3125, this.getZ(), this.getYRot(), 0.0f);
                         ^
  symbol: method getX()
G:\Proyectos\Mods_Minecraft\the_sundering\neoforge\26.2\src\main\java\com\skd\thesundering\entity\InternalAnimationMonster\AcropolisMonsters\Drowned_Host_Entity.java:185: error: cannot find symbol
        upper.moveTo(this.getX(), this.getY() + 1.3125, this.getZ(), this.getYRot(), 0.0f);
                                                            ^
  symbol: method getZ()
G:\Proyectos\Mods_Minecraft\the_sundering\neoforge\26.2\src\main\java\com\skd\thesundering\entity\InternalAnimationMonster\AcropolisMonsters\Drowned_Host_Entity.java:185: error: cannot find symbol
        upper.moveTo(this.getX(), this.getY() + 1.3125, this.getZ(), this.getYRot(), 0.0f);
                                                                         ^
  symbol: method getYRot()
G:\Proyectos\Mods_Minecraft\the_sundering\neoforge\26.2\src\main\java\com\skd\thesundering\entity\InternalAnimationMonster\AcropolisMonsters\Drowned_Host_Entity.java:186: error: cannot find symbol
        EventHooks.finalizeMobSpawn((Mob)upper, (ServerLevelAccessor)accessor, (DifficultyInstance)difficulty, (MobSpawnType)spawnType, (SpawnGroupData)spawnGroupData);
                                                                                                                ^
  symbol:   class MobSpawnType
  location: class Drowned_Host_Entity
G:\Proyectos\Mods_Minecraft\the_sundering\neoforge\26.2\src\main\java\com\skd\thesundering\entity\InternalAnimationMonster\AcropolisMonsters\Drowned_Host_Entity.java:187: error: cannot find symbol
        upper.setYBodyRot(this.yBodyRot);
                              ^
  symbol: variable yBodyRot
G:\Proyectos\Mods_Minecraft\the_sundering\neoforge\26.2\src\main\java\com\skd\thesundering\entity\InternalAnimationMonster\AcropolisMonsters\Drowned_Host_Entity.java:188: error: cannot find symbol
        upper.setYHeadRot(this.getYHeadRot());
                              ^
  symbol: method getYHeadRot()
G:\Proyectos\Mods_Minecraft\the_sundering\neoforge\26.2\src\main\java\com\skd\thesundering\entity\InternalAnimationMonster\AcropolisMonsters\Drowned_Host_Entity.java:189: error: cannot find symbol
        upper.setYRot(this.getYRot());
                          ^
  symbol: method getYRot()
G:\Proyectos\Mods_Minecraft\the_sundering\neoforge\26.2\src\main\java\com\skd\thesundering\entity\InternalAnimationMonster\AcropolisMonsters\Drowned_Host_Entity.java:190: error: incompatible types: Drowned_Host_Entity cannot be converted to Entity
        upper.startRiding((Entity)this);
                                  ^
G:\Proyectos\Mods_Minecraft\the_sundering\neoforge\26.2\src\main\java\com\skd\thesundering\entity\InternalAnimationMonster\AcropolisMonsters\Drowned_Host_Entity.java:194: error: type argument Drowned_Host_Entity is not within bounds of type-variable T
    public static boolean checkDrownedSpawnRules(EntityType<Drowned_Host_Entity> drowned, ServerLevelAccessor serverLevel, MobSpawnType mobSpawnType, BlockPos pos, RandomSource random) {
                                                            ^
  where T is a type-variable:
    T extends Entity declared in class EntityType
G:\Proyectos\Mods_Minecraft\the_sundering\neoforge\26.2\src\main\java\com\skd\thesundering\entity\InternalAnimationMonster\AcropolisMonsters\Drowned_Host_Entity.java:196: error: cannot find symbol
        if (!serverLevel.getFluidState(pos.below()).is(FluidTags.WATER) && !MobSpawnType.isSpawner((MobSpawnType)mobSpawnType)) {
                                                                                                    ^
  symbol:   class MobSpawnType
  location: class Drowned_Host_Entity
G:\Proyectos\Mods_Minecraft\the_sundering\neoforge\26.2\src\main\java\com\skd\thesundering\entity\InternalAnimationMonster\AcropolisMonsters\Drowned_Host_Entity.java:196: error: cannot find symbol
        if (!serverLevel.getFluidState(pos.below()).is(FluidTags.WATER) && !MobSpawnType.isSpawner((MobSpawnType)mobSpawnType)) {
                                                                            ^
  symbol:   variable MobSpawnType
  location: class Drowned_Host_Entity
G:\Proyectos\Mods_Minecraft\the_sundering\neoforge\26.2\src\main\java\com\skd\thesundering\entity\InternalAnimationMonster\AcropolisMonsters\Drowned_Host_Entity.java:200: error: cannot find symbol
        boolean bl = flag = !(serverLevel.getDifficulty() == Difficulty.PEACEFUL || !MobSpawnType.ignoresLightRequirements((MobSpawnType)mobSpawnType) && !Drowned_Host_Entity.isDarkEnoughToSpawn((ServerLevelAccessor)serverLevel, (BlockPos)pos, (RandomSource)random) || !MobSpawnType.isSpawner((MobSpawnType)mobSpawnType) && !serverLevel.getFluidState(pos).is(FluidTags.WATER));
                                                                                                                            ^
  symbol:   class MobSpawnType
  location: class Drowned_Host_Entity
G:\Proyectos\Mods_Minecraft\the_sundering\neoforge\26.2\src\main\java\com\skd\thesundering\entity\InternalAnimationMonster\AcropolisMonsters\Drowned_Host_Entity.java:200: error: cannot find symbol
        boolean bl = flag = !(serverLevel.getDifficulty() == Difficulty.PEACEFUL || !MobSpawnType.ignoresLightRequirements((MobSpawnType)mobSpawnType) && !Drowned_Host_Entity.isDarkEnoughToSpawn((ServerLevelAccessor)serverLevel, (BlockPos)pos, (RandomSource)random) || !MobSpawnType.isSpawner((MobSpawnType)mobSpawnType) && !serverLevel.getFluidState(pos).is(FluidTags.WATER));
                                                                                     ^
  symbol:   variable MobSpawnType
  location: class Drowned_Host_Entity
G:\Proyectos\Mods_Minecraft\the_sundering\neoforge\26.2\src\main\java\com\skd\thesundering\entity\InternalAnimationMonster\AcropolisMonsters\Drowned_Host_Entity.java:200: error: cannot find symbol
        boolean bl = flag = !(serverLevel.getDifficulty() == Difficulty.PEACEFUL || !MobSpawnType.ignoresLightRequirements((MobSpawnType)mobSpawnType) && !Drowned_Host_Entity.isDarkEnoughToSpawn((ServerLevelAccessor)serverLevel, (BlockPos)pos, (RandomSource)random) || !MobSpawnType.isSpawner((MobSpawnType)mobSpawnType) && !serverLevel.getFluidState(pos).is(FluidTags.WATER));
                                                                                                                                                                              ^
  symbol:   method isDarkEnoughToSpawn(ServerLevelAccessor,BlockPos,RandomSource)
  location: class Drowned_Host_Entity
G:\Proyectos\Mods_Minecraft\the_sundering\neoforge\26.2\src\main\java\com\skd\thesundering\entity\InternalAnimationMonster\AcropolisMonsters\Drowned_Host_Entity.java:200: error: cannot find symbol
        boolean bl = flag = !(serverLevel.getDifficulty() == Difficulty.PEACEFUL || !MobSpawnType.ignoresLightRequirements((MobSpawnType)mobSpawnType) && !Drowned_Host_Entity.isDarkEnoughToSpawn((ServerLevelAccessor)serverLevel, (BlockPos)pos, (RandomSource)random) || !MobSpawnType.isSpawner((MobSpawnType)mobSpawnType) && !serverLevel.getFluidState(pos).is(FluidTags.WATER));
                                                                                                                                                                                                                                                                                                      ^
  symbol:   class MobSpawnType
  location: class Drowned_Host_Entity
G:\Proyectos\Mods_Minecraft\the_sundering\neoforge\26.2\src\main\java\com\skd\thesundering\entity\InternalAnimationMonster\AcropolisMonsters\Drowned_Host_Entity.java:200: error: cannot find symbol
        boolean bl = flag = !(serverLevel.getDifficulty() == Difficulty.PEACEFUL || !MobSpawnType.ignoresLightRequirements((MobSpawnType)mobSpawnType) && !Drowned_Host_Entity.isDarkEnoughToSpawn((ServerLevelAccessor)serverLevel, (BlockPos)pos, (RandomSource)random) || !MobSpawnType.isSpawner((MobSpawnType)mobSpawnType) && !serverLevel.getFluidState(pos).is(FluidTags.WATER));
                                                                                                                                                                                                                                                                              ^
  symbol:   variable MobSpawnType
  location: class Drowned_Host_Entity
G:\Proyectos\Mods_Minecraft\the_sundering\neoforge\26.2\src\main\java\com\skd\thesundering\entity\InternalAnimationMonster\AcropolisMonsters\Drowned_Host_Entity.java:201: error: cannot find symbol
        if (flag && MobSpawnType.isSpawner((MobSpawnType)mobSpawnType)) {
                                            ^
  symbol:   class MobSpawnType
  location: class Drowned_Host_Entity
G:\Proyectos\Mods_Minecraft\the_sundering\neoforge\26.2\src\main\java\com\skd\thesundering\entity\InternalAnimationMonster\AcropolisMonsters\Drowned_Host_Entity.java:201: error: cannot find symbol
        if (flag && MobSpawnType.isSpawner((MobSpawnType)mobSpawnType)) {
                    ^
  symbol:   variable MobSpawnType
  location: class Drowned_Host_Entity
G:\Proyectos\Mods_Minecraft\the_sundering\neoforge\26.2\src\main\java\com\skd\thesundering\entity\InternalAnimationMonster\AcropolisMonsters\Drowned_Host_Entity.java:208: error: cannot find symbol
        super.positionRider(entity, callback);
        ^
  symbol:   variable super
  location: class Drowned_Host_Entity
G:\Proyectos\Mods_Minecraft\the_sundering\neoforge\26.2\src\main\java\com\skd\thesundering\entity\InternalAnimationMonster\AcropolisMonsters\Drowned_Host_Entity.java:211: error: cannot find symbol
            goblin.setYBodyRot(this.yBodyRot);
                                   ^
  symbol: variable yBodyRot
G:\Proyectos\Mods_Minecraft\the_sundering\neoforge\26.2\src\main\java\com\skd\thesundering\entity\InternalAnimationMonster\AcropolisMonsters\Drowned_Host_Entity.java:212: error: cannot find symbol
            goblin.setYHeadRot(this.getYHeadRot());
                                   ^
  symbol: method getYHeadRot()
G:\Proyectos\Mods_Minecraft\the_sundering\neoforge\26.2\src\main\java\com\skd\thesundering\entity\InternalAnimationMonster\AcropolisMonsters\Drowned_Host_Entity.java:213: error: cannot find symbol
            goblin.setYRot(this.getYRot());
                               ^
  symbol: method getYRot()
G:\Proyectos\Mods_Minecraft\the_sundering\neoforge\26.2\src\main\java\com\skd\thesundering\entity\InternalAnimationMonster\AcropolisMonsters\Drowned_Host_Entity.java:230: error: incomparable types: Entity and Drowned_Host_Entity
        if (entityIn == this) {
                     ^
G:\Proyectos\Mods_Minecraft\the_sundering\neoforge\26.2\src\main\java\com\skd\thesundering\entity\InternalAnimationMonster\AcropolisMonsters\Drowned_Host_Entity.java:233: error: cannot find symbol
        if (super.isAlliedTo(entityIn)) {
            ^
  symbol:   variable super
  location: class Drowned_Host_Entity
G:\Proyectos\Mods_Minecraft\the_sundering\neoforge\26.2\src\main\java\com\skd\thesundering\entity\InternalAnimationMonster\AcropolisMonsters\Drowned_Host_Entity.java:236: error: cannot find symbol
        if (entityIn.getType().is(ModTag.TEAM_SCYLLA)) {
                              ^
  symbol:   method is(TagKey<EntityType<?>>)
  location: class EntityType<CAP#1>
  where CAP#1 is a fresh type-variable:
    CAP#1 extends Entity from capture of ?
G:\Proyectos\Mods_Minecraft\the_sundering\neoforge\26.2\src\main\java\com\skd\thesundering\entity\InternalAnimationMonster\AcropolisMonsters\Drowned_Host_Entity.java:237: error: cannot find symbol
            return this.getTeam() == null && entityIn.getTeam() == null;
                       ^
  symbol: method getTeam()
G:\Proyectos\Mods_Minecraft\the_sundering\neoforge\26.2\src\main\java\com\skd\thesundering\entity\InternalAnimationMonster\AcropolisMonsters\Drowned_Host_Entity.java:243: error: cannot find symbol
        return this.isInWater() ? SoundEvents.DROWNED_AMBIENT_WATER : SoundEvents.DROWNED_AMBIENT;
                   ^
  symbol: method isInWater()
G:\Proyectos\Mods_Minecraft\the_sundering\neoforge\26.2\src\main\java\com\skd\thesundering\entity\InternalAnimationMonster\AcropolisMonsters\Drowned_Host_Entity.java:247: error: cannot find symbol
        return this.isInWater() ? SoundEvents.DROWNED_HURT_WATER : SoundEvents.DROWNED_HURT;
                   ^
  symbol: method isInWater()
G:\Proyectos\Mods_Minecraft\the_sundering\neoforge\26.2\src\main\java\com\skd\thesundering\entity\InternalAnimationMonster\AcropolisMonsters\Drowned_Host_Entity.java:251: error: cannot find symbol
        return this.isInWater() ? SoundEvents.DROWNED_DEATH_WATER : SoundEvents.DROWNED_DEATH;
                   ^
  symbol: method isInWater()
G:\Proyectos\Mods_Minecraft\the_sundering\neoforge\26.2\src\main\java\com\skd\thesundering\entity\InternalAnimationMonster\AcropolisMonsters\Drowned_Host_Entity.java:270: error: cannot find symbol
                this.setItemSlot(EquipmentSlot.MAINHAND, new ItemStack((ItemLike)Items.TRIDENT));
                    ^
  symbol: method setItemSlot(EquipmentSlot,ItemStack)
G:\Proyectos\Mods_Minecraft\the_sundering\neoforge\26.2\src\main\java\com\skd\thesundering\entity\InternalAnimationMonster\AcropolisMonsters\Drowned_Host_Entity.java:272: error: cannot find symbol
                this.setItemSlot(EquipmentSlot.MAINHAND, new ItemStack((ItemLike)Items.FISHING_ROD));
                    ^
  symbol: method setItemSlot(EquipmentSlot,ItemStack)
G:\Proyectos\Mods_Minecraft\the_sundering\neoforge\26.2\src\main\java\com\skd\thesundering\entity\InternalAnimationMonster\AcropolisMonsters\Drowned_Host_Entity.java:284: error: cannot find symbol
        return candidate.is(Items.TRIDENT) ? true : super.canReplaceCurrentItem(candidate, existing);
                                                    ^
  symbol:   variable super
  location: class Drowned_Host_Entity
G:\Proyectos\Mods_Minecraft\the_sundering\neoforge\26.2\src\main\java\com\skd\thesundering\entity\InternalAnimationMonster\AcropolisMonsters\Drowned_Host_Entity.java:292: error: cannot find symbol
        return !this.isVehicle() || !(this.getPassengers().get(0) instanceof Symbiocto_Entity);
                    ^
  symbol: method isVehicle()
G:\Proyectos\Mods_Minecraft\the_sundering\neoforge\26.2\src\main\java\com\skd\thesundering\entity\InternalAnimationMonster\AcropolisMonsters\Drowned_Host_Entity.java:292: error: cannot find symbol
        return !this.isVehicle() || !(this.getPassengers().get(0) instanceof Symbiocto_Entity);
                                          ^
  symbol: method getPassengers()
G:\Proyectos\Mods_Minecraft\the_sundering\neoforge\26.2\src\main\java\com\skd\thesundering\entity\InternalAnimationMonster\AcropolisMonsters\Drowned_Host_Entity.java:296: error: incompatible types: Drowned_Host_Entity cannot be converted to Entity
        return level.isUnobstructed((Entity)this);
                                            ^
G:\Proyectos\Mods_Minecraft\the_sundering\neoforge\26.2\src\main\java\com\skd\thesundering\entity\InternalAnimationMonster\AcropolisMonsters\Drowned_Host_Entity.java:300: error: cannot find symbol
        return !this.isSwimming();
                    ^
  symbol: method isSwimming()
G:\Proyectos\Mods_Minecraft\the_sundering\neoforge\26.2\src\main\java\com\skd\thesundering\entity\InternalAnimationMonster\AcropolisMonsters\Drowned_Host_Entity.java:307: error: cannot find symbol
        LivingEntity livingentity = this.getTarget();
                                        ^
  symbol: method getTarget()
G:\Proyectos\Mods_Minecraft\the_sundering\neoforge\26.2\src\main\java\com\skd\thesundering\entity\InternalAnimationMonster\AcropolisMonsters\Drowned_Host_Entity.java:312: error: cannot find symbol
        if (this.isControlledByLocalInstance() && this.isInWater() && this.wantsToSwim()) {
                ^
  symbol: method isControlledByLocalInstance()
G:\Proyectos\Mods_Minecraft\the_sundering\neoforge\26.2\src\main\java\com\skd\thesundering\entity\InternalAnimationMonster\AcropolisMonsters\Drowned_Host_Entity.java:312: error: cannot find symbol
        if (this.isControlledByLocalInstance() && this.isInWater() && this.wantsToSwim()) {
                                                      ^
  symbol: method isInWater()
G:\Proyectos\Mods_Minecraft\the_sundering\neoforge\26.2\src\main\java\com\skd\thesundering\entity\InternalAnimationMonster\AcropolisMonsters\Drowned_Host_Entity.java:313: error: cannot find symbol
            this.moveRelative(0.01f, travelVector);
                ^
  symbol: method moveRelative(float,Vec3)
G:\Proyectos\Mods_Minecraft\the_sundering\neoforge\26.2\src\main\java\com\skd\thesundering\entity\InternalAnimationMonster\AcropolisMonsters\Drowned_Host_Entity.java:314: error: cannot find symbol
            this.move(MoverType.SELF, this.getDeltaMovement());
                                          ^
  symbol: method getDeltaMovement()
G:\Proyectos\Mods_Minecraft\the_sundering\neoforge\26.2\src\main\java\com\skd\thesundering\entity\InternalAnimationMonster\AcropolisMonsters\Drowned_Host_Entity.java:315: error: cannot find symbol
            this.setDeltaMovement(this.getDeltaMovement().scale(0.9));
                                      ^
  symbol: method getDeltaMovement()
G:\Proyectos\Mods_Minecraft\the_sundering\neoforge\26.2\src\main\java\com\skd\thesundering\entity\InternalAnimationMonster\AcropolisMonsters\Drowned_Host_Entity.java:317: error: cannot find symbol
            super.travel(travelVector);
            ^
  symbol:   variable super
  location: class Drowned_Host_Entity
G:\Proyectos\Mods_Minecraft\the_sundering\neoforge\26.2\src\main\java\com\skd\thesundering\entity\InternalAnimationMonster\AcropolisMonsters\Drowned_Host_Entity.java:322: error: cannot find symbol
        if (!this.level().isClientSide()) {
                 ^
  symbol: method level()
G:\Proyectos\Mods_Minecraft\the_sundering\neoforge\26.2\src\main\java\com\skd\thesundering\entity\InternalAnimationMonster\AcropolisMonsters\Drowned_Host_Entity.java:323: error: cannot find symbol
            if (this.isEffectiveAi() && this.isInWater() && this.wantsToSwim()) {
                    ^
  symbol: method isEffectiveAi()
G:\Proyectos\Mods_Minecraft\the_sundering\neoforge\26.2\src\main\java\com\skd\thesundering\entity\InternalAnimationMonster\AcropolisMonsters\Drowned_Host_Entity.java:323: error: cannot find symbol
            if (this.isEffectiveAi() && this.isInWater() && this.wantsToSwim()) {
                                            ^
  symbol: method isInWater()
G:\Proyectos\Mods_Minecraft\the_sundering\neoforge\26.2\src\main\java\com\skd\thesundering\entity\InternalAnimationMonster\AcropolisMonsters\Drowned_Host_Entity.java:324: error: cannot find symbol
                this.navigation = this.waterNavigation;
                    ^
  symbol: variable navigation
G:\Proyectos\Mods_Minecraft\the_sundering\neoforge\26.2\src\main\java\com\skd\thesundering\entity\InternalAnimationMonster\AcropolisMonsters\Drowned_Host_Entity.java:325: error: cannot find symbol
                this.setSwimming(true);
                    ^
  symbol: method setSwimming(boolean)
G:\Proyectos\Mods_Minecraft\the_sundering\neoforge\26.2\src\main\java\com\skd\thesundering\entity\InternalAnimationMonster\AcropolisMonsters\Drowned_Host_Entity.java:327: error: cannot find symbol
                this.navigation = this.groundNavigation;
                    ^
  symbol: variable navigation
G:\Proyectos\Mods_Minecraft\the_sundering\neoforge\26.2\src\main\java\com\skd\thesundering\entity\InternalAnimationMonster\AcropolisMonsters\Drowned_Host_Entity.java:328: error: cannot find symbol
                this.setSwimming(false);
                    ^
  symbol: method setSwimming(boolean)
G:\Proyectos\Mods_Minecraft\the_sundering\neoforge\26.2\src\main\java\com\skd\thesundering\entity\InternalAnimationMonster\AcropolisMonsters\Drowned_Host_Entity.java:334: error: cannot find symbol
        return this.isSwimming();
                   ^
  symbol: method isSwimming()
G:\Proyectos\Mods_Minecraft\the_sundering\neoforge\26.2\src\main\java\com\skd\thesundering\entity\InternalAnimationMonster\AcropolisMonsters\Drowned_Host_Entity.java:340: error: cannot find symbol
        Path path = this.getNavigation().getPath();
                        ^
  symbol: method getNavigation()
G:\Proyectos\Mods_Minecraft\the_sundering\neoforge\26.2\src\main\java\com\skd\thesundering\entity\InternalAnimationMonster\AcropolisMonsters\Drowned_Host_Entity.java:341: error: cannot find symbol
        return path != null && (blockpos = path.getTarget()) != null && (d0 = this.distanceToSqr(blockpos.getX(), blockpos.getY(), blockpos.getZ())) < 4.0;
                                                                                  ^
  symbol: method distanceToSqr(int,int,int)
G:\Proyectos\Mods_Minecraft\the_sundering\neoforge\26.2\src\main\java\com\skd\thesundering\entity\InternalAnimationMonster\AcropolisMonsters\Drowned_Host_Entity.java:345: error: cannot find symbol
        ThrownTrident throwntrident = new ThrownTrident(this.level(), (LivingEntity)this, new ItemStack((ItemLike)Items.TRIDENT));
        ^
  symbol:   class ThrownTrident
  location: class Drowned_Host_Entity
G:\Proyectos\Mods_Minecraft\the_sundering\neoforge\26.2\src\main\java\com\skd\thesundering\entity\InternalAnimationMonster\AcropolisMonsters\Drowned_Host_Entity.java:345: error: cannot find symbol
        ThrownTrident throwntrident = new ThrownTrident(this.level(), (LivingEntity)this, new ItemStack((ItemLike)Items.TRIDENT));
                                          ^
  symbol:   class ThrownTrident
  location: class Drowned_Host_Entity
G:\Proyectos\Mods_Minecraft\the_sundering\neoforge\26.2\src\main\java\com\skd\thesundering\entity\InternalAnimationMonster\AcropolisMonsters\Drowned_Host_Entity.java:345: error: incompatible types: Drowned_Host_Entity cannot be converted to LivingEntity
        ThrownTrident throwntrident = new ThrownTrident(this.level(), (LivingEntity)this, new ItemStack((ItemLike)Items.TRIDENT));
                                                                                    ^
G:\Proyectos\Mods_Minecraft\the_sundering\neoforge\26.2\src\main\java\com\skd\thesundering\entity\InternalAnimationMonster\AcropolisMonsters\Drowned_Host_Entity.java:345: error: cannot find symbol
        ThrownTrident throwntrident = new ThrownTrident(this.level(), (LivingEntity)this, new ItemStack((ItemLike)Items.TRIDENT));
                                                            ^
  symbol: method level()
G:\Proyectos\Mods_Minecraft\the_sundering\neoforge\26.2\src\main\java\com\skd\thesundering\entity\InternalAnimationMonster\AcropolisMonsters\Drowned_Host_Entity.java:346: error: cannot find symbol
        double d0 = target.getX() - this.getX();
                                        ^
  symbol: method getX()
G:\Proyectos\Mods_Minecraft\the_sundering\neoforge\26.2\src\main\java\com\skd\thesundering\entity\InternalAnimationMonster\AcropolisMonsters\Drowned_Host_Entity.java:348: error: cannot find symbol
        double d2 = target.getZ() - this.getZ();
                                        ^
  symbol: method getZ()
G:\Proyectos\Mods_Minecraft\the_sundering\neoforge\26.2\src\main\java\com\skd\thesundering\entity\InternalAnimationMonster\AcropolisMonsters\Drowned_Host_Entity.java:350: error: cannot find symbol
        throwntrident.shoot(d0, d1 + d3 * (double)0.2f, d2, 1.6f, (float)(14 - this.level().getDifficulty().getId() * 4));
                                                                                   ^
  symbol: method level()
G:\Proyectos\Mods_Minecraft\the_sundering\neoforge\26.2\src\main\java\com\skd\thesundering\entity\InternalAnimationMonster\AcropolisMonsters\Drowned_Host_Entity.java:351: error: cannot find symbol
        this.playSound(SoundEvents.DROWNED_SHOOT, 1.0f, 1.0f / (this.getRandom().nextFloat() * 0.4f + 0.8f));
                                                                    ^
  symbol: method getRandom()
G:\Proyectos\Mods_Minecraft\the_sundering\neoforge\26.2\src\main\java\com\skd\thesundering\entity\InternalAnimationMonster\AcropolisMonsters\Drowned_Host_Entity.java:352: error: cannot find symbol
        this.level().addFreshEntity((Entity)throwntrident);
            ^
  symbol: method level()
G:\Proyectos\Mods_Minecraft\the_sundering\neoforge\26.2\src\main\java\com\skd\thesundering\entity\InternalAnimationMonster\AcropolisMonsters\Drowned_Host_Entity.java:364: error: incompatible types: Drowned_Host_Entity cannot be converted to Mob
            super((Mob)drowned);
                       ^
G:\Proyectos\Mods_Minecraft\the_sundering\neoforge\26.2\src\main\java\com\skd\thesundering\entity\InternalAnimationMonster\AcropolisMonsters\Drowned_Host_Entity.java:369: error: cannot find symbol
            LivingEntity livingentity = this.drowned.getTarget();
                                                    ^
  symbol:   method getTarget()
  location: variable drowned of type Drowned_Host_Entity
G:\Proyectos\Mods_Minecraft\the_sundering\neoforge\26.2\src\main\java\com\skd\thesundering\entity\InternalAnimationMonster\AcropolisMonsters\Drowned_Host_Entity.java:370: error: cannot find symbol
            if (this.drowned.wantsToSwim() && this.drowned.isInWater()) {
                                                          ^
  symbol:   method isInWater()
  location: variable drowned of type Drowned_Host_Entity
G:\Proyectos\Mods_Minecraft\the_sundering\neoforge\26.2\src\main\java\com\skd\thesundering\entity\InternalAnimationMonster\AcropolisMonsters\Drowned_Host_Entity.java:371: error: cannot find symbol
                if (livingentity != null && livingentity.getY() > this.drowned.getY() || this.drowned.searchingForLand) {
                                                                              ^
  symbol:   method getY()
  location: variable drowned of type Drowned_Host_Entity
G:\Proyectos\Mods_Minecraft\the_sundering\neoforge\26.2\src\main\java\com\skd\thesundering\entity\InternalAnimationMonster\AcropolisMonsters\Drowned_Host_Entity.java:372: error: cannot find symbol
                    this.drowned.setDeltaMovement(this.drowned.getDeltaMovement().add(0.0, 0.002, 0.0));
                                                              ^
  symbol:   method getDeltaMovement()
  location: variable drowned of type Drowned_Host_Entity
G:\Proyectos\Mods_Minecraft\the_sundering\neoforge\26.2\src\main\java\com\skd\thesundering\entity\InternalAnimationMonster\AcropolisMonsters\Drowned_Host_Entity.java:374: error: cannot find symbol
                if (this.operation != MoveControl.Operation.MOVE_TO || this.drowned.getNavigation().isDone()) {
                                                                                   ^
  symbol:   method getNavigation()
  location: variable drowned of type Drowned_Host_Entity
G:\Proyectos\Mods_Minecraft\the_sundering\neoforge\26.2\src\main\java\com\skd\thesundering\entity\InternalAnimationMonster\AcropolisMonsters\Drowned_Host_Entity.java:375: error: cannot find symbol
                    this.drowned.setSpeed(0.0f);
                                ^
  symbol:   method setSpeed(float)
  location: variable drowned of type Drowned_Host_Entity
G:\Proyectos\Mods_Minecraft\the_sundering\neoforge\26.2\src\main\java\com\skd\thesundering\entity\InternalAnimationMonster\AcropolisMonsters\Drowned_Host_Entity.java:378: error: cannot find symbol
                double d0 = this.wantedX - this.drowned.getX();
                                                       ^
  symbol:   method getX()
  location: variable drowned of type Drowned_Host_Entity
G:\Proyectos\Mods_Minecraft\the_sundering\neoforge\26.2\src\main\java\com\skd\thesundering\entity\InternalAnimationMonster\AcropolisMonsters\Drowned_Host_Entity.java:379: error: cannot find symbol
                double d1 = this.wantedY - this.drowned.getY();
                                                       ^
  symbol:   method getY()
  location: variable drowned of type Drowned_Host_Entity
G:\Proyectos\Mods_Minecraft\the_sundering\neoforge\26.2\src\main\java\com\skd\thesundering\entity\InternalAnimationMonster\AcropolisMonsters\Drowned_Host_Entity.java:380: error: cannot find symbol
                double d2 = this.wantedZ - this.drowned.getZ();
                                                       ^
  symbol:   method getZ()
  location: variable drowned of type Drowned_Host_Entity
G:\Proyectos\Mods_Minecraft\the_sundering\neoforge\26.2\src\main\java\com\skd\thesundering\entity\InternalAnimationMonster\AcropolisMonsters\Drowned_Host_Entity.java:384: error: cannot find symbol
                this.drowned.setYRot(this.rotlerp(this.drowned.getYRot(), f, 90.0f));
                                                              ^
  symbol:   method getYRot()
  location: variable drowned of type Drowned_Host_Entity
G:\Proyectos\Mods_Minecraft\the_sundering\neoforge\26.2\src\main\java\com\skd\thesundering\entity\InternalAnimationMonster\AcropolisMonsters\Drowned_Host_Entity.java:385: error: cannot find symbol
                this.drowned.yBodyRot = this.drowned.getYRot();
                            ^
  symbol:   variable yBodyRot
  location: variable drowned of type Drowned_Host_Entity
G:\Proyectos\Mods_Minecraft\the_sundering\neoforge\26.2\src\main\java\com\skd\thesundering\entity\InternalAnimationMonster\AcropolisMonsters\Drowned_Host_Entity.java:385: error: cannot find symbol
                this.drowned.yBodyRot = this.drowned.getYRot();
                                                    ^
  symbol:   method getYRot()
  location: variable drowned of type Drowned_Host_Entity
G:\Proyectos\Mods_Minecraft\the_sundering\neoforge\26.2\src\main\java\com\skd\thesundering\entity\InternalAnimationMonster\AcropolisMonsters\Drowned_Host_Entity.java:386: error: cannot find symbol
                float f1 = (float)(this.speedModifier * this.drowned.getAttributeValue(Attributes.MOVEMENT_SPEED));
                                                                    ^
  symbol:   method getAttributeValue(Holder<Attribute>)
  location: variable drowned of type Drowned_Host_Entity
G:\Proyectos\Mods_Minecraft\the_sundering\neoforge\26.2\src\main\java\com\skd\thesundering\entity\InternalAnimationMonster\AcropolisMonsters\Drowned_Host_Entity.java:387: error: cannot find symbol
                float f2 = Mth.lerp((float)0.125f, (float)this.drowned.getSpeed(), (float)f1);
                                                                      ^
  symbol:   method getSpeed()
  location: variable drowned of type Drowned_Host_Entity
G:\Proyectos\Mods_Minecraft\the_sundering\neoforge\26.2\src\main\java\com\skd\thesundering\entity\InternalAnimationMonster\AcropolisMonsters\Drowned_Host_Entity.java:388: error: cannot find symbol
                this.drowned.setSpeed(f2);
                            ^
  symbol:   method setSpeed(float)
  location: variable drowned of type Drowned_Host_Entity
G:\Proyectos\Mods_Minecraft\the_sundering\neoforge\26.2\src\main\java\com\skd\thesundering\entity\InternalAnimationMonster\AcropolisMonsters\Drowned_Host_Entity.java:389: error: cannot find symbol
                this.drowned.setDeltaMovement(this.drowned.getDeltaMovement().add((double)f2 * d0 * 0.005, (double)f2 * d1 * 0.1, (double)f2 * d2 * 0.005));
                                                          ^
  symbol:   method getDeltaMovement()
  location: variable drowned of type Drowned_Host_Entity
G:\Proyectos\Mods_Minecraft\the_sundering\neoforge\26.2\src\main\java\com\skd\thesundering\entity\InternalAnimationMonster\AcropolisMonsters\Drowned_Host_Entity.java:391: error: cannot find symbol
                if (!this.drowned.onGround()) {
                                 ^
  symbol:   method onGround()
  location: variable drowned of type Drowned_Host_Entity
G:\Proyectos\Mods_Minecraft\the_sundering\neoforge\26.2\src\main\java\com\skd\thesundering\entity\InternalAnimationMonster\AcropolisMonsters\Drowned_Host_Entity.java:392: error: cannot find symbol
                    this.drowned.setDeltaMovement(this.drowned.getDeltaMovement().add(0.0, -0.008, 0.0));
                                                              ^
  symbol:   method getDeltaMovement()
  location: variable drowned of type Drowned_Host_Entity
G:\Proyectos\Mods_Minecraft\the_sundering\neoforge\26.2\src\main\java\com\skd\thesundering\entity\InternalAnimationMonster\AcropolisMonsters\Drowned_Host_Entity.java:416: error: cannot find symbol
            if (!this.level.isDay()) {
                           ^
  symbol:   method isDay()
  location: variable level of type Level
G:\Proyectos\Mods_Minecraft\the_sundering\neoforge\26.2\src\main\java\com\skd\thesundering\entity\InternalAnimationMonster\AcropolisMonsters\Drowned_Host_Entity.java:463: error: cannot find symbol
            return super.canUse() && this.drowned.getMainHandItem().is(Items.TRIDENT);
                                                 ^
  symbol:   method getMainHandItem()
  location: variable drowned of type Drowned_Host_Entity
G:\Proyectos\Mods_Minecraft\the_sundering\neoforge\26.2\src\main\java\com\skd\thesundering\entity\InternalAnimationMonster\AcropolisMonsters\Drowned_Host_Entity.java:468: error: cannot find symbol
            this.drowned.setAggressive(true);
                        ^
  symbol:   method setAggressive(boolean)
  location: variable drowned of type Drowned_Host_Entity
G:\Proyectos\Mods_Minecraft\the_sundering\neoforge\26.2\src\main\java\com\skd\thesundering\entity\InternalAnimationMonster\AcropolisMonsters\Drowned_Host_Entity.java:469: error: cannot find symbol
            this.drowned.startUsingItem(InteractionHand.MAIN_HAND);
                        ^
  symbol:   method startUsingItem(InteractionHand)
  location: variable drowned of type Drowned_Host_Entity
G:\Proyectos\Mods_Minecraft\the_sundering\neoforge\26.2\src\main\java\com\skd\thesundering\entity\InternalAnimationMonster\AcropolisMonsters\Drowned_Host_Entity.java:474: error: cannot find symbol
            this.drowned.stopUsingItem();
                        ^
  symbol:   method stopUsingItem()
  location: variable drowned of type Drowned_Host_Entity
G:\Proyectos\Mods_Minecraft\the_sundering\neoforge\26.2\src\main\java\com\skd\thesundering\entity\InternalAnimationMonster\AcropolisMonsters\Drowned_Host_Entity.java:475: error: cannot find symbol
            this.drowned.setAggressive(false);
                        ^
  symbol:   method setAggressive(boolean)
  location: variable drowned of type Drowned_Host_Entity
G:\Proyectos\Mods_Minecraft\the_sundering\neoforge\26.2\src\main\java\com\skd\thesundering\entity\InternalAnimationMonster\AcropolisMonsters\Drowned_Host_Entity.java:484: error: incompatible types: Drowned_Host_Entity cannot be converted to PathfinderMob
            super((PathfinderMob)drowned, speedModifier, 8, 2);
                                 ^
G:\Proyectos\Mods_Minecraft\the_sundering\neoforge\26.2\src\main\java\com\skd\thesundering\entity\InternalAnimationMonster\AcropolisMonsters\Drowned_Host_Entity.java:489: error: cannot find symbol
            return super.canUse() && !this.drowned.level().isDay() && this.drowned.isInWater() && this.drowned.getY() >= (double)(this.drowned.level().getSeaLevel() - 3);
                                                  ^
  symbol:   method level()
  location: variable drowned of type Drowned_Host_Entity
G:\Proyectos\Mods_Minecraft\the_sundering\neoforge\26.2\src\main\java\com\skd\thesundering\entity\InternalAnimationMonster\AcropolisMonsters\Drowned_Host_Entity.java:489: error: cannot find symbol
            return super.canUse() && !this.drowned.level().isDay() && this.drowned.isInWater() && this.drowned.getY() >= (double)(this.drowned.level().getSeaLevel() - 3);
                                                                                  ^
  symbol:   method isInWater()
  location: variable drowned of type Drowned_Host_Entity
G:\Proyectos\Mods_Minecraft\the_sundering\neoforge\26.2\src\main\java\com\skd\thesundering\entity\InternalAnimationMonster\AcropolisMonsters\Drowned_Host_Entity.java:489: error: cannot find symbol
            return super.canUse() && !this.drowned.level().isDay() && this.drowned.isInWater() && this.drowned.getY() >= (double)(this.drowned.level().getSeaLevel() - 3);
                                                                                                              ^
  symbol:   method getY()
  location: variable drowned of type Drowned_Host_Entity
G:\Proyectos\Mods_Minecraft\the_sundering\neoforge\26.2\src\main\java\com\skd\thesundering\entity\InternalAnimationMonster\AcropolisMonsters\Drowned_Host_Entity.java:489: error: cannot find symbol
            return super.canUse() && !this.drowned.level().isDay() && this.drowned.isInWater() && this.drowned.getY() >= (double)(this.drowned.level().getSeaLevel() - 3);
                                                                                                                                              ^
  symbol:   method level()
  location: variable drowned of type Drowned_Host_Entity
G:\Proyectos\Mods_Minecraft\the_sundering\neoforge\26.2\src\main\java\com\skd\thesundering\entity\InternalAnimationMonster\AcropolisMonsters\Drowned_Host_Entity.java:498: error: incompatible types: Drowned_Host_Entity cannot be converted to Entity
            return level.isEmptyBlock(blockpos) && level.isEmptyBlock(blockpos.above()) ? level.getBlockState(pos).entityCanStandOn((BlockGetter)level, pos, (Entity)this.drowned) : false;
                                                                                                                                                                         ^
G:\Proyectos\Mods_Minecraft\the_sundering\neoforge\26.2\src\main\java\com\skd\thesundering\entity\InternalAnimationMonster\AcropolisMonsters\Drowned_Host_Entity.java:503: error: cannot find symbol
            this.drowned.navigation = (PathNavigation)this.drowned.groundNavigation;
                        ^
  symbol:   variable navigation
  location: variable drowned of type Drowned_Host_Entity
G:\Proyectos\Mods_Minecraft\the_sundering\neoforge\26.2\src\main\java\com\skd\thesundering\entity\InternalAnimationMonster\AcropolisMonsters\Drowned_Host_Entity.java:526: error: cannot find symbol
            return !this.drowned.level().isDay() && this.drowned.isInWater() && this.drowned.getY() < (double)(this.seaLevel - 2);
                                ^
  symbol:   method level()
  location: variable drowned of type Drowned_Host_Entity
G:\Proyectos\Mods_Minecraft\the_sundering\neoforge\26.2\src\main\java\com\skd\thesundering\entity\InternalAnimationMonster\AcropolisMonsters\Drowned_Host_Entity.java:526: error: cannot find symbol
            return !this.drowned.level().isDay() && this.drowned.isInWater() && this.drowned.getY() < (double)(this.seaLevel - 2);
                                                                ^
  symbol:   method isInWater()
  location: variable drowned of type Drowned_Host_Entity
G:\Proyectos\Mods_Minecraft\the_sundering\neoforge\26.2\src\main\java\com\skd\thesundering\entity\InternalAnimationMonster\AcropolisMonsters\Drowned_Host_Entity.java:526: error: cannot find symbol
            return !this.drowned.level().isDay() && this.drowned.isInWater() && this.drowned.getY() < (double)(this.seaLevel - 2);
                                                                                            ^
  symbol:   method getY()
  location: variable drowned of type Drowned_Host_Entity
G:\Proyectos\Mods_Minecraft\the_sundering\neoforge\26.2\src\main\java\com\skd\thesundering\entity\InternalAnimationMonster\AcropolisMonsters\Drowned_Host_Entity.java:534: error: cannot find symbol
            if (this.drowned.getY() < (double)(this.seaLevel - 1) && (this.drowned.getNavigation().isDone() || this.drowned.closeToNextPos())) {
                            ^
  symbol:   method getY()
  location: variable drowned of type Drowned_Host_Entity
G:\Proyectos\Mods_Minecraft\the_sundering\neoforge\26.2\src\main\java\com\skd\thesundering\entity\InternalAnimationMonster\AcropolisMonsters\Drowned_Host_Entity.java:534: error: cannot find symbol
            if (this.drowned.getY() < (double)(this.seaLevel - 1) && (this.drowned.getNavigation().isDone() || this.drowned.closeToNextPos())) {
                                                                                  ^
  symbol:   method getNavigation()
  location: variable drowned of type Drowned_Host_Entity
G:\Proyectos\Mods_Minecraft\the_sundering\neoforge\26.2\src\main\java\com\skd\thesundering\entity\InternalAnimationMonster\AcropolisMonsters\Drowned_Host_Entity.java:535: error: incompatible types: Drowned_Host_Entity cannot be converted to PathfinderMob
                Vec3 vec3 = DefaultRandomPos.getPosTowards((PathfinderMob)this.drowned, (int)4, (int)8, (Vec3)new Vec3(this.drowned.getX(), (double)(this.seaLevel - 1), this.drowned.getZ()), (double)1.5707963705062866);
                                                                              ^
G:\Proyectos\Mods_Minecraft\the_sundering\neoforge\26.2\src\main\java\com\skd\thesundering\entity\InternalAnimationMonster\AcropolisMonsters\Drowned_Host_Entity.java:535: error: cannot find symbol
                Vec3 vec3 = DefaultRandomPos.getPosTowards((PathfinderMob)this.drowned, (int)4, (int)8, (Vec3)new Vec3(this.drowned.getX(), (double)(this.seaLevel - 1), this.drowned.getZ()), (double)1.5707963705062866);
                                                                                                                                   ^
  symbol:   method getX()
  location: variable drowned of type Drowned_Host_Entity
G:\Proyectos\Mods_Minecraft\the_sundering\neoforge\26.2\src\main\java\com\skd\thesundering\entity\InternalAnimationMonster\AcropolisMonsters\Drowned_Host_Entity.java:535: error: cannot find symbol
                Vec3 vec3 = DefaultRandomPos.getPosTowards((PathfinderMob)this.drowned, (int)4, (int)8, (Vec3)new Vec3(this.drowned.getX(), (double)(this.seaLevel - 1), this.drowned.getZ()), (double)1.5707963705062866);
                                                                                                                                                                                     ^
  symbol:   method getZ()
  location: variable drowned of type Drowned_Host_Entity
G:\Proyectos\Mods_Minecraft\the_sundering\neoforge\26.2\src\main\java\com\skd\thesundering\entity\InternalAnimationMonster\AcropolisMonsters\Drowned_Host_Entity.java:540: error: cannot find symbol
                this.drowned.getNavigation().moveTo(vec3.x, vec3.y, vec3.z, this.speedModifier);
                            ^
  symbol:   method getNavigation()
  location: variable drowned of type Drowned_Host_Entity
G:\Proyectos\Mods_Minecraft\the_sundering\neoforge\26.2\src\main\java\com\skd\thesundering\client\render\entity\Elite_Draugr_Renderer.java:37: error: incompatible types: Elite_Draugr_Model cannot be converted to EntityModel
        super(renderManagerIn, (EntityModel)new Elite_Draugr_Model(renderManagerIn.bakeLayer(CMModelLayers.ELITE_DRAUGR_MODEL)), 0.5f);
                                            ^
G:\Proyectos\Mods_Minecraft\the_sundering\neoforge\26.2\src\main\java\com\skd\thesundering\client\render\entity\Elite_Draugr_Renderer.java:38: error: incompatible types: Elite_Draugr_Renderer cannot be converted to RenderLayerParent
        this.addLayer(new LayerGenericGlowing(this, LAYER));
                                              ^
G:\Proyectos\Mods_Minecraft\the_sundering\neoforge\26.2\src\main\java\com\skd\thesundering\client\render\entity\Elite_Draugr_Renderer.java:39: error: cannot find symbol
        this.addLayer((RenderLayer)new ItemInHandLayer((RenderLayerParent)this, renderManagerIn.getItemInHandRenderer()));
            ^
  symbol: method addLayer(RenderLayer)
G:\Proyectos\Mods_Minecraft\the_sundering\neoforge\26.2\src\main\java\com\skd\thesundering\client\render\entity\Elite_Draugr_Renderer.java:39: error: cannot find symbol
        this.addLayer((RenderLayer)new ItemInHandLayer((RenderLayerParent)this, renderManagerIn.getItemInHandRenderer()));
                                                                                               ^
  symbol:   method getItemInHandRenderer()
  location: variable renderManagerIn of type Context
G:\Proyectos\Mods_Minecraft\the_sundering\neoforge\26.2\src\main\java\com\skd\thesundering\client\render\entity\Elite_Draugr_Renderer.java:45: error: cannot find symbol
        super.scale((LivingEntity)p_114907_, p_114908_, p_114909_);
        ^
  symbol:   variable super
  location: class Elite_Draugr_Renderer
G:\Proyectos\Mods_Minecraft\the_sundering\neoforge\26.2\src\main\java\com\skd\thesundering\client\render\entity\Endermaptera_Renderer.java:45: error: incompatible types: Endermaptera_Model cannot be converted to EntityModel
        super(renderManagerIn, (EntityModel)new Endermaptera_Model(), 0.7f);
                                            ^
G:\Proyectos\Mods_Minecraft\the_sundering\neoforge\26.2\src\main\java\com\skd\thesundering\client\render\entity\Endermaptera_Renderer.java:46: error: incompatible types: Endermaptera_Renderer cannot be converted to RenderLayerParent
        this.addLayer(new LayerGenericGlowing(this, SSAPBUG_LAYER_TEXTURES));
                                              ^
G:\Proyectos\Mods_Minecraft\the_sundering\neoforge\26.2\src\main\java\com\skd\thesundering\client\render\entity\Endermaptera_Renderer.java:59: error: cannot find symbol
        if (this.isShaking((LivingEntity)entityLiving)) {
                ^
  symbol: method isShaking(LivingEntity)
G:\Proyectos\Mods_Minecraft\the_sundering\neoforge\26.2\src\main\java\com\skd\thesundering\client\render\entity\Endermaptera_Renderer.java:116: error: cannot find symbol
            matrixStackIn.mulPose(Axis.ZP.rotationDegrees(f * this.getFlipDegrees((LivingEntity)entityLiving)));
                                                                  ^
  symbol: method getFlipDegrees(LivingEntity)
G:\Proyectos\Mods_Minecraft\the_sundering\neoforge\26.2\src\main\java\com\skd\thesundering\client\render\entity\Ender_Golem_Renderer.java:32: error: incompatible types: Ender_Golem_Model cannot be converted to EntityModel
        super(renderManagerIn, (EntityModel)new Ender_Golem_Model(), 1.5f);
                                            ^
G:\Proyectos\Mods_Minecraft\the_sundering\neoforge\26.2\src\main\java\com\skd\thesundering\client\render\entity\Ender_Golem_Renderer.java:33: error: cannot find symbol
        this.addLayer(new Ender_Golem_Layer(this));
            ^
  symbol: method addLayer(Ender_Golem_Layer)
G:\Proyectos\Mods_Minecraft\the_sundering\neoforge\26.2\src\main\java\com\skd\thesundering\client\render\entity\Ender_Guardian_bullet_Renderer.java:43: error: cannot find symbol
    private static final RenderType ENDER_GUARDIAN_RENDER_TYPE = RenderType.entityTranslucent((Identifier)ENDER_GUARDIAN_TEXTURE);
                                                                           ^
  symbol:   method entityTranslucent(Identifier)
  location: class RenderType
G:\Proyectos\Mods_Minecraft\the_sundering\neoforge\26.2\src\main\java\com\skd\thesundering\client\render\entity\Ender_Guardian_bullet_Renderer.java:56: error: cannot find symbol
        float f = this.rotLerp(entityIn.yRotO, entityIn.getYRot(), partialTicks);
                                       ^
  symbol:   variable yRotO
  location: variable entityIn of type Ender_Guardian_Bullet_Entity
G:\Proyectos\Mods_Minecraft\the_sundering\neoforge\26.2\src\main\java\com\skd\thesundering\client\render\entity\Ender_Guardian_bullet_Renderer.java:56: error: cannot find symbol
        float f = this.rotLerp(entityIn.yRotO, entityIn.getYRot(), partialTicks);
                                                       ^
  symbol:   method getYRot()
  location: variable entityIn of type Ender_Guardian_Bullet_Entity
G:\Proyectos\Mods_Minecraft\the_sundering\neoforge\26.2\src\main\java\com\skd\thesundering\client\render\entity\Ender_Guardian_bullet_Renderer.java:57: error: cannot find symbol
        float f1 = Mth.lerp((float)partialTicks, (float)entityIn.xRotO, (float)entityIn.getXRot());
                                                                ^
  symbol:   variable xRotO
  location: variable entityIn of type Ender_Guardian_Bullet_Entity
G:\Proyectos\Mods_Minecraft\the_sundering\neoforge\26.2\src\main\java\com\skd\thesundering\client\render\entity\Ender_Guardian_bullet_Renderer.java:57: error: cannot find symbol
        float f1 = Mth.lerp((float)partialTicks, (float)entityIn.xRotO, (float)entityIn.getXRot());
                                                                                       ^
  symbol:   method getXRot()
  location: variable entityIn of type Ender_Guardian_Bullet_Entity
G:\Proyectos\Mods_Minecraft\the_sundering\neoforge\26.2\src\main\java\com\skd\thesundering\client\render\entity\Ender_Guardian_bullet_Renderer.java:58: error: cannot find symbol
        float f2 = (float)entityIn.tickCount + partialTicks;
                                  ^
  symbol:   variable tickCount
  location: variable entityIn of type Ender_Guardian_Bullet_Entity
G:\Proyectos\Mods_Minecraft\the_sundering\neoforge\26.2\src\main\java\com\skd\thesundering\client\render\entity\Ender_Guardian_bullet_Renderer.java:64: error: incompatible types: Ender_Guardian_Bullet_Entity cannot be converted to Entity
        this.model.setupAnim((Entity)entityIn, 0.0f, 0.0f, 0.0f, f, f1);
                                     ^
G:\Proyectos\Mods_Minecraft\the_sundering\neoforge\26.2\src\main\java\com\skd\thesundering\client\render\entity\Ender_Guardian_bullet_Renderer.java:65: error: cannot find symbol
        VertexConsumer VertexConsumer2 = bufferIn.getBuffer(this.model.renderType(ENDER_GUARDIAN_TEXTURE));
                                                                      ^
  symbol:   method renderType(Identifier)
  location: variable model of type Ender_Guardian_Bullet_Model
G:\Proyectos\Mods_Minecraft\the_sundering\neoforge\26.2\src\main\java\com\skd\thesundering\client\render\entity\Ender_Guardian_bullet_Renderer.java:66: error: method renderToBuffer in class BasicEntityModel<T> cannot be applied to given types;
        this.model.renderToBuffer(matrixStackIn, VertexConsumer2, packedLightIn, OverlayTexture.NO_OVERLAY);
                  ^
  required: PoseStack,VertexConsumer,int,int,int
  found:    PoseStack,VertexConsumer,int,int
  reason: actual and formal argument lists differ in length
  where T is a type-variable:
    T extends Entity declared in class BasicEntityModel
G:\Proyectos\Mods_Minecraft\the_sundering\neoforge\26.2\src\main\java\com\skd\thesundering\client\render\entity\Ender_Guardian_bullet_Renderer.java:71: error: incompatible types: Ender_Guardian_Bullet_Entity cannot be converted to Entity
        super.render((Entity)entityIn, entityYaw, partialTicks, matrixStackIn, bufferIn, packedLightIn);
                             ^
G:\Proyectos\Mods_Minecraft\the_sundering\neoforge\26.2\src\main\java\com\skd\thesundering\client\render\entity\Ender_Guardian_bullet_Renderer.java:71: error: cannot find symbol
        super.render((Entity)entityIn, entityYaw, partialTicks, matrixStackIn, bufferIn, packedLightIn);
        ^
  symbol:   variable super
  location: class Ender_Guardian_bullet_Renderer
G:\Proyectos\Mods_Minecraft\the_sundering\neoforge\26.2\src\main\java\com\skd\thesundering\entity\projectile\Ender_Guardian_Bullet_Entity.java:68: error: type argument ? extends Ender_Guardian_Bullet_Entity is not within bounds of type-variable T
    public Ender_Guardian_Bullet_Entity(EntityType<? extends Ender_Guardian_Bullet_Entity> type, Level world) {
                                                   ^
  where T is a type-variable:
    T extends Entity declared in class EntityType
G:\Proyectos\Mods_Minecraft\the_sundering\neoforge\26.2\src\main\java\com\skd\thesundering\entity\projectile\Ender_Guardian_Bullet_Entity.java:77: error: cannot find symbol
        super.defineSynchedData(p_326229_);
        ^
  symbol:   variable super
  location: class Ender_Guardian_Bullet_Entity
G:\Proyectos\Mods_Minecraft\the_sundering\neoforge\26.2\src\main\java\com\skd\thesundering\entity\projectile\Ender_Guardian_Bullet_Entity.java:81: error: cannot find symbol
        super.onHitEntity(result);
        ^
  symbol:   variable super
  location: class Ender_Guardian_Bullet_Entity
G:\Proyectos\Mods_Minecraft\the_sundering\neoforge\26.2\src\main\java\com\skd\thesundering\entity\projectile\Ender_Guardian_Bullet_Entity.java:82: error: cannot find symbol
        Level level = this.level();
                          ^
  symbol: method level()
G:\Proyectos\Mods_Minecraft\the_sundering\neoforge\26.2\src\main\java\com\skd\thesundering\entity\projectile\Ender_Guardian_Bullet_Entity.java:87: error: cannot find symbol
                Entity Shooter = this.getOwner();
                                     ^
  symbol: method getOwner()
G:\Proyectos\Mods_Minecraft\the_sundering\neoforge\26.2\src\main\java\com\skd\thesundering\entity\projectile\Ender_Guardian_Bullet_Entity.java:89: error: incompatible types: Ender_Guardian_Bullet_Entity cannot be converted to Entity
                DamageSource damagesource = this.damageSources().mobProjectile((Entity)this, livingentity);
                                                                                       ^
G:\Proyectos\Mods_Minecraft\the_sundering\neoforge\26.2\src\main\java\com\skd\thesundering\entity\projectile\Ender_Guardian_Bullet_Entity.java:89: error: cannot find symbol
                DamageSource damagesource = this.damageSources().mobProjectile((Entity)this, livingentity);
                                                ^
  symbol: method damageSources()
G:\Proyectos\Mods_Minecraft\the_sundering\neoforge\26.2\src\main\java\com\skd\thesundering\entity\projectile\Ender_Guardian_Bullet_Entity.java:90: error: incompatible types: void cannot be converted to boolean
                boolean flag = entity.hurt(damagesource, 6.0f);
                                          ^
G:\Proyectos\Mods_Minecraft\the_sundering\neoforge\26.2\src\main\java\com\skd\thesundering\entity\projectile\Ender_Guardian_Bullet_Entity.java:102: error: cannot find symbol
        super.onHitBlock(result);
        ^
  symbol:   variable super
  location: class Ender_Guardian_Bullet_Entity
G:\Proyectos\Mods_Minecraft\the_sundering\neoforge\26.2\src\main\java\com\skd\thesundering\entity\projectile\Ender_Guardian_Bullet_Entity.java:104: error: cannot find symbol
            ((ServerLevel)this.level()).sendParticles((ParticleOptions)ParticleTypes.EXPLOSION, this.getX(), this.getY(), this.getZ(), 2, 0.2, 0.2, 0.2, 0.0);
                              ^
  symbol: method level()
G:\Proyectos\Mods_Minecraft\the_sundering\neoforge\26.2\src\main\java\com\skd\thesundering\entity\projectile\Ender_Guardian_Bullet_Entity.java:104: error: cannot find symbol
            ((ServerLevel)this.level()).sendParticles((ParticleOptions)ParticleTypes.EXPLOSION, this.getX(), this.getY(), this.getZ(), 2, 0.2, 0.2, 0.2, 0.0);
                                                                                                    ^
  symbol: method getX()
G:\Proyectos\Mods_Minecraft\the_sundering\neoforge\26.2\src\main\java\com\skd\thesundering\entity\projectile\Ender_Guardian_Bullet_Entity.java:104: error: cannot find symbol
            ((ServerLevel)this.level()).sendParticles((ParticleOptions)ParticleTypes.EXPLOSION, this.getX(), this.getY(), this.getZ(), 2, 0.2, 0.2, 0.2, 0.0);
                                                                                                                 ^
  symbol: method getY()
G:\Proyectos\Mods_Minecraft\the_sundering\neoforge\26.2\src\main\java\com\skd\thesundering\entity\projectile\Ender_Guardian_Bullet_Entity.java:104: error: cannot find symbol
            ((ServerLevel)this.level()).sendParticles((ParticleOptions)ParticleTypes.EXPLOSION, this.getX(), this.getY(), this.getZ(), 2, 0.2, 0.2, 0.2, 0.0);
                                                                                                                              ^
  symbol: method getZ()
G:\Proyectos\Mods_Minecraft\the_sundering\neoforge\26.2\src\main\java\com\skd\thesundering\entity\projectile\Ender_Guardian_Bullet_Entity.java:105: error: cannot find symbol
            this.playSound(SoundEvents.SHULKER_BULLET_HIT, 1.0f, 1.0f);
                ^
  symbol: method playSound(SoundEvent,float,float)
G:\Proyectos\Mods_Minecraft\the_sundering\neoforge\26.2\src\main\java\com\skd\thesundering\entity\projectile\Ender_Guardian_Bullet_Entity.java:110: error: cannot find symbol
        super.onHit(result);
        ^
  symbol:   variable super
  location: class Ender_Guardian_Bullet_Entity
G:\Proyectos\Mods_Minecraft\the_sundering\neoforge\26.2\src\main\java\com\skd\thesundering\entity\projectile\Ender_Guardian_Bullet_Entity.java:112: error: cannot find symbol
            this.discard();
                ^
  symbol: method discard()
G:\Proyectos\Mods_Minecraft\the_sundering\neoforge\26.2\src\main\java\com\skd\thesundering\entity\projectile\Ender_Guardian_Bullet_Entity.java:133: error: cannot find symbol
        if (!this.level().isClientSide()) {
                 ^
  symbol: method level()
G:\Proyectos\Mods_Minecraft\the_sundering\neoforge\26.2\src\main\java\com\skd\thesundering\entity\projectile\Ender_Guardian_Bullet_Entity.java:137: error: cannot find symbol
                    this.discard();
                        ^
  symbol: method discard()
G:\Proyectos\Mods_Minecraft\the_sundering\neoforge\26.2\src\main\java\com\skd\thesundering\entity\projectile\Ender_Guardian_Bullet_Entity.java:140: error: cannot find symbol
                    this.setDeltaMovement(new Vec3(0.0, 0.0, 0.0));
                        ^
  symbol: method setDeltaMovement(Vec3)
G:\Proyectos\Mods_Minecraft\the_sundering\neoforge\26.2\src\main\java\com\skd\thesundering\entity\projectile\Ender_Guardian_Bullet_Entity.java:144: error: cannot find symbol
            Vec3 DeltaMovement = this.getDeltaMovement();
                                     ^
  symbol: method getDeltaMovement()
G:\Proyectos\Mods_Minecraft\the_sundering\neoforge\26.2\src\main\java\com\skd\thesundering\entity\projectile\Ender_Guardian_Bullet_Entity.java:145: error: cannot find symbol
            double d0 = this.getX();
                            ^
  symbol: method getX()
G:\Proyectos\Mods_Minecraft\the_sundering\neoforge\26.2\src\main\java\com\skd\thesundering\entity\projectile\Ender_Guardian_Bullet_Entity.java:146: error: cannot find symbol
            double d1 = this.getY();
                            ^
  symbol: method getY()
G:\Proyectos\Mods_Minecraft\the_sundering\neoforge\26.2\src\main\java\com\skd\thesundering\entity\projectile\Ender_Guardian_Bullet_Entity.java:147: error: cannot find symbol
            double d2 = this.getZ();
                            ^
  symbol: method getZ()
G:\Proyectos\Mods_Minecraft\the_sundering\neoforge\26.2\src\main\java\com\skd\thesundering\entity\projectile\Ender_Guardian_Bullet_Entity.java:150: error: cannot find symbol
                    this.setDeltaMovement(DeltaMovement.add(this.dirX * 0.1, this.dirY * 0.1, this.dirZ * 0.1));
                        ^
  symbol: method setDeltaMovement(Vec3)
G:\Proyectos\Mods_Minecraft\the_sundering\neoforge\26.2\src\main\java\com\skd\thesundering\entity\projectile\Ender_Guardian_Bullet_Entity.java:153: error: cannot find symbol
                this.setDeltaMovement(new Vec3(this.startX - d0, this.startY - d1, this.startZ - d2).scale(1.0 / (double)this.timer));
                    ^
  symbol: method setDeltaMovement(Vec3)
G:\Proyectos\Mods_Minecraft\the_sundering\neoforge\26.2\src\main\java\com\skd\thesundering\entity\projectile\Ender_Guardian_Bullet_Entity.java:156: error: cannot find symbol
        Entity shooter = this.getOwner();
                             ^
  symbol: method getOwner()
G:\Proyectos\Mods_Minecraft\the_sundering\neoforge\26.2\src\main\java\com\skd\thesundering\entity\projectile\Ender_Guardian_Bullet_Entity.java:157: error: cannot find symbol
        if (this.level().isClientSide() || (shooter == null || !shooter.isRemoved()) && this.level().hasChunkAt(this.blockPosition())) {
                ^
  symbol: method level()
G:\Proyectos\Mods_Minecraft\the_sundering\neoforge\26.2\src\main\java\com\skd\thesundering\entity\projectile\Ender_Guardian_Bullet_Entity.java:157: error: cannot find symbol
        if (this.level().isClientSide() || (shooter == null || !shooter.isRemoved()) && this.level().hasChunkAt(this.blockPosition())) {
                                                                                            ^
  symbol: method level()
G:\Proyectos\Mods_Minecraft\the_sundering\neoforge\26.2\src\main\java\com\skd\thesundering\entity\projectile\Ender_Guardian_Bullet_Entity.java:157: error: cannot find symbol
        if (this.level().isClientSide() || (shooter == null || !shooter.isRemoved()) && this.level().hasChunkAt(this.blockPosition())) {
                                                                                                                    ^
  symbol: method blockPosition()
G:\Proyectos\Mods_Minecraft\the_sundering\neoforge\26.2\src\main\java\com\skd\thesundering\entity\projectile\Ender_Guardian_Bullet_Entity.java:158: error: incompatible types: Ender_Guardian_Bullet_Entity cannot be converted to Entity
            HitResult HitResult2 = ProjectileUtil.getHitResultOnMoveVector((Entity)this, x$0 -> this.canHitEntity((Entity)x$0));
                                                                                   ^
G:\Proyectos\Mods_Minecraft\the_sundering\neoforge\26.2\src\main\java\com\skd\thesundering\entity\projectile\Ender_Guardian_Bullet_Entity.java:158: error: cannot find symbol
            HitResult HitResult2 = ProjectileUtil.getHitResultOnMoveVector((Entity)this, x$0 -> this.canHitEntity((Entity)x$0));
                                                                                                    ^
  symbol: method canHitEntity(Entity)
G:\Proyectos\Mods_Minecraft\the_sundering\neoforge\26.2\src\main\java\com\skd\thesundering\entity\projectile\Ender_Guardian_Bullet_Entity.java:159: error: incompatible types: Ender_Guardian_Bullet_Entity cannot be converted to Projectile
            if (HitResult2.getType() != HitResult.Type.MISS && !EventHooks.onProjectileImpact((Projectile)this, (HitResult)HitResult2)) {
                                                                                                          ^
G:\Proyectos\Mods_Minecraft\the_sundering\neoforge\26.2\src\main\java\com\skd\thesundering\entity\projectile\Ender_Guardian_Bullet_Entity.java:162: error: cannot find symbol
            this.checkInsideBlocks();
                ^
  symbol: method checkInsideBlocks()
G:\Proyectos\Mods_Minecraft\the_sundering\neoforge\26.2\src\main\java\com\skd\thesundering\entity\projectile\Ender_Guardian_Bullet_Entity.java:163: error: cannot find symbol
            Vec3 Vec32 = this.getDeltaMovement();
                             ^
  symbol: method getDeltaMovement()
G:\Proyectos\Mods_Minecraft\the_sundering\neoforge\26.2\src\main\java\com\skd\thesundering\entity\projectile\Ender_Guardian_Bullet_Entity.java:164: error: cannot find symbol
            double d0 = this.getX() + Vec32.x;
                            ^
  symbol: method getX()
G:\Proyectos\Mods_Minecraft\the_sundering\neoforge\26.2\src\main\java\com\skd\thesundering\entity\projectile\Ender_Guardian_Bullet_Entity.java:165: error: cannot find symbol
            double d1 = this.getY() + Vec32.y;
                            ^
  symbol: method getY()
G:\Proyectos\Mods_Minecraft\the_sundering\neoforge\26.2\src\main\java\com\skd\thesundering\entity\projectile\Ender_Guardian_Bullet_Entity.java:166: error: cannot find symbol
            double d2 = this.getZ() + Vec32.z;
                            ^
  symbol: method getZ()
G:\Proyectos\Mods_Minecraft\the_sundering\neoforge\26.2\src\main\java\com\skd\thesundering\entity\projectile\Ender_Guardian_Bullet_Entity.java:167: error: incompatible types: Ender_Guardian_Bullet_Entity cannot be converted to Entity
            ProjectileUtil.rotateTowardsMovement((Entity)this, (float)0.2f);
                                                         ^
G:\Proyectos\Mods_Minecraft\the_sundering\neoforge\26.2\src\main\java\com\skd\thesundering\entity\projectile\Ender_Guardian_Bullet_Entity.java:168: error: cannot find symbol
            this.level().addParticle((ParticleOptions)ParticleTypes.END_ROD, this.getX() - Vec32.x, this.getY() - Vec32.y + 0.15, this.getZ() - Vec32.z, 0.0, 0.0, 0.0);
                                                                                 ^
  symbol: method getX()
G:\Proyectos\Mods_Minecraft\the_sundering\neoforge\26.2\src\main\java\com\skd\thesundering\entity\projectile\Ender_Guardian_Bullet_Entity.java:168: error: cannot find symbol
            this.level().addParticle((ParticleOptions)ParticleTypes.END_ROD, this.getX() - Vec32.x, this.getY() - Vec32.y + 0.15, this.getZ() - Vec32.z, 0.0, 0.0, 0.0);
                                                                                                        ^
  symbol: method getY()
G:\Proyectos\Mods_Minecraft\the_sundering\neoforge\26.2\src\main\java\com\skd\thesundering\entity\projectile\Ender_Guardian_Bullet_Entity.java:168: error: cannot find symbol
            this.level().addParticle((ParticleOptions)ParticleTypes.END_ROD, this.getX() - Vec32.x, this.getY() - Vec32.y + 0.15, this.getZ() - Vec32.z, 0.0, 0.0, 0.0);
                                                                                                                                      ^
  symbol: method getZ()
G:\Proyectos\Mods_Minecraft\the_sundering\neoforge\26.2\src\main\java\com\skd\thesundering\entity\projectile\Ender_Guardian_Bullet_Entity.java:168: error: cannot find symbol
            this.level().addParticle((ParticleOptions)ParticleTypes.END_ROD, this.getX() - Vec32.x, this.getY() - Vec32.y + 0.15, this.getZ() - Vec32.z, 0.0, 0.0, 0.0);
                ^
  symbol: method level()
G:\Proyectos\Mods_Minecraft\the_sundering\neoforge\26.2\src\main\java\com\skd\thesundering\entity\projectile\Ender_Guardian_Bullet_Entity.java:169: error: cannot find symbol
            this.setPos(d0, d1, d2);
                ^
  symbol: method setPos(double,double,double)
G:\Proyectos\Mods_Minecraft\the_sundering\neoforge\26.2\src\main\java\com\skd\thesundering\entity\projectile\Ender_Guardian_Bullet_Entity.java:171: error: cannot find symbol
            this.discard();
                ^
  symbol: method discard()
G:\Proyectos\Mods_Minecraft\the_sundering\neoforge\26.2\src\main\java\com\skd\thesundering\entity\projectile\Ender_Guardian_Bullet_Entity.java:176: error: cannot find symbol
        super.addAdditionalSaveData(compound);
        ^
  symbol:   variable super
  location: class Ender_Guardian_Bullet_Entity
G:\Proyectos\Mods_Minecraft\the_sundering\neoforge\26.2\src\main\java\com\skd\thesundering\entity\projectile\Ender_Guardian_Bullet_Entity.java:188: error: cannot find symbol
        super.readAdditionalSaveData(compound);
        ^
  symbol:   variable super
  location: class Ender_Guardian_Bullet_Entity
G:\Proyectos\Mods_Minecraft\the_sundering\neoforge\26.2\src\main\java\com\skd\thesundering\entity\projectile\Ender_Guardian_Bullet_Entity.java:189: error: incompatible types: Optional<Double> cannot be converted to double
        this.dirX = compound.getDouble("DX");
                                      ^
G:\Proyectos\Mods_Minecraft\the_sundering\neoforge\26.2\src\main\java\com\skd\thesundering\entity\projectile\Ender_Guardian_Bullet_Entity.java:190: error: incompatible types: Optional<Double> cannot be converted to double
        this.dirY = compound.getDouble("DY");
                                      ^
G:\Proyectos\Mods_Minecraft\the_sundering\neoforge\26.2\src\main\java\com\skd\thesundering\entity\projectile\Ender_Guardian_Bullet_Entity.java:191: error: incompatible types: Optional<Double> cannot be converted to double
        this.dirZ = compound.getDouble("DZ");
                                      ^
G:\Proyectos\Mods_Minecraft\the_sundering\neoforge\26.2\src\main\java\com\skd\thesundering\entity\projectile\Ender_Guardian_Bullet_Entity.java:192: error: incompatible types: Optional<Double> cannot be converted to double
        this.startX = compound.getDouble("SX");
                                        ^
G:\Proyectos\Mods_Minecraft\the_sundering\neoforge\26.2\src\main\java\com\skd\thesundering\entity\projectile\Ender_Guardian_Bullet_Entity.java:193: error: incompatible types: Optional<Double> cannot be converted to double
        this.startY = compound.getDouble("SY");
                                        ^
G:\Proyectos\Mods_Minecraft\the_sundering\neoforge\26.2\src\main\java\com\skd\thesundering\entity\projectile\Ender_Guardian_Bullet_Entity.java:194: error: incompatible types: Optional<Double> cannot be converted to double
        this.startZ = compound.getDouble("SZ");
                                        ^
G:\Proyectos\Mods_Minecraft\the_sundering\neoforge\26.2\src\main\java\com\skd\thesundering\entity\projectile\Ender_Guardian_Bullet_Entity.java:195: error: incompatible types: Optional<Integer> cannot be converted to int
        this.timer = compound.getInt("Timer");
                                    ^
G:\Proyectos\Mods_Minecraft\the_sundering\neoforge\26.2\src\main\java\com\skd\thesundering\entity\projectile\Ender_Guardian_Bullet_Entity.java:196: error: incompatible types: Optional<Boolean> cannot be converted to boolean
        this.fired = compound.getBoolean("Fired");
                                        ^
G:\Proyectos\Mods_Minecraft\the_sundering\neoforge\26.2\src\main\java\com\skd\thesundering\client\render\entity\Ender_Guardian_Renderer.java:32: error: incompatible types: Ender_Guardian_Model cannot be converted to EntityModel
        super(renderManagerIn, (EntityModel)new Ender_Guardian_Model(), 1.5f);
                                            ^
G:\Proyectos\Mods_Minecraft\the_sundering\neoforge\26.2\src\main\java\com\skd\thesundering\client\render\entity\Ender_Guardian_Renderer.java:33: error: cannot find symbol
        this.addLayer(new Ender_Guardian_Layer(this));
            ^
  symbol: method addLayer(Ender_Guardian_Layer)
G:\Proyectos\Mods_Minecraft\the_sundering\neoforge\26.2\src\main\java\com\skd\thesundering\client\render\entity\Eye_Of_Dungeon_Renderer.java:54: error: cannot find symbol
        this.itemRenderer = renderManagerIn.getItemRenderer();
                                           ^
  symbol:   method getItemRenderer()
  location: variable renderManagerIn of type Context
G:\Proyectos\Mods_Minecraft\the_sundering\neoforge\26.2\src\main\java\com\skd\thesundering\client\render\entity\Eye_Of_Dungeon_Renderer.java:58: error: cannot find symbol
        if (entityIn.tickCount >= 2 || !(this.entityRenderDispatcher.camera.getEntity().distanceToSqr((Entity)entityIn) < 12.25)) {
                                             ^
  symbol: variable entityRenderDispatcher
G:\Proyectos\Mods_Minecraft\the_sundering\neoforge\26.2\src\main\java\com\skd\thesundering\client\render\entity\Eye_Of_Dungeon_Renderer.java:60: error: cannot find symbol
            matrixStackIn.mulPose(this.entityRenderDispatcher.cameraOrientation());
                                      ^
  symbol: variable entityRenderDispatcher
G:\Proyectos\Mods_Minecraft\the_sundering\neoforge\26.2\src\main\java\com\skd\thesundering\client\render\entity\Eye_Of_Dungeon_Renderer.java:75: error: cannot find symbol
            super.render((Entity)entityIn, entityYaw, partialTicks, matrixStackIn, bufferIn, packedLightIn);
            ^
  symbol:   variable super
  location: class Eye_Of_Dungeon_Renderer
G:\Proyectos\Mods_Minecraft\the_sundering\neoforge\26.2\src\main\java\com\skd\thesundering\entity\projectile\Eye_Of_Dungeon_Entity.java:52: error: Eye_Of_Dungeon_Entity is not abstract and does not override abstract method addAdditionalSaveData(ValueOutput) in Entity
public class Eye_Of_Dungeon_Entity
       ^
G:\Proyectos\Mods_Minecraft\the_sundering\neoforge\26.2\src\main\java\com\skd\thesundering\entity\projectile\Eye_Of_Dungeon_Entity.java:80: error: cannot find symbol
        this.getEntityData().set(DATA_ITEM_STACK, (Object)((ItemStack)Util.make((Object)p_32046_.copy(), p_36978_ -> p_36978_.setCount(1))));
                                                                      ^
  symbol:   variable Util
  location: class Eye_Of_Dungeon_Entity
G:\Proyectos\Mods_Minecraft\the_sundering\neoforge\26.2\src\main\java\com\skd\thesundering\entity\projectile\Eye_Of_Dungeon_Entity.java:80: error: no suitable method found for set(EntityDataAccessor<ItemStack>,Object)
        this.getEntityData().set(DATA_ITEM_STACK, (Object)((ItemStack)Util.make((Object)p_32046_.copy(), p_36978_ -> p_36978_.setCount(1))));
                            ^
    method SynchedEntityData.<T#1>set(EntityDataAccessor<T#1>,T#1) is not applicable
      (inference variable T#1 has incompatible bounds
        equality constraints: ItemStack
        lower bounds: Object)
    method SynchedEntityData.<T#2>set(EntityDataAccessor<T#2>,T#2,boolean) is not applicable
      (cannot infer type-variable(s) T#2
        (actual and formal argument lists differ in length))
  where T#1,T#2 are type-variables:
    T#1 extends Object declared in method <T#1>set(EntityDataAccessor<T#1>,T#1)
    T#2 extends Object declared in method <T#2>set(EntityDataAccessor<T#2>,T#2,boolean)
G:\Proyectos\Mods_Minecraft\the_sundering\neoforge\26.2\src\main\java\com\skd\thesundering\entity\projectile\Eye_Of_Dungeon_Entity.java:92: error: no suitable method found for set(EntityDataAccessor<Integer>,Object)
        this.entityData.set(R, (Object)r);
                       ^
    method SynchedEntityData.<T#1>set(EntityDataAccessor<T#1>,T#1) is not applicable
      (inference variable T#1 has incompatible bounds
        equality constraints: Integer
        lower bounds: Object)
    method SynchedEntityData.<T#2>set(EntityDataAccessor<T#2>,T#2,boolean) is not applicable
      (cannot infer type-variable(s) T#2
        (actual and formal argument lists differ in length))
  where T#1,T#2 are type-variables:
    T#1 extends Object declared in method <T#1>set(EntityDataAccessor<T#1>,T#1)
    T#2 extends Object declared in method <T#2>set(EntityDataAccessor<T#2>,T#2,boolean)
G:\Proyectos\Mods_Minecraft\the_sundering\neoforge\26.2\src\main\java\com\skd\thesundering\entity\projectile\Eye_Of_Dungeon_Entity.java:100: error: no suitable method found for set(EntityDataAccessor<Integer>,Object)
        this.entityData.set(G, (Object)g);
                       ^
    method SynchedEntityData.<T#1>set(EntityDataAccessor<T#1>,T#1) is not applicable
      (inference variable T#1 has incompatible bounds
        equality constraints: Integer
        lower bounds: Object)
    method SynchedEntityData.<T#2>set(EntityDataAccessor<T#2>,T#2,boolean) is not applicable
      (cannot infer type-variable(s) T#2
        (actual and formal argument lists differ in length))
  where T#1,T#2 are type-variables:
    T#1 extends Object declared in method <T#1>set(EntityDataAccessor<T#1>,T#1)
    T#2 extends Object declared in method <T#2>set(EntityDataAccessor<T#2>,T#2,boolean)
G:\Proyectos\Mods_Minecraft\the_sundering\neoforge\26.2\src\main\java\com\skd\thesundering\entity\projectile\Eye_Of_Dungeon_Entity.java:108: error: no suitable method found for set(EntityDataAccessor<Integer>,Object)
        this.entityData.set(B, (Object)b);
                       ^
    method SynchedEntityData.<T#1>set(EntityDataAccessor<T#1>,T#1) is not applicable
      (inference variable T#1 has incompatible bounds
        equality constraints: Integer
        lower bounds: Object)
    method SynchedEntityData.<T#2>set(EntityDataAccessor<T#2>,T#2,boolean) is not applicable
      (cannot infer type-variable(s) T#2
        (actual and formal argument lists differ in length))
  where T#1,T#2 are type-variables:
    T#1 extends Object declared in method <T#1>set(EntityDataAccessor<T#1>,T#1)
    T#2 extends Object declared in method <T#2>set(EntityDataAccessor<T#2>,T#2,boolean)
G:\Proyectos\Mods_Minecraft\the_sundering\neoforge\26.2\src\main\java\com\skd\thesundering\entity\projectile\Eye_Of_Dungeon_Entity.java:112: error: method define in class Builder cannot be applied to given types;
        p_326229_.define(DATA_ITEM_STACK, (Object)ItemStack.EMPTY);
                 ^
  required: EntityDataAccessor<T>,T
  found:    EntityDataAccessor<ItemStack>,Object
  reason: inference variable T has incompatible bounds
    equality constraints: ItemStack
    lower bounds: Object
  where T is a type-variable:
    T extends Object declared in method <T>define(EntityDataAccessor<T>,T)
G:\Proyectos\Mods_Minecraft\the_sundering\neoforge\26.2\src\main\java\com\skd\thesundering\entity\projectile\Eye_Of_Dungeon_Entity.java:113: error: method define in class Builder cannot be applied to given types;
        p_326229_.define(R, (Object)0);
                 ^
  required: EntityDataAccessor<T>,T
  found:    EntityDataAccessor<Integer>,Object
  reason: inference variable T has incompatible bounds
    equality constraints: Integer
    lower bounds: Object
  where T is a type-variable:
    T extends Object declared in method <T>define(EntityDataAccessor<T>,T)
G:\Proyectos\Mods_Minecraft\the_sundering\neoforge\26.2\src\main\java\com\skd\thesundering\entity\projectile\Eye_Of_Dungeon_Entity.java:114: error: method define in class Builder cannot be applied to given types;
        p_326229_.define(G, (Object)0);
                 ^
  required: EntityDataAccessor<T>,T
  found:    EntityDataAccessor<Integer>,Object
  reason: inference variable T has incompatible bounds
    equality constraints: Integer
    lower bounds: Object
  where T is a type-variable:
    T extends Object declared in method <T>define(EntityDataAccessor<T>,T)
G:\Proyectos\Mods_Minecraft\the_sundering\neoforge\26.2\src\main\java\com\skd\thesundering\entity\projectile\Eye_Of_Dungeon_Entity.java:115: error: method define in class Builder cannot be applied to given types;
        p_326229_.define(B, (Object)0);
                 ^
  required: EntityDataAccessor<T>,T
  found:    EntityDataAccessor<Integer>,Object
  reason: inference variable T has incompatible bounds
    equality constraints: Integer
    lower bounds: Object
  where T is a type-variable:
    T extends Object declared in method <T>define(EntityDataAccessor<T>,T)
G:\Proyectos\Mods_Minecraft\the_sundering\neoforge\26.2\src\main\java\com\skd\thesundering\entity\projectile\Eye_Of_Dungeon_Entity.java:218: error: cannot find symbol
            p_36975_.put("Item", this.getItem().save((HolderLookup.Provider)this.registryAccess()));
                                               ^
  symbol:   method save(Provider)
  location: class ItemStack
G:\Proyectos\Mods_Minecraft\the_sundering\neoforge\26.2\src\main\java\com\skd\thesundering\entity\projectile\Eye_Of_Dungeon_Entity.java:226: error: method contains in class CompoundTag cannot be applied to given types;
        if (p_36970_.contains("Item", 10)) {
                    ^
  required: String
  found:    String,int
  reason: actual and formal argument lists differ in length
G:\Proyectos\Mods_Minecraft\the_sundering\neoforge\26.2\src\main\java\com\skd\thesundering\entity\projectile\Eye_Of_Dungeon_Entity.java:227: error: incompatible types: Optional<CompoundTag> cannot be converted to Tag
            this.setItem(ItemStack.parse((HolderLookup.Provider)this.registryAccess(), (Tag)p_36970_.getCompound("Item")).orElse(this.getDefaultItem()));
                                                                                                                ^
G:\Proyectos\Mods_Minecraft\the_sundering\neoforge\26.2\src\main\java\com\skd\thesundering\entity\projectile\Eye_Of_Dungeon_Entity.java:231: error: incompatible types: Optional<Integer> cannot be converted to int
        this.setR(p_36970_.getInt("R"));
                                 ^
G:\Proyectos\Mods_Minecraft\the_sundering\neoforge\26.2\src\main\java\com\skd\thesundering\entity\projectile\Eye_Of_Dungeon_Entity.java:232: error: incompatible types: Optional<Integer> cannot be converted to int
        this.setG(p_36970_.getInt("G"));
                                 ^
G:\Proyectos\Mods_Minecraft\the_sundering\neoforge\26.2\src\main\java\com\skd\thesundering\entity\projectile\Eye_Of_Dungeon_Entity.java:233: error: incompatible types: Optional<Integer> cannot be converted to int
        this.setB(p_36970_.getInt("B"));
                                 ^
G:\Proyectos\Mods_Minecraft\the_sundering\neoforge\26.2\src\main\java\com\skd\thesundering\client\render\entity\Flame_Strike_Renderer.java:52: error: cannot find symbol
        VertexConsumer ivertexbuilder = bufferIn.getBuffer(RenderType.entityTranslucentEmissive((Identifier)this.getTextureLocation(flameStrike)));
                                                                     ^
  symbol:   method entityTranslucentEmissive(Identifier)
  location: class RenderType
G:\Proyectos\Mods_Minecraft\the_sundering\neoforge\26.2\src\main\java\com\skd\thesundering\client\render\entity\Flame_Strike_Renderer.java:68: error: cannot find symbol
        super.render((Entity)flameStrike, entityYaw, delta, matrixStackIn, bufferIn, packedLightIn);
        ^
  symbol:   variable super
  location: class Flame_Strike_Renderer
G:\Proyectos\Mods_Minecraft\the_sundering\neoforge\26.2\src\main\java\com\skd\thesundering\entity\effect\Flame_Strike_Entity.java:72: error: Flame_Strike_Entity is not abstract and does not override abstract method addAdditionalSaveData(ValueOutput) in Entity
public class Flame_Strike_Entity
       ^
G:\Proyectos\Mods_Minecraft\the_sundering\neoforge\26.2\src\main\java\com\skd\thesundering\entity\effect\Flame_Strike_Entity.java:110: error: method define in class Builder cannot be applied to given types;
        p_326229_.define(DATA_RADIUS, (Object)Float.valueOf(0.5f));
                 ^
  required: EntityDataAccessor<T>,T
  found:    EntityDataAccessor<Float>,Object
  reason: inference variable T has incompatible bounds
    equality constraints: Float
    lower bounds: Object
  where T is a type-variable:
    T extends Object declared in method <T>define(EntityDataAccessor<T>,T)
G:\Proyectos\Mods_Minecraft\the_sundering\neoforge\26.2\src\main\java\com\skd\thesundering\entity\effect\Flame_Strike_Entity.java:111: error: method define in class Builder cannot be applied to given types;
        p_326229_.define(DAMAGE, (Object)Float.valueOf(0.0f));
                 ^
  required: EntityDataAccessor<T>,T
  found:    EntityDataAccessor<Float>,Object
  reason: inference variable T has incompatible bounds
    equality constraints: Float
    lower bounds: Object
  where T is a type-variable:
    T extends Object declared in method <T>define(EntityDataAccessor<T>,T)
G:\Proyectos\Mods_Minecraft\the_sundering\neoforge\26.2\src\main\java\com\skd\thesundering\entity\effect\Flame_Strike_Entity.java:112: error: method define in class Builder cannot be applied to given types;
        p_326229_.define(HPDAMAGE, (Object)Float.valueOf(0.0f));
                 ^
  required: EntityDataAccessor<T>,T
  found:    EntityDataAccessor<Float>,Object
  reason: inference variable T has incompatible bounds
    equality constraints: Float
    lower bounds: Object
  where T is a type-variable:
    T extends Object declared in method <T>define(EntityDataAccessor<T>,T)
G:\Proyectos\Mods_Minecraft\the_sundering\neoforge\26.2\src\main\java\com\skd\thesundering\entity\effect\Flame_Strike_Entity.java:113: error: method define in class Builder cannot be applied to given types;
        p_326229_.define(DATA_WAITING, (Object)true);
                 ^
  required: EntityDataAccessor<T>,T
  found:    EntityDataAccessor<Boolean>,Object
  reason: inference variable T has incompatible bounds
    equality constraints: Boolean
    lower bounds: Object
  where T is a type-variable:
    T extends Object declared in method <T>define(EntityDataAccessor<T>,T)
G:\Proyectos\Mods_Minecraft\the_sundering\neoforge\26.2\src\main\java\com\skd\thesundering\entity\effect\Flame_Strike_Entity.java:114: error: method define in class Builder cannot be applied to given types;
        p_326229_.define(DATA_SEE, (Object)false);
                 ^
  required: EntityDataAccessor<T>,T
  found:    EntityDataAccessor<Boolean>,Object
  reason: inference variable T has incompatible bounds
    equality constraints: Boolean
    lower bounds: Object
  where T is a type-variable:
    T extends Object declared in method <T>define(EntityDataAccessor<T>,T)
G:\Proyectos\Mods_Minecraft\the_sundering\neoforge\26.2\src\main\java\com\skd\thesundering\entity\effect\Flame_Strike_Entity.java:115: error: method define in class Builder cannot be applied to given types;
        p_326229_.define(SOUL, (Object)false);
                 ^
  required: EntityDataAccessor<T>,T
  found:    EntityDataAccessor<Boolean>,Object
  reason: inference variable T has incompatible bounds
    equality constraints: Boolean
    lower bounds: Object
  where T is a type-variable:
    T extends Object declared in method <T>define(EntityDataAccessor<T>,T)
G:\Proyectos\Mods_Minecraft\the_sundering\neoforge\26.2\src\main\java\com\skd\thesundering\entity\effect\Flame_Strike_Entity.java:120: error: no suitable method found for set(EntityDataAccessor<Float>,Object)
            this.getEntityData().set(DATA_RADIUS, (Object)Float.valueOf(Mth.clamp((float)p_19713_, (float)0.0f, (float)32.0f)));
                                ^
    method SynchedEntityData.<T#1>set(EntityDataAccessor<T#1>,T#1) is not applicable
      (inference variable T#1 has incompatible bounds
        equality constraints: Float
        lower bounds: Object)
    method SynchedEntityData.<T#2>set(EntityDataAccessor<T#2>,T#2,boolean) is not applicable
      (cannot infer type-variable(s) T#2
        (actual and formal argument lists differ in length))
  where T#1,T#2 are type-variables:
    T#1 extends Object declared in method <T#1>set(EntityDataAccessor<T#1>,T#1)
    T#2 extends Object declared in method <T#2>set(EntityDataAccessor<T#2>,T#2,boolean)
G:\Proyectos\Mods_Minecraft\the_sundering\neoforge\26.2\src\main\java\com\skd\thesundering\entity\effect\Flame_Strike_Entity.java:129: error: no suitable method found for set(EntityDataAccessor<Float>,Object)
        this.entityData.set(DAMAGE, (Object)Float.valueOf(damage));
                       ^
    method SynchedEntityData.<T#1>set(EntityDataAccessor<T#1>,T#1) is not applicable
      (inference variable T#1 has incompatible bounds
        equality constraints: Float
        lower bounds: Object)
    method SynchedEntityData.<T#2>set(EntityDataAccessor<T#2>,T#2,boolean) is not applicable
      (cannot infer type-variable(s) T#2
        (actual and formal argument lists differ in length))
  where T#1,T#2 are type-variables:
    T#1 extends Object declared in method <T#1>set(EntityDataAccessor<T#1>,T#1)
    T#2 extends Object declared in method <T#2>set(EntityDataAccessor<T#2>,T#2,boolean)
G:\Proyectos\Mods_Minecraft\the_sundering\neoforge\26.2\src\main\java\com\skd\thesundering\entity\effect\Flame_Strike_Entity.java:137: error: no suitable method found for set(EntityDataAccessor<Float>,Object)
        this.entityData.set(HPDAMAGE, (Object)Float.valueOf(damage));
                       ^
    method SynchedEntityData.<T#1>set(EntityDataAccessor<T#1>,T#1) is not applicable
      (inference variable T#1 has incompatible bounds
        equality constraints: Float
        lower bounds: Object)
    method SynchedEntityData.<T#2>set(EntityDataAccessor<T#2>,T#2,boolean) is not applicable
      (cannot infer type-variable(s) T#2
        (actual and formal argument lists differ in length))
  where T#1,T#2 are type-variables:
    T#1 extends Object declared in method <T#1>set(EntityDataAccessor<T#1>,T#1)
    T#2 extends Object declared in method <T#2>set(EntityDataAccessor<T#2>,T#2,boolean)
G:\Proyectos\Mods_Minecraft\the_sundering\neoforge\26.2\src\main\java\com\skd\thesundering\entity\effect\Flame_Strike_Entity.java:153: error: no suitable method found for set(EntityDataAccessor<Boolean>,Object)
        this.getEntityData().set(DATA_WAITING, (Object)p_19731_);
                            ^
    method SynchedEntityData.<T#1>set(EntityDataAccessor<T#1>,T#1) is not applicable
      (inference variable T#1 has incompatible bounds
        equality constraints: Boolean
        lower bounds: Object)
    method SynchedEntityData.<T#2>set(EntityDataAccessor<T#2>,T#2,boolean) is not applicable
      (cannot infer type-variable(s) T#2
        (actual and formal argument lists differ in length))
  where T#1,T#2 are type-variables:
    T#1 extends Object declared in method <T#1>set(EntityDataAccessor<T#1>,T#1)
    T#2 extends Object declared in method <T#2>set(EntityDataAccessor<T#2>,T#2,boolean)
G:\Proyectos\Mods_Minecraft\the_sundering\neoforge\26.2\src\main\java\com\skd\thesundering\entity\effect\Flame_Strike_Entity.java:161: error: no suitable method found for set(EntityDataAccessor<Boolean>,Object)
        this.getEntityData().set(DATA_SEE, (Object)p_19731_);
                            ^
    method SynchedEntityData.<T#1>set(EntityDataAccessor<T#1>,T#1) is not applicable
      (inference variable T#1 has incompatible bounds
        equality constraints: Boolean
        lower bounds: Object)
    method SynchedEntityData.<T#2>set(EntityDataAccessor<T#2>,T#2,boolean) is not applicable
      (cannot infer type-variable(s) T#2
        (actual and formal argument lists differ in length))
  where T#1,T#2 are type-variables:
    T#1 extends Object declared in method <T#1>set(EntityDataAccessor<T#1>,T#1)
    T#2 extends Object declared in method <T#2>set(EntityDataAccessor<T#2>,T#2,boolean)
G:\Proyectos\Mods_Minecraft\the_sundering\neoforge\26.2\src\main\java\com\skd\thesundering\entity\effect\Flame_Strike_Entity.java:169: error: no suitable method found for set(EntityDataAccessor<Boolean>,Object)
        this.getEntityData().set(SOUL, (Object)Soul);
                            ^
    method SynchedEntityData.<T#1>set(EntityDataAccessor<T#1>,T#1) is not applicable
      (inference variable T#1 has incompatible bounds
        equality constraints: Boolean
        lower bounds: Object)
    method SynchedEntityData.<T#2>set(EntityDataAccessor<T#2>,T#2,boolean) is not applicable
      (cannot infer type-variable(s) T#2
        (actual and formal argument lists differ in length))
  where T#1,T#2 are type-variables:
    T#1 extends Object declared in method <T#1>set(EntityDataAccessor<T#1>,T#1)
    T#2 extends Object declared in method <T#2>set(EntityDataAccessor<T#2>,T#2,boolean)
G:\Proyectos\Mods_Minecraft\the_sundering\neoforge\26.2\src\main\java\com\skd\thesundering\entity\effect\Flame_Strike_Entity.java:249: error: incompatible types: void cannot be converted to boolean
                boolean flag2 = Hitentity.hurt(this.damageSources().magic(), this.getDamage() + Hitentity.getMaxHealth() * 0.01f * this.getHpDamage());
                                              ^
G:\Proyectos\Mods_Minecraft\the_sundering\neoforge\26.2\src\main\java\com\skd\thesundering\entity\effect\Flame_Strike_Entity.java:263: error: incompatible types: void cannot be converted to boolean
            } else if (!caster.isAlliedTo((Entity)Hitentity) && !Hitentity.isAlliedTo((Entity)caster) && (flag = Hitentity.hurt(CMDamageTypes.causeFlameStrikeDamage(this, (Entity)caster), this.getDamage() + Hitentity.getMaxHealth() * 0.01f * this.getHpDamage()))) {
                                                                                                                               ^
G:\Proyectos\Mods_Minecraft\the_sundering\neoforge\26.2\src\main\java\com\skd\thesundering\entity\effect\Flame_Strike_Entity.java:302: error: incompatible types: Optional<Integer> cannot be converted to int
        this.tickCount = p_19727_.getInt("Age");
                                        ^
G:\Proyectos\Mods_Minecraft\the_sundering\neoforge\26.2\src\main\java\com\skd\thesundering\entity\effect\Flame_Strike_Entity.java:303: error: incompatible types: Optional<Integer> cannot be converted to int
        this.duration = p_19727_.getInt("Duration");
                                       ^
G:\Proyectos\Mods_Minecraft\the_sundering\neoforge\26.2\src\main\java\com\skd\thesundering\entity\effect\Flame_Strike_Entity.java:304: error: incompatible types: Optional<Integer> cannot be converted to int
        this.waitTime = p_19727_.getInt("WaitTime");
                                       ^
G:\Proyectos\Mods_Minecraft\the_sundering\neoforge\26.2\src\main\java\com\skd\thesundering\entity\effect\Flame_Strike_Entity.java:305: error: incompatible types: Optional<Integer> cannot be converted to int
        this.warmupDelayTicks = p_19727_.getInt("Delay");
                                               ^
G:\Proyectos\Mods_Minecraft\the_sundering\neoforge\26.2\src\main\java\com\skd\thesundering\entity\effect\Flame_Strike_Entity.java:306: error: incompatible types: Optional<Float> cannot be converted to float
        this.setRadius(p_19727_.getFloat("Radius"));
                                        ^
G:\Proyectos\Mods_Minecraft\the_sundering\neoforge\26.2\src\main\java\com\skd\thesundering\entity\effect\Flame_Strike_Entity.java:307: error: cannot find symbol
        if (p_19727_.hasUUID("Owner")) {
                    ^
  symbol:   method hasUUID(String)
  location: variable p_19727_ of type CompoundTag
G:\Proyectos\Mods_Minecraft\the_sundering\neoforge\26.2\src\main\java\com\skd\thesundering\entity\effect\Flame_Strike_Entity.java:308: error: cannot find symbol
            this.ownerUUID = p_19727_.getUUID("Owner");
                                     ^
  symbol:   method getUUID(String)
  location: variable p_19727_ of type CompoundTag
G:\Proyectos\Mods_Minecraft\the_sundering\neoforge\26.2\src\main\java\com\skd\thesundering\entity\effect\Flame_Strike_Entity.java:310: error: incompatible types: Optional<Boolean> cannot be converted to boolean
        this.setSoul(p_19727_.getBoolean("is_soul"));
                                        ^
G:\Proyectos\Mods_Minecraft\the_sundering\neoforge\26.2\src\main\java\com\skd\thesundering\entity\effect\Flame_Strike_Entity.java:311: error: incompatible types: Optional<Float> cannot be converted to float
        this.setDamage(p_19727_.getFloat("damage"));
                                        ^
G:\Proyectos\Mods_Minecraft\the_sundering\neoforge\26.2\src\main\java\com\skd\thesundering\entity\effect\Flame_Strike_Entity.java:312: error: incompatible types: Optional<Float> cannot be converted to float
        this.setHpDamage(p_19727_.getFloat("Hpdamage"));
                                          ^
G:\Proyectos\Mods_Minecraft\the_sundering\neoforge\26.2\src\main\java\com\skd\thesundering\entity\effect\Flame_Strike_Entity.java:322: error: cannot find symbol
            p_19737_.putUUID("Owner", this.ownerUUID);
                    ^
  symbol:   method putUUID(String,UUID)
  location: variable p_19737_ of type CompoundTag
G:\Proyectos\Mods_Minecraft\the_sundering\neoforge\26.2\src\main\java\com\skd\thesundering\client\render\entity\Flare_Bomb_Renderer.java:60: error: cannot find symbol
        this.model.renderToBuffer(matrixStackIn, VertexConsumer2, packedLightIn, OverlayTexture.NO_OVERLAY);
                  ^
  symbol:   method renderToBuffer(PoseStack,VertexConsumer,int,int)
  location: variable model of type Flare_Bomb_Model
G:\Proyectos\Mods_Minecraft\the_sundering\neoforge\26.2\src\main\java\com\skd\thesundering\client\render\entity\Flare_Bomb_Renderer.java:62: error: package FastColor does not exist
        int i = FastColor.ARGB32.color((int)102, (int)255, (int)255, (int)255);
                         ^
G:\Proyectos\Mods_Minecraft\the_sundering\neoforge\26.2\src\main\java\com\skd\thesundering\client\render\entity\Flare_Bomb_Renderer.java:63: error: cannot find symbol
        this.model.renderToBuffer(matrixStackIn, VertexConsumer22, packedLightIn, OverlayTexture.NO_OVERLAY, i);
                  ^
  symbol:   method renderToBuffer(PoseStack,VertexConsumer,int,int,int)
  location: variable model of type Flare_Bomb_Model
G:\Proyectos\Mods_Minecraft\the_sundering\neoforge\26.2\src\main\java\com\skd\thesundering\client\render\entity\Hippocamtus_Renderer.java:33: error: incompatible types: Hippocamtus_Model cannot be converted to EntityModel
        super(renderManagerIn, (EntityModel)new Hippocamtus_Model(renderManagerIn.bakeLayer(CMModelLayers.HIPPOCAMTUS_MODEL)), 0.75f);
                                            ^
G:\Proyectos\Mods_Minecraft\the_sundering\neoforge\26.2\src\main\java\com\skd\thesundering\client\render\entity\Hippocamtus_Renderer.java:34: error: cannot find symbol
        this.addLayer(new Hippocamtus_Layer(this));
            ^
  symbol: method addLayer(Hippocamtus_Layer)
G:\Proyectos\Mods_Minecraft\the_sundering\neoforge\26.2\src\main\java\com\skd\thesundering\client\render\entity\Ignis_Abyss_Fireball_Renderer.java:72: error: cannot find symbol
        VertexConsumer VertexConsumer2 = bufferIn.getBuffer(this.model.renderType(this.getTextureLocation(entityIn)));
                                                                      ^
  symbol:   method renderType(Identifier)
  location: variable model of type Ignis_Fireball_Model
G:\Proyectos\Mods_Minecraft\the_sundering\neoforge\26.2\src\main\java\com\skd\thesundering\client\render\entity\Ignis_Abyss_Fireball_Renderer.java:73: error: method renderToBuffer in class BasicEntityModel<T> cannot be applied to given types;
        this.model.renderToBuffer(matrixStackIn, VertexConsumer2, packedLightIn, OverlayTexture.NO_OVERLAY);
                  ^
  required: PoseStack,VertexConsumer,int,int,int
  found:    PoseStack,VertexConsumer,int,int
  reason: actual and formal argument lists differ in length
  where T is a type-variable:
    T extends Entity declared in class BasicEntityModel
G:\Proyectos\Mods_Minecraft\the_sundering\neoforge\26.2\src\main\java\com\skd\thesundering\client\render\entity\Ignis_Abyss_Fireball_Renderer.java:88: error: cannot find symbol
        super.render((Entity)entityIn, entityYaw, partialTicks, matrixStackIn, bufferIn, packedLightIn);
        ^
  symbol:   variable super
  location: class Ignis_Abyss_Fireball_Renderer
G:\Proyectos\Mods_Minecraft\the_sundering\neoforge\26.2\src\main\java\com\skd\thesundering\client\render\entity\Ignis_Abyss_Fireball_Renderer.java:102: error: cannot find symbol
        Vec3 cameraPos = this.entityRenderDispatcher.camera.getPosition();
                             ^
  symbol: variable entityRenderDispatcher
G:\Proyectos\Mods_Minecraft\the_sundering\neoforge\26.2\src\main\java\com\skd\thesundering\entity\projectile\CMAbstractHurtingProjectile.java:66: error: cannot find symbol
        this.moveTo(p_36818_, p_36819_, p_36820_, this.getYRot(), this.getXRot());
            ^
  symbol: method moveTo(double,double,double,float,float)
G:\Proyectos\Mods_Minecraft\the_sundering\neoforge\26.2\src\main\java\com\skd\thesundering\entity\projectile\CMAbstractHurtingProjectile.java:103: error: cannot find symbol
            if (this.shouldBurn()) {
                    ^
  symbol: method shouldBurn()
G:\Proyectos\Mods_Minecraft\the_sundering\neoforge\26.2\src\main\java\com\skd\thesundering\entity\projectile\CMAbstractHurtingProjectile.java:109: error: cannot find symbol
            this.checkInsideBlocks();
                ^
  symbol: method checkInsideBlocks()
G:\Proyectos\Mods_Minecraft\the_sundering\neoforge\26.2\src\main\java\com\skd\thesundering\entity\projectile\CMAbstractHurtingProjectile.java:122: error: cannot find symbol
                f = this.getInertia();
                        ^
  symbol: method getInertia()
G:\Proyectos\Mods_Minecraft\the_sundering\neoforge\26.2\src\main\java\com\skd\thesundering\entity\projectile\CMAbstractHurtingProjectile.java:125: error: cannot find symbol
            ParticleOptions particleoptions = this.getTrailParticle();
                                                  ^
  symbol: method getTrailParticle()
G:\Proyectos\Mods_Minecraft\the_sundering\neoforge\26.2\src\main\java\com\skd\thesundering\entity\projectile\CMAbstractHurtingProjectile.java:140: error: incompatible types: CompoundTag cannot be converted to ValueOutput
        super.addAdditionalSaveData(p_36848_);
                                    ^
G:\Proyectos\Mods_Minecraft\the_sundering\neoforge\26.2\src\main\java\com\skd\thesundering\entity\projectile\CMAbstractHurtingProjectile.java:141: error: cannot find symbol
        p_36848_.put("power", (Tag)this.newDoubleList(new double[]{this.xPower, this.yPower, this.zPower}));
                                       ^
  symbol: method newDoubleList(double[])
G:\Proyectos\Mods_Minecraft\the_sundering\neoforge\26.2\src\main\java\com\skd\thesundering\entity\projectile\CMAbstractHurtingProjectile.java:146: error: incompatible types: CompoundTag cannot be converted to ValueInput
        super.readAdditionalSaveData(p_36844_);
                                     ^
G:\Proyectos\Mods_Minecraft\the_sundering\neoforge\26.2\src\main\java\com\skd\thesundering\entity\projectile\CMAbstractHurtingProjectile.java:147: error: method contains in class CompoundTag cannot be applied to given types;
        if (p_36844_.contains("power", 9) && (listtag = p_36844_.getList("power", 6)).size() == 3) {
                    ^
  required: String
  found:    String,int
  reason: actual and formal argument lists differ in length
G:\Proyectos\Mods_Minecraft\the_sundering\neoforge\26.2\src\main\java\com\skd\thesundering\entity\projectile\CMAbstractHurtingProjectile.java:147: error: method getList in class CompoundTag cannot be applied to given types;
        if (p_36844_.contains("power", 9) && (listtag = p_36844_.getList("power", 6)).size() == 3) {
                                                                ^
  required: String
  found:    String,int
  reason: actual and formal argument lists differ in length
G:\Proyectos\Mods_Minecraft\the_sundering\neoforge\26.2\src\main\java\com\skd\thesundering\entity\projectile\CMAbstractHurtingProjectile.java:148: error: incompatible types: Optional<Double> cannot be converted to double
            this.xPower = listtag.getDouble(0);
                                           ^
G:\Proyectos\Mods_Minecraft\the_sundering\neoforge\26.2\src\main\java\com\skd\thesundering\entity\projectile\CMAbstractHurtingProjectile.java:149: error: incompatible types: Optional<Double> cannot be converted to double
            this.yPower = listtag.getDouble(1);
                                           ^
G:\Proyectos\Mods_Minecraft\the_sundering\neoforge\26.2\src\main\java\com\skd\thesundering\entity\projectile\CMAbstractHurtingProjectile.java:150: error: incompatible types: Optional<Double> cannot be converted to double
            this.zPower = listtag.getDouble(2);
                                           ^
G:\Proyectos\Mods_Minecraft\the_sundering\neoforge\26.2\src\main\java\com\skd\thesundering\entity\projectile\Ignis_Abyss_Fireball_Entity.java:156: error: incompatible types: bad type in conditional expression
                    flag = entity instanceof LivingEntity ? entity.hurt(this.damageSources().mobProjectile((Entity)this, owner), 10.0f + ((LivingEntity)entity).getMaxHealth() * 0.2f) : entity.hurt(this.damageSources().mobProjectile((Entity)this, owner), 10.0f);
                                                                       ^
    void cannot be converted to boolean
G:\Proyectos\Mods_Minecraft\the_sundering\neoforge\26.2\src\main\java\com\skd\thesundering\entity\projectile\Ignis_Abyss_Fireball_Entity.java:156: error: incompatible types: bad type in conditional expression
                    flag = entity instanceof LivingEntity ? entity.hurt(this.damageSources().mobProjectile((Entity)this, owner), 10.0f + ((LivingEntity)entity).getMaxHealth() * 0.2f) : entity.hurt(this.damageSources().mobProjectile((Entity)this, owner), 10.0f);
                                                                                                                                                                                                    ^
    void cannot be converted to boolean
G:\Proyectos\Mods_Minecraft\the_sundering\neoforge\26.2\src\main\java\com\skd\thesundering\entity\projectile\Ignis_Abyss_Fireball_Entity.java:168: error: incompatible types: void cannot be converted to boolean
                    flag = entity.hurt(this.damageSources().magic(), 5.0f);
                                      ^
G:\Proyectos\Mods_Minecraft\the_sundering\neoforge\26.2\src\main\java\com\skd\thesundering\entity\projectile\Ignis_Abyss_Fireball_Entity.java:262: error: method define in class Builder cannot be applied to given types;
        p_326229_.define(BOUNCES, (Object)0);
                 ^
  required: EntityDataAccessor<T>,T
  found:    EntityDataAccessor<Integer>,Object
  reason: inference variable T has incompatible bounds
    equality constraints: Integer
    lower bounds: Object
  where T is a type-variable:
    T extends Object declared in method <T>define(EntityDataAccessor<T>,T)
G:\Proyectos\Mods_Minecraft\the_sundering\neoforge\26.2\src\main\java\com\skd\thesundering\entity\projectile\Ignis_Abyss_Fireball_Entity.java:263: error: method define in class Builder cannot be applied to given types;
        p_326229_.define(FIRED, (Object)false);
                 ^
  required: EntityDataAccessor<T>,T
  found:    EntityDataAccessor<Boolean>,Object
  reason: inference variable T has incompatible bounds
    equality constraints: Boolean
    lower bounds: Object
  where T is a type-variable:
    T extends Object declared in method <T>define(EntityDataAccessor<T>,T)
G:\Proyectos\Mods_Minecraft\the_sundering\neoforge\26.2\src\main\java\com\skd\thesundering\entity\projectile\Ignis_Abyss_Fireball_Entity.java:277: error: incompatible types: Optional<Integer> cannot be converted to int
        this.setTotalBounces(compound.getInt("totalBounces"));
                                            ^
G:\Proyectos\Mods_Minecraft\the_sundering\neoforge\26.2\src\main\java\com\skd\thesundering\entity\projectile\Ignis_Abyss_Fireball_Entity.java:278: error: incompatible types: Optional<Integer> cannot be converted to int
        this.timer = compound.getInt("timer");
                                    ^
G:\Proyectos\Mods_Minecraft\the_sundering\neoforge\26.2\src\main\java\com\skd\thesundering\entity\projectile\Ignis_Abyss_Fireball_Entity.java:279: error: incompatible types: Optional<Boolean> cannot be converted to boolean
        this.setFired(compound.getBoolean("fired"));
                                         ^
G:\Proyectos\Mods_Minecraft\the_sundering\neoforge\26.2\src\main\java\com\skd\thesundering\entity\projectile\Ignis_Abyss_Fireball_Entity.java:287: error: no suitable method found for set(EntityDataAccessor<Integer>,Object)
        this.entityData.set(BOUNCES, (Object)bounces);
                       ^
    method SynchedEntityData.<T#1>set(EntityDataAccessor<T#1>,T#1) is not applicable
      (inference variable T#1 has incompatible bounds
        equality constraints: Integer
        lower bounds: Object)
    method SynchedEntityData.<T#2>set(EntityDataAccessor<T#2>,T#2,boolean) is not applicable
      (cannot infer type-variable(s) T#2
        (actual and formal argument lists differ in length))
  where T#1,T#2 are type-variables:
    T#1 extends Object declared in method <T#1>set(EntityDataAccessor<T#1>,T#1)
    T#2 extends Object declared in method <T#2>set(EntityDataAccessor<T#2>,T#2,boolean)
G:\Proyectos\Mods_Minecraft\the_sundering\neoforge\26.2\src\main\java\com\skd\thesundering\entity\projectile\Ignis_Abyss_Fireball_Entity.java:291: error: no suitable method found for set(EntityDataAccessor<Boolean>,Object)
        this.entityData.set(FIRED, (Object)fired);
                       ^
    method SynchedEntityData.<T#1>set(EntityDataAccessor<T#1>,T#1) is not applicable
      (inference variable T#1 has incompatible bounds
        equality constraints: Boolean
        lower bounds: Object)
    method SynchedEntityData.<T#2>set(EntityDataAccessor<T#2>,T#2,boolean) is not applicable
      (cannot infer type-variable(s) T#2
        (actual and formal argument lists differ in length))
  where T#1,T#2 are type-variables:
    T#1 extends Object declared in method <T#1>set(EntityDataAccessor<T#1>,T#1)
    T#2 extends Object declared in method <T#2>set(EntityDataAccessor<T#2>,T#2,boolean)
G:\Proyectos\Mods_Minecraft\the_sundering\neoforge\26.2\src\main\java\com\skd\thesundering\client\render\entity\Ignis_Fireball_Renderer.java:73: error: cannot find symbol
        VertexConsumer VertexConsumer2 = bufferIn.getBuffer(this.model.renderType(this.getTextureLocation(entityIn)));
                                                                      ^
  symbol:   method renderType(Identifier)
  location: variable model of type Ignis_Fireball_Model
G:\Proyectos\Mods_Minecraft\the_sundering\neoforge\26.2\src\main\java\com\skd\thesundering\client\render\entity\Ignis_Fireball_Renderer.java:74: error: method renderToBuffer in class BasicEntityModel<T> cannot be applied to given types;
        this.model.renderToBuffer(matrixStackIn, VertexConsumer2, packedLightIn, OverlayTexture.NO_OVERLAY);
                  ^
  required: PoseStack,VertexConsumer,int,int,int
  found:    PoseStack,VertexConsumer,int,int
  reason: actual and formal argument lists differ in length
  where T is a type-variable:
    T extends Entity declared in class BasicEntityModel
G:\Proyectos\Mods_Minecraft\the_sundering\neoforge\26.2\src\main\java\com\skd\thesundering\client\render\entity\Ignis_Fireball_Renderer.java:89: error: cannot find symbol
        super.render((Entity)entityIn, entityYaw, partialTicks, matrixStackIn, bufferIn, packedLightIn);
        ^
  symbol:   variable super
  location: class Ignis_Fireball_Renderer
G:\Proyectos\Mods_Minecraft\the_sundering\neoforge\26.2\src\main\java\com\skd\thesundering\client\render\entity\Ignis_Fireball_Renderer.java:103: error: cannot find symbol
        Vec3 cameraPos = this.entityRenderDispatcher.camera.getPosition();
                             ^
  symbol: variable entityRenderDispatcher
G:\Proyectos\Mods_Minecraft\the_sundering\neoforge\26.2\src\main\java\com\skd\thesundering\entity\projectile\Ignis_Fireball_Entity.java:157: error: incompatible types: bad type in conditional expression
                    flag = entity instanceof LivingEntity ? entity.hurt(this.damageSources().mobProjectile((Entity)this, owner), damage + ((LivingEntity)entity).getMaxHealth() * 0.07f) : entity.hurt(this.damageSources().mobProjectile((Entity)this, owner), damage);
                                                                       ^
    void cannot be converted to boolean
G:\Proyectos\Mods_Minecraft\the_sundering\neoforge\26.2\src\main\java\com\skd\thesundering\entity\projectile\Ignis_Fireball_Entity.java:157: error: incompatible types: bad type in conditional expression
                    flag = entity instanceof LivingEntity ? entity.hurt(this.damageSources().mobProjectile((Entity)this, owner), damage + ((LivingEntity)entity).getMaxHealth() * 0.07f) : entity.hurt(this.damageSources().mobProjectile((Entity)this, owner), damage);
                                                                                                                                                                                                      ^
    void cannot be converted to boolean
G:\Proyectos\Mods_Minecraft\the_sundering\neoforge\26.2\src\main\java\com\skd\thesundering\entity\projectile\Ignis_Fireball_Entity.java:169: error: incompatible types: void cannot be converted to boolean
                    flag = entity.hurt(this.damageSources().magic(), 5.0f);
                                      ^
G:\Proyectos\Mods_Minecraft\the_sundering\neoforge\26.2\src\main\java\com\skd\thesundering\entity\projectile\Ignis_Fireball_Entity.java:207: error: cannot find symbol
            if (entity.getType().is(EntityTypeTags.REDIRECTABLE_PROJECTILE) && entity instanceof Projectile) {
                                ^
  symbol:   method is(TagKey<EntityType<?>>)
  location: class EntityType<CAP#1>
  where CAP#1 is a fresh type-variable:
    CAP#1 extends Entity from capture of ?
G:\Proyectos\Mods_Minecraft\the_sundering\neoforge\26.2\src\main\java\com\skd\thesundering\entity\projectile\Ignis_Fireball_Entity.java:209: error: incompatible types: Entity cannot be converted to EntityReference<Entity>
                projectile.deflect(ProjectileDeflection.AIM_DEFLECT, this.getOwner(), this.getOwner(), true);
                                                                                                   ^
G:\Proyectos\Mods_Minecraft\the_sundering\neoforge\26.2\src\main\java\com\skd\thesundering\entity\projectile\Ignis_Fireball_Entity.java:225: error: method does not override or implement a method from a supertype
    @Override
    ^
G:\Proyectos\Mods_Minecraft\the_sundering\neoforge\26.2\src\main\java\com\skd\thesundering\entity\projectile\Ignis_Fireball_Entity.java:244: error: method define in class Builder cannot be applied to given types;
        p_326229_.define(SOUL, (Object)false);
                 ^
  required: EntityDataAccessor<T>,T
  found:    EntityDataAccessor<Boolean>,Object
  reason: inference variable T has incompatible bounds
    equality constraints: Boolean
    lower bounds: Object
  where T is a type-variable:
    T extends Object declared in method <T>define(EntityDataAccessor<T>,T)
G:\Proyectos\Mods_Minecraft\the_sundering\neoforge\26.2\src\main\java\com\skd\thesundering\entity\projectile\Ignis_Fireball_Entity.java:245: error: method define in class Builder cannot be applied to given types;
        p_326229_.define(FIRED, (Object)false);
                 ^
  required: EntityDataAccessor<T>,T
  found:    EntityDataAccessor<Boolean>,Object
  reason: inference variable T has incompatible bounds
    equality constraints: Boolean
    lower bounds: Object
  where T is a type-variable:
    T extends Object declared in method <T>define(EntityDataAccessor<T>,T)
G:\Proyectos\Mods_Minecraft\the_sundering\neoforge\26.2\src\main\java\com\skd\thesundering\entity\projectile\Ignis_Fireball_Entity.java:259: error: incompatible types: Optional<Boolean> cannot be converted to boolean
        this.setSoul(compound.getBoolean("is_soul"));
                                        ^
G:\Proyectos\Mods_Minecraft\the_sundering\neoforge\26.2\src\main\java\com\skd\thesundering\entity\projectile\Ignis_Fireball_Entity.java:260: error: incompatible types: Optional<Integer> cannot be converted to int
        this.timer = compound.getInt("timer");
                                    ^
G:\Proyectos\Mods_Minecraft\the_sundering\neoforge\26.2\src\main\java\com\skd\thesundering\entity\projectile\Ignis_Fireball_Entity.java:261: error: incompatible types: Optional<Boolean> cannot be converted to boolean
        this.setFired(compound.getBoolean("fired"));
                                         ^
G:\Proyectos\Mods_Minecraft\the_sundering\neoforge\26.2\src\main\java\com\skd\thesundering\entity\projectile\Ignis_Fireball_Entity.java:269: error: no suitable method found for set(EntityDataAccessor<Boolean>,Object)
        this.entityData.set(SOUL, (Object)IsSoul);
                       ^
    method SynchedEntityData.<T#1>set(EntityDataAccessor<T#1>,T#1) is not applicable
      (inference variable T#1 has incompatible bounds
        equality constraints: Boolean
        lower bounds: Object)
    method SynchedEntityData.<T#2>set(EntityDataAccessor<T#2>,T#2,boolean) is not applicable
      (cannot infer type-variable(s) T#2
        (actual and formal argument lists differ in length))
  where T#1,T#2 are type-variables:
    T#1 extends Object declared in method <T#1>set(EntityDataAccessor<T#1>,T#1)
    T#2 extends Object declared in method <T#2>set(EntityDataAccessor<T#2>,T#2,boolean)
G:\Proyectos\Mods_Minecraft\the_sundering\neoforge\26.2\src\main\java\com\skd\thesundering\entity\projectile\Ignis_Fireball_Entity.java:273: error: no suitable method found for set(EntityDataAccessor<Boolean>,Object)
        this.entityData.set(FIRED, (Object)fired);
                       ^
    method SynchedEntityData.<T#1>set(EntityDataAccessor<T#1>,T#1) is not applicable
      (inference variable T#1 has incompatible bounds
        equality constraints: Boolean
        lower bounds: Object)
    method SynchedEntityData.<T#2>set(EntityDataAccessor<T#2>,T#2,boolean) is not applicable
      (cannot infer type-variable(s) T#2
        (actual and formal argument lists differ in length))
  where T#1,T#2 are type-variables:
    T#1 extends Object declared in method <T#1>set(EntityDataAccessor<T#1>,T#1)
    T#2 extends Object declared in method <T#2>set(EntityDataAccessor<T#2>,T#2,boolean)
G:\Proyectos\Mods_Minecraft\the_sundering\neoforge\26.2\src\main\java\com\skd\thesundering\client\render\entity\Ignis_Renderer.java:53: error: incompatible types: Ignis_Model cannot be converted to EntityModel
        super(renderManagerIn, (EntityModel)new Ignis_Model(), 1.0f);
                                            ^
G:\Proyectos\Mods_Minecraft\the_sundering\neoforge\26.2\src\main\java\com\skd\thesundering\client\render\entity\Ignis_Renderer.java:54: error: cannot find symbol
        this.addLayer(new Ignis_Armor_Crack_Layer(this));
            ^
  symbol: method addLayer(Ignis_Armor_Crack_Layer)
G:\Proyectos\Mods_Minecraft\the_sundering\neoforge\26.2\src\main\java\com\skd\thesundering\client\render\entity\Ignis_Renderer.java:55: error: cannot find symbol
        this.addLayer(new Ignis_Shield_Layer(this));
            ^
  symbol: method addLayer(Ignis_Shield_Layer)
G:\Proyectos\Mods_Minecraft\the_sundering\neoforge\26.2\src\main\java\com\skd\thesundering\client\render\entity\Ignis_Renderer.java:71: error: cannot find symbol
        super.render((LivingEntity)entity, entityYaw, partialTicks, matrixStackIn, bufferIn, packedLightIn);
        ^
  symbol:   variable super
  location: class Ignis_Renderer
G:\Proyectos\Mods_Minecraft\the_sundering\neoforge\26.2\src\main\java\com\skd\thesundering\client\render\entity\Ignis_Renderer.java:73: error: cannot find symbol
            Vec3 bladePos = RenderUtils.matrixStackFromCitadelModel((Entity)entity, entityYaw, ((Ignis_Model)this.model).blade2);
                                                                                                                 ^
  symbol: variable model
G:\Proyectos\Mods_Minecraft\the_sundering\neoforge\26.2\src\main\java\com\skd\thesundering\client\render\entity\Ignited_Berserker_Renderer.java:49: error: cannot find symbol
        this.addLayer(new Ignited_Berserker_GlowLayer(this));
            ^
  symbol: method addLayer(Ignited_Berserker_GlowLayer)
G:\Proyectos\Mods_Minecraft\the_sundering\neoforge\26.2\src\main\java\com\skd\thesundering\client\render\entity\Ignited_Berserker_Renderer.java:61: error: type argument Ignited_Berserker_Entity is not within bounds of type-variable S
    extends RenderLayer<Ignited_Berserker_Entity, Ignited_Berserker_Model<Ignited_Berserker_Entity>> {
                        ^
  where S is a type-variable:
    S extends EntityRenderState declared in class RenderLayer
G:\Proyectos\Mods_Minecraft\the_sundering\neoforge\26.2\src\main\java\com\skd\thesundering\client\render\entity\Ignited_Berserker_Renderer.java:60: error: Ignited_Berserker_GlowLayer is not abstract and does not override abstract method submit(PoseStack,SubmitNodeCollector,int,Ignited_Berserker_Entity,float,float) in RenderLayer
    static class Ignited_Berserker_GlowLayer
           ^
G:\Proyectos\Mods_Minecraft\the_sundering\neoforge\26.2\src\main\java\com\skd\thesundering\client\render\entity\Ignited_Berserker_Renderer.java:69: error: package FastColor does not exist
            int i = FastColor.ARGB32.color((int)Mth.floor((float)(alpha * 255.0f)), (int)255, (int)255, (int)255);
                             ^
G:\Proyectos\Mods_Minecraft\the_sundering\neoforge\26.2\src\main\java\com\skd\thesundering\client\render\entity\Ignited_Berserker_Renderer.java:70: error: incompatible types: LivingEntity cannot be converted to LivingEntityRenderState
            ((Ignited_Berserker_Model)this.getParentModel()).renderToBuffer(matrixStackIn, ivertexbuilder, 240, LivingEntityRenderer.getOverlayCoords((LivingEntity)entitylivingbaseIn, (float)0.0f), i);
                                                                                                                                                      ^
G:\Proyectos\Mods_Minecraft\the_sundering\neoforge\26.2\src\main\java\com\skd\thesundering\client\render\entity\Ignited_Revenant_Renderer.java:57: error: incompatible types: Ignited_Revenant_Model cannot be converted to EntityModel
        super(renderManagerIn, (EntityModel)new Ignited_Revenant_Model(), 0.5f);
                                            ^
G:\Proyectos\Mods_Minecraft\the_sundering\neoforge\26.2\src\main\java\com\skd\thesundering\client\render\entity\Ignited_Revenant_Renderer.java:58: error: cannot find symbol
        this.addLayer(new Ignited_Revenant_GlowLayer(this));
            ^
  symbol: method addLayer(Ignited_Revenant_GlowLayer)
G:\Proyectos\Mods_Minecraft\the_sundering\neoforge\26.2\src\main\java\com\skd\thesundering\client\render\entity\Ignited_Revenant_Renderer.java:59: error: cannot find symbol
        this.addLayer(new Revenant_Layer(this));
            ^
  symbol: method addLayer(Revenant_Layer)
G:\Proyectos\Mods_Minecraft\the_sundering\neoforge\26.2\src\main\java\com\skd\thesundering\client\render\entity\Ignited_Revenant_Renderer.java:75: error: cannot find symbol
        return super.getRenderOffset((Entity)entityIn, partialTicks);
               ^
  symbol:   variable super
  location: class Ignited_Revenant_Renderer
G:\Proyectos\Mods_Minecraft\the_sundering\neoforge\26.2\src\main\java\com\skd\thesundering\client\render\entity\Ignited_Revenant_Renderer.java:79: error: type argument Ignited_Revenant_Entity is not within bounds of type-variable S
    extends RenderLayer<Ignited_Revenant_Entity, Ignited_Revenant_Model> {
                        ^
  where S is a type-variable:
    S extends EntityRenderState declared in class RenderLayer
G:\Proyectos\Mods_Minecraft\the_sundering\neoforge\26.2\src\main\java\com\skd\thesundering\client\render\entity\Ignited_Revenant_Renderer.java:78: error: Ignited_Revenant_GlowLayer is not abstract and does not override abstract method submit(PoseStack,SubmitNodeCollector,int,Ignited_Revenant_Entity,float,float) in RenderLayer
    static class Ignited_Revenant_GlowLayer
           ^
G:\Proyectos\Mods_Minecraft\the_sundering\neoforge\26.2\src\main\java\com\skd\thesundering\client\render\entity\Ignited_Revenant_Renderer.java:87: error: package FastColor does not exist
            int i = FastColor.ARGB32.color((int)Mth.floor((float)(alpha * 255.0f)), (int)255, (int)255, (int)255);
                             ^
G:\Proyectos\Mods_Minecraft\the_sundering\neoforge\26.2\src\main\java\com\skd\thesundering\client\render\entity\Ignited_Revenant_Renderer.java:88: error: incompatible types: LivingEntity cannot be converted to LivingEntityRenderState
            ((Ignited_Revenant_Model)this.getParentModel()).renderToBuffer(matrixStackIn, ivertexbuilder, 240, LivingEntityRenderer.getOverlayCoords((LivingEntity)entitylivingbaseIn, (float)0.0f), i);
                                                                                                                                                     ^
G:\Proyectos\Mods_Minecraft\the_sundering\neoforge\26.2\src\main\java\com\skd\thesundering\client\render\entity\Kobolediator_Renderer.java:33: error: incompatible types: Kobolediator_Model cannot be converted to EntityModel
        super(renderManagerIn, (EntityModel)new Kobolediator_Model(renderManagerIn.bakeLayer(CMModelLayers.KOBOLEDIATOR_MODEL)), 1.25f);
                                            ^
G:\Proyectos\Mods_Minecraft\the_sundering\neoforge\26.2\src\main\java\com\skd\thesundering\client\render\entity\Kobolediator_Renderer.java:34: error: cannot find symbol
        this.addLayer(new Kobolediator_Layer(this));
            ^
  symbol: method addLayer(Kobolediator_Layer)
G:\Proyectos\Mods_Minecraft\the_sundering\neoforge\26.2\src\main\java\com\skd\thesundering\client\render\entity\Koboleton_Renderer.java:36: error: incompatible types: Koboleton_Model cannot be converted to EntityModel
        super(renderManagerIn, (EntityModel)new Koboleton_Model(), 0.5f);
                                            ^
G:\Proyectos\Mods_Minecraft\the_sundering\neoforge\26.2\src\main\java\com\skd\thesundering\client\render\entity\Koboleton_Renderer.java:37: error: cannot find symbol
        this.addLayer(new LayerKoboletonItem((RenderLayerParent)this, renderManagerIn.getItemInHandRenderer()));
                                                                                     ^
  symbol:   method getItemInHandRenderer()
  location: variable renderManagerIn of type Context
G:\Proyectos\Mods_Minecraft\the_sundering\neoforge\26.2\src\main\java\com\skd\thesundering\client\render\entity\Koboleton_Renderer.java:37: error: cannot find symbol
        this.addLayer(new LayerKoboletonItem((RenderLayerParent)this, renderManagerIn.getItemInHandRenderer()));
            ^
  symbol: method addLayer(LayerKoboletonItem)
G:\Proyectos\Mods_Minecraft\the_sundering\neoforge\26.2\src\main\java\com\skd\thesundering\client\render\entity\Koboleton_Renderer.java:38: error: incompatible types: Koboleton_Renderer cannot be converted to RenderLayerParent
        this.addLayer(new LayerGenericGlowing(this, KOBOLETON_LAYER_TEXTURES));
                                              ^
G:\Proyectos\Mods_Minecraft\the_sundering\neoforge\26.2\src\main\java\com\skd\thesundering\client\render\entity\Laser_Beam_Renderer.java:51: error: cannot find symbol
        this.model.renderToBuffer(poseStack, vertexconsumer, packedLight, OverlayTexture.NO_OVERLAY);
                  ^
  symbol:   method renderToBuffer(PoseStack,VertexConsumer,int,int)
  location: variable model of type Laser_Beam_Model
G:\Proyectos\Mods_Minecraft\the_sundering\neoforge\26.2\src\main\java\com\skd\thesundering\client\render\entity\Laser_Beam_Renderer.java:53: error: cannot find symbol
        super.render((Entity)entity, entityYaw, partialTicks, poseStack, buffer, packedLight);
        ^
  symbol:   variable super
  location: class Laser_Beam_Renderer
G:\Proyectos\Mods_Minecraft\the_sundering\neoforge\26.2\src\main\java\com\skd\thesundering\client\render\entity\Lava_Bomb_Renderer.java:54: error: cannot find symbol
        VertexConsumer VertexConsumer2 = bufferIn.getBuffer(RenderType.entityTranslucent((Identifier)this.getTextureLocation(entityIn)));
                                                                      ^
  symbol:   method entityTranslucent(Identifier)
  location: class RenderType
G:\Proyectos\Mods_Minecraft\the_sundering\neoforge\26.2\src\main\java\com\skd\thesundering\client\render\entity\Lava_Bomb_Renderer.java:55: error: method renderToBuffer in class BasicEntityModel<T> cannot be applied to given types;
        this.model.renderToBuffer(matrixStackIn, VertexConsumer2, packedLightIn, OverlayTexture.NO_OVERLAY);
                  ^
  required: PoseStack,VertexConsumer,int,int,int
  found:    PoseStack,VertexConsumer,int,int
  reason: actual and formal argument lists differ in length
  where T is a type-variable:
    T extends Entity declared in class BasicEntityModel
G:\Proyectos\Mods_Minecraft\the_sundering\neoforge\26.2\src\main\java\com\skd\thesundering\client\render\entity\Lightning_Spear_Renderer.java:56: error: cannot find symbol
        this.model.renderToBuffer(poseStack, vertexconsumer, packedLight, OverlayTexture.NO_OVERLAY);
                  ^
  symbol:   method renderToBuffer(PoseStack,VertexConsumer,int,int)
  location: variable model of type Elemental_Spear_Model
G:\Proyectos\Mods_Minecraft\the_sundering\neoforge\26.2\src\main\java\com\skd\thesundering\client\render\entity\Lightning_Spear_Renderer.java:58: error: cannot find symbol
        super.render((Entity)entity, entityYaw, partialTicks, poseStack, buffer, packedLight);
        ^
  symbol:   variable super
  location: class Lightning_Spear_Renderer
G:\Proyectos\Mods_Minecraft\the_sundering\neoforge\26.2\src\main\java\com\skd\thesundering\entity\projectile\Lightning_Spear_Entity.java:76: error: cannot find symbol
        this.moveTo(getX, gety, getz, this.getYRot(), this.getXRot());
            ^
  symbol: method moveTo(double,double,double,float,float)
G:\Proyectos\Mods_Minecraft\the_sundering\neoforge\26.2\src\main\java\com\skd\thesundering\entity\projectile\Lightning_Spear_Entity.java:86: error: method define in class Builder cannot be applied to given types;
        p_326229_.define(AREA_RADIUS, (Object)Float.valueOf(0.0f));
                 ^
  required: EntityDataAccessor<T>,T
  found:    EntityDataAccessor<Float>,Object
  reason: inference variable T has incompatible bounds
    equality constraints: Float
    lower bounds: Object
  where T is a type-variable:
    T extends Object declared in method <T>define(EntityDataAccessor<T>,T)
G:\Proyectos\Mods_Minecraft\the_sundering\neoforge\26.2\src\main\java\com\skd\thesundering\entity\projectile\Lightning_Spear_Entity.java:87: error: method define in class Builder cannot be applied to given types;
        p_326229_.define(AREA_DAMAGE, (Object)Float.valueOf(0.0f));
                 ^
  required: EntityDataAccessor<T>,T
  found:    EntityDataAccessor<Float>,Object
  reason: inference variable T has incompatible bounds
    equality constraints: Float
    lower bounds: Object
  where T is a type-variable:
    T extends Object declared in method <T>define(EntityDataAccessor<T>,T)
G:\Proyectos\Mods_Minecraft\the_sundering\neoforge\26.2\src\main\java\com\skd\thesundering\entity\projectile\Lightning_Spear_Entity.java:88: error: method define in class Builder cannot be applied to given types;
        p_326229_.define(HP_DAMAGE, (Object)Float.valueOf(0.0f));
                 ^
  required: EntityDataAccessor<T>,T
  found:    EntityDataAccessor<Float>,Object
  reason: inference variable T has incompatible bounds
    equality constraints: Float
    lower bounds: Object
  where T is a type-variable:
    T extends Object declared in method <T>define(EntityDataAccessor<T>,T)
G:\Proyectos\Mods_Minecraft\the_sundering\neoforge\26.2\src\main\java\com\skd\thesundering\entity\projectile\Lightning_Spear_Entity.java:96: error: no suitable method found for set(EntityDataAccessor<Float>,Object)
        this.entityData.set(AREA_RADIUS, (Object)Float.valueOf(radius));
                       ^
    method SynchedEntityData.<T#1>set(EntityDataAccessor<T#1>,T#1) is not applicable
      (inference variable T#1 has incompatible bounds
        equality constraints: Float
        lower bounds: Object)
    method SynchedEntityData.<T#2>set(EntityDataAccessor<T#2>,T#2,boolean) is not applicable
      (cannot infer type-variable(s) T#2
        (actual and formal argument lists differ in length))
  where T#1,T#2 are type-variables:
    T#1 extends Object declared in method <T#1>set(EntityDataAccessor<T#1>,T#1)
    T#2 extends Object declared in method <T#2>set(EntityDataAccessor<T#2>,T#2,boolean)
G:\Proyectos\Mods_Minecraft\the_sundering\neoforge\26.2\src\main\java\com\skd\thesundering\entity\projectile\Lightning_Spear_Entity.java:104: error: no suitable method found for set(EntityDataAccessor<Float>,Object)
        this.entityData.set(AREA_DAMAGE, (Object)Float.valueOf(damage));
                       ^
    method SynchedEntityData.<T#1>set(EntityDataAccessor<T#1>,T#1) is not applicable
      (inference variable T#1 has incompatible bounds
        equality constraints: Float
        lower bounds: Object)
    method SynchedEntityData.<T#2>set(EntityDataAccessor<T#2>,T#2,boolean) is not applicable
      (cannot infer type-variable(s) T#2
        (actual and formal argument lists differ in length))
  where T#1,T#2 are type-variables:
    T#1 extends Object declared in method <T#1>set(EntityDataAccessor<T#1>,T#1)
    T#2 extends Object declared in method <T#2>set(EntityDataAccessor<T#2>,T#2,boolean)
G:\Proyectos\Mods_Minecraft\the_sundering\neoforge\26.2\src\main\java\com\skd\thesundering\entity\projectile\Lightning_Spear_Entity.java:112: error: no suitable method found for set(EntityDataAccessor<Float>,Object)
        this.entityData.set(HP_DAMAGE, (Object)Float.valueOf(damage));
                       ^
    method SynchedEntityData.<T#1>set(EntityDataAccessor<T#1>,T#1) is not applicable
      (inference variable T#1 has incompatible bounds
        equality constraints: Float
        lower bounds: Object)
    method SynchedEntityData.<T#2>set(EntityDataAccessor<T#2>,T#2,boolean) is not applicable
      (cannot infer type-variable(s) T#2
        (actual and formal argument lists differ in length))
  where T#1,T#2 are type-variables:
    T#1 extends Object declared in method <T#1>set(EntityDataAccessor<T#1>,T#1)
    T#2 extends Object declared in method <T#2>set(EntityDataAccessor<T#2>,T#2,boolean)
G:\Proyectos\Mods_Minecraft\the_sundering\neoforge\26.2\src\main\java\com\skd\thesundering\entity\projectile\Lightning_Spear_Entity.java:139: error: incompatible types: void cannot be converted to boolean
                if (!this.isAlliedTo(entity) && !livingentity.equals((Object)entity) && !livingentity.isAlliedTo(entity) && (flag = entity.hurt(damagesource = CMDamageTypes.causeLightningDamage((Entity)this, (Entity)livingentity), this.getDamage())) && entity.isAlive()) {
                                                                                                                                               ^
G:\Proyectos\Mods_Minecraft\the_sundering\neoforge\26.2\src\main\java\com\skd\thesundering\entity\projectile\Lightning_Spear_Entity.java:184: error: method contains in class CompoundTag cannot be applied to given types;
        if (compound.contains("acceleration_power", 6)) {
                    ^
  required: String
  found:    String,int
  reason: actual and formal argument lists differ in length
G:\Proyectos\Mods_Minecraft\the_sundering\neoforge\26.2\src\main\java\com\skd\thesundering\entity\projectile\Lightning_Spear_Entity.java:185: error: incompatible types: Optional<Double> cannot be converted to double
            this.accelerationPower = compound.getDouble("acceleration_power");
                                                       ^
G:\Proyectos\Mods_Minecraft\the_sundering\neoforge\26.2\src\main\java\com\skd\thesundering\entity\projectile\Lightning_Spear_Entity.java:187: error: incompatible types: Optional<Float> cannot be converted to float
        this.setAreaDamage(compound.getFloat("area_damage"));
                                            ^
G:\Proyectos\Mods_Minecraft\the_sundering\neoforge\26.2\src\main\java\com\skd\thesundering\entity\projectile\Lightning_Spear_Entity.java:188: error: incompatible types: Optional<Float> cannot be converted to float
        this.setHpDamage(compound.getFloat("hp_damage"));
                                          ^
G:\Proyectos\Mods_Minecraft\the_sundering\neoforge\26.2\src\main\java\com\skd\thesundering\entity\projectile\Lightning_Spear_Entity.java:189: error: incompatible types: Optional<Float> cannot be converted to float
        this.setAreaRadius(compound.getFloat("area_radius"));
                                            ^
G:\Proyectos\Mods_Minecraft\the_sundering\neoforge\26.2\src\main\java\com\skd\thesundering\client\render\entity\Lionfish_Renderer.java:32: error: incompatible types: Lionfish_Model cannot be converted to EntityModel
        super(renderManagerIn, (EntityModel)new Lionfish_Model(), 0.4f);
                                            ^
G:\Proyectos\Mods_Minecraft\the_sundering\neoforge\26.2\src\main\java\com\skd\thesundering\client\render\entity\Lionfish_Renderer.java:33: error: cannot find symbol
        this.addLayer(new LionFish_Layer(this));
            ^
  symbol: method addLayer(LionFish_Layer)
G:\Proyectos\Mods_Minecraft\the_sundering\neoforge\26.2\src\main\java\com\skd\thesundering\client\render\entity\Lionfish_Spike_Renderer.java:46: error: cannot find symbol
        stack.mulPose(Axis.YP.rotationDegrees(Mth.lerp((float)partialTicks, (float)entity.yRotO, (float)entity.getYRot()) - 90.0f));
                                                                                         ^
  symbol:   variable yRotO
  location: variable entity of type Lionfish_Spike_Entity
G:\Proyectos\Mods_Minecraft\the_sundering\neoforge\26.2\src\main\java\com\skd\thesundering\client\render\entity\Lionfish_Spike_Renderer.java:46: error: cannot find symbol
        stack.mulPose(Axis.YP.rotationDegrees(Mth.lerp((float)partialTicks, (float)entity.yRotO, (float)entity.getYRot()) - 90.0f));
                                                                                                              ^
  symbol:   method getYRot()
  location: variable entity of type Lionfish_Spike_Entity
G:\Proyectos\Mods_Minecraft\the_sundering\neoforge\26.2\src\main\java\com\skd\thesundering\client\render\entity\Lionfish_Spike_Renderer.java:47: error: cannot find symbol
        stack.mulPose(Axis.ZP.rotationDegrees(Mth.lerp((float)partialTicks, (float)entity.xRotO, (float)entity.getXRot())));
                                                                                         ^
  symbol:   variable xRotO
  location: variable entity of type Lionfish_Spike_Entity
G:\Proyectos\Mods_Minecraft\the_sundering\neoforge\26.2\src\main\java\com\skd\thesundering\client\render\entity\Lionfish_Spike_Renderer.java:47: error: cannot find symbol
        stack.mulPose(Axis.ZP.rotationDegrees(Mth.lerp((float)partialTicks, (float)entity.xRotO, (float)entity.getXRot())));
                                                                                                              ^
  symbol:   method getXRot()
  location: variable entity of type Lionfish_Spike_Entity
G:\Proyectos\Mods_Minecraft\the_sundering\neoforge\26.2\src\main\java\com\skd\thesundering\client\render\entity\Lionfish_Spike_Renderer.java:49: error: cannot find symbol
        Minecraft.getInstance().getItemRenderer().renderStatic(entity.getItem(), ItemDisplayContext.GROUND, light, OverlayTexture.NO_OVERLAY, stack, buffer, entity.level(), entity.getId());
                               ^
  symbol:   method getItemRenderer()
  location: class Minecraft
G:\Proyectos\Mods_Minecraft\the_sundering\neoforge\26.2\src\main\java\com\skd\thesundering\client\render\entity\Lionfish_Spike_Renderer.java:49: error: cannot find symbol
        Minecraft.getInstance().getItemRenderer().renderStatic(entity.getItem(), ItemDisplayContext.GROUND, light, OverlayTexture.NO_OVERLAY, stack, buffer, entity.level(), entity.getId());
                                                                     ^
  symbol:   method getItem()
  location: variable entity of type Lionfish_Spike_Entity
G:\Proyectos\Mods_Minecraft\the_sundering\neoforge\26.2\src\main\java\com\skd\thesundering\client\render\entity\Lionfish_Spike_Renderer.java:49: error: cannot find symbol
        Minecraft.getInstance().getItemRenderer().renderStatic(entity.getItem(), ItemDisplayContext.GROUND, light, OverlayTexture.NO_OVERLAY, stack, buffer, entity.level(), entity.getId());
                                                                                                                                                                   ^
  symbol:   method level()
  location: variable entity of type Lionfish_Spike_Entity
G:\Proyectos\Mods_Minecraft\the_sundering\neoforge\26.2\src\main\java\com\skd\thesundering\client\render\entity\Lionfish_Spike_Renderer.java:49: error: cannot find symbol
        Minecraft.getInstance().getItemRenderer().renderStatic(entity.getItem(), ItemDisplayContext.GROUND, light, OverlayTexture.NO_OVERLAY, stack, buffer, entity.level(), entity.getId());
                                                                                                                                                                                   ^
  symbol:   method getId()
  location: variable entity of type Lionfish_Spike_Entity
G:\Proyectos\Mods_Minecraft\the_sundering\neoforge\26.2\src\main\java\com\skd\thesundering\entity\projectile\Lionfish_Spike_Entity.java:49: error: type argument ? extends Lionfish_Spike_Entity is not within bounds of type-variable T
    public Lionfish_Spike_Entity(EntityType<? extends Lionfish_Spike_Entity> type, Level world) {
                                            ^
  where T is a type-variable:
    T extends Entity declared in class EntityType
G:\Proyectos\Mods_Minecraft\the_sundering\neoforge\26.2\src\main\java\com\skd\thesundering\entity\projectile\Lionfish_Spike_Entity.java:58: error: cannot find symbol
        super.addAdditionalSaveData(tag);
        ^
  symbol:   variable super
  location: class Lionfish_Spike_Entity
G:\Proyectos\Mods_Minecraft\the_sundering\neoforge\26.2\src\main\java\com\skd\thesundering\entity\projectile\Lionfish_Spike_Entity.java:62: error: cannot find symbol
        super.readAdditionalSaveData(tag);
        ^
  symbol:   variable super
  location: class Lionfish_Spike_Entity
G:\Proyectos\Mods_Minecraft\the_sundering\neoforge\26.2\src\main\java\com\skd\thesundering\entity\projectile\Lionfish_Spike_Entity.java:70: error: cannot find symbol
        super.onHitEntity(result);
        ^
  symbol:   variable super
  location: class Lionfish_Spike_Entity
G:\Proyectos\Mods_Minecraft\the_sundering\neoforge\26.2\src\main\java\com\skd\thesundering\entity\projectile\Lionfish_Spike_Entity.java:71: error: cannot find symbol
        Entity shooter = this.getOwner();
                             ^
  symbol: method getOwner()
G:\Proyectos\Mods_Minecraft\the_sundering\neoforge\26.2\src\main\java\com\skd\thesundering\entity\projectile\Lionfish_Spike_Entity.java:75: error: incompatible types: Lionfish_Spike_Entity cannot be converted to Entity
            if (entity != shooter && !shooter.isAlliedTo(entity) && entity.hurt(this.damageSources().mobProjectile((Entity)this, (LivingEntity)shooter), i) && entity instanceof LivingEntity) {
                                                                                                                           ^
G:\Proyectos\Mods_Minecraft\the_sundering\neoforge\26.2\src\main\java\com\skd\thesundering\entity\projectile\Lionfish_Spike_Entity.java:75: error: cannot find symbol
            if (entity != shooter && !shooter.isAlliedTo(entity) && entity.hurt(this.damageSources().mobProjectile((Entity)this, (LivingEntity)shooter), i) && entity instanceof LivingEntity) {
                                                                                    ^
  symbol: method damageSources()
G:\Proyectos\Mods_Minecraft\the_sundering\neoforge\26.2\src\main\java\com\skd\thesundering\entity\projectile\Lionfish_Spike_Entity.java:76: error: incompatible types: Lionfish_Spike_Entity cannot be converted to Entity
                ((LivingEntity)entity).addEffect(new MobEffectInstance(MobEffects.POISON, 60, 0), (Entity)this);
                                                                                                          ^
G:\Proyectos\Mods_Minecraft\the_sundering\neoforge\26.2\src\main\java\com\skd\thesundering\entity\projectile\Lionfish_Spike_Entity.java:79: error: incompatible types: Lionfish_Spike_Entity cannot be converted to Entity
            entity.hurt(this.damageSources().mobProjectile((Entity)this, null), i);
                                                                   ^
G:\Proyectos\Mods_Minecraft\the_sundering\neoforge\26.2\src\main\java\com\skd\thesundering\entity\projectile\Lionfish_Spike_Entity.java:79: error: cannot find symbol
            entity.hurt(this.damageSources().mobProjectile((Entity)this, null), i);
                            ^
  symbol: method damageSources()
G:\Proyectos\Mods_Minecraft\the_sundering\neoforge\26.2\src\main\java\com\skd\thesundering\entity\projectile\Lionfish_Spike_Entity.java:92: error: cannot find symbol
        super.onHit(result);
        ^
  symbol:   variable super
  location: class Lionfish_Spike_Entity
G:\Proyectos\Mods_Minecraft\the_sundering\neoforge\26.2\src\main\java\com\skd\thesundering\entity\projectile\Lionfish_Spike_Entity.java:93: error: cannot find symbol
        if (!this.level().isClientSide()) {
                 ^
  symbol: method level()
G:\Proyectos\Mods_Minecraft\the_sundering\neoforge\26.2\src\main\java\com\skd\thesundering\entity\projectile\Lionfish_Spike_Entity.java:94: error: incompatible types: Lionfish_Spike_Entity cannot be converted to Entity
            this.level().broadcastEntityEvent((Entity)this, (byte)3);
                                                      ^
G:\Proyectos\Mods_Minecraft\the_sundering\neoforge\26.2\src\main\java\com\skd\thesundering\entity\projectile\Lionfish_Spike_Entity.java:94: error: cannot find symbol
            this.level().broadcastEntityEvent((Entity)this, (byte)3);
                ^
  symbol: method level()
G:\Proyectos\Mods_Minecraft\the_sundering\neoforge\26.2\src\main\java\com\skd\thesundering\entity\projectile\Lionfish_Spike_Entity.java:95: error: cannot find symbol
            this.discard();
                ^
  symbol: method discard()
G:\Proyectos\Mods_Minecraft\the_sundering\neoforge\26.2\src\main\java\com\skd\thesundering\entity\projectile\Lionfish_Spike_Entity.java:103: error: no suitable constructor found for ItemParticleOption(ParticleType<ItemParticleOption>,ItemStack)
                this.level().addParticle((ParticleOptions)new ItemParticleOption(ParticleTypes.ITEM, new ItemStack((ItemLike)ModItems.LIONFISH_SPIKE.get())), this.getX(), this.getY(), this.getZ(), this.random.nextGaussian() * 0.2, this.random.nextGaussian() * 0.2, this.random.nextGaussian() * 0.2);
                                                          ^
    constructor ItemParticleOption.ItemParticleOption(ParticleType<ItemParticleOption>,Item) is not applicable
      (argument mismatch; ItemStack cannot be converted to Item)
    constructor ItemParticleOption.ItemParticleOption(ParticleType<ItemParticleOption>,ItemStackTemplate) is not applicable
      (argument mismatch; ItemStack cannot be converted to ItemStackTemplate)
G:\Proyectos\Mods_Minecraft\the_sundering\neoforge\26.2\src\main\java\com\skd\thesundering\entity\projectile\Lionfish_Spike_Entity.java:103: error: cannot find symbol
                this.level().addParticle((ParticleOptions)new ItemParticleOption(ParticleTypes.ITEM, new ItemStack((ItemLike)ModItems.LIONFISH_SPIKE.get())), this.getX(), this.getY(), this.getZ(), this.random.nextGaussian() * 0.2, this.random.nextGaussian() * 0.2, this.random.nextGaussian() * 0.2);
                                                                                                                                                                                                         ^
  symbol: variable random
G:\Proyectos\Mods_Minecraft\the_sundering\neoforge\26.2\src\main\java\com\skd\thesundering\entity\projectile\Lionfish_Spike_Entity.java:103: error: cannot find symbol
                this.level().addParticle((ParticleOptions)new ItemParticleOption(ParticleTypes.ITEM, new ItemStack((ItemLike)ModItems.LIONFISH_SPIKE.get())), this.getX(), this.getY(), this.getZ(), this.random.nextGaussian() * 0.2, this.random.nextGaussian() * 0.2, this.random.nextGaussian() * 0.2);
                                                                                                                                                                                                                                           ^
  symbol: variable random
G:\Proyectos\Mods_Minecraft\the_sundering\neoforge\26.2\src\main\java\com\skd\thesundering\entity\projectile\Lionfish_Spike_Entity.java:103: error: cannot find symbol
                this.level().addParticle((ParticleOptions)new ItemParticleOption(ParticleTypes.ITEM, new ItemStack((ItemLike)ModItems.LIONFISH_SPIKE.get())), this.getX(), this.getY(), this.getZ(), this.random.nextGaussian() * 0.2, this.random.nextGaussian() * 0.2, this.random.nextGaussian() * 0.2);
                                                                                                                                                                                                                                                                             ^
  symbol: variable random
G:\Proyectos\Mods_Minecraft\the_sundering\neoforge\26.2\src\main\java\com\skd\thesundering\entity\projectile\Lionfish_Spike_Entity.java:103: error: cannot find symbol
                this.level().addParticle((ParticleOptions)new ItemParticleOption(ParticleTypes.ITEM, new ItemStack((ItemLike)ModItems.LIONFISH_SPIKE.get())), this.getX(), this.getY(), this.getZ(), this.random.nextGaussian() * 0.2, this.random.nextGaussian() * 0.2, this.random.nextGaussian() * 0.2);
                    ^
  symbol: method level()
G:\Proyectos\Mods_Minecraft\the_sundering\neoforge\26.2\src\main\java\com\skd\thesundering\entity\projectile\Lionfish_Spike_Entity.java:103: error: cannot find symbol
                this.level().addParticle((ParticleOptions)new ItemParticleOption(ParticleTypes.ITEM, new ItemStack((ItemLike)ModItems.LIONFISH_SPIKE.get())), this.getX(), this.getY(), this.getZ(), this.random.nextGaussian() * 0.2, this.random.nextGaussian() * 0.2, this.random.nextGaussian() * 0.2);
                                                                                                                                                                  ^
  symbol: method getX()
G:\Proyectos\Mods_Minecraft\the_sundering\neoforge\26.2\src\main\java\com\skd\thesundering\entity\projectile\Lionfish_Spike_Entity.java:103: error: cannot find symbol
                this.level().addParticle((ParticleOptions)new ItemParticleOption(ParticleTypes.ITEM, new ItemStack((ItemLike)ModItems.LIONFISH_SPIKE.get())), this.getX(), this.getY(), this.getZ(), this.random.nextGaussian() * 0.2, this.random.nextGaussian() * 0.2, this.random.nextGaussian() * 0.2);
                                                                                                                                                                               ^
  symbol: method getY()
G:\Proyectos\Mods_Minecraft\the_sundering\neoforge\26.2\src\main\java\com\skd\thesundering\entity\projectile\Lionfish_Spike_Entity.java:103: error: cannot find symbol
                this.level().addParticle((ParticleOptions)new ItemParticleOption(ParticleTypes.ITEM, new ItemStack((ItemLike)ModItems.LIONFISH_SPIKE.get())), this.getX(), this.getY(), this.getZ(), this.random.nextGaussian() * 0.2, this.random.nextGaussian() * 0.2, this.random.nextGaussian() * 0.2);
                                                                                                                                                                                            ^
  symbol: method getZ()
G:\Proyectos\Mods_Minecraft\the_sundering\neoforge\26.2\src\main\java\com\skd\thesundering\client\render\entity\Maledictus_Renderer.java:35: error: incompatible types: Maledictus_Model cannot be converted to EntityModel
        super(renderManagerIn, (EntityModel)new Maledictus_Model(renderManagerIn.bakeLayer(CMModelLayers.MALEDICTUS_MODEL)), 0.75f);
                                            ^
G:\Proyectos\Mods_Minecraft\the_sundering\neoforge\26.2\src\main\java\com\skd\thesundering\client\render\entity\Maledictus_Renderer.java:36: error: cannot find symbol
        this.addLayer(new Maledictus_Layer(this));
            ^
  symbol: method addLayer(Maledictus_Layer)
G:\Proyectos\Mods_Minecraft\the_sundering\neoforge\26.2\src\main\java\com\skd\thesundering\client\render\entity\Maledictus_Renderer.java:37: error: cannot find symbol
        this.addLayer(new Maledictus_Cicle_Layer(this, renderManagerIn));
            ^
  symbol: method addLayer(Maledictus_Cicle_Layer)
G:\Proyectos\Mods_Minecraft\the_sundering\neoforge\26.2\src\main\java\com\skd\thesundering\client\render\entity\Maledictus_Renderer.java:38: error: cannot find symbol
        this.addLayer(new MaledictusRiderLayer(this));
            ^
  symbol: method addLayer(MaledictusRiderLayer)
G:\Proyectos\Mods_Minecraft\the_sundering\neoforge\26.2\src\main\java\com\skd\thesundering\client\render\entity\Mini_Abyss_Blast_Renderer.java:107: error: cannot find symbol
        Quaternionf quat = this.entityRenderDispatcher.cameraOrientation();
                               ^
  symbol: variable entityRenderDispatcher
G:\Proyectos\Mods_Minecraft\the_sundering\neoforge\26.2\src\main\java\com\skd\thesundering\client\render\entity\Mini_Abyss_Blast_Renderer.java:143: error: cannot find symbol
            matrixStackIn.mulPose(new Quaternionf().rotationY(Minecraft.getInstance().gameRenderer.getMainCamera().getXRot() + 90.0f));
                                                                                                  ^
  symbol:   method getMainCamera()
  location: variable gameRenderer of type GameRenderer
G:\Proyectos\Mods_Minecraft\the_sundering\neoforge\26.2\src\main\java\com\skd\thesundering\client\render\entity\Mini_Abyss_Blast_Renderer.java:149: error: cannot find symbol
            matrixStackIn.mulPose(new Quaternionf().rotationY((-Minecraft.getInstance().gameRenderer.getMainCamera().getXRot() - 90.0f) * ((float)Math.PI / 180)));
                                                                                                    ^
  symbol:   method getMainCamera()
  location: variable gameRenderer of type GameRenderer
G:\Proyectos\Mods_Minecraft\the_sundering\neoforge\26.2\src\main\java\com\skd\thesundering\entity\projectile\Mini_Abyss_Blast_Entity.java:60: error: Mini_Abyss_Blast_Entity is not abstract and does not override abstract method addAdditionalSaveData(ValueOutput) in Entity
public class Mini_Abyss_Blast_Entity
       ^
G:\Proyectos\Mods_Minecraft\the_sundering\neoforge\26.2\src\main\java\com\skd\thesundering\entity\projectile\Mini_Abyss_Blast_Entity.java:90: error: cannot find symbol
        this.noCulling = true;
            ^
  symbol: variable noCulling
G:\Proyectos\Mods_Minecraft\the_sundering\neoforge\26.2\src\main\java\com\skd\thesundering\entity\projectile\Mini_Abyss_Blast_Entity.java:175: error: method define in class Builder cannot be applied to given types;
        p_326229_.define(YAW, (Object)Float.valueOf(0.0f));
                 ^
  required: EntityDataAccessor<T>,T
  found:    EntityDataAccessor<Float>,Object
  reason: inference variable T has incompatible bounds
    equality constraints: Float
    lower bounds: Object
  where T is a type-variable:
    T extends Object declared in method <T>define(EntityDataAccessor<T>,T)
G:\Proyectos\Mods_Minecraft\the_sundering\neoforge\26.2\src\main\java\com\skd\thesundering\entity\projectile\Mini_Abyss_Blast_Entity.java:176: error: method define in class Builder cannot be applied to given types;
        p_326229_.define(PITCH, (Object)Float.valueOf(0.0f));
                 ^
  required: EntityDataAccessor<T>,T
  found:    EntityDataAccessor<Float>,Object
  reason: inference variable T has incompatible bounds
    equality constraints: Float
    lower bounds: Object
  where T is a type-variable:
    T extends Object declared in method <T>define(EntityDataAccessor<T>,T)
G:\Proyectos\Mods_Minecraft\the_sundering\neoforge\26.2\src\main\java\com\skd\thesundering\entity\projectile\Mini_Abyss_Blast_Entity.java:177: error: method define in class Builder cannot be applied to given types;
        p_326229_.define(DURATION, (Object)0);
                 ^
  required: EntityDataAccessor<T>,T
  found:    EntityDataAccessor<Integer>,Object
  reason: inference variable T has incompatible bounds
    equality constraints: Integer
    lower bounds: Object
  where T is a type-variable:
    T extends Object declared in method <T>define(EntityDataAccessor<T>,T)
G:\Proyectos\Mods_Minecraft\the_sundering\neoforge\26.2\src\main\java\com\skd\thesundering\entity\projectile\Mini_Abyss_Blast_Entity.java:178: error: cannot find symbol
        p_326229_.define(CASTER, (Object)-1);
                                  ^
  symbol:   variable Object
  location: class Mini_Abyss_Blast_Entity
G:\Proyectos\Mods_Minecraft\the_sundering\neoforge\26.2\src\main\java\com\skd\thesundering\entity\projectile\Mini_Abyss_Blast_Entity.java:179: error: method define in class Builder cannot be applied to given types;
        p_326229_.define(BEAMDIRECTION, (Object)Float.valueOf(90.0f));
                 ^
  required: EntityDataAccessor<T>,T
  found:    EntityDataAccessor<Float>,Object
  reason: inference variable T has incompatible bounds
    equality constraints: Float
    lower bounds: Object
  where T is a type-variable:
    T extends Object declared in method <T>define(EntityDataAccessor<T>,T)
G:\Proyectos\Mods_Minecraft\the_sundering\neoforge\26.2\src\main\java\com\skd\thesundering\entity\projectile\Mini_Abyss_Blast_Entity.java:187: error: no suitable method found for set(EntityDataAccessor<Float>,Object)
        this.entityData.set(YAW, (Object)Float.valueOf(yaw));
                       ^
    method SynchedEntityData.<T#1>set(EntityDataAccessor<T#1>,T#1) is not applicable
      (inference variable T#1 has incompatible bounds
        equality constraints: Float
        lower bounds: Object)
    method SynchedEntityData.<T#2>set(EntityDataAccessor<T#2>,T#2,boolean) is not applicable
      (cannot infer type-variable(s) T#2
        (actual and formal argument lists differ in length))
  where T#1,T#2 are type-variables:
    T#1 extends Object declared in method <T#1>set(EntityDataAccessor<T#1>,T#1)
    T#2 extends Object declared in method <T#2>set(EntityDataAccessor<T#2>,T#2,boolean)
G:\Proyectos\Mods_Minecraft\the_sundering\neoforge\26.2\src\main\java\com\skd\thesundering\entity\projectile\Mini_Abyss_Blast_Entity.java:195: error: no suitable method found for set(EntityDataAccessor<Float>,Object)
        this.entityData.set(PITCH, (Object)Float.valueOf(pitch));
                       ^
    method SynchedEntityData.<T#1>set(EntityDataAccessor<T#1>,T#1) is not applicable
      (inference variable T#1 has incompatible bounds
        equality constraints: Float
        lower bounds: Object)
    method SynchedEntityData.<T#2>set(EntityDataAccessor<T#2>,T#2,boolean) is not applicable
      (cannot infer type-variable(s) T#2
        (actual and formal argument lists differ in length))
  where T#1,T#2 are type-variables:
    T#1 extends Object declared in method <T#1>set(EntityDataAccessor<T#1>,T#1)
    T#2 extends Object declared in method <T#2>set(EntityDataAccessor<T#2>,T#2,boolean)
G:\Proyectos\Mods_Minecraft\the_sundering\neoforge\26.2\src\main\java\com\skd\thesundering\entity\projectile\Mini_Abyss_Blast_Entity.java:203: error: no suitable method found for set(EntityDataAccessor<Integer>,Object)
        this.entityData.set(DURATION, (Object)duration);
                       ^
    method SynchedEntityData.<T#1>set(EntityDataAccessor<T#1>,T#1) is not applicable
      (inference variable T#1 has incompatible bounds
        equality constraints: Integer
        lower bounds: Object)
    method SynchedEntityData.<T#2>set(EntityDataAccessor<T#2>,T#2,boolean) is not applicable
      (cannot infer type-variable(s) T#2
        (actual and formal argument lists differ in length))
  where T#1,T#2 are type-variables:
    T#1 extends Object declared in method <T#1>set(EntityDataAccessor<T#1>,T#1)
    T#2 extends Object declared in method <T#2>set(EntityDataAccessor<T#2>,T#2,boolean)
G:\Proyectos\Mods_Minecraft\the_sundering\neoforge\26.2\src\main\java\com\skd\thesundering\entity\projectile\Mini_Abyss_Blast_Entity.java:211: error: no suitable method found for set(EntityDataAccessor<Float>,Object)
        this.entityData.set(BEAMDIRECTION, (Object)Float.valueOf(beamDirection));
                       ^
    method SynchedEntityData.<T#1>set(EntityDataAccessor<T#1>,T#1) is not applicable
      (inference variable T#1 has incompatible bounds
        equality constraints: Float
        lower bounds: Object)
    method SynchedEntityData.<T#2>set(EntityDataAccessor<T#2>,T#2,boolean) is not applicable
      (cannot infer type-variable(s) T#2
        (actual and formal argument lists differ in length))
  where T#1,T#2 are type-variables:
    T#1 extends Object declared in method <T#1>set(EntityDataAccessor<T#1>,T#1)
    T#2 extends Object declared in method <T#2>set(EntityDataAccessor<T#2>,T#2,boolean)
G:\Proyectos\Mods_Minecraft\the_sundering\neoforge\26.2\src\main\java\com\skd\thesundering\entity\projectile\Mini_Abyss_Blast_Entity.java:219: error: no suitable method found for set(EntityDataAccessor<Integer>,Object)
        this.entityData.set(CASTER, (Object)id);
                       ^
    method SynchedEntityData.<T#1>set(EntityDataAccessor<T#1>,T#1) is not applicable
      (inference variable T#1 has incompatible bounds
        equality constraints: Integer
        lower bounds: Object)
    method SynchedEntityData.<T#2>set(EntityDataAccessor<T#2>,T#2,boolean) is not applicable
      (cannot infer type-variable(s) T#2
        (actual and formal argument lists differ in length))
  where T#1,T#2 are type-variables:
    T#1 extends Object declared in method <T#1>set(EntityDataAccessor<T#1>,T#1)
    T#2 extends Object declared in method <T#2>set(EntityDataAccessor<T#2>,T#2,boolean)
G:\Proyectos\Mods_Minecraft\the_sundering\neoforge\26.2\src\main\java\com\skd\thesundering\entity\projectile\Mini_Abyss_Blast_Entity.java:223: error: incompatible types: Optional<Float> cannot be converted to float
        this.setYaw(compound.getFloat("Yaw"));
                                     ^
G:\Proyectos\Mods_Minecraft\the_sundering\neoforge\26.2\src\main\java\com\skd\thesundering\entity\projectile\Mini_Abyss_Blast_Entity.java:224: error: incompatible types: Optional<Float> cannot be converted to float
        this.setPitch(compound.getFloat("Pitch"));
                                       ^
G:\Proyectos\Mods_Minecraft\the_sundering\neoforge\26.2\src\main\java\com\skd\thesundering\entity\projectile\Mini_Abyss_Blast_Entity.java:225: error: incompatible types: Optional<Integer> cannot be converted to int
        this.setDuration(compound.getInt("Duration"));
                                        ^
G:\Proyectos\Mods_Minecraft\the_sundering\neoforge\26.2\src\main\java\com\skd\thesundering\entity\projectile\Mini_Abyss_Blast_Entity.java:226: error: incompatible types: Optional<Float> cannot be converted to float
        this.setBeamDirection(compound.getFloat("BeamDirection"));
                                               ^
G:\Proyectos\Mods_Minecraft\the_sundering\neoforge\26.2\src\main\java\com\skd\thesundering\entity\projectile\Mini_Abyss_Blast_Entity.java:264: error: incompatible types: Object cannot be converted to LivingEntity
        for (LivingEntity entity : entities) {
                                   ^
G:\Proyectos\Mods_Minecraft\the_sundering\neoforge\26.2\src\main\java\com\skd\thesundering\client\render\item\CuriosRenderer\Blazing_Grips_Renderer.java:68: warning: [removal] CuriosRendererRegistry in top.theillusivec4.curios.api.client has been deprecated and marked for removal
            return CuriosRendererRegistry.getRenderer((Item)stack.getItem()).filter(Blazing_Grips_Renderer.class::isInstance).map(Blazing_Grips_Renderer.class::cast).orElse(null);
                   ^
G:\Proyectos\Mods_Minecraft\the_sundering\neoforge\26.2\src\main\java\com\skd\thesundering\client\render\item\CuriosRenderer\Blazing_Grips_Renderer.java:68: warning: [removal] getRenderer(Item) in CuriosRendererRegistry has been deprecated and marked for removal
            return CuriosRendererRegistry.getRenderer((Item)stack.getItem()).filter(Blazing_Grips_Renderer.class::isInstance).map(Blazing_Grips_Renderer.class::cast).orElse(null);
                                         ^
G:\Proyectos\Mods_Minecraft\the_sundering\neoforge\26.2\src\main\java\com\skd\thesundering\client\render\item\CuriosRenderer\Chitin_Claw_Renderer.java:66: warning: [removal] CuriosRendererRegistry in top.theillusivec4.curios.api.client has been deprecated and marked for removal
            return CuriosRendererRegistry.getRenderer((Item)stack.getItem()).filter(Chitin_Claw_Renderer.class::isInstance).map(Chitin_Claw_Renderer.class::cast).orElse(null);
                   ^
G:\Proyectos\Mods_Minecraft\the_sundering\neoforge\26.2\src\main\java\com\skd\thesundering\client\render\item\CuriosRenderer\Chitin_Claw_Renderer.java:66: warning: [removal] getRenderer(Item) in CuriosRendererRegistry has been deprecated and marked for removal
            return CuriosRendererRegistry.getRenderer((Item)stack.getItem()).filter(Chitin_Claw_Renderer.class::isInstance).map(Chitin_Claw_Renderer.class::cast).orElse(null);
                                         ^
G:\Proyectos\Mods_Minecraft\the_sundering\neoforge\26.2\src\main\java\com\skd\thesundering\client\render\item\CuriosRenderer\Sticky_Gloves_Renderer.java:66: warning: [removal] CuriosRendererRegistry in top.theillusivec4.curios.api.client has been deprecated and marked for removal
            return CuriosRendererRegistry.getRenderer((Item)stack.getItem()).filter(Sticky_Gloves_Renderer.class::isInstance).map(Sticky_Gloves_Renderer.class::cast).orElse(null);
                   ^
G:\Proyectos\Mods_Minecraft\the_sundering\neoforge\26.2\src\main\java\com\skd\thesundering\client\render\item\CuriosRenderer\Sticky_Gloves_Renderer.java:66: warning: [removal] getRenderer(Item) in CuriosRendererRegistry has been deprecated and marked for removal
            return CuriosRendererRegistry.getRenderer((Item)stack.getItem()).filter(Sticky_Gloves_Renderer.class::isInstance).map(Sticky_Gloves_Renderer.class::cast).orElse(null);
                                         ^
G:\Proyectos\Mods_Minecraft\the_sundering\neoforge\26.2\src\main\java\com\skd\thesundering\init\ModItems.java:475: warning: [removal] modify(ItemLike,Consumer<Builder>) in ModifyDefaultComponentsEvent has been deprecated and marked for removal
            event.modify((ItemLike)MONSTROUS_HELM.get(), builder -> builder.set(DataComponents.UNBREAKABLE, (Object)new Unbreakable(true)));
                 ^
G:\Proyectos\Mods_Minecraft\the_sundering\neoforge\26.2\src\main\java\com\skd\thesundering\init\ModItems.java:476: warning: [removal] modify(ItemLike,Consumer<Builder>) in ModifyDefaultComponentsEvent has been deprecated and marked for removal
            event.modify((ItemLike)IGNITIUM_HELMET.get(), builder -> {
                 ^
G:\Proyectos\Mods_Minecraft\the_sundering\neoforge\26.2\src\main\java\com\skd\thesundering\init\ModItems.java:480: warning: [removal] modify(ItemLike,Consumer<Builder>) in ModifyDefaultComponentsEvent has been deprecated and marked for removal
            event.modify((ItemLike)IGNITIUM_CHESTPLATE.get(), builder -> {
                 ^
G:\Proyectos\Mods_Minecraft\the_sundering\neoforge\26.2\src\main\java\com\skd\thesundering\init\ModItems.java:484: warning: [removal] modify(ItemLike,Consumer<Builder>) in ModifyDefaultComponentsEvent has been deprecated and marked for removal
            event.modify((ItemLike)IGNITIUM_ELYTRA_CHESTPLATE.get(), builder -> {
                 ^
G:\Proyectos\Mods_Minecraft\the_sundering\neoforge\26.2\src\main\java\com\skd\thesundering\init\ModItems.java:488: warning: [removal] modify(ItemLike,Consumer<Builder>) in ModifyDefaultComponentsEvent has been deprecated and marked for removal
            event.modify((ItemLike)IGNITIUM_LEGGINGS.get(), builder -> {
                 ^
G:\Proyectos\Mods_Minecraft\the_sundering\neoforge\26.2\src\main\java\com\skd\thesundering\init\ModItems.java:492: warning: [removal] modify(ItemLike,Consumer<Builder>) in ModifyDefaultComponentsEvent has been deprecated and marked for removal
            event.modify((ItemLike)IGNITIUM_BOOTS.get(), builder -> {
                 ^
G:\Proyectos\Mods_Minecraft\the_sundering\neoforge\26.2\src\main\java\com\skd\thesundering\init\ModItems.java:496: warning: [removal] modify(ItemLike,Consumer<Builder>) in ModifyDefaultComponentsEvent has been deprecated and marked for removal
            event.modify((ItemLike)CURSIUM_HELMET.get(), builder -> {
                 ^
G:\Proyectos\Mods_Minecraft\the_sundering\neoforge\26.2\src\main\java\com\skd\thesundering\init\ModItems.java:500: warning: [removal] modify(ItemLike,Consumer<Builder>) in ModifyDefaultComponentsEvent has been deprecated and marked for removal
            event.modify((ItemLike)CURSIUM_CHESTPLATE.get(), builder -> {
                 ^
G:\Proyectos\Mods_Minecraft\the_sundering\neoforge\26.2\src\main\java\com\skd\thesundering\init\ModItems.java:504: warning: [removal] modify(ItemLike,Consumer<Builder>) in ModifyDefaultComponentsEvent has been deprecated and marked for removal
            event.modify((ItemLike)CURSIUM_LEGGINGS.get(), builder -> {
                 ^
G:\Proyectos\Mods_Minecraft\the_sundering\neoforge\26.2\src\main\java\com\skd\thesundering\init\ModItems.java:508: warning: [removal] modify(ItemLike,Consumer<Builder>) in ModifyDefaultComponentsEvent has been deprecated and marked for removal
            event.modify((ItemLike)CURSIUM_BOOTS.get(), builder -> {
                 ^
G:\Proyectos\Mods_Minecraft\the_sundering\neoforge\26.2\src\main\java\com\skd\thesundering\init\ModItems.java:512: warning: [removal] modify(ItemLike,Consumer<Builder>) in ModifyDefaultComponentsEvent has been deprecated and marked for removal
            event.modify((ItemLike)BONE_REPTILE_HELMET.get(), builder -> AttributeUtils.mergeAttributes(builder, (Item)BONE_REPTILE_HELMET.get(), Cataclysm_Armor.createArmorAttributes(Armortier.BONE_REPTILE, (float)CMCommonConfig.BoneReptileArmor.armorMultiplier, (float)CMCommonConfig.BoneReptileArmor.toughness, (float)CMCommonConfig.BoneReptileArmor.knockbackResistance, ArmorItem.Type.HELMET, new AttributeContainer[0])));
                 ^
G:\Proyectos\Mods_Minecraft\the_sundering\neoforge\26.2\src\main\java\com\skd\thesundering\init\ModItems.java:513: warning: [removal] modify(ItemLike,Consumer<Builder>) in ModifyDefaultComponentsEvent has been deprecated and marked for removal
            event.modify((ItemLike)BONE_REPTILE_CHESTPLATE.get(), builder -> AttributeUtils.mergeAttributes(builder, (Item)BONE_REPTILE_CHESTPLATE.get(), Cataclysm_Armor.createArmorAttributes(Armortier.BONE_REPTILE, (float)CMCommonConfig.BoneReptileArmor.armorMultiplier, (float)CMCommonConfig.BoneReptileArmor.toughness, (float)CMCommonConfig.BoneReptileArmor.knockbackResistance, ArmorItem.Type.CHESTPLATE, new AttributeContainer[0])));
                 ^
G:\Proyectos\Mods_Minecraft\the_sundering\neoforge\26.2\src\main\java\com\skd\thesundering\init\ModItems.java:514: warning: [removal] modify(ItemLike,Consumer<Builder>) in ModifyDefaultComponentsEvent has been deprecated and marked for removal
            event.modify((ItemLike)BLOOM_STONE_PAULDRONS.get(), builder -> AttributeUtils.mergeAttributes(builder, (Item)BLOOM_STONE_PAULDRONS.get(), Cataclysm_Armor.createArmorAttributes(Armortier.CRAB, (float)CMCommonConfig.BloomStoneArmor.armorMultiplier, (float)CMCommonConfig.BloomStoneArmor.toughness, (float)CMCommonConfig.BloomStoneArmor.knockbackResistance, ArmorItem.Type.CHESTPLATE, new AttributeContainer[0])));
                 ^
G:\Proyectos\Mods_Minecraft\the_sundering\neoforge\26.2\src\main\java\com\skd\thesundering\init\ModItems.java:515: warning: [removal] modify(ItemLike,Consumer<Builder>) in ModifyDefaultComponentsEvent has been deprecated and marked for removal
            event.modify((ItemLike)GAUNTLET_OF_BULWARK.get(), builder -> AttributeUtils.mergeAttributes(builder, (Item)GAUNTLET_OF_BULWARK.get(), Cataclysm_Weapon.createAttributes(-1.0f + (float)CMCommonConfig.GauntletOfBulwark.attackDamage, -4.0f + (float)CMCommonConfig.GauntletOfBulwark.attackSpeed, new AttributeContainer[0])));
                 ^
G:\Proyectos\Mods_Minecraft\the_sundering\neoforge\26.2\src\main\java\com\skd\thesundering\init\ModItems.java:516: warning: [removal] modify(ItemLike,Consumer<Builder>) in ModifyDefaultComponentsEvent has been deprecated and marked for removal
            event.modify((ItemLike)GAUNTLET_OF_GUARD.get(), builder -> AttributeUtils.mergeAttributes(builder, (Item)GAUNTLET_OF_GUARD.get(), Cataclysm_Weapon.createAttributes(-1.0f + (float)CMCommonConfig.GauntletOfGuard.attackDamage, -4.0f + (float)CMCommonConfig.GauntletOfGuard.attackSpeed, new AttributeContainer[0])));
                 ^
G:\Proyectos\Mods_Minecraft\the_sundering\neoforge\26.2\src\main\java\com\skd\thesundering\init\ModItems.java:517: warning: [removal] modify(ItemLike,Consumer<Builder>) in ModifyDefaultComponentsEvent has been deprecated and marked for removal
            event.modify((ItemLike)GAUNTLET_OF_MAELSTROM.get(), builder -> AttributeUtils.mergeAttributes(builder, (Item)GAUNTLET_OF_MAELSTROM.get(), Cataclysm_Weapon.createAttributes(-1.0f + (float)CMCommonConfig.GauntletOfMaelstrom.attackDamage, -4.0f + (float)CMCommonConfig.GauntletOfMaelstrom.attackSpeed, new AttributeContainer[0])));
                 ^
G:\Proyectos\Mods_Minecraft\the_sundering\neoforge\26.2\src\main\java\com\skd\thesundering\init\ModItems.java:518: warning: [removal] modify(ItemLike,Consumer<Builder>) in ModifyDefaultComponentsEvent has been deprecated and marked for removal
            event.modify((ItemLike)MEAT_SHREDDER.get(), builder -> AttributeUtils.mergeAttributes(builder, (Item)MEAT_SHREDDER.get(), Cataclysm_Weapon.createAttributes(-1.0f + (float)CMCommonConfig.MeatShredder.attackDamage, -4.0f + (float)CMCommonConfig.MeatShredder.attackSpeed, new AttributeContainer[0])));
                 ^
G:\Proyectos\Mods_Minecraft\the_sundering\neoforge\26.2\src\main\java\com\skd\thesundering\init\ModItems.java:519: warning: [removal] modify(ItemLike,Consumer<Builder>) in ModifyDefaultComponentsEvent has been deprecated and marked for removal
            event.modify((ItemLike)SOUL_RENDER.get(), builder -> AttributeUtils.mergeAttributes(builder, (Item)SOUL_RENDER.get(), Cataclysm_Weapon.createAttributes(-1.0f + (float)CMCommonConfig.SoulRender.attackDamage, -4.0f + (float)CMCommonConfig.SoulRender.attackSpeed, new AttributeContainer[0])));
                 ^
G:\Proyectos\Mods_Minecraft\the_sundering\neoforge\26.2\src\main\java\com\skd\thesundering\init\ModItems.java:520: warning: [removal] modify(ItemLike,Consumer<Builder>) in ModifyDefaultComponentsEvent has been deprecated and marked for removal
            event.modify((ItemLike)CERAUNUS.get(), builder -> AttributeUtils.mergeAttributes(builder, (Item)CERAUNUS.get(), Cataclysm_Weapon.createAttributes(-1.0f + (float)CMCommonConfig.Ceraunus.attackDamage, -4.0f + (float)CMCommonConfig.Ceraunus.attackSpeed, new AttributeContainer[0])));
                 ^
G:\Proyectos\Mods_Minecraft\the_sundering\neoforge\26.2\src\main\java\com\skd\thesundering\init\ModItems.java:521: warning: [removal] modify(ItemLike,Consumer<Builder>) in ModifyDefaultComponentsEvent has been deprecated and marked for removal
            event.modify((ItemLike)THE_ANNIHILATOR.get(), builder -> AttributeUtils.mergeAttributes(builder, (Item)THE_ANNIHILATOR.get(), Cataclysm_Weapon.createAttributes(-1.0f + (float)CMCommonConfig.Annihilator.attackDamage, -4.0f + (float)CMCommonConfig.Annihilator.attackSpeed, new AttributeContainer[0])));
                 ^
G:\Proyectos\Mods_Minecraft\the_sundering\neoforge\26.2\src\main\java\com\skd\thesundering\init\ModItems.java:522: warning: [removal] modify(ItemLike,Consumer<Builder>) in ModifyDefaultComponentsEvent has been deprecated and marked for removal
            event.modify((ItemLike)THE_IMMOLATOR.get(), builder -> AttributeUtils.mergeAttributes(builder, (Item)THE_IMMOLATOR.get(), Cataclysm_Weapon.createAttributes(-1.0f + (float)CMCommonConfig.Immolator.attackDamage, -4.0f + (float)CMCommonConfig.Immolator.attackSpeed, new AttributeContainer[0])));
                 ^
G:\Proyectos\Mods_Minecraft\the_sundering\neoforge\26.2\src\main\java\com\skd\thesundering\init\ModItems.java:523: warning: [removal] modify(ItemLike,Consumer<Builder>) in ModifyDefaultComponentsEvent has been deprecated and marked for removal
            event.modify((ItemLike)ASTRAPE.get(), builder -> AttributeUtils.mergeAttributes(builder, (Item)ASTRAPE.get(), Cataclysm_Weapon.createAttributes(-1.0f + (float)CMCommonConfig.Astrape.attackDamage, -4.0f + (float)CMCommonConfig.Astrape.attackSpeed, new AttributeContainer[0])));
                 ^
G:\Proyectos\Mods_Minecraft\the_sundering\neoforge\26.2\src\main\java\com\skd\thesundering\init\ModItems.java:524: warning: [removal] modify(ItemLike,Consumer<Builder>) in ModifyDefaultComponentsEvent has been deprecated and marked for removal
            event.modify((ItemLike)THE_INCINERATOR.get(), builder -> AttributeUtils.mergeAttributes(builder, (Item)THE_INCINERATOR.get(), Cataclysm_Weapon.createAttributes(-1.0f + (float)CMCommonConfig.Incinerator.attackDamage, -4.0f + (float)CMCommonConfig.Incinerator.attackSpeed, new AttributeContainer[0])));
                 ^
G:\Proyectos\Mods_Minecraft\the_sundering\neoforge\26.2\src\main\java\com\skd\thesundering\init\ModItems.java:525: warning: [removal] modify(ItemLike,Consumer<Builder>) in ModifyDefaultComponentsEvent has been deprecated and marked for removal
            event.modify((ItemLike)INFERNAL_FORGE.get(), builder -> AttributeUtils.mergeAttributes(builder, (Item)INFERNAL_FORGE.get(), PickaxeItem.createAttributes((Tier)Tooltier.MONSTROSITY, (float)(-4.0f + (float)CMCommonConfig.InfernalForge.attackDamage), (float)(-4.0f + (float)CMCommonConfig.InfernalForge.attackSpeed))));
                 ^
G:\Proyectos\Mods_Minecraft\the_sundering\neoforge\26.2\src\main\java\com\skd\thesundering\init\ModItems.java:526: warning: [removal] modify(ItemLike,Consumer<Builder>) in ModifyDefaultComponentsEvent has been deprecated and marked for removal
            event.modify((ItemLike)TIDAL_CLAWS.get(), builder -> AttributeUtils.mergeAttributes(builder, (Item)TIDAL_CLAWS.get(), Cataclysm_Weapon.createAttributes(-1.0f + (float)CMCommonConfig.TidalClaws.attackDamage, -4.0f + (float)CMCommonConfig.TidalClaws.attackSpeed, new AttributeContainer[0])));
                 ^
G:\Proyectos\Mods_Minecraft\the_sundering\neoforge\26.2\src\main\java\com\skd\thesundering\init\ModItems.java:527: warning: [removal] modify(ItemLike,Consumer<Builder>) in ModifyDefaultComponentsEvent has been deprecated and marked for removal
            event.modify((ItemLike)BRONTES.get(), builder -> AttributeUtils.mergeAttributes(builder, (Item)BRONTES.get(), PickaxeItem.createAttributes((Tier)Tooltier.MONSTROSITY, (float)(-4.0f + (float)CMCommonConfig.Brontes.attackDamage), (float)(-4.0f + (float)CMCommonConfig.Brontes.attackSpeed))));
                 ^
G:\Proyectos\Mods_Minecraft\the_sundering\neoforge\26.2\src\main\java\com\skd\thesundering\init\ModItems.java:528: warning: [removal] modify(ItemLike,Consumer<Builder>) in ModifyDefaultComponentsEvent has been deprecated and marked for removal
            event.modify((ItemLike)VOID_FORGE.get(), builder -> AttributeUtils.mergeAttributes(builder, (Item)VOID_FORGE.get(), PickaxeItem.createAttributes((Tier)Tooltier.MONSTROSITY, (float)(-4.0f + (float)CMCommonConfig.VoidForge.attackDamage), (float)(-4.0f + (float)CMCommonConfig.VoidForge.attackSpeed))));
                 ^
G:\Proyectos\Mods_Minecraft\the_sundering\neoforge\26.2\src\main\java\com\skd\thesundering\init\ModItems.java:529: warning: [removal] modify(ItemLike,Consumer<Builder>) in ModifyDefaultComponentsEvent has been deprecated and marked for removal
            event.modify((ItemLike)ANCIENT_SPEAR.get(), builder -> AttributeUtils.mergeAttributes(builder, (Item)ANCIENT_SPEAR.get(), Cataclysm_Weapon.createAttributes(-1.0f + (float)CMCommonConfig.AncientSpear.attackDamage, -4.0f + (float)CMCommonConfig.AncientSpear.attackSpeed, new AttributeContainer[0])));
                 ^
G:\Proyectos\Mods_Minecraft\the_sundering\neoforge\26.2\src\main\java\com\skd\thesundering\items\CuriosItem\CuriosItem.java:93: warning: [removal] addSlotModifier(Multimap<Holder<Attribute>,AttributeModifier>,String,Identifier,double,Operation) in CuriosApi has been deprecated and marked for removal
        CuriosApi.addSlotModifier((Multimap)modifiers, (String)slotId, (Identifier)id, (double)amount.intValue(), (AttributeModifier.Operation)AttributeModifier.Operation.ADD_VALUE);
                 ^
Note: Some input files use or override a deprecated API.
Note: Recompile with -Xlint:deprecation for details.
Note: Some input files use unchecked or unsafe operations.
Note: Recompile with -Xlint:unchecked for details.
Note: Some messages have been simplified; recompile with -Xdiags:verbose to get full output
5.000 errors
65 warnings

The Daemon will expire after the build after running out of JVM heap space.
The project memory settings are likely not configured or are configured to an insufficient value.
The daemon will restart for the next build, which may increase subsequent build times.
These settings can be adjusted by setting 'org.gradle.jvmargs' in 'gradle.properties'.
The currently configured max heap space is '12 GiB' and the configured max metaspace is '4 GiB'.
For more information on how to set these values, please refer to https://docs.gradle.org/9.2.1/userguide/build_environment.html#sec:configuring_jvm_memory in the Gradle documentation.
To disable this warning, set 'org.gradle.daemon.performance.disable-logging=true'.
Unexpected exception thrown.
org.gradle.internal.remote.internal.MessageIOException: Could not read message from '/127.0.0.1:57381'.
	at org.gradle.internal.remote.internal.inet.SocketConnection.receive(SocketConnection.java:96)
	at org.gradle.internal.remote.internal.hub.MessageHub$ConnectionReceive.run(MessageHub.java:270)
	at org.gradle.internal.concurrent.ExecutorPolicy$CatchAndRecordFailures.onExecute(ExecutorPolicy.java:64)
	at org.gradle.internal.concurrent.AbstractManagedExecutor$1.run(AbstractManagedExecutor.java:47)
	at java.base/java.util.concurrent.ThreadPoolExecutor.runWorker(ThreadPoolExecutor.java:1144)
	at java.base/java.util.concurrent.ThreadPoolExecutor$Worker.run(ThreadPoolExecutor.java:642)
	at java.base/java.lang.Thread.run(Thread.java:1583)
Caused by: java.lang.OutOfMemoryError: Java heap space

FAILURE: Build failed with an exception.

* What went wrong:
Gradle build daemon has been stopped: since the JVM garbage collector is thrashing

* Try:
> Run with --stacktrace option to get the stack trace.
> Run with --info or --debug option to get more log output.
> Run with --scan to generate a Build Scan (powered by Develocity).
> Get more help at https://help.gradle.org.
